Java HotSpot(TM) 64-Bit Server VM (25.291-b10) for bsd-amd64 JRE (1.8.0_291-b10), built on Apr  8 2021 02:17:24 by "java_re" with gcc 4.2.1 Compatible Apple LLVM 11.0.0 (clang-1100.0.33.17)
Memory: 4k page, physical 16777216k(53808k free)

/proc/meminfo:

CommandLine flags: -XX:InitialHeapSize=209715200 -XX:MaxHeapSize=209715200 -XX:MaxNewSize=104857600 -XX:MaxTenuringThreshold=15 -XX:NewSize=104857600 -XX:OldPLABSize=16 -XX:PretenureSizeThreshold=20971520 -XX:+PrintGC -XX:+PrintGCDetails -XX:+PrintGCTimeStamps -XX:SurvivorRatio=8 -XX:+UseCompressedClassPointers -XX:+UseCompressedOops -XX:+UseConcMarkSweepGC -XX:+UseParNewGC 
30.230: [GC (Allocation Failure) 30.230: [ParNew: 81511K->1075K(92160K), 0.0322526 secs] 81511K->31797K(194560K), 0.0330641 secs] [Times: user=0.15 sys=0.03, real=0.04 secs] 
31.284: [GC (Allocation Failure) 31.284: [ParNew: 74311K->1267K(92160K), 0.0125110 secs] 105033K->52471K(194560K), 0.0126369 secs] [Times: user=0.07 sys=0.01, real=0.01 secs] 
31.298: [GC (CMS Initial Mark) [1 CMS-initial-mark: 51204K(102400K)] 64350K(194560K), 0.0004753 secs] [Times: user=0.00 sys=0.00, real=0.00 secs] 
31.299: [CMS-concurrent-mark-start]
31.300: [CMS-concurrent-mark: 0.001/0.001 secs] [Times: user=0.00 sys=0.00, real=0.00 secs] 
31.300: [CMS-concurrent-preclean-start]
31.300: [CMS-concurrent-preclean: 0.000/0.000 secs] [Times: user=0.00 sys=0.00, real=0.00 secs] 
31.300: [CMS-concurrent-abortable-preclean-start]
32.312: [GC (Allocation Failure) 32.312: [ParNew: 76081K->1145K(92160K), 0.0063969 secs] 127286K->62590K(194560K), 0.0067438 secs] [Times: user=0.03 sys=0.00, real=0.00 secs] 
33.329: [GC (Allocation Failure) 33.329: [ParNew: 74347K->1507K(92160K), 0.0016907 secs] 135791K->62951K(194560K), 0.0018262 secs] [Times: user=0.00 sys=0.00, real=0.01 secs] 
33.435: [CMS-concurrent-abortable-preclean: 0.158/2.135 secs] [Times: user=0.19 sys=0.00, real=2.14 secs] 
33.436: [GC (CMS Final Remark) [YG occupancy: 44017 K (92160 K)]33.436: [Rescan (parallel) , 0.0007239 secs]33.437: [weak refs processing, 0.0000180 secs]33.437: [class unloading, 0.0024972 secs]33.439: [scrub symbol table, 0.0012528 secs]33.441: [scrub string table, 0.0002745 secs][1 CMS-remark: 61444K(102400K)] 105462K(194560K), 0.0049421 secs] [Times: user=0.01 sys=0.00, real=0.01 secs] 
33.441: [CMS-concurrent-sweep-start]
33.441: [CMS-concurrent-sweep: 0.000/0.000 secs] [Times: user=0.00 sys=0.00, real=0.00 secs] 
33.441: [CMS-concurrent-reset-start]
33.442: [CMS-concurrent-reset: 0.001/0.001 secs] [Times: user=0.00 sys=0.00, real=0.00 secs] 
34.344: [GC (Allocation Failure) 34.344: [ParNew: 74737K->1099K(92160K), 0.0110616 secs] 105462K->42063K(194560K), 0.0112036 secs] [Times: user=0.04 sys=0.00, real=0.01 secs] 
35.366: [GC (Allocation Failure) 35.366: [ParNew: 74348K->1455K(92160K), 0.0133612 secs] 115313K->52659K(194560K), 0.0135330 secs] [Times: user=0.06 sys=0.01, real=0.01 secs] 
36.389: [GC (Allocation Failure) 36.390: [ParNew: 74716K->1106K(92160K), 0.0065525 secs] 125921K->62552K(194560K), 0.0068971 secs] [Times: user=0.04 sys=0.00, real=0.01 secs] 
36.397: [GC (CMS Initial Mark) [1 CMS-initial-mark: 61446K(102400K)] 72792K(194560K), 0.0003445 secs] [Times: user=0.00 sys=0.00, real=0.00 secs] 
36.397: [CMS-concurrent-mark-start]
36.397: [CMS-concurrent-mark: 0.000/0.000 secs] [Times: user=0.00 sys=0.00, real=0.00 secs] 
36.397: [CMS-concurrent-preclean-start]
36.397: [CMS-concurrent-preclean: 0.000/0.000 secs] [Times: user=0.00 sys=0.00, real=0.00 secs] 
36.397: [CMS-concurrent-abortable-preclean-start]
37.402: [GC (Allocation Failure) 37.402: [ParNew: 74375K->1190K(92160K), 0.0014380 secs] 135821K->62636K(194560K), 0.0016220 secs] [Times: user=0.01 sys=0.00, real=0.00 secs] 
37.409: [GC (Allocation Failure) 37.409: [ParNew (promotion failed): 74464K->74633K(92160K), 0.0141673 secs]37.423: [CMS37.524: [CMS-concurrent-abortable-preclean: 0.066/1.126 secs] [Times: user=0.15 sys=0.01, real=1.13 secs] 
 (concurrent mode failure): 81926K->31594K(102400K), 0.1177615 secs] 135910K->31594K(194560K), [Metaspace: 3709K->3709K(1056768K)], 0.1320767 secs] [Times: user=0.08 sys=0.02, real=0.14 secs] 
38.546: [GC (Allocation Failure) 38.546: [ParNew: 73276K->0K(92160K), 0.0209667 secs] 104871K->52076K(194560K), 0.0210812 secs] [Times: user=0.11 sys=0.00, real=0.02 secs] 
38.567: [GC (CMS Initial Mark) [1 CMS-initial-mark: 52076K(102400K)] 62316K(194560K), 0.0001969 secs] [Times: user=0.00 sys=0.00, real=0.00 secs] 
38.568: [CMS-concurrent-mark-start]
38.568: [CMS-concurrent-mark: 0.001/0.001 secs] [Times: user=0.00 sys=0.00, real=0.00 secs] 
38.569: [CMS-concurrent-preclean-start]
38.569: [CMS-concurrent-preclean: 0.000/0.000 secs] [Times: user=0.00 sys=0.00, real=0.00 secs] 
38.569: [CMS-concurrent-abortable-preclean-start]
39.575: [GC (Allocation Failure) 39.575: [ParNew: 73279K->0K(92160K), 0.0050350 secs] 125355K->62316K(194560K), 0.0051193 secs] [Times: user=0.03 sys=0.01, real=0.00 secs] 
40.588: [GC (Allocation Failure) 40.588: [ParNew: 73280K->0K(92160K), 0.0004258 secs] 135597K->62316K(194560K), 0.0005123 secs] [Times: user=0.00 sys=0.00, real=0.00 secs] 
40.796: [CMS-concurrent-abortable-preclean: 0.004/2.228 secs] [Times: user=0.04 sys=0.01, real=2.23 secs] 
40.796: [GC (CMS Final Remark) [YG occupancy: 42561 K (92160 K)]40.796: [Rescan (parallel) , 0.0002844 secs]40.797: [weak refs processing, 0.0000123 secs]40.797: [class unloading, 0.0003427 secs]40.797: [scrub symbol table, 0.0003235 secs]40.797: [scrub string table, 0.0001484 secs][1 CMS-remark: 62316K(102400K)] 104877K(194560K), 0.0011878 secs] [Times: user=0.00 sys=0.00, real=0.00 secs] 
40.798: [CMS-concurrent-sweep-start]
40.798: [CMS-concurrent-sweep: 0.000/0.000 secs] [Times: user=0.00 sys=0.00, real=0.00 secs] 
40.798: [CMS-concurrent-reset-start]
40.798: [CMS-concurrent-reset: 0.000/0.000 secs] [Times: user=0.00 sys=0.00, real=0.00 secs] 
41.597: [GC (Allocation Failure) 41.597: [ParNew: 73281K->0K(92160K), 0.0020421 secs] 104877K->41838K(194560K), 0.0021837 secs] [Times: user=0.00 sys=0.00, real=0.00 secs] 
42.604: [GC (Allocation Failure) 42.604: [ParNew: 73281K->0K(92160K), 0.0010578 secs] 115120K->52078K(194560K), 0.0011612 secs] [Times: user=0.00 sys=0.00, real=0.00 secs] 
43.609: [GC (Allocation Failure) 43.609: [ParNew: 73282K->0K(92160K), 0.0045345 secs] 125360K->62318K(194560K), 0.0049646 secs] [Times: user=0.02 sys=0.00, real=0.01 secs] 
43.614: [GC (CMS Initial Mark) [1 CMS-initial-mark: 62318K(102400K)] 72558K(194560K), 0.0001675 secs] [Times: user=0.00 sys=0.00, real=0.00 secs] 
43.615: [CMS-concurrent-mark-start]
43.616: [CMS-concurrent-mark: 0.002/0.002 secs] [Times: user=0.00 sys=0.00, real=0.00 secs] 
43.616: [CMS-concurrent-preclean-start]
43.617: [CMS-concurrent-preclean: 0.000/0.000 secs] [Times: user=0.00 sys=0.00, real=0.00 secs] 
43.617: [CMS-concurrent-abortable-preclean-start]
44.621: [GC (Allocation Failure) 44.621: [ParNew: 73282K->0K(92160K), 0.0031328 secs] 135601K->62318K(194560K), 0.0032306 secs] [Times: user=0.00 sys=0.00, real=0.00 secs] 
44.628: [GC (Allocation Failure) 44.629: [ParNew (promotion failed): 73282K->73282K(92160K), 0.0031812 secs]44.632: [CMS44.632: [CMS-concurrent-abortable-preclean: 0.002/1.015 secs] [Times: user=0.04 sys=0.01, real=1.02 secs] 
 (concurrent mode failure): 82798K->31594K(102400K), 0.0055812 secs] 135601K->31594K(194560K), [Metaspace: 3709K->3709K(1056768K)], 0.0088952 secs] [Times: user=0.02 sys=0.01, real=0.01 secs] 
45.646: [GC (Allocation Failure) 45.646: [ParNew: 73282K->0K(92160K), 0.0018393 secs] 104877K->52076K(194560K), 0.0019810 secs] [Times: user=0.01 sys=0.00, real=0.00 secs] 
45.648: [GC (CMS Initial Mark) [1 CMS-initial-mark: 52076K(102400K)] 62316K(194560K), 0.0001992 secs] [Times: user=0.00 sys=0.00, real=0.00 secs] 
45.649: [CMS-concurrent-mark-start]
45.650: [CMS-concurrent-mark: 0.001/0.001 secs] [Times: user=0.00 sys=0.00, real=0.01 secs] 
45.650: [CMS-concurrent-preclean-start]
45.650: [CMS-concurrent-preclean: 0.000/0.000 secs] [Times: user=0.00 sys=0.00, real=0.00 secs] 
45.650: [CMS-concurrent-abortable-preclean-start]
46.652: [GC (Allocation Failure) 46.652: [ParNew: 73282K->0K(92160K), 0.0009884 secs] 125359K->62318K(194560K), 0.0011308 secs] [Times: user=0.00 sys=0.00, real=0.00 secs] 
47.661: [GC (Allocation Failure) 47.661: [ParNew: 73282K->0K(92160K), 0.0005561 secs] 135601K->62318K(194560K), 0.0006578 secs] [Times: user=0.00 sys=0.00, real=0.00 secs] 
47.870: [CMS-concurrent-abortable-preclean: 0.007/2.219 secs] [Times: user=0.03 sys=0.00, real=2.21 secs] 
47.870: [GC (CMS Final Remark) [YG occupancy: 42562 K (92160 K)]47.870: [Rescan (parallel) , 0.0003998 secs]47.871: [weak refs processing, 0.0000172 secs]47.871: [class unloading, 0.0004633 secs]47.871: [scrub symbol table, 0.0005285 secs]47.872: [scrub string table, 0.0002469 secs][1 CMS-remark: 62318K(102400K)] 104881K(194560K), 0.0017568 secs] [Times: user=0.00 sys=0.00, real=0.01 secs] 
47.872: [CMS-concurrent-sweep-start]
47.872: [CMS-concurrent-sweep: 0.001/0.001 secs] [Times: user=0.00 sys=0.00, real=0.00 secs] 
47.873: [CMS-concurrent-reset-start]
47.873: [CMS-concurrent-reset: 0.000/0.000 secs] [Times: user=0.00 sys=0.00, real=0.00 secs] 
48.670: [GC (Allocation Failure) 48.670: [ParNew: 73282K->0K(92160K), 0.0016685 secs] 104881K->41838K(194560K), 0.0017580 secs] [Times: user=0.01 sys=0.00, real=0.00 secs] 
49.676: [GC (Allocation Failure) 49.676: [ParNew: 73282K->0K(92160K), 0.0009695 secs] 115121K->52078K(194560K), 0.0014797 secs] [Times: user=0.01 sys=0.00, real=0.00 secs] 
50.682: [GC (Allocation Failure) 50.682: [ParNew: 73282K->0K(92160K), 0.0009196 secs] 125361K->62318K(194560K), 0.0010413 secs] [Times: user=0.00 sys=0.00, real=0.00 secs] 
50.684: [GC (CMS Initial Mark) [1 CMS-initial-mark: 62318K(102400K)] 72558K(194560K), 0.0001557 secs] [Times: user=0.00 sys=0.00, real=0.00 secs] 
50.684: [CMS-concurrent-mark-start]
50.685: [CMS-concurrent-mark: 0.001/0.001 secs] [Times: user=0.00 sys=0.00, real=0.00 secs] 
50.685: [CMS-concurrent-preclean-start]
50.686: [CMS-concurrent-preclean: 0.000/0.000 secs] [Times: user=0.00 sys=0.00, real=0.00 secs] 
50.686: [CMS-concurrent-abortable-preclean-start]
51.692: [GC (Allocation Failure) 51.692: [ParNew: 73282K->0K(92160K), 0.0006371 secs] 135601K->62318K(194560K), 0.0007605 secs] [Times: user=0.01 sys=0.00, real=0.00 secs] 
51.697: [GC (Allocation Failure) 51.697: [ParNew: 73282K->0K(92160K), 0.0029854 secs] 135601K->93038K(194560K), 0.0030821 secs] [Times: user=0.02 sys=0.00, real=0.00 secs] 
51.700: [CMS-concurrent-abortable-preclean: 0.004/1.014 secs] [Times: user=0.03 sys=0.00, real=1.01 secs] 
51.700: [GC (CMS Final Remark) [YG occupancy: 10240 K (92160 K)]51.701: [Rescan (parallel) , 0.0002316 secs]51.701: [weak refs processing, 0.0000135 secs]51.701: [class unloading, 0.0003430 secs]51.701: [scrub symbol table, 0.0003856 secs]51.702: [scrub string table, 0.0001735 secs][1 CMS-remark: 93038K(102400K)] 103278K(194560K), 0.0012327 secs] [Times: user=0.00 sys=0.00, real=0.00 secs] 
51.702: [CMS-concurrent-sweep-start]
51.702: [CMS-concurrent-sweep: 0.000/0.000 secs] [Times: user=0.00 sys=0.00, real=0.00 secs] 
51.702: [CMS-concurrent-reset-start]
51.702: [CMS-concurrent-reset: 0.000/0.000 secs] [Times: user=0.00 sys=0.00, real=0.00 secs] 
52.707: [GC (Allocation Failure) 52.707: [ParNew: 73282K->0K(92160K), 0.0016060 secs] 115121K->62318K(194560K), 0.0017358 secs] [Times: user=0.02 sys=0.00, real=0.00 secs] 
52.710: [GC (CMS Initial Mark) [1 CMS-initial-mark: 62318K(102400K)] 72558K(194560K), 0.0001701 secs] [Times: user=0.00 sys=0.00, real=0.00 secs] 
52.710: [CMS-concurrent-mark-start]
52.712: [CMS-concurrent-mark: 0.002/0.002 secs] [Times: user=0.00 sys=0.00, real=0.01 secs] 
52.712: [CMS-concurrent-preclean-start]
52.712: [CMS-concurrent-preclean: 0.000/0.000 secs] [Times: user=0.00 sys=0.00, real=0.00 secs] 
52.712: [CMS-concurrent-abortable-preclean-start]
53.716: [GC (Allocation Failure) 53.716: [ParNew: 73282K->0K(92160K), 0.0012110 secs] 135601K->72558K(194560K), 0.0013542 secs] [Times: user=0.00 sys=0.00, real=0.00 secs] 
54.722: [GC (Allocation Failure) 54.722: [ParNew: 73282K->0K(92160K), 0.0004359 secs] 145841K->72558K(194560K), 0.0005181 secs] [Times: user=0.00 sys=0.01, real=0.00 secs] 
54.933: [CMS-concurrent-abortable-preclean: 0.007/2.220 secs] [Times: user=0.03 sys=0.01, real=2.22 secs] 
54.933: [GC (CMS Final Remark) [YG occupancy: 42562 K (92160 K)]54.933: [Rescan (parallel) , 0.0003435 secs]54.933: [weak refs processing, 0.0000233 secs]54.933: [class unloading, 0.0008868 secs]54.934: [scrub symbol table, 0.0006976 secs]54.935: [scrub string table, 0.0003092 secs][1 CMS-remark: 72558K(102400K)] 115121K(194560K), 0.0024313 secs] [Times: user=0.00 sys=0.00, real=0.00 secs] 
54.935: [CMS-concurrent-sweep-start]
54.936: [CMS-concurrent-sweep: 0.001/0.001 secs] [Times: user=0.00 sys=0.00, real=0.00 secs] 
54.936: [CMS-concurrent-reset-start]
54.936: [CMS-concurrent-reset: 0.000/0.000 secs] [Times: user=0.00 sys=0.00, real=0.00 secs] 
55.728: [GC (Allocation Failure) 55.728: [ParNew: 73282K->0K(92160K), 0.0011411 secs] 104881K->41838K(194560K), 0.0012581 secs] [Times: user=0.01 sys=0.00, real=0.00 secs] 
56.734: [GC (Allocation Failure) 56.735: [ParNew: 73282K->0K(92160K), 0.0012470 secs] 115121K->52078K(194560K), 0.0017060 secs] [Times: user=0.01 sys=0.00, real=0.00 secs] 
57.740: [GC (Allocation Failure) 57.741: [ParNew: 73282K->0K(92160K), 0.0013065 secs] 125361K->62318K(194560K), 0.0014340 secs] [Times: user=0.01 sys=0.00, real=0.00 secs] 
57.743: [GC (CMS Initial Mark) [1 CMS-initial-mark: 62318K(102400K)] 72558K(194560K), 0.0003307 secs] [Times: user=0.00 sys=0.00, real=0.00 secs] 
57.743: [CMS-concurrent-mark-start]
57.745: [CMS-concurrent-mark: 0.002/0.002 secs] [Times: user=0.00 sys=0.00, real=0.00 secs] 
57.745: [CMS-concurrent-preclean-start]
57.746: [CMS-concurrent-preclean: 0.000/0.000 secs] [Times: user=0.00 sys=0.00, real=0.00 secs] 
57.746: [CMS-concurrent-abortable-preclean-start]
58.748: [GC (Allocation Failure) 58.748: [ParNew: 73282K->0K(92160K), 0.0006380 secs] 135601K->62318K(194560K), 0.0007425 secs] [Times: user=0.00 sys=0.00, real=0.00 secs] 
58.753: [GC (Allocation Failure) 58.753: [ParNew: 73282K->0K(92160K), 0.0024435 secs] 135601K->93038K(194560K), 0.0025370 secs] [Times: user=0.02 sys=0.00, real=0.00 secs] 
58.756: [CMS-concurrent-abortable-preclean: 0.005/1.010 secs] [Times: user=0.04 sys=0.00, real=1.01 secs] 
58.756: [GC (CMS Final Remark) [YG occupancy: 10240 K (92160 K)]58.756: [Rescan (parallel) , 0.0002140 secs]58.756: [weak refs processing, 0.0000127 secs]58.756: [class unloading, 0.0003518 secs]58.757: [scrub symbol table, 0.0003977 secs]58.757: [scrub string table, 0.0001721 secs][1 CMS-remark: 93038K(102400K)] 103278K(194560K), 0.0012349 secs] [Times: user=0.00 sys=0.00, real=0.00 secs] 
58.757: [CMS-concurrent-sweep-start]
58.758: [CMS-concurrent-sweep: 0.000/0.000 secs] [Times: user=0.00 sys=0.00, real=0.00 secs] 
58.758: [CMS-concurrent-reset-start]
58.758: [CMS-concurrent-reset: 0.000/0.000 secs] [Times: user=0.00 sys=0.00, real=0.00 secs] 
59.766: [GC (Allocation Failure) 59.766: [ParNew: 73282K->0K(92160K), 0.0017507 secs] 115121K->62318K(194560K), 0.0018767 secs] [Times: user=0.01 sys=0.00, real=0.00 secs] 
59.769: [GC (CMS Initial Mark) [1 CMS-initial-mark: 62318K(102400K)] 72558K(194560K), 0.0001561 secs] [Times: user=0.00 sys=0.00, real=0.00 secs] 
59.769: [CMS-concurrent-mark-start]
59.771: [CMS-concurrent-mark: 0.002/0.002 secs] [Times: user=0.01 sys=0.00, real=0.01 secs] 
59.771: [CMS-concurrent-preclean-start]
59.771: [CMS-concurrent-preclean: 0.000/0.000 secs] [Times: user=0.00 sys=0.00, real=0.00 secs] 
59.771: [CMS-concurrent-abortable-preclean-start]
60.774: [GC (Allocation Failure) 60.774: [ParNew: 73282K->0K(92160K), 0.0012044 secs] 135601K->72558K(194560K), 0.0013495 secs] [Times: user=0.00 sys=0.00, real=0.00 secs] 
61.780: [GC (Allocation Failure) 61.780: [ParNew: 73282K->0K(92160K), 0.0008166 secs] 145841K->72558K(194560K), 0.0009218 secs] [Times: user=0.00 sys=0.01, real=0.01 secs] 
61.984: [CMS-concurrent-abortable-preclean: 0.009/2.213 secs] [Times: user=0.03 sys=0.01, real=2.21 secs] 
61.984: [GC (CMS Final Remark) [YG occupancy: 42562 K (92160 K)]61.984: [Rescan (parallel) , 0.0003822 secs]61.985: [weak refs processing, 0.0000211 secs]61.985: [class unloading, 0.0006967 secs]61.985: [scrub symbol table, 0.0006457 secs]61.986: [scrub string table, 0.0002374 secs][1 CMS-remark: 72558K(102400K)] 115121K(194560K), 0.0021334 secs] [Times: user=0.00 sys=0.00, real=0.00 secs] 
61.986: [CMS-concurrent-sweep-start]
61.987: [CMS-concurrent-sweep: 0.000/0.000 secs] [Times: user=0.00 sys=0.00, real=0.00 secs] 
61.987: [CMS-concurrent-reset-start]
61.987: [CMS-concurrent-reset: 0.000/0.000 secs] [Times: user=0.00 sys=0.00, real=0.00 secs] 
62.791: [GC (Allocation Failure) 62.791: [ParNew: 73282K->0K(92160K), 0.0012067 secs] 104881K->41838K(194560K), 0.0017040 secs] [Times: user=0.01 sys=0.00, real=0.00 secs] 
63.797: [GC (Allocation Failure) 63.797: [ParNew: 73282K->0K(92160K), 0.0008475 secs] 115121K->52080K(194560K), 0.0009518 secs] [Times: user=0.01 sys=0.00, real=0.00 secs] 
64.803: [GC (Allocation Failure) 64.803: [ParNew: 73282K->0K(92160K), 0.0007510 secs] 125363K->62320K(194560K), 0.0008580 secs] [Times: user=0.00 sys=0.00, real=0.00 secs] 
64.804: [GC (CMS Initial Mark) [1 CMS-initial-mark: 62320K(102400K)] 72560K(194560K), 0.0001640 secs] [Times: user=0.00 sys=0.00, real=0.00 secs] 
64.805: [CMS-concurrent-mark-start]
64.806: [CMS-concurrent-mark: 0.001/0.001 secs] [Times: user=0.00 sys=0.00, real=0.00 secs] 
64.806: [CMS-concurrent-preclean-start]
64.806: [CMS-concurrent-preclean: 0.000/0.000 secs] [Times: user=0.00 sys=0.00, real=0.00 secs] 
64.806: [CMS-concurrent-abortable-preclean-start]
65.810: [GC (Allocation Failure) 65.810: [ParNew: 73282K->0K(92160K), 0.0004380 secs] 135603K->62320K(194560K), 0.0005173 secs] [Times: user=0.00 sys=0.00, real=0.01 secs] 
65.813: [GC (Allocation Failure) 65.813: [ParNew (promotion failed): 73282K->73282K(92160K), 0.0021645 secs]65.816: [CMS65.816: [CMS-concurrent-abortable-preclean: 0.003/1.010 secs] [Times: user=0.02 sys=0.00, real=1.01 secs] 
 (concurrent mode failure): 82800K->31594K(102400K), 0.0046805 secs] 135603K->31594K(194560K), [Metaspace: 3709K->3709K(1056768K)], 0.0070105 secs] [Times: user=0.01 sys=0.00, real=0.01 secs] 
66.825: [GC (Allocation Failure) 66.825: [ParNew: 73282K->0K(92160K), 0.0017078 secs] 104877K->52076K(194560K), 0.0018457 secs] [Times: user=0.01 sys=0.00, real=0.00 secs] 
66.827: [GC (CMS Initial Mark) [1 CMS-initial-mark: 52076K(102400K)] 62316K(194560K), 0.0001542 secs] [Times: user=0.00 sys=0.00, real=0.00 secs] 
66.827: [CMS-concurrent-mark-start]
66.829: [CMS-concurrent-mark: 0.001/0.001 secs] [Times: user=0.01 sys=0.00, real=0.00 secs] 
66.829: [CMS-concurrent-preclean-start]
66.829: [CMS-concurrent-preclean: 0.000/0.000 secs] [Times: user=0.00 sys=0.00, real=0.00 secs] 
66.829: [CMS-concurrent-abortable-preclean-start]
67.832: [GC (Allocation Failure) 67.832: [ParNew: 73282K->0K(92160K), 0.0007502 secs] 125359K->62316K(194560K), 0.0008535 secs] [Times: user=0.01 sys=0.00, real=0.00 secs] 
68.841: [GC (Allocation Failure) 68.841: [ParNew: 73282K->0K(92160K), 0.0004388 secs] 135599K->62316K(194560K), 0.0005422 secs] [Times: user=0.01 sys=0.00, real=0.00 secs] 
69.043: [CMS-concurrent-abortable-preclean: 0.007/2.214 secs] [Times: user=0.02 sys=0.00, real=2.22 secs] 
69.043: [GC (CMS Final Remark) [YG occupancy: 42562 K (92160 K)]69.043: [Rescan (parallel) , 0.0002980 secs]69.044: [weak refs processing, 0.0000151 secs]69.044: [class unloading, 0.0003108 secs]69.044: [scrub symbol table, 0.0003731 secs]69.044: [scrub string table, 0.0001680 secs][1 CMS-remark: 62316K(102400K)] 104879K(194560K), 0.0012539 secs] [Times: user=0.00 sys=0.00, real=0.00 secs] 
69.045: [CMS-concurrent-sweep-start]
69.045: [CMS-concurrent-sweep: 0.000/0.000 secs] [Times: user=0.00 sys=0.00, real=0.00 secs] 
69.045: [CMS-concurrent-reset-start]
69.045: [CMS-concurrent-reset: 0.000/0.000 secs] [Times: user=0.00 sys=0.00, real=0.00 secs] 
69.846: [GC (Allocation Failure) 69.847: [ParNew: 73282K->0K(92160K), 0.0012404 secs] 104879K->41838K(194560K), 0.0017450 secs] [Times: user=0.01 sys=0.00, real=0.00 secs] 
70.852: [GC (Allocation Failure) 70.852: [ParNew: 73282K->0K(92160K), 0.0009658 secs] 115121K->52080K(194560K), 0.0010704 secs] [Times: user=0.00 sys=0.00, real=0.00 secs] 
71.864: [GC (Allocation Failure) 71.864: [ParNew: 73282K->0K(92160K), 0.0011888 secs] 125363K->62320K(194560K), 0.0013159 secs] [Times: user=0.00 sys=0.00, real=0.00 secs] 
71.868: [GC (CMS Initial Mark) [1 CMS-initial-mark: 62320K(102400K)] 72560K(194560K), 0.0001928 secs] [Times: user=0.00 sys=0.00, real=0.00 secs] 
71.868: [CMS-concurrent-mark-start]
71.870: [CMS-concurrent-mark: 0.002/0.002 secs] [Times: user=0.01 sys=0.00, real=0.00 secs] 
71.870: [CMS-concurrent-preclean-start]
71.870: [CMS-concurrent-preclean: 0.000/0.000 secs] [Times: user=0.00 sys=0.00, real=0.00 secs] 
71.870: [CMS-concurrent-abortable-preclean-start]
72.887: [GC (Allocation Failure) 72.887: [ParNew: 73282K->0K(92160K), 0.0008065 secs] 135603K->62320K(194560K), 0.0009285 secs] [Times: user=0.00 sys=0.00, real=0.00 secs] 
72.894: [GC (Allocation Failure) 72.894: [ParNew (promotion failed): 73282K->73282K(92160K), 0.0023235 secs]72.896: [CMS72.896: [CMS-concurrent-abortable-preclean: 0.004/1.026 secs] [Times: user=0.03 sys=0.01, real=1.03 secs] 
 (concurrent mode failure): 82800K->31594K(102400K), 0.0075699 secs] 135603K->31594K(194560K), [Metaspace: 3709K->3709K(1056768K)], 0.0100287 secs] [Times: user=0.02 sys=0.00, real=0.01 secs] 
73.914: [GC (Allocation Failure) 73.914: [ParNew: 73282K->0K(92160K), 0.0026977 secs] 104877K->52076K(194560K), 0.0028297 secs] [Times: user=0.02 sys=0.00, real=0.00 secs] 
73.917: [GC (CMS Initial Mark) [1 CMS-initial-mark: 52076K(102400K)] 62316K(194560K), 0.0002245 secs] [Times: user=0.00 sys=0.00, real=0.00 secs] 
73.918: [CMS-concurrent-mark-start]
73.920: [CMS-concurrent-mark: 0.002/0.002 secs] [Times: user=0.00 sys=0.00, real=0.00 secs] 
73.920: [CMS-concurrent-preclean-start]
73.920: [CMS-concurrent-preclean: 0.000/0.000 secs] [Times: user=0.00 sys=0.00, real=0.00 secs] 
73.920: [CMS-concurrent-abortable-preclean-start]
74.925: [GC (Allocation Failure) 74.925: [ParNew: 73282K->0K(92160K), 0.0013638 secs] 125359K->62318K(194560K), 0.0014865 secs] [Times: user=0.01 sys=0.00, real=0.00 secs] 
75.934: [GC (Allocation Failure) 75.934: [ParNew: 73282K->0K(92160K), 0.0005538 secs] 135601K->62318K(194560K), 0.0006441 secs] [Times: user=0.00 sys=0.00, real=0.00 secs] 
76.145: [CMS-concurrent-abortable-preclean: 0.008/2.225 secs] [Times: user=0.03 sys=0.00, real=2.23 secs] 
76.145: [GC (CMS Final Remark) [YG occupancy: 42562 K (92160 K)]76.145: [Rescan (parallel) , 0.0004313 secs]76.146: [weak refs processing, 0.0000256 secs]76.146: [class unloading, 0.0017991 secs]76.148: [scrub symbol table, 0.0010955 secs]76.149: [scrub string table, 0.0003147 secs][1 CMS-remark: 62318K(102400K)] 104881K(194560K), 0.0039396 secs] [Times: user=0.01 sys=0.00, real=0.00 secs] 
76.149: [CMS-concurrent-sweep-start]
76.150: [CMS-concurrent-sweep: 0.001/0.001 secs] [Times: user=0.00 sys=0.00, real=0.00 secs] 
76.150: [CMS-concurrent-reset-start]
76.150: [CMS-concurrent-reset: 0.000/0.000 secs] [Times: user=0.00 sys=0.00, real=0.00 secs] 
76.941: [GC (Allocation Failure) 76.941: [ParNew: 73282K->0K(92160K), 0.0032643 secs] 104881K->41838K(194560K), 0.0033651 secs] [Times: user=0.02 sys=0.00, real=0.00 secs] 
77.954: [GC (Allocation Failure) 77.954: [ParNew: 73282K->0K(92160K), 0.0042471 secs] 115121K->52078K(194560K), 0.0044230 secs] [Times: user=0.02 sys=0.01, real=0.00 secs] 
78.969: [GC (Allocation Failure) 78.969: [ParNew: 73282K->0K(92160K), 0.0044831 secs] 125361K->62320K(194560K), 0.0047163 secs] [Times: user=0.02 sys=0.00, real=0.01 secs] 
78.975: [GC (CMS Initial Mark) [1 CMS-initial-mark: 62320K(102400K)] 72560K(194560K), 0.0002701 secs] [Times: user=0.00 sys=0.00, real=0.00 secs] 
78.975: [CMS-concurrent-mark-start]
78.978: [CMS-concurrent-mark: 0.003/0.003 secs] [Times: user=0.01 sys=0.00, real=0.00 secs] 
78.978: [CMS-concurrent-preclean-start]
78.979: [CMS-concurrent-preclean: 0.000/0.000 secs] [Times: user=0.00 sys=0.00, real=0.00 secs] 
78.979: [CMS-concurrent-abortable-preclean-start]
79.983: [GC (Allocation Failure) 79.983: [ParNew: 73282K->0K(92160K), 0.0004852 secs] 135603K->62320K(194560K), 0.0005692 secs] [Times: user=0.00 sys=0.00, real=0.00 secs] 
79.986: [GC (Allocation Failure) 79.986: [ParNew (promotion failed): 73282K->73282K(92160K), 0.0050257 secs]79.991: [CMS79.991: [CMS-concurrent-abortable-preclean: 0.004/1.013 secs] [Times: user=0.04 sys=0.00, real=1.02 secs] 
 (concurrent mode failure): 82800K->31594K(102400K), 0.0059539 secs] 135603K->31594K(194560K), [Metaspace: 3709K->3709K(1056768K)], 0.0111085 secs] [Times: user=0.04 sys=0.01, real=0.01 secs] 
81.007: [GC (Allocation Failure) 81.007: [ParNew: 73282K->0K(92160K), 0.0062428 secs] 104877K->52076K(194560K), 0.0063685 secs] [Times: user=0.05 sys=0.00, real=0.01 secs] 
81.014: [GC (CMS Initial Mark) [1 CMS-initial-mark: 52076K(102400K)] 62316K(194560K), 0.0001884 secs] [Times: user=0.00 sys=0.00, real=0.00 secs] 
81.015: [CMS-concurrent-mark-start]
81.016: [CMS-concurrent-mark: 0.002/0.002 secs] [Times: user=0.00 sys=0.00, real=0.00 secs] 
81.016: [CMS-concurrent-preclean-start]
81.017: [CMS-concurrent-preclean: 0.000/0.000 secs] [Times: user=0.00 sys=0.00, real=0.00 secs] 
81.017: [CMS-concurrent-abortable-preclean-start]
82.024: [GC (Allocation Failure) 82.025: [ParNew: 73282K->0K(92160K), 0.0041015 secs] 125359K->62316K(194560K), 0.0046343 secs] [Times: user=0.02 sys=0.00, real=0.00 secs] 
83.039: [GC (Allocation Failure) 83.039: [ParNew: 73282K->0K(92160K), 0.0005410 secs] 135599K->62316K(194560K), 0.0006637 secs] [Times: user=0.01 sys=0.00, real=0.00 secs] 
83.248: [CMS-concurrent-abortable-preclean: 0.007/2.232 secs] [Times: user=0.05 sys=0.00, real=2.23 secs] 
83.249: [GC (CMS Final Remark) [YG occupancy: 42562 K (92160 K)]83.249: [Rescan (parallel) , 0.0004610 secs]83.249: [weak refs processing, 0.0000246 secs]83.249: [class unloading, 0.0012408 secs]83.250: [scrub symbol table, 0.0015446 secs]83.252: [scrub string table, 0.0003336 secs][1 CMS-remark: 62316K(102400K)] 104879K(194560K), 0.0037478 secs] [Times: user=0.00 sys=0.00, real=0.01 secs] 
83.252: [CMS-concurrent-sweep-start]
83.253: [CMS-concurrent-sweep: 0.000/0.000 secs] [Times: user=0.00 sys=0.00, real=0.00 secs] 
83.253: [CMS-concurrent-reset-start]
83.253: [CMS-concurrent-reset: 0.000/0.000 secs] [Times: user=0.00 sys=0.00, real=0.00 secs] 
84.045: [GC (Allocation Failure) 84.045: [ParNew: 73282K->0K(92160K), 0.0009673 secs] 104879K->41836K(194560K), 0.0010906 secs] [Times: user=0.00 sys=0.01, real=0.00 secs] 
85.054: [GC (Allocation Failure) 85.055: [ParNew: 73282K->0K(92160K), 0.0023653 secs] 115119K->52078K(194560K), 0.0026171 secs] [Times: user=0.00 sys=0.00, real=0.00 secs] 
86.066: [GC (Allocation Failure) 86.066: [ParNew: 73282K->0K(92160K), 0.0018777 secs] 125361K->62318K(194560K), 0.0019961 secs] [Times: user=0.01 sys=0.00, real=0.00 secs] 
86.069: [GC (CMS Initial Mark) [1 CMS-initial-mark: 62318K(102400K)] 72558K(194560K), 0.0001734 secs] [Times: user=0.00 sys=0.00, real=0.00 secs] 
86.069: [CMS-concurrent-mark-start]
86.071: [CMS-concurrent-mark: 0.002/0.002 secs] [Times: user=0.01 sys=0.00, real=0.01 secs] 
86.071: [CMS-concurrent-preclean-start]
86.071: [CMS-concurrent-preclean: 0.000/0.000 secs] [Times: user=0.00 sys=0.00, real=0.00 secs] 
86.071: [CMS-concurrent-abortable-preclean-start]
87.073: [GC (Allocation Failure) 87.073: [ParNew: 73282K->0K(92160K), 0.0006470 secs] 135601K->62318K(194560K), 0.0007727 secs] [Times: user=0.00 sys=0.00, real=0.00 secs] 
87.078: [GC (Allocation Failure) 87.078: [ParNew (promotion failed): 73282K->73282K(92160K), 0.0041772 secs]87.082: [CMS87.082: [CMS-concurrent-abortable-preclean: 0.002/1.011 secs] [Times: user=0.03 sys=0.00, real=1.01 secs] 
 (concurrent mode failure): 82798K->31594K(102400K), 0.0061948 secs] 135601K->31594K(194560K), [Metaspace: 3709K->3709K(1056768K)], 0.0106546 secs] [Times: user=0.02 sys=0.00, real=0.01 secs] 
88.093: [GC (Allocation Failure) 88.093: [ParNew: 73282K->0K(92160K), 0.0027450 secs] 104877K->52076K(194560K), 0.0032162 secs] [Times: user=0.01 sys=0.00, real=0.00 secs] 
88.097: [GC (CMS Initial Mark) [1 CMS-initial-mark: 52076K(102400K)] 62316K(194560K), 0.0001631 secs] [Times: user=0.00 sys=0.00, real=0.00 secs] 
88.097: [CMS-concurrent-mark-start]
88.098: [CMS-concurrent-mark: 0.001/0.001 secs] [Times: user=0.00 sys=0.00, real=0.00 secs] 
88.098: [CMS-concurrent-preclean-start]
88.098: [CMS-concurrent-preclean: 0.000/0.000 secs] [Times: user=0.00 sys=0.00, real=0.00 secs] 
88.098: [CMS-concurrent-abortable-preclean-start]
89.104: [GC (Allocation Failure) 89.104: [ParNew: 73282K->0K(92160K), 0.0010328 secs] 125359K->62318K(194560K), 0.0010978 secs] [Times: user=0.00 sys=0.00, real=0.00 secs] 
90.108: [GC (Allocation Failure) 90.108: [ParNew: 73282K->0K(92160K), 0.0003090 secs] 135601K->62318K(194560K), 0.0003667 secs] [Times: user=0.00 sys=0.00, real=0.00 secs] 
90.312: [CMS-concurrent-abortable-preclean: 0.003/2.214 secs] [Times: user=0.02 sys=0.00, real=2.22 secs] 
90.312: [GC (CMS Final Remark) [YG occupancy: 42562 K (92160 K)]90.312: [Rescan (parallel) , 0.0002174 secs]90.312: [weak refs processing, 0.0000075 secs]90.312: [class unloading, 0.0002299 secs]90.312: [scrub symbol table, 0.0002320 secs]90.313: [scrub string table, 0.0000983 secs][1 CMS-remark: 62318K(102400K)] 104881K(194560K), 0.0008320 secs] [Times: user=0.00 sys=0.00, real=0.00 secs] 
90.313: [CMS-concurrent-sweep-start]
90.313: [CMS-concurrent-sweep: 0.000/0.000 secs] [Times: user=0.00 sys=0.00, real=0.00 secs] 
90.313: [CMS-concurrent-reset-start]
90.313: [CMS-concurrent-reset: 0.000/0.000 secs] [Times: user=0.00 sys=0.00, real=0.00 secs] 
91.113: [GC (Allocation Failure) 91.113: [ParNew: 73282K->0K(92160K), 0.0011285 secs] 104881K->41838K(194560K), 0.0012365 secs] [Times: user=0.01 sys=0.00, real=0.00 secs] 
92.121: [GC (Allocation Failure) 92.121: [ParNew: 73282K->0K(92160K), 0.0009350 secs] 115121K->52078K(194560K), 0.0010257 secs] [Times: user=0.01 sys=0.00, real=0.00 secs] 
93.128: [GC (Allocation Failure) 93.128: [ParNew: 73282K->0K(92160K), 0.0012556 secs] 125361K->62320K(194560K), 0.0013807 secs] [Times: user=0.00 sys=0.00, real=0.00 secs] 
93.131: [GC (CMS Initial Mark) [1 CMS-initial-mark: 62320K(102400K)] 72560K(194560K), 0.0001511 secs] [Times: user=0.01 sys=0.00, real=0.00 secs] 
93.131: [CMS-concurrent-mark-start]
93.133: [CMS-concurrent-mark: 0.002/0.002 secs] [Times: user=0.00 sys=0.00, real=0.00 secs] 
93.133: [CMS-concurrent-preclean-start]
93.133: [CMS-concurrent-preclean: 0.000/0.000 secs] [Times: user=0.00 sys=0.00, real=0.00 secs] 
93.133: [CMS-concurrent-abortable-preclean-start]
94.139: [GC (Allocation Failure) 94.140: [ParNew: 73282K->0K(92160K), 0.0014018 secs] 135603K->62320K(194560K), 0.0022680 secs] [Times: user=0.00 sys=0.00, real=0.01 secs] 
94.149: [GC (Allocation Failure) 94.149: [ParNew (promotion failed): 73282K->73282K(92160K), 0.0023686 secs]94.151: [CMS94.151: [CMS-concurrent-abortable-preclean: 0.005/1.018 secs] [Times: user=0.03 sys=0.00, real=1.02 secs] 
 (concurrent mode failure): 82800K->31594K(102400K), 0.0084229 secs] 135603K->31594K(194560K), [Metaspace: 3709K->3709K(1056768K)], 0.0110020 secs] [Times: user=0.02 sys=0.00, real=0.01 secs] 
95.172: [GC (Allocation Failure) 95.172: [ParNew: 73282K->0K(92160K), 0.0025481 secs] 104877K->52076K(194560K), 0.0027343 secs] [Times: user=0.01 sys=0.00, real=0.00 secs] 
95.176: [GC (CMS Initial Mark) [1 CMS-initial-mark: 52076K(102400K)] 62316K(194560K), 0.0001962 secs] [Times: user=0.00 sys=0.00, real=0.00 secs] 
95.176: [CMS-concurrent-mark-start]
95.178: [CMS-concurrent-mark: 0.002/0.002 secs] [Times: user=0.01 sys=0.00, real=0.00 secs] 
95.178: [CMS-concurrent-preclean-start]
95.178: [CMS-concurrent-preclean: 0.000/0.000 secs] [Times: user=0.00 sys=0.00, real=0.00 secs] 
95.178: [CMS-concurrent-abortable-preclean-start]
96.188: [GC (Allocation Failure) 96.188: [ParNew: 73282K->0K(92160K), 0.0014624 secs] 125359K->62318K(194560K), 0.0016678 secs] [Times: user=0.00 sys=0.00, real=0.00 secs] 
97.202: [GC (Allocation Failure) 97.202: [ParNew: 73282K->0K(92160K), 0.0006910 secs] 135601K->62318K(194560K), 0.0008275 secs] [Times: user=0.00 sys=0.00, real=0.00 secs] 
97.409: [CMS-concurrent-abortable-preclean: 0.010/2.230 secs] [Times: user=0.03 sys=0.00, real=2.23 secs] 
97.409: [GC (CMS Final Remark) [YG occupancy: 42562 K (92160 K)]97.409: [Rescan (parallel) , 0.0006942 secs]97.410: [weak refs processing, 0.0000347 secs]97.410: [class unloading, 0.0014933 secs]97.412: [scrub symbol table, 0.0017987 secs]97.413: [scrub string table, 0.0004700 secs][1 CMS-remark: 62318K(102400K)] 104881K(194560K), 0.0046906 secs] [Times: user=0.01 sys=0.00, real=0.01 secs] 
97.414: [CMS-concurrent-sweep-start]
97.415: [CMS-concurrent-sweep: 0.001/0.001 secs] [Times: user=0.00 sys=0.00, real=0.00 secs] 
97.415: [CMS-concurrent-reset-start]
97.415: [CMS-concurrent-reset: 0.000/0.000 secs] [Times: user=0.00 sys=0.00, real=0.00 secs] 
98.215: [GC (Allocation Failure) 98.215: [ParNew: 73282K->0K(92160K), 0.0018875 secs] 104881K->41840K(194560K), 0.0020927 secs] [Times: user=0.01 sys=0.00, real=0.00 secs] 
99.228: [GC (Allocation Failure) 99.228: [ParNew: 73282K->0K(92160K), 0.0014980 secs] 115123K->52082K(194560K), 0.0017095 secs] [Times: user=0.01 sys=0.00, real=0.00 secs] 
100.237: [GC (Allocation Failure) 100.237: [ParNew: 73282K->0K(92160K), 0.0025743 secs] 125365K->62322K(194560K), 0.0028430 secs] [Times: user=0.00 sys=0.00, real=0.00 secs] 
100.241: [GC (CMS Initial Mark) [1 CMS-initial-mark: 62322K(102400K)] 72562K(194560K), 0.0003820 secs] [Times: user=0.00 sys=0.00, real=0.00 secs] 
100.242: [CMS-concurrent-mark-start]
100.244: [CMS-concurrent-mark: 0.003/0.003 secs] [Times: user=0.00 sys=0.00, real=0.00 secs] 
100.244: [CMS-concurrent-preclean-start]
100.245: [CMS-concurrent-preclean: 0.000/0.000 secs] [Times: user=0.00 sys=0.00, real=0.00 secs] 
100.245: [CMS-concurrent-abortable-preclean-start]
101.252: [GC (Allocation Failure) 101.252: [ParNew: 73282K->0K(92160K), 0.0013144 secs] 135605K->62322K(194560K), 0.0016064 secs] [Times: user=0.01 sys=0.00, real=0.00 secs] 
101.261: [GC (Allocation Failure) 101.261: [ParNew (promotion failed): 73282K->73282K(92160K), 0.0025265 secs]101.264: [CMS101.264: [CMS-concurrent-abortable-preclean: 0.005/1.019 secs] [Times: user=0.04 sys=0.00, real=1.02 secs] 
 (concurrent mode failure): 82803K->31594K(102400K), 0.0080509 secs] 135605K->31594K(194560K), [Metaspace: 3709K->3709K(1056768K)], 0.0107904 secs] [Times: user=0.03 sys=0.00, real=0.01 secs] 
102.296: [GC (Allocation Failure) 102.296: [ParNew: 73282K->0K(92160K), 0.0023637 secs] 104877K->52076K(194560K), 0.0025003 secs] [Times: user=0.02 sys=0.00, real=0.00 secs] 
102.299: [GC (CMS Initial Mark) [1 CMS-initial-mark: 52076K(102400K)] 62316K(194560K), 0.0001838 secs] [Times: user=0.00 sys=0.00, real=0.00 secs] 
102.300: [CMS-concurrent-mark-start]
102.301: [CMS-concurrent-mark: 0.002/0.002 secs] [Times: user=0.01 sys=0.00, real=0.01 secs] 
102.301: [CMS-concurrent-preclean-start]
102.302: [CMS-concurrent-preclean: 0.000/0.000 secs] [Times: user=0.00 sys=0.00, real=0.00 secs] 
102.302: [CMS-concurrent-abortable-preclean-start]
103.311: [GC (Allocation Failure) 103.311: [ParNew: 73282K->0K(92160K), 0.0017812 secs] 125359K->62318K(194560K), 0.0020104 secs] [Times: user=0.01 sys=0.00, real=0.00 secs] 
104.323: [GC (Allocation Failure) 104.324: [ParNew: 73282K->0K(92160K), 0.0007693 secs] 135601K->62318K(194560K), 0.0009202 secs] [Times: user=0.00 sys=0.00, real=0.00 secs] 
104.531: [CMS-concurrent-abortable-preclean: 0.010/2.229 secs] [Times: user=0.04 sys=0.00, real=2.23 secs] 
104.531: [GC (CMS Final Remark) [YG occupancy: 42562 K (92160 K)]104.531: [Rescan (parallel) , 0.0004760 secs]104.532: [weak refs processing, 0.0000219 secs]104.532: [class unloading, 0.0005364 secs]104.532: [scrub symbol table, 0.0005678 secs]104.533: [scrub string table, 0.0002390 secs][1 CMS-remark: 62318K(102400K)] 104881K(194560K), 0.0019710 secs] [Times: user=0.00 sys=0.00, real=0.00 secs] 
104.533: [CMS-concurrent-sweep-start]
104.534: [CMS-concurrent-sweep: 0.000/0.000 secs] [Times: user=0.00 sys=0.00, real=0.00 secs] 
104.534: [CMS-concurrent-reset-start]
104.534: [CMS-concurrent-reset: 0.000/0.000 secs] [Times: user=0.00 sys=0.00, real=0.00 secs] 
105.334: [GC (Allocation Failure) 105.335: [ParNew: 73282K->0K(92160K), 0.0011317 secs] 104881K->41840K(194560K), 0.0016900 secs] [Times: user=0.01 sys=0.00, real=0.00 secs] 
106.347: [GC (Allocation Failure) 106.347: [ParNew: 73282K->0K(92160K), 0.0025424 secs] 115123K->52080K(194560K), 0.0027746 secs] [Times: user=0.00 sys=0.00, real=0.00 secs] 
107.360: [GC (Allocation Failure) 107.361: [ParNew: 73282K->0K(92160K), 0.0011919 secs] 125363K->62320K(194560K), 0.0013338 secs] [Times: user=0.01 sys=0.00, real=0.01 secs] 
107.363: [GC (CMS Initial Mark) [1 CMS-initial-mark: 62320K(102400K)] 72560K(194560K), 0.0001685 secs] [Times: user=0.00 sys=0.00, real=0.00 secs] 
107.363: [CMS-concurrent-mark-start]
107.365: [CMS-concurrent-mark: 0.002/0.002 secs] [Times: user=0.00 sys=0.00, real=0.00 secs] 
107.365: [CMS-concurrent-preclean-start]
107.365: [CMS-concurrent-preclean: 0.000/0.000 secs] [Times: user=0.00 sys=0.00, real=0.00 secs] 
107.365: [CMS-concurrent-abortable-preclean-start]
108.372: [GC (Allocation Failure) 108.372: [ParNew: 73282K->0K(92160K), 0.0003290 secs] 135603K->62320K(194560K), 0.0003766 secs] [Times: user=0.00 sys=0.00, real=0.00 secs] 
108.375: [GC (Allocation Failure) 108.375: [ParNew (promotion failed): 73282K->73282K(92160K), 0.0016972 secs]108.376: [CMS108.376: [CMS-concurrent-abortable-preclean: 0.002/1.011 secs] [Times: user=0.02 sys=0.00, real=1.01 secs] 
 (concurrent mode failure): 82803K->31594K(102400K), 0.0038599 secs] 135603K->31594K(194560K), [Metaspace: 3709K->3709K(1056768K)], 0.0056596 secs] [Times: user=0.01 sys=0.00, real=0.00 secs] 
109.391: [GC (Allocation Failure) 109.392: [ParNew: 73282K->0K(92160K), 0.0029873 secs] 104877K->52076K(194560K), 0.0031163 secs] [Times: user=0.01 sys=0.00, real=0.00 secs] 
109.395: [GC (CMS Initial Mark) [1 CMS-initial-mark: 52076K(102400K)] 62316K(194560K), 0.0002399 secs] [Times: user=0.00 sys=0.00, real=0.00 secs] 
109.396: [CMS-concurrent-mark-start]
109.398: [CMS-concurrent-mark: 0.002/0.002 secs] [Times: user=0.00 sys=0.00, real=0.00 secs] 
109.398: [CMS-concurrent-preclean-start]
109.398: [CMS-concurrent-preclean: 0.000/0.000 secs] [Times: user=0.00 sys=0.00, real=0.00 secs] 
109.398: [CMS-concurrent-abortable-preclean-start]
110.400: [GC (Allocation Failure) 110.400: [ParNew: 73282K->0K(92160K), 0.0010583 secs] 125359K->62318K(194560K), 0.0011445 secs] [Times: user=0.00 sys=0.00, real=0.01 secs] 
111.406: [GC (Allocation Failure) 111.407: [ParNew: 73282K->0K(92160K), 0.0014231 secs] 135601K->62318K(194560K), 0.0022294 secs] [Times: user=0.00 sys=0.00, real=0.00 secs] 
111.617: [CMS-concurrent-abortable-preclean: 0.005/2.219 secs] [Times: user=0.02 sys=0.00, real=2.22 secs] 
111.618: [GC (CMS Final Remark) [YG occupancy: 42562 K (92160 K)]111.618: [Rescan (parallel) , 0.0003032 secs]111.618: [weak refs processing, 0.0000115 secs]111.618: [class unloading, 0.0007212 secs]111.619: [scrub symbol table, 0.0003992 secs]111.619: [scrub string table, 0.0001168 secs][1 CMS-remark: 62318K(102400K)] 104881K(194560K), 0.0016278 secs] [Times: user=0.00 sys=0.00, real=0.00 secs] 
111.619: [CMS-concurrent-sweep-start]
111.619: [CMS-concurrent-sweep: 0.000/0.000 secs] [Times: user=0.00 sys=0.00, real=0.00 secs] 
111.619: [CMS-concurrent-reset-start]
111.620: [CMS-concurrent-reset: 0.000/0.000 secs] [Times: user=0.00 sys=0.00, real=0.00 secs] 
112.419: [GC (Allocation Failure) 112.419: [ParNew: 73282K->0K(92160K), 0.0017069 secs] 104881K->41838K(194560K), 0.0018257 secs] [Times: user=0.00 sys=0.01, real=0.00 secs] 
113.427: [GC (Allocation Failure) 113.427: [ParNew: 73282K->0K(92160K), 0.0011718 secs] 115121K->52078K(194560K), 0.0013045 secs] [Times: user=0.00 sys=0.00, real=0.00 secs] 
114.435: [GC (Allocation Failure) 114.435: [ParNew: 73282K->0K(92160K), 0.0019701 secs] 125361K->62318K(194560K), 0.0022156 secs] [Times: user=0.00 sys=0.00, real=0.00 secs] 
114.438: [GC (CMS Initial Mark) [1 CMS-initial-mark: 62318K(102400K)] 72558K(194560K), 0.0003231 secs] [Times: user=0.00 sys=0.00, real=0.00 secs] 
114.438: [CMS-concurrent-mark-start]
114.441: [CMS-concurrent-mark: 0.003/0.003 secs] [Times: user=0.01 sys=0.00, real=0.00 secs] 
114.441: [CMS-concurrent-preclean-start]
114.441: [CMS-concurrent-preclean: 0.000/0.000 secs] [Times: user=0.00 sys=0.00, real=0.00 secs] 
114.441: [CMS-concurrent-abortable-preclean-start]
115.443: [GC (Allocation Failure) 115.443: [ParNew: 73282K->0K(92160K), 0.0004053 secs] 135601K->62318K(194560K), 0.0004640 secs] [Times: user=0.00 sys=0.00, real=0.00 secs] 
115.447: [GC (Allocation Failure) 115.448: [ParNew: 73282K->0K(92160K), 0.0026660 secs] 135601K->93040K(194560K), 0.0027326 secs] [Times: user=0.02 sys=0.00, real=0.00 secs] 
115.450: [CMS-concurrent-abortable-preclean: 0.005/1.009 secs] [Times: user=0.03 sys=0.00, real=1.00 secs] 
115.451: [GC (CMS Final Remark) [YG occupancy: 10240 K (92160 K)]115.451: [Rescan (parallel) , 0.0001713 secs]115.451: [weak refs processing, 0.0000083 secs]115.451: [class unloading, 0.0002736 secs]115.451: [scrub symbol table, 0.0002594 secs]115.451: [scrub string table, 0.0001100 secs][1 CMS-remark: 93040K(102400K)] 103280K(194560K), 0.0008736 secs] [Times: user=0.00 sys=0.00, real=0.01 secs] 
115.452: [CMS-concurrent-sweep-start]
115.452: [CMS-concurrent-sweep: 0.000/0.000 secs] [Times: user=0.00 sys=0.00, real=0.00 secs] 
115.452: [CMS-concurrent-reset-start]
115.452: [CMS-concurrent-reset: 0.000/0.000 secs] [Times: user=0.00 sys=0.00, real=0.00 secs] 
116.463: [GC (Allocation Failure) 116.463: [ParNew: 73282K->0K(92160K), 0.0027621 secs] 115123K->62320K(194560K), 0.0029117 secs] [Times: user=0.01 sys=0.00, real=0.00 secs] 
116.467: [GC (CMS Initial Mark) [1 CMS-initial-mark: 62320K(102400K)] 72560K(194560K), 0.0002348 secs] [Times: user=0.00 sys=0.00, real=0.00 secs] 
116.467: [CMS-concurrent-mark-start]
116.469: [CMS-concurrent-mark: 0.002/0.002 secs] [Times: user=0.01 sys=0.00, real=0.00 secs] 
116.469: [CMS-concurrent-preclean-start]
116.469: [CMS-concurrent-preclean: 0.000/0.000 secs] [Times: user=0.00 sys=0.00, real=0.00 secs] 
116.469: [CMS-concurrent-abortable-preclean-start]
117.479: [GC (Allocation Failure) 117.479: [ParNew: 73282K->0K(92160K), 0.0014467 secs] 135603K->72560K(194560K), 0.0016102 secs] [Times: user=0.00 sys=0.00, real=0.00 secs] 
118.493: [GC (Allocation Failure) 118.493: [ParNew: 73282K->0K(92160K), 0.0007503 secs] 145843K->72560K(194560K), 0.0011538 secs] [Times: user=0.00 sys=0.00, real=0.00 secs] 
118.701: [CMS-concurrent-abortable-preclean: 0.009/2.232 secs] [Times: user=0.03 sys=0.00, real=2.24 secs] 
118.701: [GC (CMS Final Remark) [YG occupancy: 42562 K (92160 K)]118.701: [Rescan (parallel) , 0.0003157 secs]118.702: [weak refs processing, 0.0000260 secs]118.702: [class unloading, 0.0007476 secs]118.703: [scrub symbol table, 0.0009558 secs]118.704: [scrub string table, 0.0003453 secs][1 CMS-remark: 72560K(102400K)] 115123K(194560K), 0.0025538 secs] [Times: user=0.01 sys=0.00, real=0.00 secs] 
118.704: [CMS-concurrent-sweep-start]
118.705: [CMS-concurrent-sweep: 0.001/0.001 secs] [Times: user=0.00 sys=0.00, real=0.00 secs] 
118.705: [CMS-concurrent-reset-start]
118.705: [CMS-concurrent-reset: 0.001/0.001 secs] [Times: user=0.00 sys=0.00, real=0.00 secs] 
119.508: [GC (Allocation Failure) 119.508: [ParNew: 73282K->0K(92160K), 0.0042762 secs] 104883K->41840K(194560K), 0.0044862 secs] [Times: user=0.02 sys=0.01, real=0.01 secs] 
120.520: [GC (Allocation Failure) 120.520: [ParNew: 73282K->0K(92160K), 0.0046304 secs] 115123K->52080K(194560K), 0.0048363 secs] [Times: user=0.02 sys=0.00, real=0.01 secs] 
121.534: [GC (Allocation Failure) 121.534: [ParNew: 73282K->0K(92160K), 0.0073698 secs] 125363K->62320K(194560K), 0.0074566 secs] [Times: user=0.05 sys=0.00, real=0.01 secs] 
121.542: [GC (CMS Initial Mark) [1 CMS-initial-mark: 62320K(102400K)] 72560K(194560K), 0.0002367 secs] [Times: user=0.00 sys=0.00, real=0.00 secs] 
121.542: [CMS-concurrent-mark-start]
121.544: [CMS-concurrent-mark: 0.002/0.002 secs] [Times: user=0.00 sys=0.00, real=0.00 secs] 
121.544: [CMS-concurrent-preclean-start]
121.544: [CMS-concurrent-preclean: 0.000/0.000 secs] [Times: user=0.00 sys=0.00, real=0.00 secs] 
121.544: [CMS-concurrent-abortable-preclean-start]
122.546: [GC (Allocation Failure) 122.546: [ParNew: 73282K->0K(92160K), 0.0007398 secs] 135603K->62320K(194560K), 0.0008734 secs] [Times: user=0.00 sys=0.00, real=0.00 secs] 
122.552: [GC (Allocation Failure) 122.552: [ParNew: 73282K->0K(92160K), 0.0033376 secs] 135603K->93040K(194560K), 0.0034226 secs] [Times: user=0.02 sys=0.00, real=0.00 secs] 
122.555: [CMS-concurrent-abortable-preclean: 0.003/1.011 secs] [Times: user=0.03 sys=0.00, real=1.01 secs] 
122.556: [GC (CMS Final Remark) [YG occupancy: 10240 K (92160 K)]122.556: [Rescan (parallel) , 0.0002371 secs]122.556: [weak refs processing, 0.0000143 secs]122.556: [class unloading, 0.0003881 secs]122.557: [scrub symbol table, 0.0004680 secs]122.557: [scrub string table, 0.0001922 secs][1 CMS-remark: 93040K(102400K)] 103280K(194560K), 0.0013839 secs] [Times: user=0.01 sys=0.00, real=0.00 secs] 
122.557: [CMS-concurrent-sweep-start]
122.558: [CMS-concurrent-sweep: 0.000/0.000 secs] [Times: user=0.00 sys=0.00, real=0.00 secs] 
122.558: [CMS-concurrent-reset-start]
122.558: [CMS-concurrent-reset: 0.000/0.000 secs] [Times: user=0.00 sys=0.00, real=0.00 secs] 
123.562: [GC (Allocation Failure) 123.563: [ParNew: 73282K->0K(92160K), 0.0060252 secs] 115123K->62320K(194560K), 0.0061384 secs] [Times: user=0.04 sys=0.01, real=0.00 secs] 
123.569: [GC (CMS Initial Mark) [1 CMS-initial-mark: 62320K(102400K)] 72560K(194560K), 0.0001950 secs] [Times: user=0.00 sys=0.00, real=0.00 secs] 
123.569: [CMS-concurrent-mark-start]
123.571: [CMS-concurrent-mark: 0.002/0.002 secs] [Times: user=0.00 sys=0.00, real=0.01 secs] 
123.571: [CMS-concurrent-preclean-start]
123.571: [CMS-concurrent-preclean: 0.000/0.000 secs] [Times: user=0.00 sys=0.00, real=0.00 secs] 
123.571: [CMS-concurrent-abortable-preclean-start]
124.578: [GC (Allocation Failure) 124.578: [ParNew: 73282K->0K(92160K), 0.0031654 secs] 135603K->72560K(194560K), 0.0032745 secs] [Times: user=0.02 sys=0.00, real=0.01 secs] 
125.590: [GC (Allocation Failure) 125.590: [ParNew: 73282K->0K(92160K), 0.0005471 secs] 145843K->72560K(194560K), 0.0006458 secs] [Times: user=0.00 sys=0.00, real=0.00 secs] 
125.802: [CMS-concurrent-abortable-preclean: 0.010/2.230 secs] [Times: user=0.04 sys=0.00, real=2.23 secs] 
125.802: [GC (CMS Final Remark) [YG occupancy: 42562 K (92160 K)]125.802: [Rescan (parallel) , 0.0003182 secs]125.802: [weak refs processing, 0.0000210 secs]125.802: [class unloading, 0.0006100 secs]125.803: [scrub symbol table, 0.0007886 secs]125.804: [scrub string table, 0.0002869 secs][1 CMS-remark: 72560K(102400K)] 115123K(194560K), 0.0021561 secs] [Times: user=0.01 sys=0.00, real=0.00 secs] 
125.804: [CMS-concurrent-sweep-start]
125.805: [CMS-concurrent-sweep: 0.000/0.000 secs] [Times: user=0.00 sys=0.00, real=0.00 secs] 
125.805: [CMS-concurrent-reset-start]
125.805: [CMS-concurrent-reset: 0.000/0.000 secs] [Times: user=0.00 sys=0.00, real=0.00 secs] 
126.600: [GC (Allocation Failure) 126.600: [ParNew: 73282K->0K(92160K), 0.0023371 secs] 104883K->41840K(194560K), 0.0024919 secs] [Times: user=0.01 sys=0.00, real=0.01 secs] 
127.608: [GC (Allocation Failure) 127.609: [ParNew: 73282K->0K(92160K), 0.0011062 secs] 115123K->52080K(194560K), 0.0015623 secs] [Times: user=0.01 sys=0.00, real=0.00 secs] 
128.620: [GC (Allocation Failure) 128.620: [ParNew: 73282K->0K(92160K), 0.0016278 secs] 125363K->62320K(194560K), 0.0018600 secs] [Times: user=0.01 sys=0.00, real=0.01 secs] 
128.622: [GC (CMS Initial Mark) [1 CMS-initial-mark: 62320K(102400K)] 72560K(194560K), 0.0003379 secs] [Times: user=0.00 sys=0.00, real=0.00 secs] 
128.623: [CMS-concurrent-mark-start]
128.626: [CMS-concurrent-mark: 0.003/0.003 secs] [Times: user=0.01 sys=0.00, real=0.00 secs] 
128.626: [CMS-concurrent-preclean-start]
128.626: [CMS-concurrent-preclean: 0.000/0.000 secs] [Times: user=0.00 sys=0.00, real=0.00 secs] 
128.626: [CMS-concurrent-abortable-preclean-start]
129.633: [GC (Allocation Failure) 129.633: [ParNew: 73282K->0K(92160K), 0.0007775 secs] 135603K->62320K(194560K), 0.0009331 secs] [Times: user=0.01 sys=0.00, real=0.00 secs] 
129.639: [GC (Allocation Failure) 129.639: [ParNew: 73282K->0K(92160K), 0.0092115 secs] 135603K->93040K(194560K), 0.0093709 secs] [Times: user=0.07 sys=0.00, real=0.01 secs] 
129.649: [CMS-concurrent-abortable-preclean: 0.003/1.023 secs] [Times: user=0.08 sys=0.01, real=1.02 secs] 
129.649: [GC (CMS Final Remark) [YG occupancy: 10240 K (92160 K)]129.649: [Rescan (parallel) , 0.0002534 secs]129.650: [weak refs processing, 0.0000303 secs]129.650: [class unloading, 0.0003766 secs]129.650: [scrub symbol table, 0.0004360 secs]129.651: [scrub string table, 0.0002094 secs][1 CMS-remark: 93040K(102400K)] 103280K(194560K), 0.0013916 secs] [Times: user=0.00 sys=0.00, real=0.00 secs] 
129.651: [CMS-concurrent-sweep-start]
129.651: [CMS-concurrent-sweep: 0.000/0.000 secs] [Times: user=0.00 sys=0.00, real=0.01 secs] 
129.651: [CMS-concurrent-reset-start]
129.651: [CMS-concurrent-reset: 0.000/0.000 secs] [Times: user=0.00 sys=0.00, real=0.00 secs] 
130.659: [GC (Allocation Failure) 130.659: [ParNew: 73282K->0K(92160K), 0.0025620 secs] 115071K->62268K(194560K), 0.0026869 secs] [Times: user=0.00 sys=0.00, real=0.01 secs] 
130.663: [GC (CMS Initial Mark) [1 CMS-initial-mark: 62268K(102400K)] 72508K(194560K), 0.0001638 secs] [Times: user=0.00 sys=0.00, real=0.00 secs] 
130.663: [CMS-concurrent-mark-start]
130.665: [CMS-concurrent-mark: 0.002/0.002 secs] [Times: user=0.01 sys=0.00, real=0.00 secs] 
130.665: [CMS-concurrent-preclean-start]
130.665: [CMS-concurrent-preclean: 0.000/0.000 secs] [Times: user=0.00 sys=0.00, real=0.00 secs] 
130.665: [CMS-concurrent-abortable-preclean-start]
131.671: [GC (Allocation Failure) 131.672: [ParNew: 73282K->0K(92160K), 0.0017123 secs] 135551K->72508K(194560K), 0.0018409 secs] [Times: user=0.01 sys=0.00, real=0.00 secs] 
132.683: [GC (Allocation Failure) 132.683: [ParNew: 73282K->0K(92160K), 0.0007972 secs] 145791K->72508K(194560K), 0.0009215 secs] [Times: user=0.00 sys=0.00, real=0.00 secs] 
132.888: [CMS-concurrent-abortable-preclean: 0.009/2.223 secs] [Times: user=0.04 sys=0.01, real=2.22 secs] 
132.888: [GC (CMS Final Remark) [YG occupancy: 42562 K (92160 K)]132.888: [Rescan (parallel) , 0.0004220 secs]132.889: [weak refs processing, 0.0000245 secs]132.889: [class unloading, 0.0011600 secs]132.890: [scrub symbol table, 0.0014972 secs]132.891: [scrub string table, 0.0003163 secs][1 CMS-remark: 72508K(102400K)] 115071K(194560K), 0.0035990 secs] [Times: user=0.00 sys=0.00, real=0.01 secs] 
132.892: [CMS-concurrent-sweep-start]
132.892: [CMS-concurrent-sweep: 0.001/0.001 secs] [Times: user=0.00 sys=0.00, real=0.00 secs] 
132.892: [CMS-concurrent-reset-start]
132.893: [CMS-concurrent-reset: 0.000/0.000 secs] [Times: user=0.00 sys=0.00, real=0.00 secs] 
133.695: [GC (Allocation Failure) 133.696: [ParNew: 73282K->0K(92160K), 0.0014418 secs] 104831K->41788K(194560K), 0.0024397 secs] [Times: user=0.01 sys=0.00, real=0.00 secs] 
134.708: [GC (Allocation Failure) 134.708: [ParNew: 73282K->0K(92160K), 0.0020210 secs] 115071K->52028K(194560K), 0.0022130 secs] [Times: user=0.01 sys=0.00, real=0.00 secs] 
135.717: [GC (Allocation Failure) 135.717: [ParNew: 73282K->0K(92160K), 0.0020819 secs] 125311K->62268K(194560K), 0.0023272 secs] [Times: user=0.00 sys=0.00, real=0.00 secs] 
135.720: [GC (CMS Initial Mark) [1 CMS-initial-mark: 62268K(102400K)] 72508K(194560K), 0.0003088 secs] [Times: user=0.00 sys=0.00, real=0.00 secs] 
135.721: [CMS-concurrent-mark-start]
135.723: [CMS-concurrent-mark: 0.002/0.002 secs] [Times: user=0.00 sys=0.00, real=0.01 secs] 
135.723: [CMS-concurrent-preclean-start]
135.723: [CMS-concurrent-preclean: 0.000/0.000 secs] [Times: user=0.00 sys=0.00, real=0.00 secs] 
135.724: [CMS-concurrent-abortable-preclean-start]
136.728: [GC (Allocation Failure) 136.728: [ParNew: 73282K->0K(92160K), 0.0023054 secs] 135551K->62268K(194560K), 0.0026085 secs] [Times: user=0.00 sys=0.00, real=0.00 secs] 
136.737: [GC (Allocation Failure) 136.737: [ParNew: 73282K->0K(92160K), 0.0039144 secs] 135551K->92988K(194560K), 0.0040688 secs] [Times: user=0.03 sys=0.00, real=0.01 secs] 
136.741: [CMS-concurrent-abortable-preclean: 0.005/1.018 secs] [Times: user=0.05 sys=0.00, real=1.02 secs] 
136.742: [GC (CMS Final Remark) [YG occupancy: 10240 K (92160 K)]136.742: [Rescan (parallel) , 0.0002909 secs]136.742: [weak refs processing, 0.0000169 secs]136.743: [class unloading, 0.0004213 secs]136.743: [scrub symbol table, 0.0005282 secs]136.743: [scrub string table, 0.0002465 secs][1 CMS-remark: 92988K(102400K)] 103228K(194560K), 0.0016056 secs] [Times: user=0.00 sys=0.00, real=0.00 secs] 
136.744: [CMS-concurrent-sweep-start]
136.744: [CMS-concurrent-sweep: 0.000/0.000 secs] [Times: user=0.00 sys=0.00, real=0.00 secs] 
136.744: [CMS-concurrent-reset-start]
136.744: [CMS-concurrent-reset: 0.000/0.000 secs] [Times: user=0.00 sys=0.00, real=0.00 secs] 
137.754: [GC (Allocation Failure) 137.754: [ParNew: 73282K->0K(92160K), 0.0028148 secs] 115071K->62268K(194560K), 0.0029733 secs] [Times: user=0.01 sys=0.00, real=0.00 secs] 
137.758: [GC (CMS Initial Mark) [1 CMS-initial-mark: 62268K(102400K)] 72508K(194560K), 0.0002522 secs] [Times: user=0.00 sys=0.00, real=0.00 secs] 
137.758: [CMS-concurrent-mark-start]
137.760: [CMS-concurrent-mark: 0.002/0.002 secs] [Times: user=0.00 sys=0.00, real=0.00 secs] 
137.760: [CMS-concurrent-preclean-start]
137.761: [CMS-concurrent-preclean: 0.000/0.000 secs] [Times: user=0.00 sys=0.00, real=0.00 secs] 
137.761: [CMS-concurrent-abortable-preclean-start]
138.770: [GC (Allocation Failure) 138.770: [ParNew: 73282K->0K(92160K), 0.0013963 secs] 135551K->72508K(194560K), 0.0015254 secs] [Times: user=0.01 sys=0.00, real=0.01 secs] 
139.781: [GC (Allocation Failure) 139.781: [ParNew: 73282K->0K(92160K), 0.0007146 secs] 145791K->72508K(194560K), 0.0008423 secs] [Times: user=0.00 sys=0.00, real=0.01 secs] 
139.993: [CMS-concurrent-abortable-preclean: 0.010/2.232 secs] [Times: user=0.03 sys=0.00, real=2.24 secs] 
139.993: [GC (CMS Final Remark) [YG occupancy: 42562 K (92160 K)]139.993: [Rescan (parallel) , 0.0002669 secs]139.993: [weak refs processing, 0.0000194 secs]139.993: [class unloading, 0.0004242 secs]139.994: [scrub symbol table, 0.0004635 secs]139.994: [scrub string table, 0.0001899 secs][1 CMS-remark: 72508K(102400K)] 115071K(194560K), 0.0014632 secs] [Times: user=0.01 sys=0.00, real=0.00 secs] 
139.995: [CMS-concurrent-sweep-start]
139.995: [CMS-concurrent-sweep: 0.000/0.000 secs] [Times: user=0.00 sys=0.00, real=0.00 secs] 
139.995: [CMS-concurrent-reset-start]
139.995: [CMS-concurrent-reset: 0.000/0.000 secs] [Times: user=0.00 sys=0.00, real=0.00 secs] 
140.794: [GC (Allocation Failure) 140.794: [ParNew: 73282K->0K(92160K), 0.0014083 secs] 104831K->41788K(194560K), 0.0015856 secs] [Times: user=0.01 sys=0.00, real=0.00 secs] 
141.802: [GC (Allocation Failure) 141.802: [ParNew: 73282K->0K(92160K), 0.0012369 secs] 115071K->52028K(194560K), 0.0013893 secs] [Times: user=0.01 sys=0.00, real=0.00 secs] 
142.813: [GC (Allocation Failure) 142.814: [ParNew: 73282K->0K(92160K), 0.0010871 secs] 125311K->62268K(194560K), 0.0014149 secs] [Times: user=0.01 sys=0.00, real=0.00 secs] 
142.815: [GC (CMS Initial Mark) [1 CMS-initial-mark: 62268K(102400K)] 72508K(194560K), 0.0001315 secs] [Times: user=0.00 sys=0.00, real=0.00 secs] 
142.815: [CMS-concurrent-mark-start]
142.816: [CMS-concurrent-mark: 0.001/0.001 secs] [Times: user=0.00 sys=0.00, real=0.00 secs] 
142.816: [CMS-concurrent-preclean-start]
142.816: [CMS-concurrent-preclean: 0.000/0.000 secs] [Times: user=0.00 sys=0.00, real=0.00 secs] 
142.817: [CMS-concurrent-abortable-preclean-start]
143.822: [GC (Allocation Failure) 143.822: [ParNew: 73282K->0K(92160K), 0.0004801 secs] 135551K->62268K(194560K), 0.0005378 secs] [Times: user=0.00 sys=0.00, real=0.00 secs] 
143.826: [GC (Allocation Failure) 143.826: [ParNew: 73282K->0K(92160K), 0.0022736 secs] 135551K->92988K(194560K), 0.0023824 secs] [Times: user=0.02 sys=0.00, real=0.00 secs] 
143.828: [CMS-concurrent-abortable-preclean: 0.004/1.011 secs] [Times: user=0.03 sys=0.00, real=1.01 secs] 
143.828: [GC (CMS Final Remark) [YG occupancy: 10240 K (92160 K)]143.828: [Rescan (parallel) , 0.0002636 secs]143.829: [weak refs processing, 0.0000151 secs]143.829: [class unloading, 0.0003310 secs]143.829: [scrub symbol table, 0.0003411 secs]143.830: [scrub string table, 0.0001577 secs][1 CMS-remark: 92988K(102400K)] 103228K(194560K), 0.0012175 secs] [Times: user=0.00 sys=0.00, real=0.00 secs] 
143.830: [CMS-concurrent-sweep-start]
143.830: [CMS-concurrent-sweep: 0.000/0.000 secs] [Times: user=0.00 sys=0.00, real=0.00 secs] 
143.830: [CMS-concurrent-reset-start]
143.830: [CMS-concurrent-reset: 0.000/0.000 secs] [Times: user=0.00 sys=0.00, real=0.00 secs] 
144.839: [GC (Allocation Failure) 144.840: [ParNew: 73282K->0K(92160K), 0.0023231 secs] 115071K->62268K(194560K), 0.0028849 secs] [Times: user=0.00 sys=0.00, real=0.01 secs] 
144.843: [GC (CMS Initial Mark) [1 CMS-initial-mark: 62268K(102400K)] 72508K(194560K), 0.0002679 secs] [Times: user=0.00 sys=0.00, real=0.00 secs] 
144.843: [CMS-concurrent-mark-start]
144.845: [CMS-concurrent-mark: 0.002/0.002 secs] [Times: user=0.00 sys=0.00, real=0.00 secs] 
144.845: [CMS-concurrent-preclean-start]
144.846: [CMS-concurrent-preclean: 0.000/0.000 secs] [Times: user=0.00 sys=0.00, real=0.00 secs] 
144.846: [CMS-concurrent-abortable-preclean-start]
145.853: [GC (Allocation Failure) 145.853: [ParNew: 73282K->0K(92160K), 0.0017978 secs] 135551K->72508K(194560K), 0.0019652 secs] [Times: user=0.00 sys=0.00, real=0.00 secs] 
146.867: [GC (Allocation Failure) 146.867: [ParNew: 73282K->0K(92160K), 0.0007704 secs] 145791K->72508K(194560K), 0.0009527 secs] [Times: user=0.00 sys=0.00, real=0.00 secs] 
147.075: [CMS-concurrent-abortable-preclean: 0.008/2.229 secs] [Times: user=0.03 sys=0.00, real=2.23 secs] 
147.075: [GC (CMS Final Remark) [YG occupancy: 42562 K (92160 K)]147.075: [Rescan (parallel) , 0.0006620 secs]147.076: [weak refs processing, 0.0000413 secs]147.076: [class unloading, 0.0015135 secs]147.078: [scrub symbol table, 0.0018376 secs]147.080: [scrub string table, 0.0004625 secs][1 CMS-remark: 72508K(102400K)] 115071K(194560K), 0.0047473 secs] [Times: user=0.01 sys=0.00, real=0.00 secs] 
147.080: [CMS-concurrent-sweep-start]
147.081: [CMS-concurrent-sweep: 0.001/0.001 secs] [Times: user=0.00 sys=0.00, real=0.00 secs] 
147.081: [CMS-concurrent-reset-start]
147.081: [CMS-concurrent-reset: 0.000/0.000 secs] [Times: user=0.00 sys=0.00, real=0.00 secs] 
147.879: [GC (Allocation Failure) 147.879: [ParNew: 73282K->0K(92160K), 0.0030443 secs] 104831K->41788K(194560K), 0.0031555 secs] [Times: user=0.01 sys=0.00, real=0.01 secs] 
148.889: [GC (Allocation Failure) 148.890: [ParNew: 73282K->0K(92160K), 0.0018191 secs] 115071K->52028K(194560K), 0.0025370 secs] [Times: user=0.01 sys=0.01, real=0.01 secs] 
149.903: [GC (Allocation Failure) 149.903: [ParNew: 73282K->0K(92160K), 0.0026012 secs] 125311K->62268K(194560K), 0.0028430 secs] [Times: user=0.00 sys=0.00, real=0.00 secs] 
149.906: [GC (CMS Initial Mark) [1 CMS-initial-mark: 62268K(102400K)] 72508K(194560K), 0.0003095 secs] [Times: user=0.01 sys=0.00, real=0.00 secs] 
149.907: [CMS-concurrent-mark-start]
149.909: [CMS-concurrent-mark: 0.003/0.003 secs] [Times: user=0.00 sys=0.00, real=0.00 secs] 
149.909: [CMS-concurrent-preclean-start]
149.910: [CMS-concurrent-preclean: 0.000/0.000 secs] [Times: user=0.00 sys=0.00, real=0.00 secs] 
149.910: [CMS-concurrent-abortable-preclean-start]
150.915: [GC (Allocation Failure) 150.915: [ParNew: 73282K->0K(92160K), 0.0007313 secs] 135551K->62268K(194560K), 0.0008601 secs] [Times: user=0.00 sys=0.00, real=0.00 secs] 
150.921: [GC (Allocation Failure) 150.921: [ParNew: 73282K->0K(92160K), 0.0033538 secs] 135551K->92988K(194560K), 0.0034779 secs] [Times: user=0.02 sys=0.00, real=0.01 secs] 
150.924: [CMS-concurrent-abortable-preclean: 0.004/1.015 secs] [Times: user=0.04 sys=0.00, real=1.02 secs] 
150.925: [GC (CMS Final Remark) [YG occupancy: 10240 K (92160 K)]150.925: [Rescan (parallel) , 0.0002981 secs]150.926: [weak refs processing, 0.0000177 secs]150.926: [class unloading, 0.0004298 secs]150.926: [scrub symbol table, 0.0005451 secs]150.927: [scrub string table, 0.0002341 secs][1 CMS-remark: 92988K(102400K)] 103228K(194560K), 0.0016401 secs] [Times: user=0.00 sys=0.00, real=0.00 secs] 
150.927: [CMS-concurrent-sweep-start]
150.927: [CMS-concurrent-sweep: 0.000/0.000 secs] [Times: user=0.00 sys=0.00, real=0.00 secs] 
150.927: [CMS-concurrent-reset-start]
150.928: [CMS-concurrent-reset: 0.000/0.000 secs] [Times: user=0.00 sys=0.00, real=0.00 secs] 
151.939: [GC (Allocation Failure) 151.939: [ParNew: 73282K->0K(92160K), 0.0030562 secs] 115071K->62268K(194560K), 0.0031762 secs] [Times: user=0.02 sys=0.00, real=0.01 secs] 
151.943: [GC (CMS Initial Mark) [1 CMS-initial-mark: 62268K(102400K)] 72508K(194560K), 0.0002518 secs] [Times: user=0.00 sys=0.00, real=0.00 secs] 
151.943: [CMS-concurrent-mark-start]
151.945: [CMS-concurrent-mark: 0.002/0.002 secs] [Times: user=0.01 sys=0.00, real=0.00 secs] 
151.945: [CMS-concurrent-preclean-start]
151.945: [CMS-concurrent-preclean: 0.000/0.000 secs] [Times: user=0.00 sys=0.00, real=0.00 secs] 
151.945: [CMS-concurrent-abortable-preclean-start]
152.956: [GC (Allocation Failure) 152.956: [ParNew: 73282K->0K(92160K), 0.0016002 secs] 135551K->72508K(194560K), 0.0017936 secs] [Times: user=0.00 sys=0.00, real=0.00 secs] 
153.969: [GC (Allocation Failure) 153.969: [ParNew: 73282K->0K(92160K), 0.0008197 secs] 145791K->72508K(194560K), 0.0009515 secs] [Times: user=0.01 sys=0.00, real=0.00 secs] 
154.177: [CMS-concurrent-abortable-preclean: 0.010/2.231 secs] [Times: user=0.03 sys=0.00, real=2.23 secs] 
154.177: [GC (CMS Final Remark) [YG occupancy: 42562 K (92160 K)]154.177: [Rescan (parallel) , 0.0003157 secs]154.177: [weak refs processing, 0.0000179 secs]154.177: [class unloading, 0.0004614 secs]154.178: [scrub symbol table, 0.0005520 secs]154.178: [scrub string table, 0.0002370 secs][1 CMS-remark: 72508K(102400K)] 115071K(194560K), 0.0016803 secs] [Times: user=0.00 sys=0.00, real=0.00 secs] 
154.179: [CMS-concurrent-sweep-start]
154.179: [CMS-concurrent-sweep: 0.000/0.000 secs] [Times: user=0.00 sys=0.00, real=0.00 secs] 
154.179: [CMS-concurrent-reset-start]
154.179: [CMS-concurrent-reset: 0.000/0.000 secs] [Times: user=0.00 sys=0.00, real=0.00 secs] 
154.982: [GC (Allocation Failure) 154.982: [ParNew: 73282K->0K(92160K), 0.0019773 secs] 104831K->41788K(194560K), 0.0021701 secs] [Times: user=0.00 sys=0.00, real=0.00 secs] 
155.992: [GC (Allocation Failure) 155.992: [ParNew: 73282K->0K(92160K), 0.0022570 secs] 115071K->52028K(194560K), 0.0025321 secs] [Times: user=0.01 sys=0.00, real=0.00 secs] 
157.006: [GC (Allocation Failure) 157.006: [ParNew: 73282K->0K(92160K), 0.0025570 secs] 125311K->62268K(194560K), 0.0028300 secs] [Times: user=0.01 sys=0.01, real=0.00 secs] 
157.010: [GC (CMS Initial Mark) [1 CMS-initial-mark: 62268K(102400K)] 72508K(194560K), 0.0004019 secs] [Times: user=0.00 sys=0.00, real=0.00 secs] 
157.011: [CMS-concurrent-mark-start]
157.013: [CMS-concurrent-mark: 0.003/0.003 secs] [Times: user=0.00 sys=0.00, real=0.01 secs] 
157.013: [CMS-concurrent-preclean-start]
157.014: [CMS-concurrent-preclean: 0.000/0.000 secs] [Times: user=0.00 sys=0.00, real=0.00 secs] 
157.014: [CMS-concurrent-abortable-preclean-start]
158.021: [GC (Allocation Failure) 158.021: [ParNew: 73282K->0K(92160K), 0.0015079 secs] 135551K->62268K(194560K), 0.0018159 secs] [Times: user=0.01 sys=0.00, real=0.01 secs] 
158.030: [GC (Allocation Failure) 158.030: [ParNew: 73282K->0K(92160K), 0.0038167 secs] 135551K->92988K(194560K), 0.0039777 secs] [Times: user=0.03 sys=0.00, real=0.01 secs] 
158.034: [CMS-concurrent-abortable-preclean: 0.005/1.020 secs] [Times: user=0.05 sys=0.00, real=1.02 secs] 
158.035: [GC (CMS Final Remark) [YG occupancy: 10240 K (92160 K)]158.035: [Rescan (parallel) , 0.0002925 secs]158.035: [weak refs processing, 0.0000195 secs]158.035: [class unloading, 0.0004184 secs]158.036: [scrub symbol table, 0.0005252 secs]158.036: [scrub string table, 0.0002398 secs][1 CMS-remark: 92988K(102400K)] 103228K(194560K), 0.0016137 secs] [Times: user=0.00 sys=0.00, real=0.00 secs] 
158.037: [CMS-concurrent-sweep-start]
158.037: [CMS-concurrent-sweep: 0.000/0.000 secs] [Times: user=0.00 sys=0.00, real=0.00 secs] 
158.037: [CMS-concurrent-reset-start]
158.037: [CMS-concurrent-reset: 0.000/0.000 secs] [Times: user=0.00 sys=0.00, real=0.00 secs] 
159.049: [GC (Allocation Failure) 159.049: [ParNew: 73282K->0K(92160K), 0.0024241 secs] 115071K->62268K(194560K), 0.0025729 secs] [Times: user=0.01 sys=0.00, real=0.01 secs] 
159.053: [GC (CMS Initial Mark) [1 CMS-initial-mark: 62268K(102400K)] 72508K(194560K), 0.0002039 secs] [Times: user=0.00 sys=0.00, real=0.00 secs] 
159.053: [CMS-concurrent-mark-start]
159.055: [CMS-concurrent-mark: 0.002/0.002 secs] [Times: user=0.01 sys=0.00, real=0.00 secs] 
159.055: [CMS-concurrent-preclean-start]
159.056: [CMS-concurrent-preclean: 0.000/0.000 secs] [Times: user=0.00 sys=0.00, real=0.00 secs] 
159.056: [CMS-concurrent-abortable-preclean-start]
160.065: [GC (Allocation Failure) 160.065: [ParNew: 73282K->0K(92160K), 0.0014085 secs] 135551K->72508K(194560K), 0.0015987 secs] [Times: user=0.00 sys=0.00, real=0.00 secs] 
161.080: [GC (Allocation Failure) 161.080: [ParNew: 73282K->0K(92160K), 0.0007793 secs] 145791K->72508K(194560K), 0.0009340 secs] [Times: user=0.01 sys=0.00, real=0.00 secs] 
161.292: [CMS-concurrent-abortable-preclean: 0.009/2.236 secs] [Times: user=0.03 sys=0.00, real=2.24 secs] 
161.292: [GC (CMS Final Remark) [YG occupancy: 42562 K (92160 K)]161.292: [Rescan (parallel) , 0.0003439 secs]161.293: [weak refs processing, 0.0000228 secs]161.293: [class unloading, 0.0004322 secs]161.293: [scrub symbol table, 0.0005378 secs]161.294: [scrub string table, 0.0002427 secs][1 CMS-remark: 72508K(102400K)] 115071K(194560K), 0.0017160 secs] [Times: user=0.00 sys=0.00, real=0.00 secs] 
161.294: [CMS-concurrent-sweep-start]
161.294: [CMS-concurrent-sweep: 0.000/0.000 secs] [Times: user=0.00 sys=0.00, real=0.00 secs] 
161.294: [CMS-concurrent-reset-start]
161.295: [CMS-concurrent-reset: 0.000/0.000 secs] [Times: user=0.00 sys=0.00, real=0.00 secs] 
162.094: [GC (Allocation Failure) 162.094: [ParNew: 73282K->0K(92160K), 0.0020051 secs] 104831K->41788K(194560K), 0.0022051 secs] [Times: user=0.00 sys=0.00, real=0.00 secs] 
163.109: [GC (Allocation Failure) 163.109: [ParNew: 73282K->0K(92160K), 0.0021382 secs] 115071K->52028K(194560K), 0.0023778 secs] [Times: user=0.01 sys=0.00, real=0.00 secs] 
164.123: [GC (Allocation Failure) 164.123: [ParNew: 73282K->0K(92160K), 0.0025718 secs] 125311K->62268K(194560K), 0.0028456 secs] [Times: user=0.00 sys=0.00, real=0.00 secs] 
164.127: [GC (CMS Initial Mark) [1 CMS-initial-mark: 62268K(102400K)] 72508K(194560K), 0.0003537 secs] [Times: user=0.01 sys=0.00, real=0.00 secs] 
164.127: [CMS-concurrent-mark-start]
164.129: [CMS-concurrent-mark: 0.002/0.002 secs] [Times: user=0.00 sys=0.00, real=0.00 secs] 
164.129: [CMS-concurrent-preclean-start]
164.130: [CMS-concurrent-preclean: 0.000/0.000 secs] [Times: user=0.00 sys=0.00, real=0.00 secs] 
164.130: [CMS-concurrent-abortable-preclean-start]
165.136: [GC (Allocation Failure) 165.136: [ParNew: 73282K->0K(92160K), 0.0005321 secs] 135551K->62268K(194560K), 0.0005946 secs] [Times: user=0.00 sys=0.00, real=0.00 secs] 
165.139: [GC (Allocation Failure) 165.139: [ParNew: 73282K->0K(92160K), 0.0021346 secs] 135551K->92988K(194560K), 0.0022350 secs] [Times: user=0.02 sys=0.00, real=0.00 secs] 
165.141: [CMS-concurrent-abortable-preclean: 0.004/1.012 secs] [Times: user=0.03 sys=0.00, real=1.01 secs] 
165.142: [GC (CMS Final Remark) [YG occupancy: 10240 K (92160 K)]165.142: [Rescan (parallel) , 0.0001926 secs]165.142: [weak refs processing, 0.0000090 secs]165.142: [class unloading, 0.0002743 secs]165.142: [scrub symbol table, 0.0002612 secs]165.143: [scrub string table, 0.0001214 secs][1 CMS-remark: 92988K(102400K)] 103228K(194560K), 0.0009292 secs] [Times: user=0.00 sys=0.00, real=0.00 secs] 
165.143: [CMS-concurrent-sweep-start]
165.143: [CMS-concurrent-sweep: 0.000/0.000 secs] [Times: user=0.00 sys=0.00, real=0.00 secs] 
165.143: [CMS-concurrent-reset-start]
165.143: [CMS-concurrent-reset: 0.000/0.000 secs] [Times: user=0.00 sys=0.00, real=0.00 secs] 
166.155: [GC (Allocation Failure) 166.155: [ParNew: 73282K->0K(92160K), 0.0025436 secs] 115071K->62268K(194560K), 0.0027376 secs] [Times: user=0.01 sys=0.00, real=0.00 secs] 
166.159: [GC (CMS Initial Mark) [1 CMS-initial-mark: 62268K(102400K)] 72508K(194560K), 0.0002530 secs] [Times: user=0.00 sys=0.00, real=0.00 secs] 
166.159: [CMS-concurrent-mark-start]
166.161: [CMS-concurrent-mark: 0.002/0.002 secs] [Times: user=0.01 sys=0.00, real=0.00 secs] 
166.161: [CMS-concurrent-preclean-start]
166.161: [CMS-concurrent-preclean: 0.000/0.000 secs] [Times: user=0.00 sys=0.00, real=0.01 secs] 
166.162: [CMS-concurrent-abortable-preclean-start]
167.172: [GC (Allocation Failure) 167.172: [ParNew: 73282K->0K(92160K), 0.0022701 secs] 135551K->72510K(194560K), 0.0024653 secs] [Times: user=0.01 sys=0.00, real=0.00 secs] 
168.183: [GC (Allocation Failure) 168.184: [ParNew: 73282K->0K(92160K), 0.0009887 secs] 145793K->72510K(194560K), 0.0012807 secs] [Times: user=0.00 sys=0.00, real=0.00 secs] 
168.390: [CMS-concurrent-abortable-preclean: 0.011/2.228 secs] [Times: user=0.03 sys=0.00, real=2.22 secs] 
168.390: [GC (CMS Final Remark) [YG occupancy: 42562 K (92160 K)]168.390: [Rescan (parallel) , 0.0005552 secs]168.391: [weak refs processing, 0.0000405 secs]168.391: [class unloading, 0.0009012 secs]168.392: [scrub symbol table, 0.0010555 secs]168.393: [scrub string table, 0.0004242 secs][1 CMS-remark: 72510K(102400K)] 115073K(194560K), 0.0031701 secs] [Times: user=0.01 sys=0.00, real=0.01 secs] 
168.394: [CMS-concurrent-sweep-start]
168.394: [CMS-concurrent-sweep: 0.001/0.001 secs] [Times: user=0.00 sys=0.00, real=0.00 secs] 
168.394: [CMS-concurrent-reset-start]
168.394: [CMS-concurrent-reset: 0.000/0.000 secs] [Times: user=0.00 sys=0.00, real=0.00 secs] 
169.197: [GC (Allocation Failure) 169.197: [ParNew: 73282K->0K(92160K), 0.0074323 secs] 104833K->41790K(194560K), 0.0076582 secs] [Times: user=0.00 sys=0.00, real=0.01 secs] 
170.215: [GC (Allocation Failure) 170.216: [ParNew: 73282K->0K(92160K), 0.0018146 secs] 115073K->52030K(194560K), 0.0020278 secs] [Times: user=0.00 sys=0.00, real=0.00 secs] 
171.229: [GC (Allocation Failure) 171.229: [ParNew: 73282K->0K(92160K), 0.0025527 secs] 125313K->62270K(194560K), 0.0027927 secs] [Times: user=0.01 sys=0.00, real=0.01 secs] 
171.233: [GC (CMS Initial Mark) [1 CMS-initial-mark: 62270K(102400K)] 72510K(194560K), 0.0003442 secs] [Times: user=0.00 sys=0.00, real=0.00 secs] 
171.233: [CMS-concurrent-mark-start]
171.236: [CMS-concurrent-mark: 0.002/0.002 secs] [Times: user=0.01 sys=0.00, real=0.00 secs] 
171.236: [CMS-concurrent-preclean-start]
171.236: [CMS-concurrent-preclean: 0.000/0.000 secs] [Times: user=0.00 sys=0.00, real=0.00 secs] 
171.236: [CMS-concurrent-abortable-preclean-start]
172.244: [GC (Allocation Failure) 172.244: [ParNew: 73282K->0K(92160K), 0.0014488 secs] 135553K->62270K(194560K), 0.0017220 secs] [Times: user=0.01 sys=0.00, real=0.00 secs] 
172.253: [GC (Allocation Failure) 172.253: [ParNew: 73282K->0K(92160K), 0.0037749 secs] 135553K->92990K(194560K), 0.0039304 secs] [Times: user=0.02 sys=0.01, real=0.00 secs] 
172.257: [CMS-concurrent-abortable-preclean: 0.004/1.021 secs] [Times: user=0.04 sys=0.01, real=1.02 secs] 
172.258: [GC (CMS Final Remark) [YG occupancy: 10240 K (92160 K)]172.258: [Rescan (parallel) , 0.0002796 secs]172.258: [weak refs processing, 0.0000193 secs]172.258: [class unloading, 0.0004464 secs]172.259: [scrub symbol table, 0.0005398 secs]172.259: [scrub string table, 0.0002400 secs][1 CMS-remark: 92990K(102400K)] 103230K(194560K), 0.0016427 secs] [Times: user=0.00 sys=0.00, real=0.00 secs] 
172.259: [CMS-concurrent-sweep-start]
172.260: [CMS-concurrent-sweep: 0.000/0.000 secs] [Times: user=0.00 sys=0.00, real=0.00 secs] 
172.260: [CMS-concurrent-reset-start]
172.260: [CMS-concurrent-reset: 0.000/0.000 secs] [Times: user=0.00 sys=0.00, real=0.00 secs] 
173.270: [GC (Allocation Failure) 173.270: [ParNew: 73282K->0K(92160K), 0.0024298 secs] 115073K->62270K(194560K), 0.0026095 secs] [Times: user=0.01 sys=0.00, real=0.01 secs] 
173.273: [GC (CMS Initial Mark) [1 CMS-initial-mark: 62270K(102400K)] 72510K(194560K), 0.0003120 secs] [Times: user=0.00 sys=0.00, real=0.00 secs] 
173.274: [CMS-concurrent-mark-start]
173.276: [CMS-concurrent-mark: 0.002/0.002 secs] [Times: user=0.00 sys=0.00, real=0.00 secs] 
173.276: [CMS-concurrent-preclean-start]
173.276: [CMS-concurrent-preclean: 0.000/0.000 secs] [Times: user=0.00 sys=0.00, real=0.00 secs] 
173.276: [CMS-concurrent-abortable-preclean-start]
174.284: [GC (Allocation Failure) 174.284: [ParNew: 73282K->0K(92160K), 0.0014634 secs] 135553K->72510K(194560K), 0.0019481 secs] [Times: user=0.01 sys=0.00, real=0.00 secs] 
175.296: [GC (Allocation Failure) 175.296: [ParNew: 73282K->0K(92160K), 0.0006979 secs] 145793K->72510K(194560K), 0.0011231 secs] [Times: user=0.00 sys=0.00, real=0.00 secs] 
175.506: [CMS-concurrent-abortable-preclean: 0.010/2.230 secs] [Times: user=0.04 sys=0.00, real=2.23 secs] 
175.507: [GC (CMS Final Remark) [YG occupancy: 42562 K (92160 K)]175.507: [Rescan (parallel) , 0.0006934 secs]175.507: [weak refs processing, 0.0000511 secs]175.507: [class unloading, 0.0014326 secs]175.509: [scrub symbol table, 0.0021356 secs]175.511: [scrub string table, 0.0005105 secs][1 CMS-remark: 72510K(102400K)] 115073K(194560K), 0.0050609 secs] [Times: user=0.00 sys=0.00, real=0.01 secs] 
175.512: [CMS-concurrent-sweep-start]
175.513: [CMS-concurrent-sweep: 0.001/0.001 secs] [Times: user=0.00 sys=0.00, real=0.00 secs] 
175.513: [CMS-concurrent-reset-start]
175.513: [CMS-concurrent-reset: 0.000/0.000 secs] [Times: user=0.00 sys=0.00, real=0.00 secs] 
176.307: [GC (Allocation Failure) 176.307: [ParNew: 73282K->0K(92160K), 0.0012483 secs] 104833K->41790K(194560K), 0.0013514 secs] [Times: user=0.00 sys=0.00, real=0.00 secs] 
177.319: [GC (Allocation Failure) 177.319: [ParNew: 73282K->0K(92160K), 0.0014194 secs] 115073K->52030K(194560K), 0.0015474 secs] [Times: user=0.01 sys=0.00, real=0.00 secs] 
178.330: [GC (Allocation Failure) 178.330: [ParNew: 73282K->0K(92160K), 0.0011725 secs] 125313K->62270K(194560K), 0.0013003 secs] [Times: user=0.00 sys=0.00, real=0.00 secs] 
178.332: [GC (CMS Initial Mark) [1 CMS-initial-mark: 62270K(102400K)] 72510K(194560K), 0.0001809 secs] [Times: user=0.00 sys=0.00, real=0.00 secs] 
178.332: [CMS-concurrent-mark-start]
178.334: [CMS-concurrent-mark: 0.002/0.002 secs] [Times: user=0.01 sys=0.00, real=0.00 secs] 
178.334: [CMS-concurrent-preclean-start]
178.334: [CMS-concurrent-preclean: 0.000/0.000 secs] [Times: user=0.00 sys=0.00, real=0.00 secs] 
178.334: [CMS-concurrent-abortable-preclean-start]
179.341: [GC (Allocation Failure) 179.341: [ParNew: 73282K->0K(92160K), 0.0005730 secs] 135553K->62270K(194560K), 0.0006886 secs] [Times: user=0.00 sys=0.00, real=0.01 secs] 
179.346: [GC (Allocation Failure) 179.346: [ParNew: 73282K->0K(92160K), 0.0024760 secs] 135553K->92990K(194560K), 0.0025915 secs] [Times: user=0.02 sys=0.00, real=0.00 secs] 
179.348: [CMS-concurrent-abortable-preclean: 0.004/1.015 secs] [Times: user=0.03 sys=0.00, real=1.01 secs] 
179.349: [GC (CMS Final Remark) [YG occupancy: 10240 K (92160 K)]179.349: [Rescan (parallel) , 0.0002039 secs]179.349: [weak refs processing, 0.0000138 secs]179.349: [class unloading, 0.0003697 secs]179.350: [scrub symbol table, 0.0003803 secs]179.350: [scrub string table, 0.0001675 secs][1 CMS-remark: 92990K(102400K)] 103230K(194560K), 0.0012342 secs] [Times: user=0.00 sys=0.00, real=0.00 secs] 
179.350: [CMS-concurrent-sweep-start]
179.351: [CMS-concurrent-sweep: 0.000/0.000 secs] [Times: user=0.00 sys=0.00, real=0.00 secs] 
179.351: [CMS-concurrent-reset-start]
179.351: [CMS-concurrent-reset: 0.000/0.000 secs] [Times: user=0.00 sys=0.00, real=0.00 secs] 
180.354: [GC (Allocation Failure) 180.354: [ParNew: 73282K->0K(92160K), 0.0017948 secs] 115073K->62270K(194560K), 0.0019234 secs] [Times: user=0.02 sys=0.00, real=0.00 secs] 
180.356: [GC (CMS Initial Mark) [1 CMS-initial-mark: 62270K(102400K)] 72510K(194560K), 0.0001878 secs] [Times: user=0.00 sys=0.01, real=0.00 secs] 
180.357: [CMS-concurrent-mark-start]
180.358: [CMS-concurrent-mark: 0.001/0.001 secs] [Times: user=0.00 sys=0.00, real=0.00 secs] 
180.358: [CMS-concurrent-preclean-start]
180.358: [CMS-concurrent-preclean: 0.000/0.000 secs] [Times: user=0.00 sys=0.00, real=0.00 secs] 
180.358: [CMS-concurrent-abortable-preclean-start]
181.364: [GC (Allocation Failure) 181.364: [ParNew: 73282K->0K(92160K), 0.0015335 secs] 135553K->72510K(194560K), 0.0016179 secs] [Times: user=0.00 sys=0.00, real=0.00 secs] 
182.372: [GC (Allocation Failure) 182.372: [ParNew: 73282K->0K(92160K), 0.0006963 secs] 145793K->72510K(194560K), 0.0011455 secs] [Times: user=0.00 sys=0.00, real=0.00 secs] 
182.580: [CMS-concurrent-abortable-preclean: 0.009/2.222 secs] [Times: user=0.02 sys=0.00, real=2.22 secs] 
182.580: [GC (CMS Final Remark) [YG occupancy: 42562 K (92160 K)]182.580: [Rescan (parallel) , 0.0006623 secs]182.581: [weak refs processing, 0.0000360 secs]182.581: [class unloading, 0.0008499 secs]182.582: [scrub symbol table, 0.0007243 secs]182.583: [scrub string table, 0.0002769 secs][1 CMS-remark: 72510K(102400K)] 115073K(194560K), 0.0027555 secs] [Times: user=0.01 sys=0.00, real=0.01 secs] 
182.583: [CMS-concurrent-sweep-start]
182.584: [CMS-concurrent-sweep: 0.000/0.000 secs] [Times: user=0.00 sys=0.00, real=0.00 secs] 
182.584: [CMS-concurrent-reset-start]
182.584: [CMS-concurrent-reset: 0.000/0.000 secs] [Times: user=0.00 sys=0.00, real=0.00 secs] 
183.378: [GC (Allocation Failure) 183.379: [ParNew: 73282K->0K(92160K), 0.0012065 secs] 104833K->41790K(194560K), 0.0013448 secs] [Times: user=0.01 sys=0.00, real=0.00 secs] 
184.385: [GC (Allocation Failure) 184.385: [ParNew: 73282K->0K(92160K), 0.0011635 secs] 115073K->52030K(194560K), 0.0012776 secs] [Times: user=0.01 sys=0.00, real=0.00 secs] 
185.393: [GC (Allocation Failure) 185.393: [ParNew: 73282K->0K(92160K), 0.0014623 secs] 125313K->62270K(194560K), 0.0016083 secs] [Times: user=0.01 sys=0.00, real=0.00 secs] 
185.395: [GC (CMS Initial Mark) [1 CMS-initial-mark: 62270K(102400K)] 72510K(194560K), 0.0002022 secs] [Times: user=0.00 sys=0.00, real=0.00 secs] 
185.395: [CMS-concurrent-mark-start]
185.397: [CMS-concurrent-mark: 0.002/0.002 secs] [Times: user=0.01 sys=0.00, real=0.00 secs] 
185.397: [CMS-concurrent-preclean-start]
185.398: [CMS-concurrent-preclean: 0.000/0.000 secs] [Times: user=0.00 sys=0.00, real=0.00 secs] 
185.398: [CMS-concurrent-abortable-preclean-start]
186.404: [GC (Allocation Failure) 186.405: [ParNew: 73282K->0K(92160K), 0.0006332 secs] 135553K->62270K(194560K), 0.0007734 secs] [Times: user=0.00 sys=0.00, real=0.00 secs] 
186.410: [GC (Allocation Failure) 186.410: [ParNew: 73282K->0K(92160K), 0.0027808 secs] 135553K->92990K(194560K), 0.0029018 secs] [Times: user=0.02 sys=0.00, real=0.01 secs] 
186.413: [CMS-concurrent-abortable-preclean: 0.005/1.015 secs] [Times: user=0.03 sys=0.00, real=1.02 secs] 
186.413: [GC (CMS Final Remark) [YG occupancy: 10240 K (92160 K)]186.413: [Rescan (parallel) , 0.0001921 secs]186.414: [weak refs processing, 0.0000172 secs]186.414: [class unloading, 0.0003797 secs]186.414: [scrub symbol table, 0.0004855 secs]186.415: [scrub string table, 0.0002068 secs][1 CMS-remark: 92990K(102400K)] 103230K(194560K), 0.0013854 secs] [Times: user=0.01 sys=0.00, real=0.00 secs] 
186.415: [CMS-concurrent-sweep-start]
186.415: [CMS-concurrent-sweep: 0.000/0.000 secs] [Times: user=0.00 sys=0.00, real=0.00 secs] 
186.415: [CMS-concurrent-reset-start]
186.415: [CMS-concurrent-reset: 0.000/0.000 secs] [Times: user=0.00 sys=0.00, real=0.00 secs] 
187.424: [GC (Allocation Failure) 187.424: [ParNew: 73282K->0K(92160K), 0.0023682 secs] 115073K->62270K(194560K), 0.0025010 secs] [Times: user=0.02 sys=0.00, real=0.00 secs] 
187.428: [GC (CMS Initial Mark) [1 CMS-initial-mark: 62270K(102400K)] 72510K(194560K), 0.0002423 secs] [Times: user=0.00 sys=0.00, real=0.00 secs] 
187.428: [CMS-concurrent-mark-start]
187.430: [CMS-concurrent-mark: 0.002/0.002 secs] [Times: user=0.00 sys=0.00, real=0.00 secs] 
187.430: [CMS-concurrent-preclean-start]
187.430: [CMS-concurrent-preclean: 0.000/0.000 secs] [Times: user=0.00 sys=0.00, real=0.00 secs] 
187.430: [CMS-concurrent-abortable-preclean-start]
188.434: [GC (Allocation Failure) 188.434: [ParNew: 73282K->0K(92160K), 0.0014075 secs] 135553K->72510K(194560K), 0.0015420 secs] [Times: user=0.01 sys=0.00, real=0.00 secs] 
189.443: [GC (Allocation Failure) 189.443: [ParNew: 73282K->0K(92160K), 0.0006792 secs] 145793K->72510K(194560K), 0.0008847 secs] [Times: user=0.00 sys=0.01, real=0.00 secs] 
189.650: [CMS-concurrent-abortable-preclean: 0.010/2.220 secs] [Times: user=0.04 sys=0.01, real=2.22 secs] 
189.651: [GC (CMS Final Remark) [YG occupancy: 42562 K (92160 K)]189.651: [Rescan (parallel) , 0.0003430 secs]189.651: [weak refs processing, 0.0000281 secs]189.651: [class unloading, 0.0004663 secs]189.651: [scrub symbol table, 0.0005319 secs]189.652: [scrub string table, 0.0002409 secs][1 CMS-remark: 72510K(102400K)] 115073K(194560K), 0.0017634 secs] [Times: user=0.00 sys=0.00, real=0.01 secs] 
189.652: [CMS-concurrent-sweep-start]
189.653: [CMS-concurrent-sweep: 0.000/0.000 secs] [Times: user=0.00 sys=0.00, real=0.00 secs] 
189.653: [CMS-concurrent-reset-start]
189.653: [CMS-concurrent-reset: 0.000/0.000 secs] [Times: user=0.00 sys=0.00, real=0.00 secs] 
190.449: [GC (Allocation Failure) 190.449: [ParNew: 73282K->0K(92160K), 0.0009845 secs] 104833K->41790K(194560K), 0.0010985 secs] [Times: user=0.01 sys=0.00, real=0.00 secs] 
191.455: [GC (Allocation Failure) 191.455: [ParNew: 73282K->0K(92160K), 0.0009839 secs] 115073K->52030K(194560K), 0.0010986 secs] [Times: user=0.01 sys=0.00, real=0.00 secs] 
192.462: [GC (Allocation Failure) 192.462: [ParNew: 73282K->0K(92160K), 0.0014834 secs] 125313K->62270K(194560K), 0.0015890 secs] [Times: user=0.01 sys=0.00, real=0.00 secs] 
192.464: [GC (CMS Initial Mark) [1 CMS-initial-mark: 62270K(102400K)] 72510K(194560K), 0.0002069 secs] [Times: user=0.00 sys=0.00, real=0.00 secs] 
192.465: [CMS-concurrent-mark-start]
192.467: [CMS-concurrent-mark: 0.002/0.002 secs] [Times: user=0.00 sys=0.00, real=0.00 secs] 
192.467: [CMS-concurrent-preclean-start]
192.467: [CMS-concurrent-preclean: 0.000/0.000 secs] [Times: user=0.00 sys=0.00, real=0.00 secs] 
192.467: [CMS-concurrent-abortable-preclean-start]
193.473: [GC (Allocation Failure) 193.473: [ParNew: 73282K->0K(92160K), 0.0006620 secs] 135553K->62270K(194560K), 0.0007607 secs] [Times: user=0.00 sys=0.00, real=0.00 secs] 
193.480: [GC (Allocation Failure) 193.480: [ParNew: 73282K->0K(92160K), 0.0032788 secs] 135553K->92990K(194560K), 0.0033969 secs] [Times: user=0.02 sys=0.00, real=0.01 secs] 
193.483: [CMS-concurrent-abortable-preclean: 0.003/1.016 secs] [Times: user=0.04 sys=0.00, real=1.02 secs] 
193.484: [GC (CMS Final Remark) [YG occupancy: 10240 K (92160 K)]193.484: [Rescan (parallel) , 0.0003009 secs]193.484: [weak refs processing, 0.0000178 secs]193.484: [class unloading, 0.0006589 secs]193.485: [scrub symbol table, 0.0006364 secs]193.485: [scrub string table, 0.0002455 secs][1 CMS-remark: 92990K(102400K)] 103230K(194560K), 0.0019689 secs] [Times: user=0.01 sys=0.00, real=0.00 secs] 
193.486: [CMS-concurrent-sweep-start]
193.486: [CMS-concurrent-sweep: 0.000/0.000 secs] [Times: user=0.00 sys=0.00, real=0.00 secs] 
193.486: [CMS-concurrent-reset-start]
193.486: [CMS-concurrent-reset: 0.000/0.000 secs] [Times: user=0.00 sys=0.00, real=0.00 secs] 
194.492: [GC (Allocation Failure) 194.492: [ParNew: 73282K->0K(92160K), 0.0019200 secs] 115073K->62270K(194560K), 0.0020630 secs] [Times: user=0.01 sys=0.00, real=0.00 secs] 
194.495: [GC (CMS Initial Mark) [1 CMS-initial-mark: 62270K(102400K)] 72510K(194560K), 0.0001901 secs] [Times: user=0.00 sys=0.00, real=0.00 secs] 
194.495: [CMS-concurrent-mark-start]
194.497: [CMS-concurrent-mark: 0.002/0.002 secs] [Times: user=0.01 sys=0.00, real=0.00 secs] 
194.497: [CMS-concurrent-preclean-start]
194.497: [CMS-concurrent-preclean: 0.000/0.000 secs] [Times: user=0.00 sys=0.00, real=0.00 secs] 
194.497: [CMS-concurrent-abortable-preclean-start]
195.499: [GC (Allocation Failure) 195.499: [ParNew: 73282K->0K(92160K), 0.0010959 secs] 135553K->72510K(194560K), 0.0012388 secs] [Times: user=0.01 sys=0.00, real=0.00 secs] 
196.506: [GC (Allocation Failure) 196.506: [ParNew: 73282K->0K(92160K), 0.0005907 secs] 145793K->72510K(194560K), 0.0006930 secs] [Times: user=0.00 sys=0.01, real=0.00 secs] 
196.718: [CMS-concurrent-abortable-preclean: 0.005/2.221 secs] [Times: user=0.02 sys=0.01, real=2.22 secs] 
196.718: [GC (CMS Final Remark) [YG occupancy: 42562 K (92160 K)]196.718: [Rescan (parallel) , 0.0004583 secs]196.719: [weak refs processing, 0.0000273 secs]196.719: [class unloading, 0.0005631 secs]196.719: [scrub symbol table, 0.0006694 secs]196.720: [scrub string table, 0.0002940 secs][1 CMS-remark: 72510K(102400K)] 115073K(194560K), 0.0021725 secs] [Times: user=0.01 sys=0.00, real=0.00 secs] 
196.720: [CMS-concurrent-sweep-start]
196.721: [CMS-concurrent-sweep: 0.001/0.001 secs] [Times: user=0.00 sys=0.00, real=0.00 secs] 
196.721: [CMS-concurrent-reset-start]
196.721: [CMS-concurrent-reset: 0.000/0.000 secs] [Times: user=0.00 sys=0.00, real=0.00 secs] 
197.513: [GC (Allocation Failure) 197.513: [ParNew: 73282K->0K(92160K), 0.0009938 secs] 104833K->41790K(194560K), 0.0011196 secs] [Times: user=0.00 sys=0.00, real=0.00 secs] 
198.521: [GC (Allocation Failure) 198.521: [ParNew: 73282K->0K(92160K), 0.0009533 secs] 115073K->52030K(194560K), 0.0010762 secs] [Times: user=0.00 sys=0.00, real=0.00 secs] 
199.531: [GC (Allocation Failure) 199.531: [ParNew: 73282K->0K(92160K), 0.0015492 secs] 125313K->62270K(194560K), 0.0017474 secs] [Times: user=0.00 sys=0.00, real=0.01 secs] 
199.534: [GC (CMS Initial Mark) [1 CMS-initial-mark: 62270K(102400K)] 72510K(194560K), 0.0003699 secs] [Times: user=0.01 sys=0.00, real=0.00 secs] 
199.534: [CMS-concurrent-mark-start]
199.537: [CMS-concurrent-mark: 0.003/0.003 secs] [Times: user=0.00 sys=0.00, real=0.00 secs] 
199.537: [CMS-concurrent-preclean-start]
199.537: [CMS-concurrent-preclean: 0.000/0.000 secs] [Times: user=0.00 sys=0.00, real=0.00 secs] 
199.537: [CMS-concurrent-abortable-preclean-start]
200.544: [GC (Allocation Failure) 200.545: [ParNew: 73282K->0K(92160K), 0.0013083 secs] 135553K->62270K(194560K), 0.0015752 secs] [Times: user=0.00 sys=0.00, real=0.00 secs] 
200.553: [GC (Allocation Failure) 200.553: [ParNew: 73282K->0K(92160K), 0.0033071 secs] 135553K->92990K(194560K), 0.0034572 secs] [Times: user=0.02 sys=0.00, real=0.00 secs] 
200.556: [CMS-concurrent-abortable-preclean: 0.005/1.019 secs] [Times: user=0.04 sys=0.00, real=1.02 secs] 
200.557: [GC (CMS Final Remark) [YG occupancy: 10240 K (92160 K)]200.557: [Rescan (parallel) , 0.0002926 secs]200.557: [weak refs processing, 0.0000219 secs]200.557: [class unloading, 0.0004433 secs]200.558: [scrub symbol table, 0.0005453 secs]200.558: [scrub string table, 0.0002385 secs][1 CMS-remark: 92990K(102400K)] 103230K(194560K), 0.0016840 secs] [Times: user=0.00 sys=0.00, real=0.00 secs] 
200.559: [CMS-concurrent-sweep-start]
200.559: [CMS-concurrent-sweep: 0.000/0.000 secs] [Times: user=0.00 sys=0.00, real=0.00 secs] 
200.559: [CMS-concurrent-reset-start]
200.559: [CMS-concurrent-reset: 0.000/0.000 secs] [Times: user=0.00 sys=0.00, real=0.00 secs] 
201.568: [GC (Allocation Failure) 201.569: [ParNew: 73282K->0K(92160K), 0.0025232 secs] 115073K->62270K(194560K), 0.0026825 secs] [Times: user=0.02 sys=0.00, real=0.00 secs] 
201.572: [GC (CMS Initial Mark) [1 CMS-initial-mark: 62270K(102400K)] 72510K(194560K), 0.0002219 secs] [Times: user=0.00 sys=0.00, real=0.00 secs] 
201.572: [CMS-concurrent-mark-start]
201.574: [CMS-concurrent-mark: 0.002/0.002 secs] [Times: user=0.00 sys=0.00, real=0.00 secs] 
201.574: [CMS-concurrent-preclean-start]
201.575: [CMS-concurrent-preclean: 0.000/0.000 secs] [Times: user=0.00 sys=0.00, real=0.00 secs] 
201.575: [CMS-concurrent-abortable-preclean-start]
202.580: [GC (Allocation Failure) 202.580: [ParNew: 73282K->0K(92160K), 0.0012018 secs] 135553K->72510K(194560K), 0.0013638 secs] [Times: user=0.01 sys=0.00, real=0.00 secs] 
203.588: [GC (Allocation Failure) 203.588: [ParNew: 73282K->0K(92160K), 0.0004646 secs] 145793K->72510K(194560K), 0.0005419 secs] [Times: user=0.01 sys=0.00, real=0.00 secs] 
203.799: [CMS-concurrent-abortable-preclean: 0.006/2.225 secs] [Times: user=0.03 sys=0.01, real=2.22 secs] 
203.799: [GC (CMS Final Remark) [YG occupancy: 42562 K (92160 K)]203.799: [Rescan (parallel) , 0.0003250 secs]203.800: [weak refs processing, 0.0000229 secs]203.800: [class unloading, 0.0004156 secs]203.800: [scrub symbol table, 0.0004073 secs]203.801: [scrub string table, 0.0001701 secs][1 CMS-remark: 72510K(102400K)] 115073K(194560K), 0.0014529 secs] [Times: user=0.00 sys=0.00, real=0.00 secs] 
203.801: [CMS-concurrent-sweep-start]
203.801: [CMS-concurrent-sweep: 0.000/0.000 secs] [Times: user=0.00 sys=0.00, real=0.00 secs] 
203.801: [CMS-concurrent-reset-start]
203.801: [CMS-concurrent-reset: 0.000/0.000 secs] [Times: user=0.00 sys=0.00, real=0.00 secs] 
204.605: [GC (Allocation Failure) 204.605: [ParNew: 73282K->0K(92160K), 0.0014527 secs] 104833K->41790K(194560K), 0.0016532 secs] [Times: user=0.01 sys=0.00, real=0.00 secs] 
205.627: [GC (Allocation Failure) 205.627: [ParNew: 73282K->0K(92160K), 0.0027465 secs] 115073K->52030K(194560K), 0.0029528 secs] [Times: user=0.01 sys=0.00, real=0.00 secs] 
206.642: [GC (Allocation Failure) 206.642: [ParNew: 73282K->0K(92160K), 0.0025527 secs] 125313K->62270K(194560K), 0.0027939 secs] [Times: user=0.01 sys=0.00, real=0.01 secs] 
206.646: [GC (CMS Initial Mark) [1 CMS-initial-mark: 62270K(102400K)] 72510K(194560K), 0.0003298 secs] [Times: user=0.00 sys=0.00, real=0.00 secs] 
206.646: [CMS-concurrent-mark-start]
206.649: [CMS-concurrent-mark: 0.002/0.002 secs] [Times: user=0.01 sys=0.00, real=0.00 secs] 
206.649: [CMS-concurrent-preclean-start]
206.649: [CMS-concurrent-preclean: 0.000/0.000 secs] [Times: user=0.00 sys=0.00, real=0.00 secs] 
206.649: [CMS-concurrent-abortable-preclean-start]
207.656: [GC (Allocation Failure) 207.657: [ParNew: 73282K->0K(92160K), 0.0013820 secs] 135553K->62270K(194560K), 0.0015789 secs] [Times: user=0.00 sys=0.00, real=0.00 secs] 
207.665: [GC (Allocation Failure) 207.665: [ParNew: 73282K->0K(92160K), 0.0037852 secs] 135553K->92990K(194560K), 0.0039569 secs] [Times: user=0.02 sys=0.00, real=0.00 secs] 
207.669: [CMS-concurrent-abortable-preclean: 0.005/1.020 secs] [Times: user=0.04 sys=0.00, real=1.02 secs] 
207.670: [GC (CMS Final Remark) [YG occupancy: 10240 K (92160 K)]207.670: [Rescan (parallel) , 0.0003172 secs]207.670: [weak refs processing, 0.0000195 secs]207.670: [class unloading, 0.0004387 secs]207.670: [scrub symbol table, 0.0005367 secs]207.671: [scrub string table, 0.0002433 secs][1 CMS-remark: 92990K(102400K)] 103230K(194560K), 0.0016875 secs] [Times: user=0.01 sys=0.00, real=0.00 secs] 
207.671: [CMS-concurrent-sweep-start]
207.672: [CMS-concurrent-sweep: 0.000/0.000 secs] [Times: user=0.00 sys=0.00, real=0.00 secs] 
207.672: [CMS-concurrent-reset-start]
207.672: [CMS-concurrent-reset: 0.000/0.000 secs] [Times: user=0.00 sys=0.00, real=0.01 secs] 
208.680: [GC (Allocation Failure) 208.680: [ParNew: 73282K->0K(92160K), 0.0025952 secs] 115073K->62270K(194560K), 0.0027010 secs] [Times: user=0.02 sys=0.00, real=0.01 secs] 
208.684: [GC (CMS Initial Mark) [1 CMS-initial-mark: 62270K(102400K)] 72510K(194560K), 0.0002208 secs] [Times: user=0.00 sys=0.00, real=0.00 secs] 
208.684: [CMS-concurrent-mark-start]
208.686: [CMS-concurrent-mark: 0.002/0.002 secs] [Times: user=0.00 sys=0.00, real=0.00 secs] 
208.686: [CMS-concurrent-preclean-start]
208.686: [CMS-concurrent-preclean: 0.000/0.000 secs] [Times: user=0.00 sys=0.00, real=0.00 secs] 
208.686: [CMS-concurrent-abortable-preclean-start]
209.693: [GC (Allocation Failure) 209.693: [ParNew: 73282K->0K(92160K), 0.0009190 secs] 135553K->72510K(194560K), 0.0011311 secs] [Times: user=0.00 sys=0.00, real=0.00 secs] 
210.699: [GC (Allocation Failure) 210.699: [ParNew: 73282K->0K(92160K), 0.0005697 secs] 145793K->72510K(194560K), 0.0006578 secs] [Times: user=0.00 sys=0.00, real=0.00 secs] 
210.903: [CMS-concurrent-abortable-preclean: 0.005/2.217 secs] [Times: user=0.02 sys=0.00, real=2.22 secs] 
210.904: [GC (CMS Final Remark) [YG occupancy: 42562 K (92160 K)]210.904: [Rescan (parallel) , 0.0003806 secs]210.904: [weak refs processing, 0.0000143 secs]210.904: [class unloading, 0.0007363 secs]210.905: [scrub symbol table, 0.0003955 secs]210.905: [scrub string table, 0.0001087 secs][1 CMS-remark: 72510K(102400K)] 115073K(194560K), 0.0017179 secs] [Times: user=0.00 sys=0.00, real=0.00 secs] 
210.906: [CMS-concurrent-sweep-start]
210.906: [CMS-concurrent-sweep: 0.000/0.000 secs] [Times: user=0.00 sys=0.00, real=0.00 secs] 
210.906: [CMS-concurrent-reset-start]
210.906: [CMS-concurrent-reset: 0.000/0.000 secs] [Times: user=0.00 sys=0.00, real=0.00 secs] 
211.709: [GC (Allocation Failure) 211.709: [ParNew: 73282K->0K(92160K), 0.0036637 secs] 104833K->41790K(194560K), 0.0038100 secs] [Times: user=0.02 sys=0.00, real=0.01 secs] 
212.722: [GC (Allocation Failure) 212.722: [ParNew: 73282K->0K(92160K), 0.0033079 secs] 115073K->52030K(194560K), 0.0034444 secs] [Times: user=0.02 sys=0.00, real=0.00 secs] 
213.731: [GC (Allocation Failure) 213.731: [ParNew: 73282K->0K(92160K), 0.0030198 secs] 125313K->62270K(194560K), 0.0031262 secs] [Times: user=0.02 sys=0.01, real=0.01 secs] 
213.735: [GC (CMS Initial Mark) [1 CMS-initial-mark: 62270K(102400K)] 72510K(194560K), 0.0001682 secs] [Times: user=0.01 sys=0.00, real=0.00 secs] 
213.735: [CMS-concurrent-mark-start]
213.736: [CMS-concurrent-mark: 0.001/0.001 secs] [Times: user=0.00 sys=0.00, real=0.00 secs] 
213.736: [CMS-concurrent-preclean-start]
213.737: [CMS-concurrent-preclean: 0.000/0.000 secs] [Times: user=0.00 sys=0.00, real=0.00 secs] 
213.737: [CMS-concurrent-abortable-preclean-start]
214.739: [GC (Allocation Failure) 214.739: [ParNew: 73282K->0K(92160K), 0.0004806 secs] 135553K->62270K(194560K), 0.0005598 secs] [Times: user=0.01 sys=0.00, real=0.00 secs] 
214.743: [GC (Allocation Failure) 214.743: [ParNew: 73282K->0K(92160K), 0.0037713 secs] 135553K->92990K(194560K), 0.0038885 secs] [Times: user=0.03 sys=0.00, real=0.00 secs] 
214.747: [CMS-concurrent-abortable-preclean: 0.003/1.010 secs] [Times: user=0.04 sys=0.00, real=1.01 secs] 
214.747: [GC (CMS Final Remark) [YG occupancy: 10240 K (92160 K)]214.747: [Rescan (parallel) , 0.0002180 secs]214.747: [weak refs processing, 0.0000117 secs]214.747: [class unloading, 0.0003275 secs]214.748: [scrub symbol table, 0.0003400 secs]214.748: [scrub string table, 0.0001539 secs][1 CMS-remark: 92990K(102400K)] 103230K(194560K), 0.0011266 secs] [Times: user=0.00 sys=0.00, real=0.00 secs] 
214.748: [CMS-concurrent-sweep-start]
214.749: [CMS-concurrent-sweep: 0.000/0.000 secs] [Times: user=0.00 sys=0.00, real=0.00 secs] 
214.749: [CMS-concurrent-reset-start]
214.749: [CMS-concurrent-reset: 0.000/0.000 secs] [Times: user=0.00 sys=0.00, real=0.00 secs] 
215.761: [GC (Allocation Failure) 215.761: [ParNew: 73282K->0K(92160K), 0.0152925 secs] 115073K->62270K(194560K), 0.0157910 secs] [Times: user=0.08 sys=0.00, real=0.02 secs] 
215.777: [GC (CMS Initial Mark) [1 CMS-initial-mark: 62270K(102400K)] 72510K(194560K), 0.0002087 secs] [Times: user=0.00 sys=0.00, real=0.00 secs] 
215.778: [CMS-concurrent-mark-start]
215.779: [CMS-concurrent-mark: 0.002/0.002 secs] [Times: user=0.01 sys=0.00, real=0.00 secs] 
215.779: [CMS-concurrent-preclean-start]
215.780: [CMS-concurrent-preclean: 0.000/0.000 secs] [Times: user=0.00 sys=0.00, real=0.00 secs] 
215.780: [CMS-concurrent-abortable-preclean-start]
216.789: [GC (Allocation Failure) 216.789: [ParNew: 73282K->0K(92160K), 0.0044889 secs] 135553K->72510K(194560K), 0.0046654 secs] [Times: user=0.02 sys=0.01, real=0.01 secs] 
217.802: [GC (Allocation Failure) 217.802: [ParNew: 73282K->0K(92160K), 0.0005149 secs] 145793K->72510K(194560K), 0.0005933 secs] [Times: user=0.00 sys=0.00, real=0.00 secs] 
218.009: [CMS-concurrent-abortable-preclean: 0.009/2.230 secs] [Times: user=0.04 sys=0.01, real=2.23 secs] 
218.009: [GC (CMS Final Remark) [YG occupancy: 42562 K (92160 K)]218.010: [Rescan (parallel) , 0.0002888 secs]218.010: [weak refs processing, 0.0000180 secs]218.010: [class unloading, 0.0004081 secs]218.010: [scrub symbol table, 0.0004600 secs]218.011: [scrub string table, 0.0002007 secs][1 CMS-remark: 72510K(102400K)] 115073K(194560K), 0.0014869 secs] [Times: user=0.00 sys=0.00, real=0.00 secs] 
218.011: [CMS-concurrent-sweep-start]
218.011: [CMS-concurrent-sweep: 0.000/0.000 secs] [Times: user=0.00 sys=0.00, real=0.00 secs] 
218.011: [CMS-concurrent-reset-start]
218.012: [CMS-concurrent-reset: 0.000/0.000 secs] [Times: user=0.00 sys=0.00, real=0.00 secs] 
218.814: [GC (Allocation Failure) 218.814: [ParNew: 73282K->0K(92160K), 0.0017490 secs] 104833K->41790K(194560K), 0.0019627 secs] [Times: user=0.00 sys=0.00, real=0.00 secs] 
219.828: [GC (Allocation Failure) 219.829: [ParNew: 73282K->0K(92160K), 0.0023510 secs] 115073K->52030K(194560K), 0.0026066 secs] [Times: user=0.01 sys=0.00, real=0.00 secs] 
220.843: [GC (Allocation Failure) 220.843: [ParNew: 73282K->0K(92160K), 0.0015338 secs] 125313K->62270K(194560K), 0.0017085 secs] [Times: user=0.01 sys=0.00, real=0.00 secs] 
220.846: [GC (CMS Initial Mark) [1 CMS-initial-mark: 62270K(102400K)] 72510K(194560K), 0.0003059 secs] [Times: user=0.00 sys=0.00, real=0.00 secs] 
220.846: [CMS-concurrent-mark-start]
220.848: [CMS-concurrent-mark: 0.002/0.002 secs] [Times: user=0.01 sys=0.00, real=0.00 secs] 
220.848: [CMS-concurrent-preclean-start]
220.849: [CMS-concurrent-preclean: 0.000/0.000 secs] [Times: user=0.00 sys=0.00, real=0.00 secs] 
220.849: [CMS-concurrent-abortable-preclean-start]
221.856: [GC (Allocation Failure) 221.856: [ParNew: 73282K->0K(92160K), 0.0005138 secs] 135553K->62270K(194560K), 0.0010387 secs] [Times: user=0.00 sys=0.00, real=0.00 secs] 
221.860: [GC (Allocation Failure) 221.860: [ParNew: 73282K->0K(92160K), 0.0062655 secs] 135553K->92990K(194560K), 0.0063820 secs] [Times: user=0.04 sys=0.01, real=0.01 secs] 
221.867: [CMS-concurrent-abortable-preclean: 0.003/1.018 secs] [Times: user=0.05 sys=0.01, real=1.02 secs] 
221.867: [GC (CMS Final Remark) [YG occupancy: 10240 K (92160 K)]221.867: [Rescan (parallel) , 0.0001972 secs]221.868: [weak refs processing, 0.0000166 secs]221.868: [class unloading, 0.0003122 secs]221.868: [scrub symbol table, 0.0003370 secs]221.868: [scrub string table, 0.0001459 secs][1 CMS-remark: 92990K(102400K)] 103230K(194560K), 0.0010830 secs] [Times: user=0.00 sys=0.00, real=0.00 secs] 
221.868: [CMS-concurrent-sweep-start]
221.869: [CMS-concurrent-sweep: 0.000/0.000 secs] [Times: user=0.00 sys=0.00, real=0.00 secs] 
221.869: [CMS-concurrent-reset-start]
221.869: [CMS-concurrent-reset: 0.000/0.000 secs] [Times: user=0.00 sys=0.00, real=0.00 secs] 
222.878: [GC (Allocation Failure) 222.878: [ParNew: 73282K->0K(92160K), 0.0046596 secs] 115073K->62270K(194560K), 0.0047887 secs] [Times: user=0.02 sys=0.00, real=0.01 secs] 
222.883: [GC (CMS Initial Mark) [1 CMS-initial-mark: 62270K(102400K)] 72510K(194560K), 0.0002014 secs] [Times: user=0.00 sys=0.00, real=0.00 secs] 
222.883: [CMS-concurrent-mark-start]
222.885: [CMS-concurrent-mark: 0.002/0.002 secs] [Times: user=0.01 sys=0.00, real=0.00 secs] 
222.885: [CMS-concurrent-preclean-start]
222.885: [CMS-concurrent-preclean: 0.000/0.000 secs] [Times: user=0.00 sys=0.00, real=0.00 secs] 
222.885: [CMS-concurrent-abortable-preclean-start]
223.893: [GC (Allocation Failure) 223.893: [ParNew: 73282K->0K(92160K), 0.0015945 secs] 135553K->72510K(194560K), 0.0017900 secs] [Times: user=0.01 sys=0.00, real=0.00 secs] 
224.907: [GC (Allocation Failure) 224.907: [ParNew: 73282K->0K(92160K), 0.0008224 secs] 145793K->72510K(194560K), 0.0009844 secs] [Times: user=0.00 sys=0.00, real=0.00 secs] 
225.115: [CMS-concurrent-abortable-preclean: 0.009/2.229 secs] [Times: user=0.03 sys=0.00, real=2.23 secs] 
225.115: [GC (CMS Final Remark) [YG occupancy: 42562 K (92160 K)]225.115: [Rescan (parallel) , 0.0003545 secs]225.115: [weak refs processing, 0.0000274 secs]225.115: [class unloading, 0.0004331 secs]225.116: [scrub symbol table, 0.0005370 secs]225.116: [scrub string table, 0.0002324 secs][1 CMS-remark: 72510K(102400K)] 115073K(194560K), 0.0017233 secs] [Times: user=0.00 sys=0.00, real=0.00 secs] 
225.117: [CMS-concurrent-sweep-start]
225.117: [CMS-concurrent-sweep: 0.000/0.000 secs] [Times: user=0.00 sys=0.00, real=0.00 secs] 
225.117: [CMS-concurrent-reset-start]
225.117: [CMS-concurrent-reset: 0.000/0.000 secs] [Times: user=0.00 sys=0.00, real=0.00 secs] 
225.921: [GC (Allocation Failure) 225.921: [ParNew: 73282K->0K(92160K), 0.0019213 secs] 104833K->41790K(194560K), 0.0021254 secs] [Times: user=0.00 sys=0.00, real=0.01 secs] 
226.936: [GC (Allocation Failure) 226.936: [ParNew: 73282K->0K(92160K), 0.0024880 secs] 115073K->52030K(194560K), 0.0027357 secs] [Times: user=0.01 sys=0.00, real=0.00 secs] 
227.950: [GC (Allocation Failure) 227.950: [ParNew: 73282K->0K(92160K), 0.0017835 secs] 125313K->62270K(194560K), 0.0019908 secs] [Times: user=0.01 sys=0.00, real=0.00 secs] 
227.953: [GC (CMS Initial Mark) [1 CMS-initial-mark: 62270K(102400K)] 72510K(194560K), 0.0003449 secs] [Times: user=0.00 sys=0.00, real=0.00 secs] 
227.953: [CMS-concurrent-mark-start]
227.955: [CMS-concurrent-mark: 0.002/0.002 secs] [Times: user=0.00 sys=0.00, real=0.00 secs] 
227.955: [CMS-concurrent-preclean-start]
227.956: [CMS-concurrent-preclean: 0.000/0.000 secs] [Times: user=0.00 sys=0.00, real=0.00 secs] 
227.956: [CMS-concurrent-abortable-preclean-start]
228.963: [GC (Allocation Failure) 228.963: [ParNew: 73282K->0K(92160K), 0.0014563 secs] 135553K->62270K(194560K), 0.0017025 secs] [Times: user=0.01 sys=0.00, real=0.00 secs] 
228.972: [GC (Allocation Failure) 228.972: [ParNew: 73282K->0K(92160K), 0.0038750 secs] 135553K->92990K(194560K), 0.0040207 secs] [Times: user=0.02 sys=0.00, real=0.01 secs] 
228.976: [CMS-concurrent-abortable-preclean: 0.005/1.021 secs] [Times: user=0.05 sys=0.00, real=1.02 secs] 
228.977: [GC (CMS Final Remark) [YG occupancy: 10240 K (92160 K)]228.977: [Rescan (parallel) , 0.0002986 secs]228.977: [weak refs processing, 0.0000216 secs]228.977: [class unloading, 0.0004317 secs]228.978: [scrub symbol table, 0.0005340 secs]228.978: [scrub string table, 0.0002400 secs][1 CMS-remark: 92990K(102400K)] 103230K(194560K), 0.0016429 secs] [Times: user=0.01 sys=0.00, real=0.00 secs] 
228.979: [CMS-concurrent-sweep-start]
228.979: [CMS-concurrent-sweep: 0.000/0.000 secs] [Times: user=0.00 sys=0.00, real=0.00 secs] 
228.979: [CMS-concurrent-reset-start]
228.979: [CMS-concurrent-reset: 0.000/0.000 secs] [Times: user=0.00 sys=0.00, real=0.00 secs] 
229.991: [GC (Allocation Failure) 229.991: [ParNew: 73282K->0K(92160K), 0.0026771 secs] 115073K->62270K(194560K), 0.0028742 secs] [Times: user=0.01 sys=0.00, real=0.01 secs] 
229.995: [GC (CMS Initial Mark) [1 CMS-initial-mark: 62270K(102400K)] 72510K(194560K), 0.0002327 secs] [Times: user=0.00 sys=0.00, real=0.00 secs] 
229.996: [CMS-concurrent-mark-start]
229.997: [CMS-concurrent-mark: 0.002/0.002 secs] [Times: user=0.01 sys=0.00, real=0.00 secs] 
229.998: [CMS-concurrent-preclean-start]
229.998: [CMS-concurrent-preclean: 0.000/0.000 secs] [Times: user=0.00 sys=0.00, real=0.00 secs] 
229.998: [CMS-concurrent-abortable-preclean-start]
231.007: [GC (Allocation Failure) 231.007: [ParNew: 73282K->0K(92160K), 0.0015276 secs] 135553K->72510K(194560K), 0.0017225 secs] [Times: user=0.00 sys=0.00, real=0.00 secs] 
232.022: [GC (Allocation Failure) 232.023: [ParNew: 73282K->0K(92160K), 0.0009422 secs] 145793K->72510K(194560K), 0.0014787 secs] [Times: user=0.01 sys=0.00, real=0.01 secs] 
232.232: [CMS-concurrent-abortable-preclean: 0.009/2.234 secs] [Times: user=0.03 sys=0.00, real=2.23 secs] 
232.232: [GC (CMS Final Remark) [YG occupancy: 42562 K (92160 K)]232.232: [Rescan (parallel) , 0.0006149 secs]232.233: [weak refs processing, 0.0000423 secs]232.233: [class unloading, 0.0011394 secs]232.234: [scrub symbol table, 0.0011450 secs]232.236: [scrub string table, 0.0004350 secs][1 CMS-remark: 72510K(102400K)] 115073K(194560K), 0.0036707 secs] [Times: user=0.00 sys=0.00, real=0.00 secs] 
232.236: [CMS-concurrent-sweep-start]
232.237: [CMS-concurrent-sweep: 0.001/0.001 secs] [Times: user=0.01 sys=0.00, real=0.00 secs] 
232.237: [CMS-concurrent-reset-start]
232.237: [CMS-concurrent-reset: 0.000/0.000 secs] [Times: user=0.00 sys=0.00, real=0.00 secs] 
233.037: [GC (Allocation Failure) 233.037: [ParNew: 73282K->0K(92160K), 0.0018159 secs] 104833K->41790K(194560K), 0.0020102 secs] [Times: user=0.01 sys=0.00, real=0.00 secs] 
234.050: [GC (Allocation Failure) 234.051: [ParNew: 73282K->0K(92160K), 0.0016849 secs] 115073K->52030K(194560K), 0.0018696 secs] [Times: user=0.01 sys=0.00, real=0.01 secs] 
235.061: [GC (Allocation Failure) 235.061: [ParNew: 73282K->0K(92160K), 0.0017554 secs] 125313K->62270K(194560K), 0.0019419 secs] [Times: user=0.01 sys=0.00, real=0.01 secs] 
235.064: [GC (CMS Initial Mark) [1 CMS-initial-mark: 62270K(102400K)] 72510K(194560K), 0.0002895 secs] [Times: user=0.00 sys=0.00, real=0.00 secs] 
235.064: [CMS-concurrent-mark-start]
235.066: [CMS-concurrent-mark: 0.002/0.002 secs] [Times: user=0.00 sys=0.00, real=0.00 secs] 
235.067: [CMS-concurrent-preclean-start]
235.067: [CMS-concurrent-preclean: 0.000/0.000 secs] [Times: user=0.00 sys=0.00, real=0.00 secs] 
235.067: [CMS-concurrent-abortable-preclean-start]
236.069: [GC (Allocation Failure) 236.069: [ParNew: 73282K->0K(92160K), 0.0006812 secs] 135553K->62270K(194560K), 0.0007848 secs] [Times: user=0.01 sys=0.00, real=0.00 secs] 
236.075: [GC (Allocation Failure) 236.075: [ParNew: 73282K->0K(92160K), 0.0040658 secs] 135553K->92990K(194560K), 0.0041368 secs] [Times: user=0.02 sys=0.00, real=0.00 secs] 
236.079: [CMS-concurrent-abortable-preclean: 0.004/1.012 secs] [Times: user=0.04 sys=0.00, real=1.01 secs] 
236.079: [GC (CMS Final Remark) [YG occupancy: 10240 K (92160 K)]236.080: [Rescan (parallel) , 0.0002376 secs]236.080: [weak refs processing, 0.0000160 secs]236.080: [class unloading, 0.0003952 secs]236.080: [scrub symbol table, 0.0004557 secs]236.081: [scrub string table, 0.0002023 secs][1 CMS-remark: 92990K(102400K)] 103230K(194560K), 0.0013950 secs] [Times: user=0.00 sys=0.00, real=0.00 secs] 
236.081: [CMS-concurrent-sweep-start]
236.081: [CMS-concurrent-sweep: 0.000/0.000 secs] [Times: user=0.00 sys=0.00, real=0.00 secs] 
236.081: [CMS-concurrent-reset-start]
236.081: [CMS-concurrent-reset: 0.000/0.000 secs] [Times: user=0.00 sys=0.00, real=0.00 secs] 
237.089: [GC (Allocation Failure) 237.089: [ParNew: 73282K->0K(92160K), 0.0022362 secs] 115073K->62270K(194560K), 0.0023824 secs] [Times: user=0.01 sys=0.01, real=0.00 secs] 
237.092: [GC (CMS Initial Mark) [1 CMS-initial-mark: 62270K(102400K)] 72510K(194560K), 0.0001797 secs] [Times: user=0.00 sys=0.00, real=0.00 secs] 
237.092: [CMS-concurrent-mark-start]
237.093: [CMS-concurrent-mark: 0.001/0.001 secs] [Times: user=0.00 sys=0.00, real=0.01 secs] 
237.093: [CMS-concurrent-preclean-start]
237.093: [CMS-concurrent-preclean: 0.000/0.000 secs] [Times: user=0.00 sys=0.00, real=0.00 secs] 
237.093: [CMS-concurrent-abortable-preclean-start]
238.097: [GC (Allocation Failure) 238.097: [ParNew: 73282K->0K(92160K), 0.0010632 secs] 135553K->72510K(194560K), 0.0011810 secs] [Times: user=0.00 sys=0.00, real=0.00 secs] 
239.106: [GC (Allocation Failure) 239.106: [ParNew: 73282K->0K(92160K), 0.0005578 secs] 145793K->72510K(194560K), 0.0010304 secs] [Times: user=0.00 sys=0.00, real=0.00 secs] 
239.314: [CMS-concurrent-abortable-preclean: 0.009/2.221 secs] [Times: user=0.03 sys=0.00, real=2.22 secs] 
239.314: [GC (CMS Final Remark) [YG occupancy: 42562 K (92160 K)]239.314: [Rescan (parallel) , 0.0006160 secs]239.315: [weak refs processing, 0.0000313 secs]239.315: [class unloading, 0.0005338 secs]239.316: [scrub symbol table, 0.0006697 secs]239.316: [scrub string table, 0.0003044 secs][1 CMS-remark: 72510K(102400K)] 115073K(194560K), 0.0023178 secs] [Times: user=0.00 sys=0.00, real=0.00 secs] 
239.317: [CMS-concurrent-sweep-start]
239.317: [CMS-concurrent-sweep: 0.001/0.001 secs] [Times: user=0.00 sys=0.00, real=0.00 secs] 
239.318: [CMS-concurrent-reset-start]
239.318: [CMS-concurrent-reset: 0.000/0.000 secs] [Times: user=0.00 sys=0.00, real=0.00 secs] 
240.116: [GC (Allocation Failure) 240.116: [ParNew: 73282K->0K(92160K), 0.0013533 secs] 104833K->41790K(194560K), 0.0014621 secs] [Times: user=0.01 sys=0.00, real=0.00 secs] 
241.126: [GC (Allocation Failure) 241.126: [ParNew: 73282K->0K(92160K), 0.0010252 secs] 115073K->52030K(194560K), 0.0011683 secs] [Times: user=0.01 sys=0.00, real=0.00 secs] 
242.133: [GC (Allocation Failure) 242.133: [ParNew: 73282K->0K(92160K), 0.0012427 secs] 125313K->62270K(194560K), 0.0013714 secs] [Times: user=0.01 sys=0.00, real=0.00 secs] 
242.135: [GC (CMS Initial Mark) [1 CMS-initial-mark: 62270K(102400K)] 72510K(194560K), 0.0001719 secs] [Times: user=0.00 sys=0.00, real=0.00 secs] 
242.136: [CMS-concurrent-mark-start]
242.137: [CMS-concurrent-mark: 0.002/0.002 secs] [Times: user=0.01 sys=0.00, real=0.00 secs] 
242.137: [CMS-concurrent-preclean-start]
242.138: [CMS-concurrent-preclean: 0.000/0.000 secs] [Times: user=0.00 sys=0.00, real=0.00 secs] 
242.138: [CMS-concurrent-abortable-preclean-start]
243.140: [GC (Allocation Failure) 243.140: [ParNew: 73282K->0K(92160K), 0.0004844 secs] 135553K->62270K(194560K), 0.0005687 secs] [Times: user=0.00 sys=0.00, real=0.00 secs] 
243.145: [GC (Allocation Failure) 243.145: [ParNew: 73282K->0K(92160K), 0.0024447 secs] 135553K->92990K(194560K), 0.0025400 secs] [Times: user=0.02 sys=0.00, real=0.00 secs] 
243.148: [CMS-concurrent-abortable-preclean: 0.005/1.010 secs] [Times: user=0.03 sys=0.00, real=1.01 secs] 
243.148: [GC (CMS Final Remark) [YG occupancy: 10240 K (92160 K)]243.148: [Rescan (parallel) , 0.0002426 secs]243.148: [weak refs processing, 0.0000158 secs]243.148: [class unloading, 0.0003504 secs]243.149: [scrub symbol table, 0.0003889 secs]243.149: [scrub string table, 0.0001774 secs][1 CMS-remark: 92990K(102400K)] 103230K(194560K), 0.0012662 secs] [Times: user=0.00 sys=0.00, real=0.00 secs] 
243.149: [CMS-concurrent-sweep-start]
243.150: [CMS-concurrent-sweep: 0.000/0.000 secs] [Times: user=0.00 sys=0.00, real=0.00 secs] 
243.150: [CMS-concurrent-reset-start]
243.150: [CMS-concurrent-reset: 0.000/0.000 secs] [Times: user=0.00 sys=0.00, real=0.00 secs] 
244.158: [GC (Allocation Failure) 244.158: [ParNew: 73282K->0K(92160K), 0.0016882 secs] 115073K->62270K(194560K), 0.0017844 secs] [Times: user=0.02 sys=0.00, real=0.00 secs] 
244.160: [GC (CMS Initial Mark) [1 CMS-initial-mark: 62270K(102400K)] 72510K(194560K), 0.0001621 secs] [Times: user=0.00 sys=0.00, real=0.00 secs] 
244.160: [CMS-concurrent-mark-start]
244.162: [CMS-concurrent-mark: 0.001/0.001 secs] [Times: user=0.00 sys=0.00, real=0.00 secs] 
244.162: [CMS-concurrent-preclean-start]
244.162: [CMS-concurrent-preclean: 0.000/0.000 secs] [Times: user=0.00 sys=0.00, real=0.00 secs] 
244.162: [CMS-concurrent-abortable-preclean-start]
245.169: [GC (Allocation Failure) 245.169: [ParNew: 73282K->0K(92160K), 0.0011977 secs] 135553K->72510K(194560K), 0.0013349 secs] [Times: user=0.00 sys=0.00, real=0.00 secs] 
246.178: [GC (Allocation Failure) 246.178: [ParNew: 73282K->0K(92160K), 0.0005497 secs] 145793K->72510K(194560K), 0.0006607 secs] [Times: user=0.01 sys=0.00, real=0.00 secs] 
246.389: [CMS-concurrent-abortable-preclean: 0.010/2.226 secs] [Times: user=0.03 sys=0.00, real=2.23 secs] 
246.389: [GC (CMS Final Remark) [YG occupancy: 42562 K (92160 K)]246.389: [Rescan (parallel) , 0.0004150 secs]246.389: [weak refs processing, 0.0000224 secs]246.389: [class unloading, 0.0005266 secs]246.390: [scrub symbol table, 0.0005311 secs]246.390: [scrub string table, 0.0002651 secs][1 CMS-remark: 72510K(102400K)] 115073K(194560K), 0.0018871 secs] [Times: user=0.00 sys=0.01, real=0.00 secs] 
246.391: [CMS-concurrent-sweep-start]
246.391: [CMS-concurrent-sweep: 0.000/0.000 secs] [Times: user=0.00 sys=0.00, real=0.00 secs] 
246.391: [CMS-concurrent-reset-start]
246.391: [CMS-concurrent-reset: 0.000/0.000 secs] [Times: user=0.00 sys=0.00, real=0.00 secs] 
247.185: [GC (Allocation Failure) 247.185: [ParNew: 73282K->0K(92160K), 0.0011065 secs] 104833K->41790K(194560K), 0.0015738 secs] [Times: user=0.00 sys=0.00, real=0.00 secs] 
248.195: [GC (Allocation Failure) 248.195: [ParNew: 73282K->0K(92160K), 0.0009311 secs] 115073K->52030K(194560K), 0.0010490 secs] [Times: user=0.01 sys=0.00, real=0.00 secs] 
249.204: [GC (Allocation Failure) 249.204: [ParNew: 73282K->0K(92160K), 0.0007816 secs] 125313K->62270K(194560K), 0.0008610 secs] [Times: user=0.00 sys=0.00, real=0.00 secs] 
249.205: [GC (CMS Initial Mark) [1 CMS-initial-mark: 62270K(102400K)] 72510K(194560K), 0.0001429 secs] [Times: user=0.00 sys=0.00, real=0.00 secs] 
249.205: [CMS-concurrent-mark-start]
249.206: [CMS-concurrent-mark: 0.001/0.001 secs] [Times: user=0.01 sys=0.00, real=0.00 secs] 
249.206: [CMS-concurrent-preclean-start]
249.206: [CMS-concurrent-preclean: 0.000/0.000 secs] [Times: user=0.00 sys=0.00, real=0.00 secs] 
249.206: [CMS-concurrent-abortable-preclean-start]
250.212: [GC (Allocation Failure) 250.212: [ParNew: 73282K->0K(92160K), 0.0005843 secs] 135553K->62270K(194560K), 0.0006838 secs] [Times: user=0.00 sys=0.00, real=0.01 secs] 
250.217: [GC (Allocation Failure) 250.217: [ParNew: 73282K->0K(92160K), 0.0035754 secs] 135553K->92990K(194560K), 0.0037029 secs] [Times: user=0.02 sys=0.00, real=0.00 secs] 
250.221: [CMS-concurrent-abortable-preclean: 0.004/1.015 secs] [Times: user=0.03 sys=0.00, real=1.01 secs] 
250.222: [GC (CMS Final Remark) [YG occupancy: 10240 K (92160 K)]250.222: [Rescan (parallel) , 0.0003380 secs]250.222: [weak refs processing, 0.0000145 secs]250.222: [class unloading, 0.0003694 secs]250.222: [scrub symbol table, 0.0003820 secs]250.223: [scrub string table, 0.0001664 secs][1 CMS-remark: 92990K(102400K)] 103230K(194560K), 0.0013571 secs] [Times: user=0.00 sys=0.00, real=0.01 secs] 
250.223: [CMS-concurrent-sweep-start]
250.223: [CMS-concurrent-sweep: 0.000/0.000 secs] [Times: user=0.00 sys=0.00, real=0.00 secs] 
250.223: [CMS-concurrent-reset-start]
250.223: [CMS-concurrent-reset: 0.000/0.000 secs] [Times: user=0.00 sys=0.00, real=0.00 secs] 
251.231: [GC (Allocation Failure) 251.231: [ParNew: 73282K->0K(92160K), 0.0024998 secs] 115073K->62270K(194560K), 0.0026497 secs] [Times: user=0.02 sys=0.00, real=0.01 secs] 
251.234: [GC (CMS Initial Mark) [1 CMS-initial-mark: 62270K(102400K)] 72510K(194560K), 0.0002038 secs] [Times: user=0.00 sys=0.00, real=0.00 secs] 
251.234: [CMS-concurrent-mark-start]
251.236: [CMS-concurrent-mark: 0.002/0.002 secs] [Times: user=0.01 sys=0.00, real=0.00 secs] 
251.237: [CMS-concurrent-preclean-start]
251.237: [CMS-concurrent-preclean: 0.000/0.000 secs] [Times: user=0.00 sys=0.00, real=0.00 secs] 
251.237: [CMS-concurrent-abortable-preclean-start]
252.239: [GC (Allocation Failure) 252.239: [ParNew: 73282K->0K(92160K), 0.0018105 secs] 135553K->72510K(194560K), 0.0020349 secs] [Times: user=0.00 sys=0.00, real=0.00 secs] 
253.250: [GC (Allocation Failure) 253.250: [ParNew: 73282K->0K(92160K), 0.0007517 secs] 145793K->72510K(194560K), 0.0008410 secs] [Times: user=0.00 sys=0.00, real=0.00 secs] 
253.457: [CMS-concurrent-abortable-preclean: 0.006/2.220 secs] [Times: user=0.02 sys=0.00, real=2.22 secs] 
253.457: [GC (CMS Final Remark) [YG occupancy: 42562 K (92160 K)]253.457: [Rescan (parallel) , 0.0003534 secs]253.458: [weak refs processing, 0.0000137 secs]253.458: [class unloading, 0.0004536 secs]253.458: [scrub symbol table, 0.0004767 secs]253.458: [scrub string table, 0.0002635 secs][1 CMS-remark: 72510K(102400K)] 115073K(194560K), 0.0016590 secs] [Times: user=0.01 sys=0.00, real=0.00 secs] 
253.459: [CMS-concurrent-sweep-start]
253.459: [CMS-concurrent-sweep: 0.000/0.000 secs] [Times: user=0.00 sys=0.00, real=0.00 secs] 
253.459: [CMS-concurrent-reset-start]
253.459: [CMS-concurrent-reset: 0.000/0.000 secs] [Times: user=0.00 sys=0.00, real=0.00 secs] 
254.259: [GC (Allocation Failure) 254.259: [ParNew: 73282K->0K(92160K), 0.0012764 secs] 104833K->41790K(194560K), 0.0014535 secs] [Times: user=0.00 sys=0.00, real=0.00 secs] 
255.265: [GC (Allocation Failure) 255.265: [ParNew: 73282K->0K(92160K), 0.0010718 secs] 115073K->52030K(194560K), 0.0012162 secs] [Times: user=0.00 sys=0.01, real=0.00 secs] 
256.275: [GC (Allocation Failure) 256.275: [ParNew: 73282K->0K(92160K), 0.0015124 secs] 125313K->62270K(194560K), 0.0016459 secs] [Times: user=0.00 sys=0.00, real=0.00 secs] 
256.278: [GC (CMS Initial Mark) [1 CMS-initial-mark: 62270K(102400K)] 72510K(194560K), 0.0001602 secs] [Times: user=0.00 sys=0.00, real=0.00 secs] 
256.278: [CMS-concurrent-mark-start]
256.279: [CMS-concurrent-mark: 0.001/0.001 secs] [Times: user=0.01 sys=0.00, real=0.00 secs] 
256.279: [CMS-concurrent-preclean-start]
256.280: [CMS-concurrent-preclean: 0.000/0.000 secs] [Times: user=0.00 sys=0.00, real=0.00 secs] 
256.280: [CMS-concurrent-abortable-preclean-start]
257.286: [GC (Allocation Failure) 257.287: [ParNew: 73282K->0K(92160K), 0.0014607 secs] 135553K->62270K(194560K), 0.0017362 secs] [Times: user=0.01 sys=0.00, real=0.00 secs] 
257.295: [GC (Allocation Failure) 257.295: [ParNew: 73282K->0K(92160K), 0.0038503 secs] 135553K->92990K(194560K), 0.0040707 secs] [Times: user=0.03 sys=0.00, real=0.00 secs] 
257.299: [CMS-concurrent-abortable-preclean: 0.003/1.019 secs] [Times: user=0.04 sys=0.00, real=1.02 secs] 
257.300: [GC (CMS Final Remark) [YG occupancy: 10240 K (92160 K)]257.300: [Rescan (parallel) , 0.0002427 secs]257.300: [weak refs processing, 0.0000220 secs]257.300: [class unloading, 0.0004629 secs]257.300: [scrub symbol table, 0.0005292 secs]257.301: [scrub string table, 0.0002386 secs][1 CMS-remark: 92990K(102400K)] 103230K(194560K), 0.0016207 secs] [Times: user=0.00 sys=0.00, real=0.00 secs] 
257.301: [CMS-concurrent-sweep-start]
257.302: [CMS-concurrent-sweep: 0.000/0.000 secs] [Times: user=0.00 sys=0.00, real=0.00 secs] 
257.302: [CMS-concurrent-reset-start]
257.302: [CMS-concurrent-reset: 0.000/0.000 secs] [Times: user=0.00 sys=0.00, real=0.00 secs] 
258.307: [GC (Allocation Failure) 258.307: [ParNew: 73282K->0K(92160K), 0.0015421 secs] 115073K->62270K(194560K), 0.0016570 secs] [Times: user=0.01 sys=0.00, real=0.00 secs] 
258.309: [GC (CMS Initial Mark) [1 CMS-initial-mark: 62270K(102400K)] 72510K(194560K), 0.0001830 secs] [Times: user=0.00 sys=0.00, real=0.00 secs] 
258.309: [CMS-concurrent-mark-start]
258.310: [CMS-concurrent-mark: 0.001/0.001 secs] [Times: user=0.00 sys=0.00, real=0.00 secs] 
258.310: [CMS-concurrent-preclean-start]
258.311: [CMS-concurrent-preclean: 0.000/0.000 secs] [Times: user=0.00 sys=0.00, real=0.00 secs] 
258.311: [CMS-concurrent-abortable-preclean-start]
259.317: [GC (Allocation Failure) 259.317: [ParNew: 73282K->0K(92160K), 0.0011541 secs] 135553K->72510K(194560K), 0.0012926 secs] [Times: user=0.00 sys=0.00, real=0.00 secs] 
260.330: [GC (Allocation Failure) 260.331: [ParNew: 73282K->0K(92160K), 0.0007953 secs] 145793K->72510K(194560K), 0.0013179 secs] [Times: user=0.00 sys=0.00, real=0.00 secs] 
260.535: [CMS-concurrent-abortable-preclean: 0.006/2.224 secs] [Times: user=0.03 sys=0.00, real=2.23 secs] 
260.535: [GC (CMS Final Remark) [YG occupancy: 42562 K (92160 K)]260.535: [Rescan (parallel) , 0.0006156 secs]260.536: [weak refs processing, 0.0000491 secs]260.536: [class unloading, 0.0016228 secs]260.538: [scrub symbol table, 0.0021183 secs]260.540: [scrub string table, 0.0004745 secs][1 CMS-remark: 72510K(102400K)] 115073K(194560K), 0.0051402 secs] [Times: user=0.01 sys=0.00, real=0.00 secs] 
260.541: [CMS-concurrent-sweep-start]
260.541: [CMS-concurrent-sweep: 0.001/0.001 secs] [Times: user=0.00 sys=0.00, real=0.00 secs] 
260.541: [CMS-concurrent-reset-start]
260.542: [CMS-concurrent-reset: 0.000/0.000 secs] [Times: user=0.00 sys=0.00, real=0.00 secs] 
261.344: [GC (Allocation Failure) 261.344: [ParNew: 73282K->0K(92160K), 0.0016633 secs] 104833K->41790K(194560K), 0.0019217 secs] [Times: user=0.01 sys=0.00, real=0.00 secs] 
262.358: [GC (Allocation Failure) 262.358: [ParNew: 73282K->0K(92160K), 0.0020443 secs] 115073K->52030K(194560K), 0.0022856 secs] [Times: user=0.01 sys=0.00, real=0.00 secs] 
263.372: [GC (Allocation Failure) 263.372: [ParNew: 73282K->0K(92160K), 0.0017785 secs] 125313K->62270K(194560K), 0.0019730 secs] [Times: user=0.00 sys=0.00, real=0.01 secs] 
263.375: [GC (CMS Initial Mark) [1 CMS-initial-mark: 62270K(102400K)] 72510K(194560K), 0.0003353 secs] [Times: user=0.00 sys=0.00, real=0.00 secs] 
263.376: [CMS-concurrent-mark-start]
263.378: [CMS-concurrent-mark: 0.002/0.002 secs] [Times: user=0.01 sys=0.00, real=0.00 secs] 
263.378: [CMS-concurrent-preclean-start]
263.378: [CMS-concurrent-preclean: 0.000/0.000 secs] [Times: user=0.00 sys=0.00, real=0.00 secs] 
263.378: [CMS-concurrent-abortable-preclean-start]
264.395: [GC (Allocation Failure) 264.395: [ParNew: 73282K->0K(92160K), 0.0014894 secs] 135553K->62270K(194560K), 0.0017862 secs] [Times: user=0.00 sys=0.00, real=0.00 secs] 
264.407: [GC (Allocation Failure) 264.407: [ParNew: 73282K->0K(92160K), 0.0034107 secs] 135553K->92990K(194560K), 0.0035622 secs] [Times: user=0.03 sys=0.00, real=0.00 secs] 
264.411: [CMS-concurrent-abortable-preclean: 0.005/1.033 secs] [Times: user=0.05 sys=0.01, real=1.03 secs] 
264.412: [GC (CMS Final Remark) [YG occupancy: 10240 K (92160 K)]264.412: [Rescan (parallel) , 0.0002375 secs]264.412: [weak refs processing, 0.0000197 secs]264.412: [class unloading, 0.0004654 secs]264.412: [scrub symbol table, 0.0005305 secs]264.413: [scrub string table, 0.0002356 secs][1 CMS-remark: 92990K(102400K)] 103230K(194560K), 0.0016107 secs] [Times: user=0.00 sys=0.00, real=0.01 secs] 
264.413: [CMS-concurrent-sweep-start]
264.414: [CMS-concurrent-sweep: 0.000/0.000 secs] [Times: user=0.00 sys=0.00, real=0.00 secs] 
264.414: [CMS-concurrent-reset-start]
264.414: [CMS-concurrent-reset: 0.000/0.000 secs] [Times: user=0.00 sys=0.00, real=0.00 secs] 
265.426: [GC (Allocation Failure) 265.426: [ParNew: 73282K->0K(92160K), 0.0023369 secs] 115073K->62270K(194560K), 0.0024506 secs] [Times: user=0.01 sys=0.00, real=0.00 secs] 
265.429: [GC (CMS Initial Mark) [1 CMS-initial-mark: 62270K(102400K)] 72510K(194560K), 0.0002393 secs] [Times: user=0.00 sys=0.00, real=0.00 secs] 
265.430: [CMS-concurrent-mark-start]
265.432: [CMS-concurrent-mark: 0.002/0.002 secs] [Times: user=0.00 sys=0.00, real=0.00 secs] 
265.432: [CMS-concurrent-preclean-start]
265.432: [CMS-concurrent-preclean: 0.000/0.000 secs] [Times: user=0.00 sys=0.00, real=0.00 secs] 
265.432: [CMS-concurrent-abortable-preclean-start]
266.443: [GC (Allocation Failure) 266.443: [ParNew: 73282K->0K(92160K), 0.0013784 secs] 135553K->72510K(194560K), 0.0015951 secs] [Times: user=0.01 sys=0.00, real=0.00 secs] 
267.455: [GC (Allocation Failure) 267.455: [ParNew: 73282K->0K(92160K), 0.0006976 secs] 145793K->72510K(194560K), 0.0008552 secs] [Times: user=0.01 sys=0.00, real=0.00 secs] 
267.667: [CMS-concurrent-abortable-preclean: 0.011/2.235 secs] [Times: user=0.04 sys=0.00, real=2.24 secs] 
267.667: [GC (CMS Final Remark) [YG occupancy: 42562 K (92160 K)]267.667: [Rescan (parallel) , 0.0005569 secs]267.668: [weak refs processing, 0.0000528 secs]267.668: [class unloading, 0.0014830 secs]267.670: [scrub symbol table, 0.0018178 secs]267.672: [scrub string table, 0.0006798 secs][1 CMS-remark: 72510K(102400K)] 115073K(194560K), 0.0049232 secs] [Times: user=0.01 sys=0.00, real=0.00 secs] 
267.673: [CMS-concurrent-sweep-start]
267.673: [CMS-concurrent-sweep: 0.001/0.001 secs] [Times: user=0.00 sys=0.00, real=0.01 secs] 
267.673: [CMS-concurrent-reset-start]
267.674: [CMS-concurrent-reset: 0.000/0.000 secs] [Times: user=0.00 sys=0.00, real=0.00 secs] 
268.469: [GC (Allocation Failure) 268.469: [ParNew: 73282K->0K(92160K), 0.0020636 secs] 104833K->41790K(194560K), 0.0022560 secs] [Times: user=0.01 sys=0.00, real=0.00 secs] 
269.484: [GC (Allocation Failure) 269.485: [ParNew: 73282K->0K(92160K), 0.0018967 secs] 115073K->52030K(194560K), 0.0030704 secs] [Times: user=0.00 sys=0.00, real=0.00 secs] 
270.498: [GC (Allocation Failure) 270.498: [ParNew: 73282K->0K(92160K), 0.0025437 secs] 125313K->62270K(194560K), 0.0028038 secs] [Times: user=0.01 sys=0.00, real=0.00 secs] 
270.502: [GC (CMS Initial Mark) [1 CMS-initial-mark: 62270K(102400K)] 72510K(194560K), 0.0003461 secs] [Times: user=0.00 sys=0.00, real=0.00 secs] 
270.502: [CMS-concurrent-mark-start]
270.505: [CMS-concurrent-mark: 0.002/0.002 secs] [Times: user=0.01 sys=0.00, real=0.01 secs] 
270.505: [CMS-concurrent-preclean-start]
270.505: [CMS-concurrent-preclean: 0.000/0.000 secs] [Times: user=0.00 sys=0.00, real=0.00 secs] 
270.505: [CMS-concurrent-abortable-preclean-start]
271.509: [GC (Allocation Failure) 271.509: [ParNew: 73282K->0K(92160K), 0.0013920 secs] 135553K->62270K(194560K), 0.0016894 secs] [Times: user=0.00 sys=0.00, real=0.00 secs] 
271.518: [GC (Allocation Failure) 271.518: [ParNew: 73282K->0K(92160K), 0.0034438 secs] 135553K->92990K(194560K), 0.0035926 secs] [Times: user=0.02 sys=0.00, real=0.00 secs] 
271.522: [CMS-concurrent-abortable-preclean: 0.006/1.017 secs] [Times: user=0.04 sys=0.00, real=1.01 secs] 
271.522: [GC (CMS Final Remark) [YG occupancy: 10240 K (92160 K)]271.523: [Rescan (parallel) , 0.0003177 secs]271.523: [weak refs processing, 0.0000187 secs]271.523: [class unloading, 0.0004114 secs]271.523: [scrub symbol table, 0.0005314 secs]271.524: [scrub string table, 0.0002355 secs][1 CMS-remark: 92990K(102400K)] 103230K(194560K), 0.0016459 secs] [Times: user=0.00 sys=0.00, real=0.01 secs] 
271.524: [CMS-concurrent-sweep-start]
271.525: [CMS-concurrent-sweep: 0.000/0.000 secs] [Times: user=0.00 sys=0.00, real=0.00 secs] 
271.525: [CMS-concurrent-reset-start]
271.525: [CMS-concurrent-reset: 0.000/0.000 secs] [Times: user=0.00 sys=0.00, real=0.00 secs] 
272.536: [GC (Allocation Failure) 272.536: [ParNew: 73282K->0K(92160K), 0.0022598 secs] 115073K->62270K(194560K), 0.0024280 secs] [Times: user=0.02 sys=0.00, real=0.00 secs] 
272.540: [GC (CMS Initial Mark) [1 CMS-initial-mark: 62270K(102400K)] 72510K(194560K), 0.0002878 secs] [Times: user=0.00 sys=0.00, real=0.00 secs] 
272.540: [CMS-concurrent-mark-start]
272.542: [CMS-concurrent-mark: 0.002/0.002 secs] [Times: user=0.00 sys=0.00, real=0.00 secs] 
272.542: [CMS-concurrent-preclean-start]
272.543: [CMS-concurrent-preclean: 0.000/0.000 secs] [Times: user=0.00 sys=0.00, real=0.00 secs] 
272.543: [CMS-concurrent-abortable-preclean-start]
273.552: [GC (Allocation Failure) 273.553: [ParNew: 73282K->0K(92160K), 0.0014005 secs] 135553K->72510K(194560K), 0.0019105 secs] [Times: user=0.01 sys=0.00, real=0.01 secs] 
274.562: [GC (Allocation Failure) 274.562: [ParNew: 73282K->0K(92160K), 0.0005835 secs] 145793K->72510K(194560K), 0.0007174 secs] [Times: user=0.00 sys=0.00, real=0.01 secs] 
274.770: [CMS-concurrent-abortable-preclean: 0.008/2.227 secs] [Times: user=0.03 sys=0.01, real=2.23 secs] 
274.770: [GC (CMS Final Remark) [YG occupancy: 42562 K (92160 K)]274.770: [Rescan (parallel) , 0.0002935 secs]274.770: [weak refs processing, 0.0000193 secs]274.770: [class unloading, 0.0003934 secs]274.771: [scrub symbol table, 0.0004415 secs]274.771: [scrub string table, 0.0001967 secs][1 CMS-remark: 72510K(102400K)] 115073K(194560K), 0.0014597 secs] [Times: user=0.01 sys=0.00, real=0.00 secs] 
274.772: [CMS-concurrent-sweep-start]
274.772: [CMS-concurrent-sweep: 0.000/0.000 secs] [Times: user=0.00 sys=0.00, real=0.00 secs] 
274.772: [CMS-concurrent-reset-start]
274.772: [CMS-concurrent-reset: 0.000/0.000 secs] [Times: user=0.00 sys=0.00, real=0.00 secs] 
275.575: [GC (Allocation Failure) 275.575: [ParNew: 73282K->0K(92160K), 0.0039531 secs] 104833K->41790K(194560K), 0.0041526 secs] [Times: user=0.02 sys=0.00, real=0.00 secs] 
276.592: [GC (Allocation Failure) 276.592: [ParNew: 73282K->0K(92160K), 0.0019443 secs] 115073K->52030K(194560K), 0.0021855 secs] [Times: user=0.01 sys=0.00, real=0.01 secs] 
277.601: [GC (Allocation Failure) 277.601: [ParNew: 73282K->0K(92160K), 0.0017368 secs] 125313K->62270K(194560K), 0.0019242 secs] [Times: user=0.00 sys=0.00, real=0.01 secs] 
277.604: [GC (CMS Initial Mark) [1 CMS-initial-mark: 62270K(102400K)] 72510K(194560K), 0.0003469 secs] [Times: user=0.00 sys=0.00, real=0.00 secs] 
277.605: [CMS-concurrent-mark-start]
277.607: [CMS-concurrent-mark: 0.003/0.003 secs] [Times: user=0.01 sys=0.00, real=0.00 secs] 
277.607: [CMS-concurrent-preclean-start]
277.608: [CMS-concurrent-preclean: 0.000/0.000 secs] [Times: user=0.00 sys=0.00, real=0.00 secs] 
277.608: [CMS-concurrent-abortable-preclean-start]
278.615: [GC (Allocation Failure) 278.615: [ParNew: 73282K->0K(92160K), 0.0052974 secs] 135553K->62270K(194560K), 0.0054845 secs] [Times: user=0.00 sys=0.00, real=0.00 secs] 
278.626: [GC (Allocation Failure) 278.639: [ParNew: 73282K->0K(92160K), 0.0045840 secs] 135553K->92990K(194560K), 0.0177697 secs] [Times: user=0.01 sys=0.00, real=0.02 secs] 
278.643: [CMS-concurrent-abortable-preclean: 0.005/1.036 secs] [Times: user=0.03 sys=0.00, real=1.04 secs] 
278.644: [GC (CMS Final Remark) [YG occupancy: 10240 K (92160 K)]278.644: [Rescan (parallel) , 0.0003120 secs]278.645: [weak refs processing, 0.0000194 secs]278.645: [class unloading, 0.0009715 secs]278.646: [scrub symbol table, 0.0006810 secs]278.646: [scrub string table, 0.0002367 secs][1 CMS-remark: 92990K(102400K)] 103230K(194560K), 0.0023363 secs] [Times: user=0.00 sys=0.00, real=0.00 secs] 
278.647: [CMS-concurrent-sweep-start]
278.647: [CMS-concurrent-sweep: 0.000/0.000 secs] [Times: user=0.00 sys=0.00, real=0.00 secs] 
278.647: [CMS-concurrent-reset-start]
278.647: [CMS-concurrent-reset: 0.000/0.000 secs] [Times: user=0.00 sys=0.00, real=0.00 secs] 
279.653: [GC (Allocation Failure) 279.653: [ParNew: 73282K->0K(92160K), 0.0024051 secs] 115073K->62270K(194560K), 0.0026012 secs] [Times: user=0.01 sys=0.01, real=0.00 secs] 
279.657: [GC (CMS Initial Mark) [1 CMS-initial-mark: 62270K(102400K)] 72510K(194560K), 0.0004251 secs] [Times: user=0.00 sys=0.00, real=0.00 secs] 
279.657: [CMS-concurrent-mark-start]
279.660: [CMS-concurrent-mark: 0.002/0.002 secs] [Times: user=0.00 sys=0.00, real=0.00 secs] 
279.660: [CMS-concurrent-preclean-start]
279.660: [CMS-concurrent-preclean: 0.000/0.000 secs] [Times: user=0.00 sys=0.00, real=0.00 secs] 
279.660: [CMS-concurrent-abortable-preclean-start]
280.667: [GC (Allocation Failure) 280.667: [ParNew: 73282K->0K(92160K), 0.0014288 secs] 135553K->72510K(194560K), 0.0015825 secs] [Times: user=0.01 sys=0.00, real=0.00 secs] 
281.678: [GC (Allocation Failure) 281.678: [ParNew: 73282K->0K(92160K), 0.0007282 secs] 145793K->72510K(194560K), 0.0010139 secs] [Times: user=0.00 sys=0.00, real=0.00 secs] 
281.881: [CMS-concurrent-abortable-preclean: 0.006/2.221 secs] [Times: user=0.03 sys=0.00, real=2.22 secs] 
281.881: [GC (CMS Final Remark) [YG occupancy: 42562 K (92160 K)]281.881: [Rescan (parallel) , 0.0002500 secs]281.882: [weak refs processing, 0.0000160 secs]281.882: [class unloading, 0.0003331 secs]281.882: [scrub symbol table, 0.0003140 secs]281.882: [scrub string table, 0.0001337 secs][1 CMS-remark: 72510K(102400K)] 115073K(194560K), 0.0011283 secs] [Times: user=0.00 sys=0.00, real=0.00 secs] 
281.882: [CMS-concurrent-sweep-start]
281.883: [CMS-concurrent-sweep: 0.000/0.000 secs] [Times: user=0.00 sys=0.00, real=0.00 secs] 
281.883: [CMS-concurrent-reset-start]
281.883: [CMS-concurrent-reset: 0.000/0.000 secs] [Times: user=0.00 sys=0.00, real=0.01 secs] 
282.690: [GC (Allocation Failure) 282.691: [ParNew: 73282K->0K(92160K), 0.0021545 secs] 104833K->41790K(194560K), 0.0023680 secs] [Times: user=0.00 sys=0.00, real=0.00 secs] 
283.699: [GC (Allocation Failure) 283.699: [ParNew: 73282K->0K(92160K), 0.0021542 secs] 115073K->52030K(194560K), 0.0022360 secs] [Times: user=0.01 sys=0.00, real=0.00 secs] 
284.708: [GC (Allocation Failure) 284.708: [ParNew: 73282K->0K(92160K), 0.0027828 secs] 125313K->62270K(194560K), 0.0029042 secs] [Times: user=0.02 sys=0.00, real=0.00 secs] 
284.711: [GC (CMS Initial Mark) [1 CMS-initial-mark: 62270K(102400K)] 72510K(194560K), 0.0002072 secs] [Times: user=0.00 sys=0.00, real=0.00 secs] 
284.711: [CMS-concurrent-mark-start]
284.713: [CMS-concurrent-mark: 0.001/0.001 secs] [Times: user=0.00 sys=0.00, real=0.01 secs] 
284.713: [CMS-concurrent-preclean-start]
284.713: [CMS-concurrent-preclean: 0.000/0.000 secs] [Times: user=0.00 sys=0.00, real=0.00 secs] 
284.713: [CMS-concurrent-abortable-preclean-start]
285.717: [GC (Allocation Failure) 285.717: [ParNew: 73282K->0K(92160K), 0.0004815 secs] 135553K->62270K(194560K), 0.0005434 secs] [Times: user=0.00 sys=0.00, real=0.00 secs] 
285.721: [GC (Allocation Failure) 285.721: [ParNew: 73282K->0K(92160K), 0.0049320 secs] 135553K->92990K(194560K), 0.0050251 secs] [Times: user=0.03 sys=0.01, real=0.01 secs] 
285.726: [CMS-concurrent-abortable-preclean: 0.002/1.012 secs] [Times: user=0.04 sys=0.01, real=1.01 secs] 
285.726: [GC (CMS Final Remark) [YG occupancy: 10240 K (92160 K)]285.726: [Rescan (parallel) , 0.0002076 secs]285.726: [weak refs processing, 0.0000110 secs]285.726: [class unloading, 0.0002684 secs]285.727: [scrub symbol table, 0.0002581 secs]285.727: [scrub string table, 0.0001254 secs][1 CMS-remark: 92990K(102400K)] 103230K(194560K), 0.0009339 secs] [Times: user=0.00 sys=0.00, real=0.00 secs] 
285.727: [CMS-concurrent-sweep-start]
285.727: [CMS-concurrent-sweep: 0.000/0.000 secs] [Times: user=0.00 sys=0.00, real=0.00 secs] 
285.727: [CMS-concurrent-reset-start]
285.728: [CMS-concurrent-reset: 0.000/0.000 secs] [Times: user=0.00 sys=0.00, real=0.00 secs] 
286.734: [GC (Allocation Failure) 286.734: [ParNew: 73282K->0K(92160K), 0.0045565 secs] 115073K->62270K(194560K), 0.0046615 secs] [Times: user=0.03 sys=0.00, real=0.00 secs] 
286.739: [GC (CMS Initial Mark) [1 CMS-initial-mark: 62270K(102400K)] 72510K(194560K), 0.0001375 secs] [Times: user=0.00 sys=0.00, real=0.00 secs] 
286.739: [CMS-concurrent-mark-start]
286.740: [CMS-concurrent-mark: 0.001/0.001 secs] [Times: user=0.00 sys=0.00, real=0.00 secs] 
286.740: [CMS-concurrent-preclean-start]
286.740: [CMS-concurrent-preclean: 0.000/0.000 secs] [Times: user=0.00 sys=0.00, real=0.00 secs] 
286.740: [CMS-concurrent-abortable-preclean-start]
287.750: [GC (Allocation Failure) 287.751: [ParNew: 73282K->0K(92160K), 0.0122121 secs] 135553K->72510K(194560K), 0.0127504 secs] [Times: user=0.06 sys=0.00, real=0.02 secs] 
288.779: [GC (Allocation Failure) 288.779: [ParNew: 73282K->0K(92160K), 0.0006190 secs] 145793K->72510K(194560K), 0.0007425 secs] [Times: user=0.01 sys=0.00, real=0.00 secs] 
288.990: [CMS-concurrent-abortable-preclean: 0.007/2.250 secs] [Times: user=0.09 sys=0.01, real=2.25 secs] 
288.993: [GC (CMS Final Remark) [YG occupancy: 42562 K (92160 K)]288.993: [Rescan (parallel) , 0.0005271 secs]288.993: [weak refs processing, 0.0000361 secs]288.993: [class unloading, 0.0014817 secs]288.995: [scrub symbol table, 0.0017324 secs]288.997: [scrub string table, 0.0003635 secs][1 CMS-remark: 72510K(102400K)] 115073K(194560K), 0.0043833 secs] [Times: user=0.01 sys=0.00, real=0.01 secs] 
288.997: [CMS-concurrent-sweep-start]
288.998: [CMS-concurrent-sweep: 0.001/0.001 secs] [Times: user=0.00 sys=0.00, real=0.00 secs] 
288.998: [CMS-concurrent-reset-start]
288.998: [CMS-concurrent-reset: 0.000/0.000 secs] [Times: user=0.00 sys=0.00, real=0.00 secs] 
289.790: [GC (Allocation Failure) 289.790: [ParNew: 73282K->0K(92160K), 0.0005457 secs] 104833K->31550K(194560K), 0.0006377 secs] [Times: user=0.00 sys=0.00, real=0.00 secs] 
290.807: [GC (Allocation Failure) 290.807: [ParNew: 73282K->0K(92160K), 0.0005765 secs] 104833K->31550K(194560K), 0.0006721 secs] [Times: user=0.01 sys=0.00, real=0.00 secs] 
291.823: [GC (Allocation Failure) 291.823: [ParNew: 73295K->0K(92160K), 0.0005521 secs] 104845K->31550K(194560K), 0.0006440 secs] [Times: user=0.00 sys=0.00, real=0.01 secs] 
292.840: [GC (Allocation Failure) 292.840: [ParNew: 73290K->0K(92160K), 0.0005433 secs] 104841K->31550K(194560K), 0.0006324 secs] [Times: user=0.00 sys=0.00, real=0.00 secs] 
292.850: [GC (Allocation Failure) 292.850: [ParNew: 73287K->0K(92160K), 0.0004509 secs] 104838K->31550K(194560K), 0.0005079 secs] [Times: user=0.00 sys=0.00, real=0.00 secs] 
293.861: [GC (Allocation Failure) 293.861: [ParNew: 73286K->0K(92160K), 0.0003271 secs] 104836K->31550K(194560K), 0.0004031 secs] [Times: user=0.00 sys=0.00, real=0.00 secs] 
294.872: [GC (Allocation Failure) 294.872: [ParNew: 73284K->0K(92160K), 0.0003250 secs] 104835K->31550K(194560K), 0.0006718 secs] [Times: user=0.00 sys=0.00, real=0.00 secs] 
295.886: [GC (Allocation Failure) 295.886: [ParNew: 73284K->0K(92160K), 0.0004413 secs] 104834K->31550K(194560K), 0.0005401 secs] [Times: user=0.00 sys=0.00, real=0.00 secs] 
296.899: [GC (Allocation Failure) 296.899: [ParNew: 73283K->0K(92160K), 0.0006385 secs] 104834K->31550K(194560K), 0.0007411 secs] [Times: user=0.00 sys=0.01, real=0.00 secs] 
297.910: [GC (Allocation Failure) 297.911: [ParNew: 73283K->0K(92160K), 0.0005818 secs] 104833K->31550K(194560K), 0.0006957 secs] [Times: user=0.00 sys=0.00, real=0.00 secs] 
298.926: [GC (Allocation Failure) 298.926: [ParNew: 73283K->0K(92160K), 0.0004369 secs] 104833K->31550K(194560K), 0.0005401 secs] [Times: user=0.00 sys=0.00, real=0.00 secs] 
299.937: [GC (Allocation Failure) 299.937: [ParNew: 73282K->0K(92160K), 0.0006788 secs] 104833K->31550K(194560K), 0.0008067 secs] [Times: user=0.00 sys=0.00, real=0.00 secs] 
299.950: [GC (Allocation Failure) 299.950: [ParNew: 73282K->0K(92160K), 0.0005584 secs] 104833K->31550K(194560K), 0.0006380 secs] [Times: user=0.00 sys=0.00, real=0.00 secs] 
300.966: [GC (Allocation Failure) 300.966: [ParNew: 73282K->0K(92160K), 0.0006714 secs] 104833K->31550K(194560K), 0.0011365 secs] [Times: user=0.00 sys=0.00, real=0.00 secs] 
301.975: [GC (Allocation Failure) 301.975: [ParNew: 73282K->0K(92160K), 0.0009016 secs] 104833K->31550K(194560K), 0.0009932 secs] [Times: user=0.00 sys=0.00, real=0.00 secs] 
302.985: [GC (Allocation Failure) 302.986: [ParNew: 73282K->0K(92160K), 0.0007472 secs] 104833K->31550K(194560K), 0.0017131 secs] [Times: user=0.01 sys=0.00, real=0.00 secs] 
304.001: [GC (Allocation Failure) 304.001: [ParNew: 73282K->0K(92160K), 0.0004732 secs] 104833K->31550K(194560K), 0.0005735 secs] [Times: user=0.00 sys=0.00, real=0.00 secs] 
305.019: [GC (Allocation Failure) 305.019: [ParNew: 73282K->0K(92160K), 0.0006838 secs] 104833K->31550K(194560K), 0.0008174 secs] [Times: user=0.00 sys=0.00, real=0.00 secs] 
306.040: [GC (Allocation Failure) 306.040: [ParNew: 73282K->0K(92160K), 0.0004593 secs] 104833K->31550K(194560K), 0.0005333 secs] [Times: user=0.00 sys=0.00, real=0.00 secs] 
307.054: [GC (Allocation Failure) 307.054: [ParNew: 73282K->0K(92160K), 0.0006690 secs] 104833K->31550K(194560K), 0.0007998 secs] [Times: user=0.00 sys=0.01, real=0.00 secs] 
307.068: [GC (Allocation Failure) 307.068: [ParNew: 73282K->0K(92160K), 0.0004919 secs] 104833K->31550K(194560K), 0.0005813 secs] [Times: user=0.00 sys=0.00, real=0.00 secs] 
308.083: [GC (Allocation Failure) 308.083: [ParNew: 73282K->0K(92160K), 0.0006204 secs] 104833K->31550K(194560K), 0.0007129 secs] [Times: user=0.00 sys=0.00, real=0.01 secs] 
309.102: [GC (Allocation Failure) 309.102: [ParNew: 73282K->0K(92160K), 0.0004753 secs] 104833K->31550K(194560K), 0.0005775 secs] [Times: user=0.00 sys=0.00, real=0.00 secs] 
310.121: [GC (Allocation Failure) 310.121: [ParNew: 73282K->0K(92160K), 0.0007328 secs] 104833K->31550K(194560K), 0.0009750 secs] [Times: user=0.00 sys=0.00, real=0.00 secs] 
311.141: [GC (Allocation Failure) 311.141: [ParNew: 73282K->0K(92160K), 0.0008347 secs] 104833K->31550K(194560K), 0.0010341 secs] [Times: user=0.00 sys=0.00, real=0.00 secs] 
312.163: [GC (Allocation Failure) 312.163: [ParNew: 73282K->0K(92160K), 0.0007143 secs] 104833K->31550K(194560K), 0.0008492 secs] [Times: user=0.00 sys=0.00, real=0.01 secs] 
313.183: [GC (Allocation Failure) 313.183: [ParNew: 73282K->0K(92160K), 0.0008566 secs] 104833K->31550K(194560K), 0.0009717 secs] [Times: user=0.01 sys=0.00, real=0.01 secs] 
314.204: [GC (Allocation Failure) 314.204: [ParNew: 73282K->0K(92160K), 0.0014965 secs] 104833K->31550K(194560K), 0.0017815 secs] [Times: user=0.01 sys=0.00, real=0.00 secs] 
314.223: [GC (Allocation Failure) 314.223: [ParNew: 73282K->0K(92160K), 0.0006534 secs] 104833K->31550K(194560K), 0.0007720 secs] [Times: user=0.01 sys=0.00, real=0.01 secs] 
315.244: [GC (Allocation Failure) 315.244: [ParNew: 73282K->0K(92160K), 0.0005692 secs] 104833K->31550K(194560K), 0.0006759 secs] [Times: user=0.00 sys=0.00, real=0.00 secs] 
316.264: [GC (Allocation Failure) 316.264: [ParNew: 73282K->0K(92160K), 0.0005622 secs] 104833K->31550K(194560K), 0.0006509 secs] [Times: user=0.00 sys=0.00, real=0.00 secs] 
317.280: [GC (Allocation Failure) 317.280: [ParNew: 73282K->0K(92160K), 0.0007031 secs] 104833K->31550K(194560K), 0.0008222 secs] [Times: user=0.00 sys=0.00, real=0.00 secs] 
318.307: [GC (Allocation Failure) 318.308: [ParNew: 73282K->0K(92160K), 0.0006632 secs] 104833K->31550K(194560K), 0.0011682 secs] [Times: user=0.00 sys=0.00, real=0.00 secs] 
319.334: [GC (Allocation Failure) 319.334: [ParNew: 73282K->0K(92160K), 0.0008142 secs] 104833K->31550K(194560K), 0.0009237 secs] [Times: user=0.01 sys=0.00, real=0.00 secs] 
320.358: [GC (Allocation Failure) 320.358: [ParNew: 73282K->0K(92160K), 0.0011328 secs] 104833K->31550K(194560K), 0.0013245 secs] [Times: user=0.01 sys=0.00, real=0.00 secs] 
321.381: [GC (Allocation Failure) 321.381: [ParNew: 73282K->0K(92160K), 0.0009786 secs] 104833K->31550K(194560K), 0.0011941 secs] [Times: user=0.01 sys=0.00, real=0.00 secs] 
321.397: [GC (Allocation Failure) 321.397: [ParNew: 73282K->0K(92160K), 0.0005434 secs] 104833K->31550K(194560K), 0.0006597 secs] [Times: user=0.00 sys=0.00, real=0.00 secs] 
322.419: [GC (Allocation Failure) 322.419: [ParNew: 73282K->0K(92160K), 0.0006285 secs] 104833K->31550K(194560K), 0.0007330 secs] [Times: user=0.00 sys=0.00, real=0.00 secs] 
323.441: [GC (Allocation Failure) 323.441: [ParNew: 73282K->0K(92160K), 0.0006394 secs] 104833K->31550K(194560K), 0.0007426 secs] [Times: user=0.00 sys=0.00, real=0.00 secs] 
324.459: [GC (Allocation Failure) 324.460: [ParNew: 73282K->0K(92160K), 0.0006035 secs] 104833K->31550K(194560K), 0.0010449 secs] [Times: user=0.00 sys=0.00, real=0.00 secs] 
325.479: [GC (Allocation Failure) 325.479: [ParNew: 73282K->0K(92160K), 0.0006464 secs] 104833K->31550K(194560K), 0.0007794 secs] [Times: user=0.00 sys=0.00, real=0.00 secs] 
326.498: [GC (Allocation Failure) 326.498: [ParNew: 73282K->0K(92160K), 0.0009524 secs] 104833K->31550K(194560K), 0.0011132 secs] [Times: user=0.00 sys=0.00, real=0.00 secs] 
327.517: [GC (Allocation Failure) 327.517: [ParNew: 73282K->0K(92160K), 0.0005285 secs] 104833K->31550K(194560K), 0.0006290 secs] [Times: user=0.00 sys=0.00, real=0.00 secs] 
328.531: [GC (Allocation Failure) 328.531: [ParNew: 73282K->0K(92160K), 0.0005279 secs] 104833K->31550K(194560K), 0.0006252 secs] [Times: user=0.00 sys=0.00, real=0.00 secs] 
328.543: [GC (Allocation Failure) 328.543: [ParNew: 73282K->0K(92160K), 0.0004639 secs] 104833K->31550K(194560K), 0.0005451 secs] [Times: user=0.01 sys=0.00, real=0.01 secs] 
329.558: [GC (Allocation Failure) 329.558: [ParNew: 73282K->0K(92160K), 0.0005271 secs] 104833K->31550K(194560K), 0.0006275 secs] [Times: user=0.00 sys=0.00, real=0.00 secs] 
330.572: [GC (Allocation Failure) 330.572: [ParNew: 73282K->0K(92160K), 0.0004655 secs] 104833K->31550K(194560K), 0.0005633 secs] [Times: user=0.01 sys=0.00, real=0.00 secs] 
331.588: [GC (Allocation Failure) 331.588: [ParNew: 73282K->0K(92160K), 0.0005690 secs] 104833K->31550K(194560K), 0.0006611 secs] [Times: user=0.00 sys=0.00, real=0.00 secs] 
332.604: [GC (Allocation Failure) 332.605: [ParNew: 73282K->0K(92160K), 0.0006944 secs] 104833K->31550K(194560K), 0.0012149 secs] [Times: user=0.00 sys=0.00, real=0.00 secs] 
333.622: [GC (Allocation Failure) 333.623: [ParNew: 73282K->0K(92160K), 0.0005339 secs] 104833K->31550K(194560K), 0.0013936 secs] [Times: user=0.00 sys=0.01, real=0.00 secs] 
334.639: [GC (Allocation Failure) 334.639: [ParNew: 73282K->0K(92160K), 0.0007268 secs] 104833K->31550K(194560K), 0.0008652 secs] [Times: user=0.01 sys=0.00, real=0.00 secs] 
335.661: [GC (Allocation Failure) 335.661: [ParNew: 73282K->0K(92160K), 0.0014152 secs] 104833K->31550K(194560K), 0.0017023 secs] [Times: user=0.01 sys=0.00, real=0.00 secs] 
335.680: [GC (Allocation Failure) 335.680: [ParNew: 73282K->0K(92160K), 0.0007334 secs] 104833K->31550K(194560K), 0.0008613 secs] [Times: user=0.01 sys=0.00, real=0.00 secs] 
336.701: [GC (Allocation Failure) 336.701: [ParNew: 73282K->0K(92160K), 0.0005680 secs] 104833K->31550K(194560K), 0.0006855 secs] [Times: user=0.00 sys=0.00, real=0.00 secs] 
337.721: [GC (Allocation Failure) 337.721: [ParNew: 73282K->0K(92160K), 0.0006048 secs] 104833K->31550K(194560K), 0.0007261 secs] [Times: user=0.00 sys=0.00, real=0.00 secs] 
338.737: [GC (Allocation Failure) 338.738: [ParNew: 73282K->0K(92160K), 0.0006309 secs] 104833K->31550K(194560K), 0.0015229 secs] [Times: user=0.00 sys=0.00, real=0.00 secs] 
339.759: [GC (Allocation Failure) 339.759: [ParNew: 73282K->0K(92160K), 0.0007397 secs] 104833K->31550K(194560K), 0.0008602 secs] [Times: user=0.00 sys=0.00, real=0.00 secs] 
340.782: [GC (Allocation Failure) 340.782: [ParNew: 73282K->0K(92160K), 0.0007638 secs] 104833K->31550K(194560K), 0.0009186 secs] [Times: user=0.00 sys=0.00, real=0.00 secs] 
341.805: [GC (Allocation Failure) 341.806: [ParNew: 73282K->0K(92160K), 0.0008775 secs] 104833K->31550K(194560K), 0.0010413 secs] [Times: user=0.00 sys=0.01, real=0.00 secs] 
342.828: [GC (Allocation Failure) 342.829: [ParNew: 73282K->0K(92160K), 0.0013719 secs] 104833K->31550K(194560K), 0.0016610 secs] [Times: user=0.01 sys=0.00, real=0.00 secs] 
342.846: [GC (Allocation Failure) 342.846: [ParNew: 73282K->0K(92160K), 0.0006124 secs] 104833K->31550K(194560K), 0.0007336 secs] [Times: user=0.01 sys=0.00, real=0.00 secs] 
343.866: [GC (Allocation Failure) 343.866: [ParNew: 73282K->0K(92160K), 0.0006835 secs] 104833K->31550K(194560K), 0.0007923 secs] [Times: user=0.01 sys=0.00, real=0.00 secs] 
344.881: [GC (Allocation Failure) 344.882: [ParNew: 73282K->0K(92160K), 0.0006274 secs] 104833K->31550K(194560K), 0.0011337 secs] [Times: user=0.00 sys=0.00, real=0.00 secs] 
345.898: [GC (Allocation Failure) 345.899: [ParNew: 73282K->0K(92160K), 0.0007496 secs] 104833K->31550K(194560K), 0.0008648 secs] [Times: user=0.00 sys=0.00, real=0.00 secs] 
346.919: [GC (Allocation Failure) 346.919: [ParNew: 73282K->0K(92160K), 0.0006625 secs] 104833K->31550K(194560K), 0.0008296 secs] [Times: user=0.00 sys=0.00, real=0.00 secs] 
347.941: [GC (Allocation Failure) 347.941: [ParNew: 73282K->0K(92160K), 0.0007212 secs] 104833K->31550K(194560K), 0.0008787 secs] [Times: user=0.01 sys=0.00, real=0.00 secs] 
348.964: [GC (Allocation Failure) 348.964: [ParNew: 73282K->0K(92160K), 0.0008931 secs] 104833K->31550K(194560K), 0.0010782 secs] [Times: user=0.01 sys=0.00, real=0.00 secs] 
349.987: [GC (Allocation Failure) 349.988: [ParNew: 73282K->0K(92160K), 0.0014141 secs] 104833K->31550K(194560K), 0.0017005 secs] [Times: user=0.01 sys=0.01, real=0.00 secs] 
350.006: [GC (Allocation Failure) 350.006: [ParNew: 73282K->0K(92160K), 0.0006396 secs] 104833K->31550K(194560K), 0.0007460 secs] [Times: user=0.01 sys=0.00, real=0.00 secs] 
351.027: [GC (Allocation Failure) 351.027: [ParNew: 73282K->0K(92160K), 0.0006564 secs] 104833K->31550K(194560K), 0.0007711 secs] [Times: user=0.01 sys=0.00, real=0.00 secs] 
352.042: [GC (Allocation Failure) 352.043: [ParNew: 73282K->0K(92160K), 0.0005902 secs] 104833K->31550K(194560K), 0.0009522 secs] [Times: user=0.00 sys=0.00, real=0.00 secs] 
353.062: [GC (Allocation Failure) 353.062: [ParNew: 73282K->0K(92160K), 0.0006185 secs] 104833K->31550K(194560K), 0.0007373 secs] [Times: user=0.00 sys=0.00, real=0.00 secs] 
354.080: [GC (Allocation Failure) 354.081: [ParNew: 73282K->0K(92160K), 0.0006603 secs] 104833K->31550K(194560K), 0.0007936 secs] [Times: user=0.00 sys=0.00, real=0.00 secs] 
355.098: [GC (Allocation Failure) 355.098: [ParNew: 73282K->0K(92160K), 0.0008635 secs] 104833K->31550K(194560K), 0.0010289 secs] [Times: user=0.00 sys=0.00, real=0.00 secs] 
356.122: [GC (Allocation Failure) 356.122: [ParNew: 73282K->0K(92160K), 0.0009532 secs] 104833K->31550K(194560K), 0.0011298 secs] [Times: user=0.00 sys=0.00, real=0.00 secs] 
357.146: [GC (Allocation Failure) 357.146: [ParNew: 73282K->0K(92160K), 0.0015086 secs] 104833K->31550K(194560K), 0.0017745 secs] [Times: user=0.00 sys=0.00, real=0.00 secs] 
357.164: [GC (Allocation Failure) 357.164: [ParNew: 73282K->0K(92160K), 0.0006517 secs] 104833K->31550K(194560K), 0.0007738 secs] [Times: user=0.00 sys=0.00, real=0.00 secs] 
358.184: [GC (Allocation Failure) 358.184: [ParNew: 73282K->0K(92160K), 0.0005839 secs] 104833K->31550K(194560K), 0.0006693 secs] [Times: user=0.00 sys=0.01, real=0.00 secs] 
359.202: [GC (Allocation Failure) 359.203: [ParNew: 73282K->0K(92160K), 0.0009732 secs] 104833K->31550K(194560K), 0.0011872 secs] [Times: user=0.00 sys=0.00, real=0.00 secs] 
360.216: [GC (Allocation Failure) 360.216: [ParNew: 73282K->0K(92160K), 0.0005162 secs] 104833K->31550K(194560K), 0.0006094 secs] [Times: user=0.00 sys=0.00, real=0.00 secs] 
361.233: [GC (Allocation Failure) 361.233: [ParNew: 73282K->0K(92160K), 0.0008250 secs] 104833K->31550K(194560K), 0.0009738 secs] [Times: user=0.00 sys=0.00, real=0.01 secs] 
362.251: [GC (Allocation Failure) 362.251: [ParNew: 73282K->0K(92160K), 0.0005573 secs] 104833K->31550K(194560K), 0.0006586 secs] [Times: user=0.01 sys=0.00, real=0.00 secs] 
363.273: [GC (Allocation Failure) 363.273: [ParNew: 73282K->0K(92160K), 0.0008504 secs] 104833K->31550K(194560K), 0.0009537 secs] [Times: user=0.00 sys=0.00, real=0.00 secs] 
364.289: [GC (Allocation Failure) 364.289: [ParNew: 73282K->0K(92160K), 0.0006349 secs] 104833K->31550K(194560K), 0.0007057 secs] [Times: user=0.00 sys=0.00, real=0.00 secs] 
364.299: [GC (Allocation Failure) 364.299: [ParNew: 73282K->0K(92160K), 0.0004862 secs] 104833K->31550K(194560K), 0.0005365 secs] [Times: user=0.00 sys=0.00, real=0.00 secs] 
365.316: [GC (Allocation Failure) 365.316: [ParNew: 73282K->0K(92160K), 0.0005805 secs] 104833K->31550K(194560K), 0.0010096 secs] [Times: user=0.00 sys=0.00, real=0.00 secs] 
366.330: [GC (Allocation Failure) 366.331: [ParNew: 73282K->0K(92160K), 0.0007046 secs] 104833K->31550K(194560K), 0.0008390 secs] [Times: user=0.00 sys=0.00, real=0.00 secs] 
367.347: [GC (Allocation Failure) 367.347: [ParNew: 73282K->0K(92160K), 0.0010630 secs] 104833K->31550K(194560K), 0.0012185 secs] [Times: user=0.01 sys=0.00, real=0.00 secs] 
368.368: [GC (Allocation Failure) 368.368: [ParNew: 73282K->0K(92160K), 0.0007692 secs] 104833K->31550K(194560K), 0.0009049 secs] [Times: user=0.01 sys=0.00, real=0.00 secs] 
369.391: [GC (Allocation Failure) 369.391: [ParNew: 73282K->0K(92160K), 0.0008138 secs] 104833K->31550K(194560K), 0.0009675 secs] [Times: user=0.00 sys=0.00, real=0.00 secs] 
370.414: [GC (Allocation Failure) 370.414: [ParNew: 73282K->0K(92160K), 0.0009322 secs] 104833K->31550K(194560K), 0.0011098 secs] [Times: user=0.00 sys=0.00, real=0.00 secs] 
371.438: [GC (Allocation Failure) 371.438: [ParNew: 73282K->0K(92160K), 0.0014476 secs] 104833K->31550K(194560K), 0.0016447 secs] [Times: user=0.01 sys=0.00, real=0.00 secs] 
371.454: [GC (Allocation Failure) 371.454: [ParNew: 73282K->0K(92160K), 0.0006826 secs] 104833K->31550K(194560K), 0.0008012 secs] [Times: user=0.00 sys=0.00, real=0.00 secs] 
372.476: [GC (Allocation Failure) 372.476: [ParNew: 73282K->0K(92160K), 0.0005660 secs] 104833K->31550K(194560K), 0.0006635 secs] [Times: user=0.00 sys=0.00, real=0.00 secs] 
373.494: [GC (Allocation Failure) 373.494: [ParNew: 73282K->0K(92160K), 0.0007903 secs] 104833K->31550K(194560K), 0.0009085 secs] [Times: user=0.00 sys=0.00, real=0.00 secs] 
374.512: [GC (Allocation Failure) 374.512: [ParNew: 73282K->0K(92160K), 0.0005660 secs] 104833K->31550K(194560K), 0.0006907 secs] [Times: user=0.00 sys=0.00, real=0.00 secs] 
375.532: [GC (Allocation Failure) 375.532: [ParNew: 73282K->0K(92160K), 0.0007803 secs] 104833K->31550K(194560K), 0.0013305 secs] [Times: user=0.01 sys=0.00, real=0.00 secs] 
376.554: [GC (Allocation Failure) 376.554: [ParNew: 73282K->0K(92160K), 0.0007845 secs] 104833K->31550K(194560K), 0.0009848 secs] [Times: user=0.00 sys=0.01, real=0.00 secs] 
377.578: [GC (Allocation Failure) 377.578: [ParNew: 73282K->0K(92160K), 0.0011671 secs] 104833K->31550K(194560K), 0.0014363 secs] [Times: user=0.00 sys=0.00, real=0.00 secs] 
378.601: [GC (Allocation Failure) 378.602: [ParNew: 73282K->0K(92160K), 0.0017739 secs] 104833K->31550K(194560K), 0.0021110 secs] [Times: user=0.00 sys=0.00, real=0.00 secs] 
378.618: [GC (Allocation Failure) 378.618: [ParNew: 73282K->0K(92160K), 0.0006267 secs] 104833K->31550K(194560K), 0.0007459 secs] [Times: user=0.00 sys=0.00, real=0.00 secs] 
379.640: [GC (Allocation Failure) 379.640: [ParNew: 73282K->0K(92160K), 0.0005987 secs] 104833K->31550K(194560K), 0.0007195 secs] [Times: user=0.00 sys=0.00, real=0.00 secs] 
380.660: [GC (Allocation Failure) 380.660: [ParNew: 73282K->0K(92160K), 0.0005447 secs] 104833K->31550K(194560K), 0.0006559 secs] [Times: user=0.00 sys=0.00, real=0.00 secs] 
381.680: [GC (Allocation Failure) 381.680: [ParNew: 73282K->0K(92160K), 0.0007634 secs] 104833K->31550K(194560K), 0.0008837 secs] [Times: user=0.01 sys=0.00, real=0.00 secs] 
382.701: [GC (Allocation Failure) 382.702: [ParNew: 73282K->0K(92160K), 0.0006482 secs] 104833K->31550K(194560K), 0.0012824 secs] [Times: user=0.00 sys=0.00, real=0.00 secs] 
383.724: [GC (Allocation Failure) 383.724: [ParNew: 73282K->0K(92160K), 0.0007521 secs] 104833K->31550K(194560K), 0.0008973 secs] [Times: user=0.00 sys=0.00, real=0.00 secs] 
384.748: [GC (Allocation Failure) 384.748: [ParNew: 73282K->0K(92160K), 0.0009815 secs] 104833K->31550K(194560K), 0.0011699 secs] [Times: user=0.00 sys=0.00, real=0.00 secs] 
385.771: [GC (Allocation Failure) 385.771: [ParNew: 73282K->0K(92160K), 0.0013405 secs] 104833K->31550K(194560K), 0.0015913 secs] [Times: user=0.00 sys=0.00, real=0.00 secs] 
385.790: [GC (Allocation Failure) 385.790: [ParNew: 73282K->0K(92160K), 0.0005862 secs] 104833K->31550K(194560K), 0.0007170 secs] [Times: user=0.00 sys=0.00, real=0.00 secs] 
386.804: [GC (Allocation Failure) 386.804: [ParNew: 73282K->0K(92160K), 0.0005120 secs] 104833K->31550K(194560K), 0.0005970 secs] [Times: user=0.01 sys=0.00, real=0.01 secs] 
387.822: [GC (Allocation Failure) 387.822: [ParNew: 73282K->0K(92160K), 0.0004978 secs] 104833K->31550K(194560K), 0.0005814 secs] [Times: user=0.00 sys=0.00, real=0.00 secs] 
388.832: [GC (Allocation Failure) 388.832: [ParNew: 73282K->0K(92160K), 0.0004790 secs] 104833K->31550K(194560K), 0.0005540 secs] [Times: user=0.00 sys=0.00, real=0.00 secs] 
389.846: [GC (Allocation Failure) 389.846: [ParNew: 73282K->0K(92160K), 0.0006096 secs] 104833K->31550K(194560K), 0.0007356 secs] [Times: user=0.01 sys=0.00, real=0.00 secs] 
390.865: [GC (Allocation Failure) 390.866: [ParNew: 73282K->0K(92160K), 0.0008055 secs] 104833K->31550K(194560K), 0.0020437 secs] [Times: user=0.00 sys=0.00, real=0.00 secs] 
391.886: [GC (Allocation Failure) 391.886: [ParNew: 73282K->0K(92160K), 0.0006723 secs] 104833K->31550K(194560K), 0.0007971 secs] [Times: user=0.00 sys=0.00, real=0.00 secs] 
392.908: [GC (Allocation Failure) 392.908: [ParNew: 73282K->0K(92160K), 0.0005608 secs] 104833K->31550K(194560K), 0.0006812 secs] [Times: user=0.01 sys=0.00, real=0.00 secs] 
392.919: [GC (Allocation Failure) 392.919: [ParNew: 73282K->0K(92160K), 0.0004129 secs] 104833K->31550K(194560K), 0.0004978 secs] [Times: user=0.00 sys=0.00, real=0.00 secs] 
393.931: [GC (Allocation Failure) 393.931: [ParNew: 73282K->0K(92160K), 0.0004942 secs] 104833K->31550K(194560K), 0.0005954 secs] [Times: user=0.00 sys=0.00, real=0.00 secs] 
394.945: [GC (Allocation Failure) 394.945: [ParNew: 73282K->0K(92160K), 0.0009791 secs] 104833K->31550K(194560K), 0.0011248 secs] [Times: user=0.00 sys=0.00, real=0.00 secs] 
395.960: [GC (Allocation Failure) 395.960: [ParNew: 73282K->0K(92160K), 0.0004440 secs] 104833K->31550K(194560K), 0.0005279 secs] [Times: user=0.01 sys=0.00, real=0.00 secs] 
396.978: [GC (Allocation Failure) 396.979: [ParNew: 73282K->0K(92160K), 0.0005805 secs] 104833K->31550K(194560K), 0.0010682 secs] [Times: user=0.00 sys=0.00, real=0.00 secs] 
397.999: [GC (Allocation Failure) 397.999: [ParNew: 73282K->0K(92160K), 0.0009718 secs] 104833K->31550K(194560K), 0.0011447 secs] [Times: user=0.00 sys=0.00, real=0.00 secs] 
399.021: [GC (Allocation Failure) 399.021: [ParNew: 73282K->0K(92160K), 0.0005058 secs] 104833K->31550K(194560K), 0.0006240 secs] [Times: user=0.01 sys=0.00, real=0.00 secs] 
400.035: [GC (Allocation Failure) 400.036: [ParNew: 73282K->0K(92160K), 0.0006538 secs] 104833K->31550K(194560K), 0.0007780 secs] [Times: user=0.00 sys=0.00, real=0.00 secs] 
400.049: [GC (Allocation Failure) 400.049: [ParNew: 73282K->0K(92160K), 0.0007165 secs] 104833K->31550K(194560K), 0.0008282 secs] [Times: user=0.01 sys=0.00, real=0.00 secs] 
401.071: [GC (Allocation Failure) 401.071: [ParNew: 73282K->0K(92160K), 0.0006250 secs] 104833K->31550K(194560K), 0.0007362 secs] [Times: user=0.01 sys=0.00, real=0.00 secs] 
402.082: [GC (Allocation Failure) 402.082: [ParNew: 73282K->0K(92160K), 0.0004817 secs] 104833K->31550K(194560K), 0.0005712 secs] [Times: user=0.00 sys=0.00, real=0.00 secs] 
403.099: [GC (Allocation Failure) 403.099: [ParNew: 73282K->0K(92160K), 0.0006480 secs] 104833K->31550K(194560K), 0.0011842 secs] [Times: user=0.00 sys=0.00, real=0.00 secs] 
404.116: [GC (Allocation Failure) 404.117: [ParNew: 73282K->0K(92160K), 0.0004105 secs] 104833K->31550K(194560K), 0.0004958 secs] [Times: user=0.01 sys=0.00, real=0.00 secs] 
405.132: [GC (Allocation Failure) 405.132: [ParNew: 73282K->0K(92160K), 0.0006951 secs] 104833K->31550K(194560K), 0.0008371 secs] [Times: user=0.00 sys=0.01, real=0.00 secs] 
406.156: [GC (Allocation Failure) 406.156: [ParNew: 73282K->0K(92160K), 0.0014605 secs] 104833K->31550K(194560K), 0.0016655 secs] [Times: user=0.00 sys=0.00, real=0.00 secs] 
407.180: [GC (Allocation Failure) 407.180: [ParNew: 73282K->0K(92160K), 0.0007462 secs] 104833K->31550K(194560K), 0.0008632 secs] [Times: user=0.00 sys=0.00, real=0.00 secs] 
407.206: [GC (Allocation Failure) 407.206: [ParNew: 73282K->0K(92160K), 0.0005346 secs] 104833K->31550K(194560K), 0.0006158 secs] [Times: user=0.01 sys=0.00, real=0.00 secs] 
408.222: [GC (Allocation Failure) 408.222: [ParNew: 73282K->0K(92160K), 0.0005024 secs] 104833K->31550K(194560K), 0.0005952 secs] [Times: user=0.00 sys=0.00, real=0.00 secs] 
409.240: [GC (Allocation Failure) 409.240: [ParNew: 73282K->0K(92160K), 0.0004876 secs] 104833K->31550K(194560K), 0.0005807 secs] [Times: user=0.01 sys=0.00, real=0.00 secs] 
410.260: [GC (Allocation Failure) 410.261: [ParNew: 73282K->0K(92160K), 0.0006625 secs] 104833K->31550K(194560K), 0.0011502 secs] [Times: user=0.00 sys=0.01, real=0.00 secs] 
411.280: [GC (Allocation Failure) 411.280: [ParNew: 73282K->0K(92160K), 0.0006604 secs] 104833K->31550K(194560K), 0.0007977 secs] [Times: user=0.00 sys=0.00, real=0.00 secs] 
412.303: [GC (Allocation Failure) 412.303: [ParNew: 73282K->0K(92160K), 0.0008217 secs] 104833K->31550K(194560K), 0.0009755 secs] [Times: user=0.01 sys=0.00, real=0.00 secs] 
413.325: [GC (Allocation Failure) 413.325: [ParNew: 73282K->0K(92160K), 0.0008321 secs] 104833K->31550K(194560K), 0.0010005 secs] [Times: user=0.00 sys=0.00, real=0.00 secs] 
414.348: [GC (Allocation Failure) 414.349: [ParNew: 73282K->0K(92160K), 0.0014015 secs] 104833K->31550K(194560K), 0.0016934 secs] [Times: user=0.01 sys=0.00, real=0.00 secs] 
414.367: [GC (Allocation Failure) 414.367: [ParNew: 73282K->0K(92160K), 0.0005700 secs] 104833K->31550K(194560K), 0.0006896 secs] [Times: user=0.01 sys=0.00, real=0.00 secs] 
415.385: [GC (Allocation Failure) 415.385: [ParNew: 73282K->0K(92160K), 0.0006264 secs] 104833K->31550K(194560K), 0.0007330 secs] [Times: user=0.00 sys=0.00, real=0.00 secs] 
416.406: [GC (Allocation Failure) 416.407: [ParNew: 73282K->0K(92160K), 0.0006557 secs] 104833K->31550K(194560K), 0.0011239 secs] [Times: user=0.00 sys=0.00, real=0.00 secs] 
417.424: [GC (Allocation Failure) 417.424: [ParNew: 73282K->0K(92160K), 0.0005731 secs] 104833K->31550K(194560K), 0.0006752 secs] [Times: user=0.00 sys=0.00, real=0.00 secs] 
418.445: [GC (Allocation Failure) 418.446: [ParNew: 73282K->0K(92160K), 0.0007903 secs] 104833K->31550K(194560K), 0.0009510 secs] [Times: user=0.01 sys=0.00, real=0.00 secs] 
419.468: [GC (Allocation Failure) 419.468: [ParNew: 73282K->0K(92160K), 0.0007357 secs] 104833K->31550K(194560K), 0.0008916 secs] [Times: user=0.00 sys=0.00, real=0.00 secs] 
420.491: [GC (Allocation Failure) 420.492: [ParNew: 73282K->0K(92160K), 0.0008825 secs] 104833K->31550K(194560K), 0.0010668 secs] [Times: user=0.00 sys=0.00, real=0.00 secs] 
421.510: [GC (Allocation Failure) 421.510: [ParNew: 73282K->0K(92160K), 0.0014235 secs] 104833K->31550K(194560K), 0.0017008 secs] [Times: user=0.00 sys=0.00, real=0.00 secs] 
421.528: [GC (Allocation Failure) 421.528: [ParNew: 73282K->0K(92160K), 0.0007305 secs] 104833K->31550K(194560K), 0.0008393 secs] [Times: user=0.00 sys=0.00, real=0.00 secs] 
422.549: [GC (Allocation Failure) 422.549: [ParNew: 73282K->0K(92160K), 0.0006084 secs] 104833K->31550K(194560K), 0.0007212 secs] [Times: user=0.00 sys=0.00, real=0.00 secs] 
423.565: [GC (Allocation Failure) 423.565: [ParNew: 73282K->0K(92160K), 0.0006877 secs] 104833K->31550K(194560K), 0.0007842 secs] [Times: user=0.00 sys=0.00, real=0.00 secs] 
424.580: [GC (Allocation Failure) 424.581: [ParNew: 73282K->0K(92160K), 0.0006955 secs] 104833K->31550K(194560K), 0.0011169 secs] [Times: user=0.01 sys=0.00, real=0.00 secs] 
425.602: [GC (Allocation Failure) 425.602: [ParNew: 73282K->0K(92160K), 0.0011224 secs] 104833K->31550K(194560K), 0.0012935 secs] [Times: user=0.00 sys=0.00, real=0.00 secs] 
426.624: [GC (Allocation Failure) 426.624: [ParNew: 73282K->0K(92160K), 0.0007443 secs] 104833K->31550K(194560K), 0.0008826 secs] [Times: user=0.00 sys=0.00, real=0.01 secs] 
427.647: [GC (Allocation Failure) 427.647: [ParNew: 73282K->0K(92160K), 0.0008647 secs] 104833K->31550K(194560K), 0.0010454 secs] [Times: user=0.00 sys=0.01, real=0.00 secs] 
428.671: [GC (Allocation Failure) 428.671: [ParNew: 73282K->0K(92160K), 0.0014201 secs] 104833K->31550K(194560K), 0.0017121 secs] [Times: user=0.00 sys=0.00, real=0.00 secs] 
428.689: [GC (Allocation Failure) 428.689: [ParNew: 73282K->0K(92160K), 0.0005674 secs] 104833K->31550K(194560K), 0.0006859 secs] [Times: user=0.00 sys=0.00, real=0.00 secs] 
429.711: [GC (Allocation Failure) 429.711: [ParNew: 73282K->0K(92160K), 0.0005937 secs] 104833K->31550K(194560K), 0.0007097 secs] [Times: user=0.00 sys=0.00, real=0.00 secs] 
430.729: [GC (Allocation Failure) 430.729: [ParNew: 73282K->0K(92160K), 0.0005777 secs] 104833K->31550K(194560K), 0.0006625 secs] [Times: user=0.00 sys=0.00, real=0.00 secs] 
431.751: [GC (Allocation Failure) 431.751: [ParNew: 73282K->0K(92160K), 0.0006397 secs] 104833K->31550K(194560K), 0.0007471 secs] [Times: user=0.00 sys=0.00, real=0.00 secs] 
432.772: [GC (Allocation Failure) 432.772: [ParNew: 73282K->0K(92160K), 0.0007031 secs] 104833K->31550K(194560K), 0.0008613 secs] [Times: user=0.00 sys=0.00, real=0.00 secs] 
433.794: [GC (Allocation Failure) 433.794: [ParNew: 73282K->0K(92160K), 0.0006399 secs] 104833K->31550K(194560K), 0.0011534 secs] [Times: user=0.00 sys=0.00, real=0.01 secs] 
434.817: [GC (Allocation Failure) 434.818: [ParNew: 73282K->0K(92160K), 0.0009318 secs] 104833K->31550K(194560K), 0.0011140 secs] [Times: user=0.00 sys=0.00, real=0.00 secs] 
435.840: [GC (Allocation Failure) 435.840: [ParNew: 73282K->0K(92160K), 0.0013580 secs] 104833K->31550K(194560K), 0.0016329 secs] [Times: user=0.01 sys=0.01, real=0.00 secs] 
435.858: [GC (Allocation Failure) 435.858: [ParNew: 73282K->0K(92160K), 0.0006693 secs] 104833K->31550K(194560K), 0.0007766 secs] [Times: user=0.00 sys=0.00, real=0.00 secs] 
436.875: [GC (Allocation Failure) 436.875: [ParNew: 73282K->0K(92160K), 0.0006614 secs] 104833K->31550K(194560K), 0.0007536 secs] [Times: user=0.00 sys=0.00, real=0.00 secs] 
437.895: [GC (Allocation Failure) 437.895: [ParNew: 73282K->0K(92160K), 0.0006063 secs] 104833K->31550K(194560K), 0.0007295 secs] [Times: user=0.00 sys=0.00, real=0.00 secs] 
438.913: [GC (Allocation Failure) 438.913: [ParNew: 73282K->0K(92160K), 0.0006610 secs] 104833K->31550K(194560K), 0.0007818 secs] [Times: user=0.00 sys=0.00, real=0.00 secs] 
439.933: [GC (Allocation Failure) 439.933: [ParNew: 73282K->0K(92160K), 0.0006076 secs] 104833K->31550K(194560K), 0.0007310 secs] [Times: user=0.00 sys=0.00, real=0.00 secs] 
440.956: [GC (Allocation Failure) 440.956: [ParNew: 73282K->0K(92160K), 0.0007893 secs] 104833K->31550K(194560K), 0.0009754 secs] [Times: user=0.00 sys=0.00, real=0.00 secs] 
441.980: [GC (Allocation Failure) 441.980: [ParNew: 73282K->0K(92160K), 0.0012778 secs] 104833K->31550K(194560K), 0.0014827 secs] [Times: user=0.00 sys=0.00, real=0.00 secs] 
443.004: [GC (Allocation Failure) 443.004: [ParNew: 73282K->0K(92160K), 0.0013586 secs] 104833K->31550K(194560K), 0.0015753 secs] [Times: user=0.00 sys=0.00, real=0.01 secs] 
443.020: [GC (Allocation Failure) 443.020: [ParNew: 73282K->0K(92160K), 0.0006168 secs] 104833K->31550K(194560K), 0.0007363 secs] [Times: user=0.01 sys=0.00, real=0.00 secs] 
444.041: [GC (Allocation Failure) 444.041: [ParNew: 73282K->0K(92160K), 0.0005770 secs] 104833K->31550K(194560K), 0.0006637 secs] [Times: user=0.00 sys=0.01, real=0.00 secs] 
445.062: [GC (Allocation Failure) 445.062: [ParNew: 73282K->0K(92160K), 0.0006199 secs] 104833K->31550K(194560K), 0.0007323 secs] [Times: user=0.00 sys=0.00, real=0.00 secs] 
446.077: [GC (Allocation Failure) 446.077: [ParNew: 73282K->0K(92160K), 0.0007469 secs] 104833K->31550K(194560K), 0.0008699 secs] [Times: user=0.00 sys=0.00, real=0.00 secs] 
447.098: [GC (Allocation Failure) 447.098: [ParNew: 73282K->0K(92160K), 0.0007129 secs] 104833K->31550K(194560K), 0.0008568 secs] [Times: user=0.00 sys=0.00, real=0.00 secs] 
448.120: [GC (Allocation Failure) 448.120: [ParNew: 73282K->0K(92160K), 0.0007982 secs] 104833K->31550K(194560K), 0.0009956 secs] [Times: user=0.01 sys=0.00, real=0.00 secs] 
449.144: [GC (Allocation Failure) 449.144: [ParNew: 73282K->0K(92160K), 0.0009391 secs] 104833K->31550K(194560K), 0.0015056 secs] [Times: user=0.01 sys=0.00, real=0.01 secs] 
450.166: [GC (Allocation Failure) 450.166: [ParNew: 73282K->0K(92160K), 0.0011331 secs] 104833K->31550K(194560K), 0.0012747 secs] [Times: user=0.00 sys=0.00, real=0.00 secs] 
450.183: [GC (Allocation Failure) 450.183: [ParNew: 73282K->0K(92160K), 0.0005172 secs] 104833K->31550K(194560K), 0.0005857 secs] [Times: user=0.00 sys=0.00, real=0.00 secs] 
451.205: [GC (Allocation Failure) 451.205: [ParNew: 73282K->0K(92160K), 0.0007099 secs] 104833K->31550K(194560K), 0.0008160 secs] [Times: user=0.00 sys=0.00, real=0.00 secs] 
452.222: [GC (Allocation Failure) 452.222: [ParNew: 73282K->0K(92160K), 0.0006053 secs] 104833K->31550K(194560K), 0.0007079 secs] [Times: user=0.00 sys=0.00, real=0.00 secs] 
453.238: [GC (Allocation Failure) 453.238: [ParNew: 73282K->0K(92160K), 0.0011874 secs] 104833K->31550K(194560K), 0.0013689 secs] [Times: user=0.01 sys=0.01, real=0.00 secs] 
454.259: [GC (Allocation Failure) 454.259: [ParNew: 73282K->0K(92160K), 0.0006889 secs] 104833K->31550K(194560K), 0.0008155 secs] [Times: user=0.00 sys=0.00, real=0.00 secs] 
455.281: [GC (Allocation Failure) 455.281: [ParNew: 73282K->0K(92160K), 0.0007204 secs] 104833K->31550K(194560K), 0.0012207 secs] [Times: user=0.00 sys=0.00, real=0.00 secs] 
456.304: [GC (Allocation Failure) 456.304: [ParNew: 73282K->0K(92160K), 0.0009271 secs] 104833K->31550K(194560K), 0.0011102 secs] [Times: user=0.00 sys=0.00, real=0.01 secs] 
457.328: [GC (Allocation Failure) 457.328: [ParNew: 73282K->0K(92160K), 0.0014634 secs] 104833K->31550K(194560K), 0.0017032 secs] [Times: user=0.00 sys=0.00, real=0.00 secs] 
457.346: [GC (Allocation Failure) 457.346: [ParNew: 73282K->0K(92160K), 0.0006033 secs] 104833K->31550K(194560K), 0.0007025 secs] [Times: user=0.00 sys=0.00, real=0.00 secs] 
458.367: [GC (Allocation Failure) 458.367: [ParNew: 73282K->0K(92160K), 0.0006490 secs] 104833K->31550K(194560K), 0.0007800 secs] [Times: user=0.00 sys=0.00, real=0.00 secs] 
459.387: [GC (Allocation Failure) 459.387: [ParNew: 73282K->0K(92160K), 0.0006047 secs] 104833K->31550K(194560K), 0.0007216 secs] [Times: user=0.00 sys=0.00, real=0.00 secs] 
460.403: [GC (Allocation Failure) 460.403: [ParNew: 73282K->0K(92160K), 0.0006662 secs] 104833K->31550K(194560K), 0.0007616 secs] [Times: user=0.00 sys=0.00, real=0.00 secs] 
461.423: [GC (Allocation Failure) 461.423: [ParNew: 73282K->0K(92160K), 0.0007422 secs] 104833K->31550K(194560K), 0.0008377 secs] [Times: user=0.01 sys=0.00, real=0.00 secs] 
462.446: [GC (Allocation Failure) 462.446: [ParNew: 73282K->0K(92160K), 0.0006645 secs] 104833K->31550K(194560K), 0.0008023 secs] [Times: user=0.00 sys=0.00, real=0.00 secs] 
463.466: [GC (Allocation Failure) 463.466: [ParNew: 73282K->0K(92160K), 0.0007168 secs] 104833K->31550K(194560K), 0.0008410 secs] [Times: user=0.00 sys=0.00, real=0.00 secs] 
464.486: [GC (Allocation Failure) 464.487: [ParNew: 73282K->0K(92160K), 0.0014157 secs] 104833K->31550K(194560K), 0.0023239 secs] [Times: user=0.01 sys=0.00, real=0.00 secs] 
464.506: [GC (Allocation Failure) 464.506: [ParNew: 73282K->0K(92160K), 0.0005930 secs] 104833K->31550K(194560K), 0.0006955 secs] [Times: user=0.01 sys=0.00, real=0.00 secs] 
465.523: [GC (Allocation Failure) 465.523: [ParNew: 73282K->0K(92160K), 0.0006516 secs] 104833K->31550K(194560K), 0.0007509 secs] [Times: user=0.00 sys=0.00, real=0.00 secs] 
466.542: [GC (Allocation Failure) 466.542: [ParNew: 73282K->0K(92160K), 0.0005763 secs] 104833K->31550K(194560K), 0.0006653 secs] [Times: user=0.00 sys=0.00, real=0.00 secs] 
467.563: [GC (Allocation Failure) 467.563: [ParNew: 73282K->0K(92160K), 0.0006567 secs] 104833K->31550K(194560K), 0.0007591 secs] [Times: user=0.00 sys=0.00, real=0.00 secs] 
468.584: [GC (Allocation Failure) 468.584: [ParNew: 73282K->0K(92160K), 0.0007867 secs] 104833K->31550K(194560K), 0.0009589 secs] [Times: user=0.00 sys=0.00, real=0.00 secs] 
469.606: [GC (Allocation Failure) 469.606: [ParNew: 73282K->0K(92160K), 0.0008069 secs] 104833K->31550K(194560K), 0.0009813 secs] [Times: user=0.01 sys=0.00, real=0.00 secs] 
470.629: [GC (Allocation Failure) 470.629: [ParNew: 73282K->0K(92160K), 0.0020580 secs] 104833K->31550K(194560K), 0.0022745 secs] [Times: user=0.00 sys=0.00, real=0.00 secs] 
471.653: [GC (Allocation Failure) 471.653: [ParNew: 73282K->0K(92160K), 0.0033845 secs] 104833K->31550K(194560K), 0.0037001 secs] [Times: user=0.00 sys=0.00, real=0.01 secs] 
471.671: [GC (Allocation Failure) 471.671: [ParNew: 73282K->0K(92160K), 0.0006608 secs] 104833K->31550K(194560K), 0.0007792 secs] [Times: user=0.00 sys=0.00, real=0.00 secs] 
472.692: [GC (Allocation Failure) 472.692: [ParNew: 73282K->0K(92160K), 0.0006402 secs] 104833K->31550K(194560K), 0.0009122 secs] [Times: user=0.00 sys=0.00, real=0.00 secs] 
473.712: [GC (Allocation Failure) 473.713: [ParNew: 73282K->0K(92160K), 0.0006743 secs] 104833K->31550K(194560K), 0.0007923 secs] [Times: user=0.00 sys=0.00, real=0.00 secs] 
474.729: [GC (Allocation Failure) 474.729: [ParNew: 73282K->0K(92160K), 0.0006841 secs] 104833K->31550K(194560K), 0.0007964 secs] [Times: user=0.01 sys=0.00, real=0.00 secs] 
475.751: [GC (Allocation Failure) 475.751: [ParNew: 73282K->0K(92160K), 0.0006898 secs] 104833K->31550K(194560K), 0.0007939 secs] [Times: user=0.01 sys=0.00, real=0.00 secs] 
476.772: [GC (Allocation Failure) 476.772: [ParNew: 73282K->0K(92160K), 0.0007440 secs] 104833K->31550K(194560K), 0.0008721 secs] [Times: user=0.00 sys=0.00, real=0.00 secs] 
477.800: [GC (Allocation Failure) 477.800: [ParNew: 73282K->0K(92160K), 0.0008500 secs] 104833K->31550K(194560K), 0.0010096 secs] [Times: user=0.00 sys=0.00, real=0.00 secs] 
478.823: [GC (Allocation Failure) 478.823: [ParNew: 73282K->0K(92160K), 0.0012496 secs] 104833K->31550K(194560K), 0.0020530 secs] [Times: user=0.00 sys=0.00, real=0.00 secs] 
478.840: [GC (Allocation Failure) 478.840: [ParNew: 73282K->0K(92160K), 0.0006060 secs] 104833K->31550K(194560K), 0.0007135 secs] [Times: user=0.00 sys=0.00, real=0.00 secs] 
479.859: [GC (Allocation Failure) 479.859: [ParNew: 73282K->0K(92160K), 0.0006862 secs] 104833K->31550K(194560K), 0.0008055 secs] [Times: user=0.01 sys=0.00, real=0.00 secs] 
480.878: [GC (Allocation Failure) 480.878: [ParNew: 73282K->0K(92160K), 0.0005886 secs] 104833K->31550K(194560K), 0.0006987 secs] [Times: user=0.01 sys=0.00, real=0.00 secs] 
481.897: [GC (Allocation Failure) 481.897: [ParNew: 73282K->0K(92160K), 0.0007376 secs] 104833K->31550K(194560K), 0.0008407 secs] [Times: user=0.00 sys=0.00, real=0.00 secs] 
482.916: [GC (Allocation Failure) 482.916: [ParNew: 73282K->0K(92160K), 0.0007239 secs] 104833K->31550K(194560K), 0.0008392 secs] [Times: user=0.00 sys=0.00, real=0.00 secs] 
483.934: [GC (Allocation Failure) 483.934: [ParNew: 73282K->0K(92160K), 0.0007340 secs] 104833K->31550K(194560K), 0.0008671 secs] [Times: user=0.01 sys=0.00, real=0.00 secs] 
484.955: [GC (Allocation Failure) 484.955: [ParNew: 73282K->0K(92160K), 0.0006124 secs] 104833K->31550K(194560K), 0.0007302 secs] [Times: user=0.01 sys=0.00, real=0.01 secs] 
485.975: [GC (Allocation Failure) 485.976: [ParNew: 73282K->0K(92160K), 0.0031065 secs] 104833K->31550K(194560K), 0.0033474 secs] [Times: user=0.00 sys=0.00, real=0.00 secs] 
485.994: [GC (Allocation Failure) 485.994: [ParNew: 73282K->0K(92160K), 0.0006319 secs] 104833K->31550K(194560K), 0.0007273 secs] [Times: user=0.00 sys=0.00, real=0.00 secs] 
487.016: [GC (Allocation Failure) 487.016: [ParNew: 73282K->0K(92160K), 0.0006487 secs] 104833K->31550K(194560K), 0.0007629 secs] [Times: user=0.00 sys=0.00, real=0.00 secs] 
488.034: [GC (Allocation Failure) 488.034: [ParNew: 73282K->0K(92160K), 0.0006302 secs] 104833K->31550K(194560K), 0.0007487 secs] [Times: user=0.01 sys=0.00, real=0.00 secs] 
489.052: [GC (Allocation Failure) 489.052: [ParNew: 73282K->0K(92160K), 0.0006473 secs] 104833K->31550K(194560K), 0.0007608 secs] [Times: user=0.01 sys=0.00, real=0.00 secs] 
490.073: [GC (Allocation Failure) 490.073: [ParNew: 73282K->0K(92160K), 0.0008279 secs] 104833K->31550K(194560K), 0.0017947 secs] [Times: user=0.00 sys=0.00, real=0.00 secs] 
491.096: [GC (Allocation Failure) 491.096: [ParNew: 73282K->0K(92160K), 0.0006938 secs] 104833K->31550K(194560K), 0.0008368 secs] [Times: user=0.00 sys=0.00, real=0.00 secs] 
492.119: [GC (Allocation Failure) 492.119: [ParNew: 73282K->0K(92160K), 0.0009453 secs] 104833K->31550K(194560K), 0.0011326 secs] [Times: user=0.00 sys=0.00, real=0.00 secs] 
493.141: [GC (Allocation Failure) 493.142: [ParNew: 73282K->0K(92160K), 0.0014213 secs] 104833K->31550K(194560K), 0.0017136 secs] [Times: user=0.00 sys=0.00, real=0.00 secs] 
493.160: [GC (Allocation Failure) 493.160: [ParNew: 73282K->0K(92160K), 0.0006431 secs] 104833K->31550K(194560K), 0.0007553 secs] [Times: user=0.00 sys=0.00, real=0.00 secs] 
494.181: [GC (Allocation Failure) 494.181: [ParNew: 73282K->0K(92160K), 0.0006308 secs] 104833K->31550K(194560K), 0.0007548 secs] [Times: user=0.00 sys=0.00, real=0.00 secs] 
495.202: [GC (Allocation Failure) 495.202: [ParNew: 73282K->0K(92160K), 0.0005167 secs] 104833K->31550K(194560K), 0.0006137 secs] [Times: user=0.01 sys=0.00, real=0.00 secs] 
496.218: [GC (Allocation Failure) 496.218: [ParNew: 73282K->0K(92160K), 0.0007359 secs] 104833K->31550K(194560K), 0.0008577 secs] [Times: user=0.00 sys=0.00, real=0.00 secs] 
497.238: [GC (Allocation Failure) 497.238: [ParNew: 73282K->0K(92160K), 0.0007413 secs] 104833K->31550K(194560K), 0.0008800 secs] [Times: user=0.00 sys=0.00, real=0.00 secs] 
498.262: [GC (Allocation Failure) 498.262: [ParNew: 73282K->0K(92160K), 0.0009059 secs] 104833K->31550K(194560K), 0.0010643 secs] [Times: user=0.00 sys=0.00, real=0.00 secs] 
499.285: [GC (Allocation Failure) 499.285: [ParNew: 73282K->0K(92160K), 0.0011132 secs] 104833K->31550K(194560K), 0.0013495 secs] [Times: user=0.00 sys=0.00, real=0.01 secs] 
500.307: [GC (Allocation Failure) 500.307: [ParNew: 73282K->0K(92160K), 0.0015372 secs] 104833K->31550K(194560K), 0.0018212 secs] [Times: user=0.00 sys=0.00, real=0.00 secs] 
500.326: [GC (Allocation Failure) 500.326: [ParNew: 73282K->0K(92160K), 0.0006405 secs] 104833K->31550K(194560K), 0.0007558 secs] [Times: user=0.00 sys=0.00, real=0.00 secs] 
501.336: [GC (Allocation Failure) 501.336: [ParNew: 73282K->0K(92160K), 0.0004073 secs] 104833K->31550K(194560K), 0.0004827 secs] [Times: user=0.00 sys=0.00, real=0.00 secs] 
502.349: [GC (Allocation Failure) 502.350: [ParNew: 73282K->0K(92160K), 0.0004653 secs] 104833K->31550K(194560K), 0.0005644 secs] [Times: user=0.00 sys=0.00, real=0.00 secs] 
503.362: [GC (Allocation Failure) 503.362: [ParNew: 73282K->0K(92160K), 0.0008634 secs] 104833K->31550K(194560K), 0.0009738 secs] [Times: user=0.00 sys=0.00, real=0.00 secs] 
504.381: [GC (Allocation Failure) 504.381: [ParNew: 73282K->0K(92160K), 0.0009179 secs] 104833K->31550K(194560K), 0.0010917 secs] [Times: user=0.00 sys=0.00, real=0.00 secs] 
505.404: [GC (Allocation Failure) 505.404: [ParNew: 73282K->0K(92160K), 0.0007805 secs] 104833K->31550K(194560K), 0.0009152 secs] [Times: user=0.00 sys=0.00, real=0.00 secs] 
506.425: [GC (Allocation Failure) 506.425: [ParNew: 73282K->0K(92160K), 0.0007494 secs] 104833K->31550K(194560K), 0.0008264 secs] [Times: user=0.00 sys=0.00, real=0.01 secs] 
507.444: [GC (Allocation Failure) 507.444: [ParNew: 73282K->0K(92160K), 0.0018093 secs] 104833K->31550K(194560K), 0.0020842 secs] [Times: user=0.01 sys=0.00, real=0.01 secs] 
507.462: [GC (Allocation Failure) 507.462: [ParNew: 73282K->0K(92160K), 0.0006782 secs] 104833K->31550K(194560K), 0.0007871 secs] [Times: user=0.00 sys=0.00, real=0.00 secs] 
508.483: [GC (Allocation Failure) 508.483: [ParNew: 73282K->0K(92160K), 0.0006641 secs] 104833K->31550K(194560K), 0.0007741 secs] [Times: user=0.00 sys=0.00, real=0.00 secs] 
509.502: [GC (Allocation Failure) 509.502: [ParNew: 73282K->0K(92160K), 0.0005352 secs] 104833K->31550K(194560K), 0.0006328 secs] [Times: user=0.00 sys=0.00, real=0.00 secs] 
510.517: [GC (Allocation Failure) 510.517: [ParNew: 73282K->0K(92160K), 0.0009340 secs] 104833K->31550K(194560K), 0.0010730 secs] [Times: user=0.01 sys=0.00, real=0.00 secs] 
511.536: [GC (Allocation Failure) 511.536: [ParNew: 73282K->0K(92160K), 0.0009071 secs] 104833K->31550K(194560K), 0.0010177 secs] [Times: user=0.00 sys=0.00, real=0.00 secs] 
512.552: [GC (Allocation Failure) 512.552: [ParNew: 73282K->0K(92160K), 0.0005398 secs] 104833K->31550K(194560K), 0.0006487 secs] [Times: user=0.01 sys=0.00, real=0.00 secs] 
513.566: [GC (Allocation Failure) 513.566: [ParNew: 73282K->0K(92160K), 0.0006778 secs] 104833K->31550K(194560K), 0.0007841 secs] [Times: user=0.00 sys=0.00, real=0.00 secs] 
514.587: [GC (Allocation Failure) 514.588: [ParNew: 73282K->0K(92160K), 0.0012410 secs] 104833K->31550K(194560K), 0.0028242 secs] [Times: user=0.00 sys=0.00, real=0.00 secs] 
514.598: [GC (Allocation Failure) 514.599: [ParNew: 73282K->0K(92160K), 0.0007380 secs] 104833K->31550K(194560K), 0.0008025 secs] [Times: user=0.01 sys=0.00, real=0.00 secs] 
515.611: [GC (Allocation Failure) 515.611: [ParNew: 73282K->0K(92160K), 0.0003809 secs] 104833K->31550K(194560K), 0.0004460 secs] [Times: user=0.01 sys=0.00, real=0.00 secs] 
516.625: [GC (Allocation Failure) 516.625: [ParNew: 73282K->0K(92160K), 0.0005780 secs] 104833K->31550K(194560K), 0.0006861 secs] [Times: user=0.01 sys=0.00, real=0.01 secs] 
517.642: [GC (Allocation Failure) 517.642: [ParNew: 73282K->0K(92160K), 0.0005937 secs] 104833K->31550K(194560K), 0.0007093 secs] [Times: user=0.00 sys=0.00, real=0.00 secs] 
518.665: [GC (Allocation Failure) 518.665: [ParNew: 73282K->0K(92160K), 0.0007415 secs] 104833K->31550K(194560K), 0.0008733 secs] [Times: user=0.00 sys=0.00, real=0.01 secs] 
519.688: [GC (Allocation Failure) 519.688: [ParNew: 73282K->0K(92160K), 0.0007705 secs] 104833K->31550K(194560K), 0.0009412 secs] [Times: user=0.00 sys=0.01, real=0.00 secs] 
520.711: [GC (Allocation Failure) 520.711: [ParNew: 73282K->0K(92160K), 0.0010374 secs] 104833K->31550K(194560K), 0.0012200 secs] [Times: user=0.00 sys=0.00, real=0.00 secs] 
521.737: [GC (Allocation Failure) 521.737: [ParNew: 73282K->0K(92160K), 0.0025751 secs] 104833K->31550K(194560K), 0.0026882 secs] [Times: user=0.00 sys=0.00, real=0.00 secs] 
521.776: [GC (Allocation Failure) 521.776: [ParNew: 73282K->0K(92160K), 0.0003556 secs] 104833K->31550K(194560K), 0.0004043 secs] [Times: user=0.00 sys=0.00, real=0.00 secs] 
522.800: [GC (Allocation Failure) 522.800: [ParNew: 73282K->0K(92160K), 0.0006436 secs] 104833K->31550K(194560K), 0.0007589 secs] [Times: user=0.00 sys=0.00, real=0.00 secs] 
523.817: [GC (Allocation Failure) 523.817: [ParNew: 73282K->0K(92160K), 0.0005397 secs] 104833K->31550K(194560K), 0.0006085 secs] [Times: user=0.00 sys=0.00, real=0.00 secs] 
524.830: [GC (Allocation Failure) 524.830: [ParNew: 73282K->0K(92160K), 0.0006605 secs] 104833K->31550K(194560K), 0.0007470 secs] [Times: user=0.00 sys=0.00, real=0.00 secs] 
525.852: [GC (Allocation Failure) 525.852: [ParNew: 73282K->0K(92160K), 0.0007043 secs] 104833K->31550K(194560K), 0.0008299 secs] [Times: user=0.00 sys=0.00, real=0.00 secs] 
526.866: [GC (Allocation Failure) 526.866: [ParNew: 73282K->0K(92160K), 0.0006188 secs] 104833K->31550K(194560K), 0.0006847 secs] [Times: user=0.00 sys=0.00, real=0.00 secs] 
527.879: [GC (Allocation Failure) 527.879: [ParNew: 73282K->0K(92160K), 0.0007417 secs] 104833K->31550K(194560K), 0.0008793 secs] [Times: user=0.00 sys=0.00, real=0.00 secs] 
528.901: [GC (Allocation Failure) 528.901: [ParNew: 73282K->0K(92160K), 0.0006953 secs] 104833K->31550K(194560K), 0.0008226 secs] [Times: user=0.01 sys=0.00, real=0.00 secs] 
528.916: [GC (Allocation Failure) 528.916: [ParNew: 73282K->0K(92160K), 0.0005818 secs] 104833K->31550K(194560K), 0.0006701 secs] [Times: user=0.00 sys=0.00, real=0.00 secs] 
529.935: [GC (Allocation Failure) 529.935: [ParNew: 73282K->0K(92160K), 0.0009375 secs] 104833K->31550K(194560K), 0.0011114 secs] [Times: user=0.00 sys=0.00, real=0.01 secs] 
530.956: [GC (Allocation Failure) 530.956: [ParNew: 73282K->0K(92160K), 0.0010010 secs] 104833K->31550K(194560K), 0.0011673 secs] [Times: user=0.01 sys=0.00, real=0.00 secs] 
531.979: [GC (Allocation Failure) 531.979: [ParNew: 73282K->0K(92160K), 0.0008843 secs] 104833K->31550K(194560K), 0.0010688 secs] [Times: user=0.01 sys=0.00, real=0.00 secs] 
532.997: [GC (Allocation Failure) 532.997: [ParNew: 73282K->0K(92160K), 0.0009277 secs] 104833K->31550K(194560K), 0.0011292 secs] [Times: user=0.01 sys=0.00, real=0.00 secs] 
534.017: [GC (Allocation Failure) 534.017: [ParNew: 73282K->0K(92160K), 0.0012262 secs] 104833K->31550K(194560K), 0.0014360 secs] [Times: user=0.00 sys=0.00, real=0.00 secs] 
535.036: [GC (Allocation Failure) 535.036: [ParNew: 73282K->0K(92160K), 0.0009183 secs] 104833K->31550K(194560K), 0.0010340 secs] [Times: user=0.00 sys=0.00, real=0.00 secs] 
536.054: [GC (Allocation Failure) 536.054: [ParNew: 73282K->0K(92160K), 0.0008064 secs] 104833K->31550K(194560K), 0.0009729 secs] [Times: user=0.00 sys=0.00, real=0.00 secs] 
536.072: [GC (Allocation Failure) 536.072: [ParNew: 73282K->0K(92160K), 0.0005161 secs] 104833K->31550K(194560K), 0.0006008 secs] [Times: user=0.00 sys=0.00, real=0.00 secs] 
537.098: [GC (Allocation Failure) 537.098: [ParNew: 73282K->0K(92160K), 0.0006310 secs] 104833K->31550K(194560K), 0.0007310 secs] [Times: user=0.00 sys=0.00, real=0.00 secs] 
538.115: [GC (Allocation Failure) 538.115: [ParNew: 73282K->0K(92160K), 0.0006287 secs] 104833K->31550K(194560K), 0.0007311 secs] [Times: user=0.01 sys=0.00, real=0.01 secs] 
539.135: [GC (Allocation Failure) 539.135: [ParNew: 73282K->0K(92160K), 0.0005410 secs] 104833K->31550K(194560K), 0.0006454 secs] [Times: user=0.00 sys=0.00, real=0.00 secs] 
540.149: [GC (Allocation Failure) 540.149: [ParNew: 73282K->0K(92160K), 0.0012833 secs] 104833K->31550K(194560K), 0.0014262 secs] [Times: user=0.01 sys=0.00, real=0.00 secs] 
541.170: [GC (Allocation Failure) 541.170: [ParNew: 73282K->0K(92160K), 0.0007283 secs] 104833K->31550K(194560K), 0.0008318 secs] [Times: user=0.00 sys=0.00, real=0.00 secs] 
542.188: [GC (Allocation Failure) 542.188: [ParNew: 73282K->0K(92160K), 0.0004928 secs] 104833K->31550K(194560K), 0.0005985 secs] [Times: user=0.01 sys=0.00, real=0.00 secs] 
543.204: [GC (Allocation Failure) 543.204: [ParNew: 73282K->0K(92160K), 0.0015844 secs] 104833K->31550K(194560K), 0.0019120 secs] [Times: user=0.00 sys=0.00, real=0.00 secs] 
543.222: [GC (Allocation Failure) 543.222: [ParNew: 73282K->0K(92160K), 0.0006296 secs] 104833K->31550K(194560K), 0.0007441 secs] [Times: user=0.00 sys=0.00, real=0.00 secs] 
544.241: [GC (Allocation Failure) 544.242: [ParNew: 73282K->0K(92160K), 0.0006678 secs] 104833K->31550K(194560K), 0.0007853 secs] [Times: user=0.01 sys=0.00, real=0.00 secs] 
545.262: [GC (Allocation Failure) 545.262: [ParNew: 73282K->0K(92160K), 0.0006147 secs] 104833K->31550K(194560K), 0.0007217 secs] [Times: user=0.00 sys=0.00, real=0.00 secs] 
546.283: [GC (Allocation Failure) 546.283: [ParNew: 73282K->0K(92160K), 0.0005705 secs] 104833K->31550K(194560K), 0.0006678 secs] [Times: user=0.00 sys=0.00, real=0.00 secs] 
547.305: [GC (Allocation Failure) 547.305: [ParNew: 73282K->0K(92160K), 0.0008300 secs] 104833K->31550K(194560K), 0.0010118 secs] [Times: user=0.00 sys=0.00, real=0.00 secs] 
548.327: [GC (Allocation Failure) 548.327: [ParNew: 73282K->0K(92160K), 0.0006670 secs] 104833K->31550K(194560K), 0.0008361 secs] [Times: user=0.00 sys=0.00, real=0.00 secs] 
549.349: [GC (Allocation Failure) 549.350: [ParNew: 73282K->0K(92160K), 0.0010366 secs] 104833K->31550K(194560K), 0.0012075 secs] [Times: user=0.00 sys=0.00, real=0.00 secs] 
550.371: [GC (Allocation Failure) 550.371: [ParNew: 73282K->0K(92160K), 0.0013995 secs] 104833K->31550K(194560K), 0.0016584 secs] [Times: user=0.01 sys=0.00, real=0.00 secs] 
550.389: [GC (Allocation Failure) 550.389: [ParNew: 73282K->0K(92160K), 0.0007333 secs] 104833K->31550K(194560K), 0.0008462 secs] [Times: user=0.01 sys=0.00, real=0.00 secs] 
551.411: [GC (Allocation Failure) 551.411: [ParNew: 73282K->0K(92160K), 0.0006781 secs] 104833K->31550K(194560K), 0.0007947 secs] [Times: user=0.01 sys=0.00, real=0.00 secs] 
552.429: [GC (Allocation Failure) 552.429: [ParNew: 73282K->0K(92160K), 0.0005725 secs] 104833K->31550K(194560K), 0.0006575 secs] [Times: user=0.00 sys=0.00, real=0.00 secs] 
553.447: [GC (Allocation Failure) 553.447: [ParNew: 73282K->0K(92160K), 0.0007264 secs] 104833K->31550K(194560K), 0.0008526 secs] [Times: user=0.00 sys=0.00, real=0.00 secs] 
554.465: [GC (Allocation Failure) 554.465: [ParNew: 73282K->0K(92160K), 0.0005167 secs] 104833K->31550K(194560K), 0.0006079 secs] [Times: user=0.00 sys=0.00, real=0.00 secs] 
555.480: [GC (Allocation Failure) 555.480: [ParNew: 73282K->0K(92160K), 0.0005021 secs] 104833K->31550K(194560K), 0.0006321 secs] [Times: user=0.00 sys=0.00, real=0.00 secs] 
556.494: [GC (Allocation Failure) 556.494: [ParNew: 73282K->0K(92160K), 0.0005541 secs] 104833K->31550K(194560K), 0.0006727 secs] [Times: user=0.00 sys=0.00, real=0.00 secs] 
557.511: [GC (Allocation Failure) 557.511: [ParNew: 73282K->0K(92160K), 0.0005145 secs] 104833K->31550K(194560K), 0.0005885 secs] [Times: user=0.00 sys=0.00, real=0.00 secs] 
557.521: [GC (Allocation Failure) 557.521: [ParNew: 73282K->0K(92160K), 0.0004453 secs] 104833K->31550K(194560K), 0.0005234 secs] [Times: user=0.00 sys=0.00, real=0.00 secs] 
558.534: [GC (Allocation Failure) 558.534: [ParNew: 73282K->0K(92160K), 0.0003200 secs] 104833K->31550K(194560K), 0.0003924 secs] [Times: user=0.00 sys=0.00, real=0.00 secs] 
559.548: [GC (Allocation Failure) 559.548: [ParNew: 73282K->0K(92160K), 0.0004436 secs] 104833K->31550K(194560K), 0.0005285 secs] [Times: user=0.00 sys=0.00, real=0.00 secs] 
560.570: [GC (Allocation Failure) 560.570: [ParNew: 73282K->0K(92160K), 0.0006896 secs] 104833K->31550K(194560K), 0.0008006 secs] [Times: user=0.01 sys=0.00, real=0.00 secs] 
561.589: [GC (Allocation Failure) 561.589: [ParNew: 73282K->0K(92160K), 0.0011538 secs] 104833K->31550K(194560K), 0.0013123 secs] [Times: user=0.00 sys=0.01, real=0.00 secs] 
562.612: [GC (Allocation Failure) 562.612: [ParNew: 73282K->0K(92160K), 0.0007896 secs] 104833K->31550K(194560K), 0.0009429 secs] [Times: user=0.00 sys=0.00, real=0.00 secs] 
563.635: [GC (Allocation Failure) 563.635: [ParNew: 73282K->0K(92160K), 0.0008207 secs] 104833K->31550K(194560K), 0.0009934 secs] [Times: user=0.01 sys=0.00, real=0.00 secs] 
564.653: [GC (Allocation Failure) 564.653: [ParNew: 73282K->0K(92160K), 0.0006541 secs] 104833K->31550K(194560K), 0.0007650 secs] [Times: user=0.00 sys=0.00, real=0.00 secs] 
564.664: [GC (Allocation Failure) 564.664: [ParNew: 73282K->0K(92160K), 0.0007214 secs] 104833K->31550K(194560K), 0.0007940 secs] [Times: user=0.00 sys=0.00, real=0.00 secs] 
565.683: [GC (Allocation Failure) 565.683: [ParNew: 73282K->0K(92160K), 0.0006953 secs] 104833K->31550K(194560K), 0.0008076 secs] [Times: user=0.00 sys=0.00, real=0.00 secs] 
566.704: [GC (Allocation Failure) 566.705: [ParNew: 73282K->0K(92160K), 0.0004817 secs] 104833K->31550K(194560K), 0.0005686 secs] [Times: user=0.01 sys=0.00, real=0.00 secs] 
567.719: [GC (Allocation Failure) 567.719: [ParNew: 73282K->0K(92160K), 0.0004983 secs] 104833K->31550K(194560K), 0.0005973 secs] [Times: user=0.00 sys=0.00, real=0.00 secs] 
568.734: [GC (Allocation Failure) 568.734: [ParNew: 73282K->0K(92160K), 0.0005483 secs] 104833K->31550K(194560K), 0.0006572 secs] [Times: user=0.00 sys=0.00, real=0.00 secs] 
569.751: [GC (Allocation Failure) 569.751: [ParNew: 73282K->0K(92160K), 0.0012532 secs] 104833K->31550K(194560K), 0.0015508 secs] [Times: user=0.00 sys=0.00, real=0.00 secs] 
570.770: [GC (Allocation Failure) 570.770: [ParNew: 73282K->0K(92160K), 0.0012296 secs] 104833K->31550K(194560K), 0.0014547 secs] [Times: user=0.01 sys=0.00, real=0.00 secs] 
571.790: [GC (Allocation Failure) 571.790: [ParNew: 73282K->0K(92160K), 0.0011103 secs] 104833K->31550K(194560K), 0.0013218 secs] [Times: user=0.00 sys=0.00, real=0.00 secs] 
571.805: [GC (Allocation Failure) 571.805: [ParNew: 73282K->0K(92160K), 0.0006775 secs] 104833K->31550K(194560K), 0.0008064 secs] [Times: user=0.00 sys=0.00, real=0.00 secs] 
572.819: [GC (Allocation Failure) 572.819: [ParNew: 73282K->0K(92160K), 0.0005382 secs] 104833K->31550K(194560K), 0.0006269 secs] [Times: user=0.00 sys=0.00, real=0.00 secs] 
573.829: [GC (Allocation Failure) 573.830: [ParNew: 73282K->0K(92160K), 0.0004091 secs] 104833K->31550K(194560K), 0.0005062 secs] [Times: user=0.00 sys=0.00, real=0.00 secs] 
574.839: [GC (Allocation Failure) 574.840: [ParNew: 73282K->0K(92160K), 0.0006778 secs] 104833K->31550K(194560K), 0.0007778 secs] [Times: user=0.00 sys=0.00, real=0.00 secs] 
575.857: [GC (Allocation Failure) 575.857: [ParNew: 73282K->0K(92160K), 0.0004245 secs] 104833K->31550K(194560K), 0.0005128 secs] [Times: user=0.00 sys=0.00, real=0.00 secs] 
576.870: [GC (Allocation Failure) 576.870: [ParNew: 73282K->0K(92160K), 0.0005193 secs] 104833K->31550K(194560K), 0.0006325 secs] [Times: user=0.00 sys=0.00, real=0.00 secs] 
577.887: [GC (Allocation Failure) 577.887: [ParNew: 73282K->0K(92160K), 0.0007652 secs] 104833K->31550K(194560K), 0.0009022 secs] [Times: user=0.01 sys=0.00, real=0.00 secs] 
578.910: [GC (Allocation Failure) 578.910: [ParNew: 73282K->0K(92160K), 0.0014306 secs] 104833K->31550K(194560K), 0.0017215 secs] [Times: user=0.01 sys=0.00, real=0.00 secs] 
578.928: [GC (Allocation Failure) 578.928: [ParNew: 73282K->0K(92160K), 0.0006578 secs] 104833K->31550K(194560K), 0.0007775 secs] [Times: user=0.00 sys=0.00, real=0.00 secs] 
579.942: [GC (Allocation Failure) 579.942: [ParNew: 73282K->0K(92160K), 0.0003779 secs] 104833K->31550K(194560K), 0.0004382 secs] [Times: user=0.00 sys=0.00, real=0.00 secs] 
580.954: [GC (Allocation Failure) 580.954: [ParNew: 73282K->0K(92160K), 0.0007072 secs] 104833K->31550K(194560K), 0.0008003 secs] [Times: user=0.01 sys=0.00, real=0.00 secs] 
581.968: [GC (Allocation Failure) 581.968: [ParNew: 73282K->0K(92160K), 0.0003752 secs] 104833K->31550K(194560K), 0.0004505 secs] [Times: user=0.01 sys=0.00, real=0.00 secs] 
582.978: [GC (Allocation Failure) 582.978: [ParNew: 73282K->0K(92160K), 0.0003783 secs] 104833K->31550K(194560K), 0.0004510 secs] [Times: user=0.00 sys=0.00, real=0.00 secs] 
583.987: [GC (Allocation Failure) 583.987: [ParNew: 73282K->0K(92160K), 0.0005658 secs] 104833K->31550K(194560K), 0.0006621 secs] [Times: user=0.00 sys=0.00, real=0.00 secs] 
584.999: [GC (Allocation Failure) 584.999: [ParNew: 73282K->0K(92160K), 0.0004669 secs] 104833K->31550K(194560K), 0.0005552 secs] [Times: user=0.00 sys=0.00, real=0.00 secs] 
586.012: [GC (Allocation Failure) 586.012: [ParNew: 73282K->0K(92160K), 0.0006886 secs] 104833K->31550K(194560K), 0.0008129 secs] [Times: user=0.01 sys=0.00, real=0.00 secs] 
586.025: [GC (Allocation Failure) 586.025: [ParNew: 73282K->0K(92160K), 0.0004519 secs] 104833K->31550K(194560K), 0.0005356 secs] [Times: user=0.00 sys=0.00, real=0.00 secs] 
587.045: [GC (Allocation Failure) 587.045: [ParNew: 73282K->0K(92160K), 0.0005886 secs] 104833K->31550K(194560K), 0.0007102 secs] [Times: user=0.00 sys=0.00, real=0.00 secs] 
588.064: [GC (Allocation Failure) 588.064: [ParNew: 73282K->0K(92160K), 0.0006472 secs] 104833K->31550K(194560K), 0.0007691 secs] [Times: user=0.01 sys=0.00, real=0.00 secs] 
589.086: [GC (Allocation Failure) 589.086: [ParNew: 73282K->0K(92160K), 0.0006742 secs] 104833K->31550K(194560K), 0.0008053 secs] [Times: user=0.00 sys=0.00, real=0.01 secs] 
590.099: [GC (Allocation Failure) 590.099: [ParNew: 73282K->0K(92160K), 0.0005848 secs] 104833K->31550K(194560K), 0.0007431 secs] [Times: user=0.00 sys=0.00, real=0.00 secs] 
591.117: [GC (Allocation Failure) 591.117: [ParNew: 73282K->0K(92160K), 0.0006535 secs] 104833K->31550K(194560K), 0.0007910 secs] [Times: user=0.00 sys=0.00, real=0.00 secs] 
592.135: [GC (Allocation Failure) 592.135: [ParNew: 73282K->0K(92160K), 0.0006467 secs] 104833K->31550K(194560K), 0.0008074 secs] [Times: user=0.00 sys=0.00, real=0.00 secs] 
593.158: [GC (Allocation Failure) 593.158: [ParNew: 73282K->0K(92160K), 0.0014849 secs] 104833K->31550K(194560K), 0.0017543 secs] [Times: user=0.00 sys=0.00, real=0.00 secs] 
593.175: [GC (Allocation Failure) 593.175: [ParNew: 73282K->0K(92160K), 0.0006432 secs] 104833K->31550K(194560K), 0.0007680 secs] [Times: user=0.00 sys=0.00, real=0.00 secs] 
594.195: [GC (Allocation Failure) 594.195: [ParNew: 73282K->0K(92160K), 0.0006758 secs] 104833K->31550K(194560K), 0.0010307 secs] [Times: user=0.01 sys=0.00, real=0.00 secs] 
595.215: [GC (Allocation Failure) 595.215: [ParNew: 73282K->0K(92160K), 0.0006477 secs] 104833K->31550K(194560K), 0.0007486 secs] [Times: user=0.00 sys=0.00, real=0.00 secs] 
596.236: [GC (Allocation Failure) 596.236: [ParNew: 73282K->0K(92160K), 0.0006378 secs] 104833K->31550K(194560K), 0.0007452 secs] [Times: user=0.00 sys=0.00, real=0.01 secs] 
597.257: [GC (Allocation Failure) 597.258: [ParNew: 73282K->0K(92160K), 0.0007295 secs] 104833K->31550K(194560K), 0.0008740 secs] [Times: user=0.00 sys=0.00, real=0.00 secs] 
598.279: [GC (Allocation Failure) 598.279: [ParNew: 73282K->0K(92160K), 0.0006684 secs] 104833K->31550K(194560K), 0.0008176 secs] [Times: user=0.00 sys=0.00, real=0.00 secs] 
599.302: [GC (Allocation Failure) 599.302: [ParNew: 73282K->0K(92160K), 0.0008443 secs] 104833K->31550K(194560K), 0.0013650 secs] [Times: user=0.00 sys=0.00, real=0.00 secs] 
600.325: [GC (Allocation Failure) 600.325: [ParNew: 73282K->0K(92160K), 0.0013489 secs] 104833K->31550K(194560K), 0.0016545 secs] [Times: user=0.00 sys=0.00, real=0.01 secs] 
600.344: [GC (Allocation Failure) 600.344: [ParNew: 73282K->0K(92160K), 0.0006322 secs] 104833K->31550K(194560K), 0.0007420 secs] [Times: user=0.00 sys=0.00, real=0.00 secs] 
601.358: [GC (Allocation Failure) 601.358: [ParNew: 73282K->0K(92160K), 0.0005093 secs] 104833K->31550K(194560K), 0.0006031 secs] [Times: user=0.00 sys=0.00, real=0.00 secs] 
602.378: [GC (Allocation Failure) 602.378: [ParNew: 73282K->0K(92160K), 0.0005345 secs] 104833K->31550K(194560K), 0.0006311 secs] [Times: user=0.00 sys=0.00, real=0.00 secs] 
603.398: [GC (Allocation Failure) 603.399: [ParNew: 73282K->0K(92160K), 0.0006502 secs] 104833K->31550K(194560K), 0.0007759 secs] [Times: user=0.01 sys=0.00, real=0.00 secs] 
604.418: [GC (Allocation Failure) 604.418: [ParNew: 73282K->0K(92160K), 0.0005367 secs] 104833K->31550K(194560K), 0.0006229 secs] [Times: user=0.00 sys=0.00, real=0.00 secs] 
605.429: [GC (Allocation Failure) 605.429: [ParNew: 73282K->0K(92160K), 0.0004694 secs] 104833K->31550K(194560K), 0.0006131 secs] [Times: user=0.00 sys=0.00, real=0.00 secs] 
606.441: [GC (Allocation Failure) 606.441: [ParNew: 73282K->0K(92160K), 0.0006117 secs] 104833K->31550K(194560K), 0.0006777 secs] [Times: user=0.00 sys=0.00, real=0.00 secs] 
607.458: [GC (Allocation Failure) 607.458: [ParNew: 73282K->0K(92160K), 0.0014799 secs] 104833K->31550K(194560K), 0.0017477 secs] [Times: user=0.00 sys=0.00, real=0.00 secs] 
607.476: [GC (Allocation Failure) 607.476: [ParNew: 73282K->0K(92160K), 0.0009329 secs] 104833K->31550K(194560K), 0.0010880 secs] [Times: user=0.00 sys=0.00, real=0.01 secs] 
608.491: [GC (Allocation Failure) 608.491: [ParNew: 73282K->0K(92160K), 0.0010013 secs] 104833K->31550K(194560K), 0.0011542 secs] [Times: user=0.00 sys=0.00, real=0.00 secs] 
609.510: [GC (Allocation Failure) 609.510: [ParNew: 73282K->0K(92160K), 0.0008762 secs] 104833K->31550K(194560K), 0.0010529 secs] [Times: user=0.00 sys=0.00, real=0.00 secs] 
610.531: [GC (Allocation Failure) 610.531: [ParNew: 73282K->0K(92160K), 0.0011317 secs] 104833K->31550K(194560K), 0.0013517 secs] [Times: user=0.00 sys=0.00, real=0.00 secs] 
611.553: [GC (Allocation Failure) 611.554: [ParNew: 73282K->0K(92160K), 0.0010923 secs] 104833K->31550K(194560K), 0.0013015 secs] [Times: user=0.01 sys=0.00, real=0.00 secs] 
612.574: [GC (Allocation Failure) 612.574: [ParNew: 73282K->0K(92160K), 0.0013940 secs] 104833K->31550K(194560K), 0.0016252 secs] [Times: user=0.01 sys=0.00, real=0.00 secs] 
613.594: [GC (Allocation Failure) 613.595: [ParNew: 73282K->0K(92160K), 0.0019921 secs] 104833K->31550K(194560K), 0.0031212 secs] [Times: user=0.00 sys=0.00, real=0.01 secs] 
614.615: [GC (Allocation Failure) 614.615: [ParNew: 73282K->0K(92160K), 0.0005080 secs] 104833K->31550K(194560K), 0.0005661 secs] [Times: user=0.00 sys=0.00, real=0.00 secs] 
614.625: [GC (Allocation Failure) 614.625: [ParNew: 73282K->0K(92160K), 0.0004700 secs] 104833K->31550K(194560K), 0.0005250 secs] [Times: user=0.00 sys=0.00, real=0.00 secs] 
615.643: [GC (Allocation Failure) 615.643: [ParNew: 73282K->0K(92160K), 0.0004220 secs] 104833K->31550K(194560K), 0.0005125 secs] [Times: user=0.00 sys=0.00, real=0.00 secs] 
616.655: [GC (Allocation Failure) 616.655: [ParNew: 73282K->0K(92160K), 0.0004085 secs] 104833K->31550K(194560K), 0.0004915 secs] [Times: user=0.00 sys=0.01, real=0.00 secs] 
617.667: [GC (Allocation Failure) 617.667: [ParNew: 73282K->0K(92160K), 0.0004062 secs] 104833K->31550K(194560K), 0.0004769 secs] [Times: user=0.00 sys=0.00, real=0.00 secs] 
618.680: [GC (Allocation Failure) 618.680: [ParNew: 73282K->0K(92160K), 0.0004050 secs] 104833K->31550K(194560K), 0.0004837 secs] [Times: user=0.00 sys=0.00, real=0.00 secs] 
619.691: [GC (Allocation Failure) 619.691: [ParNew: 73282K->0K(92160K), 0.0005207 secs] 104833K->31550K(194560K), 0.0006155 secs] [Times: user=0.00 sys=0.00, real=0.00 secs] 
620.707: [GC (Allocation Failure) 620.707: [ParNew: 73282K->0K(92160K), 0.0005253 secs] 104833K->31550K(194560K), 0.0006234 secs] [Times: user=0.01 sys=0.00, real=0.00 secs] 
621.720: [GC (Allocation Failure) 621.720: [ParNew: 73282K->0K(92160K), 0.0003850 secs] 104833K->31550K(194560K), 0.0004571 secs] [Times: user=0.00 sys=0.00, real=0.00 secs] 
621.727: [GC (Allocation Failure) 621.727: [ParNew: 73282K->0K(92160K), 0.0004057 secs] 104833K->31550K(194560K), 0.0004628 secs] [Times: user=0.01 sys=0.00, real=0.00 secs] 
622.744: [GC (Allocation Failure) 622.744: [ParNew: 73282K->0K(92160K), 0.0005269 secs] 104833K->31550K(194560K), 0.0006102 secs] [Times: user=0.00 sys=0.00, real=0.00 secs] 
623.757: [GC (Allocation Failure) 623.757: [ParNew: 73282K->0K(92160K), 0.0003473 secs] 104833K->31550K(194560K), 0.0004160 secs] [Times: user=0.00 sys=0.00, real=0.00 secs] 
624.772: [GC (Allocation Failure) 624.772: [ParNew: 73282K->0K(92160K), 0.0005669 secs] 104833K->31550K(194560K), 0.0006578 secs] [Times: user=0.00 sys=0.00, real=0.00 secs] 
625.785: [GC (Allocation Failure) 625.785: [ParNew: 73282K->0K(92160K), 0.0005575 secs] 104833K->31550K(194560K), 0.0006578 secs] [Times: user=0.00 sys=0.00, real=0.00 secs] 
626.804: [GC (Allocation Failure) 626.804: [ParNew: 73282K->0K(92160K), 0.0006812 secs] 104833K->31550K(194560K), 0.0008040 secs] [Times: user=0.00 sys=0.00, real=0.00 secs] 
627.827: [GC (Allocation Failure) 627.827: [ParNew: 73282K->0K(92160K), 0.0009243 secs] 104833K->31550K(194560K), 0.0011102 secs] [Times: user=0.01 sys=0.00, real=0.00 secs] 
628.850: [GC (Allocation Failure) 628.850: [ParNew: 73282K->0K(92160K), 0.0013975 secs] 104833K->31550K(194560K), 0.0016754 secs] [Times: user=0.01 sys=0.01, real=0.00 secs] 
628.868: [GC (Allocation Failure) 628.868: [ParNew: 73282K->0K(92160K), 0.0006423 secs] 104833K->31550K(194560K), 0.0007456 secs] [Times: user=0.01 sys=0.00, real=0.00 secs] 
629.888: [GC (Allocation Failure) 629.888: [ParNew: 73282K->0K(92160K), 0.0005220 secs] 104833K->31550K(194560K), 0.0006420 secs] [Times: user=0.00 sys=0.00, real=0.00 secs] 
630.906: [GC (Allocation Failure) 630.906: [ParNew: 73282K->0K(92160K), 0.0006244 secs] 104833K->31550K(194560K), 0.0007549 secs] [Times: user=0.01 sys=0.00, real=0.00 secs] 
631.921: [GC (Allocation Failure) 631.921: [ParNew: 73282K->0K(92160K), 0.0004622 secs] 104833K->31550K(194560K), 0.0005365 secs] [Times: user=0.00 sys=0.00, real=0.00 secs] 
632.931: [GC (Allocation Failure) 632.931: [ParNew: 73282K->0K(92160K), 0.0005476 secs] 104833K->31550K(194560K), 0.0006413 secs] [Times: user=0.00 sys=0.00, real=0.00 secs] 
633.947: [GC (Allocation Failure) 633.947: [ParNew: 73282K->0K(92160K), 0.0011670 secs] 104833K->31550K(194560K), 0.0013557 secs] [Times: user=0.00 sys=0.00, real=0.01 secs] 
634.968: [GC (Allocation Failure) 634.968: [ParNew: 73282K->0K(92160K), 0.0004362 secs] 104833K->31550K(194560K), 0.0005205 secs] [Times: user=0.00 sys=0.00, real=0.00 secs] 
635.982: [GC (Allocation Failure) 635.982: [ParNew: 73282K->0K(92160K), 0.0004579 secs] 104833K->31550K(194560K), 0.0005377 secs] [Times: user=0.00 sys=0.00, real=0.00 secs] 
635.994: [GC (Allocation Failure) 635.994: [ParNew: 73282K->0K(92160K), 0.0007869 secs] 104833K->31550K(194560K), 0.0009190 secs] [Times: user=0.00 sys=0.00, real=0.00 secs] 
637.006: [GC (Allocation Failure) 637.006: [ParNew: 73282K->0K(92160K), 0.0004652 secs] 104833K->31550K(194560K), 0.0005387 secs] [Times: user=0.01 sys=0.00, real=0.00 secs] 
638.018: [GC (Allocation Failure) 638.019: [ParNew: 73282K->0K(92160K), 0.0005345 secs] 104833K->31550K(194560K), 0.0006300 secs] [Times: user=0.00 sys=0.00, real=0.00 secs] 
639.032: [GC (Allocation Failure) 639.032: [ParNew: 73282K->0K(92160K), 0.0004881 secs] 104833K->31550K(194560K), 0.0005768 secs] [Times: user=0.00 sys=0.00, real=0.00 secs] 
640.048: [GC (Allocation Failure) 640.048: [ParNew: 73282K->0K(92160K), 0.0006453 secs] 104833K->31550K(194560K), 0.0007618 secs] [Times: user=0.01 sys=0.00, real=0.00 secs] 
641.067: [GC (Allocation Failure) 641.067: [ParNew: 73282K->0K(92160K), 0.0005600 secs] 104833K->31550K(194560K), 0.0006807 secs] [Times: user=0.00 sys=0.00, real=0.01 secs] 
642.089: [GC (Allocation Failure) 642.089: [ParNew: 73282K->0K(92160K), 0.0010194 secs] 104833K->31550K(194560K), 0.0012080 secs] [Times: user=0.01 sys=0.00, real=0.00 secs] 
643.112: [GC (Allocation Failure) 643.113: [ParNew: 73282K->0K(92160K), 0.0013962 secs] 104833K->31550K(194560K), 0.0016765 secs] [Times: user=0.01 sys=0.00, real=0.00 secs] 
643.130: [GC (Allocation Failure) 643.130: [ParNew: 73282K->0K(92160K), 0.0006482 secs] 104833K->31550K(194560K), 0.0007732 secs] [Times: user=0.01 sys=0.00, real=0.00 secs] 
644.151: [GC (Allocation Failure) 644.151: [ParNew: 73282K->0K(92160K), 0.0006477 secs] 104833K->31550K(194560K), 0.0007656 secs] [Times: user=0.01 sys=0.00, real=0.00 secs] 
645.171: [GC (Allocation Failure) 645.171: [ParNew: 73282K->0K(92160K), 0.0006043 secs] 104833K->31550K(194560K), 0.0007162 secs] [Times: user=0.00 sys=0.00, real=0.00 secs] 
646.189: [GC (Allocation Failure) 646.189: [ParNew: 73282K->0K(92160K), 0.0007845 secs] 104833K->31550K(194560K), 0.0009124 secs] [Times: user=0.00 sys=0.00, real=0.00 secs] 
647.210: [GC (Allocation Failure) 647.211: [ParNew: 73282K->0K(92160K), 0.0005735 secs] 104833K->31550K(194560K), 0.0006888 secs] [Times: user=0.00 sys=0.00, real=0.00 secs] 
648.231: [GC (Allocation Failure) 648.231: [ParNew: 73282K->0K(92160K), 0.0008282 secs] 104833K->31550K(194560K), 0.0009905 secs] [Times: user=0.00 sys=0.00, real=0.00 secs] 
649.250: [GC (Allocation Failure) 649.250: [ParNew: 73282K->0K(92160K), 0.0005710 secs] 104833K->31550K(194560K), 0.0006637 secs] [Times: user=0.01 sys=0.01, real=0.00 secs] 
650.268: [GC (Allocation Failure) 650.268: [ParNew: 73282K->0K(92160K), 0.0017148 secs] 104833K->31550K(194560K), 0.0020160 secs] [Times: user=0.00 sys=0.00, real=0.00 secs] 
650.286: [GC (Allocation Failure) 650.286: [ParNew: 73282K->0K(92160K), 0.0005667 secs] 104833K->31550K(194560K), 0.0006810 secs] [Times: user=0.00 sys=0.00, real=0.00 secs] 
651.306: [GC (Allocation Failure) 651.306: [ParNew: 73282K->0K(92160K), 0.0006042 secs] 104833K->31550K(194560K), 0.0007230 secs] [Times: user=0.00 sys=0.00, real=0.00 secs] 
652.328: [GC (Allocation Failure) 652.328: [ParNew: 73282K->0K(92160K), 0.0006021 secs] 104833K->31550K(194560K), 0.0007072 secs] [Times: user=0.01 sys=0.00, real=0.00 secs] 
653.344: [GC (Allocation Failure) 653.344: [ParNew: 73282K->0K(92160K), 0.0004905 secs] 104833K->31550K(194560K), 0.0005772 secs] [Times: user=0.00 sys=0.00, real=0.00 secs] 
654.363: [GC (Allocation Failure) 654.363: [ParNew: 73282K->0K(92160K), 0.0008070 secs] 104833K->31550K(194560K), 0.0009585 secs] [Times: user=0.00 sys=0.00, real=0.00 secs] 
655.386: [GC (Allocation Failure) 655.386: [ParNew: 73282K->0K(92160K), 0.0007191 secs] 104833K->31550K(194560K), 0.0008658 secs] [Times: user=0.00 sys=0.00, real=0.00 secs] 
656.409: [GC (Allocation Failure) 656.409: [ParNew: 73282K->0K(92160K), 0.0009227 secs] 104833K->31550K(194560K), 0.0011203 secs] [Times: user=0.00 sys=0.00, real=0.00 secs] 
657.427: [GC (Allocation Failure) 657.427: [ParNew: 73282K->0K(92160K), 0.0016284 secs] 104833K->31550K(194560K), 0.0018004 secs] [Times: user=0.01 sys=0.00, real=0.01 secs] 
657.443: [GC (Allocation Failure) 657.443: [ParNew: 73282K->0K(92160K), 0.0005767 secs] 104833K->31550K(194560K), 0.0006733 secs] [Times: user=0.01 sys=0.01, real=0.00 secs] 
658.463: [GC (Allocation Failure) 658.463: [ParNew: 73282K->0K(92160K), 0.0006156 secs] 104833K->31550K(194560K), 0.0007208 secs] [Times: user=0.00 sys=0.00, real=0.00 secs] 
659.480: [GC (Allocation Failure) 659.480: [ParNew: 73282K->0K(92160K), 0.0005657 secs] 104833K->31550K(194560K), 0.0006879 secs] [Times: user=0.00 sys=0.00, real=0.00 secs] 
660.497: [GC (Allocation Failure) 660.497: [ParNew: 73282K->0K(92160K), 0.0006590 secs] 104833K->31550K(194560K), 0.0007635 secs] [Times: user=0.01 sys=0.00, real=0.01 secs] 
661.515: [GC (Allocation Failure) 661.515: [ParNew: 73282K->0K(92160K), 0.0007905 secs] 104833K->31550K(194560K), 0.0008868 secs] [Times: user=0.00 sys=0.00, real=0.00 secs] 
662.527: [GC (Allocation Failure) 662.527: [ParNew: 73282K->0K(92160K), 0.0005515 secs] 104833K->31550K(194560K), 0.0006513 secs] [Times: user=0.00 sys=0.00, real=0.01 secs] 
663.542: [GC (Allocation Failure) 663.542: [ParNew: 73282K->0K(92160K), 0.0005420 secs] 104833K->31550K(194560K), 0.0006528 secs] [Times: user=0.00 sys=0.00, real=0.00 secs] 
664.562: [GC (Allocation Failure) 664.562: [ParNew: 73282K->0K(92160K), 0.0005176 secs] 104833K->31550K(194560K), 0.0006161 secs] [Times: user=0.00 sys=0.00, real=0.00 secs] 
664.573: [GC (Allocation Failure) 664.573: [ParNew: 73282K->0K(92160K), 0.0004193 secs] 104833K->31550K(194560K), 0.0004876 secs] [Times: user=0.00 sys=0.00, real=0.00 secs] 
665.584: [GC (Allocation Failure) 665.584: [ParNew: 73282K->0K(92160K), 0.0004602 secs] 104833K->31550K(194560K), 0.0005365 secs] [Times: user=0.01 sys=0.00, real=0.00 secs] 
666.598: [GC (Allocation Failure) 666.598: [ParNew: 73282K->0K(92160K), 0.0004110 secs] 104833K->31550K(194560K), 0.0004866 secs] [Times: user=0.01 sys=0.00, real=0.00 secs] 
667.612: [GC (Allocation Failure) 667.612: [ParNew: 73282K->0K(92160K), 0.0005767 secs] 104833K->31550K(194560K), 0.0006878 secs] [Times: user=0.00 sys=0.00, real=0.00 secs] 
668.627: [GC (Allocation Failure) 668.627: [ParNew: 73282K->0K(92160K), 0.0004424 secs] 104833K->31550K(194560K), 0.0005355 secs] [Times: user=0.00 sys=0.00, real=0.01 secs] 
669.635: [GC (Allocation Failure) 669.635: [ParNew: 73282K->0K(92160K), 0.0004591 secs] 104833K->31550K(194560K), 0.0005474 secs] [Times: user=0.00 sys=0.00, real=0.00 secs] 
670.646: [GC (Allocation Failure) 670.646: [ParNew: 73282K->0K(92160K), 0.0004300 secs] 104833K->31550K(194560K), 0.0005210 secs] [Times: user=0.00 sys=0.00, real=0.00 secs] 
671.662: [GC (Allocation Failure) 671.662: [ParNew: 73282K->0K(92160K), 0.0004247 secs] 104833K->31550K(194560K), 0.0005138 secs] [Times: user=0.00 sys=0.00, real=0.00 secs] 
671.670: [GC (Allocation Failure) 671.670: [ParNew: 73282K->0K(92160K), 0.0006636 secs] 104833K->31550K(194560K), 0.0007419 secs] [Times: user=0.00 sys=0.00, real=0.00 secs] 
672.692: [GC (Allocation Failure) 672.692: [ParNew: 73282K->0K(92160K), 0.0005617 secs] 104833K->31550K(194560K), 0.0006720 secs] [Times: user=0.00 sys=0.00, real=0.00 secs] 
673.702: [GC (Allocation Failure) 673.702: [ParNew: 73282K->0K(92160K), 0.0003570 secs] 104833K->31550K(194560K), 0.0004346 secs] [Times: user=0.00 sys=0.01, real=0.00 secs] 
674.719: [GC (Allocation Failure) 674.719: [ParNew: 73282K->0K(92160K), 0.0006039 secs] 104833K->31550K(194560K), 0.0007295 secs] [Times: user=0.00 sys=0.00, real=0.00 secs] 
675.738: [GC (Allocation Failure) 675.738: [ParNew: 73282K->0K(92160K), 0.0005357 secs] 104833K->31550K(194560K), 0.0006314 secs] [Times: user=0.00 sys=0.00, real=0.00 secs] 
676.757: [GC (Allocation Failure) 676.757: [ParNew: 73282K->0K(92160K), 0.0006275 secs] 104833K->31550K(194560K), 0.0007667 secs] [Times: user=0.00 sys=0.00, real=0.01 secs] 
677.772: [GC (Allocation Failure) 677.772: [ParNew: 73282K->0K(92160K), 0.0003321 secs] 104833K->31550K(194560K), 0.0004028 secs] [Times: user=0.01 sys=0.00, real=0.00 secs] 
678.784: [GC (Allocation Failure) 678.784: [ParNew: 73282K->0K(92160K), 0.0004899 secs] 104833K->31550K(194560K), 0.0005879 secs] [Times: user=0.00 sys=0.00, real=0.00 secs] 
678.794: [GC (Allocation Failure) 678.794: [ParNew: 73282K->0K(92160K), 0.0005224 secs] 104833K->31550K(194560K), 0.0005920 secs] [Times: user=0.00 sys=0.00, real=0.00 secs] 
679.815: [GC (Allocation Failure) 679.815: [ParNew: 73282K->0K(92160K), 0.0007180 secs] 104833K->31550K(194560K), 0.0008492 secs] [Times: user=0.00 sys=0.00, real=0.00 secs] 
680.831: [GC (Allocation Failure) 680.831: [ParNew: 73282K->0K(92160K), 0.0005277 secs] 104833K->31550K(194560K), 0.0006174 secs] [Times: user=0.01 sys=0.00, real=0.00 secs] 
681.852: [GC (Allocation Failure) 681.852: [ParNew: 73282K->0K(92160K), 0.0005984 secs] 104833K->31550K(194560K), 0.0007282 secs] [Times: user=0.00 sys=0.00, real=0.00 secs] 
682.872: [GC (Allocation Failure) 682.872: [ParNew: 73282K->0K(92160K), 0.0005935 secs] 104833K->31550K(194560K), 0.0007141 secs] [Times: user=0.00 sys=0.00, real=0.00 secs] 
683.886: [GC (Allocation Failure) 683.886: [ParNew: 73282K->0K(92160K), 0.0004113 secs] 104833K->31550K(194560K), 0.0006748 secs] [Times: user=0.01 sys=0.00, real=0.00 secs] 
684.901: [GC (Allocation Failure) 684.901: [ParNew: 73282K->0K(92160K), 0.0007920 secs] 104833K->31550K(194560K), 0.0009202 secs] [Times: user=0.01 sys=0.01, real=0.00 secs] 
685.916: [GC (Allocation Failure) 685.916: [ParNew: 73282K->0K(92160K), 0.0004186 secs] 104833K->31550K(194560K), 0.0004978 secs] [Times: user=0.00 sys=0.00, real=0.00 secs] 
685.925: [GC (Allocation Failure) 685.925: [ParNew: 73282K->0K(92160K), 0.0004518 secs] 104833K->31550K(194560K), 0.0005174 secs] [Times: user=0.00 sys=0.00, real=0.00 secs] 
686.938: [GC (Allocation Failure) 686.938: [ParNew: 73282K->0K(92160K), 0.0006021 secs] 104833K->31550K(194560K), 0.0006978 secs] [Times: user=0.00 sys=0.00, real=0.00 secs] 
687.955: [GC (Allocation Failure) 687.955: [ParNew: 73282K->0K(92160K), 0.0007511 secs] 104833K->31550K(194560K), 0.0008376 secs] [Times: user=0.00 sys=0.00, real=0.00 secs] 
688.968: [GC (Allocation Failure) 688.968: [ParNew: 73282K->0K(92160K), 0.0006737 secs] 104833K->31550K(194560K), 0.0007751 secs] [Times: user=0.01 sys=0.00, real=0.00 secs] 
689.982: [GC (Allocation Failure) 689.983: [ParNew: 73282K->0K(92160K), 0.0004345 secs] 104833K->31550K(194560K), 0.0008497 secs] [Times: user=0.01 sys=0.00, real=0.00 secs] 
690.998: [GC (Allocation Failure) 690.998: [ParNew: 73282K->0K(92160K), 0.0004265 secs] 104833K->31550K(194560K), 0.0005123 secs] [Times: user=0.01 sys=0.00, real=0.00 secs] 
692.014: [GC (Allocation Failure) 692.014: [ParNew: 73282K->0K(92160K), 0.0008307 secs] 104833K->31550K(194560K), 0.0010077 secs] [Times: user=0.00 sys=0.00, real=0.00 secs] 
693.036: [GC (Allocation Failure) 693.036: [ParNew: 73282K->0K(92160K), 0.0008818 secs] 104833K->31550K(194560K), 0.0010573 secs] [Times: user=0.01 sys=0.00, real=0.00 secs] 
693.053: [GC (Allocation Failure) 693.053: [ParNew: 73282K->0K(92160K), 0.0005748 secs] 104833K->31550K(194560K), 0.0006730 secs] [Times: user=0.00 sys=0.00, real=0.00 secs] 
694.067: [GC (Allocation Failure) 694.067: [ParNew: 73282K->0K(92160K), 0.0005803 secs] 104833K->31550K(194560K), 0.0006827 secs] [Times: user=0.01 sys=0.00, real=0.01 secs] 
695.084: [GC (Allocation Failure) 695.084: [ParNew: 73282K->0K(92160K), 0.0005054 secs] 104833K->31550K(194560K), 0.0005992 secs] [Times: user=0.00 sys=0.00, real=0.00 secs] 
696.098: [GC (Allocation Failure) 696.098: [ParNew: 73282K->0K(92160K), 0.0003697 secs] 104833K->31550K(194560K), 0.0004383 secs] [Times: user=0.00 sys=0.00, real=0.00 secs] 
697.112: [GC (Allocation Failure) 697.112: [ParNew: 73282K->0K(92160K), 0.0004975 secs] 104833K->31550K(194560K), 0.0005909 secs] [Times: user=0.00 sys=0.01, real=0.00 secs] 
698.128: [GC (Allocation Failure) 698.128: [ParNew: 73282K->0K(92160K), 0.0005615 secs] 104833K->31550K(194560K), 0.0006580 secs] [Times: user=0.00 sys=0.00, real=0.00 secs] 
699.144: [GC (Allocation Failure) 699.144: [ParNew: 73282K->0K(92160K), 0.0004647 secs] 104833K->31550K(194560K), 0.0005629 secs] [Times: user=0.01 sys=0.00, real=0.00 secs] 
700.159: [GC (Allocation Failure) 700.160: [ParNew: 73282K->0K(92160K), 0.0004148 secs] 104833K->31550K(194560K), 0.0009010 secs] [Times: user=0.00 sys=0.00, real=0.00 secs] 
700.169: [GC (Allocation Failure) 700.169: [ParNew: 73282K->0K(92160K), 0.0006898 secs] 104833K->31550K(194560K), 0.0007759 secs] [Times: user=0.00 sys=0.00, real=0.00 secs] 
701.190: [GC (Allocation Failure) 701.190: [ParNew: 73282K->0K(92160K), 0.0005628 secs] 104833K->31550K(194560K), 0.0006705 secs] [Times: user=0.01 sys=0.00, real=0.00 secs] 
702.209: [GC (Allocation Failure) 702.209: [ParNew: 73282K->0K(92160K), 0.0006038 secs] 104833K->31550K(194560K), 0.0007377 secs] [Times: user=0.00 sys=0.00, real=0.00 secs] 
703.226: [GC (Allocation Failure) 703.226: [ParNew: 73282K->0K(92160K), 0.0012098 secs] 104833K->31550K(194560K), 0.0013882 secs] [Times: user=0.00 sys=0.00, real=0.00 secs] 
704.248: [GC (Allocation Failure) 704.248: [ParNew: 73282K->0K(92160K), 0.0006485 secs] 104833K->31550K(194560K), 0.0007628 secs] [Times: user=0.01 sys=0.00, real=0.00 secs] 
705.262: [GC (Allocation Failure) 705.262: [ParNew: 73282K->0K(92160K), 0.0004507 secs] 104833K->31550K(194560K), 0.0005441 secs] [Times: user=0.00 sys=0.00, real=0.00 secs] 
706.277: [GC (Allocation Failure) 706.278: [ParNew: 73282K->0K(92160K), 0.0006430 secs] 104833K->31550K(194560K), 0.0008212 secs] [Times: user=0.00 sys=0.01, real=0.01 secs] 
707.290: [GC (Allocation Failure) 707.291: [ParNew: 73282K->0K(92160K), 0.0006403 secs] 104833K->31550K(194560K), 0.0007316 secs] [Times: user=0.00 sys=0.00, real=0.00 secs] 
707.299: [GC (Allocation Failure) 707.299: [ParNew: 73282K->0K(92160K), 0.0005282 secs] 104833K->31550K(194560K), 0.0006109 secs] [Times: user=0.00 sys=0.00, real=0.00 secs] 
708.320: [GC (Allocation Failure) 708.320: [ParNew: 73282K->0K(92160K), 0.0006253 secs] 104833K->31550K(194560K), 0.0007515 secs] [Times: user=0.00 sys=0.00, real=0.00 secs] 
709.336: [GC (Allocation Failure) 709.336: [ParNew: 73282K->0K(92160K), 0.0005826 secs] 104833K->31550K(194560K), 0.0007022 secs] [Times: user=0.00 sys=0.00, real=0.00 secs] 
710.351: [GC (Allocation Failure) 710.351: [ParNew: 73282K->0K(92160K), 0.0006268 secs] 104833K->31550K(194560K), 0.0007478 secs] [Times: user=0.00 sys=0.00, real=0.00 secs] 
711.371: [GC (Allocation Failure) 711.372: [ParNew: 73282K->0K(92160K), 0.0006655 secs] 104833K->31550K(194560K), 0.0007966 secs] [Times: user=0.00 sys=0.00, real=0.00 secs] 
712.393: [GC (Allocation Failure) 712.394: [ParNew: 73282K->0K(92160K), 0.0048460 secs] 104833K->31550K(194560K), 0.0051077 secs] [Times: user=0.01 sys=0.00, real=0.01 secs] 
713.419: [GC (Allocation Failure) 713.419: [ParNew: 73282K->0K(92160K), 0.0009211 secs] 104833K->31550K(194560K), 0.0010444 secs] [Times: user=0.00 sys=0.00, real=0.00 secs] 
714.440: [GC (Allocation Failure) 714.440: [ParNew: 73282K->0K(92160K), 0.0005894 secs] 104833K->31550K(194560K), 0.0006808 secs] [Times: user=0.00 sys=0.00, real=0.00 secs] 
714.450: [GC (Allocation Failure) 714.451: [ParNew: 73282K->0K(92160K), 0.0007742 secs] 104833K->31550K(194560K), 0.0009049 secs] [Times: user=0.00 sys=0.00, real=0.00 secs] 
715.466: [GC (Allocation Failure) 715.466: [ParNew: 73282K->0K(92160K), 0.0004078 secs] 104833K->31550K(194560K), 0.0004810 secs] [Times: user=0.00 sys=0.00, real=0.00 secs] 
716.481: [GC (Allocation Failure) 716.482: [ParNew: 73282K->0K(92160K), 0.0010603 secs] 104833K->31550K(194560K), 0.0012087 secs] [Times: user=0.00 sys=0.00, real=0.00 secs] 
717.498: [GC (Allocation Failure) 717.498: [ParNew: 73282K->0K(92160K), 0.0003519 secs] 104833K->31550K(194560K), 0.0004275 secs] [Times: user=0.00 sys=0.00, real=0.01 secs] 
718.508: [GC (Allocation Failure) 718.509: [ParNew: 73282K->0K(92160K), 0.0005303 secs] 104833K->31550K(194560K), 0.0011055 secs] [Times: user=0.00 sys=0.00, real=0.00 secs] 
719.529: [GC (Allocation Failure) 719.529: [ParNew: 73282K->0K(92160K), 0.0101960 secs] 104833K->31550K(194560K), 0.0103155 secs] [Times: user=0.00 sys=0.00, real=0.01 secs] 
720.569: [GC (Allocation Failure) 720.569: [ParNew: 73282K->0K(92160K), 0.0004662 secs] 104833K->31550K(194560K), 0.0005687 secs] [Times: user=0.01 sys=0.00, real=0.00 secs] 
Heap
 par new generation   total 92160K, used 75740K [0x00000007b3800000, 0x00000007b9c00000, 0x00000007b9c00000)
  eden space 81920K,  92% used [0x00000007b3800000, 0x00000007b81f7148, 0x00000007b8800000)
  from space 10240K,   0% used [0x00000007b9200000, 0x00000007b9200000, 0x00000007b9c00000)
  to   space 10240K,   0% used [0x00000007b8800000, 0x00000007b8800000, 0x00000007b9200000)
 concurrent mark-sweep generation total 102400K, used 31550K [0x00000007b9c00000, 0x00000007c0000000, 0x00000007c0000000)
 Metaspace       used 3718K, capacity 4536K, committed 4864K, reserved 1056768K
  class space    used 415K, capacity 428K, committed 512K, reserved 1048576K
