Java HotSpot(TM) 64-Bit Server VM (25.291-b10) for bsd-amd64 JRE (1.8.0_291-b10), built on Apr  8 2021 02:17:24 by "java_re" with gcc 4.2.1 Compatible Apple LLVM 11.0.0 (clang-1100.0.33.17)
Memory: 4k page, physical 16777216k(107496k free)

/proc/meminfo:

CommandLine flags: -XX:InitialHeapSize=314572800 -XX:MaxHeapSize=314572800 -XX:MaxNewSize=209715200 -XX:MaxTenuringThreshold=15 -XX:NewSize=209715200 -XX:OldPLABSize=16 -XX:PretenureSizeThreshold=20971520 -XX:+PrintGC -XX:+PrintGCDetails -XX:+PrintGCTimeStamps -XX:SurvivorRatio=2 -XX:+UseCompressedClassPointers -XX:+UseCompressedOops -XX:+UseConcMarkSweepGC -XX:+UseParNewGC 
31.202: [GC (Allocation Failure) 31.203: [ParNew: 94208K->1067K(153600K), 0.0100162 secs] 94208K->1067K(256000K), 0.0110429 secs] [Times: user=0.02 sys=0.01, real=0.01 secs] 
32.254: [GC (Allocation Failure) 32.254: [ParNew: 95052K->11519K(153600K), 0.0081642 secs] 95052K->11519K(256000K), 0.0083768 secs] [Times: user=0.05 sys=0.01, real=0.01 secs] 
33.280: [GC (Allocation Failure) 33.280: [ParNew: 107617K->11809K(153600K), 0.0069714 secs] 107617K->11809K(256000K), 0.0080571 secs] [Times: user=0.02 sys=0.00, real=0.01 secs] 
34.298: [GC (Allocation Failure) 34.299: [ParNew: 105885K->11268K(153600K), 0.0032036 secs] 105885K->11268K(256000K), 0.0034386 secs] [Times: user=0.01 sys=0.01, real=0.00 secs] 
35.317: [GC (Allocation Failure) 35.317: [ParNew: 105375K->1091K(153600K), 0.0014725 secs] 105375K->1091K(256000K), 0.0016644 secs] [Times: user=0.00 sys=0.00, real=0.00 secs] 
36.332: [GC (Allocation Failure) 36.332: [ParNew: 95219K->11370K(153600K), 0.0016222 secs] 95219K->11370K(256000K), 0.0018344 secs] [Times: user=0.01 sys=0.00, real=0.00 secs] 
37.350: [GC (Allocation Failure) 37.350: [ParNew: 105511K->21892K(153600K), 0.0108845 secs] 105511K->21892K(256000K), 0.0119098 secs] [Times: user=0.06 sys=0.01, real=0.01 secs] 
38.374: [GC (Allocation Failure) 38.374: [ParNew: 116041K->32112K(153600K), 0.0140519 secs] 116041K->32112K(256000K), 0.0142016 secs] [Times: user=0.09 sys=0.01, real=0.02 secs] 
40.407: [GC (Allocation Failure) 40.408: [ParNew: 126266K->0K(153600K), 0.0192756 secs] 126266K->954K(256000K), 0.0195420 secs] [Times: user=0.07 sys=0.01, real=0.02 secs] 
41.434: [GC (Allocation Failure) 41.434: [ParNew: 94158K->10240K(153600K), 0.0021182 secs] 95112K->11194K(256000K), 0.0023903 secs] [Times: user=0.01 sys=0.00, real=0.01 secs] 
42.451: [GC (Allocation Failure) 42.451: [ParNew: 104400K->10240K(153600K), 0.0018520 secs] 105355K->11194K(256000K), 0.0020665 secs] [Times: user=0.01 sys=0.00, real=0.00 secs] 
43.468: [GC (Allocation Failure) 43.468: [ParNew: 104401K->10240K(153600K), 0.0020038 secs] 105356K->11194K(256000K), 0.0025901 secs] [Times: user=0.01 sys=0.00, real=0.00 secs] 
44.485: [GC (Allocation Failure) 44.485: [ParNew: 104402K->0K(153600K), 0.0009298 secs] 105357K->954K(256000K), 0.0010939 secs] [Times: user=0.00 sys=0.00, real=0.01 secs] 
45.501: [GC (Allocation Failure) 45.501: [ParNew: 94163K->10240K(153600K), 0.0013780 secs] 95118K->11194K(256000K), 0.0015688 secs] [Times: user=0.01 sys=0.00, real=0.00 secs] 
46.515: [GC (Allocation Failure) 46.515: [ParNew: 104403K->20480K(153600K), 0.0050293 secs] 105358K->21434K(256000K), 0.0051887 secs] [Times: user=0.03 sys=0.01, real=0.01 secs] 
47.532: [GC (Allocation Failure) 47.532: [ParNew: 114644K->30720K(153600K), 0.0085545 secs] 115598K->31674K(256000K), 0.0087269 secs] [Times: user=0.03 sys=0.01, real=0.01 secs] 
49.559: [GC (Allocation Failure) 49.560: [ParNew: 124884K->0K(153600K), 0.0013711 secs] 125838K->954K(256000K), 0.0016510 secs] [Times: user=0.01 sys=0.00, real=0.00 secs] 
50.575: [GC (Allocation Failure) 50.576: [ParNew: 94164K->10240K(153600K), 0.0019535 secs] 95118K->11194K(256000K), 0.0026668 secs] [Times: user=0.00 sys=0.00, real=0.01 secs] 
51.593: [GC (Allocation Failure) 51.593: [ParNew: 104404K->10240K(153600K), 0.0016630 secs] 105359K->11194K(256000K), 0.0019190 secs] [Times: user=0.01 sys=0.00, real=0.00 secs] 
52.610: [GC (Allocation Failure) 52.610: [ParNew: 104404K->10240K(153600K), 0.0015800 secs] 105359K->11194K(256000K), 0.0018148 secs] [Times: user=0.00 sys=0.00, real=0.00 secs] 
53.619: [GC (Allocation Failure) 53.619: [ParNew: 104404K->0K(153600K), 0.0004826 secs] 105359K->954K(256000K), 0.0005630 secs] [Times: user=0.00 sys=0.00, real=0.00 secs] 
54.627: [GC (Allocation Failure) 54.627: [ParNew: 94164K->10240K(153600K), 0.0011138 secs] 95119K->11194K(256000K), 0.0012405 secs] [Times: user=0.00 sys=0.00, real=0.00 secs] 
55.640: [GC (Allocation Failure) 55.640: [ParNew: 104404K->20480K(153600K), 0.0024655 secs] 105359K->21434K(256000K), 0.0025982 secs] [Times: user=0.01 sys=0.00, real=0.00 secs] 
56.654: [GC (Allocation Failure) 56.654: [ParNew: 114644K->30720K(153600K), 0.0028935 secs] 115599K->31674K(256000K), 0.0031236 secs] [Times: user=0.02 sys=0.00, real=0.01 secs] 
58.668: [GC (Allocation Failure) 58.669: [ParNew: 124884K->0K(153600K), 0.0005881 secs] 125839K->954K(256000K), 0.0007168 secs] [Times: user=0.00 sys=0.00, real=0.00 secs] 
59.680: [GC (Allocation Failure) 59.680: [ParNew: 94164K->10240K(153600K), 0.0010158 secs] 95119K->11194K(256000K), 0.0011612 secs] [Times: user=0.01 sys=0.00, real=0.00 secs] 
60.688: [GC (Allocation Failure) 60.688: [ParNew: 104404K->10240K(153600K), 0.0010678 secs] 105359K->11194K(256000K), 0.0011852 secs] [Times: user=0.01 sys=0.00, real=0.00 secs] 
61.695: [GC (Allocation Failure) 61.695: [ParNew: 104404K->10240K(153600K), 0.0016735 secs] 105359K->11194K(256000K), 0.0018114 secs] [Times: user=0.01 sys=0.00, real=0.01 secs] 
62.704: [GC (Allocation Failure) 62.704: [ParNew: 104404K->0K(153600K), 0.0005087 secs] 105359K->954K(256000K), 0.0006086 secs] [Times: user=0.01 sys=0.00, real=0.00 secs] 
63.714: [GC (Allocation Failure) 63.714: [ParNew: 94164K->10240K(153600K), 0.0012974 secs] 95119K->11194K(256000K), 0.0016322 secs] [Times: user=0.00 sys=0.00, real=0.00 secs] 
64.720: [GC (Allocation Failure) 64.721: [ParNew: 104404K->20480K(153600K), 0.0016660 secs] 105359K->21434K(256000K), 0.0018152 secs] [Times: user=0.01 sys=0.00, real=0.00 secs] 
65.729: [GC (Allocation Failure) 65.729: [ParNew: 114644K->30720K(153600K), 0.0032643 secs] 115599K->31674K(256000K), 0.0034030 secs] [Times: user=0.01 sys=0.00, real=0.00 secs] 
67.744: [GC (Allocation Failure) 67.744: [ParNew: 124884K->0K(153600K), 0.0014180 secs] 125839K->954K(256000K), 0.0016751 secs] [Times: user=0.00 sys=0.00, real=0.00 secs] 
68.761: [GC (Allocation Failure) 68.761: [ParNew: 94164K->10240K(153600K), 0.0021681 secs] 95119K->11194K(256000K), 0.0024200 secs] [Times: user=0.01 sys=0.01, real=0.00 secs] 
69.773: [GC (Allocation Failure) 69.773: [ParNew: 104404K->10240K(153600K), 0.0011945 secs] 105359K->11194K(256000K), 0.0013680 secs] [Times: user=0.01 sys=0.00, real=0.00 secs] 
70.787: [GC (Allocation Failure) 70.787: [ParNew: 104404K->10240K(153600K), 0.0012389 secs] 105359K->11194K(256000K), 0.0014262 secs] [Times: user=0.00 sys=0.00, real=0.00 secs] 
71.801: [GC (Allocation Failure) 71.801: [ParNew: 104404K->0K(153600K), 0.0006632 secs] 105359K->954K(256000K), 0.0011655 secs] [Times: user=0.00 sys=0.00, real=0.00 secs] 
72.808: [GC (Allocation Failure) 72.808: [ParNew: 94164K->10240K(153600K), 0.0012418 secs] 95119K->11194K(256000K), 0.0013455 secs] [Times: user=0.00 sys=0.00, real=0.00 secs] 
73.825: [GC (Allocation Failure) 73.825: [ParNew: 104404K->20480K(153600K), 0.0028323 secs] 105359K->21434K(256000K), 0.0030080 secs] [Times: user=0.02 sys=0.00, real=0.01 secs] 
74.839: [GC (Allocation Failure) 74.839: [ParNew: 114644K->30720K(153600K), 0.0042834 secs] 115599K->31674K(256000K), 0.0044311 secs] [Times: user=0.02 sys=0.00, real=0.00 secs] 
76.861: [GC (Allocation Failure) 76.861: [ParNew: 124884K->0K(153600K), 0.0007868 secs] 125839K->954K(256000K), 0.0009145 secs] [Times: user=0.00 sys=0.00, real=0.00 secs] 
77.874: [GC (Allocation Failure) 77.874: [ParNew: 94164K->10240K(153600K), 0.0021051 secs] 95119K->11194K(256000K), 0.0023705 secs] [Times: user=0.01 sys=0.00, real=0.01 secs] 
78.891: [GC (Allocation Failure) 78.892: [ParNew: 104404K->10240K(153600K), 0.0015311 secs] 105359K->11194K(256000K), 0.0021239 secs] [Times: user=0.00 sys=0.01, real=0.00 secs] 
79.908: [GC (Allocation Failure) 79.908: [ParNew: 104404K->10240K(153600K), 0.0014459 secs] 105359K->11194K(256000K), 0.0016332 secs] [Times: user=0.00 sys=0.00, real=0.00 secs] 
80.925: [GC (Allocation Failure) 80.925: [ParNew: 104404K->0K(153600K), 0.0016332 secs] 105359K->954K(256000K), 0.0018238 secs] [Times: user=0.01 sys=0.00, real=0.01 secs] 
81.937: [GC (Allocation Failure) 81.937: [ParNew: 94164K->10240K(153600K), 0.0012887 secs] 95119K->11194K(256000K), 0.0014988 secs] [Times: user=0.01 sys=0.00, real=0.00 secs] 
82.952: [GC (Allocation Failure) 82.953: [ParNew: 104404K->20480K(153600K), 0.0027614 secs] 105359K->21434K(256000K), 0.0029247 secs] [Times: user=0.01 sys=0.00, real=0.00 secs] 
83.968: [GC (Allocation Failure) 83.968: [ParNew: 114644K->30720K(153600K), 0.0035140 secs] 115599K->31674K(256000K), 0.0036352 secs] [Times: user=0.02 sys=0.00, real=0.00 secs] 
85.979: [GC (Allocation Failure) 85.981: [ParNew: 124884K->0K(153600K), 0.0012470 secs] 125839K->954K(256000K), 0.0032103 secs] [Times: user=0.00 sys=0.00, real=0.00 secs] 
86.994: [GC (Allocation Failure) 86.994: [ParNew: 94164K->10240K(153600K), 0.0007637 secs] 95119K->11194K(256000K), 0.0008729 secs] [Times: user=0.00 sys=0.01, real=0.00 secs] 
88.011: [GC (Allocation Failure) 88.011: [ParNew: 104404K->10240K(153600K), 0.0011980 secs] 105359K->11194K(256000K), 0.0013245 secs] [Times: user=0.00 sys=0.00, real=0.00 secs] 
89.029: [GC (Allocation Failure) 89.029: [ParNew: 104404K->10240K(153600K), 0.0026995 secs] 105359K->11194K(256000K), 0.0028133 secs] [Times: user=0.01 sys=0.00, real=0.00 secs] 
90.044: [GC (Allocation Failure) 90.044: [ParNew: 104404K->0K(153600K), 0.0006310 secs] 105359K->954K(256000K), 0.0007515 secs] [Times: user=0.01 sys=0.00, real=0.00 secs] 
91.053: [GC (Allocation Failure) 91.053: [ParNew: 94164K->10240K(153600K), 0.0108145 secs] 95119K->11194K(256000K), 0.0109482 secs] [Times: user=0.01 sys=0.00, real=0.01 secs] 
92.074: [GC (Allocation Failure) 92.075: [ParNew: 104404K->20480K(153600K), 0.0071619 secs] 105359K->21434K(256000K), 0.0076860 secs] [Times: user=0.05 sys=0.01, real=0.01 secs] 
93.094: [GC (Allocation Failure) 93.094: [ParNew: 114644K->30720K(153600K), 0.0083337 secs] 115599K->31674K(256000K), 0.0084738 secs] [Times: user=0.05 sys=0.01, real=0.01 secs] 
95.114: [GC (Allocation Failure) 95.114: [ParNew: 124884K->0K(153600K), 0.0004270 secs] 125839K->954K(256000K), 0.0004935 secs] [Times: user=0.00 sys=0.00, real=0.00 secs] 
96.120: [GC (Allocation Failure) 96.120: [ParNew: 94164K->10240K(153600K), 0.0016971 secs] 95119K->11194K(256000K), 0.0018055 secs] [Times: user=0.01 sys=0.00, real=0.00 secs] 
97.130: [GC (Allocation Failure) 97.130: [ParNew: 104404K->10240K(153600K), 0.0008632 secs] 105359K->11194K(256000K), 0.0010179 secs] [Times: user=0.00 sys=0.00, real=0.00 secs] 
98.144: [GC (Allocation Failure) 98.145: [ParNew: 104404K->10240K(153600K), 0.0013466 secs] 105359K->11194K(256000K), 0.0019244 secs] [Times: user=0.00 sys=0.00, real=0.01 secs] 
99.154: [GC (Allocation Failure) 99.154: [ParNew: 104404K->0K(153600K), 0.0006040 secs] 105359K->954K(256000K), 0.0007265 secs] [Times: user=0.00 sys=0.00, real=0.00 secs] 
100.163: [GC (Allocation Failure) 100.163: [ParNew: 94164K->10240K(153600K), 0.0013416 secs] 95119K->11194K(256000K), 0.0014953 secs] [Times: user=0.01 sys=0.00, real=0.00 secs] 
101.177: [GC (Allocation Failure) 101.177: [ParNew: 104404K->20480K(153600K), 0.0023197 secs] 105359K->21434K(256000K), 0.0024463 secs] [Times: user=0.02 sys=0.00, real=0.00 secs] 
102.191: [GC (Allocation Failure) 102.191: [ParNew: 114644K->30720K(153600K), 0.0034923 secs] 115599K->31674K(256000K), 0.0036514 secs] [Times: user=0.02 sys=0.00, real=0.00 secs] 
104.210: [GC (Allocation Failure) 104.210: [ParNew: 124884K->0K(153600K), 0.0011132 secs] 125839K->954K(256000K), 0.0013119 secs] [Times: user=0.00 sys=0.00, real=0.00 secs] 
105.225: [GC (Allocation Failure) 105.226: [ParNew: 94164K->10240K(153600K), 0.0018826 secs] 95119K->11194K(256000K), 0.0025227 secs] [Times: user=0.01 sys=0.00, real=0.01 secs] 
106.241: [GC (Allocation Failure) 106.241: [ParNew: 104404K->10240K(153600K), 0.0012622 secs] 105359K->11194K(256000K), 0.0013752 secs] [Times: user=0.01 sys=0.00, real=0.00 secs] 
107.253: [GC (Allocation Failure) 107.253: [ParNew: 104404K->10240K(153600K), 0.0013904 secs] 105359K->11194K(256000K), 0.0015883 secs] [Times: user=0.00 sys=0.00, real=0.00 secs] 
108.264: [GC (Allocation Failure) 108.264: [ParNew: 104404K->0K(153600K), 0.0008597 secs] 105359K->954K(256000K), 0.0010107 secs] [Times: user=0.00 sys=0.00, real=0.00 secs] 
109.280: [GC (Allocation Failure) 109.280: [ParNew: 94164K->10240K(153600K), 0.0012610 secs] 95119K->11194K(256000K), 0.0014170 secs] [Times: user=0.01 sys=0.00, real=0.00 secs] 
110.294: [GC (Allocation Failure) 110.294: [ParNew: 104404K->20480K(153600K), 0.0021971 secs] 105359K->21434K(256000K), 0.0023611 secs] [Times: user=0.01 sys=0.01, real=0.01 secs] 
111.311: [GC (Allocation Failure) 111.312: [ParNew: 114644K->30720K(153600K), 0.0037048 secs] 115599K->31674K(256000K), 0.0041288 secs] [Times: user=0.02 sys=0.00, real=0.00 secs] 
113.333: [GC (Allocation Failure) 113.333: [ParNew: 124884K->0K(153600K), 0.0017433 secs] 125839K->954K(256000K), 0.0021022 secs] [Times: user=0.00 sys=0.00, real=0.00 secs] 
114.349: [GC (Allocation Failure) 114.349: [ParNew: 94164K->10240K(153600K), 0.0013380 secs] 95119K->11194K(256000K), 0.0014719 secs] [Times: user=0.01 sys=0.00, real=0.00 secs] 
115.363: [GC (Allocation Failure) 115.363: [ParNew: 104404K->10240K(153600K), 0.0012840 secs] 105359K->11194K(256000K), 0.0014883 secs] [Times: user=0.01 sys=0.00, real=0.00 secs] 
116.373: [GC (Allocation Failure) 116.373: [ParNew: 104404K->10240K(153600K), 0.0012395 secs] 105359K->11194K(256000K), 0.0013933 secs] [Times: user=0.00 sys=0.00, real=0.00 secs] 
117.380: [GC (Allocation Failure) 117.380: [ParNew: 104404K->0K(153600K), 0.0005295 secs] 105359K->954K(256000K), 0.0006336 secs] [Times: user=0.00 sys=0.00, real=0.00 secs] 
118.390: [GC (Allocation Failure) 118.391: [ParNew: 94164K->10240K(153600K), 0.0012307 secs] 95119K->11194K(256000K), 0.0022887 secs] [Times: user=0.01 sys=0.00, real=0.00 secs] 
119.401: [GC (Allocation Failure) 119.401: [ParNew: 104404K->20480K(153600K), 0.0017752 secs] 105359K->21434K(256000K), 0.0019308 secs] [Times: user=0.01 sys=0.01, real=0.00 secs] 
120.410: [GC (Allocation Failure) 120.410: [ParNew: 114644K->30720K(153600K), 0.0023737 secs] 115599K->31674K(256000K), 0.0025173 secs] [Times: user=0.02 sys=0.00, real=0.00 secs] 
122.417: [GC (Allocation Failure) 122.418: [ParNew: 124884K->0K(153600K), 0.0004899 secs] 125839K->954K(256000K), 0.0005688 secs] [Times: user=0.00 sys=0.00, real=0.00 secs] 
123.426: [GC (Allocation Failure) 123.426: [ParNew: 94164K->10240K(153600K), 0.0007740 secs] 95119K->11194K(256000K), 0.0013510 secs] [Times: user=0.00 sys=0.00, real=0.01 secs] 
124.436: [GC (Allocation Failure) 124.437: [ParNew: 104404K->10240K(153600K), 0.0007258 secs] 105359K->11194K(256000K), 0.0011677 secs] [Times: user=0.01 sys=0.00, real=0.00 secs] 
125.444: [GC (Allocation Failure) 125.444: [ParNew: 104404K->10240K(153600K), 0.0007698 secs] 105359K->11194K(256000K), 0.0008942 secs] [Times: user=0.01 sys=0.00, real=0.00 secs] 
126.449: [GC (Allocation Failure) 126.449: [ParNew: 104404K->0K(153600K), 0.0003903 secs] 105359K->954K(256000K), 0.0004613 secs] [Times: user=0.00 sys=0.00, real=0.00 secs] 
127.454: [GC (Allocation Failure) 127.454: [ParNew: 94164K->10240K(153600K), 0.0011103 secs] 95119K->11194K(256000K), 0.0012121 secs] [Times: user=0.01 sys=0.00, real=0.00 secs] 
128.463: [GC (Allocation Failure) 128.463: [ParNew: 104404K->20480K(153600K), 0.0018841 secs] 105359K->21434K(256000K), 0.0020112 secs] [Times: user=0.01 sys=0.00, real=0.00 secs] 
129.476: [GC (Allocation Failure) 129.476: [ParNew: 114644K->30720K(153600K), 0.0037183 secs] 115599K->31674K(256000K), 0.0039095 secs] [Times: user=0.01 sys=0.00, real=0.01 secs] 
131.558: [GC (Allocation Failure) 131.558: [ParNew: 124884K->0K(153600K), 0.0018332 secs] 125839K->954K(256000K), 0.0019665 secs] [Times: user=0.00 sys=0.00, real=0.00 secs] 
132.574: [GC (Allocation Failure) 132.574: [ParNew: 94164K->10240K(153600K), 0.0179270 secs] 95119K->11194K(256000K), 0.0181597 secs] [Times: user=0.03 sys=0.01, real=0.02 secs] 
133.603: [GC (Allocation Failure) 133.603: [ParNew: 104404K->10240K(153600K), 0.0100000 secs] 105359K->11194K(256000K), 0.0102340 secs] [Times: user=0.02 sys=0.01, real=0.01 secs] 
134.626: [GC (Allocation Failure) 134.626: [ParNew: 104404K->10240K(153600K), 0.0021496 secs] 105359K->11194K(256000K), 0.0023860 secs] [Times: user=0.01 sys=0.00, real=0.01 secs] 
135.646: [GC (Allocation Failure) 135.646: [ParNew: 104404K->0K(153600K), 0.0012239 secs] 105359K->954K(256000K), 0.0014000 secs] [Times: user=0.00 sys=0.00, real=0.01 secs] 
136.662: [GC (Allocation Failure) 136.662: [ParNew: 94164K->10240K(153600K), 0.0021293 secs] 95119K->11194K(256000K), 0.0024132 secs] [Times: user=0.00 sys=0.01, real=0.00 secs] 
137.682: [GC (Allocation Failure) 137.682: [ParNew: 104404K->20480K(153600K), 0.0104381 secs] 105359K->21434K(256000K), 0.0107126 secs] [Times: user=0.02 sys=0.00, real=0.01 secs] 
138.704: [GC (Allocation Failure) 138.704: [ParNew: 114644K->30720K(153600K), 0.0214365 secs] 115599K->31674K(256000K), 0.0216016 secs] [Times: user=0.05 sys=0.02, real=0.02 secs] 
140.763: [GC (Allocation Failure) 140.763: [ParNew: 124884K->0K(153600K), 0.0010950 secs] 125839K->954K(256000K), 0.0012652 secs] [Times: user=0.01 sys=0.00, real=0.00 secs] 
141.784: [GC (Allocation Failure) 141.784: [ParNew: 94164K->10240K(153600K), 0.0015950 secs] 95119K->11194K(256000K), 0.0017411 secs] [Times: user=0.00 sys=0.00, real=0.00 secs] 
142.796: [GC (Allocation Failure) 142.796: [ParNew: 104404K->10240K(153600K), 0.0016188 secs] 105359K->11194K(256000K), 0.0017948 secs] [Times: user=0.01 sys=0.00, real=0.01 secs] 
143.806: [GC (Allocation Failure) 143.806: [ParNew: 104404K->10240K(153600K), 0.0015885 secs] 105359K->11194K(256000K), 0.0017271 secs] [Times: user=0.01 sys=0.00, real=0.01 secs] 
144.815: [GC (Allocation Failure) 144.816: [ParNew: 104404K->0K(153600K), 0.0012620 secs] 105359K->954K(256000K), 0.0018024 secs] [Times: user=0.00 sys=0.00, real=0.01 secs] 
145.824: [GC (Allocation Failure) 145.824: [ParNew: 94164K->10240K(153600K), 0.0011071 secs] 95119K->11194K(256000K), 0.0012403 secs] [Times: user=0.00 sys=0.00, real=0.00 secs] 
146.836: [GC (Allocation Failure) 146.836: [ParNew: 104404K->20480K(153600K), 0.0023062 secs] 105359K->21434K(256000K), 0.0024395 secs] [Times: user=0.01 sys=0.00, real=0.01 secs] 
147.849: [GC (Allocation Failure) 147.849: [ParNew: 114644K->30720K(153600K), 0.0034182 secs] 115599K->31674K(256000K), 0.0035870 secs] [Times: user=0.03 sys=0.01, real=0.00 secs] 
149.866: [GC (Allocation Failure) 149.866: [ParNew: 124884K->0K(153600K), 0.0009795 secs] 125839K->954K(256000K), 0.0012022 secs] [Times: user=0.01 sys=0.00, real=0.01 secs] 
150.875: [GC (Allocation Failure) 150.875: [ParNew: 94164K->10240K(153600K), 0.0014139 secs] 95119K->11194K(256000K), 0.0016243 secs] [Times: user=0.00 sys=0.00, real=0.01 secs] 
151.890: [GC (Allocation Failure) 151.891: [ParNew: 104404K->10240K(153600K), 0.0013219 secs] 105359K->11194K(256000K), 0.0019095 secs] [Times: user=0.00 sys=0.00, real=0.00 secs] 
152.903: [GC (Allocation Failure) 152.903: [ParNew: 104404K->10240K(153600K), 0.0012970 secs] 105359K->11194K(256000K), 0.0014560 secs] [Times: user=0.01 sys=0.00, real=0.00 secs] 
153.917: [GC (Allocation Failure) 153.917: [ParNew: 104404K->0K(153600K), 0.0008912 secs] 105359K->954K(256000K), 0.0010327 secs] [Times: user=0.00 sys=0.00, real=0.00 secs] 
154.927: [GC (Allocation Failure) 154.928: [ParNew: 94164K->10240K(153600K), 0.0011521 secs] 95119K->11194K(256000K), 0.0013236 secs] [Times: user=0.00 sys=0.00, real=0.00 secs] 
155.940: [GC (Allocation Failure) 155.940: [ParNew: 104404K->20480K(153600K), 0.0023108 secs] 105359K->21434K(256000K), 0.0024473 secs] [Times: user=0.01 sys=0.00, real=0.00 secs] 
156.951: [GC (Allocation Failure) 156.951: [ParNew: 114644K->30720K(153600K), 0.0036704 secs] 115599K->31674K(256000K), 0.0038212 secs] [Times: user=0.02 sys=0.01, real=0.00 secs] 
158.974: [GC (Allocation Failure) 158.974: [ParNew: 124884K->0K(153600K), 0.0009771 secs] 125839K->954K(256000K), 0.0011562 secs] [Times: user=0.00 sys=0.00, real=0.00 secs] 
159.986: [GC (Allocation Failure) 159.986: [ParNew: 94164K->10240K(153600K), 0.0021650 secs] 95119K->11194K(256000K), 0.0028975 secs] [Times: user=0.01 sys=0.00, real=0.01 secs] 
161.003: [GC (Allocation Failure) 161.003: [ParNew: 104404K->10240K(153600K), 0.0021680 secs] 105359K->11194K(256000K), 0.0024390 secs] [Times: user=0.01 sys=0.00, real=0.00 secs] 
162.021: [GC (Allocation Failure) 162.021: [ParNew: 104404K->10240K(153600K), 0.0026124 secs] 105359K->11194K(256000K), 0.0028830 secs] [Times: user=0.01 sys=0.00, real=0.00 secs] 
163.037: [GC (Allocation Failure) 163.037: [ParNew: 104404K->0K(153600K), 0.0020920 secs] 105359K->954K(256000K), 0.0022915 secs] [Times: user=0.00 sys=0.01, real=0.00 secs] 
164.054: [GC (Allocation Failure) 164.054: [ParNew: 94164K->10240K(153600K), 0.0016776 secs] 95119K->11194K(256000K), 0.0019409 secs] [Times: user=0.00 sys=0.00, real=0.00 secs] 
165.070: [GC (Allocation Failure) 165.071: [ParNew: 104404K->20480K(153600K), 0.0027805 secs] 105359K->21434K(256000K), 0.0030177 secs] [Times: user=0.01 sys=0.00, real=0.00 secs] 
166.089: [GC (Allocation Failure) 166.089: [ParNew: 114644K->30720K(153600K), 0.0040177 secs] 115599K->31674K(256000K), 0.0042647 secs] [Times: user=0.01 sys=0.00, real=0.00 secs] 
168.114: [GC (Allocation Failure) 168.198: [ParNew: 124884K->0K(153600K), 0.0011024 secs] 125839K->954K(256000K), 0.0858749 secs] [Times: user=0.01 sys=0.00, real=0.09 secs] 
169.209: [GC (Allocation Failure) 169.209: [ParNew: 94164K->10240K(153600K), 0.0049207 secs] 95119K->11194K(256000K), 0.0051243 secs] [Times: user=0.01 sys=0.00, real=0.00 secs] 
170.227: [GC (Allocation Failure) 170.227: [ParNew: 104404K->10240K(153600K), 0.0046741 secs] 105359K->11194K(256000K), 0.0049197 secs] [Times: user=0.01 sys=0.01, real=0.01 secs] 
171.249: [GC (Allocation Failure) 171.249: [ParNew: 104404K->10240K(153600K), 0.0022084 secs] 105359K->11194K(256000K), 0.0024631 secs] [Times: user=0.00 sys=0.00, real=0.00 secs] 
172.269: [GC (Allocation Failure) 172.269: [ParNew: 104404K->0K(153600K), 0.0011981 secs] 105359K->954K(256000K), 0.0014056 secs] [Times: user=0.01 sys=0.00, real=0.00 secs] 
173.287: [GC (Allocation Failure) 173.287: [ParNew: 94164K->10240K(153600K), 0.0020471 secs] 95119K->11194K(256000K), 0.0023125 secs] [Times: user=0.01 sys=0.00, real=0.00 secs] 
174.305: [GC (Allocation Failure) 174.306: [ParNew: 104404K->20480K(153600K), 0.0062444 secs] 105359K->21434K(256000K), 0.0065145 secs] [Times: user=0.02 sys=0.01, real=0.01 secs] 
175.325: [GC (Allocation Failure) 175.325: [ParNew: 114644K->30720K(153600K), 0.0042579 secs] 115599K->31674K(256000K), 0.0045383 secs] [Times: user=0.02 sys=0.00, real=0.01 secs] 
177.346: [GC (Allocation Failure) 177.347: [ParNew: 124884K->0K(153600K), 0.0019422 secs] 125839K->954K(256000K), 0.0031877 secs] [Times: user=0.00 sys=0.00, real=0.01 secs] 
178.361: [GC (Allocation Failure) 178.361: [ParNew: 94164K->10240K(153600K), 0.0020793 secs] 95119K->11194K(256000K), 0.0023637 secs] [Times: user=0.01 sys=0.00, real=0.00 secs] 
179.381: [GC (Allocation Failure) 179.381: [ParNew: 104404K->10240K(153600K), 0.0020851 secs] 105359K->11194K(256000K), 0.0023745 secs] [Times: user=0.01 sys=0.00, real=0.00 secs] 
180.398: [GC (Allocation Failure) 180.398: [ParNew: 104404K->10240K(153600K), 0.0021143 secs] 105359K->11194K(256000K), 0.0024164 secs] [Times: user=0.01 sys=0.00, real=0.00 secs] 
181.413: [GC (Allocation Failure) 181.413: [ParNew: 104404K->0K(153600K), 0.0015821 secs] 105359K->954K(256000K), 0.0018204 secs] [Times: user=0.00 sys=0.00, real=0.00 secs] 
182.431: [GC (Allocation Failure) 182.431: [ParNew: 94164K->10240K(153600K), 0.0020574 secs] 95119K->11194K(256000K), 0.0023143 secs] [Times: user=0.00 sys=0.00, real=0.00 secs] 
183.445: [GC (Allocation Failure) 183.445: [ParNew: 104404K->20480K(153600K), 0.0016721 secs] 105359K->21434K(256000K), 0.0018069 secs] [Times: user=0.01 sys=0.00, real=0.00 secs] 
184.462: [GC (Allocation Failure) 184.463: [ParNew: 114644K->30720K(153600K), 0.0088274 secs] 115599K->31674K(256000K), 0.0095082 secs] [Times: user=0.03 sys=0.00, real=0.01 secs] 
186.488: [GC (Allocation Failure) 186.488: [ParNew: 124884K->0K(153600K), 0.0014942 secs] 125839K->954K(256000K), 0.0017949 secs] [Times: user=0.00 sys=0.00, real=0.00 secs] 
187.504: [GC (Allocation Failure) 187.504: [ParNew: 94164K->10240K(153600K), 0.0021013 secs] 95119K->11194K(256000K), 0.0023945 secs] [Times: user=0.01 sys=0.00, real=0.00 secs] 
188.522: [GC (Allocation Failure) 188.522: [ParNew: 104404K->10240K(153600K), 0.0011760 secs] 105359K->11194K(256000K), 0.0013790 secs] [Times: user=0.01 sys=0.00, real=0.00 secs] 
189.531: [GC (Allocation Failure) 189.531: [ParNew: 104404K->10240K(153600K), 0.0010873 secs] 105359K->11194K(256000K), 0.0011875 secs] [Times: user=0.01 sys=0.00, real=0.00 secs] 
190.546: [GC (Allocation Failure) 190.546: [ParNew: 104404K->0K(153600K), 0.0020028 secs] 105359K->954K(256000K), 0.0025485 secs] [Times: user=0.01 sys=0.00, real=0.01 secs] 
191.573: [GC (Allocation Failure) 191.573: [ParNew: 94164K->10240K(153600K), 0.0008061 secs] 95119K->11194K(256000K), 0.0009054 secs] [Times: user=0.00 sys=0.00, real=0.00 secs] 
192.586: [GC (Allocation Failure) 192.586: [ParNew: 104404K->20480K(153600K), 0.0032024 secs] 105359K->21434K(256000K), 0.0033892 secs] [Times: user=0.00 sys=0.00, real=0.01 secs] 
193.604: [GC (Allocation Failure) 193.604: [ParNew: 114644K->30720K(153600K), 0.0036251 secs] 115599K->31674K(256000K), 0.0037778 secs] [Times: user=0.02 sys=0.00, real=0.01 secs] 
195.625: [GC (Allocation Failure) 195.626: [ParNew: 124884K->0K(153600K), 0.0006638 secs] 125839K->954K(256000K), 0.0007895 secs] [Times: user=0.00 sys=0.00, real=0.00 secs] 
196.639: [GC (Allocation Failure) 196.639: [ParNew: 94164K->10240K(153600K), 0.0021609 secs] 95119K->11194K(256000K), 0.0024411 secs] [Times: user=0.01 sys=0.00, real=0.00 secs] 
197.659: [GC (Allocation Failure) 197.659: [ParNew: 104404K->10240K(153600K), 0.0020335 secs] 105359K->11194K(256000K), 0.0023119 secs] [Times: user=0.00 sys=0.00, real=0.00 secs] 
198.676: [GC (Allocation Failure) 198.676: [ParNew: 104404K->10240K(153600K), 0.0023489 secs] 105359K->11194K(256000K), 0.0029949 secs] [Times: user=0.00 sys=0.00, real=0.01 secs] 
199.691: [GC (Allocation Failure) 199.691: [ParNew: 104404K->0K(153600K), 0.0007642 secs] 105359K->954K(256000K), 0.0008998 secs] [Times: user=0.00 sys=0.00, real=0.00 secs] 
200.704: [GC (Allocation Failure) 200.704: [ParNew: 94164K->10240K(153600K), 0.0014863 secs] 95119K->11194K(256000K), 0.0016956 secs] [Times: user=0.00 sys=0.00, real=0.00 secs] 
201.719: [GC (Allocation Failure) 201.719: [ParNew: 104404K->20480K(153600K), 0.0029934 secs] 105359K->21434K(256000K), 0.0032399 secs] [Times: user=0.01 sys=0.01, real=0.00 secs] 
202.738: [GC (Allocation Failure) 202.738: [ParNew: 114644K->30720K(153600K), 0.0039883 secs] 115599K->31674K(256000K), 0.0042147 secs] [Times: user=0.01 sys=0.00, real=0.00 secs] 
204.755: [GC (Allocation Failure) 204.755: [ParNew: 124884K->0K(153600K), 0.0014226 secs] 125839K->954K(256000K), 0.0016929 secs] [Times: user=0.01 sys=0.00, real=0.00 secs] 
205.774: [GC (Allocation Failure) 205.774: [ParNew: 94164K->10240K(153600K), 0.0021130 secs] 95119K->11194K(256000K), 0.0025398 secs] [Times: user=0.00 sys=0.00, real=0.00 secs] 
206.792: [GC (Allocation Failure) 206.792: [ParNew: 104404K->10240K(153600K), 0.0021182 secs] 105359K->11194K(256000K), 0.0023890 secs] [Times: user=0.00 sys=0.00, real=0.00 secs] 
207.811: [GC (Allocation Failure) 207.811: [ParNew: 104404K->10240K(153600K), 0.0020707 secs] 105359K->11194K(256000K), 0.0023374 secs] [Times: user=0.00 sys=0.00, real=0.00 secs] 
208.829: [GC (Allocation Failure) 208.829: [ParNew: 104404K->0K(153600K), 0.0012285 secs] 105359K->954K(256000K), 0.0014458 secs] [Times: user=0.01 sys=0.00, real=0.00 secs] 
209.846: [GC (Allocation Failure) 209.846: [ParNew: 94164K->10240K(153600K), 0.0033646 secs] 95119K->11194K(256000K), 0.0036050 secs] [Times: user=0.00 sys=0.00, real=0.01 secs] 
210.863: [GC (Allocation Failure) 210.863: [ParNew: 104404K->20480K(153600K), 0.0032298 secs] 105359K->21434K(256000K), 0.0034119 secs] [Times: user=0.01 sys=0.00, real=0.00 secs] 
211.877: [GC (Allocation Failure) 211.878: [ParNew: 114644K->30720K(153600K), 0.0034244 secs] 115599K->31674K(256000K), 0.0040113 secs] [Times: user=0.01 sys=0.00, real=0.01 secs] 
213.900: [GC (Allocation Failure) 213.900: [ParNew: 124884K->0K(153600K), 0.0017937 secs] 125839K->954K(256000K), 0.0021105 secs] [Times: user=0.00 sys=0.00, real=0.00 secs] 
214.913: [GC (Allocation Failure) 214.913: [ParNew: 94164K->10240K(153600K), 0.0026380 secs] 95119K->11194K(256000K), 0.0027870 secs] [Times: user=0.01 sys=0.00, real=0.00 secs] 
215.927: [GC (Allocation Failure) 215.927: [ParNew: 104404K->10240K(153600K), 0.0012589 secs] 105359K->11194K(256000K), 0.0014780 secs] [Times: user=0.01 sys=0.00, real=0.01 secs] 
216.939: [GC (Allocation Failure) 216.939: [ParNew: 104404K->10240K(153600K), 0.0038282 secs] 105359K->11194K(256000K), 0.0042063 secs] [Times: user=0.00 sys=0.00, real=0.00 secs] 
217.956: [GC (Allocation Failure) 217.956: [ParNew: 104404K->0K(153600K), 0.0015380 secs] 105359K->954K(256000K), 0.0017391 secs] [Times: user=0.00 sys=0.00, real=0.01 secs] 
218.974: [GC (Allocation Failure) 218.974: [ParNew: 94164K->10240K(153600K), 0.0021220 secs] 95119K->11194K(256000K), 0.0023992 secs] [Times: user=0.00 sys=0.00, real=0.00 secs] 
219.990: [GC (Allocation Failure) 219.990: [ParNew: 104404K->20480K(153600K), 0.0036662 secs] 105359K->21434K(256000K), 0.0039185 secs] [Times: user=0.01 sys=0.00, real=0.00 secs] 
221.011: [GC (Allocation Failure) 221.012: [ParNew: 114644K->30720K(153600K), 0.0048118 secs] 115599K->31674K(256000K), 0.0054745 secs] [Times: user=0.02 sys=0.00, real=0.00 secs] 
223.034: [GC (Allocation Failure) 223.034: [ParNew: 124884K->0K(153600K), 0.0013331 secs] 125839K->954K(256000K), 0.0015788 secs] [Times: user=0.01 sys=0.00, real=0.00 secs] 
224.049: [GC (Allocation Failure) 224.049: [ParNew: 94164K->10240K(153600K), 0.0021486 secs] 95119K->11194K(256000K), 0.0024238 secs] [Times: user=0.01 sys=0.00, real=0.00 secs] 
225.065: [GC (Allocation Failure) 225.066: [ParNew: 104404K->10240K(153600K), 0.0021124 secs] 105359K->11194K(256000K), 0.0023940 secs] [Times: user=0.01 sys=0.00, real=0.01 secs] 
226.082: [GC (Allocation Failure) 226.082: [ParNew: 104404K->10240K(153600K), 0.0020951 secs] 105359K->11194K(256000K), 0.0023546 secs] [Times: user=0.01 sys=0.00, real=0.00 secs] 
227.097: [GC (Allocation Failure) 227.097: [ParNew: 104404K->0K(153600K), 0.0007024 secs] 105359K->954K(256000K), 0.0008432 secs] [Times: user=0.00 sys=0.00, real=0.01 secs] 
228.107: [GC (Allocation Failure) 228.108: [ParNew: 94164K->10240K(153600K), 0.0012773 secs] 95119K->11194K(256000K), 0.0016757 secs] [Times: user=0.00 sys=0.00, real=0.01 secs] 
229.122: [GC (Allocation Failure) 229.122: [ParNew: 104404K->20480K(153600K), 0.0022966 secs] 105359K->21434K(256000K), 0.0024442 secs] [Times: user=0.01 sys=0.00, real=0.00 secs] 
230.139: [GC (Allocation Failure) 230.139: [ParNew: 114644K->30720K(153600K), 0.0044813 secs] 115599K->31674K(256000K), 0.0047191 secs] [Times: user=0.01 sys=0.00, real=0.00 secs] 
232.163: [GC (Allocation Failure) 232.163: [ParNew: 124884K->0K(153600K), 0.0015382 secs] 125839K->954K(256000K), 0.0017887 secs] [Times: user=0.01 sys=0.00, real=0.00 secs] 
233.180: [GC (Allocation Failure) 233.180: [ParNew: 94164K->10240K(153600K), 0.0020688 secs] 95119K->11194K(256000K), 0.0023751 secs] [Times: user=0.01 sys=0.00, real=0.00 secs] 
234.199: [GC (Allocation Failure) 234.199: [ParNew: 104404K->10240K(153600K), 0.0021296 secs] 105359K->11194K(256000K), 0.0023887 secs] [Times: user=0.01 sys=0.00, real=0.00 secs] 
235.216: [GC (Allocation Failure) 235.217: [ParNew: 104404K->10240K(153600K), 0.0020783 secs] 105359K->11194K(256000K), 0.0023332 secs] [Times: user=0.00 sys=0.00, real=0.01 secs] 
236.235: [GC (Allocation Failure) 236.235: [ParNew: 104404K->0K(153600K), 0.0010314 secs] 105359K->954K(256000K), 0.0012299 secs] [Times: user=0.00 sys=0.00, real=0.00 secs] 
237.248: [GC (Allocation Failure) 237.248: [ParNew: 94164K->10240K(153600K), 0.0023427 secs] 95119K->11194K(256000K), 0.0025732 secs] [Times: user=0.01 sys=0.00, real=0.00 secs] 
238.262: [GC (Allocation Failure) 238.262: [ParNew: 104404K->20480K(153600K), 0.0026828 secs] 105359K->21434K(256000K), 0.0028387 secs] [Times: user=0.01 sys=0.00, real=0.00 secs] 
239.276: [GC (Allocation Failure) 239.276: [ParNew: 114644K->30720K(153600K), 0.0062614 secs] 115599K->31674K(256000K), 0.0064074 secs] [Times: user=0.01 sys=0.00, real=0.01 secs] 
241.296: [GC (Allocation Failure) 241.296: [ParNew: 124884K->0K(153600K), 0.0009952 secs] 125839K->954K(256000K), 0.0010912 secs] [Times: user=0.00 sys=0.00, real=0.00 secs] 
242.305: [GC (Allocation Failure) 242.305: [ParNew: 94164K->10240K(153600K), 0.0013044 secs] 95119K->11194K(256000K), 0.0021369 secs] [Times: user=0.00 sys=0.00, real=0.00 secs] 
243.316: [GC (Allocation Failure) 243.316: [ParNew: 104404K->10240K(153600K), 0.0055994 secs] 105359K->11194K(256000K), 0.0057567 secs] [Times: user=0.03 sys=0.00, real=0.01 secs] 
244.332: [GC (Allocation Failure) 244.332: [ParNew: 104404K->10240K(153600K), 0.0015137 secs] 105359K->11194K(256000K), 0.0016653 secs] [Times: user=0.00 sys=0.01, real=0.00 secs] 
245.343: [GC (Allocation Failure) 245.343: [ParNew: 104404K->0K(153600K), 0.0006648 secs] 105359K->954K(256000K), 0.0007984 secs] [Times: user=0.00 sys=0.00, real=0.00 secs] 
246.354: [GC (Allocation Failure) 246.354: [ParNew: 94164K->10240K(153600K), 0.0013489 secs] 95119K->11194K(256000K), 0.0014928 secs] [Times: user=0.01 sys=0.00, real=0.00 secs] 
247.362: [GC (Allocation Failure) 247.362: [ParNew: 104404K->20480K(153600K), 0.0076425 secs] 105359K->21434K(256000K), 0.0077752 secs] [Times: user=0.03 sys=0.01, real=0.01 secs] 
248.383: [GC (Allocation Failure) 248.383: [ParNew: 114644K->30720K(153600K), 0.0153594 secs] 115599K->31674K(256000K), 0.0156668 secs] [Times: user=0.05 sys=0.01, real=0.02 secs] 
250.423: [GC (Allocation Failure) 250.423: [ParNew: 124884K->0K(153600K), 0.0007122 secs] 125839K->954K(256000K), 0.0008193 secs] [Times: user=0.01 sys=0.00, real=0.00 secs] 
251.437: [GC (Allocation Failure) 251.437: [ParNew: 94164K->10240K(153600K), 0.0015395 secs] 95119K->11194K(256000K), 0.0016852 secs] [Times: user=0.01 sys=0.00, real=0.01 secs] 
252.447: [GC (Allocation Failure) 252.447: [ParNew: 104404K->10240K(153600K), 0.0008720 secs] 105359K->11194K(256000K), 0.0009702 secs] [Times: user=0.01 sys=0.00, real=0.00 secs] 
253.458: [GC (Allocation Failure) 253.458: [ParNew: 104404K->10240K(153600K), 0.0034403 secs] 105359K->11194K(256000K), 0.0035960 secs] [Times: user=0.01 sys=0.00, real=0.00 secs] 
254.478: [GC (Allocation Failure) 254.478: [ParNew: 104404K->0K(153600K), 0.0010690 secs] 105359K->954K(256000K), 0.0015959 secs] [Times: user=0.01 sys=0.00, real=0.00 secs] 
255.494: [GC (Allocation Failure) 255.494: [ParNew: 94164K->10240K(153600K), 0.0021368 secs] 95119K->11194K(256000K), 0.0023592 secs] [Times: user=0.00 sys=0.00, real=0.00 secs] 
256.508: [GC (Allocation Failure) 256.508: [ParNew: 104404K->20480K(153600K), 0.0021451 secs] 105359K->21434K(256000K), 0.0023155 secs] [Times: user=0.01 sys=0.00, real=0.00 secs] 
257.524: [GC (Allocation Failure) 257.524: [ParNew: 114644K->30720K(153600K), 0.0067892 secs] 115599K->31674K(256000K), 0.0069981 secs] [Times: user=0.00 sys=0.00, real=0.01 secs] 
259.544: [GC (Allocation Failure) 259.544: [ParNew: 124884K->0K(153600K), 0.0018686 secs] 125839K->954K(256000K), 0.0021874 secs] [Times: user=0.01 sys=0.00, real=0.00 secs] 
260.565: [GC (Allocation Failure) 260.565: [ParNew: 94164K->10240K(153600K), 0.0024395 secs] 95119K->11194K(256000K), 0.0031109 secs] [Times: user=0.01 sys=0.00, real=0.00 secs] 
261.581: [GC (Allocation Failure) 261.581: [ParNew: 104404K->10240K(153600K), 0.0041737 secs] 105359K->11194K(256000K), 0.0043806 secs] [Times: user=0.01 sys=0.01, real=0.00 secs] 
262.601: [GC (Allocation Failure) 262.601: [ParNew: 104404K->10240K(153600K), 0.0020981 secs] 105359K->11194K(256000K), 0.0024029 secs] [Times: user=0.00 sys=0.00, real=0.00 secs] 
263.617: [GC (Allocation Failure) 263.617: [ParNew: 104404K->0K(153600K), 0.0009221 secs] 105359K->954K(256000K), 0.0010510 secs] [Times: user=0.01 sys=0.00, real=0.01 secs] 
264.634: [GC (Allocation Failure) 264.634: [ParNew: 94164K->10240K(153600K), 0.0022017 secs] 95119K->11194K(256000K), 0.0024015 secs] [Times: user=0.01 sys=0.00, real=0.00 secs] 
265.646: [GC (Allocation Failure) 265.646: [ParNew: 104404K->20480K(153600K), 0.0045327 secs] 105359K->21434K(256000K), 0.0047210 secs] [Times: user=0.02 sys=0.00, real=0.01 secs] 
266.664: [GC (Allocation Failure) 266.664: [ParNew: 114644K->30720K(153600K), 0.0081948 secs] 115599K->31674K(256000K), 0.0087505 secs] [Times: user=0.01 sys=0.01, real=0.01 secs] 
268.690: [GC (Allocation Failure) 268.690: [ParNew: 124884K->0K(153600K), 0.0010735 secs] 125839K->954K(256000K), 0.0013505 secs] [Times: user=0.00 sys=0.00, real=0.00 secs] 
269.706: [GC (Allocation Failure) 269.706: [ParNew: 94164K->10240K(153600K), 0.0007179 secs] 95119K->11194K(256000K), 0.0007895 secs] [Times: user=0.01 sys=0.00, real=0.00 secs] 
270.731: [GC (Allocation Failure) 270.731: [ParNew: 104404K->10240K(153600K), 0.0014357 secs] 105359K->11194K(256000K), 0.0015710 secs] [Times: user=0.01 sys=0.00, real=0.00 secs] 
271.746: [GC (Allocation Failure) 271.746: [ParNew: 104404K->10240K(153600K), 0.0009471 secs] 105359K->11194K(256000K), 0.0010537 secs] [Times: user=0.00 sys=0.00, real=0.00 secs] 
272.752: [GC (Allocation Failure) 272.752: [ParNew: 104404K->0K(153600K), 0.0005166 secs] 105359K->954K(256000K), 0.0005988 secs] [Times: user=0.00 sys=0.00, real=0.00 secs] 
273.760: [GC (Allocation Failure) 273.760: [ParNew: 94164K->10240K(153600K), 0.0008106 secs] 95119K->11194K(256000K), 0.0009062 secs] [Times: user=0.01 sys=0.00, real=0.00 secs] 
274.770: [GC (Allocation Failure) 274.770: [ParNew: 104404K->20480K(153600K), 0.0020944 secs] 105359K->21434K(256000K), 0.0023058 secs] [Times: user=0.01 sys=0.00, real=0.00 secs] 
275.788: [GC (Allocation Failure) 275.788: [ParNew: 114644K->30720K(153600K), 0.0062191 secs] 115599K->31674K(256000K), 0.0063834 secs] [Times: user=0.03 sys=0.01, real=0.01 secs] 
277.809: [GC (Allocation Failure) 277.810: [ParNew: 124884K->0K(153600K), 0.0014794 secs] 125839K->954K(256000K), 0.0017628 secs] [Times: user=0.01 sys=0.00, real=0.00 secs] 
278.826: [GC (Allocation Failure) 278.827: [ParNew: 94164K->10240K(153600K), 0.0018351 secs] 95119K->11194K(256000K), 0.0020867 secs] [Times: user=0.00 sys=0.00, real=0.01 secs] 
279.843: [GC (Allocation Failure) 279.843: [ParNew: 104404K->10240K(153600K), 0.0015747 secs] 105359K->11194K(256000K), 0.0018283 secs] [Times: user=0.01 sys=0.00, real=0.00 secs] 
280.860: [GC (Allocation Failure) 280.860: [ParNew: 104404K->10240K(153600K), 0.0015995 secs] 105359K->11194K(256000K), 0.0018533 secs] [Times: user=0.00 sys=0.00, real=0.00 secs] 
281.877: [GC (Allocation Failure) 281.877: [ParNew: 104404K->0K(153600K), 0.0008093 secs] 105359K->954K(256000K), 0.0009421 secs] [Times: user=0.01 sys=0.00, real=0.00 secs] 
282.893: [GC (Allocation Failure) 282.893: [ParNew: 94164K->10240K(153600K), 0.0011769 secs] 95119K->11194K(256000K), 0.0013930 secs] [Times: user=0.01 sys=0.00, real=0.00 secs] 
283.909: [GC (Allocation Failure) 283.910: [ParNew: 104404K->20480K(153600K), 0.0028803 secs] 105359K->21434K(256000K), 0.0030859 secs] [Times: user=0.01 sys=0.01, real=0.00 secs] 
284.928: [GC (Allocation Failure) 284.928: [ParNew: 114644K->30720K(153600K), 0.0036453 secs] 115599K->31674K(256000K), 0.0038239 secs] [Times: user=0.03 sys=0.00, real=0.01 secs] 
286.946: [GC (Allocation Failure) 286.946: [ParNew: 124884K->0K(153600K), 0.0012280 secs] 125839K->954K(256000K), 0.0014782 secs] [Times: user=0.01 sys=0.00, real=0.00 secs] 
287.959: [GC (Allocation Failure) 287.959: [ParNew: 94164K->10240K(153600K), 0.0013787 secs] 95119K->11194K(256000K), 0.0015682 secs] [Times: user=0.00 sys=0.00, real=0.00 secs] 
288.979: [GC (Allocation Failure) 288.979: [ParNew: 104404K->10240K(153600K), 0.0041234 secs] 105359K->11194K(256000K), 0.0042552 secs] [Times: user=0.02 sys=0.01, real=0.00 secs] 
290.003: [GC (Allocation Failure) 290.003: [ParNew: 104404K->0K(153600K), 0.0023209 secs] 105359K->954K(256000K), 0.0024285 secs] [Times: user=0.01 sys=0.00, real=0.00 secs] 
291.033: [GC (Allocation Failure) 291.033: [ParNew: 94164K->0K(153600K), 0.0009134 secs] 95119K->954K(256000K), 0.0010095 secs] [Times: user=0.01 sys=0.00, real=0.00 secs] 
292.060: [GC (Allocation Failure) 292.060: [ParNew: 94179K->0K(153600K), 0.0006169 secs] 95134K->954K(256000K), 0.0006863 secs] [Times: user=0.00 sys=0.00, real=0.00 secs] 
293.086: [GC (Allocation Failure) 293.086: [ParNew: 94174K->0K(153600K), 0.0011048 secs] 95128K->954K(256000K), 0.0012053 secs] [Times: user=0.01 sys=0.01, real=0.00 secs] 
294.107: [GC (Allocation Failure) 294.107: [ParNew: 94170K->0K(153600K), 0.0004640 secs] 95125K->954K(256000K), 0.0005451 secs] [Times: user=0.00 sys=0.00, real=0.00 secs] 
296.132: [GC (Allocation Failure) 296.132: [ParNew: 94168K->0K(153600K), 0.0006600 secs] 95123K->954K(256000K), 0.0007795 secs] [Times: user=0.00 sys=0.00, real=0.00 secs] 
297.154: [GC (Allocation Failure) 297.154: [ParNew: 94167K->0K(153600K), 0.0005533 secs] 95121K->954K(256000K), 0.0006217 secs] [Times: user=0.00 sys=0.00, real=0.00 secs] 
298.174: [GC (Allocation Failure) 298.174: [ParNew: 94166K->0K(153600K), 0.0009152 secs] 95120K->954K(256000K), 0.0010450 secs] [Times: user=0.00 sys=0.00, real=0.00 secs] 
299.199: [GC (Allocation Failure) 299.200: [ParNew: 94165K->0K(153600K), 0.0010845 secs] 95120K->954K(256000K), 0.0011847 secs] [Times: user=0.00 sys=0.00, real=0.00 secs] 
300.220: [GC (Allocation Failure) 300.220: [ParNew: 94165K->0K(153600K), 0.0007302 secs] 95119K->954K(256000K), 0.0008028 secs] [Times: user=0.01 sys=0.00, real=0.00 secs] 
301.237: [GC (Allocation Failure) 301.237: [ParNew: 94164K->0K(153600K), 0.0005684 secs] 95119K->954K(256000K), 0.0006699 secs] [Times: user=0.00 sys=0.00, real=0.00 secs] 
302.258: [GC (Allocation Failure) 302.258: [ParNew: 94164K->0K(153600K), 0.0005293 secs] 95119K->954K(256000K), 0.0006177 secs] [Times: user=0.00 sys=0.00, real=0.01 secs] 
303.278: [GC (Allocation Failure) 303.278: [ParNew: 94164K->0K(153600K), 0.0006880 secs] 95119K->954K(256000K), 0.0007782 secs] [Times: user=0.00 sys=0.00, real=0.01 secs] 
305.309: [GC (Allocation Failure) 305.309: [ParNew: 94164K->0K(153600K), 0.0006343 secs] 95119K->954K(256000K), 0.0007674 secs] [Times: user=0.00 sys=0.00, real=0.00 secs] 
306.334: [GC (Allocation Failure) 306.334: [ParNew: 94164K->0K(153600K), 0.0005136 secs] 95119K->954K(256000K), 0.0006136 secs] [Times: user=0.00 sys=0.00, real=0.00 secs] 
307.363: [GC (Allocation Failure) 307.363: [ParNew: 94164K->0K(153600K), 0.0012907 secs] 95119K->954K(256000K), 0.0014700 secs] [Times: user=0.00 sys=0.00, real=0.00 secs] 
308.391: [GC (Allocation Failure) 308.392: [ParNew: 94164K->0K(153600K), 0.0011877 secs] 95119K->954K(256000K), 0.0013629 secs] [Times: user=0.01 sys=0.00, real=0.00 secs] 
309.419: [GC (Allocation Failure) 309.419: [ParNew: 94164K->0K(153600K), 0.0008335 secs] 95119K->954K(256000K), 0.0009880 secs] [Times: user=0.00 sys=0.00, real=0.00 secs] 
310.440: [GC (Allocation Failure) 310.440: [ParNew: 94164K->0K(153600K), 0.0022798 secs] 95119K->954K(256000K), 0.0024185 secs] [Times: user=0.00 sys=0.00, real=0.00 secs] 
311.465: [GC (Allocation Failure) 311.466: [ParNew: 94164K->0K(153600K), 0.0009282 secs] 95119K->954K(256000K), 0.0010793 secs] [Times: user=0.00 sys=0.01, real=0.00 secs] 
312.487: [GC (Allocation Failure) 312.487: [ParNew: 94164K->0K(153600K), 0.0010456 secs] 95119K->954K(256000K), 0.0011444 secs] [Times: user=0.00 sys=0.00, real=0.00 secs] 
314.518: [GC (Allocation Failure) 314.518: [ParNew: 94164K->0K(153600K), 0.0010942 secs] 95119K->954K(256000K), 0.0012269 secs] [Times: user=0.01 sys=0.00, real=0.01 secs] 
315.537: [GC (Allocation Failure) 315.537: [ParNew: 94164K->0K(153600K), 0.0011925 secs] 95119K->954K(256000K), 0.0013888 secs] [Times: user=0.00 sys=0.00, real=0.00 secs] 
316.564: [GC (Allocation Failure) 316.564: [ParNew: 94164K->0K(153600K), 0.0008901 secs] 95119K->954K(256000K), 0.0009956 secs] [Times: user=0.01 sys=0.00, real=0.00 secs] 
317.580: [GC (Allocation Failure) 317.586: [ParNew: 94164K->0K(153600K), 0.0033093 secs] 95119K->954K(256000K), 0.0090743 secs] [Times: user=0.00 sys=0.00, real=0.01 secs] 
318.615: [GC (Allocation Failure) 318.616: [ParNew: 94164K->0K(153600K), 0.0010240 secs] 95119K->954K(256000K), 0.0011733 secs] [Times: user=0.00 sys=0.00, real=0.00 secs] 
319.644: [GC (Allocation Failure) 319.644: [ParNew: 94164K->0K(153600K), 0.0007987 secs] 95119K->954K(256000K), 0.0009413 secs] [Times: user=0.00 sys=0.00, real=0.00 secs] 
320.667: [GC (Allocation Failure) 320.667: [ParNew: 94164K->0K(153600K), 0.0008282 secs] 95119K->954K(256000K), 0.0009627 secs] [Times: user=0.00 sys=0.00, real=0.00 secs] 
321.693: [GC (Allocation Failure) 321.693: [ParNew: 94164K->0K(153600K), 0.0008276 secs] 95119K->954K(256000K), 0.0009493 secs] [Times: user=0.01 sys=0.00, real=0.00 secs] 
323.713: [GC (Allocation Failure) 323.713: [ParNew: 94164K->0K(153600K), 0.0012960 secs] 95119K->954K(256000K), 0.0015134 secs] [Times: user=0.00 sys=0.00, real=0.00 secs] 
324.737: [GC (Allocation Failure) 324.737: [ParNew: 94164K->0K(153600K), 0.0018332 secs] 95119K->954K(256000K), 0.0020260 secs] [Times: user=0.00 sys=0.00, real=0.01 secs] 
325.765: [GC (Allocation Failure) 325.765: [ParNew: 94164K->0K(153600K), 0.0008032 secs] 95119K->954K(256000K), 0.0009260 secs] [Times: user=0.00 sys=0.00, real=0.00 secs] 
326.786: [GC (Allocation Failure) 326.786: [ParNew: 94164K->0K(153600K), 0.0009133 secs] 95119K->954K(256000K), 0.0009970 secs] [Times: user=0.00 sys=0.00, real=0.00 secs] 
327.806: [GC (Allocation Failure) 327.806: [ParNew: 94164K->0K(153600K), 0.0018572 secs] 95119K->954K(256000K), 0.0020622 secs] [Times: user=0.00 sys=0.00, real=0.00 secs] 
328.828: [GC (Allocation Failure) 328.828: [ParNew: 94164K->0K(153600K), 0.0006612 secs] 95119K->954K(256000K), 0.0007454 secs] [Times: user=0.00 sys=0.00, real=0.00 secs] 
329.851: [GC (Allocation Failure) 329.852: [ParNew: 94164K->0K(153600K), 0.0007261 secs] 95119K->954K(256000K), 0.0008431 secs] [Times: user=0.00 sys=0.00, real=0.00 secs] 
330.870: [GC (Allocation Failure) 330.870: [ParNew: 94164K->0K(153600K), 0.0013143 secs] 95119K->954K(256000K), 0.0014437 secs] [Times: user=0.00 sys=0.00, real=0.00 secs] 
332.885: [GC (Allocation Failure) 332.886: [ParNew: 94164K->0K(153600K), 0.0007459 secs] 95119K->954K(256000K), 0.0008462 secs] [Times: user=0.00 sys=0.00, real=0.00 secs] 
333.906: [GC (Allocation Failure) 333.906: [ParNew: 94164K->0K(153600K), 0.0006628 secs] 95119K->954K(256000K), 0.0007732 secs] [Times: user=0.00 sys=0.00, real=0.00 secs] 
334.928: [GC (Allocation Failure) 334.928: [ParNew: 94164K->0K(153600K), 0.0006198 secs] 95119K->954K(256000K), 0.0007320 secs] [Times: user=0.00 sys=0.00, real=0.00 secs] 
335.954: [GC (Allocation Failure) 335.954: [ParNew: 94164K->0K(153600K), 0.0007623 secs] 95119K->954K(256000K), 0.0008848 secs] [Times: user=0.01 sys=0.00, real=0.00 secs] 
336.980: [GC (Allocation Failure) 336.980: [ParNew: 94164K->0K(153600K), 0.0006582 secs] 95119K->954K(256000K), 0.0007673 secs] [Times: user=0.00 sys=0.00, real=0.00 secs] 
338.005: [GC (Allocation Failure) 338.005: [ParNew: 94164K->0K(153600K), 0.0006900 secs] 95119K->954K(256000K), 0.0008135 secs] [Times: user=0.00 sys=0.00, real=0.00 secs] 
339.025: [GC (Allocation Failure) 339.025: [ParNew: 94164K->0K(153600K), 0.0004397 secs] 95119K->954K(256000K), 0.0005316 secs] [Times: user=0.00 sys=0.00, real=0.00 secs] 
340.043: [GC (Allocation Failure) 340.043: [ParNew: 94164K->0K(153600K), 0.0005347 secs] 95119K->954K(256000K), 0.0006265 secs] [Times: user=0.01 sys=0.00, real=0.00 secs] 
342.068: [GC (Allocation Failure) 342.068: [ParNew: 94164K->0K(153600K), 0.0004347 secs] 95119K->954K(256000K), 0.0005235 secs] [Times: user=0.00 sys=0.00, real=0.00 secs] 
343.085: [GC (Allocation Failure) 343.085: [ParNew: 94164K->0K(153600K), 0.0004715 secs] 95119K->954K(256000K), 0.0005674 secs] [Times: user=0.01 sys=0.00, real=0.00 secs] 
344.105: [GC (Allocation Failure) 344.105: [ParNew: 94164K->0K(153600K), 0.0005587 secs] 95119K->954K(256000K), 0.0006773 secs] [Times: user=0.00 sys=0.00, real=0.00 secs] 
345.125: [GC (Allocation Failure) 345.125: [ParNew: 94164K->0K(153600K), 0.0012502 secs] 95119K->954K(256000K), 0.0013293 secs] [Times: user=0.00 sys=0.01, real=0.00 secs] 
346.142: [GC (Allocation Failure) 346.142: [ParNew: 94164K->0K(153600K), 0.0006265 secs] 95119K->954K(256000K), 0.0007134 secs] [Times: user=0.00 sys=0.00, real=0.00 secs] 
347.166: [GC (Allocation Failure) 347.166: [ParNew: 94164K->0K(153600K), 0.0008296 secs] 95119K->954K(256000K), 0.0009316 secs] [Times: user=0.00 sys=0.00, real=0.00 secs] 
348.187: [GC (Allocation Failure) 348.187: [ParNew: 94164K->0K(153600K), 0.0025841 secs] 95119K->954K(256000K), 0.0026390 secs] [Times: user=0.01 sys=0.00, real=0.01 secs] 
349.227: [GC (Allocation Failure) 349.227: [ParNew: 94164K->0K(153600K), 0.0010688 secs] 95119K->954K(256000K), 0.0014318 secs] [Times: user=0.00 sys=0.00, real=0.00 secs] 
351.273: [GC (Allocation Failure) 351.273: [ParNew: 94164K->0K(153600K), 0.0018776 secs] 95119K->954K(256000K), 0.0021300 secs] [Times: user=0.00 sys=0.01, real=0.00 secs] 
352.304: [GC (Allocation Failure) 352.304: [ParNew: 94164K->0K(153600K), 0.0012918 secs] 95119K->954K(256000K), 0.0014990 secs] [Times: user=0.01 sys=0.00, real=0.00 secs] 
353.325: [GC (Allocation Failure) 353.325: [ParNew: 94164K->0K(153600K), 0.0007724 secs] 95119K->954K(256000K), 0.0009079 secs] [Times: user=0.00 sys=0.00, real=0.00 secs] 
354.351: [GC (Allocation Failure) 354.351: [ParNew: 94164K->0K(153600K), 0.0010623 secs] 95119K->954K(256000K), 0.0012538 secs] [Times: user=0.00 sys=0.00, real=0.00 secs] 
355.379: [GC (Allocation Failure) 355.379: [ParNew: 94164K->0K(153600K), 0.0009882 secs] 95119K->954K(256000K), 0.0015665 secs] [Times: user=0.01 sys=0.00, real=0.01 secs] 
356.406: [GC (Allocation Failure) 356.407: [ParNew: 94164K->0K(153600K), 0.0008631 secs] 95119K->954K(256000K), 0.0010340 secs] [Times: user=0.00 sys=0.00, real=0.00 secs] 
357.428: [GC (Allocation Failure) 357.428: [ParNew: 94164K->0K(153600K), 0.0009046 secs] 95119K->954K(256000K), 0.0010386 secs] [Times: user=0.00 sys=0.00, real=0.00 secs] 
358.452: [GC (Allocation Failure) 358.452: [ParNew: 94164K->0K(153600K), 0.0008372 secs] 95119K->954K(256000K), 0.0009911 secs] [Times: user=0.00 sys=0.00, real=0.00 secs] 
360.477: [GC (Allocation Failure) 360.477: [ParNew: 94164K->0K(153600K), 0.0010786 secs] 95119K->954K(256000K), 0.0013063 secs] [Times: user=0.01 sys=0.00, real=0.00 secs] 
361.501: [GC (Allocation Failure) 361.501: [ParNew: 94164K->0K(153600K), 0.0012408 secs] 95119K->954K(256000K), 0.0014504 secs] [Times: user=0.00 sys=0.00, real=0.00 secs] 
362.528: [GC (Allocation Failure) 362.528: [ParNew: 94164K->0K(153600K), 0.0012817 secs] 95119K->954K(256000K), 0.0014787 secs] [Times: user=0.01 sys=0.00, real=0.01 secs] 
363.554: [GC (Allocation Failure) 363.554: [ParNew: 94164K->0K(153600K), 0.0009631 secs] 95119K->954K(256000K), 0.0011065 secs] [Times: user=0.00 sys=0.00, real=0.00 secs] 
364.575: [GC (Allocation Failure) 364.575: [ParNew: 94164K->0K(153600K), 0.0007841 secs] 95119K->954K(256000K), 0.0012653 secs] [Times: user=0.00 sys=0.01, real=0.00 secs] 
365.598: [GC (Allocation Failure) 365.599: [ParNew: 94164K->0K(153600K), 0.0007700 secs] 95119K->954K(256000K), 0.0009032 secs] [Times: user=0.00 sys=0.00, real=0.01 secs] 
366.624: [GC (Allocation Failure) 366.624: [ParNew: 94164K->0K(153600K), 0.0008638 secs] 95119K->954K(256000K), 0.0009920 secs] [Times: user=0.00 sys=0.00, real=0.00 secs] 
367.649: [GC (Allocation Failure) 367.649: [ParNew: 94164K->0K(153600K), 0.0007963 secs] 95119K->954K(256000K), 0.0009401 secs] [Times: user=0.00 sys=0.00, real=0.01 secs] 
369.679: [GC (Allocation Failure) 369.679: [ParNew: 94164K->0K(153600K), 0.0019852 secs] 95119K->954K(256000K), 0.0022893 secs] [Times: user=0.01 sys=0.00, real=0.01 secs] 
370.707: [GC (Allocation Failure) 370.707: [ParNew: 94164K->0K(153600K), 0.0010425 secs] 95119K->954K(256000K), 0.0017488 secs] [Times: user=0.01 sys=0.00, real=0.00 secs] 
371.725: [GC (Allocation Failure) 371.726: [ParNew: 94164K->0K(153600K), 0.0007937 secs] 95119K->954K(256000K), 0.0009434 secs] [Times: user=0.01 sys=0.01, real=0.00 secs] 
372.752: [GC (Allocation Failure) 372.752: [ParNew: 94164K->0K(153600K), 0.0010552 secs] 95119K->954K(256000K), 0.0012327 secs] [Times: user=0.00 sys=0.00, real=0.00 secs] 
373.780: [GC (Allocation Failure) 373.780: [ParNew: 94164K->0K(153600K), 0.0010309 secs] 95119K->954K(256000K), 0.0012009 secs] [Times: user=0.01 sys=0.00, real=0.00 secs] 
374.806: [GC (Allocation Failure) 374.806: [ParNew: 94164K->0K(153600K), 0.0009912 secs] 95119K->954K(256000K), 0.0011704 secs] [Times: user=0.00 sys=0.00, real=0.00 secs] 
375.834: [GC (Allocation Failure) 375.834: [ParNew: 94164K->0K(153600K), 0.0007813 secs] 95119K->954K(256000K), 0.0009346 secs] [Times: user=0.01 sys=0.00, real=0.00 secs] 
376.857: [GC (Allocation Failure) 376.857: [ParNew: 94164K->0K(153600K), 0.0007538 secs] 95119K->954K(256000K), 0.0008979 secs] [Times: user=0.00 sys=0.00, real=0.00 secs] 
378.884: [GC (Allocation Failure) 378.885: [ParNew: 94164K->0K(153600K), 0.0017047 secs] 95119K->954K(256000K), 0.0019896 secs] [Times: user=0.01 sys=0.00, real=0.00 secs] 
379.915: [GC (Allocation Failure) 379.915: [ParNew: 94164K->0K(153600K), 0.0008490 secs] 95119K->954K(256000K), 0.0009950 secs] [Times: user=0.01 sys=0.00, real=0.00 secs] 
380.938: [GC (Allocation Failure) 380.938: [ParNew: 94164K->0K(153600K), 0.0016739 secs] 95119K->954K(256000K), 0.0018730 secs] [Times: user=0.01 sys=0.00, real=0.01 secs] 
381.961: [GC (Allocation Failure) 381.961: [ParNew: 94164K->0K(153600K), 0.0008995 secs] 95119K->954K(256000K), 0.0010600 secs] [Times: user=0.00 sys=0.00, real=0.00 secs] 
382.984: [GC (Allocation Failure) 382.984: [ParNew: 94164K->0K(153600K), 0.0007130 secs] 95119K->954K(256000K), 0.0008142 secs] [Times: user=0.01 sys=0.00, real=0.00 secs] 
384.009: [GC (Allocation Failure) 384.009: [ParNew: 94164K->0K(153600K), 0.0006673 secs] 95119K->954K(256000K), 0.0007705 secs] [Times: user=0.00 sys=0.00, real=0.01 secs] 
385.031: [GC (Allocation Failure) 385.031: [ParNew: 94164K->0K(153600K), 0.0006029 secs] 95119K->954K(256000K), 0.0007125 secs] [Times: user=0.00 sys=0.00, real=0.00 secs] 
386.053: [GC (Allocation Failure) 386.053: [ParNew: 94164K->0K(153600K), 0.0006898 secs] 95119K->954K(256000K), 0.0011667 secs] [Times: user=0.00 sys=0.00, real=0.00 secs] 
388.078: [GC (Allocation Failure) 388.078: [ParNew: 94164K->0K(153600K), 0.0016128 secs] 95119K->954K(256000K), 0.0018961 secs] [Times: user=0.01 sys=0.00, real=0.01 secs] 
389.104: [GC (Allocation Failure) 389.104: [ParNew: 94164K->0K(153600K), 0.0014626 secs] 95119K->954K(256000K), 0.0016860 secs] [Times: user=0.00 sys=0.00, real=0.00 secs] 
390.145: [GC (Allocation Failure) 390.146: [ParNew: 94164K->0K(153600K), 0.0013490 secs] 95119K->954K(256000K), 0.0015528 secs] [Times: user=0.01 sys=0.00, real=0.00 secs] 
391.174: [GC (Allocation Failure) 391.174: [ParNew: 94164K->0K(153600K), 0.0013896 secs] 95119K->954K(256000K), 0.0016093 secs] [Times: user=0.00 sys=0.00, real=0.00 secs] 
392.200: [GC (Allocation Failure) 392.200: [ParNew: 94164K->0K(153600K), 0.0009928 secs] 95119K->954K(256000K), 0.0011553 secs] [Times: user=0.00 sys=0.00, real=0.00 secs] 
393.224: [GC (Allocation Failure) 393.224: [ParNew: 94164K->0K(153600K), 0.0008280 secs] 95119K->954K(256000K), 0.0010003 secs] [Times: user=0.00 sys=0.00, real=0.00 secs] 
394.248: [GC (Allocation Failure) 394.249: [ParNew: 94164K->0K(153600K), 0.0008131 secs] 95119K->954K(256000K), 0.0017561 secs] [Times: user=0.00 sys=0.00, real=0.00 secs] 
395.273: [GC (Allocation Failure) 395.273: [ParNew: 94164K->0K(153600K), 0.0008123 secs] 95119K->954K(256000K), 0.0009467 secs] [Times: user=0.00 sys=0.00, real=0.00 secs] 
397.296: [GC (Allocation Failure) 397.297: [ParNew: 94164K->0K(153600K), 0.0017267 secs] 95119K->954K(256000K), 0.0025681 secs] [Times: user=0.01 sys=0.00, real=0.00 secs] 
398.317: [GC (Allocation Failure) 398.317: [ParNew: 94164K->0K(153600K), 0.0013312 secs] 95119K->954K(256000K), 0.0015195 secs] [Times: user=0.00 sys=0.00, real=0.00 secs] 
399.346: [GC (Allocation Failure) 399.346: [ParNew: 94164K->0K(153600K), 0.0015664 secs] 95119K->954K(256000K), 0.0017599 secs] [Times: user=0.01 sys=0.00, real=0.00 secs] 
400.373: [GC (Allocation Failure) 400.373: [ParNew: 94164K->0K(153600K), 0.0011105 secs] 95119K->954K(256000K), 0.0012771 secs] [Times: user=0.00 sys=0.00, real=0.00 secs] 
401.396: [GC (Allocation Failure) 401.396: [ParNew: 94164K->0K(153600K), 0.0012405 secs] 95119K->954K(256000K), 0.0014143 secs] [Times: user=0.00 sys=0.00, real=0.00 secs] 
402.421: [GC (Allocation Failure) 402.421: [ParNew: 94164K->0K(153600K), 0.0010166 secs] 95119K->954K(256000K), 0.0011637 secs] [Times: user=0.01 sys=0.00, real=0.00 secs] 
403.443: [GC (Allocation Failure) 403.444: [ParNew: 94164K->0K(153600K), 0.0008365 secs] 95119K->954K(256000K), 0.0010033 secs] [Times: user=0.00 sys=0.00, real=0.00 secs] 
404.469: [GC (Allocation Failure) 404.470: [ParNew: 94164K->0K(153600K), 0.0009362 secs] 95119K->954K(256000K), 0.0015050 secs] [Times: user=0.00 sys=0.00, real=0.01 secs] 
406.500: [GC (Allocation Failure) 406.500: [ParNew: 94164K->0K(153600K), 0.0016141 secs] 95119K->954K(256000K), 0.0018705 secs] [Times: user=0.00 sys=0.00, real=0.01 secs] 
407.528: [GC (Allocation Failure) 407.528: [ParNew: 94164K->0K(153600K), 0.0013761 secs] 95119K->954K(256000K), 0.0015838 secs] [Times: user=0.00 sys=0.00, real=0.01 secs] 
408.559: [GC (Allocation Failure) 408.559: [ParNew: 94164K->0K(153600K), 0.0006919 secs] 95119K->954K(256000K), 0.0008350 secs] [Times: user=0.00 sys=0.00, real=0.01 secs] 
409.583: [GC (Allocation Failure) 409.583: [ParNew: 94164K->0K(153600K), 0.0009306 secs] 95119K->954K(256000K), 0.0011003 secs] [Times: user=0.00 sys=0.00, real=0.00 secs] 
410.603: [GC (Allocation Failure) 410.604: [ParNew: 94164K->0K(153600K), 0.0010078 secs] 95119K->954K(256000K), 0.0015858 secs] [Times: user=0.00 sys=0.00, real=0.00 secs] 
411.629: [GC (Allocation Failure) 411.629: [ParNew: 94164K->0K(153600K), 0.0010135 secs] 95119K->954K(256000K), 0.0011930 secs] [Times: user=0.00 sys=0.00, real=0.01 secs] 
412.657: [GC (Allocation Failure) 412.657: [ParNew: 94164K->0K(153600K), 0.0008715 secs] 95119K->954K(256000K), 0.0010057 secs] [Times: user=0.00 sys=0.00, real=0.00 secs] 
413.684: [GC (Allocation Failure) 413.684: [ParNew: 94164K->0K(153600K), 0.0007970 secs] 95119K->954K(256000K), 0.0009329 secs] [Times: user=0.01 sys=0.00, real=0.00 secs] 
415.695: [GC (Allocation Failure) 415.695: [ParNew: 94164K->0K(153600K), 0.0008220 secs] 95119K->954K(256000K), 0.0009376 secs] [Times: user=0.00 sys=0.00, real=0.00 secs] 
416.715: [GC (Allocation Failure) 416.715: [ParNew: 94164K->0K(153600K), 0.0003457 secs] 95119K->954K(256000K), 0.0004103 secs] [Times: user=0.00 sys=0.00, real=0.00 secs] 
417.733: [GC (Allocation Failure) 417.733: [ParNew: 94164K->0K(153600K), 0.0015951 secs] 95119K->954K(256000K), 0.0017504 secs] [Times: user=0.01 sys=0.00, real=0.00 secs] 
418.761: [GC (Allocation Failure) 418.761: [ParNew: 94164K->0K(153600K), 0.0010671 secs] 95119K->954K(256000K), 0.0016700 secs] [Times: user=0.00 sys=0.00, real=0.00 secs] 
419.790: [GC (Allocation Failure) 419.790: [ParNew: 94164K->0K(153600K), 0.0012807 secs] 95119K->954K(256000K), 0.0014835 secs] [Times: user=0.00 sys=0.00, real=0.00 secs] 
420.822: [GC (Allocation Failure) 420.822: [ParNew: 94164K->0K(153600K), 0.0008850 secs] 95119K->954K(256000K), 0.0010434 secs] [Times: user=0.00 sys=0.00, real=0.00 secs] 
421.845: [GC (Allocation Failure) 421.845: [ParNew: 94164K->0K(153600K), 0.0008300 secs] 95119K->954K(256000K), 0.0009732 secs] [Times: user=0.00 sys=0.00, real=0.00 secs] 
422.868: [GC (Allocation Failure) 422.868: [ParNew: 94164K->0K(153600K), 0.0008875 secs] 95119K->954K(256000K), 0.0010502 secs] [Times: user=0.01 sys=0.00, real=0.00 secs] 
424.892: [GC (Allocation Failure) 424.893: [ParNew: 94164K->0K(153600K), 0.0016965 secs] 95119K->954K(256000K), 0.0030262 secs] [Times: user=0.00 sys=0.00, real=0.00 secs] 
425.920: [GC (Allocation Failure) 425.920: [ParNew: 94164K->0K(153600K), 0.0010265 secs] 95119K->954K(256000K), 0.0011622 secs] [Times: user=0.00 sys=0.00, real=0.01 secs] 
426.942: [GC (Allocation Failure) 426.943: [ParNew: 94164K->0K(153600K), 0.0012903 secs] 95119K->954K(256000K), 0.0014307 secs] [Times: user=0.00 sys=0.00, real=0.00 secs] 
427.963: [GC (Allocation Failure) 427.963: [ParNew: 94164K->0K(153600K), 0.0007443 secs] 95119K->954K(256000K), 0.0008565 secs] [Times: user=0.00 sys=0.00, real=0.00 secs] 
428.983: [GC (Allocation Failure) 428.983: [ParNew: 94164K->0K(153600K), 0.0012798 secs] 95119K->954K(256000K), 0.0014305 secs] [Times: user=0.00 sys=0.00, real=0.00 secs] 
430.006: [GC (Allocation Failure) 430.007: [ParNew: 94164K->0K(153600K), 0.0009737 secs] 95119K->954K(256000K), 0.0011147 secs] [Times: user=0.01 sys=0.01, real=0.00 secs] 
431.032: [GC (Allocation Failure) 431.032: [ParNew: 94164K->0K(153600K), 0.0008095 secs] 95119K->954K(256000K), 0.0013702 secs] [Times: user=0.00 sys=0.00, real=0.00 secs] 
432.050: [GC (Allocation Failure) 432.051: [ParNew: 94164K->0K(153600K), 0.0007894 secs] 95119K->954K(256000K), 0.0009338 secs] [Times: user=0.00 sys=0.00, real=0.00 secs] 
434.078: [GC (Allocation Failure) 434.078: [ParNew: 94164K->0K(153600K), 0.0013210 secs] 95119K->954K(256000K), 0.0015638 secs] [Times: user=0.00 sys=0.00, real=0.00 secs] 
435.101: [GC (Allocation Failure) 435.101: [ParNew: 94164K->0K(153600K), 0.0007628 secs] 95119K->954K(256000K), 0.0009416 secs] [Times: user=0.01 sys=0.00, real=0.00 secs] 
436.130: [GC (Allocation Failure) 436.130: [ParNew: 94164K->0K(153600K), 0.0013511 secs] 95119K->954K(256000K), 0.0015644 secs] [Times: user=0.00 sys=0.00, real=0.00 secs] 
437.157: [GC (Allocation Failure) 437.157: [ParNew: 94164K->0K(153600K), 0.0013855 secs] 95119K->954K(256000K), 0.0016091 secs] [Times: user=0.00 sys=0.00, real=0.00 secs] 
438.175: [GC (Allocation Failure) 438.176: [ParNew: 94164K->0K(153600K), 0.0006094 secs] 95119K->954K(256000K), 0.0007685 secs] [Times: user=0.01 sys=0.01, real=0.00 secs] 
439.193: [GC (Allocation Failure) 439.193: [ParNew: 94164K->0K(153600K), 0.0082275 secs] 95119K->954K(256000K), 0.0083152 secs] [Times: user=0.00 sys=0.00, real=0.01 secs] 
440.218: [GC (Allocation Failure) 440.218: [ParNew: 94164K->0K(153600K), 0.0006297 secs] 95119K->954K(256000K), 0.0007185 secs] [Times: user=0.00 sys=0.00, real=0.00 secs] 
441.237: [GC (Allocation Failure) 441.237: [ParNew: 94164K->0K(153600K), 0.0006338 secs] 95119K->954K(256000K), 0.0007155 secs] [Times: user=0.00 sys=0.00, real=0.00 secs] 
443.275: [GC (Allocation Failure) 443.275: [ParNew: 94164K->0K(153600K), 0.0008524 secs] 95119K->954K(256000K), 0.0009834 secs] [Times: user=0.00 sys=0.00, real=0.00 secs] 
444.295: [GC (Allocation Failure) 444.296: [ParNew: 94164K->0K(153600K), 0.0023429 secs] 95119K->954K(256000K), 0.0029028 secs] [Times: user=0.00 sys=0.00, real=0.00 secs] 
445.320: [GC (Allocation Failure) 445.320: [ParNew: 94164K->0K(153600K), 0.0009496 secs] 95119K->954K(256000K), 0.0010950 secs] [Times: user=0.01 sys=0.01, real=0.00 secs] 
446.341: [GC (Allocation Failure) 446.341: [ParNew: 94164K->0K(153600K), 0.0010956 secs] 95119K->954K(256000K), 0.0012995 secs] [Times: user=0.01 sys=0.00, real=0.00 secs] 
447.368: [GC (Allocation Failure) 447.369: [ParNew: 94164K->0K(153600K), 0.0010003 secs] 95119K->954K(256000K), 0.0012001 secs] [Times: user=0.00 sys=0.00, real=0.00 secs] 
448.394: [GC (Allocation Failure) 448.394: [ParNew: 94164K->0K(153600K), 0.0013667 secs] 95119K->954K(256000K), 0.0015908 secs] [Times: user=0.01 sys=0.00, real=0.00 secs] 
449.423: [GC (Allocation Failure) 449.423: [ParNew: 94164K->0K(153600K), 0.0008398 secs] 95119K->954K(256000K), 0.0010032 secs] [Times: user=0.00 sys=0.00, real=0.00 secs] 
450.449: [GC (Allocation Failure) 450.450: [ParNew: 94164K->0K(153600K), 0.0009105 secs] 95119K->954K(256000K), 0.0010857 secs] [Times: user=0.00 sys=0.00, real=0.01 secs] 
452.472: [GC (Allocation Failure) 452.472: [ParNew: 94164K->0K(153600K), 0.0015998 secs] 95119K->954K(256000K), 0.0024468 secs] [Times: user=0.00 sys=0.00, real=0.00 secs] 
453.501: [GC (Allocation Failure) 453.501: [ParNew: 94164K->0K(153600K), 0.0016840 secs] 95119K->954K(256000K), 0.0019322 secs] [Times: user=0.01 sys=0.01, real=0.00 secs] 
454.528: [GC (Allocation Failure) 454.528: [ParNew: 94164K->0K(153600K), 0.0008841 secs] 95119K->954K(256000K), 0.0009500 secs] [Times: user=0.00 sys=0.00, real=0.00 secs] 
455.555: [GC (Allocation Failure) 455.555: [ParNew: 94164K->0K(153600K), 0.0016967 secs] 95119K->954K(256000K), 0.0019378 secs] [Times: user=0.01 sys=0.00, real=0.00 secs] 
456.581: [GC (Allocation Failure) 456.581: [ParNew: 94164K->0K(153600K), 0.0010688 secs] 95119K->954K(256000K), 0.0012562 secs] [Times: user=0.00 sys=0.00, real=0.00 secs] 
457.607: [GC (Allocation Failure) 457.607: [ParNew: 94164K->0K(153600K), 0.0011462 secs] 95119K->954K(256000K), 0.0013207 secs] [Times: user=0.00 sys=0.00, real=0.00 secs] 
458.623: [GC (Allocation Failure) 458.623: [ParNew: 94164K->0K(153600K), 0.0011170 secs] 95119K->954K(256000K), 0.0012813 secs] [Times: user=0.00 sys=0.00, real=0.00 secs] 
459.638: [GC (Allocation Failure) 459.638: [ParNew: 94164K->0K(153600K), 0.0004045 secs] 95119K->954K(256000K), 0.0004620 secs] [Times: user=0.01 sys=0.00, real=0.00 secs] 
461.667: [GC (Allocation Failure) 461.667: [ParNew: 94164K->0K(153600K), 0.0012367 secs] 95119K->954K(256000K), 0.0014842 secs] [Times: user=0.00 sys=0.00, real=0.00 secs] 
462.688: [GC (Allocation Failure) 462.688: [ParNew: 94164K->0K(153600K), 0.0009852 secs] 95119K->954K(256000K), 0.0011778 secs] [Times: user=0.01 sys=0.00, real=0.00 secs] 
463.709: [GC (Allocation Failure) 463.709: [ParNew: 94164K->0K(153600K), 0.0006923 secs] 95119K->954K(256000K), 0.0008164 secs] [Times: user=0.00 sys=0.00, real=0.00 secs] 
464.725: [GC (Allocation Failure) 464.726: [ParNew: 94164K->0K(153600K), 0.0007140 secs] 95119K->954K(256000K), 0.0010289 secs] [Times: user=0.00 sys=0.00, real=0.00 secs] 
465.742: [GC (Allocation Failure) 465.742: [ParNew: 94164K->0K(153600K), 0.0003875 secs] 95119K->954K(256000K), 0.0004523 secs] [Times: user=0.01 sys=0.00, real=0.00 secs] 
466.763: [GC (Allocation Failure) 466.763: [ParNew: 94164K->0K(153600K), 0.0006927 secs] 95119K->954K(256000K), 0.0007757 secs] [Times: user=0.00 sys=0.00, real=0.00 secs] 
467.783: [GC (Allocation Failure) 467.783: [ParNew: 94164K->0K(153600K), 0.0007870 secs] 95119K->954K(256000K), 0.0009021 secs] [Times: user=0.01 sys=0.00, real=0.00 secs] 
468.808: [GC (Allocation Failure) 468.808: [ParNew: 94164K->0K(153600K), 0.0007386 secs] 95119K->954K(256000K), 0.0008508 secs] [Times: user=0.00 sys=0.00, real=0.00 secs] 
470.830: [GC (Allocation Failure) 470.830: [ParNew: 94164K->0K(153600K), 0.0007861 secs] 95119K->954K(256000K), 0.0008927 secs] [Times: user=0.00 sys=0.00, real=0.01 secs] 
471.850: [GC (Allocation Failure) 471.850: [ParNew: 94164K->0K(153600K), 0.0006286 secs] 95119K->954K(256000K), 0.0007402 secs] [Times: user=0.00 sys=0.00, real=0.01 secs] 
472.873: [GC (Allocation Failure) 472.873: [ParNew: 94164K->0K(153600K), 0.0007715 secs] 95119K->954K(256000K), 0.0008825 secs] [Times: user=0.00 sys=0.00, real=0.00 secs] 
473.898: [GC (Allocation Failure) 473.898: [ParNew: 94164K->0K(153600K), 0.0006452 secs] 95119K->954K(256000K), 0.0007468 secs] [Times: user=0.00 sys=0.00, real=0.00 secs] 
474.925: [GC (Allocation Failure) 474.926: [ParNew: 94164K->0K(153600K), 0.0007849 secs] 95119K->954K(256000K), 0.0016971 secs] [Times: user=0.01 sys=0.00, real=0.00 secs] 
475.954: [GC (Allocation Failure) 475.954: [ParNew: 94164K->0K(153600K), 0.0006790 secs] 95119K->954K(256000K), 0.0007955 secs] [Times: user=0.00 sys=0.00, real=0.00 secs] 
476.975: [GC (Allocation Failure) 476.976: [ParNew: 94164K->0K(153600K), 0.0006370 secs] 95119K->954K(256000K), 0.0007479 secs] [Times: user=0.00 sys=0.00, real=0.00 secs] 
477.999: [GC (Allocation Failure) 477.999: [ParNew: 94164K->0K(153600K), 0.0006855 secs] 95119K->954K(256000K), 0.0007909 secs] [Times: user=0.01 sys=0.00, real=0.00 secs] 
480.030: [GC (Allocation Failure) 480.030: [ParNew: 94164K->0K(153600K), 0.0016545 secs] 95119K->954K(256000K), 0.0019415 secs] [Times: user=0.00 sys=0.00, real=0.01 secs] 
481.057: [GC (Allocation Failure) 481.057: [ParNew: 94164K->0K(153600K), 0.0007366 secs] 95119K->954K(256000K), 0.0008334 secs] [Times: user=0.01 sys=0.00, real=0.00 secs] 
482.081: [GC (Allocation Failure) 482.081: [ParNew: 94164K->0K(153600K), 0.0007895 secs] 95119K->954K(256000K), 0.0009300 secs] [Times: user=0.01 sys=0.00, real=0.00 secs] 
483.106: [GC (Allocation Failure) 483.106: [ParNew: 94164K->0K(153600K), 0.0008681 secs] 95119K->954K(256000K), 0.0009580 secs] [Times: user=0.01 sys=0.00, real=0.00 secs] 
484.122: [GC (Allocation Failure) 484.123: [ParNew: 94164K->0K(153600K), 0.0005507 secs] 95119K->954K(256000K), 0.0018561 secs] [Times: user=0.00 sys=0.00, real=0.00 secs] 
485.139: [GC (Allocation Failure) 485.139: [ParNew: 94164K->0K(153600K), 0.0006383 secs] 95119K->954K(256000K), 0.0007092 secs] [Times: user=0.00 sys=0.00, real=0.00 secs] 
486.156: [GC (Allocation Failure) 486.156: [ParNew: 94164K->0K(153600K), 0.0005608 secs] 95119K->954K(256000K), 0.0006419 secs] [Times: user=0.00 sys=0.00, real=0.00 secs] 
487.182: [GC (Allocation Failure) 487.183: [ParNew: 94164K->0K(153600K), 0.0005945 secs] 95119K->954K(256000K), 0.0006988 secs] [Times: user=0.01 sys=0.00, real=0.00 secs] 
489.215: [GC (Allocation Failure) 489.215: [ParNew: 94164K->0K(153600K), 0.0019711 secs] 95119K->954K(256000K), 0.0022952 secs] [Times: user=0.00 sys=0.00, real=0.00 secs] 
490.239: [GC (Allocation Failure) 490.239: [ParNew: 94164K->0K(153600K), 0.0009225 secs] 95119K->954K(256000K), 0.0010159 secs] [Times: user=0.01 sys=0.00, real=0.00 secs] 
491.260: [GC (Allocation Failure) 491.260: [ParNew: 94164K->0K(153600K), 0.0006867 secs] 95119K->954K(256000K), 0.0008149 secs] [Times: user=0.00 sys=0.00, real=0.01 secs] 
492.279: [GC (Allocation Failure) 492.279: [ParNew: 94164K->0K(153600K), 0.0004814 secs] 95119K->954K(256000K), 0.0005747 secs] [Times: user=0.00 sys=0.00, real=0.00 secs] 
493.297: [GC (Allocation Failure) 493.298: [ParNew: 94164K->0K(153600K), 0.0008675 secs] 95119K->954K(256000K), 0.0009610 secs] [Times: user=0.01 sys=0.00, real=0.00 secs] 
494.317: [GC (Allocation Failure) 494.317: [ParNew: 94164K->0K(153600K), 0.0005373 secs] 95119K->954K(256000K), 0.0006305 secs] [Times: user=0.00 sys=0.00, real=0.00 secs] 
495.342: [GC (Allocation Failure) 495.342: [ParNew: 94164K->0K(153600K), 0.0006503 secs] 95119K->954K(256000K), 0.0007694 secs] [Times: user=0.01 sys=0.00, real=0.00 secs] 
496.366: [GC (Allocation Failure) 496.366: [ParNew: 94164K->0K(153600K), 0.0003705 secs] 95119K->954K(256000K), 0.0004532 secs] [Times: user=0.00 sys=0.00, real=0.00 secs] 
498.383: [GC (Allocation Failure) 498.383: [ParNew: 94164K->0K(153600K), 0.0003688 secs] 95119K->954K(256000K), 0.0004290 secs] [Times: user=0.00 sys=0.00, real=0.00 secs] 
499.397: [GC (Allocation Failure) 499.397: [ParNew: 94164K->0K(153600K), 0.0003989 secs] 95119K->954K(256000K), 0.0004642 secs] [Times: user=0.00 sys=0.00, real=0.00 secs] 
500.410: [GC (Allocation Failure) 500.410: [ParNew: 94164K->0K(153600K), 0.0005895 secs] 95119K->954K(256000K), 0.0006750 secs] [Times: user=0.01 sys=0.00, real=0.01 secs] 
501.422: [GC (Allocation Failure) 501.422: [ParNew: 94164K->0K(153600K), 0.0004030 secs] 95119K->954K(256000K), 0.0004668 secs] [Times: user=0.00 sys=0.00, real=0.00 secs] 
502.434: [GC (Allocation Failure) 502.434: [ParNew: 94164K->0K(153600K), 0.0004127 secs] 95119K->954K(256000K), 0.0004824 secs] [Times: user=0.00 sys=0.00, real=0.00 secs] 
503.444: [GC (Allocation Failure) 503.444: [ParNew: 94164K->0K(153600K), 0.0004398 secs] 95119K->954K(256000K), 0.0005084 secs] [Times: user=0.00 sys=0.00, real=0.00 secs] 
504.460: [GC (Allocation Failure) 504.460: [ParNew: 94164K->0K(153600K), 0.0005896 secs] 95119K->954K(256000K), 0.0006737 secs] [Times: user=0.00 sys=0.00, real=0.00 secs] 
505.472: [GC (Allocation Failure) 505.472: [ParNew: 94164K->0K(153600K), 0.0004227 secs] 95119K->954K(256000K), 0.0004852 secs] [Times: user=0.00 sys=0.00, real=0.00 secs] 
507.495: [GC (Allocation Failure) 507.495: [ParNew: 94164K->0K(153600K), 0.0005191 secs] 95119K->954K(256000K), 0.0005984 secs] [Times: user=0.00 sys=0.00, real=0.00 secs] 
508.510: [GC (Allocation Failure) 508.510: [ParNew: 94164K->0K(153600K), 0.0087574 secs] 95119K->954K(256000K), 0.0088597 secs] [Times: user=0.01 sys=0.00, real=0.01 secs] 
509.535: [GC (Allocation Failure) 509.535: [ParNew: 94164K->0K(153600K), 0.0008309 secs] 95119K->954K(256000K), 0.0009460 secs] [Times: user=0.00 sys=0.00, real=0.00 secs] 
510.559: [GC (Allocation Failure) 510.559: [ParNew: 94164K->0K(153600K), 0.0011777 secs] 95119K->954K(256000K), 0.0012968 secs] [Times: user=0.00 sys=0.01, real=0.00 secs] 
511.587: [GC (Allocation Failure) 511.587: [ParNew: 94164K->0K(153600K), 0.0008858 secs] 95119K->954K(256000K), 0.0010042 secs] [Times: user=0.01 sys=0.00, real=0.00 secs] 
512.611: [GC (Allocation Failure) 512.611: [ParNew: 94164K->0K(153600K), 0.0006045 secs] 95119K->954K(256000K), 0.0007254 secs] [Times: user=0.01 sys=0.00, real=0.00 secs] 
513.634: [GC (Allocation Failure) 513.634: [ParNew: 94164K->0K(153600K), 0.0007573 secs] 95119K->954K(256000K), 0.0012642 secs] [Times: user=0.00 sys=0.00, real=0.00 secs] 
514.661: [GC (Allocation Failure) 514.661: [ParNew: 94164K->0K(153600K), 0.0007825 secs] 95119K->954K(256000K), 0.0008822 secs] [Times: user=0.01 sys=0.00, real=0.00 secs] 
516.687: [GC (Allocation Failure) 516.688: [ParNew: 94164K->0K(153600K), 0.0016530 secs] 95119K->954K(256000K), 0.0050490 secs] [Times: user=0.00 sys=0.01, real=0.01 secs] 
517.716: [GC (Allocation Failure) 517.716: [ParNew: 94164K->0K(153600K), 0.0009964 secs] 95119K->954K(256000K), 0.0011786 secs] [Times: user=0.00 sys=0.00, real=0.00 secs] 
518.743: [GC (Allocation Failure) 518.743: [ParNew: 94164K->0K(153600K), 0.0006913 secs] 95119K->954K(256000K), 0.0007823 secs] [Times: user=0.00 sys=0.00, real=0.00 secs] 
519.761: [GC (Allocation Failure) 519.761: [ParNew: 94164K->0K(153600K), 0.0006143 secs] 95119K->954K(256000K), 0.0007443 secs] [Times: user=0.00 sys=0.00, real=0.00 secs] 
520.784: [GC (Allocation Failure) 520.784: [ParNew: 94164K->0K(153600K), 0.0006446 secs] 95119K->954K(256000K), 0.0007635 secs] [Times: user=0.00 sys=0.00, real=0.00 secs] 
521.809: [GC (Allocation Failure) 521.809: [ParNew: 94164K->0K(153600K), 0.0006955 secs] 95119K->954K(256000K), 0.0008089 secs] [Times: user=0.01 sys=0.00, real=0.00 secs] 
522.832: [GC (Allocation Failure) 522.832: [ParNew: 94164K->0K(153600K), 0.0007053 secs] 95119K->954K(256000K), 0.0008290 secs] [Times: user=0.00 sys=0.00, real=0.00 secs] 
523.857: [GC (Allocation Failure) 523.858: [ParNew: 94164K->0K(153600K), 0.0007285 secs] 95119K->954K(256000K), 0.0008418 secs] [Times: user=0.01 sys=0.00, real=0.00 secs] 
525.888: [GC (Allocation Failure) 525.889: [ParNew: 94164K->0K(153600K), 0.0017709 secs] 95119K->954K(256000K), 0.0020387 secs] [Times: user=0.00 sys=0.01, real=0.00 secs] 
526.917: [GC (Allocation Failure) 526.917: [ParNew: 94164K->0K(153600K), 0.0016987 secs] 95119K->954K(256000K), 0.0019606 secs] [Times: user=0.01 sys=0.00, real=0.00 secs] 
527.940: [GC (Allocation Failure) 527.940: [ParNew: 94164K->0K(153600K), 0.0009069 secs] 95119K->954K(256000K), 0.0010682 secs] [Times: user=0.00 sys=0.00, real=0.00 secs] 
528.966: [GC (Allocation Failure) 528.966: [ParNew: 94164K->0K(153600K), 0.0007107 secs] 95119K->954K(256000K), 0.0008508 secs] [Times: user=0.01 sys=0.00, real=0.00 secs] 
529.990: [GC (Allocation Failure) 529.991: [ParNew: 94164K->0K(153600K), 0.0008961 secs] 95119K->954K(256000K), 0.0010786 secs] [Times: user=0.01 sys=0.00, real=0.01 secs] 
531.016: [GC (Allocation Failure) 531.016: [ParNew: 94164K->0K(153600K), 0.0006736 secs] 95119K->954K(256000K), 0.0007848 secs] [Times: user=0.00 sys=0.00, real=0.00 secs] 
532.035: [GC (Allocation Failure) 532.035: [ParNew: 94164K->0K(153600K), 0.0006943 secs] 95119K->954K(256000K), 0.0008083 secs] [Times: user=0.00 sys=0.00, real=0.00 secs] 
533.060: [GC (Allocation Failure) 533.060: [ParNew: 94164K->0K(153600K), 0.0006606 secs] 95119K->954K(256000K), 0.0007698 secs] [Times: user=0.00 sys=0.00, real=0.00 secs] 
535.093: [GC (Allocation Failure) 535.093: [ParNew: 94164K->0K(153600K), 0.0016056 secs] 95119K->954K(256000K), 0.0019098 secs] [Times: user=0.00 sys=0.00, real=0.00 secs] 
536.123: [GC (Allocation Failure) 536.123: [ParNew: 94164K->0K(153600K), 0.0010185 secs] 95119K->954K(256000K), 0.0011978 secs] [Times: user=0.01 sys=0.00, real=0.00 secs] 
537.152: [GC (Allocation Failure) 537.153: [ParNew: 94164K->0K(153600K), 0.0008863 secs] 95119K->954K(256000K), 0.0010565 secs] [Times: user=0.00 sys=0.00, real=0.00 secs] 
538.180: [GC (Allocation Failure) 538.180: [ParNew: 94164K->0K(153600K), 0.0007066 secs] 95119K->954K(256000K), 0.0008475 secs] [Times: user=0.01 sys=0.00, real=0.00 secs] 
539.208: [GC (Allocation Failure) 539.208: [ParNew: 94164K->0K(153600K), 0.0007137 secs] 95119K->954K(256000K), 0.0008489 secs] [Times: user=0.00 sys=0.00, real=0.00 secs] 
540.236: [GC (Allocation Failure) 540.236: [ParNew: 94164K->0K(153600K), 0.0007145 secs] 95119K->954K(256000K), 0.0008148 secs] [Times: user=0.01 sys=0.00, real=0.00 secs] 
541.257: [GC (Allocation Failure) 541.257: [ParNew: 94164K->0K(153600K), 0.0006823 secs] 95119K->954K(256000K), 0.0007905 secs] [Times: user=0.00 sys=0.00, real=0.00 secs] 
542.282: [GC (Allocation Failure) 542.282: [ParNew: 94164K->0K(153600K), 0.0006124 secs] 95119K->954K(256000K), 0.0007302 secs] [Times: user=0.00 sys=0.00, real=0.00 secs] 
544.314: [GC (Allocation Failure) 544.314: [ParNew: 94164K->0K(153600K), 0.0016067 secs] 95119K->954K(256000K), 0.0019064 secs] [Times: user=0.01 sys=0.00, real=0.00 secs] 
545.342: [GC (Allocation Failure) 545.342: [ParNew: 94164K->0K(153600K), 0.0007104 secs] 95119K->954K(256000K), 0.0008599 secs] [Times: user=0.00 sys=0.00, real=0.00 secs] 
546.369: [GC (Allocation Failure) 546.370: [ParNew: 94164K->0K(153600K), 0.0010370 secs] 95119K->954K(256000K), 0.0021207 secs] [Times: user=0.00 sys=0.00, real=0.00 secs] 
547.398: [GC (Allocation Failure) 547.398: [ParNew: 94164K->0K(153600K), 0.0009619 secs] 95119K->954K(256000K), 0.0011108 secs] [Times: user=0.00 sys=0.00, real=0.00 secs] 
548.428: [GC (Allocation Failure) 548.428: [ParNew: 94164K->0K(153600K), 0.0006471 secs] 95119K->954K(256000K), 0.0007511 secs] [Times: user=0.00 sys=0.00, real=0.00 secs] 
549.455: [GC (Allocation Failure) 549.455: [ParNew: 94164K->0K(153600K), 0.0006795 secs] 95119K->954K(256000K), 0.0008016 secs] [Times: user=0.00 sys=0.00, real=0.00 secs] 
550.477: [GC (Allocation Failure) 550.477: [ParNew: 94164K->0K(153600K), 0.0007084 secs] 95119K->954K(256000K), 0.0008365 secs] [Times: user=0.00 sys=0.00, real=0.00 secs] 
551.503: [GC (Allocation Failure) 551.503: [ParNew: 94164K->0K(153600K), 0.0006450 secs] 95119K->954K(256000K), 0.0007471 secs] [Times: user=0.01 sys=0.00, real=0.00 secs] 
553.532: [GC (Allocation Failure) 553.532: [ParNew: 94164K->0K(153600K), 0.0015766 secs] 95119K->954K(256000K), 0.0018295 secs] [Times: user=0.00 sys=0.00, real=0.00 secs] 
554.554: [GC (Allocation Failure) 554.554: [ParNew: 94164K->0K(153600K), 0.0004458 secs] 95119K->954K(256000K), 0.0005294 secs] [Times: user=0.00 sys=0.00, real=0.00 secs] 
555.572: [GC (Allocation Failure) 555.572: [ParNew: 94164K->0K(153600K), 0.0005795 secs] 95119K->954K(256000K), 0.0006887 secs] [Times: user=0.00 sys=0.00, real=0.00 secs] 
556.597: [GC (Allocation Failure) 556.597: [ParNew: 94164K->0K(153600K), 0.0006768 secs] 95119K->954K(256000K), 0.0008077 secs] [Times: user=0.01 sys=0.00, real=0.00 secs] 
557.616: [GC (Allocation Failure) 557.616: [ParNew: 94164K->0K(153600K), 0.0005275 secs] 95119K->954K(256000K), 0.0006002 secs] [Times: user=0.00 sys=0.00, real=0.00 secs] 
558.634: [GC (Allocation Failure) 558.634: [ParNew: 94164K->0K(153600K), 0.0010592 secs] 95119K->954K(256000K), 0.0011703 secs] [Times: user=0.01 sys=0.00, real=0.00 secs] 
559.655: [GC (Allocation Failure) 559.655: [ParNew: 94164K->0K(153600K), 0.0005319 secs] 95119K->954K(256000K), 0.0006203 secs] [Times: user=0.00 sys=0.00, real=0.00 secs] 
560.669: [GC (Allocation Failure) 560.670: [ParNew: 94164K->0K(153600K), 0.0004782 secs] 95119K->954K(256000K), 0.0005655 secs] [Times: user=0.00 sys=0.00, real=0.00 secs] 
562.693: [GC (Allocation Failure) 562.694: [ParNew: 94164K->0K(153600K), 0.0008512 secs] 95119K->954K(256000K), 0.0009625 secs] [Times: user=0.00 sys=0.00, real=0.00 secs] 
563.718: [GC (Allocation Failure) 563.718: [ParNew: 94164K->0K(153600K), 0.0007075 secs] 95119K->954K(256000K), 0.0008406 secs] [Times: user=0.00 sys=0.00, real=0.00 secs] 
564.739: [GC (Allocation Failure) 564.739: [ParNew: 94164K->0K(153600K), 0.0005703 secs] 95119K->954K(256000K), 0.0006790 secs] [Times: user=0.00 sys=0.00, real=0.00 secs] 
565.761: [GC (Allocation Failure) 565.761: [ParNew: 94164K->0K(153600K), 0.0005669 secs] 95119K->954K(256000K), 0.0006503 secs] [Times: user=0.00 sys=0.00, real=0.01 secs] 
566.781: [GC (Allocation Failure) 566.781: [ParNew: 94164K->0K(153600K), 0.0004271 secs] 95119K->954K(256000K), 0.0005181 secs] [Times: user=0.00 sys=0.00, real=0.01 secs] 
567.800: [GC (Allocation Failure) 567.801: [ParNew: 94164K->0K(153600K), 0.0008138 secs] 95119K->954K(256000K), 0.0013025 secs] [Times: user=0.01 sys=0.00, real=0.01 secs] 
568.820: [GC (Allocation Failure) 568.820: [ParNew: 94164K->0K(153600K), 0.0004699 secs] 95119K->954K(256000K), 0.0005501 secs] [Times: user=0.00 sys=0.00, real=0.00 secs] 
569.832: [GC (Allocation Failure) 569.832: [ParNew: 94164K->0K(153600K), 0.0005533 secs] 95119K->954K(256000K), 0.0006188 secs] [Times: user=0.01 sys=0.00, real=0.00 secs] 
571.859: [GC (Allocation Failure) 571.859: [ParNew: 94164K->0K(153600K), 0.0009204 secs] 95119K->954K(256000K), 0.0010167 secs] [Times: user=0.00 sys=0.00, real=0.00 secs] 
572.883: [GC (Allocation Failure) 572.883: [ParNew: 94164K->0K(153600K), 0.0006118 secs] 95119K->954K(256000K), 0.0007160 secs] [Times: user=0.00 sys=0.00, real=0.00 secs] 
573.908: [GC (Allocation Failure) 573.908: [ParNew: 94164K->0K(153600K), 0.0007481 secs] 95119K->954K(256000K), 0.0008553 secs] [Times: user=0.00 sys=0.00, real=0.00 secs] 
574.929: [GC (Allocation Failure) 574.930: [ParNew: 94164K->0K(153600K), 0.0005255 secs] 95119K->954K(256000K), 0.0006078 secs] [Times: user=0.00 sys=0.00, real=0.00 secs] 
575.952: [GC (Allocation Failure) 575.952: [ParNew: 94164K->0K(153600K), 0.0009333 secs] 95119K->954K(256000K), 0.0014322 secs] [Times: user=0.00 sys=0.00, real=0.01 secs] 
576.980: [GC (Allocation Failure) 576.980: [ParNew: 94164K->0K(153600K), 0.0006142 secs] 95119K->954K(256000K), 0.0007280 secs] [Times: user=0.01 sys=0.00, real=0.00 secs] 
578.002: [GC (Allocation Failure) 578.003: [ParNew: 94164K->0K(153600K), 0.0006317 secs] 95119K->954K(256000K), 0.0007450 secs] [Times: user=0.00 sys=0.00, real=0.00 secs] 
579.020: [GC (Allocation Failure) 579.020: [ParNew: 94164K->0K(153600K), 0.0005227 secs] 95119K->954K(256000K), 0.0006073 secs] [Times: user=0.01 sys=0.00, real=0.00 secs] 
581.046: [GC (Allocation Failure) 581.046: [ParNew: 94164K->0K(153600K), 0.0008971 secs] 95119K->954K(256000K), 0.0010299 secs] [Times: user=0.00 sys=0.00, real=0.00 secs] 
582.065: [GC (Allocation Failure) 582.065: [ParNew: 94164K->0K(153600K), 0.0004494 secs] 95119K->954K(256000K), 0.0005167 secs] [Times: user=0.00 sys=0.00, real=0.00 secs] 
583.084: [GC (Allocation Failure) 583.084: [ParNew: 94164K->0K(153600K), 0.0008710 secs] 95119K->954K(256000K), 0.0010062 secs] [Times: user=0.00 sys=0.00, real=0.00 secs] 
584.109: [GC (Allocation Failure) 584.109: [ParNew: 94164K->0K(153600K), 0.0007936 secs] 95119K->954K(256000K), 0.0009161 secs] [Times: user=0.01 sys=0.00, real=0.00 secs] 
585.135: [GC (Allocation Failure) 585.135: [ParNew: 94164K->0K(153600K), 0.0008735 secs] 95119K->954K(256000K), 0.0009914 secs] [Times: user=0.00 sys=0.00, real=0.00 secs] 
586.160: [GC (Allocation Failure) 586.160: [ParNew: 94164K->0K(153600K), 0.0006439 secs] 95119K->954K(256000K), 0.0007405 secs] [Times: user=0.00 sys=0.00, real=0.00 secs] 
587.185: [GC (Allocation Failure) 587.186: [ParNew: 94164K->0K(153600K), 0.0007675 secs] 95119K->954K(256000K), 0.0012562 secs] [Times: user=0.00 sys=0.00, real=0.00 secs] 
588.206: [GC (Allocation Failure) 588.206: [ParNew: 94164K->0K(153600K), 0.0005507 secs] 95119K->954K(256000K), 0.0006537 secs] [Times: user=0.01 sys=0.00, real=0.00 secs] 
590.230: [GC (Allocation Failure) 590.230: [ParNew: 94164K->0K(153600K), 0.0012944 secs] 95119K->954K(256000K), 0.0015595 secs] [Times: user=0.01 sys=0.00, real=0.01 secs] 
591.255: [GC (Allocation Failure) 591.255: [ParNew: 94164K->0K(153600K), 0.0006125 secs] 95119K->954K(256000K), 0.0007025 secs] [Times: user=0.00 sys=0.00, real=0.00 secs] 
592.275: [GC (Allocation Failure) 592.275: [ParNew: 94164K->0K(153600K), 0.0006930 secs] 95119K->954K(256000K), 0.0007885 secs] [Times: user=0.01 sys=0.00, real=0.00 secs] 
593.298: [GC (Allocation Failure) 593.298: [ParNew: 94164K->0K(153600K), 0.0010635 secs] 95119K->954K(256000K), 0.0012721 secs] [Times: user=0.01 sys=0.00, real=0.00 secs] 
594.325: [GC (Allocation Failure) 594.325: [ParNew: 94164K->0K(153600K), 0.0007750 secs] 95119K->954K(256000K), 0.0010205 secs] [Times: user=0.00 sys=0.00, real=0.00 secs] 
595.346: [GC (Allocation Failure) 595.346: [ParNew: 94164K->0K(153600K), 0.0006340 secs] 95119K->954K(256000K), 0.0007481 secs] [Times: user=0.01 sys=0.00, real=0.00 secs] 
596.368: [GC (Allocation Failure) 596.368: [ParNew: 94164K->0K(153600K), 0.0006281 secs] 95119K->954K(256000K), 0.0007344 secs] [Times: user=0.01 sys=0.00, real=0.00 secs] 
597.387: [GC (Allocation Failure) 597.387: [ParNew: 94164K->0K(153600K), 0.0017654 secs] 95119K->954K(256000K), 0.0019153 secs] [Times: user=0.00 sys=0.00, real=0.00 secs] 
599.416: [GC (Allocation Failure) 599.416: [ParNew: 94164K->0K(153600K), 0.0006282 secs] 95119K->954K(256000K), 0.0007348 secs] [Times: user=0.00 sys=0.00, real=0.00 secs] 
600.435: [GC (Allocation Failure) 600.436: [ParNew: 94164K->0K(153600K), 0.0005297 secs] 95119K->954K(256000K), 0.0008917 secs] [Times: user=0.00 sys=0.00, real=0.00 secs] 
601.455: [GC (Allocation Failure) 601.455: [ParNew: 94164K->0K(153600K), 0.0005645 secs] 95119K->954K(256000K), 0.0006825 secs] [Times: user=0.00 sys=0.00, real=0.00 secs] 
Heap
 par new generation   total 153600K, used 66516K [0x00000007ad400000, 0x00000007b9c00000, 0x00000007b9c00000)
  eden space 102400K,  64% used [0x00000007ad400000, 0x00000007b14f5228, 0x00000007b3800000)
  from space 51200K,   0% used [0x00000007b6a00000, 0x00000007b6a00000, 0x00000007b9c00000)
  to   space 51200K,   0% used [0x00000007b3800000, 0x00000007b3800000, 0x00000007b6a00000)
 concurrent mark-sweep generation total 102400K, used 954K [0x00000007b9c00000, 0x00000007c0000000, 0x00000007c0000000)
 Metaspace       used 3718K, capacity 4536K, committed 4864K, reserved 1056768K
  class space    used 415K, capacity 428K, committed 512K, reserved 1048576K
