Java HotSpot(TM) 64-Bit Server VM (25.291-b10) for bsd-amd64 JRE (1.8.0_291-b10), built on Apr  8 2021 02:17:24 by "java_re" with gcc 4.2.1 Compatible Apple LLVM 11.0.0 (clang-1100.0.33.17)
Memory: 4k page, physical 16777216k(91840k free)

/proc/meminfo:

CommandLine flags: -XX:+HeapDumpOnOutOfMemoryError -XX:HeapDumpPath=/Users/shanjian/IdeaProjects/study/springboot-demo/src/main/java/com/janson/jvm/oom/ -XX:InitialHeapSize=10485760 -XX:MaxHeapSize=10485760 -XX:MaxNewSize=3497984 -XX:MaxTenuringThreshold=6 -XX:NewSize=3497984 -XX:OldPLABSize=16 -XX:OldSize=6987776 -XX:+PrintGC -XX:+PrintGCDetails -XX:+PrintGCTimeStamps -XX:+UseCompressedClassPointers -XX:+UseCompressedOops -XX:+UseConcMarkSweepGC -XX:+UseParNewGC 
0.219: [GC (Allocation Failure) 0.219: [ParNew: 2752K->320K(3072K), 0.0037992 secs] 2752K->744K(9920K), 0.0040176 secs] [Times: user=0.01 sys=0.00, real=0.00 secs] 
0.346: [GC (Allocation Failure) 0.346: [ParNew: 3072K->318K(3072K), 0.0025305 secs] 3496K->1164K(9920K), 0.0025796 secs] [Times: user=0.01 sys=0.00, real=0.01 secs] 
0.374: [GC (Allocation Failure) 0.374: [ParNew: 3070K->320K(3072K), 0.0019035 secs] 3916K->1337K(9920K), 0.0020470 secs] [Times: user=0.01 sys=0.00, real=0.00 secs] 
0.404: [GC (Allocation Failure) 0.404: [ParNew: 3072K->320K(3072K), 0.0013962 secs] 4089K->1652K(9920K), 0.0014596 secs] [Times: user=0.01 sys=0.01, real=0.00 secs] 
0.433: [GC (Allocation Failure) 0.433: [ParNew: 3072K->227K(3072K), 0.0013444 secs] 4404K->1940K(9920K), 0.0013872 secs] [Times: user=0.00 sys=0.01, real=0.00 secs] 
0.462: [GC (Allocation Failure) 0.462: [ParNew: 2979K->318K(3072K), 0.0015198 secs] 4692K->2461K(9920K), 0.0015748 secs] [Times: user=0.00 sys=0.01, real=0.00 secs] 
0.492: [GC (Allocation Failure) 0.492: [ParNew: 3070K->206K(3072K), 0.0016289 secs] 5213K->2687K(9920K), 0.0017048 secs] [Times: user=0.00 sys=0.01, real=0.00 secs] 
0.520: [GC (Allocation Failure) 0.520: [ParNew: 2958K->183K(3072K), 0.0030613 secs] 5439K->3339K(9920K), 0.0032408 secs] [Times: user=0.00 sys=0.01, real=0.00 secs] 
0.546: [GC (Allocation Failure) 0.546: [ParNew: 2935K->320K(3072K), 0.0022401 secs] 6091K->3508K(9920K), 0.0022888 secs] [Times: user=0.02 sys=0.00, real=0.01 secs] 
0.567: [GC (Allocation Failure) 0.567: [ParNew: 3072K->320K(3072K), 0.0069132 secs] 6260K->3730K(9920K), 0.0069695 secs] [Times: user=0.04 sys=0.00, real=0.01 secs] 
0.593: [GC (Allocation Failure) 0.593: [ParNew: 3072K->266K(3072K), 0.0042363 secs] 6482K->4156K(9920K), 0.0042990 secs] [Times: user=0.04 sys=0.00, real=0.01 secs] 
0.598: [GC (CMS Initial Mark) [1 CMS-initial-mark: 3890K(6848K)] 4211K(9920K), 0.0002420 secs] [Times: user=0.00 sys=0.00, real=0.00 secs] 
0.598: [CMS-concurrent-mark-start]
0.607: [CMS-concurrent-mark: 0.009/0.009 secs] [Times: user=0.02 sys=0.00, real=0.01 secs] 
0.607: [CMS-concurrent-preclean-start]
0.607: [CMS-concurrent-preclean: 0.000/0.000 secs] [Times: user=0.00 sys=0.00, real=0.00 secs] 
0.608: [GC (CMS Final Remark) [YG occupancy: 1716 K (3072 K)]0.608: [Rescan (parallel) , 0.0010795 secs]0.609: [weak refs processing, 0.0000329 secs]0.609: [class unloading, 0.0002947 secs]0.609: [scrub symbol table, 0.0002007 secs]0.609: [scrub string table, 0.0000710 secs][1 CMS-remark: 3890K(6848K)] 5607K(9920K), 0.0019393 secs] [Times: user=0.01 sys=0.00, real=0.00 secs] 
0.611: [CMS-concurrent-sweep-start]
0.612: [CMS-concurrent-sweep: 0.001/0.001 secs] [Times: user=0.00 sys=0.00, real=0.00 secs] 
0.612: [CMS-concurrent-reset-start]
0.612: [CMS-concurrent-reset: 0.000/0.000 secs] [Times: user=0.00 sys=0.00, real=0.00 secs] 
0.623: [GC (Allocation Failure) 0.623: [ParNew: 3018K->230K(3072K), 0.0021703 secs] 6389K->4485K(9920K), 0.0022450 secs] [Times: user=0.01 sys=0.01, real=0.00 secs] 
0.647: [GC (Allocation Failure) 0.647: [ParNew: 2982K->320K(3072K), 0.0040594 secs] 7237K->4594K(9920K), 0.0041560 secs] [Times: user=0.03 sys=0.00, real=0.01 secs] 
0.671: [GC (Allocation Failure) 0.671: [ParNew: 3072K->320K(3072K), 0.0030585 secs] 7346K->4855K(9920K), 0.0031167 secs] [Times: user=0.02 sys=0.00, real=0.00 secs] 
0.695: [GC (Allocation Failure) 0.695: [ParNew: 3072K->208K(3072K), 0.0037693 secs] 7607K->5178K(9920K), 0.0038213 secs] [Times: user=0.02 sys=0.01, real=0.01 secs] 
0.723: [GC (Allocation Failure) 0.723: [ParNew: 2960K->173K(3072K), 0.0021253 secs] 7929K->5400K(9920K), 0.0021839 secs] [Times: user=0.01 sys=0.00, real=0.00 secs] 
0.741: [GC (Allocation Failure) 0.741: [ParNew: 2925K->178K(3072K), 0.0028276 secs] 8152K->6601K(9920K), 0.0028660 secs] [Times: user=0.02 sys=0.00, real=0.00 secs] 
0.744: [GC (CMS Initial Mark) [1 CMS-initial-mark: 6423K(6848K)] 6656K(9920K), 0.0001430 secs] [Times: user=0.00 sys=0.00, real=0.00 secs] 
0.744: [CMS-concurrent-mark-start]
0.751: [CMS-concurrent-mark: 0.006/0.006 secs] [Times: user=0.02 sys=0.00, real=0.01 secs] 
0.751: [CMS-concurrent-preclean-start]
0.751: [CMS-concurrent-preclean: 0.000/0.000 secs] [Times: user=0.00 sys=0.00, real=0.00 secs] 
0.751: [GC (CMS Final Remark) [YG occupancy: 673 K (3072 K)]0.751: [Rescan (parallel) , 0.0004419 secs]0.752: [weak refs processing, 0.0000095 secs]0.752: [class unloading, 0.0004712 secs]0.752: [scrub symbol table, 0.0002738 secs]0.753: [scrub string table, 0.0000866 secs][1 CMS-remark: 6423K(6848K)] 7096K(9920K), 0.0013981 secs] [Times: user=0.00 sys=0.00, real=0.00 secs] 
0.753: [CMS-concurrent-sweep-start]
0.754: [CMS-concurrent-sweep: 0.002/0.002 secs] [Times: user=0.00 sys=0.00, real=0.00 secs] 
0.754: [CMS-concurrent-reset-start]
0.754: [CMS-concurrent-reset: 0.000/0.000 secs] [Times: user=0.00 sys=0.00, real=0.00 secs] 
0.770: [GC (Allocation Failure) 0.770: [ParNew: 2930K->320K(3072K), 0.0022798 secs] 8152K->5542K(9920K), 0.0023188 secs] [Times: user=0.02 sys=0.00, real=0.00 secs] 
0.773: [GC (CMS Initial Mark) [1 CMS-initial-mark: 5222K(6848K)] 5542K(9920K), 0.0001670 secs] [Times: user=0.00 sys=0.00, real=0.00 secs] 
0.773: [CMS-concurrent-mark-start]
0.779: [CMS-concurrent-mark: 0.006/0.006 secs] [Times: user=0.01 sys=0.00, real=0.01 secs] 
0.779: [CMS-concurrent-preclean-start]
0.779: [CMS-concurrent-preclean: 0.000/0.000 secs] [Times: user=0.00 sys=0.00, real=0.00 secs] 
0.780: [GC (CMS Final Remark) [YG occupancy: 757 K (3072 K)]0.780: [Rescan (parallel) , 0.0007997 secs]0.781: [weak refs processing, 0.0000088 secs]0.781: [class unloading, 0.0002340 secs]0.781: [scrub symbol table, 0.0001890 secs]0.781: [scrub string table, 0.0000714 secs][1 CMS-remark: 5222K(6848K)] 5979K(9920K), 0.0013827 secs] [Times: user=0.01 sys=0.00, real=0.00 secs] 
0.781: [CMS-concurrent-sweep-start]
0.783: [CMS-concurrent-sweep: 0.001/0.001 secs] [Times: user=0.00 sys=0.00, real=0.00 secs] 
0.783: [CMS-concurrent-reset-start]
0.783: [CMS-concurrent-reset: 0.000/0.000 secs] [Times: user=0.00 sys=0.00, real=0.00 secs] 
0.799: [GC (Allocation Failure) 0.799: [ParNew: 3072K->213K(3072K), 0.0055704 secs] 8293K->5857K(9920K), 0.0056264 secs] [Times: user=0.03 sys=0.00, real=0.00 secs] 
0.805: [GC (CMS Initial Mark) [1 CMS-initial-mark: 5644K(6848K)] 5857K(9920K), 0.0001705 secs] [Times: user=0.00 sys=0.00, real=0.00 secs] 
0.805: [CMS-concurrent-mark-start]
0.815: [CMS-concurrent-mark: 0.009/0.009 secs] [Times: user=0.02 sys=0.00, real=0.01 secs] 
0.815: [CMS-concurrent-preclean-start]
0.815: [CMS-concurrent-preclean: 0.000/0.000 secs] [Times: user=0.00 sys=0.00, real=0.00 secs] 
0.815: [GC (CMS Final Remark) [YG occupancy: 1309 K (3072 K)]0.815: [Rescan (parallel) , 0.0004469 secs]0.815: [weak refs processing, 0.0000074 secs]0.815: [class unloading, 0.0002588 secs]0.816: [scrub symbol table, 0.0001956 secs]0.816: [scrub string table, 0.0000672 secs][1 CMS-remark: 5644K(6848K)] 6953K(9920K), 0.0010170 secs] [Times: user=0.00 sys=0.00, real=0.00 secs] 
0.816: [CMS-concurrent-sweep-start]
0.818: [CMS-concurrent-sweep: 0.002/0.002 secs] [Times: user=0.00 sys=0.00, real=0.01 secs] 
0.818: [CMS-concurrent-reset-start]
0.818: [CMS-concurrent-reset: 0.000/0.000 secs] [Times: user=0.00 sys=0.00, real=0.00 secs] 
0.828: [GC (Allocation Failure) 0.828: [ParNew: 2965K->213K(3072K), 0.0026207 secs] 8609K->6116K(9920K), 0.0026638 secs] [Times: user=0.01 sys=0.00, real=0.00 secs] 
0.831: [GC (CMS Initial Mark) [1 CMS-initial-mark: 5902K(6848K)] 6116K(9920K), 0.0002327 secs] [Times: user=0.00 sys=0.00, real=0.00 secs] 
0.831: [CMS-concurrent-mark-start]
0.843: [CMS-concurrent-mark: 0.012/0.012 secs] [Times: user=0.03 sys=0.01, real=0.01 secs] 
0.843: [CMS-concurrent-preclean-start]
0.843: [CMS-concurrent-preclean: 0.000/0.000 secs] [Times: user=0.00 sys=0.00, real=0.00 secs] 
0.844: [GC (CMS Final Remark) [YG occupancy: 1146 K (3072 K)]0.844: [Rescan (parallel) , 0.0004453 secs]0.844: [weak refs processing, 0.0000066 secs]0.844: [class unloading, 0.0002451 secs]0.844: [scrub symbol table, 0.0001892 secs]0.845: [scrub string table, 0.0000727 secs][1 CMS-remark: 5902K(6848K)] 7049K(9920K), 0.0010002 secs] [Times: user=0.00 sys=0.00, real=0.00 secs] 
0.845: [CMS-concurrent-sweep-start]
0.846: [CMS-concurrent-sweep: 0.002/0.002 secs] [Times: user=0.01 sys=0.00, real=0.00 secs] 
0.846: [CMS-concurrent-reset-start]
0.846: [CMS-concurrent-reset: 0.000/0.000 secs] [Times: user=0.00 sys=0.00, real=0.00 secs] 
0.859: [GC (Allocation Failure) 0.859: [ParNew: 2965K->198K(3072K), 0.0036599 secs] 8868K->6358K(9920K), 0.0036992 secs] [Times: user=0.02 sys=0.00, real=0.00 secs] 
0.863: [GC (CMS Initial Mark) [1 CMS-initial-mark: 6160K(6848K)] 6413K(9920K), 0.0001404 secs] [Times: user=0.00 sys=0.00, real=0.00 secs] 
0.864: [CMS-concurrent-mark-start]
0.880: [CMS-concurrent-mark: 0.016/0.016 secs] [Times: user=0.04 sys=0.00, real=0.02 secs] 
0.880: [CMS-concurrent-preclean-start]
0.880: [CMS-concurrent-preclean: 0.000/0.000 secs] [Times: user=0.00 sys=0.00, real=0.00 secs] 
0.880: [GC (CMS Final Remark) [YG occupancy: 1901 K (3072 K)]0.880: [Rescan (parallel) , 0.0006160 secs]0.881: [weak refs processing, 0.0000063 secs]0.881: [class unloading, 0.0002345 secs]0.881: [scrub symbol table, 0.0001882 secs]0.881: [scrub string table, 0.0000701 secs][1 CMS-remark: 6160K(6848K)] 8061K(9920K), 0.0011609 secs] [Times: user=0.01 sys=0.00, real=0.00 secs] 
0.881: [CMS-concurrent-sweep-start]
0.883: [CMS-concurrent-sweep: 0.002/0.002 secs] [Times: user=0.00 sys=0.00, real=0.00 secs] 
0.883: [CMS-concurrent-reset-start]
0.883: [CMS-concurrent-reset: 0.000/0.000 secs] [Times: user=0.00 sys=0.00, real=0.00 secs] 
0.896: [GC (Allocation Failure) 0.896: [ParNew: 2950K->194K(3072K), 0.0037077 secs] 9110K->6612K(9920K), 0.0037776 secs] [Times: user=0.02 sys=0.01, real=0.01 secs] 
0.900: [GC (CMS Initial Mark) [1 CMS-initial-mark: 6418K(6848K)] 6667K(9920K), 0.0001995 secs] [Times: user=0.00 sys=0.00, real=0.00 secs] 
0.900: [CMS-concurrent-mark-start]
0.912: [CMS-concurrent-mark: 0.012/0.012 secs] [Times: user=0.03 sys=0.00, real=0.01 secs] 
0.912: [CMS-concurrent-preclean-start]
0.913: [CMS-concurrent-preclean: 0.000/0.000 secs] [Times: user=0.00 sys=0.00, real=0.00 secs] 
0.913: [GC (CMS Final Remark) [YG occupancy: 1404 K (3072 K)]0.913: [Rescan (parallel) , 0.0005232 secs]0.913: [weak refs processing, 0.0000070 secs]0.913: [class unloading, 0.0002455 secs]0.914: [scrub symbol table, 0.0001937 secs]0.914: [scrub string table, 0.0000716 secs][1 CMS-remark: 6418K(6848K)] 7822K(9920K), 0.0010993 secs] [Times: user=0.01 sys=0.00, real=0.00 secs] 
0.914: [CMS-concurrent-sweep-start]
0.917: [CMS-concurrent-sweep: 0.002/0.002 secs] [Times: user=0.00 sys=0.00, real=0.00 secs] 
0.917: [CMS-concurrent-reset-start]
0.917: [CMS-concurrent-reset: 0.000/0.000 secs] [Times: user=0.00 sys=0.00, real=0.00 secs] 
0.926: [GC (Allocation Failure) 0.926: [ParNew (promotion failed): 2946K->2967K(3072K), 0.0054033 secs]0.932: [CMS: 6661K->6847K(6848K), 0.0146125 secs] 9364K->6894K(9920K), [Metaspace: 3244K->3244K(1056768K)], 0.0200860 secs] [Times: user=0.04 sys=0.00, real=0.02 secs] 
0.947: [GC (CMS Initial Mark) [1 CMS-initial-mark: 6847K(6848K)] 6949K(9920K), 0.0001330 secs] [Times: user=0.00 sys=0.00, real=0.01 secs] 
0.947: [CMS-concurrent-mark-start]
0.964: [CMS-concurrent-mark: 0.017/0.017 secs] [Times: user=0.04 sys=0.01, real=0.01 secs] 
0.964: [CMS-concurrent-preclean-start]
0.969: [Full GC (Allocation Failure) 0.969: [CMS0.970: [CMS-concurrent-preclean: 0.005/0.006 secs] [Times: user=0.01 sys=0.00, real=0.01 secs] 
 (concurrent mode failure): 6847K->6847K(6848K), 0.0133049 secs] 8984K->7023K(9920K), [Metaspace: 3244K->3244K(1056768K)], 0.0133568 secs] [Times: user=0.02 sys=0.00, real=0.01 secs] 
0.996: [Full GC (Allocation Failure) 0.996: [CMS: 6847K->6174K(6848K), 0.0142425 secs] 9919K->7674K(9920K), [Metaspace: 3244K->3244K(1056768K)], 0.0144510 secs] [Times: user=0.01 sys=0.00, real=0.02 secs] 
1.011: [GC (CMS Initial Mark) [1 CMS-initial-mark: 6174K(6848K)] 7783K(9920K), 0.0026822 secs] [Times: user=0.00 sys=0.00, real=0.00 secs] 
1.014: [CMS-concurrent-mark-start]
1.018: [CMS-concurrent-mark: 0.004/0.004 secs] [Times: user=0.01 sys=0.00, real=0.01 secs] 
1.018: [CMS-concurrent-preclean-start]
1.022: [CMS-concurrent-preclean: 0.004/0.004 secs] [Times: user=0.01 sys=0.00, real=0.00 secs] 
1.022: [CMS-concurrent-abortable-preclean-start]
1.025: [GC (Allocation Failure) 1.025: [ParNew (promotion failed): 2752K->2945K(3072K), 0.0037577 secs]1.029: [CMS1.029: [CMS-concurrent-abortable-preclean: 0.000/0.007 secs] [Times: user=0.02 sys=0.00, real=0.01 secs] 
 (concurrent mode failure): 6176K->6174K(6848K), 0.0130708 secs] 8926K->7749K(9920K), [Metaspace: 3244K->3244K(1056768K)], 0.0168985 secs] [Times: user=0.04 sys=0.00, real=0.02 secs] 
1.051: [GC (Allocation Failure) 1.052: [ParNew (promotion failed): 2752K->3048K(3072K), 0.0054056 secs]1.057: [CMS: 6176K->6174K(6848K), 0.0133260 secs] 8926K->7822K(9920K), [Metaspace: 3244K->3244K(1056768K)], 0.0188418 secs] [Times: user=0.04 sys=0.00, real=0.02 secs] 
1.080: [GC (Allocation Failure) 1.080: [ParNew (promotion failed): 2752K->3072K(3072K), 0.0043176 secs]1.084: [CMS: 6176K->6174K(6848K), 0.0142101 secs] 8926K->7891K(9920K), [Metaspace: 3244K->3244K(1056768K)], 0.0186273 secs] [Times: user=0.04 sys=0.00, real=0.02 secs] 
1.107: [GC (Allocation Failure) 1.107: [ParNew (promotion failed): 2752K->3072K(3072K), 0.0053581 secs]1.113: [CMS: 6176K->6174K(6848K), 0.0150404 secs] 8926K->7956K(9920K), [Metaspace: 3244K->3244K(1056768K)], 0.0204848 secs] [Times: user=0.04 sys=0.00, real=0.02 secs] 
1.155: [GC (Allocation Failure) 1.155: [ParNew (promotion failed): 2752K->3072K(3072K), 0.0086618 secs]1.164: [CMS: 6237K->6231K(6848K), 0.0161685 secs] 8926K->8195K(9920K), [Metaspace: 3499K->3499K(1056768K)], 0.0249230 secs] [Times: user=0.06 sys=0.00, real=0.03 secs] 
1.189: [GC (Allocation Failure) 1.189: [ParNew (promotion failed): 2752K->3072K(3072K), 0.0085841 secs]1.198: [CMS: 6237K->6213K(6848K), 0.0166455 secs] 8983K->8243K(9920K), [Metaspace: 3548K->3548K(1056768K)], 0.0253302 secs] [Times: user=0.06 sys=0.00, real=0.02 secs] 
1.226: [GC (Allocation Failure) 1.226: [ParNew (promotion failed): 2742K->3062K(3072K), 0.0056755 secs]1.232: [CMS: 6219K->6212K(6848K), 0.0143110 secs] 8955K->8287K(9920K), [Metaspace: 3583K->3583K(1056768K)], 0.0200931 secs] [Times: user=0.04 sys=0.00, real=0.02 secs] 
1.254: [GC (Allocation Failure) 1.254: [ParNew (promotion failed): 2751K->3071K(3072K), 0.0059441 secs]1.260: [CMS: 6214K->6212K(6848K), 0.0158555 secs] 8964K->8449K(9920K), [Metaspace: 3742K->3742K(1056768K)], 0.0219413 secs] [Times: user=0.03 sys=0.00, real=0.02 secs] 
1.290: [GC (Allocation Failure) 1.290: [ParNew (promotion failed): 2752K->3072K(3072K), 0.0096675 secs]1.300: [CMS: 6228K->6191K(6848K), 0.0149241 secs] 8964K->8471K(9920K), [Metaspace: 3748K->3748K(1056768K)], 0.0246967 secs] [Times: user=0.07 sys=0.00, real=0.02 secs] 
1.324: [GC (Allocation Failure) 1.324: [ParNew (promotion failed): 2752K->3072K(3072K), 0.0060656 secs]1.330: [CMS: 6195K->6191K(6848K), 0.0156655 secs] 8943K->8464K(9920K), [Metaspace: 3748K->3748K(1056768K)], 0.0218540 secs] [Times: user=0.05 sys=0.00, real=0.02 secs] 
1.354: [GC (Allocation Failure) 1.354: [ParNew (promotion failed): 2752K->3070K(3072K), 0.0090857 secs]1.363: [CMS: 6204K->6200K(6848K), 0.0146074 secs] 8943K->8494K(9920K), [Metaspace: 3748K->3748K(1056768K)], 0.0238126 secs] [Times: user=0.07 sys=0.00, real=0.03 secs] 
1.383: [GC (Allocation Failure) 1.383: [ParNew (promotion failed): 2752K->3072K(3072K), 0.0083644 secs]1.392: [CMS: 6208K->6202K(6848K), 0.0142561 secs] 8952K->8522K(9920K), [Metaspace: 3748K->3748K(1056768K)], 0.0227330 secs] [Times: user=0.05 sys=0.00, real=0.02 secs] 
1.411: [GC (Allocation Failure) 1.411: [ParNew (promotion failed): 2752K->3072K(3072K), 0.0086649 secs]1.420: [CMS: 6225K->6217K(6848K), 0.0149794 secs] 8954K->8549K(9920K), [Metaspace: 3748K->3748K(1056768K)], 0.0237382 secs] [Times: user=0.07 sys=0.00, real=0.02 secs] 
1.441: [GC (Allocation Failure) 1.441: [ParNew (promotion failed): 2752K->3070K(3072K), 0.0106623 secs]1.452: [CMS: 6219K->6217K(6848K), 0.0156183 secs] 8969K->8575K(9920K), [Metaspace: 3748K->3748K(1056768K)], 0.0264099 secs] [Times: user=0.06 sys=0.00, real=0.03 secs] 
1.473: [GC (Allocation Failure) 1.473: [ParNew (promotion failed): 2752K->3070K(3072K), 0.0074825 secs]1.480: [CMS: 6219K->6217K(6848K), 0.0152640 secs] 8969K->8600K(9920K), [Metaspace: 3748K->3748K(1056768K)], 0.0228518 secs] [Times: user=0.05 sys=0.00, real=0.02 secs] 
1.500: [GC (Allocation Failure) 1.500: [ParNew (promotion failed): 2752K->3072K(3072K), 0.0105247 secs]1.511: [CMS: 6219K->6217K(6848K), 0.0153309 secs] 8969K->8623K(9920K), [Metaspace: 3748K->3748K(1056768K)], 0.0259558 secs] [Times: user=0.06 sys=0.00, real=0.02 secs] 
1.530: [GC (Allocation Failure) 1.530: [ParNew (promotion failed): 2752K->3072K(3072K), 0.0061695 secs]1.536: [CMS: 6256K->6251K(6848K), 0.0158944 secs] 8969K->8644K(9920K), [Metaspace: 3748K->3748K(1056768K)], 0.0221803 secs] [Times: user=0.04 sys=0.00, real=0.02 secs] 
1.557: [GC (Allocation Failure) 1.557: [ParNew (promotion failed): 2752K->3072K(3072K), 0.0141135 secs]1.571: [CMS: 6254K->6251K(6848K), 0.0151401 secs] 9003K->8667K(9920K), [Metaspace: 3748K->3748K(1056768K)], 0.0293793 secs] [Times: user=0.11 sys=0.00, real=0.03 secs] 
1.591: [GC (Allocation Failure) 1.591: [ParNew (promotion failed): 2752K->3072K(3072K), 0.0082395 secs]1.599: [CMS: 6254K->6251K(6848K), 0.0150200 secs] 9003K->8688K(9920K), [Metaspace: 3748K->3748K(1056768K)], 0.0233688 secs] [Times: user=0.06 sys=0.00, real=0.02 secs] 
1.618: [GC (Allocation Failure) 1.618: [ParNew (promotion failed): 2752K->3072K(3072K), 0.0108799 secs]1.629: [CMS: 6254K->6251K(6848K), 0.0157138 secs] 9003K->8707K(9920K), [Metaspace: 3748K->3748K(1056768K)], 0.0267251 secs] [Times: user=0.08 sys=0.00, real=0.02 secs] 
1.649: [GC (Allocation Failure) 1.649: [ParNew (promotion failed): 2752K->3072K(3072K), 0.0135723 secs]1.662: [CMS: 6256K->6252K(6848K), 0.0149933 secs] 9003K->8726K(9920K), [Metaspace: 3748K->3748K(1056768K)], 0.0286740 secs] [Times: user=0.10 sys=0.00, real=0.03 secs] 
1.680: [GC (Allocation Failure) 1.680: [ParNew (promotion failed): 2752K->3072K(3072K), 0.0073548 secs]1.688: [CMS: 6254K->6252K(6848K), 0.0152601 secs] 9004K->8743K(9920K), [Metaspace: 3748K->3748K(1056768K)], 0.0227063 secs] [Times: user=0.05 sys=0.00, real=0.02 secs] 
1.706: [GC (Allocation Failure) 1.706: [ParNew (promotion failed): 2752K->3072K(3072K), 0.0149061 secs]1.721: [CMS: 6259K->6255K(6848K), 0.0159654 secs] 9004K->8759K(9920K), [Metaspace: 3748K->3748K(1056768K)], 0.0310005 secs] [Times: user=0.10 sys=0.01, real=0.03 secs] 
1.741: [GC (Allocation Failure) 1.741: [ParNew (promotion failed): 2752K->3072K(3072K), 0.0150274 secs]1.756: [CMS: 6257K->6255K(6848K), 0.0151131 secs] 9007K->8775K(9920K), [Metaspace: 3748K->3748K(1056768K)], 0.0302338 secs] [Times: user=0.10 sys=0.00, real=0.03 secs] 
1.775: [GC (Allocation Failure) 1.775: [ParNew (promotion failed): 2752K->3072K(3072K), 0.0076694 secs]1.782: [CMS: 6257K->6255K(6848K), 0.0157466 secs] 9007K->8789K(9920K), [Metaspace: 3748K->3748K(1056768K)], 0.0235176 secs] [Times: user=0.05 sys=0.00, real=0.03 secs] 
1.801: [GC (Allocation Failure) 1.801: [ParNew (promotion failed): 2752K->3070K(3072K), 0.0110330 secs]1.812: [CMS: 6257K->6255K(6848K), 0.0145459 secs] 9007K->8803K(9920K), [Metaspace: 3748K->3748K(1056768K)], 0.0256620 secs] [Times: user=0.08 sys=0.00, real=0.02 secs] 
1.829: [GC (Allocation Failure) 1.829: [ParNew (promotion failed): 2752K->3072K(3072K), 0.0147199 secs]1.843: [CMS: 6257K->6255K(6848K), 0.0145470 secs] 9007K->8815K(9920K), [Metaspace: 3748K->3748K(1056768K)], 0.0293647 secs] [Times: user=0.12 sys=0.00, real=0.03 secs] 
1.860: [GC (Allocation Failure) 1.860: [ParNew (promotion failed): 2752K->3072K(3072K), 0.0124438 secs]1.873: [CMS: 6263K->6257K(6848K), 0.0160341 secs] 9007K->8827K(9920K), [Metaspace: 3748K->3748K(1056768K)], 0.0285751 secs] [Times: user=0.09 sys=0.00, real=0.03 secs] 
1.892: [GC (Allocation Failure) 1.892: [ParNew (promotion failed): 2752K->3072K(3072K), 0.0080605 secs]1.900: [CMS: 6273K->6269K(6848K), 0.0165160 secs] 9009K->8838K(9920K), [Metaspace: 3748K->3748K(1056768K)], 0.0246890 secs] [Times: user=0.04 sys=0.01, real=0.02 secs] 
1.919: [GC (Allocation Failure) 1.919: [ParNew (promotion failed): 2752K->3072K(3072K), 0.0081175 secs]1.928: [CMS: 6271K->6269K(6848K), 0.0150212 secs] 9021K->8850K(9920K), [Metaspace: 3748K->3748K(1056768K)], 0.0232403 secs] [Times: user=0.06 sys=0.00, real=0.02 secs] 
1.945: [GC (Allocation Failure) 1.945: [ParNew (promotion failed): 2752K->3072K(3072K), 0.0094970 secs]1.955: [CMS: 6271K->6269K(6848K), 0.0152303 secs] 9021K->8860K(9920K), [Metaspace: 3748K->3748K(1056768K)], 0.0248663 secs] [Times: user=0.07 sys=0.00, real=0.03 secs] 
1.973: [GC (Allocation Failure) 1.973: [ParNew (promotion failed): 2752K->3072K(3072K), 0.0159503 secs]1.989: [CMS: 6272K->6270K(6848K), 0.0152666 secs] 9021K->8870K(9920K), [Metaspace: 3748K->3748K(1056768K)], 0.0312995 secs] [Times: user=0.12 sys=0.00, real=0.03 secs] 
2.006: [GC (Allocation Failure) 2.006: [ParNew (promotion failed): 2752K->3072K(3072K), 0.0115615 secs]2.018: [CMS: 6272K->6270K(6848K), 0.0158596 secs] 9022K->8880K(9920K), [Metaspace: 3748K->3748K(1056768K)], 0.0275091 secs] [Times: user=0.08 sys=0.00, real=0.03 secs] 
2.037: [GC (Allocation Failure) 2.037: [ParNew (promotion failed): 2752K->3072K(3072K), 0.0086078 secs]2.045: [CMS: 6280K->6276K(6848K), 0.0153631 secs] 9022K->8889K(9920K), [Metaspace: 3748K->3748K(1056768K)], 0.0240891 secs] [Times: user=0.06 sys=0.00, real=0.03 secs] 
2.063: [GC (Allocation Failure) 2.063: [ParNew (promotion failed): 2752K->3072K(3072K), 0.0131370 secs]2.076: [CMS: 6290K->6286K(6848K), 0.0147003 secs] 9028K->8897K(9920K), [Metaspace: 3748K->3748K(1056768K)], 0.0279100 secs] [Times: user=0.11 sys=0.00, real=0.03 secs] 
2.095: [GC (Allocation Failure) 2.095: [ParNew (promotion failed): 2752K->3070K(3072K), 0.0120625 secs]2.107: [CMS: 6288K->6286K(6848K), 0.0158646 secs] 9038K->8906K(9920K), [Metaspace: 3748K->3748K(1056768K)], 0.0280073 secs] [Times: user=0.08 sys=0.00, real=0.03 secs] 
2.125: [GC (Allocation Failure) 2.125: [ParNew (promotion failed): 2752K->3072K(3072K), 0.0122819 secs]2.138: [CMS: 6288K->6286K(6848K), 0.0153919 secs] 9038K->8914K(9920K), [Metaspace: 3748K->3748K(1056768K)], 0.0277522 secs] [Times: user=0.08 sys=0.00, real=0.03 secs] 
2.155: [GC (Allocation Failure) 2.155: [ParNew (promotion failed): 2752K->3072K(3072K), 0.0143075 secs]2.169: [CMS: 6298K->6294K(6848K), 0.0155326 secs] 9038K->8922K(9920K), [Metaspace: 3748K->3748K(1056768K)], 0.0299282 secs] [Times: user=0.12 sys=0.00, real=0.03 secs] 
2.187: [GC (Allocation Failure) 2.187: [ParNew (promotion failed): 2752K->3072K(3072K), 0.0168727 secs]2.204: [CMS: 6296K->6294K(6848K), 0.0151284 secs] 9046K->8929K(9920K), [Metaspace: 3748K->3748K(1056768K)], 0.0321039 secs] [Times: user=0.12 sys=0.00, real=0.03 secs] 
2.221: [GC (Allocation Failure) 2.222: [ParNew (promotion failed): 2752K->3072K(3072K), 0.0154749 secs]2.237: [CMS: 6296K->6294K(6848K), 0.0146644 secs] 9046K->8936K(9920K), [Metaspace: 3748K->3748K(1056768K)], 0.0302167 secs] [Times: user=0.12 sys=0.00, real=0.03 secs] 
2.254: [GC (Allocation Failure) 2.254: [ParNew (promotion failed): 2752K->3071K(3072K), 0.0183992 secs]2.272: [CMS: 6298K->6261K(6848K), 0.0143308 secs] 9046K->8909K(9920K), [Metaspace: 3748K->3748K(1056768K)], 0.0328051 secs] [Times: user=0.14 sys=0.01, real=0.03 secs] 
2.289: [GC (Allocation Failure) 2.289: [ParNew (promotion failed): 2752K->3072K(3072K), 0.0148096 secs]2.304: [CMS: 6263K->6261K(6848K), 0.0151380 secs] 9013K->8915K(9920K), [Metaspace: 3748K->3748K(1056768K)], 0.0300228 secs] [Times: user=0.11 sys=0.00, real=0.03 secs] 
2.321: [GC (Allocation Failure) 2.321: [ParNew (promotion failed): 2752K->3072K(3072K), 0.0116969 secs]2.332: [CMS: 6263K->6261K(6848K), 0.0152230 secs] 9013K->8921K(9920K), [Metaspace: 3748K->3748K(1056768K)], 0.0270566 secs] [Times: user=0.09 sys=0.00, real=0.03 secs] 
2.350: [GC (Allocation Failure) 2.350: [ParNew (promotion failed): 2752K->3072K(3072K), 0.0162860 secs]2.366: [CMS: 6263K->6261K(6848K), 0.0168836 secs] 9013K->8927K(9920K), [Metaspace: 3748K->3748K(1056768K)], 0.0332700 secs] [Times: user=0.12 sys=0.00, real=0.03 secs] 
2.385: [GC (Allocation Failure) 2.385: [ParNew (promotion failed): 2752K->3072K(3072K), 0.0179183 secs]2.403: [CMS: 6263K->6261K(6848K), 0.0146799 secs] 9013K->8932K(9920K), [Metaspace: 3748K->3748K(1056768K)], 0.0326886 secs] [Times: user=0.13 sys=0.00, real=0.04 secs] 
2.421: [GC (Allocation Failure) 2.421: [ParNew (promotion failed): 2752K->3072K(3072K), 0.0111888 secs]2.432: [CMS: 6263K->6261K(6848K), 0.0152094 secs] 9013K->8937K(9920K), [Metaspace: 3748K->3748K(1056768K)], 0.0265062 secs] [Times: user=0.08 sys=0.00, real=0.03 secs] 
2.450: [GC (Allocation Failure) 2.450: [ParNew (promotion failed): 2752K->3072K(3072K), 0.0161062 secs]2.466: [CMS: 6263K->6261K(6848K), 0.0152236 secs] 9013K->8942K(9920K), [Metaspace: 3748K->3748K(1056768K)], 0.0314385 secs] [Times: user=0.12 sys=0.00, real=0.03 secs] 
2.483: [GC (Allocation Failure) 2.483: [ParNew (promotion failed): 2752K->3072K(3072K), 0.0145929 secs]2.497: [CMS: 6265K->6261K(6848K), 0.0140824 secs] 9013K->8946K(9920K), [Metaspace: 3748K->3748K(1056768K)], 0.0287628 secs] [Times: user=0.11 sys=0.01, real=0.03 secs] 
2.513: [GC (Allocation Failure) 2.513: [ParNew (promotion failed): 2752K->3072K(3072K), 0.0096891 secs]2.523: [CMS: 6266K->6262K(6848K), 0.0157211 secs] 9013K->8951K(9920K), [Metaspace: 3748K->3748K(1056768K)], 0.0255111 secs] [Times: user=0.08 sys=0.00, real=0.03 secs] 
2.540: [GC (Allocation Failure) 2.540: [ParNew (promotion failed): 2752K->3072K(3072K), 0.0097585 secs]2.550: [CMS: 6264K->6262K(6848K), 0.0158895 secs] 9014K->8954K(9920K), [Metaspace: 3748K->3748K(1056768K)], 0.0257695 secs] [Times: user=0.08 sys=0.00, real=0.02 secs] 
2.569: [GC (Allocation Failure) 2.569: [ParNew (promotion failed): 2752K->3072K(3072K), 0.0094740 secs]2.578: [CMS: 6264K->6262K(6848K), 0.0149257 secs] 9014K->8958K(9920K), [Metaspace: 3748K->3748K(1056768K)], 0.0245113 secs] [Times: user=0.07 sys=0.00, real=0.02 secs] 
2.595: [GC (Allocation Failure) 2.595: [ParNew (promotion failed): 2752K->3072K(3072K), 0.0106709 secs]2.605: [CMS: 6264K->6262K(6848K), 0.0149893 secs] 9014K->8961K(9920K), [Metaspace: 3748K->3748K(1056768K)], 0.0257682 secs] [Times: user=0.08 sys=0.00, real=0.03 secs] 
2.622: [GC (Allocation Failure) 2.622: [ParNew (promotion failed): 2752K->3070K(3072K), 0.0155043 secs]2.638: [CMS: 6266K->6262K(6848K), 0.0150212 secs] 9014K->8965K(9920K), [Metaspace: 3748K->3748K(1056768K)], 0.0306312 secs] [Times: user=0.12 sys=0.00, real=0.03 secs] 
2.654: [GC (Allocation Failure) 2.654: [ParNew (promotion failed): 2752K->3072K(3072K), 0.0122046 secs]2.667: [CMS: 6268K->6264K(6848K), 0.0141930 secs] 9014K->8968K(9920K), [Metaspace: 3748K->3748K(1056768K)], 0.0264899 secs] [Times: user=0.09 sys=0.00, real=0.03 secs] 
2.682: [GC (Allocation Failure) 2.682: [ParNew (promotion failed): 2752K->3071K(3072K), 0.0110495 secs]2.694: [CMS: 6271K->6265K(6848K), 0.0146562 secs] 9016K->8971K(9920K), [Metaspace: 3748K->3748K(1056768K)], 0.0258003 secs] [Times: user=0.08 sys=0.01, real=0.03 secs] 
2.715: [GC (Allocation Failure) 2.715: [ParNew (promotion failed): 2752K->3072K(3072K), 0.0111194 secs]2.727: [CMS: 6267K->6265K(6848K), 0.0145442 secs] 9017K->8974K(9920K), [Metaspace: 3748K->3748K(1056768K)], 0.0257802 secs] [Times: user=0.09 sys=0.00, real=0.03 secs] 
2.743: [GC (Allocation Failure) 2.743: [ParNew (promotion failed): 2752K->3072K(3072K), 0.0173913 secs]2.760: [CMS: 6267K->6265K(6848K), 0.0147796 secs] 9017K->8976K(9920K), [Metaspace: 3748K->3748K(1056768K)], 0.0322987 secs] [Times: user=0.12 sys=0.00, real=0.03 secs] 
2.776: [GC (Allocation Failure) 2.776: [ParNew (promotion failed): 2752K->3072K(3072K), 0.0130183 secs]2.790: [CMS: 6267K->6265K(6848K), 0.0155782 secs] 9017K->8979K(9920K), [Metaspace: 3748K->3748K(1056768K)], 0.0286945 secs] [Times: user=0.09 sys=0.00, real=0.03 secs] 
2.807: [GC (Allocation Failure) 2.807: [ParNew (promotion failed): 2752K->3072K(3072K), 0.0131062 secs]2.820: [CMS: 6271K->6265K(6848K), 0.0146483 secs] 9017K->8981K(9920K), [Metaspace: 3748K->3748K(1056768K)], 0.0278466 secs] [Times: user=0.09 sys=0.00, real=0.03 secs] 
2.837: [GC (Allocation Failure) 2.837: [ParNew (promotion failed): 2752K->3072K(3072K), 0.0164632 secs]2.853: [CMS: 6267K->6265K(6848K), 0.0151550 secs] 9017K->8983K(9920K), [Metaspace: 3748K->3748K(1056768K)], 0.0318265 secs] [Times: user=0.13 sys=0.00, real=0.04 secs] 
2.870: [GC (Allocation Failure) 2.870: [ParNew (promotion failed): 2752K->3072K(3072K), 0.0158804 secs]2.886: [CMS: 6267K->6265K(6848K), 0.0148993 secs] 9017K->8985K(9920K), [Metaspace: 3748K->3748K(1056768K)], 0.0308859 secs] [Times: user=0.12 sys=0.00, real=0.03 secs] 
2.903: [GC (Allocation Failure) 2.903: [ParNew (promotion failed): 2752K->3071K(3072K), 0.0136269 secs]2.916: [CMS: 6267K->6265K(6848K), 0.0150151 secs] 9017K->8987K(9920K), [Metaspace: 3748K->3748K(1056768K)], 0.0287148 secs] [Times: user=0.10 sys=0.00, real=0.03 secs] 
2.934: [GC (Allocation Failure) 2.934: [ParNew (promotion failed): 2752K->3072K(3072K), 0.0109034 secs]2.945: [CMS: 6267K->6265K(6848K), 0.0157771 secs] 9017K->8989K(9920K), [Metaspace: 3748K->3748K(1056768K)], 0.0267764 secs] [Times: user=0.07 sys=0.00, real=0.03 secs] 
2.962: [GC (Allocation Failure) 2.962: [ParNew (promotion failed): 2752K->3072K(3072K), 0.0166895 secs]2.979: [CMS: 6267K->6265K(6848K), 0.0147179 secs] 9017K->8991K(9920K), [Metaspace: 3748K->3748K(1056768K)], 0.0315212 secs] [Times: user=0.12 sys=0.00, real=0.03 secs] 
2.995: [GC (Allocation Failure) 2.995: [ParNew (promotion failed): 2752K->3072K(3072K), 0.0197757 secs]3.015: [CMS: 6267K->6265K(6848K), 0.0148481 secs] 9017K->8992K(9920K), [Metaspace: 3748K->3748K(1056768K)], 0.0347280 secs] [Times: user=0.16 sys=0.00, real=0.04 secs] 
3.032: [GC (Allocation Failure) 3.032: [ParNew (promotion failed): 2752K->3072K(3072K), 0.0171153 secs]3.049: [CMS: 6267K->6265K(6848K), 0.0150241 secs] 9017K->8994K(9920K), [Metaspace: 3748K->3748K(1056768K)], 0.0322430 secs] [Times: user=0.13 sys=0.00, real=0.03 secs] 
3.065: [GC (Allocation Failure) 3.065: [ParNew (promotion failed): 2752K->3072K(3072K), 0.0111512 secs]3.076: [CMS: 6267K->6265K(6848K), 0.0152324 secs] 9017K->8995K(9920K), [Metaspace: 3748K->3748K(1056768K)], 0.0264838 secs] [Times: user=0.09 sys=0.00, real=0.03 secs] 
3.093: [GC (Allocation Failure) 3.093: [ParNew (promotion failed): 2752K->3072K(3072K), 0.0173343 secs]3.110: [CMS: 6267K->6265K(6848K), 0.0138962 secs] 9017K->8997K(9920K), [Metaspace: 3748K->3748K(1056768K)], 0.0313240 secs] [Times: user=0.14 sys=0.01, real=0.03 secs] 
3.126: [GC (Allocation Failure) 3.126: [ParNew (promotion failed): 2752K->3072K(3072K), 0.0168545 secs]3.142: [CMS: 6267K->6265K(6848K), 0.0136105 secs] 9017K->8998K(9920K), [Metaspace: 3748K->3748K(1056768K)], 0.0305296 secs] [Times: user=0.13 sys=0.00, real=0.03 secs] 
3.158: [GC (Allocation Failure) 3.158: [ParNew (promotion failed): 2752K->3072K(3072K), 0.0109323 secs]3.168: [CMS: 6267K->6265K(6848K), 0.0143900 secs] 9017K->8999K(9920K), [Metaspace: 3748K->3748K(1056768K)], 0.0253866 secs] [Times: user=0.09 sys=0.00, real=0.02 secs] 
3.184: [GC (Allocation Failure) 3.184: [ParNew (promotion failed): 2752K->3072K(3072K), 0.0143626 secs]3.198: [CMS: 6267K->6265K(6848K), 0.0143417 secs] 9017K->9000K(9920K), [Metaspace: 3748K->3748K(1056768K)], 0.0287745 secs] [Times: user=0.12 sys=0.00, real=0.03 secs] 
3.214: [GC (Allocation Failure) 3.214: [ParNew (promotion failed): 2752K->3072K(3072K), 0.0108345 secs]3.225: [CMS: 6267K->6265K(6848K), 0.0144852 secs] 9017K->9001K(9920K), [Metaspace: 3748K->3748K(1056768K)], 0.0253986 secs] [Times: user=0.08 sys=0.00, real=0.03 secs] 
3.241: [GC (Allocation Failure) 3.241: [ParNew (promotion failed): 2752K->3070K(3072K), 0.0165636 secs]3.258: [CMS: 6267K->6265K(6848K), 0.0143800 secs] 9017K->9002K(9920K), [Metaspace: 3748K->3748K(1056768K)], 0.0310317 secs] [Times: user=0.13 sys=0.00, real=0.03 secs] 
3.273: [GC (Allocation Failure) 3.273: [ParNew (promotion failed): 2752K->3072K(3072K), 0.0192139 secs]3.293: [CMS: 6267K->6265K(6848K), 0.0138415 secs] 9017K->9003K(9920K), [Metaspace: 3748K->3748K(1056768K)], 0.0331333 secs] [Times: user=0.16 sys=0.00, real=0.03 secs] 
3.308: [GC (Allocation Failure) 3.308: [ParNew (promotion failed): 2752K->3072K(3072K), 0.0124979 secs]3.320: [CMS: 6267K->6265K(6848K), 0.0136424 secs] 9017K->9004K(9920K), [Metaspace: 3748K->3748K(1056768K)], 0.0262014 secs] [Times: user=0.11 sys=0.00, real=0.02 secs] 
3.335: [GC (Allocation Failure) 3.335: [ParNew (promotion failed): 2752K->3072K(3072K), 0.0203579 secs]3.356: [CMS: 6267K->6265K(6848K), 0.0136679 secs] 9017K->9005K(9920K), [Metaspace: 3748K->3748K(1056768K)], 0.0340916 secs] [Times: user=0.17 sys=0.00, real=0.04 secs] 
3.371: [GC (Allocation Failure) 3.371: [ParNew (promotion failed): 2752K->3072K(3072K), 0.0185903 secs]3.390: [CMS: 6267K->6265K(6848K), 0.0147088 secs] 9017K->9006K(9920K), [Metaspace: 3748K->3748K(1056768K)], 0.0333878 secs] [Times: user=0.15 sys=0.00, real=0.03 secs] 
3.406: [GC (Allocation Failure) 3.406: [ParNew (promotion failed): 2752K->3072K(3072K), 0.0154722 secs]3.421: [CMS: 6267K->6265K(6848K), 0.0144057 secs] 9017K->9006K(9920K), [Metaspace: 3748K->3748K(1056768K)], 0.0299959 secs] [Times: user=0.12 sys=0.01, real=0.03 secs] 
3.437: [GC (Allocation Failure) 3.437: [ParNew (promotion failed): 2752K->3072K(3072K), 0.0115048 secs]3.448: [CMS: 6267K->6265K(6848K), 0.0145381 secs] 9017K->9007K(9920K), [Metaspace: 3748K->3748K(1056768K)], 0.0261060 secs] [Times: user=0.09 sys=0.00, real=0.03 secs] 
3.464: [GC (Allocation Failure) 3.464: [ParNew (promotion failed): 2752K->3072K(3072K), 0.0160505 secs]3.480: [CMS: 6267K->6265K(6848K), 0.0144295 secs] 9017K->9008K(9920K), [Metaspace: 3748K->3748K(1056768K)], 0.0305542 secs] [Times: user=0.13 sys=0.00, real=0.03 secs] 
3.496: [GC (Allocation Failure) 3.496: [ParNew (promotion failed): 2752K->3072K(3072K), 0.0112198 secs]3.507: [CMS: 6267K->6265K(6848K), 0.0139429 secs] 9017K->9008K(9920K), [Metaspace: 3748K->3748K(1056768K)], 0.0252309 secs] [Times: user=0.09 sys=0.00, real=0.03 secs] 
3.522: [GC (Allocation Failure) 3.522: [ParNew (promotion failed): 2752K->3072K(3072K), 0.0143040 secs]3.536: [CMS: 6267K->6265K(6848K), 0.0135408 secs] 9017K->9009K(9920K), [Metaspace: 3748K->3748K(1056768K)], 0.0279088 secs] [Times: user=0.11 sys=0.00, real=0.03 secs] 
3.551: [GC (Allocation Failure) 3.551: [ParNew (promotion failed): 2752K->3072K(3072K), 0.0176993 secs]3.569: [CMS: 6267K->6265K(6848K), 0.0135944 secs] 9017K->9009K(9920K), [Metaspace: 3748K->3748K(1056768K)], 0.0313512 secs] [Times: user=0.14 sys=0.00, real=0.03 secs] 
3.584: [GC (Allocation Failure) 3.584: [ParNew (promotion failed): 2752K->3072K(3072K), 0.0119367 secs]3.596: [CMS: 6267K->6265K(6848K), 0.0138163 secs] 9017K->9010K(9920K), [Metaspace: 3748K->3748K(1056768K)], 0.0258297 secs] [Times: user=0.10 sys=0.00, real=0.03 secs] 
3.611: [GC (Allocation Failure) 3.611: [ParNew (promotion failed): 2752K->3072K(3072K), 0.0177037 secs]3.629: [CMS: 6267K->6265K(6848K), 0.0147914 secs] 9017K->9010K(9920K), [Metaspace: 3748K->3748K(1056768K)], 0.0325706 secs] [Times: user=0.14 sys=0.00, real=0.03 secs] 
3.645: [GC (Allocation Failure) 3.645: [ParNew (promotion failed): 2752K->3070K(3072K), 0.0172743 secs]3.662: [CMS: 6267K->6265K(6848K), 0.0144266 secs] 9017K->9010K(9920K), [Metaspace: 3748K->3748K(1056768K)], 0.0317809 secs] [Times: user=0.13 sys=0.00, real=0.03 secs] 
3.678: [GC (Allocation Failure) 3.678: [ParNew (promotion failed): 2752K->3072K(3072K), 0.0118686 secs]3.690: [CMS: 6267K->6265K(6848K), 0.0148150 secs] 9017K->9011K(9920K), [Metaspace: 3748K->3748K(1056768K)], 0.0268079 secs] [Times: user=0.09 sys=0.00, real=0.02 secs] 
3.706: [GC (Allocation Failure) 3.706: [ParNew (promotion failed): 2752K->3072K(3072K), 0.0168630 secs]3.723: [CMS: 6267K->6265K(6848K), 0.0151395 secs] 9017K->9011K(9920K), [Metaspace: 3748K->3748K(1056768K)], 0.0320792 secs] [Times: user=0.14 sys=0.00, real=0.04 secs] 
3.740: [GC (Allocation Failure) 3.740: [ParNew (promotion failed): 2752K->3072K(3072K), 0.0167923 secs]3.757: [CMS: 6267K->6265K(6848K), 0.0147085 secs] 9017K->9012K(9920K), [Metaspace: 3748K->3748K(1056768K)], 0.0315882 secs] [Times: user=0.11 sys=0.00, real=0.03 secs] 
3.773: [GC (Allocation Failure) 3.773: [ParNew (promotion failed): 2752K->3071K(3072K), 0.0192387 secs]3.792: [CMS: 6267K->6265K(6848K), 0.0144548 secs] 9017K->9012K(9920K), [Metaspace: 3748K->3748K(1056768K)], 0.0337742 secs] [Times: user=0.15 sys=0.00, real=0.03 secs] 
3.808: [GC (Allocation Failure) 3.808: [ParNew (promotion failed): 2752K->3072K(3072K), 0.0163252 secs]3.824: [CMS: 6267K->6265K(6848K), 0.0146014 secs] 9017K->9012K(9920K), [Metaspace: 3748K->3748K(1056768K)], 0.0310151 secs] [Times: user=0.12 sys=0.00, real=0.03 secs] 
3.840: [GC (Allocation Failure) 3.840: [ParNew (promotion failed): 2752K->3072K(3072K), 0.0165740 secs]3.857: [CMS: 6267K->6265K(6848K), 0.0145396 secs] 9017K->9012K(9920K), [Metaspace: 3748K->3748K(1056768K)], 0.0311749 secs] [Times: user=0.13 sys=0.01, real=0.03 secs] 
3.873: [GC (Allocation Failure) 3.873: [ParNew (promotion failed): 2752K->3072K(3072K), 0.0174667 secs]3.890: [CMS: 6267K->6265K(6848K), 0.0146249 secs] 9017K->9013K(9920K), [Metaspace: 3748K->3748K(1056768K)], 0.0321661 secs] [Times: user=0.14 sys=0.00, real=0.03 secs] 
3.906: [GC (Allocation Failure) 3.906: [ParNew (promotion failed): 2752K->3072K(3072K), 0.0199570 secs]3.926: [CMS: 6267K->6265K(6848K), 0.0138818 secs] 9017K->9013K(9920K), [Metaspace: 3748K->3748K(1056768K)], 0.0339233 secs] [Times: user=0.15 sys=0.00, real=0.04 secs] 
3.942: [GC (Allocation Failure) 3.942: [ParNew (promotion failed): 2752K->3072K(3072K), 0.0191785 secs]3.961: [CMS: 6267K->6265K(6848K), 0.0138388 secs] 9017K->9013K(9920K), [Metaspace: 3748K->3748K(1056768K)], 0.0330825 secs] [Times: user=0.16 sys=0.00, real=0.03 secs] 
3.976: [GC (Allocation Failure) 3.976: [ParNew (promotion failed): 2752K->3072K(3072K), 0.0197216 secs]3.996: [CMS: 6267K->6265K(6848K), 0.0135379 secs] 9017K->9013K(9920K), [Metaspace: 3748K->3748K(1056768K)], 0.0333299 secs] [Times: user=0.16 sys=0.00, real=0.04 secs] 
4.011: [GC (Allocation Failure) 4.011: [ParNew (promotion failed): 2752K->3072K(3072K), 0.0204790 secs]4.031: [CMS: 6267K->6265K(6848K), 0.0140798 secs] 9017K->9014K(9920K), [Metaspace: 3748K->3748K(1056768K)], 0.0346535 secs] [Times: user=0.17 sys=0.00, real=0.03 secs] 
4.047: [GC (Allocation Failure) 4.047: [ParNew (promotion failed): 2752K->3072K(3072K), 0.0177840 secs]4.065: [CMS: 6267K->6265K(6848K), 0.0143167 secs] 9017K->9014K(9920K), [Metaspace: 3748K->3748K(1056768K)], 0.0321906 secs] [Times: user=0.15 sys=0.00, real=0.04 secs] 
4.080: [GC (Allocation Failure) 4.080: [ParNew (promotion failed): 2752K->3072K(3072K), 0.0117909 secs]4.092: [CMS: 6267K->6265K(6848K), 0.0146503 secs] 9017K->9014K(9920K), [Metaspace: 3748K->3748K(1056768K)], 0.0265063 secs] [Times: user=0.10 sys=0.00, real=0.02 secs] 
4.108: [GC (Allocation Failure) 4.108: [ParNew (promotion failed): 2752K->3072K(3072K), 0.0152842 secs]4.123: [CMS: 6267K->6265K(6848K), 0.0139172 secs] 9017K->9014K(9920K), [Metaspace: 3748K->3748K(1056768K)], 0.0292719 secs] [Times: user=0.12 sys=0.01, real=0.02 secs] 
4.138: [GC (Allocation Failure) 4.138: [ParNew (promotion failed): 2752K->3072K(3072K), 0.0121918 secs]4.150: [CMS: 6267K->6265K(6848K), 0.0137514 secs] 9017K->9014K(9920K), [Metaspace: 3748K->3748K(1056768K)], 0.0260168 secs] [Times: user=0.10 sys=0.00, real=0.02 secs] 
4.165: [GC (Allocation Failure) 4.165: [ParNew (promotion failed): 2752K->3072K(3072K), 0.0168160 secs]4.182: [CMS: 6267K->6265K(6848K), 0.0136886 secs] 9017K->9014K(9920K), [Metaspace: 3748K->3748K(1056768K)], 0.0305695 secs] [Times: user=0.13 sys=0.00, real=0.03 secs] 
4.197: [GC (Allocation Failure) 4.197: [ParNew (promotion failed): 2752K->3072K(3072K), 0.0206470 secs]4.217: [CMS: 6267K->6265K(6848K), 0.0138625 secs] 9017K->9015K(9920K), [Metaspace: 3748K->3748K(1056768K)], 0.0345674 secs] [Times: user=0.17 sys=0.00, real=0.04 secs] 
4.232: [GC (Allocation Failure) 4.232: [ParNew (promotion failed): 2752K->3072K(3072K), 0.0165327 secs]4.249: [CMS: 6267K->6265K(6848K), 0.0183151 secs] 9017K->9015K(9920K), [Metaspace: 3748K->3748K(1056768K)], 0.0349217 secs] [Times: user=0.14 sys=0.00, real=0.04 secs] 
4.269: [GC (Allocation Failure) 4.269: [ParNew (promotion failed): 2752K->3072K(3072K), 0.0144842 secs]4.283: [CMS: 6338K->6316K(6848K), 0.0185454 secs] 9017K->9015K(9920K), [Metaspace: 3748K->3748K(1056768K)], 0.0330924 secs] [Times: user=0.11 sys=0.00, real=0.03 secs] 
4.303: [GC (CMS Initial Mark) [1 CMS-initial-mark: 6316K(6848K)] 9017K(9920K), 0.0030250 secs] [Times: user=0.01 sys=0.00, real=0.00 secs] 
4.306: [CMS-concurrent-mark-start]
4.307: [GC (Allocation Failure) 4.307: [ParNew (promotion failed): 2752K->3072K(3072K), 0.0194216 secs]4.327: [CMS4.329: [CMS-concurrent-mark: 0.004/0.024 secs] [Times: user=0.14 sys=0.00, real=0.03 secs] 
 (concurrent mode failure): 6318K->6316K(6848K), 0.0199555 secs] 9068K->9018K(9920K), [Metaspace: 3748K->3748K(1056768K)], 0.0394637 secs] [Times: user=0.15 sys=0.00, real=0.03 secs] 
4.348: [GC (Allocation Failure) 4.348: [ParNew (promotion failed): 2752K->3071K(3072K), 0.0179967 secs]4.366: [CMS: 6318K->6316K(6848K), 0.0189312 secs] 9068K->9021K(9920K), [Metaspace: 3748K->3748K(1056768K)], 0.0370056 secs] [Times: user=0.14 sys=0.01, real=0.03 secs] 
4.385: [GC (CMS Initial Mark) [1 CMS-initial-mark: 6316K(6848K)] 9023K(9920K), 0.0032697 secs] [Times: user=0.00 sys=0.00, real=0.01 secs] 
4.389: [CMS-concurrent-mark-start]
4.391: [GC (Allocation Failure) 4.391: [ParNew (promotion failed): 2752K->3072K(3072K), 0.0176559 secs]4.408: [CMS4.411: [CMS-concurrent-mark: 0.004/0.022 secs] [Times: user=0.10 sys=0.00, real=0.02 secs] 
 (concurrent mode failure): 6318K->6316K(6848K), 0.0243412 secs] 9068K->9024K(9920K), [Metaspace: 3748K->3748K(1056768K)], 0.0420997 secs] [Times: user=0.11 sys=0.00, real=0.04 secs] 
4.438: [GC (Allocation Failure) 4.438: [ParNew (promotion failed): 2752K->3072K(3072K), 0.0149515 secs]4.453: [CMS: 6327K->6316K(6848K), 0.0252243 secs] 9068K->9027K(9920K), [Metaspace: 3748K->3748K(1056768K)], 0.0402714 secs] [Times: user=0.09 sys=0.00, real=0.04 secs] 
4.482: [GC (CMS Initial Mark) [1 CMS-initial-mark: 6316K(6848K)] 9027K(9920K), 0.0035414 secs] [Times: user=0.00 sys=0.00, real=0.00 secs] 
4.486: [CMS-concurrent-mark-start]
4.487: [GC (Allocation Failure) 4.487: [ParNew (promotion failed): 2752K->3071K(3072K), 0.0140840 secs]4.502: [CMS4.504: [CMS-concurrent-mark: 0.004/0.018 secs] [Times: user=0.06 sys=0.00, real=0.02 secs] 
 (concurrent mode failure): 6319K->6317K(6848K), 0.0257067 secs] 9068K->9029K(9920K), [Metaspace: 3748K->3748K(1056768K)], 0.0399101 secs] [Times: user=0.09 sys=0.00, real=0.04 secs] 
4.530: [GC (Allocation Failure) 4.530: [ParNew (promotion failed): 2752K->3072K(3072K), 0.0213530 secs]4.551: [CMS: 6319K->6317K(6848K), 0.0179613 secs] 9069K->9032K(9920K), [Metaspace: 3748K->3748K(1056768K)], 0.0394502 secs] [Times: user=0.16 sys=0.00, real=0.04 secs] 
4.570: [GC (CMS Initial Mark) [1 CMS-initial-mark: 6317K(6848K)] 9032K(9920K), 0.0033076 secs] [Times: user=0.00 sys=0.00, real=0.00 secs] 
4.573: [CMS-concurrent-mark-start]
4.574: [GC (Allocation Failure) 4.574: [ParNew (promotion failed): 2752K->3072K(3072K), 0.0153772 secs]4.590: [CMS4.592: [CMS-concurrent-mark: 0.004/0.019 secs] [Times: user=0.12 sys=0.00, real=0.02 secs] 
 (concurrent mode failure): 6319K->6317K(6848K), 0.0210760 secs] 9069K->9034K(9920K), [Metaspace: 3748K->3748K(1056768K)], 0.0365421 secs] [Times: user=0.13 sys=0.00, real=0.04 secs] 
4.612: [GC (Allocation Failure) 4.612: [ParNew (promotion failed): 2752K->3072K(3072K), 0.0188273 secs]4.631: [CMS: 6319K->6317K(6848K), 0.0179062 secs] 9069K->9036K(9920K), [Metaspace: 3748K->3748K(1056768K)], 0.0368303 secs] [Times: user=0.14 sys=0.00, real=0.04 secs] 
4.649: [GC (CMS Initial Mark) [1 CMS-initial-mark: 6317K(6848K)] 9036K(9920K), 0.0032665 secs] [Times: user=0.01 sys=0.00, real=0.00 secs] 
4.653: [CMS-concurrent-mark-start]
4.654: [GC (Allocation Failure) 4.654: [ParNew (promotion failed): 2752K->3072K(3072K), 0.0203166 secs]4.675: [CMS4.678: [CMS-concurrent-mark: 0.005/0.025 secs] [Times: user=0.03 sys=0.00, real=0.03 secs] 
 (concurrent mode failure): 6319K->6317K(6848K), 0.0564575 secs] 9069K->9038K(9920K), [Metaspace: 3748K->3748K(1056768K)], 0.0768667 secs] [Times: user=0.06 sys=0.00, real=0.08 secs] 
4.739: [GC (Allocation Failure) 4.739: [ParNew (promotion failed): 2752K->3072K(3072K), 0.0183917 secs]4.758: [CMS: 6322K->6318K(6848K), 0.0215071 secs] 9069K->9040K(9920K), [Metaspace: 3748K->3748K(1056768K)], 0.0400269 secs] [Times: user=0.08 sys=0.00, real=0.04 secs] 
4.780: [GC (CMS Initial Mark) [1 CMS-initial-mark: 6318K(6848K)] 9042K(9920K), 0.0029764 secs] [Times: user=0.01 sys=0.00, real=0.00 secs] 
4.783: [CMS-concurrent-mark-start]
4.784: [GC (Allocation Failure) 4.784: [ParNew (promotion failed): 2752K->3038K(3072K), 0.0164382 secs]4.800: [CMS4.803: [CMS-concurrent-mark: 0.004/0.020 secs] [Times: user=0.11 sys=0.00, real=0.02 secs] 
 (concurrent mode failure): 6320K->6318K(6848K), 0.0207679 secs] 9070K->9042K(9920K), [Metaspace: 3748K->3748K(1056768K)], 0.0372975 secs] [Times: user=0.13 sys=0.00, real=0.04 secs] 
4.822: [GC (Allocation Failure) 4.822: [ParNew (promotion failed): 2752K->3015K(3072K), 0.0160404 secs]4.838: [CMS: 6320K->6318K(6848K), 0.0183647 secs] 9070K->9044K(9920K), [Metaspace: 3748K->3748K(1056768K)], 0.0344756 secs] [Times: user=0.13 sys=0.00, real=0.03 secs] 
4.857: [GC (CMS Initial Mark) [1 CMS-initial-mark: 6318K(6848K)] 9044K(9920K), 0.0031028 secs] [Times: user=0.01 sys=0.00, real=0.00 secs] 
4.860: [CMS-concurrent-mark-start]
4.861: [GC (Allocation Failure) 4.862: [ParNew (promotion failed): 2752K->2954K(3072K), 0.0205143 secs]4.882: [CMS4.885: [CMS-concurrent-mark: 0.004/0.024 secs] [Times: user=0.15 sys=0.00, real=0.02 secs] 
 (concurrent mode failure): 6320K->6318K(6848K), 0.0199983 secs] 9070K->9045K(9920K), [Metaspace: 3748K->3748K(1056768K)], 0.0405871 secs] [Times: user=0.17 sys=0.01, real=0.04 secs] 
4.903: [GC (Allocation Failure) 4.903: [ParNew (promotion failed): 2752K->2969K(3072K), 0.0146208 secs]4.918: [CMS: 6320K->6318K(6848K), 0.0171399 secs] 9070K->9047K(9920K), [Metaspace: 3748K->3748K(1056768K)], 0.0318347 secs] [Times: user=0.12 sys=0.00, real=0.03 secs] 
4.936: [GC (CMS Initial Mark) [1 CMS-initial-mark: 6318K(6848K)] 9049K(9920K), 0.0031472 secs] [Times: user=0.00 sys=0.00, real=0.01 secs] 
4.939: [CMS-concurrent-mark-start]
4.941: [GC (Allocation Failure) 4.941: [ParNew (promotion failed): 2752K->2971K(3072K), 0.0142923 secs]4.955: [CMS4.957: [CMS-concurrent-mark: 0.004/0.018 secs] [Times: user=0.10 sys=0.00, real=0.02 secs] 
 (concurrent mode failure): 6320K->6318K(6848K), 0.0204581 secs] 9070K->9048K(9920K), [Metaspace: 3748K->3748K(1056768K)], 0.0348368 secs] [Times: user=0.11 sys=0.00, real=0.03 secs] 
4.977: [GC (Allocation Failure) 4.977: [ParNew (promotion failed): 2752K->2967K(3072K), 0.0132550 secs]4.991: [CMS: 6320K->6318K(6848K), 0.0177640 secs] 9070K->9050K(9920K), [Metaspace: 3748K->3748K(1056768K)], 0.0311086 secs] [Times: user=0.10 sys=0.00, real=0.03 secs] 
5.009: [GC (CMS Initial Mark) [1 CMS-initial-mark: 6318K(6848K)] 9052K(9920K), 0.0032421 secs] [Times: user=0.01 sys=0.00, real=0.00 secs] 
5.012: [CMS-concurrent-mark-start]
5.013: [GC (Allocation Failure) 5.013: [ParNew (promotion failed): 2752K->2992K(3072K), 0.0198468 secs]5.033: [CMS5.036: [CMS-concurrent-mark: 0.004/0.024 secs] [Times: user=0.14 sys=0.00, real=0.02 secs] 
 (concurrent mode failure): 6320K->6318K(6848K), 0.0194152 secs] 9070K->9051K(9920K), [Metaspace: 3748K->3748K(1056768K)], 0.0393224 secs] [Times: user=0.16 sys=0.00, real=0.04 secs] 
5.054: [GC (Allocation Failure) 5.054: [ParNew (promotion failed): 2752K->2995K(3072K), 0.0144443 secs]5.068: [CMS: 6320K->6318K(6848K), 0.0168855 secs] 9070K->9052K(9920K), [Metaspace: 3748K->3748K(1056768K)], 0.0314061 secs] [Times: user=0.11 sys=0.00, real=0.03 secs] 
5.086: [GC (CMS Initial Mark) [1 CMS-initial-mark: 6318K(6848K)] 9054K(9920K), 0.0030272 secs] [Times: user=0.00 sys=0.00, real=0.01 secs] 
5.089: [CMS-concurrent-mark-start]
5.091: [GC (Allocation Failure) 5.091: [ParNew (promotion failed): 2752K->2974K(3072K), 0.0140227 secs]5.105: [CMS5.107: [CMS-concurrent-mark: 0.004/0.018 secs] [Times: user=0.11 sys=0.01, real=0.01 secs] 
 (concurrent mode failure): 6320K->6318K(6848K), 0.0196931 secs] 9070K->9053K(9920K), [Metaspace: 3748K->3748K(1056768K)], 0.0338271 secs] [Times: user=0.12 sys=0.01, real=0.03 secs] 
5.131: [GC (Allocation Failure) 5.131: [ParNew (promotion failed): 2752K->2998K(3072K), 0.0132326 secs]5.144: [CMS: 6320K->6318K(6848K), 0.0174824 secs] 9070K->9054K(9920K), [Metaspace: 3748K->3748K(1056768K)], 0.0307862 secs] [Times: user=0.10 sys=0.00, real=0.03 secs] 
5.162: [GC (CMS Initial Mark) [1 CMS-initial-mark: 6318K(6848K)] 9056K(9920K), 0.0030448 secs] [Times: user=0.00 sys=0.00, real=0.00 secs] 
5.165: [CMS-concurrent-mark-start]
5.166: [GC (Allocation Failure) 5.166: [ParNew (promotion failed): 2752K->2959K(3072K), 0.0148626 secs]5.181: [CMS5.184: [CMS-concurrent-mark: 0.004/0.019 secs] [Times: user=0.11 sys=0.00, real=0.02 secs] 
 (concurrent mode failure): 6320K->6318K(6848K), 0.0202360 secs] 9070K->9055K(9920K), [Metaspace: 3748K->3748K(1056768K)], 0.0351747 secs] [Times: user=0.12 sys=0.00, real=0.04 secs] 
5.203: [GC (Allocation Failure) 5.203: [ParNew (promotion failed): 2752K->2951K(3072K), 0.0196528 secs]5.222: [CMS: 6320K->6318K(6848K), 0.0307148 secs] 9070K->9056K(9920K), [Metaspace: 3748K->3748K(1056768K)], 0.0504572 secs] [Times: user=0.07 sys=0.00, real=0.05 secs] 
5.255: [GC (CMS Initial Mark) [1 CMS-initial-mark: 6318K(6848K)] 9056K(9920K), 0.0038512 secs] [Times: user=0.01 sys=0.00, real=0.01 secs] 
5.259: [CMS-concurrent-mark-start]
5.262: [GC (Allocation Failure) 5.262: [ParNew (promotion failed): 2752K->2978K(3072K), 0.0160408 secs]5.278: [CMS5.281: [CMS-concurrent-mark: 0.005/0.022 secs] [Times: user=0.07 sys=0.00, real=0.02 secs] 
 (concurrent mode failure): 6320K->6318K(6848K), 0.0243683 secs] 9070K->9057K(9920K), [Metaspace: 3748K->3748K(1056768K)], 0.0405167 secs] [Times: user=0.09 sys=0.00, real=0.04 secs] 
5.304: [GC (Allocation Failure) 5.304: [ParNew (promotion failed): 2752K->3003K(3072K), 0.0182828 secs]5.322: [CMS: 6320K->6318K(6848K), 0.0225990 secs] 9070K->9058K(9920K), [Metaspace: 3748K->3748K(1056768K)], 0.0409988 secs] [Times: user=0.10 sys=0.01, real=0.04 secs] 
5.346: [GC (CMS Initial Mark) [1 CMS-initial-mark: 6318K(6848K)] 9058K(9920K), 0.0037555 secs] [Times: user=0.01 sys=0.00, real=0.01 secs] 
5.350: [CMS-concurrent-mark-start]
5.351: [GC (Allocation Failure) 5.351: [ParNew (promotion failed): 2752K->2958K(3072K), 0.0197585 secs]5.371: [CMS5.374: [CMS-concurrent-mark: 0.004/0.024 secs] [Times: user=0.14 sys=0.00, real=0.02 secs] 
 (concurrent mode failure): 6320K->6318K(6848K), 0.0214484 secs] 9070K->9059K(9920K), [Metaspace: 3748K->3748K(1056768K)], 0.0413275 secs] [Times: user=0.16 sys=0.00, real=0.04 secs] 
5.394: [GC (Allocation Failure) 5.394: [ParNew (promotion failed): 2752K->2982K(3072K), 0.0162547 secs]5.411: [CMS: 6320K->6318K(6848K), 0.0183684 secs] 9070K->9059K(9920K), [Metaspace: 3748K->3748K(1056768K)], 0.0347240 secs] [Times: user=0.13 sys=0.00, real=0.04 secs] 
5.429: [GC (CMS Initial Mark) [1 CMS-initial-mark: 6318K(6848K)] 9059K(9920K), 0.0032814 secs] [Times: user=0.00 sys=0.00, real=0.00 secs] 
5.433: [CMS-concurrent-mark-start]
5.435: [GC (Allocation Failure) 5.435: [ParNew (promotion failed): 2752K->3006K(3072K), 0.0214500 secs]5.456: [CMS5.458: [CMS-concurrent-mark: 0.004/0.026 secs] [Times: user=0.16 sys=0.00, real=0.03 secs] 
 (concurrent mode failure): 6320K->6318K(6848K), 0.0208620 secs] 9070K->9060K(9920K), [Metaspace: 3748K->3748K(1056768K)], 0.0424166 secs] [Times: user=0.18 sys=0.00, real=0.04 secs] 
5.478: [GC (Allocation Failure) 5.478: [ParNew (promotion failed): 2752K->3007K(3072K), 0.0173084 secs]5.496: [CMS: 6320K->6318K(6848K), 0.0180766 secs] 9070K->9061K(9920K), [Metaspace: 3748K->3748K(1056768K)], 0.0354872 secs] [Times: user=0.13 sys=0.01, real=0.03 secs] 
5.514: [GC (CMS Initial Mark) [1 CMS-initial-mark: 6318K(6848K)] 9063K(9920K), 0.0034008 secs] [Times: user=0.00 sys=0.00, real=0.01 secs] 
5.518: [CMS-concurrent-mark-start]
5.521: [GC (Allocation Failure) 5.521: [ParNew (promotion failed): 2752K->2964K(3072K), 0.0157104 secs]5.536: [CMS5.538: [CMS-concurrent-mark: 0.004/0.020 secs] [Times: user=0.10 sys=0.00, real=0.02 secs] 
 (concurrent mode failure): 6320K->6318K(6848K), 0.0199387 secs] 9070K->9061K(9920K), [Metaspace: 3748K->3748K(1056768K)], 0.0357608 secs] [Times: user=0.11 sys=0.00, real=0.03 secs] 
5.558: [GC (Allocation Failure) 5.558: [ParNew (promotion failed): 2752K->2986K(3072K), 0.0232254 secs]5.581: [CMS: 6320K->6318K(6848K), 0.0180295 secs] 9070K->9062K(9920K), [Metaspace: 3748K->3748K(1056768K)], 0.0413573 secs] [Times: user=0.17 sys=0.00, real=0.04 secs] 
5.600: [GC (CMS Initial Mark) [1 CMS-initial-mark: 6318K(6848K)] 9064K(9920K), 0.0032071 secs] [Times: user=0.00 sys=0.00, real=0.00 secs] 
5.603: [CMS-concurrent-mark-start]
5.604: [GC (Allocation Failure) 5.604: [ParNew (promotion failed): 2752K->2984K(3072K), 0.0207477 secs]5.625: [CMS5.628: [CMS-concurrent-mark: 0.004/0.025 secs] [Times: user=0.16 sys=0.00, real=0.03 secs] 
 (concurrent mode failure): 6320K->6318K(6848K), 0.0212174 secs] 9070K->9062K(9920K), [Metaspace: 3748K->3748K(1056768K)], 0.0420847 secs] [Times: user=0.18 sys=0.00, real=0.04 secs] 
5.648: [GC (Allocation Failure) 5.648: [ParNew (promotion failed): 2752K->2986K(3072K), 0.0149376 secs]5.663: [CMS: 6320K->6318K(6848K), 0.0173567 secs] 9070K->9063K(9920K), [Metaspace: 3748K->3748K(1056768K)], 0.0323744 secs] [Times: user=0.09 sys=0.00, real=0.03 secs] 
5.681: [GC (CMS Initial Mark) [1 CMS-initial-mark: 6318K(6848K)] 9065K(9920K), 0.0031497 secs] [Times: user=0.00 sys=0.00, real=0.00 secs] 
5.684: [CMS-concurrent-mark-start]
5.685: [GC (Allocation Failure) 5.685: [ParNew (promotion failed): 2752K->2964K(3072K), 0.0116057 secs]5.696: [CMS5.699: [CMS-concurrent-mark: 0.004/0.015 secs] [Times: user=0.05 sys=0.00, real=0.02 secs] 
 (concurrent mode failure): 6320K->6318K(6848K), 0.0198346 secs] 9070K->9063K(9920K), [Metaspace: 3748K->3748K(1056768K)], 0.0315123 secs] [Times: user=0.07 sys=0.00, real=0.03 secs] 
5.717: [GC (Allocation Failure) 5.717: [ParNew (promotion failed): 2752K->2965K(3072K), 0.0123859 secs]5.730: [CMS: 6320K->6318K(6848K), 0.0189950 secs] 9070K->9064K(9920K), [Metaspace: 3748K->3748K(1056768K)], 0.0314698 secs] [Times: user=0.09 sys=0.00, real=0.03 secs] 
5.750: [GC (CMS Initial Mark) [1 CMS-initial-mark: 6318K(6848K)] 9066K(9920K), 0.0033350 secs] [Times: user=0.01 sys=0.00, real=0.00 secs] 
5.753: [CMS-concurrent-mark-start]
5.755: [GC (Allocation Failure) 5.755: [ParNew (promotion failed): 2752K->2989K(3072K), 0.0191109 secs]5.774: [CMS5.778: [CMS-concurrent-mark: 0.005/0.025 secs] [Times: user=0.12 sys=0.01, real=0.03 secs] 
 (concurrent mode failure): 6320K->6318K(6848K), 0.0216974 secs] 9070K->9064K(9920K), [Metaspace: 3748K->3748K(1056768K)], 0.0409392 secs] [Times: user=0.13 sys=0.00, real=0.04 secs] 
5.797: [GC (Allocation Failure) 5.797: [ParNew (promotion failed): 2752K->3037K(3072K), 0.0166930 secs]5.814: [CMS: 6320K->6318K(6848K), 0.0170215 secs] 9070K->9065K(9920K), [Metaspace: 3748K->3748K(1056768K)], 0.0337957 secs] [Times: user=0.12 sys=0.00, real=0.04 secs] 
5.831: [GC (CMS Initial Mark) [1 CMS-initial-mark: 6318K(6848K)] 9067K(9920K), 0.0031005 secs] [Times: user=0.01 sys=0.00, real=0.00 secs] 
5.834: [CMS-concurrent-mark-start]
5.836: [GC (Allocation Failure) 5.836: [ParNew (promotion failed): 2752K->3014K(3072K), 0.0237342 secs]5.859: [CMS5.862: [CMS-concurrent-mark: 0.004/0.028 secs] [Times: user=0.16 sys=0.00, real=0.03 secs] 
 (concurrent mode failure): 6320K->6318K(6848K), 0.0205783 secs] 9070K->9065K(9920K), [Metaspace: 3748K->3748K(1056768K)], 0.0444054 secs] [Times: user=0.18 sys=0.00, real=0.05 secs] 
5.881: [GC (Allocation Failure) 5.881: [ParNew (promotion failed): 2752K->3014K(3072K), 0.0217386 secs]5.903: [CMS: 6320K->6318K(6848K), 0.0172584 secs] 9070K->9065K(9920K), [Metaspace: 3748K->3748K(1056768K)], 0.0390804 secs] [Times: user=0.17 sys=0.00, real=0.04 secs] 
5.921: [GC (CMS Initial Mark) [1 CMS-initial-mark: 6318K(6848K)] 9065K(9920K), 0.0030645 secs] [Times: user=0.00 sys=0.00, real=0.00 secs] 
5.924: [CMS-concurrent-mark-start]
5.925: [GC (Allocation Failure) 5.925: [ParNew (promotion failed): 2752K->3015K(3072K), 0.0170399 secs]5.942: [CMS5.945: [CMS-concurrent-mark: 0.004/0.021 secs] [Times: user=0.13 sys=0.00, real=0.02 secs] 
 (concurrent mode failure): 6320K->6318K(6848K), 0.0199074 secs] 9070K->9065K(9920K), [Metaspace: 3748K->3748K(1056768K)], 0.0370194 secs] [Times: user=0.15 sys=0.00, real=0.04 secs] 
5.963: [GC (Allocation Failure) 5.963: [ParNew (promotion failed): 2752K->2991K(3072K), 0.0161867 secs]5.979: [CMS: 6320K->6318K(6848K), 0.0168856 secs] 9070K->9066K(9920K), [Metaspace: 3748K->3748K(1056768K)], 0.0331391 secs] [Times: user=0.11 sys=0.00, real=0.03 secs] 
5.997: [GC (CMS Initial Mark) [1 CMS-initial-mark: 6318K(6848K)] 9066K(9920K), 0.0030197 secs] [Times: user=0.01 sys=0.00, real=0.01 secs] 
6.000: [CMS-concurrent-mark-start]
6.001: [GC (Allocation Failure) 6.001: [ParNew (promotion failed): 2752K->2991K(3072K), 0.0153702 secs]6.016: [CMS6.019: [CMS-concurrent-mark: 0.004/0.019 secs] [Times: user=0.12 sys=0.00, real=0.02 secs] 
 (concurrent mode failure): 6320K->6318K(6848K), 0.0191503 secs] 9070K->9066K(9920K), [Metaspace: 3748K->3748K(1056768K)], 0.0345848 secs] [Times: user=0.13 sys=0.00, real=0.03 secs] 
6.036: [GC (Allocation Failure) 6.036: [ParNew (promotion failed): 2752K->3064K(3072K), 0.0143520 secs]6.051: [CMS: 6320K->6318K(6848K), 0.0168778 secs] 9070K->9066K(9920K), [Metaspace: 3748K->3748K(1056768K)], 0.0312904 secs] [Times: user=0.13 sys=0.00, real=0.04 secs] 
6.068: [GC (CMS Initial Mark) [1 CMS-initial-mark: 6318K(6848K)] 9066K(9920K), 0.0031372 secs] [Times: user=0.00 sys=0.00, real=0.00 secs] 
6.071: [CMS-concurrent-mark-start]
6.072: [GC (Allocation Failure) 6.072: [ParNew (promotion failed): 2752K->3016K(3072K), 0.0145003 secs]6.087: [CMS6.090: [CMS-concurrent-mark: 0.004/0.018 secs] [Times: user=0.11 sys=0.00, real=0.02 secs] 
 (concurrent mode failure): 6320K->6318K(6848K), 0.0196405 secs] 9070K->9067K(9920K), [Metaspace: 3748K->3748K(1056768K)], 0.0342108 secs] [Times: user=0.13 sys=0.00, real=0.03 secs] 
6.108: [GC (Allocation Failure) 6.108: [ParNew (promotion failed): 2752K->3016K(3072K), 0.0193917 secs]6.127: [CMS: 6320K->6318K(6848K), 0.0171418 secs] 9070K->9067K(9920K), [Metaspace: 3748K->3748K(1056768K)], 0.0366091 secs] [Times: user=0.16 sys=0.00, real=0.03 secs] 
6.145: [GC (CMS Initial Mark) [1 CMS-initial-mark: 6318K(6848K)] 9069K(9920K), 0.0032224 secs] [Times: user=0.00 sys=0.00, real=0.01 secs] 
6.149: [CMS-concurrent-mark-start]
6.150: [GC (Allocation Failure) 6.150: [ParNew (promotion failed): 2752K->3041K(3072K), 0.0211813 secs]6.171: [CMS6.174: [CMS-concurrent-mark: 0.004/0.025 secs] [Times: user=0.16 sys=0.00, real=0.02 secs] 
 (concurrent mode failure): 6320K->6318K(6848K), 0.0195110 secs] 9070K->9067K(9920K), [Metaspace: 3748K->3748K(1056768K)], 0.0407882 secs] [Times: user=0.17 sys=0.00, real=0.04 secs] 
6.192: [GC (Allocation Failure) 6.192: [ParNew (promotion failed): 2752K->3041K(3072K), 0.0225055 secs]6.215: [CMS: 6320K->6318K(6848K), 0.0168556 secs] 9070K->9067K(9920K), [Metaspace: 3748K->3748K(1056768K)], 0.0394298 secs] [Times: user=0.18 sys=0.01, real=0.04 secs] 
6.232: [GC (CMS Initial Mark) [1 CMS-initial-mark: 6318K(6848K)] 9067K(9920K), 0.0030710 secs] [Times: user=0.00 sys=0.00, real=0.00 secs] 
6.235: [CMS-concurrent-mark-start]
6.236: [GC (Allocation Failure) 6.236: [ParNew (promotion failed): 2752K->2993K(3072K), 0.0205262 secs]6.257: [CMS6.259: [CMS-concurrent-mark: 0.004/0.024 secs] [Times: user=0.15 sys=0.00, real=0.03 secs] 
 (concurrent mode failure): 6320K->6318K(6848K), 0.0193313 secs] 9070K->9067K(9920K), [Metaspace: 3748K->3748K(1056768K)], 0.0399424 secs] [Times: user=0.17 sys=0.00, real=0.04 secs] 
6.277: [GC (Allocation Failure) 6.277: [ParNew (promotion failed): 2752K->3018K(3072K), 0.0160889 secs]6.294: [CMS: 6320K->6318K(6848K), 0.0167859 secs] 9070K->9068K(9920K), [Metaspace: 3748K->3748K(1056768K)], 0.0329433 secs] [Times: user=0.13 sys=0.00, real=0.03 secs] 
6.311: [GC (CMS Initial Mark) [1 CMS-initial-mark: 6318K(6848K)] 9070K(9920K), 0.0031263 secs] [Times: user=0.00 sys=0.00, real=0.00 secs] 
6.314: [CMS-concurrent-mark-start]
6.316: [GC (Allocation Failure) 6.316: [ParNew (promotion failed): 2752K->2994K(3072K), 0.0214060 secs]6.337: [CMS6.339: [CMS-concurrent-mark: 0.004/0.025 secs] [Times: user=0.16 sys=0.00, real=0.03 secs] 
 (concurrent mode failure): 6320K->6318K(6848K), 0.0196081 secs] 9070K->9068K(9920K), [Metaspace: 3748K->3748K(1056768K)], 0.0410875 secs] [Times: user=0.17 sys=0.00, real=0.04 secs] 
6.360: [GC (Allocation Failure) 6.360: [ParNew (promotion failed): 2752K->2994K(3072K), 0.0201625 secs]6.380: [CMS: 6320K->6318K(6848K), 0.0171863 secs] 9070K->9068K(9920K), [Metaspace: 3748K->3748K(1056768K)], 0.0374390 secs] [Times: user=0.14 sys=0.00, real=0.03 secs] 
6.398: [GC (CMS Initial Mark) [1 CMS-initial-mark: 6318K(6848K)] 9068K(9920K), 0.0031566 secs] [Times: user=0.01 sys=0.00, real=0.00 secs] 
6.401: [CMS-concurrent-mark-start]
6.402: [GC (Allocation Failure) 6.402: [ParNew (promotion failed): 2752K->3018K(3072K), 0.0232824 secs]6.425: [CMS6.428: [CMS-concurrent-mark: 0.004/0.027 secs] [Times: user=0.17 sys=0.00, real=0.03 secs] 
 (concurrent mode failure): 6320K->6318K(6848K), 0.0193464 secs] 9070K->9068K(9920K), [Metaspace: 3748K->3748K(1056768K)], 0.0426943 secs] [Times: user=0.19 sys=0.00, real=0.04 secs] 
6.446: [GC (Allocation Failure) 6.446: [ParNew (promotion failed): 2752K->2994K(3072K), 0.0148778 secs]6.461: [CMS: 6320K->6318K(6848K), 0.0165887 secs] 9070K->9068K(9920K), [Metaspace: 3748K->3748K(1056768K)], 0.0315234 secs] [Times: user=0.12 sys=0.01, real=0.03 secs] 
6.478: [GC (CMS Initial Mark) [1 CMS-initial-mark: 6318K(6848K)] 9068K(9920K), 0.0030585 secs] [Times: user=0.00 sys=0.00, real=0.00 secs] 
6.481: [CMS-concurrent-mark-start]
6.482: [GC (Allocation Failure) 6.482: [ParNew (promotion failed): 2752K->2994K(3072K), 0.0143372 secs]6.496: [CMS6.499: [CMS-concurrent-mark: 0.004/0.018 secs] [Times: user=0.11 sys=0.00, real=0.02 secs] 
 (concurrent mode failure): 6320K->6318K(6848K), 0.0193705 secs] 9070K->9068K(9920K), [Metaspace: 3748K->3748K(1056768K)], 0.0337693 secs] [Times: user=0.12 sys=0.00, real=0.03 secs] 
6.516: [GC (Allocation Failure) 6.517: [ParNew (promotion failed): 2752K->2995K(3072K), 0.0166374 secs]6.533: [CMS: 6320K->6318K(6848K), 0.0172302 secs] 9070K->9068K(9920K), [Metaspace: 3748K->3748K(1056768K)], 0.0339489 secs] [Times: user=0.10 sys=0.00, real=0.04 secs] 
6.551: [GC (CMS Initial Mark) [1 CMS-initial-mark: 6318K(6848K)] 9068K(9920K), 0.0030347 secs] [Times: user=0.01 sys=0.00, real=0.00 secs] 
6.554: [CMS-concurrent-mark-start]
6.555: [GC (Allocation Failure) 6.555: [ParNew (promotion failed): 2752K->2995K(3072K), 0.0158275 secs]6.571: [CMS6.573: [CMS-concurrent-mark: 0.004/0.020 secs] [Times: user=0.12 sys=0.00, real=0.02 secs] 
 (concurrent mode failure): 6320K->6318K(6848K), 0.0196083 secs] 9070K->9069K(9920K), [Metaspace: 3748K->3748K(1056768K)], 0.0355052 secs] [Times: user=0.14 sys=0.00, real=0.04 secs] 
6.591: [GC (Allocation Failure) 6.591: [ParNew (promotion failed): 2752K->2995K(3072K), 0.0207098 secs]6.612: [CMS: 6320K->6318K(6848K), 0.0171070 secs] 9070K->9069K(9920K), [Metaspace: 3748K->3748K(1056768K)], 0.0379056 secs] [Times: user=0.16 sys=0.00, real=0.04 secs] 
6.630: [GC (CMS Initial Mark) [1 CMS-initial-mark: 6318K(6848K)] 9069K(9920K), 0.0030152 secs] [Times: user=0.00 sys=0.00, real=0.00 secs] 
6.633: [CMS-concurrent-mark-start]
6.634: [GC (Allocation Failure) 6.634: [ParNew (promotion failed): 2752K->3019K(3072K), 0.0205685 secs]6.655: [CMS6.657: [CMS-concurrent-mark: 0.004/0.024 secs] [Times: user=0.15 sys=0.00, real=0.02 secs] 
 (concurrent mode failure): 6320K->6318K(6848K), 0.0192386 secs] 9070K->9069K(9920K), [Metaspace: 3748K->3748K(1056768K)], 0.0398910 secs] [Times: user=0.16 sys=0.00, real=0.04 secs] 
6.675: [GC (Allocation Failure) 6.675: [ParNew (promotion failed): 2752K->2995K(3072K), 0.0169115 secs]6.692: [CMS: 6320K->6318K(6848K), 0.0168478 secs] 9070K->9069K(9920K), [Metaspace: 3748K->3748K(1056768K)], 0.0338283 secs] [Times: user=0.13 sys=0.00, real=0.04 secs] 
6.709: [GC (CMS Initial Mark) [1 CMS-initial-mark: 6318K(6848K)] 9070K(9920K), 0.0030309 secs] [Times: user=0.00 sys=0.00, real=0.00 secs] 
6.712: [CMS-concurrent-mark-start]
6.713: [GC (Allocation Failure) 6.713: [ParNew (promotion failed): 2752K->2995K(3072K), 0.0200090 secs]6.733: [CMS6.736: [CMS-concurrent-mark: 0.004/0.024 secs] [Times: user=0.15 sys=0.01, real=0.02 secs] 
 (concurrent mode failure): 6320K->6318K(6848K), 0.0198325 secs] 9070K->9069K(9920K), [Metaspace: 3748K->3748K(1056768K)], 0.0399188 secs] [Times: user=0.16 sys=0.01, real=0.04 secs] 
6.754: [GC (Allocation Failure) 6.754: [ParNew (promotion failed): 2752K->3020K(3072K), 0.0133054 secs]6.767: [CMS: 6320K->6318K(6848K), 0.0169854 secs] 9070K->9069K(9920K), [Metaspace: 3748K->3748K(1056768K)], 0.0303545 secs] [Times: user=0.10 sys=0.00, real=0.03 secs] 
6.785: [GC (CMS Initial Mark) [1 CMS-initial-mark: 6318K(6848K)] 9069K(9920K), 0.0030801 secs] [Times: user=0.00 sys=0.00, real=0.01 secs] 
6.788: [CMS-concurrent-mark-start]
6.789: [GC (Allocation Failure) 6.789: [ParNew (promotion failed): 2752K->3020K(3072K), 0.0173765 secs]6.806: [CMS6.809: [CMS-concurrent-mark: 0.004/0.021 secs] [Times: user=0.13 sys=0.00, real=0.02 secs] 
 (concurrent mode failure): 6320K->6318K(6848K), 0.0198829 secs] 9070K->9069K(9920K), [Metaspace: 3748K->3748K(1056768K)], 0.0373335 secs] [Times: user=0.13 sys=0.00, real=0.03 secs] 
6.827: [GC (Allocation Failure) 6.827: [ParNew (promotion failed): 2752K->3069K(3072K), 0.0179857 secs]6.845: [CMS: 6320K->6318K(6848K), 0.0168426 secs] 9070K->9069K(9920K), [Metaspace: 3748K->3748K(1056768K)], 0.0349061 secs] [Times: user=0.13 sys=0.00, real=0.03 secs] 
6.863: [GC (CMS Initial Mark) [1 CMS-initial-mark: 6318K(6848K)] 9069K(9920K), 0.0031045 secs] [Times: user=0.01 sys=0.00, real=0.00 secs] 
6.866: [CMS-concurrent-mark-start]
6.867: [GC (Allocation Failure) 6.867: [ParNew (promotion failed): 2752K->2996K(3072K), 0.0194840 secs]6.887: [CMS6.889: [CMS-concurrent-mark: 0.004/0.023 secs] [Times: user=0.14 sys=0.00, real=0.03 secs] 
 (concurrent mode failure): 6320K->6318K(6848K), 0.0194306 secs] 9070K->9069K(9920K), [Metaspace: 3748K->3748K(1056768K)], 0.0389820 secs] [Times: user=0.16 sys=0.00, real=0.04 secs] 
6.907: [GC (Allocation Failure) 6.907: [ParNew (promotion failed): 2752K->2996K(3072K), 0.0215206 secs]6.929: [CMS: 6320K->6318K(6848K), 0.0166896 secs] 9070K->9069K(9920K), [Metaspace: 3748K->3748K(1056768K)], 0.0382721 secs] [Times: user=0.16 sys=0.01, real=0.04 secs] 
6.946: [GC (CMS Initial Mark) [1 CMS-initial-mark: 6318K(6848K)] 9070K(9920K), 0.0031046 secs] [Times: user=0.01 sys=0.00, real=0.01 secs] 
6.949: [CMS-concurrent-mark-start]
6.950: [GC (Allocation Failure) 6.950: [ParNew (promotion failed): 2752K->2996K(3072K), 0.0136097 secs]6.963: [CMS6.966: [CMS-concurrent-mark: 0.004/0.017 secs] [Times: user=0.09 sys=0.00, real=0.01 secs] 
 (concurrent mode failure): 6320K->6318K(6848K), 0.0195590 secs] 9070K->9069K(9920K), [Metaspace: 3748K->3748K(1056768K)], 0.0332300 secs] [Times: user=0.11 sys=0.00, real=0.03 secs] 
6.984: [GC (Allocation Failure) 6.984: [ParNew (promotion failed): 2752K->3020K(3072K), 0.0154170 secs]7.000: [CMS: 6320K->6318K(6848K), 0.0168221 secs] 9070K->9069K(9920K), [Metaspace: 3748K->3748K(1056768K)], 0.0323185 secs] [Times: user=0.13 sys=0.00, real=0.03 secs] 
7.017: [GC (CMS Initial Mark) [1 CMS-initial-mark: 6318K(6848K)] 9070K(9920K), 0.0030437 secs] [Times: user=0.00 sys=0.00, real=0.00 secs] 
7.020: [CMS-concurrent-mark-start]
7.022: [GC (Allocation Failure) 7.022: [ParNew (promotion failed): 2752K->3069K(3072K), 0.0144613 secs]7.036: [CMS7.039: [CMS-concurrent-mark: 0.004/0.018 secs] [Times: user=0.12 sys=0.00, real=0.02 secs] 
 (concurrent mode failure): 6320K->6318K(6848K), 0.0195165 secs] 9070K->9069K(9920K), [Metaspace: 3748K->3748K(1056768K)], 0.0340445 secs] [Times: user=0.13 sys=0.00, real=0.03 secs] 
7.057: [GC (Allocation Failure) 7.057: [ParNew (promotion failed): 2752K->3045K(3072K), 0.0173070 secs]7.075: [CMS: 6320K->6318K(6848K), 0.0172441 secs] 9070K->9069K(9920K), [Metaspace: 3748K->3748K(1056768K)], 0.0346361 secs] [Times: user=0.15 sys=0.00, real=0.04 secs] 
7.094: [GC (CMS Initial Mark) [1 CMS-initial-mark: 6318K(6848K)] 9070K(9920K), 0.0030385 secs] [Times: user=0.00 sys=0.00, real=0.00 secs] 
7.097: [CMS-concurrent-mark-start]
7.099: [GC (Allocation Failure) 7.099: [ParNew (promotion failed): 2752K->3021K(3072K), 0.0167198 secs]7.115: [CMS7.118: [CMS-concurrent-mark: 0.004/0.020 secs] [Times: user=0.12 sys=0.00, real=0.03 secs] 
 (concurrent mode failure): 6320K->6318K(6848K), 0.0189829 secs] 9070K->9070K(9920K), [Metaspace: 3748K->3748K(1056768K)], 0.0357751 secs] [Times: user=0.14 sys=0.00, real=0.03 secs] 
7.135: [GC (Allocation Failure) 7.135: [ParNew (promotion failed): 2752K->3021K(3072K), 0.0173542 secs]7.153: [CMS: 6320K->6318K(6848K), 0.0167342 secs] 9070K->9070K(9920K), [Metaspace: 3748K->3748K(1056768K)], 0.0341782 secs] [Times: user=0.13 sys=0.00, real=0.04 secs] 
7.170: [GC (CMS Initial Mark) [1 CMS-initial-mark: 6318K(6848K)] 9070K(9920K), 0.0030729 secs] [Times: user=0.00 sys=0.01, real=0.00 secs] 
7.173: [CMS-concurrent-mark-start]
7.174: [GC (Allocation Failure) 7.174: [ParNew (promotion failed): 2752K->3021K(3072K), 0.0149139 secs]7.189: [CMS7.191: [CMS-concurrent-mark: 0.004/0.019 secs] [Times: user=0.11 sys=0.00, real=0.02 secs] 
 (concurrent mode failure): 6320K->6318K(6848K), 0.0194978 secs] 9070K->9070K(9920K), [Metaspace: 3748K->3748K(1056768K)], 0.0344884 secs] [Times: user=0.13 sys=0.00, real=0.04 secs] 
7.209: [GC (Allocation Failure) 7.209: [ParNew (promotion failed): 2752K->3045K(3072K), 0.0217710 secs]7.231: [CMS: 6320K->6318K(6848K), 0.0169753 secs] 9070K->9070K(9920K), [Metaspace: 3748K->3748K(1056768K)], 0.0388225 secs] [Times: user=0.16 sys=0.00, real=0.04 secs] 
7.249: [GC (CMS Initial Mark) [1 CMS-initial-mark: 6318K(6848K)] 9070K(9920K), 0.0030357 secs] [Times: user=0.00 sys=0.00, real=0.00 secs] 
7.252: [CMS-concurrent-mark-start]
7.253: [GC (Allocation Failure) 7.253: [ParNew (promotion failed): 2752K->3021K(3072K), 0.0128490 secs]7.266: [CMS7.268: [CMS-concurrent-mark: 0.004/0.017 secs] [Times: user=0.10 sys=0.00, real=0.02 secs] 
 (concurrent mode failure): 6320K->6318K(6848K), 0.0201559 secs] 9070K->9070K(9920K), [Metaspace: 3748K->3748K(1056768K)], 0.0330815 secs] [Times: user=0.11 sys=0.00, real=0.03 secs] 
7.287: [GC (Allocation Failure) 7.287: [ParNew (promotion failed): 2752K->3045K(3072K), 0.0173423 secs]7.304: [CMS: 6320K->6318K(6848K), 0.0169204 secs] 9070K->9070K(9920K), [Metaspace: 3748K->3748K(1056768K)], 0.0343357 secs] [Times: user=0.13 sys=0.00, real=0.04 secs] 
7.321: [GC (CMS Initial Mark) [1 CMS-initial-mark: 6318K(6848K)] 9070K(9920K), 0.0031022 secs] [Times: user=0.00 sys=0.00, real=0.00 secs] 
7.325: [CMS-concurrent-mark-start]
7.326: [GC (Allocation Failure) 7.326: [ParNew (promotion failed): 2752K->3021K(3072K), 0.0155607 secs]7.341: [CMS7.344: [CMS-concurrent-mark: 0.004/0.019 secs] [Times: user=0.11 sys=0.00, real=0.02 secs] 
 (concurrent mode failure): 6320K->6318K(6848K), 0.0196970 secs] 9070K->9070K(9920K), [Metaspace: 3748K->3748K(1056768K)], 0.0353343 secs] [Times: user=0.13 sys=0.00, real=0.04 secs] 
7.362: [GC (Allocation Failure) 7.362: [ParNew (promotion failed): 2752K->3021K(3072K), 0.0144146 secs]7.376: [CMS: 6320K->6318K(6848K), 0.0168024 secs] 9070K->9070K(9920K), [Metaspace: 3748K->3748K(1056768K)], 0.0312865 secs] [Times: user=0.11 sys=0.00, real=0.03 secs] 
7.393: [GC (CMS Initial Mark) [1 CMS-initial-mark: 6318K(6848K)] 9070K(9920K), 0.0031063 secs] [Times: user=0.00 sys=0.00, real=0.00 secs] 
7.396: [CMS-concurrent-mark-start]
7.397: [GC (Allocation Failure) 7.397: [ParNew (promotion failed): 2752K->2996K(3072K), 0.0154247 secs]7.413: [CMS7.416: [CMS-concurrent-mark: 0.003/0.019 secs] [Times: user=0.12 sys=0.00, real=0.02 secs] 
 (concurrent mode failure): 6320K->6318K(6848K), 0.0194330 secs] 9070K->9070K(9920K), [Metaspace: 3748K->3748K(1056768K)], 0.0349288 secs] [Times: user=0.13 sys=0.00, real=0.03 secs] 
7.433: [GC (Allocation Failure) 7.433: [ParNew (promotion failed): 2752K->3070K(3072K), 0.0168715 secs]7.450: [CMS: 6320K->6318K(6848K), 0.0168610 secs] 9070K->9070K(9920K), [Metaspace: 3748K->3748K(1056768K)], 0.0337957 secs] [Times: user=0.14 sys=0.00, real=0.03 secs] 
7.468: [GC (CMS Initial Mark) [1 CMS-initial-mark: 6318K(6848K)] 9070K(9920K), 0.0030204 secs] [Times: user=0.00 sys=0.00, real=0.00 secs] 
7.471: [CMS-concurrent-mark-start]
7.472: [GC (Allocation Failure) 7.472: [ParNew (promotion failed): 2752K->3021K(3072K), 0.0208455 secs]7.493: [CMS7.495: [CMS-concurrent-mark: 0.004/0.025 secs] [Times: user=0.14 sys=0.00, real=0.02 secs] 
 (concurrent mode failure): 6320K->6318K(6848K), 0.0196943 secs] 9070K->9070K(9920K), [Metaspace: 3748K->3748K(1056768K)], 0.0406248 secs] [Times: user=0.16 sys=0.00, real=0.04 secs] 
7.513: [GC (Allocation Failure) 7.513: [ParNew (promotion failed): 2752K->2997K(3072K), 0.0197527 secs]7.533: [CMS: 6320K->6318K(6848K), 0.0175620 secs] 9070K->9070K(9920K), [Metaspace: 3748K->3748K(1056768K)], 0.0374888 secs] [Times: user=0.14 sys=0.00, real=0.04 secs] 
7.551: [GC (CMS Initial Mark) [1 CMS-initial-mark: 6318K(6848K)] 9070K(9920K), 0.0031635 secs] [Times: user=0.00 sys=0.00, real=0.00 secs] 
7.555: [CMS-concurrent-mark-start]
7.556: [GC (Allocation Failure) 7.556: [ParNew (promotion failed): 2752K->3021K(3072K), 0.0160910 secs]7.572: [CMS7.575: [CMS-concurrent-mark: 0.004/0.020 secs] [Times: user=0.12 sys=0.01, real=0.02 secs] 
 (concurrent mode failure): 6320K->6318K(6848K), 0.0193022 secs] 9070K->9070K(9920K), [Metaspace: 3748K->3748K(1056768K)], 0.0354915 secs] [Times: user=0.13 sys=0.01, real=0.04 secs] 
7.593: [GC (Allocation Failure) 7.593: [ParNew (promotion failed): 2752K->3021K(3072K), 0.0175741 secs]7.610: [CMS: 6320K->6318K(6848K), 0.0172732 secs] 9070K->9070K(9920K), [Metaspace: 3748K->3748K(1056768K)], 0.0349290 secs] [Times: user=0.14 sys=0.00, real=0.04 secs] 
7.628: [GC (CMS Initial Mark) [1 CMS-initial-mark: 6318K(6848K)] 9070K(9920K), 0.0030115 secs] [Times: user=0.00 sys=0.00, real=0.00 secs] 
7.631: [CMS-concurrent-mark-start]
7.632: [GC (Allocation Failure) 7.632: [ParNew (promotion failed): 2752K->3021K(3072K), 0.0198274 secs]7.652: [CMS7.655: [CMS-concurrent-mark: 0.004/0.023 secs] [Times: user=0.15 sys=0.00, real=0.02 secs] 
 (concurrent mode failure): 6320K->6318K(6848K), 0.0196758 secs] 9070K->9070K(9920K), [Metaspace: 3748K->3748K(1056768K)], 0.0395795 secs] [Times: user=0.15 sys=0.00, real=0.04 secs] 
7.672: [GC (Allocation Failure) 7.672: [ParNew (promotion failed): 2752K->3046K(3072K), 0.0195345 secs]7.692: [CMS: 6320K->6318K(6848K), 0.0192922 secs] 9070K->9070K(9920K), [Metaspace: 3748K->3748K(1056768K)], 0.0389260 secs] [Times: user=0.14 sys=0.00, real=0.04 secs] 
7.712: [GC (CMS Initial Mark) [1 CMS-initial-mark: 6318K(6848K)] 9070K(9920K), 0.0033365 secs] [Times: user=0.00 sys=0.00, real=0.00 secs] 
7.715: [CMS-concurrent-mark-start]
7.716: [GC (Allocation Failure) 7.716: [ParNew (promotion failed): 2752K->2997K(3072K), 0.0155039 secs]7.732: [CMS7.735: [CMS-concurrent-mark: 0.004/0.019 secs] [Times: user=0.10 sys=0.01, real=0.02 secs] 
 (concurrent mode failure): 6320K->6318K(6848K), 0.0214894 secs] 9070K->9070K(9920K), [Metaspace: 3748K->3748K(1056768K)], 0.0370896 secs] [Times: user=0.12 sys=0.01, real=0.04 secs] 
7.754: [GC (Allocation Failure) 7.754: [ParNew (promotion failed): 2752K->3046K(3072K), 0.0160718 secs]7.770: [CMS: 6320K->6318K(6848K), 0.0180429 secs] 9070K->9070K(9920K), [Metaspace: 3748K->3748K(1056768K)], 0.0342089 secs] [Times: user=0.12 sys=0.00, real=0.04 secs] 
7.789: [GC (CMS Initial Mark) [1 CMS-initial-mark: 6318K(6848K)] 9070K(9920K), 0.0032142 secs] [Times: user=0.00 sys=0.00, real=0.00 secs] 
7.792: [CMS-concurrent-mark-start]
7.793: [GC (Allocation Failure) 7.793: [ParNew (promotion failed): 2752K->3021K(3072K), 0.0124557 secs]7.807: [CMS7.810: [CMS-concurrent-mark: 0.004/0.018 secs] [Times: user=0.08 sys=0.00, real=0.02 secs] 
 (concurrent mode failure): 6320K->6318K(6848K), 0.0371303 secs] 9070K->9070K(9920K), [Metaspace: 3748K->3748K(1056768K)], 0.0513747 secs] [Times: user=0.10 sys=0.00, real=0.05 secs] 
7.845: [GC (Allocation Failure) 7.845: [ParNew (promotion failed): 2752K->3021K(3072K), 0.0136579 secs]7.859: [CMS: 6320K->6318K(6848K), 0.0188412 secs] 9070K->9070K(9920K), [Metaspace: 3748K->3748K(1056768K)], 0.0325968 secs] [Times: user=0.10 sys=0.00, real=0.04 secs] 
7.878: [GC (CMS Initial Mark) [1 CMS-initial-mark: 6318K(6848K)] 9070K(9920K), 0.0029902 secs] [Times: user=0.01 sys=0.00, real=0.00 secs] 
7.881: [CMS-concurrent-mark-start]
7.882: [GC (Allocation Failure) 7.882: [ParNew (promotion failed): 2752K->2997K(3072K), 0.0131619 secs]7.895: [CMS7.898: [CMS-concurrent-mark: 0.004/0.017 secs] [Times: user=0.09 sys=0.00, real=0.02 secs] 
 (concurrent mode failure): 6320K->6318K(6848K), 0.0199623 secs] 9070K->9070K(9920K), [Metaspace: 3748K->3748K(1056768K)], 0.0332091 secs] [Times: user=0.11 sys=0.00, real=0.03 secs] 
7.916: [GC (Allocation Failure) 7.916: [ParNew (promotion failed): 2752K->2997K(3072K), 0.0153910 secs]7.932: [CMS: 6320K->6318K(6848K), 0.0170052 secs] 9070K->9070K(9920K), [Metaspace: 3748K->3748K(1056768K)], 0.0324791 secs] [Times: user=0.11 sys=0.00, real=0.04 secs] 
7.949: [GC (CMS Initial Mark) [1 CMS-initial-mark: 6318K(6848K)] 9070K(9920K), 0.0031039 secs] [Times: user=0.00 sys=0.00, real=0.00 secs] 
7.952: [CMS-concurrent-mark-start]
7.953: [GC (Allocation Failure) 7.953: [ParNew (promotion failed): 2752K->3021K(3072K), 0.0135072 secs]7.967: [CMS7.970: [CMS-concurrent-mark: 0.004/0.017 secs] [Times: user=0.10 sys=0.01, real=0.02 secs] 
 (concurrent mode failure): 6320K->6318K(6848K), 0.0194120 secs] 9070K->9070K(9920K), [Metaspace: 3748K->3748K(1056768K)], 0.0329953 secs] [Times: user=0.12 sys=0.01, real=0.03 secs] 
7.987: [GC (Allocation Failure) 7.987: [ParNew (promotion failed): 2752K->3021K(3072K), 0.0217953 secs]8.009: [CMS: 6320K->6318K(6848K), 0.0167001 secs] 9070K->9070K(9920K), [Metaspace: 3748K->3748K(1056768K)], 0.0385851 secs] [Times: user=0.17 sys=0.00, real=0.04 secs] 
8.026: [GC (CMS Initial Mark) [1 CMS-initial-mark: 6318K(6848K)] 9070K(9920K), 0.0030452 secs] [Times: user=0.01 sys=0.00, real=0.01 secs] 
8.029: [CMS-concurrent-mark-start]
8.030: [GC (Allocation Failure) 8.030: [ParNew (promotion failed): 2752K->2997K(3072K), 0.0149720 secs]8.045: [CMS8.048: [CMS-concurrent-mark: 0.004/0.019 secs] [Times: user=0.11 sys=0.00, real=0.02 secs] 
 (concurrent mode failure): 6320K->6318K(6848K), 0.0196170 secs] 9070K->9070K(9920K), [Metaspace: 3748K->3748K(1056768K)], 0.0346670 secs] [Times: user=0.13 sys=0.00, real=0.03 secs] 
8.066: [GC (Allocation Failure) 8.066: [ParNew (promotion failed): 2752K->3021K(3072K), 0.0159790 secs]8.082: [CMS: 6320K->6318K(6848K), 0.0169565 secs] 9070K->9070K(9920K), [Metaspace: 3748K->3748K(1056768K)], 0.0330073 secs] [Times: user=0.14 sys=0.00, real=0.04 secs] 
8.099: [GC (CMS Initial Mark) [1 CMS-initial-mark: 6318K(6848K)] 9070K(9920K), 0.0033040 secs] [Times: user=0.00 sys=0.00, real=0.00 secs] 
8.103: [CMS-concurrent-mark-start]
8.105: [GC (Allocation Failure) 8.105: [ParNew (promotion failed): 2752K->2997K(3072K), 0.0163953 secs]8.122: [CMS8.123: [CMS-concurrent-mark: 0.004/0.020 secs] [Times: user=0.10 sys=0.00, real=0.02 secs] 
 (concurrent mode failure): 6320K->6318K(6848K), 0.0184394 secs] 9070K->9070K(9920K), [Metaspace: 3748K->3748K(1056768K)], 0.0349330 secs] [Times: user=0.11 sys=0.00, real=0.04 secs] 
8.141: [GC (Allocation Failure) 8.141: [ParNew (promotion failed): 2752K->3021K(3072K), 0.0149088 secs]8.156: [CMS: 6320K->6318K(6848K), 0.0168324 secs] 9070K->9070K(9920K), [Metaspace: 3748K->3748K(1056768K)], 0.0318258 secs] [Times: user=0.13 sys=0.00, real=0.03 secs] 
8.174: [GC (CMS Initial Mark) [1 CMS-initial-mark: 6318K(6848K)] 9070K(9920K), 0.0030915 secs] [Times: user=0.00 sys=0.00, real=0.00 secs] 
8.177: [CMS-concurrent-mark-start]
8.177: [GC (Allocation Failure) 8.177: [ParNew (promotion failed): 2752K->3021K(3072K), 0.0202543 secs]8.198: [CMS8.201: [CMS-concurrent-mark: 0.004/0.024 secs] [Times: user=0.09 sys=0.01, real=0.03 secs] 
 (concurrent mode failure): 6320K->6318K(6848K), 0.0213606 secs] 9070K->9070K(9920K), [Metaspace: 3748K->3748K(1056768K)], 0.0416973 secs] [Times: user=0.11 sys=0.01, real=0.05 secs] 
8.220: [GC (Allocation Failure) 8.220: [ParNew (promotion failed): 2752K->2997K(3072K), 0.0161768 secs]8.236: [CMS: 6320K->6318K(6848K), 0.0175055 secs] 9070K->9070K(9920K), [Metaspace: 3748K->3748K(1056768K)], 0.0337755 secs] [Times: user=0.10 sys=0.00, real=0.03 secs] 
8.255: [GC (CMS Initial Mark) [1 CMS-initial-mark: 6318K(6848K)] 9070K(9920K), 0.0030336 secs] [Times: user=0.00 sys=0.00, real=0.01 secs] 
8.258: [CMS-concurrent-mark-start]
8.258: [GC (Allocation Failure) 8.259: [ParNew (promotion failed): 2752K->2997K(3072K), 0.0212785 secs]8.280: [CMS8.283: [CMS-concurrent-mark: 0.004/0.025 secs] [Times: user=0.15 sys=0.00, real=0.02 secs] 
 (concurrent mode failure): 6320K->6318K(6848K), 0.0226322 secs] 9070K->9070K(9920K), [Metaspace: 3748K->3748K(1056768K)], 0.0440005 secs] [Times: user=0.17 sys=0.00, real=0.04 secs] 
8.303: [GC (Allocation Failure) 8.303: [ParNew (promotion failed): 2752K->3046K(3072K), 0.0136295 secs]8.317: [CMS: 6320K->6318K(6848K), 0.0170025 secs] 9070K->9070K(9920K), [Metaspace: 3748K->3748K(1056768K)], 0.0307235 secs] [Times: user=0.09 sys=0.00, real=0.03 secs] 
8.335: [GC (CMS Initial Mark) [1 CMS-initial-mark: 6318K(6848K)] 9070K(9920K), 0.0034712 secs] [Times: user=0.00 sys=0.00, real=0.01 secs] 
8.338: [CMS-concurrent-mark-start]
8.339: [GC (Allocation Failure) 8.339: [ParNew (promotion failed): 2751K->2997K(3072K), 0.0180835 secs]8.357: [CMS8.360: [CMS-concurrent-mark: 0.004/0.022 secs] [Times: user=0.14 sys=0.00, real=0.02 secs] 
 (concurrent mode failure): 6320K->6318K(6848K), 0.0202965 secs] 9070K->9070K(9920K), [Metaspace: 3748K->3748K(1056768K)], 0.0384721 secs] [Times: user=0.16 sys=0.00, real=0.04 secs] 
8.378: [GC (Allocation Failure) 8.378: [ParNew (promotion failed): 2751K->2997K(3072K), 0.0201823 secs]8.398: [CMS: 6320K->6318K(6848K), 0.0169699 secs] 9070K->9070K(9920K), [Metaspace: 3748K->3748K(1056768K)], 0.0372437 secs] [Times: user=0.14 sys=0.00, real=0.03 secs] 
8.416: [GC (CMS Initial Mark) [1 CMS-initial-mark: 6318K(6848K)] 9070K(9920K), 0.0030419 secs] [Times: user=0.00 sys=0.00, real=0.01 secs] 
8.419: [CMS-concurrent-mark-start]
8.420: [GC (Allocation Failure) 8.420: [ParNew (promotion failed): 2752K->3021K(3072K), 0.0123053 secs]8.432: [CMS8.435: [CMS-concurrent-mark: 0.003/0.016 secs] [Times: user=0.09 sys=0.00, real=0.01 secs] 
 (concurrent mode failure): 6320K->6318K(6848K), 0.0195732 secs] 9070K->9070K(9920K), [Metaspace: 3748K->3748K(1056768K)], 0.0319689 secs] [Times: user=0.11 sys=0.00, real=0.03 secs] 
8.452: [GC (Allocation Failure) 8.452: [ParNew (promotion failed): 2751K->3070K(3072K), 0.0122760 secs]8.464: [CMS: 6320K->6318K(6848K), 0.0165162 secs] 9070K->9070K(9920K), [Metaspace: 3748K->3748K(1056768K)], 0.0288712 secs] [Times: user=0.10 sys=0.01, real=0.03 secs] 
8.482: [GC (CMS Initial Mark) [1 CMS-initial-mark: 6318K(6848K)] 9070K(9920K), 0.0030984 secs] [Times: user=0.00 sys=0.00, real=0.00 secs] 
8.485: [CMS-concurrent-mark-start]
8.485: [GC (Allocation Failure) 8.485: [ParNew (promotion failed): 2751K->3046K(3072K), 0.0106527 secs]8.496: [CMS8.499: [CMS-concurrent-mark: 0.004/0.014 secs] [Times: user=0.07 sys=0.00, real=0.02 secs] 
 (concurrent mode failure): 6320K->6318K(6848K), 0.0201876 secs] 9070K->9070K(9920K), [Metaspace: 3748K->3748K(1056768K)], 0.0309096 secs] [Times: user=0.09 sys=0.00, real=0.03 secs] 
8.517: [GC (Allocation Failure) 8.517: [ParNew (promotion failed): 2751K->3046K(3072K), 0.0128123 secs]8.530: [CMS: 6320K->6318K(6848K), 0.0168030 secs] 9070K->9070K(9920K), [Metaspace: 3748K->3748K(1056768K)], 0.0296883 secs] [Times: user=0.09 sys=0.00, real=0.03 secs] 
8.547: [GC (CMS Initial Mark) [1 CMS-initial-mark: 6318K(6848K)] 9070K(9920K), 0.0031437 secs] [Times: user=0.01 sys=0.00, real=0.01 secs] 
8.550: [CMS-concurrent-mark-start]
8.551: [GC (Allocation Failure) 8.551: [ParNew (promotion failed): 2752K->3022K(3072K), 0.0141792 secs]8.565: [CMS8.568: [CMS-concurrent-mark: 0.004/0.018 secs] [Times: user=0.10 sys=0.00, real=0.02 secs] 
 (concurrent mode failure): 6320K->6318K(6848K), 0.0202365 secs] 9070K->9070K(9920K), [Metaspace: 3748K->3748K(1056768K)], 0.0345075 secs] [Times: user=0.12 sys=0.00, real=0.03 secs] 
8.586: [GC (Allocation Failure) 8.586: [ParNew (promotion failed): 2752K->3022K(3072K), 0.0145673 secs]8.601: [CMS: 6320K->6318K(6848K), 0.0168589 secs] 9070K->9070K(9920K), [Metaspace: 3748K->3748K(1056768K)], 0.0315059 secs] [Times: user=0.12 sys=0.00, real=0.04 secs] 
8.618: [GC (CMS Initial Mark) [1 CMS-initial-mark: 6318K(6848K)] 9070K(9920K), 0.0030343 secs] [Times: user=0.00 sys=0.00, real=0.00 secs] 
8.621: [CMS-concurrent-mark-start]
8.621: [GC (Allocation Failure) 8.621: [ParNew (promotion failed): 2752K->3046K(3072K), 0.0142243 secs]8.636: [CMS8.639: [CMS-concurrent-mark: 0.004/0.018 secs] [Times: user=0.11 sys=0.00, real=0.02 secs] 
 (concurrent mode failure): 6320K->6318K(6848K), 0.0205790 secs] 9070K->9070K(9920K), [Metaspace: 3748K->3748K(1056768K)], 0.0348766 secs] [Times: user=0.13 sys=0.00, real=0.03 secs] 
8.657: [GC (Allocation Failure) 8.657: [ParNew (promotion failed): 2752K->2997K(3072K), 0.0200532 secs]8.677: [CMS: 6320K->6318K(6848K), 0.0167223 secs] 9070K->9070K(9920K), [Metaspace: 3748K->3748K(1056768K)], 0.0368713 secs] [Times: user=0.15 sys=0.00, real=0.04 secs] 
8.694: [GC (CMS Initial Mark) [1 CMS-initial-mark: 6318K(6848K)] 9070K(9920K), 0.0030384 secs] [Times: user=0.01 sys=0.00, real=0.01 secs] 
8.697: [CMS-concurrent-mark-start]
8.698: [GC (Allocation Failure) 8.698: [ParNew (promotion failed): 2752K->2997K(3072K), 0.0188528 secs]8.717: [CMS8.720: [CMS-concurrent-mark: 0.004/0.022 secs] [Times: user=0.13 sys=0.00, real=0.02 secs] 
 (concurrent mode failure): 6320K->6318K(6848K), 0.0198332 secs] 9070K->9070K(9920K), [Metaspace: 3748K->3748K(1056768K)], 0.0387566 secs] [Times: user=0.14 sys=0.00, real=0.03 secs] 
8.737: [GC (Allocation Failure) 8.737: [ParNew (promotion failed): 2751K->3021K(3072K), 0.0215856 secs]8.759: [CMS: 6320K->6318K(6848K), 0.0166585 secs] 9070K->9070K(9920K), [Metaspace: 3748K->3748K(1056768K)], 0.0383245 secs] [Times: user=0.17 sys=0.00, real=0.04 secs] 
8.776: [GC (CMS Initial Mark) [1 CMS-initial-mark: 6318K(6848K)] 9070K(9920K), 0.0030966 secs] [Times: user=0.01 sys=0.00, real=0.01 secs] 
8.779: [CMS-concurrent-mark-start]
8.779: [GC (Allocation Failure) 8.780: [ParNew (promotion failed): 2751K->2997K(3072K), 0.0181334 secs]8.798: [CMS8.801: [CMS-concurrent-mark: 0.004/0.022 secs] [Times: user=0.13 sys=0.00, real=0.02 secs] 
 (concurrent mode failure): 6320K->6318K(6848K), 0.0202861 secs] 9070K->9070K(9920K), [Metaspace: 3748K->3748K(1056768K)], 0.0384850 secs] [Times: user=0.15 sys=0.00, real=0.04 secs] 
8.819: [GC (Allocation Failure) 8.819: [ParNew (promotion failed): 2751K->3021K(3072K), 0.0137550 secs]8.833: [CMS: 6320K->6318K(6848K), 0.0165926 secs] 9070K->9070K(9920K), [Metaspace: 3748K->3748K(1056768K)], 0.0304240 secs] [Times: user=0.11 sys=0.00, real=0.03 secs] 
8.850: [GC (CMS Initial Mark) [1 CMS-initial-mark: 6318K(6848K)] 9070K(9920K), 0.0031045 secs] [Times: user=0.00 sys=0.00, real=0.00 secs] 
8.853: [CMS-concurrent-mark-start]
8.853: [GC (Allocation Failure) 8.853: [ParNew (promotion failed): 2752K->3022K(3072K), 0.0136311 secs]8.867: [CMS8.870: [CMS-concurrent-mark: 0.004/0.017 secs] [Times: user=0.10 sys=0.00, real=0.02 secs] 
 (concurrent mode failure): 6320K->6318K(6848K), 0.0202151 secs] 9070K->9070K(9920K), [Metaspace: 3748K->3748K(1056768K)], 0.0339205 secs] [Times: user=0.12 sys=0.00, real=0.03 secs] 
8.888: [GC (Allocation Failure) 8.888: [ParNew (promotion failed): 2751K->3046K(3072K), 0.0147286 secs]8.902: [CMS: 6320K->6318K(6848K), 0.0212865 secs] 9070K->9070K(9920K), [Metaspace: 3748K->3748K(1056768K)], 0.0360997 secs] [Times: user=0.11 sys=0.00, real=0.03 secs] 
8.925: [GC (CMS Initial Mark) [1 CMS-initial-mark: 6318K(6848K)] 9070K(9920K), 0.0031234 secs] [Times: user=0.01 sys=0.00, real=0.01 secs] 
8.929: [CMS-concurrent-mark-start]
8.929: [GC (Allocation Failure) 8.929: [ParNew (promotion failed): 2751K->2997K(3072K), 0.0130347 secs]8.942: [CMS8.945: [CMS-concurrent-mark: 0.003/0.017 secs] [Times: user=0.09 sys=0.00, real=0.01 secs] 
 (concurrent mode failure): 6320K->6318K(6848K), 0.0201590 secs] 9070K->9070K(9920K), [Metaspace: 3748K->3748K(1056768K)], 0.0332679 secs] [Times: user=0.10 sys=0.00, real=0.03 secs] 
8.963: [GC (Allocation Failure) 8.963: [ParNew (promotion failed): 2751K->3021K(3072K), 0.0189994 secs]8.982: [CMS: 6320K->6318K(6848K), 0.0167822 secs] 9070K->9070K(9920K), [Metaspace: 3748K->3748K(1056768K)], 0.0358688 secs] [Times: user=0.14 sys=0.00, real=0.04 secs] 
8.999: [GC (CMS Initial Mark) [1 CMS-initial-mark: 6318K(6848K)] 9070K(9920K), 0.0030827 secs] [Times: user=0.01 sys=0.00, real=0.00 secs] 
9.002: [CMS-concurrent-mark-start]
9.003: [GC (Allocation Failure) 9.003: [ParNew (promotion failed): 2751K->2997K(3072K), 0.0213219 secs]9.024: [CMS9.027: [CMS-concurrent-mark: 0.004/0.025 secs] [Times: user=0.15 sys=0.01, real=0.02 secs] 
 (concurrent mode failure): 6320K->6318K(6848K), 0.0198005 secs] 9070K->9070K(9920K), [Metaspace: 3748K->3748K(1056768K)], 0.0412024 secs] [Times: user=0.17 sys=0.01, real=0.04 secs] 
9.045: [GC (Allocation Failure) 9.045: [ParNew (promotion failed): 2752K->2997K(3072K), 0.0154406 secs]9.060: [CMS: 6320K->6318K(6848K), 0.0168242 secs] 9070K->9070K(9920K), [Metaspace: 3748K->3748K(1056768K)], 0.0323380 secs] [Times: user=0.12 sys=0.00, real=0.03 secs] 
9.077: [GC (CMS Initial Mark) [1 CMS-initial-mark: 6318K(6848K)] 9070K(9920K), 0.0029980 secs] [Times: user=0.00 sys=0.00, real=0.01 secs] 
9.080: [CMS-concurrent-mark-start]
9.081: [GC (Allocation Failure) 9.081: [ParNew (promotion failed): 2752K->3046K(3072K), 0.0149852 secs]9.096: [CMS9.099: [CMS-concurrent-mark: 0.004/0.019 secs] [Times: user=0.12 sys=0.00, real=0.02 secs] 
 (concurrent mode failure): 6320K->6318K(6848K), 0.0201120 secs] 9070K->9070K(9920K), [Metaspace: 3748K->3748K(1056768K)], 0.0351645 secs] [Times: user=0.13 sys=0.00, real=0.03 secs] 
9.116: [GC (Allocation Failure) 9.116: [ParNew (promotion failed): 2752K->3046K(3072K), 0.0185015 secs]9.135: [CMS: 6320K->6318K(6848K), 0.0167601 secs] 9070K->9070K(9920K), [Metaspace: 3748K->3748K(1056768K)], 0.0353331 secs] [Times: user=0.14 sys=0.00, real=0.04 secs] 
9.152: [GC (CMS Initial Mark) [1 CMS-initial-mark: 6318K(6848K)] 9070K(9920K), 0.0030304 secs] [Times: user=0.01 sys=0.00, real=0.00 secs] 
9.155: [CMS-concurrent-mark-start]
9.155: [GC (Allocation Failure) 9.155: [ParNew (promotion failed): 2751K->2997K(3072K), 0.0125199 secs]9.168: [CMS9.171: [CMS-concurrent-mark: 0.003/0.016 secs] [Times: user=0.09 sys=0.00, real=0.02 secs] 
 (concurrent mode failure): 6320K->6318K(6848K), 0.0199964 secs] 9070K->9070K(9920K), [Metaspace: 3748K->3748K(1056768K)], 0.0325815 secs] [Times: user=0.10 sys=0.00, real=0.04 secs] 
9.189: [GC (Allocation Failure) 9.189: [ParNew (promotion failed): 2751K->3021K(3072K), 0.0133085 secs]9.202: [CMS: 6320K->6318K(6848K), 0.0171605 secs] 9070K->9070K(9920K), [Metaspace: 3748K->3748K(1056768K)], 0.0305603 secs] [Times: user=0.10 sys=0.00, real=0.03 secs] 
9.220: [GC (CMS Initial Mark) [1 CMS-initial-mark: 6318K(6848K)] 9070K(9920K), 0.0030236 secs] [Times: user=0.00 sys=0.00, real=0.00 secs] 
9.223: [CMS-concurrent-mark-start]
9.223: [GC (Allocation Failure) 9.223: [ParNew (promotion failed): 2751K->3022K(3072K), 0.0117072 secs]9.235: [CMS9.238: [CMS-concurrent-mark: 0.004/0.015 secs] [Times: user=0.08 sys=0.00, real=0.02 secs] 
 (concurrent mode failure): 6320K->6318K(6848K), 0.0198554 secs] 9070K->9070K(9920K), [Metaspace: 3748K->3748K(1056768K)], 0.0316346 secs] [Times: user=0.09 sys=0.00, real=0.03 secs] 
9.255: [GC (Allocation Failure) 9.255: [ParNew (promotion failed): 2751K->3046K(3072K), 0.0133116 secs]9.268: [CMS: 6320K->6318K(6848K), 0.0165527 secs] 9070K->9070K(9920K), [Metaspace: 3748K->3748K(1056768K)], 0.0299346 secs] [Times: user=0.10 sys=0.00, real=0.03 secs] 
9.285: [GC (CMS Initial Mark) [1 CMS-initial-mark: 6318K(6848K)] 9070K(9920K), 0.0030167 secs] [Times: user=0.00 sys=0.00, real=0.01 secs] 
9.288: [CMS-concurrent-mark-start]
9.289: [GC (Allocation Failure) 9.289: [ParNew (promotion failed): 2751K->3022K(3072K), 0.0136722 secs]9.302: [CMS9.306: [CMS-concurrent-mark: 0.004/0.017 secs] [Times: user=0.10 sys=0.00, real=0.01 secs] 
 (concurrent mode failure): 6320K->6318K(6848K), 0.0199383 secs] 9070K->9070K(9920K), [Metaspace: 3748K->3748K(1056768K)], 0.0336797 secs] [Times: user=0.11 sys=0.00, real=0.03 secs] 
9.323: [GC (Allocation Failure) 9.323: [ParNew (promotion failed): 2751K->3021K(3072K), 0.0151177 secs]9.338: [CMS: 6320K->6318K(6848K), 0.0183522 secs] 9070K->9070K(9920K), [Metaspace: 3748K->3748K(1056768K)], 0.0335496 secs] [Times: user=0.12 sys=0.01, real=0.03 secs] 
9.357: [GC (CMS Initial Mark) [1 CMS-initial-mark: 6318K(6848K)] 9070K(9920K), 0.0033145 secs] [Times: user=0.00 sys=0.00, real=0.01 secs] 
9.361: [CMS-concurrent-mark-start]
9.361: [GC (Allocation Failure) 9.361: [ParNew (promotion failed): 2751K->2997K(3072K), 0.0168463 secs]9.378: [CMS9.382: [CMS-concurrent-mark: 0.004/0.021 secs] [Times: user=0.09 sys=0.00, real=0.02 secs] 
 (concurrent mode failure): 6320K->6318K(6848K), 0.0230445 secs] 9070K->9070K(9920K), [Metaspace: 3748K->3748K(1056768K)], 0.0399823 secs] [Times: user=0.11 sys=0.00, real=0.04 secs] 
9.402: [GC (Allocation Failure) 9.402: [ParNew (promotion failed): 2751K->2997K(3072K), 0.0122841 secs]9.415: [CMS: 6320K->6318K(6848K), 0.0213488 secs] 9070K->9070K(9920K), [Metaspace: 3748K->3748K(1056768K)], 0.0337348 secs] [Times: user=0.07 sys=0.00, real=0.03 secs] 
9.436: [GC (CMS Initial Mark) [1 CMS-initial-mark: 6318K(6848K)] 9070K(9920K), 0.0033916 secs] [Times: user=0.01 sys=0.00, real=0.01 secs] 
9.440: [CMS-concurrent-mark-start]
9.441: [GC (Allocation Failure) 9.441: [ParNew (promotion failed): 2752K->3022K(3072K), 0.0133877 secs]9.454: [CMS9.459: [CMS-concurrent-mark: 0.006/0.019 secs] [Times: user=0.06 sys=0.00, real=0.02 secs] 
 (concurrent mode failure): 6320K->6318K(6848K), 0.0271349 secs] 9070K->9070K(9920K), [Metaspace: 3748K->3748K(1056768K)], 0.0406123 secs] [Times: user=0.08 sys=0.00, real=0.04 secs] 
9.482: [GC (Allocation Failure) 9.482: [ParNew (promotion failed): 2751K->2997K(3072K), 0.0119561 secs]9.494: [CMS: 6320K->6318K(6848K), 0.0204211 secs] 9070K->9070K(9920K), [Metaspace: 3748K->3748K(1056768K)], 0.0325086 secs] [Times: user=0.08 sys=0.00, real=0.03 secs] 
9.515: [GC (CMS Initial Mark) [1 CMS-initial-mark: 6318K(6848K)] 9070K(9920K), 0.0032464 secs] [Times: user=0.00 sys=0.00, real=0.01 secs] 
9.518: [CMS-concurrent-mark-start]
9.518: [GC (Allocation Failure) 9.518: [ParNew (promotion failed): 2751K->2972K(3072K), 0.0150833 secs]9.533: [CMS9.537: [CMS-concurrent-mark: 0.004/0.019 secs] [Times: user=0.08 sys=0.00, real=0.02 secs] 
 (concurrent mode failure): 6320K->6318K(6848K), 0.0245761 secs] 9070K->9070K(9920K), [Metaspace: 3748K->3748K(1056768K)], 0.0397384 secs] [Times: user=0.09 sys=0.01, real=0.04 secs] 
9.559: [GC (Allocation Failure) 9.559: [ParNew (promotion failed): 2751K->2997K(3072K), 0.0152558 secs]9.574: [CMS: 6320K->6318K(6848K), 0.0185025 secs] 9070K->9070K(9920K), [Metaspace: 3748K->3748K(1056768K)], 0.0338657 secs] [Times: user=0.09 sys=0.00, real=0.03 secs] 
9.593: [GC (CMS Initial Mark) [1 CMS-initial-mark: 6318K(6848K)] 9070K(9920K), 0.0033195 secs] [Times: user=0.00 sys=0.00, real=0.00 secs] 
9.596: [CMS-concurrent-mark-start]
9.597: [GC (Allocation Failure) 9.597: [ParNew (promotion failed): 2751K->3046K(3072K), 0.0115135 secs]9.609: [CMS9.612: [CMS-concurrent-mark: 0.004/0.016 secs] [Times: user=0.06 sys=0.00, real=0.02 secs] 
 (concurrent mode failure): 6320K->6318K(6848K), 0.0238488 secs] 9070K->9070K(9920K), [Metaspace: 3748K->3748K(1056768K)], 0.0354695 secs] [Times: user=0.08 sys=0.00, real=0.04 secs] 
9.634: [GC (Allocation Failure) 9.634: [ParNew (promotion failed): 2752K->3022K(3072K), 0.0176673 secs]9.652: [CMS: 6320K->6318K(6848K), 0.0199173 secs] 9070K->9070K(9920K), [Metaspace: 3748K->3748K(1056768K)], 0.0377226 secs] [Times: user=0.08 sys=0.00, real=0.04 secs] 
9.672: [GC (CMS Initial Mark) [1 CMS-initial-mark: 6318K(6848K)] 9070K(9920K), 0.0038332 secs] [Times: user=0.01 sys=0.00, real=0.00 secs] 
9.676: [CMS-concurrent-mark-start]
9.677: [GC (Allocation Failure) 9.677: [ParNew (promotion failed): 2752K->2997K(3072K), 0.0170981 secs]9.694: [CMS9.697: [CMS-concurrent-mark: 0.004/0.022 secs] [Times: user=0.08 sys=0.00, real=0.03 secs] 
 (concurrent mode failure): 6320K->6318K(6848K), 0.0249373 secs] 9070K->9070K(9920K), [Metaspace: 3748K->3748K(1056768K)], 0.0421487 secs] [Times: user=0.10 sys=0.00, real=0.05 secs] 
9.721: [GC (Allocation Failure) 9.721: [ParNew (promotion failed): 2752K->3046K(3072K), 0.0161707 secs]9.737: [CMS: 6320K->6318K(6848K), 0.0213031 secs] 9070K->9070K(9920K), [Metaspace: 3748K->3748K(1056768K)], 0.0375768 secs] [Times: user=0.09 sys=0.01, real=0.04 secs] 
9.759: [GC (CMS Initial Mark) [1 CMS-initial-mark: 6318K(6848K)] 9070K(9920K), 0.0030633 secs] [Times: user=0.01 sys=0.00, real=0.00 secs] 
9.762: [CMS-concurrent-mark-start]
9.762: [GC (Allocation Failure) 9.762: [ParNew (promotion failed): 2752K->2997K(3072K), 0.0144193 secs]9.776: [CMS9.782: [CMS-concurrent-mark: 0.006/0.020 secs] [Times: user=0.07 sys=0.00, real=0.02 secs] 
 (concurrent mode failure): 6320K->6318K(6848K), 0.0259104 secs] 9070K->9070K(9920K), [Metaspace: 3748K->3748K(1056768K)], 0.0404260 secs] [Times: user=0.09 sys=0.00, real=0.04 secs] 
9.803: [GC (Allocation Failure) 9.803: [ParNew (promotion failed): 2751K->3022K(3072K), 0.0138834 secs]9.817: [CMS: 6320K->6318K(6848K), 0.0198796 secs] 9070K->9070K(9920K), [Metaspace: 3748K->3748K(1056768K)], 0.0338674 secs] [Times: user=0.09 sys=0.00, real=0.03 secs] 
9.838: [GC (CMS Initial Mark) [1 CMS-initial-mark: 6318K(6848K)] 9070K(9920K), 0.0033044 secs] [Times: user=0.00 sys=0.00, real=0.00 secs] 
9.841: [CMS-concurrent-mark-start]
9.842: [GC (Allocation Failure) 9.842: [ParNew (promotion failed): 2751K->2997K(3072K), 0.0120727 secs]9.854: [CMS9.857: [CMS-concurrent-mark: 0.004/0.016 secs] [Times: user=0.08 sys=0.00, real=0.01 secs] 
 (concurrent mode failure): 6320K->6318K(6848K), 0.0221038 secs] 9070K->9070K(9920K), [Metaspace: 3748K->3748K(1056768K)], 0.0342770 secs] [Times: user=0.09 sys=0.00, real=0.03 secs] 
9.877: [GC (Allocation Failure) 9.877: [ParNew (promotion failed): 2751K->3071K(3072K), 0.0210796 secs]9.898: [CMS: 6320K->6318K(6848K), 0.0200804 secs] 9070K->9070K(9920K), [Metaspace: 3748K->3748K(1056768K)], 0.0412870 secs] [Times: user=0.16 sys=0.01, real=0.05 secs] 
9.918: [GC (CMS Initial Mark) [1 CMS-initial-mark: 6318K(6848K)] 9070K(9920K), 0.0031501 secs] [Times: user=0.00 sys=0.00, real=0.00 secs] 
9.922: [CMS-concurrent-mark-start]
9.922: [GC (Allocation Failure) 9.922: [ParNew (promotion failed): 2751K->3022K(3072K), 0.0171745 secs]9.939: [CMS9.943: [CMS-concurrent-mark: 0.004/0.021 secs] [Times: user=0.11 sys=0.00, real=0.02 secs] 
 (concurrent mode failure): 6320K->6318K(6848K), 0.0219255 secs] 9070K->9070K(9920K), [Metaspace: 3748K->3748K(1056768K)], 0.0392150 secs] [Times: user=0.12 sys=0.00, real=0.04 secs] 
9.961: [GC (Allocation Failure) 9.961: [ParNew (promotion failed): 2751K->3046K(3072K), 0.0153724 secs]9.977: [CMS: 6320K->6318K(6848K), 0.0181157 secs] 9070K->9070K(9920K), [Metaspace: 3748K->3748K(1056768K)], 0.0335823 secs] [Times: user=0.12 sys=0.00, real=0.03 secs] 
9.995: [GC (CMS Initial Mark) [1 CMS-initial-mark: 6318K(6848K)] 9070K(9920K), 0.0030522 secs] [Times: user=0.00 sys=0.00, real=0.01 secs] 
9.999: [CMS-concurrent-mark-start]
9.999: [GC (Allocation Failure) 9.999: [ParNew (promotion failed): 2751K->3046K(3072K), 0.0179513 secs]10.017: [CMS10.020: [CMS-concurrent-mark: 0.004/0.022 secs] [Times: user=0.13 sys=0.00, real=0.02 secs] 
 (concurrent mode failure): 6320K->6318K(6848K), 0.0218680 secs] 9070K->9070K(9920K), [Metaspace: 3748K->3748K(1056768K)], 0.0399182 secs] [Times: user=0.14 sys=0.00, real=0.04 secs] 
10.039: [GC (Allocation Failure) 10.039: [ParNew (promotion failed): 2751K->3022K(3072K), 0.0195856 secs]10.059: [CMS: 6320K->6318K(6848K), 0.0183075 secs] 9070K->9070K(9920K), [Metaspace: 3748K->3748K(1056768K)], 0.0380055 secs] [Times: user=0.13 sys=0.00, real=0.04 secs] 
10.078: [GC (CMS Initial Mark) [1 CMS-initial-mark: 6318K(6848K)] 9070K(9920K), 0.0030930 secs] [Times: user=0.00 sys=0.00, real=0.00 secs] 
10.081: [CMS-concurrent-mark-start]
10.082: [GC (Allocation Failure) 10.082: [ParNew (promotion failed): 2751K->2997K(3072K), 0.0161778 secs]10.098: [CMS10.101: [CMS-concurrent-mark: 0.004/0.020 secs] [Times: user=0.11 sys=0.01, real=0.02 secs] 
 (concurrent mode failure): 6320K->6318K(6848K), 0.0211668 secs] 9070K->9070K(9920K), [Metaspace: 3748K->3748K(1056768K)], 0.0374392 secs] [Times: user=0.12 sys=0.01, real=0.04 secs] 
10.120: [GC (Allocation Failure) 10.120: [ParNew (promotion failed): 2751K->2997K(3072K), 0.0201217 secs]10.140: [CMS: 6320K->6318K(6848K), 0.0182742 secs] 9070K->9070K(9920K), [Metaspace: 3748K->3748K(1056768K)], 0.0384973 secs] [Times: user=0.15 sys=0.00, real=0.04 secs] 
10.158: [GC (CMS Initial Mark) [1 CMS-initial-mark: 6318K(6848K)] 9070K(9920K), 0.0030820 secs] [Times: user=0.00 sys=0.00, real=0.00 secs] 
10.162: [CMS-concurrent-mark-start]
10.162: [GC (Allocation Failure) 10.162: [ParNew (promotion failed): 2751K->2997K(3072K), 0.0158899 secs]10.178: [CMS10.182: [CMS-concurrent-mark: 0.004/0.020 secs] [Times: user=0.10 sys=0.00, real=0.02 secs] 
 (concurrent mode failure): 6320K->6318K(6848K), 0.0226804 secs] 9070K->9070K(9920K), [Metaspace: 3748K->3748K(1056768K)], 0.0386689 secs] [Times: user=0.11 sys=0.00, real=0.04 secs] 
10.201: [GC (Allocation Failure) 10.201: [ParNew (promotion failed): 2751K->3022K(3072K), 0.0197197 secs]10.220: [CMS: 6320K->6318K(6848K), 0.0171220 secs] 9070K->9070K(9920K), [Metaspace: 3748K->3748K(1056768K)], 0.0369464 secs] [Times: user=0.14 sys=0.00, real=0.04 secs] 
10.238: [GC (CMS Initial Mark) [1 CMS-initial-mark: 6318K(6848K)] 9070K(9920K), 0.0030831 secs] [Times: user=0.01 sys=0.00, real=0.00 secs] 
10.241: [CMS-concurrent-mark-start]
10.241: [GC (Allocation Failure) 10.241: [ParNew (promotion failed): 2751K->2997K(3072K), 0.0136988 secs]10.255: [CMS10.259: [CMS-concurrent-mark: 0.004/0.017 secs] [Times: user=0.10 sys=0.00, real=0.02 secs] 
 (concurrent mode failure): 6320K->6318K(6848K), 0.0204738 secs] 9070K->9070K(9920K), [Metaspace: 3748K->3748K(1056768K)], 0.0342684 secs] [Times: user=0.11 sys=0.01, real=0.03 secs] 
10.276: [GC (Allocation Failure) 10.276: [ParNew (promotion failed): 2751K->2997K(3072K), 0.0218426 secs]10.298: [CMS: 6320K->6318K(6848K), 0.0173170 secs] 9070K->9070K(9920K), [Metaspace: 3748K->3748K(1056768K)], 0.0392446 secs] [Times: user=0.17 sys=0.00, real=0.04 secs] 
10.316: [GC (CMS Initial Mark) [1 CMS-initial-mark: 6318K(6848K)] 9070K(9920K), 0.0030882 secs] [Times: user=0.00 sys=0.00, real=0.01 secs] 
10.319: [CMS-concurrent-mark-start]
10.319: [GC (Allocation Failure) 10.319: [ParNew (promotion failed): 2751K->2997K(3072K), 0.0157955 secs]10.335: [CMS10.339: [CMS-concurrent-mark: 0.004/0.020 secs] [Times: user=0.12 sys=0.00, real=0.02 secs] 
 (concurrent mode failure): 6320K->6318K(6848K), 0.0208629 secs] 9070K->9070K(9920K), [Metaspace: 3748K->3748K(1056768K)], 0.0367534 secs] [Times: user=0.13 sys=0.00, real=0.03 secs] 
10.357: [GC (Allocation Failure) 10.357: [ParNew (promotion failed): 2751K->2997K(3072K), 0.0217459 secs]10.379: [CMS: 6320K->6318K(6848K), 0.0176342 secs] 9070K->9070K(9920K), [Metaspace: 3748K->3748K(1056768K)], 0.0394772 secs] [Times: user=0.17 sys=0.00, real=0.04 secs] 
10.397: [GC (CMS Initial Mark) [1 CMS-initial-mark: 6318K(6848K)] 9070K(9920K), 0.0030591 secs] [Times: user=0.00 sys=0.00, real=0.01 secs] 
10.400: [CMS-concurrent-mark-start]
10.400: [GC (Allocation Failure) 10.400: [ParNew (promotion failed): 2751K->3022K(3072K), 0.0201539 secs]10.421: [CMS10.424: [CMS-concurrent-mark: 0.004/0.024 secs] [Times: user=0.14 sys=0.00, real=0.02 secs] 
 (concurrent mode failure): 6320K->6318K(6848K), 0.0206134 secs] 9070K->9070K(9920K), [Metaspace: 3748K->3748K(1056768K)], 0.0408638 secs] [Times: user=0.16 sys=0.00, real=0.04 secs] 
10.442: [GC (Allocation Failure) 10.442: [ParNew (promotion failed): 2751K->3046K(3072K), 0.0157868 secs]10.457: [CMS: 6320K->6318K(6848K), 0.0183529 secs] 9070K->9070K(9920K), [Metaspace: 3748K->3748K(1056768K)], 0.0342343 secs] [Times: user=0.11 sys=0.00, real=0.03 secs] 
10.476: [GC (CMS Initial Mark) [1 CMS-initial-mark: 6318K(6848K)] 9070K(9920K), 0.0032521 secs] [Times: user=0.00 sys=0.00, real=0.01 secs] 
10.479: [CMS-concurrent-mark-start]
10.479: [GC (Allocation Failure) 10.479: [ParNew (promotion failed): 2751K->2997K(3072K), 0.0148723 secs]10.494: [CMS10.498: [CMS-concurrent-mark: 0.004/0.019 secs] [Times: user=0.11 sys=0.00, real=0.02 secs] 
 (concurrent mode failure): 6320K->6318K(6848K), 0.0216549 secs] 9070K->9070K(9920K), [Metaspace: 3748K->3748K(1056768K)], 0.0366322 secs] [Times: user=0.12 sys=0.01, real=0.03 secs] 
10.517: [GC (Allocation Failure) 10.517: [ParNew (promotion failed): 2751K->2997K(3072K), 0.0169565 secs]10.534: [CMS: 6320K->6318K(6848K), 0.0176075 secs] 9070K->9070K(9920K), [Metaspace: 3748K->3748K(1056768K)], 0.0346644 secs] [Times: user=0.13 sys=0.00, real=0.04 secs] 
10.552: [GC (CMS Initial Mark) [1 CMS-initial-mark: 6318K(6848K)] 9070K(9920K), 0.0032700 secs] [Times: user=0.00 sys=0.00, real=0.00 secs] 
10.555: [CMS-concurrent-mark-start]
10.555: [GC (Allocation Failure) 10.555: [ParNew (promotion failed): 2751K->3046K(3072K), 0.0146571 secs]10.570: [CMS10.574: [CMS-concurrent-mark: 0.004/0.019 secs] [Times: user=0.10 sys=0.00, real=0.02 secs] 
 (concurrent mode failure): 6320K->6318K(6848K), 0.0214332 secs] 9070K->9070K(9920K), [Metaspace: 3748K->3748K(1056768K)], 0.0362035 secs] [Times: user=0.12 sys=0.00, real=0.04 secs] 
10.592: [GC (Allocation Failure) 10.592: [ParNew (promotion failed): 2751K->2997K(3072K), 0.0156917 secs]10.613: [CMS: 6320K->6318K(6848K), 0.0177385 secs] 9070K->9070K(9920K), [Metaspace: 3748K->3748K(1056768K)], 0.0382255 secs] [Times: user=0.12 sys=0.00, real=0.04 secs] 
10.631: [GC (CMS Initial Mark) [1 CMS-initial-mark: 6318K(6848K)] 9070K(9920K), 0.0032550 secs] [Times: user=0.01 sys=0.00, real=0.00 secs] 
10.634: [CMS-concurrent-mark-start]
10.635: [GC (Allocation Failure) 10.635: [ParNew (promotion failed): 2751K->3022K(3072K), 0.0200583 secs]10.656: [CMS10.658: [CMS-concurrent-mark: 0.004/0.024 secs] [Times: user=0.14 sys=0.00, real=0.03 secs] 
 (concurrent mode failure): 6320K->6318K(6848K), 0.0200687 secs] 9070K->9070K(9920K), [Metaspace: 3748K->3748K(1056768K)], 0.0402125 secs] [Times: user=0.16 sys=0.00, real=0.04 secs] 
10.676: [GC (Allocation Failure) 10.676: [ParNew (promotion failed): 2751K->3022K(3072K), 0.0199495 secs]10.696: [CMS: 6320K->6318K(6848K), 0.0171236 secs] 9070K->9070K(9920K), [Metaspace: 3748K->3748K(1056768K)], 0.0371685 secs] [Times: user=0.15 sys=0.00, real=0.04 secs] 
10.714: [GC (CMS Initial Mark) [1 CMS-initial-mark: 6318K(6848K)] 9070K(9920K), 0.0031790 secs] [Times: user=0.00 sys=0.00, real=0.00 secs] 
10.717: [CMS-concurrent-mark-start]
10.717: [GC (Allocation Failure) 10.717: [ParNew (promotion failed): 2751K->3022K(3072K), 0.0164059 secs]10.734: [CMS10.737: [CMS-concurrent-mark: 0.004/0.020 secs] [Times: user=0.12 sys=0.01, real=0.02 secs] 
 (concurrent mode failure): 6320K->6318K(6848K), 0.0217051 secs] 9070K->9070K(9920K), [Metaspace: 3748K->3748K(1056768K)], 0.0381964 secs] [Times: user=0.13 sys=0.01, real=0.04 secs] 
10.756: [GC (Allocation Failure) 10.756: [ParNew (promotion failed): 2751K->2972K(3072K), 0.0202155 secs]10.776: [CMS: 6320K->6318K(6848K), 0.0168702 secs] 9070K->9070K(9920K), [Metaspace: 3748K->3748K(1056768K)], 0.0371751 secs] [Times: user=0.16 sys=0.00, real=0.04 secs] 
10.793: [GC (CMS Initial Mark) [1 CMS-initial-mark: 6318K(6848K)] 9070K(9920K), 0.0031520 secs] [Times: user=0.01 sys=0.00, real=0.00 secs] 
10.796: [CMS-concurrent-mark-start]
10.797: [GC (Allocation Failure) 10.797: [ParNew (promotion failed): 2751K->2997K(3072K), 0.0137723 secs]10.810: [CMS10.814: [CMS-concurrent-mark: 0.004/0.017 secs] [Times: user=0.10 sys=0.00, real=0.02 secs] 
 (concurrent mode failure): 6320K->6318K(6848K), 0.0201493 secs] 9070K->9070K(9920K), [Metaspace: 3748K->3748K(1056768K)], 0.0340030 secs] [Times: user=0.12 sys=0.00, real=0.04 secs] 
10.831: [GC (Allocation Failure) 10.831: [ParNew (promotion failed): 2751K->3046K(3072K), 0.0172642 secs]10.848: [CMS: 6320K->6318K(6848K), 0.0171888 secs] 9070K->9070K(9920K), [Metaspace: 3748K->3748K(1056768K)], 0.0345359 secs] [Times: user=0.11 sys=0.00, real=0.03 secs] 
10.866: [GC (CMS Initial Mark) [1 CMS-initial-mark: 6318K(6848K)] 9070K(9920K), 0.0031760 secs] [Times: user=0.00 sys=0.00, real=0.01 secs] 
10.870: [CMS-concurrent-mark-start]
10.870: [GC (Allocation Failure) 10.870: [ParNew (promotion failed): 2751K->2997K(3072K), 0.0174451 secs]10.887: [CMS10.891: [CMS-concurrent-mark: 0.004/0.021 secs] [Times: user=0.12 sys=0.00, real=0.02 secs] 
 (concurrent mode failure): 6320K->6318K(6848K), 0.0204786 secs] 9070K->9070K(9920K), [Metaspace: 3748K->3748K(1056768K)], 0.0380093 secs] [Times: user=0.13 sys=0.00, real=0.04 secs] 
10.908: [GC (Allocation Failure) 10.908: [ParNew (promotion failed): 2751K->3022K(3072K), 0.0148312 secs]10.923: [CMS: 6320K->6318K(6848K), 0.0168650 secs] 9070K->9070K(9920K), [Metaspace: 3748K->3748K(1056768K)], 0.0317889 secs] [Times: user=0.12 sys=0.00, real=0.03 secs] 
10.941: [GC (CMS Initial Mark) [1 CMS-initial-mark: 6318K(6848K)] 9070K(9920K), 0.0030750 secs] [Times: user=0.00 sys=0.00, real=0.00 secs] 
10.944: [CMS-concurrent-mark-start]
10.944: [GC (Allocation Failure) 10.944: [ParNew (promotion failed): 2751K->3022K(3072K), 0.0146964 secs]10.959: [CMS10.962: [CMS-concurrent-mark: 0.004/0.018 secs] [Times: user=0.12 sys=0.00, real=0.02 secs] 
 (concurrent mode failure): 6320K->6318K(6848K), 0.0198678 secs] 9070K->9070K(9920K), [Metaspace: 3748K->3748K(1056768K)], 0.0346427 secs] [Times: user=0.12 sys=0.01, real=0.04 secs] 
10.979: [GC (Allocation Failure) 10.979: [ParNew (promotion failed): 2751K->3022K(3072K), 0.0215025 secs]11.001: [CMS: 6320K->6318K(6848K), 0.0166539 secs] 9070K->9070K(9920K), [Metaspace: 3748K->3748K(1056768K)], 0.0382271 secs] [Times: user=0.17 sys=0.00, real=0.03 secs] 
11.018: [GC (CMS Initial Mark) [1 CMS-initial-mark: 6318K(6848K)] 9070K(9920K), 0.0031024 secs] [Times: user=0.00 sys=0.00, real=0.00 secs] 
11.021: [CMS-concurrent-mark-start]
11.021: [GC (Allocation Failure) 11.021: [ParNew (promotion failed): 2751K->2997K(3072K), 0.0173790 secs]11.038: [CMS11.042: [CMS-concurrent-mark: 0.003/0.021 secs] [Times: user=0.14 sys=0.00, real=0.02 secs] 
 (concurrent mode failure): 6320K->6318K(6848K), 0.0202505 secs] 9070K->9070K(9920K), [Metaspace: 3748K->3748K(1056768K)], 0.0376989 secs] [Times: user=0.15 sys=0.00, real=0.04 secs] 
11.059: [GC (Allocation Failure) 11.059: [ParNew (promotion failed): 2751K->3022K(3072K), 0.0197669 secs]11.079: [CMS: 6320K->6318K(6848K), 0.0169818 secs] 9070K->9070K(9920K), [Metaspace: 3748K->3748K(1056768K)], 0.0368214 secs] [Times: user=0.16 sys=0.00, real=0.03 secs] 
11.096: [GC (CMS Initial Mark) [1 CMS-initial-mark: 6318K(6848K)] 9070K(9920K), 0.0030619 secs] [Times: user=0.00 sys=0.00, real=0.01 secs] 
11.099: [CMS-concurrent-mark-start]
11.099: [GC (Allocation Failure) 11.099: [ParNew (promotion failed): 2751K->2997K(3072K), 0.0178073 secs]11.117: [CMS11.121: [CMS-concurrent-mark: 0.004/0.022 secs] [Times: user=0.13 sys=0.00, real=0.02 secs] 
 (concurrent mode failure): 6320K->6318K(6848K), 0.0204775 secs] 9070K->9070K(9920K), [Metaspace: 3748K->3748K(1056768K)], 0.0383572 secs] [Times: user=0.14 sys=0.00, real=0.04 secs] 
11.139: [GC (Allocation Failure) 11.139: [ParNew (promotion failed): 2751K->2997K(3072K), 0.0175339 secs]11.156: [CMS: 6320K->6318K(6848K), 0.0168577 secs] 9070K->9070K(9920K), [Metaspace: 3748K->3748K(1056768K)], 0.0344754 secs] [Times: user=0.12 sys=0.00, real=0.03 secs] 
11.173: [GC (CMS Initial Mark) [1 CMS-initial-mark: 6318K(6848K)] 9070K(9920K), 0.0030204 secs] [Times: user=0.01 sys=0.00, real=0.00 secs] 
11.176: [CMS-concurrent-mark-start]
11.177: [GC (Allocation Failure) 11.177: [ParNew (promotion failed): 2751K->3022K(3072K), 0.0187253 secs]11.196: [CMS11.199: [CMS-concurrent-mark: 0.004/0.022 secs] [Times: user=0.12 sys=0.00, real=0.03 secs] 
 (concurrent mode failure): 6320K->6318K(6848K), 0.0196686 secs] 9070K->9070K(9920K), [Metaspace: 3748K->3748K(1056768K)], 0.0384565 secs] [Times: user=0.14 sys=0.00, real=0.04 secs] 
11.216: [GC (Allocation Failure) 11.216: [ParNew (promotion failed): 2751K->2972K(3072K), 0.0162307 secs]11.232: [CMS: 6320K->6318K(6848K), 0.0168323 secs] 9070K->9070K(9920K), [Metaspace: 3748K->3748K(1056768K)], 0.0331477 secs] [Times: user=0.10 sys=0.00, real=0.04 secs] 
11.250: [GC (CMS Initial Mark) [1 CMS-initial-mark: 6318K(6848K)] 9070K(9920K), 0.0030515 secs] [Times: user=0.00 sys=0.00, real=0.00 secs] 
11.253: [CMS-concurrent-mark-start]
11.253: [GC (Allocation Failure) 11.253: [ParNew (promotion failed): 2751K->3022K(3072K), 0.0216809 secs]11.274: [CMS11.278: [CMS-concurrent-mark: 0.004/0.025 secs] [Times: user=0.16 sys=0.01, real=0.03 secs] 
 (concurrent mode failure): 6320K->6318K(6848K), 0.0201437 secs] 9070K->9070K(9920K), [Metaspace: 3748K->3748K(1056768K)], 0.0418983 secs] [Times: user=0.17 sys=0.01, real=0.04 secs] 
11.295: [GC (Allocation Failure) 11.295: [ParNew (promotion failed): 2751K->3046K(3072K), 0.0163525 secs]11.311: [CMS: 6320K->6318K(6848K), 0.0168820 secs] 9070K->9070K(9920K), [Metaspace: 3748K->3748K(1056768K)], 0.0333016 secs] [Times: user=0.13 sys=0.00, real=0.04 secs] 
11.329: [GC (CMS Initial Mark) [1 CMS-initial-mark: 6318K(6848K)] 9070K(9920K), 0.0030879 secs] [Times: user=0.01 sys=0.00, real=0.00 secs] 
11.332: [CMS-concurrent-mark-start]
11.332: [GC (Allocation Failure) 11.332: [ParNew (promotion failed): 2751K->3022K(3072K), 0.0209325 secs]11.353: [CMS11.357: [CMS-concurrent-mark: 0.004/0.025 secs] [Times: user=0.15 sys=0.00, real=0.02 secs] 
 (concurrent mode failure): 6320K->6318K(6848K), 0.0202394 secs] 9070K->9070K(9920K), [Metaspace: 3748K->3748K(1056768K)], 0.0412524 secs] [Times: user=0.17 sys=0.00, real=0.04 secs] 
11.374: [GC (Allocation Failure) 11.374: [ParNew (promotion failed): 2751K->3022K(3072K), 0.0126114 secs]11.386: [CMS: 6320K->6318K(6848K), 0.0169776 secs] 9070K->9070K(9920K), [Metaspace: 3748K->3748K(1056768K)], 0.0296669 secs] [Times: user=0.09 sys=0.00, real=0.03 secs] 
11.404: [GC (CMS Initial Mark) [1 CMS-initial-mark: 6318K(6848K)] 9070K(9920K), 0.0030453 secs] [Times: user=0.01 sys=0.00, real=0.00 secs] 
11.407: [CMS-concurrent-mark-start]
11.407: [GC (Allocation Failure) 11.407: [ParNew (promotion failed): 2751K->3022K(3072K), 0.0177935 secs]11.425: [CMS11.429: [CMS-concurrent-mark: 0.003/0.021 secs] [Times: user=0.13 sys=0.00, real=0.03 secs] 
 (concurrent mode failure): 6320K->6318K(6848K), 0.0202482 secs] 9070K->9070K(9920K), [Metaspace: 3748K->3748K(1056768K)], 0.0381139 secs] [Times: user=0.14 sys=0.00, real=0.03 secs] 
11.446: [GC (Allocation Failure) 11.446: [ParNew (promotion failed): 2751K->2997K(3072K), 0.0206001 secs]11.467: [CMS: 6320K->6318K(6848K), 0.0168120 secs] 9070K->9070K(9920K), [Metaspace: 3748K->3748K(1056768K)], 0.0374764 secs] [Times: user=0.15 sys=0.00, real=0.04 secs] 
11.484: [GC (CMS Initial Mark) [1 CMS-initial-mark: 6318K(6848K)] 9070K(9920K), 0.0030759 secs] [Times: user=0.01 sys=0.00, real=0.00 secs] 
11.487: [CMS-concurrent-mark-start]
11.488: [GC (Allocation Failure) 11.488: [ParNew (promotion failed): 2751K->2997K(3072K), 0.0166736 secs]11.504: [CMS11.508: [CMS-concurrent-mark: 0.004/0.020 secs] [Times: user=0.11 sys=0.00, real=0.03 secs] 
 (concurrent mode failure): 6320K->6318K(6848K), 0.0200564 secs] 9070K->9070K(9920K), [Metaspace: 3748K->3748K(1056768K)], 0.0368038 secs] [Times: user=0.12 sys=0.00, real=0.03 secs] 
11.525: [GC (Allocation Failure) 11.525: [ParNew (promotion failed): 2751K->2997K(3072K), 0.0180869 secs]11.543: [CMS: 6320K->6318K(6848K), 0.0166098 secs] 9070K->9070K(9920K), [Metaspace: 3748K->3748K(1056768K)], 0.0347686 secs] [Times: user=0.13 sys=0.00, real=0.04 secs] 
11.560: [GC (CMS Initial Mark) [1 CMS-initial-mark: 6318K(6848K)] 9070K(9920K), 0.0030780 secs] [Times: user=0.00 sys=0.01, real=0.00 secs] 
11.563: [CMS-concurrent-mark-start]
11.563: [GC (Allocation Failure) 11.563: [ParNew (promotion failed): 2751K->2997K(3072K), 0.0186077 secs]11.582: [CMS11.585: [CMS-concurrent-mark: 0.004/0.022 secs] [Times: user=0.13 sys=0.00, real=0.02 secs] 
 (concurrent mode failure): 6320K->6318K(6848K), 0.0201475 secs] 9070K->9070K(9920K), [Metaspace: 3748K->3748K(1056768K)], 0.0388206 secs] [Times: user=0.14 sys=0.00, real=0.04 secs] 
11.602: [GC (Allocation Failure) 11.602: [ParNew (promotion failed): 2751K->2997K(3072K), 0.0196746 secs]11.622: [CMS: 6320K->6318K(6848K), 0.0166742 secs] 9070K->9070K(9920K), [Metaspace: 3748K->3748K(1056768K)], 0.0364231 secs] [Times: user=0.16 sys=0.00, real=0.04 secs] 
11.639: [GC (CMS Initial Mark) [1 CMS-initial-mark: 6318K(6848K)] 9070K(9920K), 0.0030998 secs] [Times: user=0.00 sys=0.00, real=0.00 secs] 
11.642: [CMS-concurrent-mark-start]
11.642: [GC (Allocation Failure) 11.642: [ParNew (promotion failed): 2751K->2997K(3072K), 0.0132342 secs]11.656: [CMS11.659: [CMS-concurrent-mark: 0.004/0.017 secs] [Times: user=0.09 sys=0.00, real=0.02 secs] 
 (concurrent mode failure): 6320K->6318K(6848K), 0.0208069 secs] 9070K->9070K(9920K), [Metaspace: 3748K->3748K(1056768K)], 0.0341096 secs] [Times: user=0.11 sys=0.00, real=0.03 secs] 
11.677: [GC (Allocation Failure) 11.677: [ParNew (promotion failed): 2751K->3022K(3072K), 0.0161751 secs]11.693: [CMS: 6321K->6318K(6848K), 0.0166971 secs] 9070K->9070K(9920K), [Metaspace: 3748K->3748K(1056768K)], 0.0329503 secs] [Times: user=0.13 sys=0.00, real=0.04 secs] 
11.711: [GC (CMS Initial Mark) [1 CMS-initial-mark: 6318K(6848K)] 9070K(9920K), 0.0031190 secs] [Times: user=0.00 sys=0.00, real=0.00 secs] 
11.714: [CMS-concurrent-mark-start]
11.714: [GC (Allocation Failure) 11.714: [ParNew (promotion failed): 2751K->3022K(3072K), 0.0137287 secs]11.728: [CMS11.731: [CMS-concurrent-mark: 0.004/0.017 secs] [Times: user=0.11 sys=0.00, real=0.02 secs] 
 (concurrent mode failure): 6321K->6318K(6848K), 0.0197798 secs] 9070K->9070K(9920K), [Metaspace: 3748K->3748K(1056768K)], 0.0336024 secs] [Times: user=0.11 sys=0.00, real=0.04 secs] 
11.749: [GC (Allocation Failure) 11.749: [ParNew (promotion failed): 2751K->2997K(3072K), 0.0192282 secs]11.768: [CMS: 6320K->6318K(6848K), 0.0170314 secs] 9070K->9070K(9920K), [Metaspace: 3748K->3748K(1056768K)], 0.0363437 secs] [Times: user=0.15 sys=0.00, real=0.03 secs] 
11.785: [GC (CMS Initial Mark) [1 CMS-initial-mark: 6318K(6848K)] 9070K(9920K), 0.0030445 secs] [Times: user=0.01 sys=0.00, real=0.01 secs] 
11.788: [CMS-concurrent-mark-start]
11.788: [GC (Allocation Failure) 11.788: [ParNew (promotion failed): 2751K->2997K(3072K), 0.0175000 secs]11.806: [CMS11.809: [CMS-concurrent-mark: 0.004/0.021 secs] [Times: user=0.13 sys=0.00, real=0.02 secs] 
 (concurrent mode failure): 6320K->6318K(6848K), 0.0201995 secs] 9070K->9070K(9920K), [Metaspace: 3748K->3748K(1056768K)], 0.0377648 secs] [Times: user=0.14 sys=0.00, real=0.03 secs] 
11.826: [GC (Allocation Failure) 11.826: [ParNew (promotion failed): 2751K->3022K(3072K), 0.0168436 secs]11.843: [CMS: 6320K->6318K(6848K), 0.0166789 secs] 9070K->9070K(9920K), [Metaspace: 3748K->3748K(1056768K)], 0.0335896 secs] [Times: user=0.14 sys=0.01, real=0.04 secs] 
11.860: [GC (CMS Initial Mark) [1 CMS-initial-mark: 6318K(6848K)] 9070K(9920K), 0.0031429 secs] [Times: user=0.00 sys=0.00, real=0.00 secs] 
11.863: [CMS-concurrent-mark-start]
11.864: [GC (Allocation Failure) 11.864: [ParNew (promotion failed): 2751K->3022K(3072K), 0.0136819 secs]11.877: [CMS11.881: [CMS-concurrent-mark: 0.004/0.017 secs] [Times: user=0.10 sys=0.00, real=0.02 secs] 
 (concurrent mode failure): 6320K->6318K(6848K), 0.0202703 secs] 9070K->9070K(9920K), [Metaspace: 3748K->3748K(1056768K)], 0.0340102 secs] [Times: user=0.12 sys=0.00, real=0.04 secs] 
11.898: [GC (Allocation Failure) 11.898: [ParNew (promotion failed): 2751K->2997K(3072K), 0.0205173 secs]11.919: [CMS: 6321K->6318K(6848K), 0.0168970 secs] 9070K->9070K(9920K), [Metaspace: 3748K->3748K(1056768K)], 0.0374851 secs] [Times: user=0.16 sys=0.00, real=0.03 secs] 
11.936: [GC (CMS Initial Mark) [1 CMS-initial-mark: 6318K(6848K)] 9070K(9920K), 0.0030722 secs] [Times: user=0.00 sys=0.00, real=0.01 secs] 
11.939: [CMS-concurrent-mark-start]
11.940: [GC (Allocation Failure) 11.940: [ParNew (promotion failed): 2751K->2997K(3072K), 0.0188313 secs]11.958: [CMS11.962: [CMS-concurrent-mark: 0.004/0.022 secs] [Times: user=0.14 sys=0.00, real=0.02 secs] 
 (concurrent mode failure): 6321K->6318K(6848K), 0.0201801 secs] 9070K->9070K(9920K), [Metaspace: 3748K->3748K(1056768K)], 0.0390766 secs] [Times: user=0.15 sys=0.00, real=0.04 secs] 
11.979: [GC (Allocation Failure) 11.979: [ParNew (promotion failed): 2751K->2997K(3072K), 0.0141630 secs]11.994: [CMS: 6321K->6318K(6848K), 0.0166568 secs] 9070K->9070K(9920K), [Metaspace: 3748K->3748K(1056768K)], 0.0308971 secs] [Times: user=0.12 sys=0.00, real=0.03 secs] 
12.011: [GC (CMS Initial Mark) [1 CMS-initial-mark: 6318K(6848K)] 9070K(9920K), 0.0030353 secs] [Times: user=0.00 sys=0.00, real=0.00 secs] 
12.014: [CMS-concurrent-mark-start]
12.014: [GC (Allocation Failure) 12.014: [ParNew (promotion failed): 2751K->3022K(3072K), 0.0202122 secs]12.034: [CMS12.038: [CMS-concurrent-mark: 0.004/0.024 secs] [Times: user=0.15 sys=0.00, real=0.03 secs] 
 (concurrent mode failure): 6320K->6318K(6848K), 0.0201067 secs] 9070K->9070K(9920K), [Metaspace: 3748K->3748K(1056768K)], 0.0403931 secs] [Times: user=0.15 sys=0.00, real=0.04 secs] 
12.055: [GC (Allocation Failure) 12.055: [ParNew (promotion failed): 2751K->3022K(3072K), 0.0147028 secs]12.070: [CMS: 6320K->6318K(6848K), 0.0166614 secs] 9070K->9070K(9920K), [Metaspace: 3748K->3748K(1056768K)], 0.0314360 secs] [Times: user=0.12 sys=0.00, real=0.03 secs] 
12.087: [GC (CMS Initial Mark) [1 CMS-initial-mark: 6318K(6848K)] 9070K(9920K), 0.0030733 secs] [Times: user=0.00 sys=0.00, real=0.01 secs] 
12.090: [CMS-concurrent-mark-start]
12.090: [GC (Allocation Failure) 12.090: [ParNew (promotion failed): 2751K->3022K(3072K), 0.0146256 secs]12.104: [CMS12.108: [CMS-concurrent-mark: 0.003/0.018 secs] [Times: user=0.11 sys=0.00, real=0.02 secs] 
 (concurrent mode failure): 6320K->6318K(6848K), 0.0200882 secs] 9070K->9070K(9920K), [Metaspace: 3748K->3748K(1056768K)], 0.0347766 secs] [Times: user=0.12 sys=0.00, real=0.03 secs] 
12.125: [GC (Allocation Failure) 12.125: [ParNew (promotion failed): 2751K->3046K(3072K), 0.0178244 secs]12.143: [CMS: 6321K->6318K(6848K), 0.0169772 secs] 9070K->9070K(9920K), [Metaspace: 3748K->3748K(1056768K)], 0.0348831 secs] [Times: user=0.14 sys=0.00, real=0.04 secs] 
12.160: [GC (CMS Initial Mark) [1 CMS-initial-mark: 6318K(6848K)] 9070K(9920K), 0.0030404 secs] [Times: user=0.00 sys=0.00, real=0.00 secs] 
12.163: [CMS-concurrent-mark-start]
12.163: [GC (Allocation Failure) 12.163: [ParNew (promotion failed): 2751K->2997K(3072K), 0.0137706 secs]12.177: [CMS12.181: [CMS-concurrent-mark: 0.004/0.018 secs] [Times: user=0.10 sys=0.01, real=0.02 secs] 
 (concurrent mode failure): 6321K->6318K(6848K), 0.0206162 secs] 9070K->9070K(9920K), [Metaspace: 3748K->3748K(1056768K)], 0.0344761 secs] [Times: user=0.12 sys=0.01, real=0.04 secs] 
12.199: [GC (Allocation Failure) 12.199: [ParNew (promotion failed): 2751K->3022K(3072K), 0.0152025 secs]12.214: [CMS: 6321K->6318K(6848K), 0.0167374 secs] 9071K->9070K(9920K), [Metaspace: 3748K->3748K(1056768K)], 0.0320095 secs] [Times: user=0.12 sys=0.00, real=0.03 secs] 
12.231: [GC (CMS Initial Mark) [1 CMS-initial-mark: 6319K(6848K)] 9071K(9920K), 0.0031590 secs] [Times: user=0.00 sys=0.00, real=0.00 secs] 
12.234: [CMS-concurrent-mark-start]
12.235: [GC (Allocation Failure) 12.235: [ParNew (promotion failed): 2751K->3046K(3072K), 0.0211068 secs]12.256: [CMS12.259: [CMS-concurrent-mark: 0.004/0.025 secs] [Times: user=0.16 sys=0.00, real=0.03 secs] 
 (concurrent mode failure): 6321K->6318K(6848K), 0.0197870 secs] 9071K->9070K(9920K), [Metaspace: 3748K->3748K(1056768K)], 0.0409696 secs] [Times: user=0.17 sys=0.00, real=0.04 secs] 
12.276: [GC (Allocation Failure) 12.276: [ParNew (promotion failed): 2751K->3022K(3072K), 0.0134116 secs]12.290: [CMS: 6320K->6318K(6848K), 0.0171023 secs] 9070K->9070K(9920K), [Metaspace: 3748K->3748K(1056768K)], 0.0305906 secs] [Times: user=0.11 sys=0.00, real=0.03 secs] 
12.307: [GC (CMS Initial Mark) [1 CMS-initial-mark: 6318K(6848K)] 9070K(9920K), 0.0030471 secs] [Times: user=0.00 sys=0.00, real=0.01 secs] 
12.310: [CMS-concurrent-mark-start]
12.310: [GC (Allocation Failure) 12.311: [ParNew (promotion failed): 2751K->2997K(3072K), 0.0168883 secs]12.327: [CMS12.331: [CMS-concurrent-mark: 0.003/0.020 secs] [Times: user=0.12 sys=0.00, real=0.02 secs] 
 (concurrent mode failure): 6320K->6318K(6848K), 0.0206361 secs] 9070K->9070K(9920K), [Metaspace: 3748K->3748K(1056768K)], 0.0375948 secs] [Times: user=0.14 sys=0.00, real=0.04 secs] 
12.348: [GC (Allocation Failure) 12.348: [ParNew (promotion failed): 2751K->3046K(3072K), 0.0140517 secs]12.362: [CMS: 6320K->6318K(6848K), 0.0166353 secs] 9070K->9070K(9920K), [Metaspace: 3748K->3748K(1056768K)], 0.0307553 secs] [Times: user=0.11 sys=0.00, real=0.03 secs] 
12.380: [GC (CMS Initial Mark) [1 CMS-initial-mark: 6318K(6848K)] 9070K(9920K), 0.0030623 secs] [Times: user=0.01 sys=0.00, real=0.00 secs] 
12.383: [CMS-concurrent-mark-start]
12.383: [GC (Allocation Failure) 12.383: [ParNew (promotion failed): 2751K->3022K(3072K), 0.0174626 secs]12.400: [CMS12.404: [CMS-concurrent-mark: 0.004/0.021 secs] [Times: user=0.12 sys=0.00, real=0.02 secs] 
 (concurrent mode failure): 6321K->6318K(6848K), 0.0200218 secs] 9070K->9070K(9920K), [Metaspace: 3748K->3748K(1056768K)], 0.0375615 secs] [Times: user=0.14 sys=0.00, real=0.04 secs] 
12.421: [GC (Allocation Failure) 12.421: [ParNew (promotion failed): 2751K->3046K(3072K), 0.0208044 secs]12.442: [CMS: 6321K->6318K(6848K), 0.0168044 secs] 9071K->9070K(9920K), [Metaspace: 3748K->3748K(1056768K)], 0.0376845 secs] [Times: user=0.16 sys=0.00, real=0.04 secs] 
12.459: [GC (CMS Initial Mark) [1 CMS-initial-mark: 6319K(6848K)] 9071K(9920K), 0.0030976 secs] [Times: user=0.01 sys=0.00, real=0.00 secs] 
12.462: [CMS-concurrent-mark-start]
12.463: [GC (Allocation Failure) 12.463: [ParNew (promotion failed): 2751K->2997K(3072K), 0.0215485 secs]12.484: [CMS12.488: [CMS-concurrent-mark: 0.004/0.025 secs] [Times: user=0.16 sys=0.01, real=0.03 secs] 
 (concurrent mode failure): 6321K->6318K(6848K), 0.0202369 secs] 9071K->9070K(9920K), [Metaspace: 3748K->3748K(1056768K)], 0.0418597 secs] [Times: user=0.18 sys=0.01, real=0.04 secs] 
12.505: [GC (Allocation Failure) 12.505: [ParNew (promotion failed): 2751K->3022K(3072K), 0.0140448 secs]12.519: [CMS: 6321K->6318K(6848K), 0.0168112 secs] 9071K->9070K(9920K), [Metaspace: 3748K->3748K(1056768K)], 0.0309274 secs] [Times: user=0.11 sys=0.00, real=0.03 secs] 
12.537: [GC (CMS Initial Mark) [1 CMS-initial-mark: 6318K(6848K)] 9070K(9920K), 0.0031100 secs] [Times: user=0.00 sys=0.00, real=0.01 secs] 
12.540: [CMS-concurrent-mark-start]
12.540: [GC (Allocation Failure) 12.540: [ParNew (promotion failed): 2751K->2997K(3072K), 0.0174951 secs]12.558: [CMS12.561: [CMS-concurrent-mark: 0.004/0.021 secs] [Times: user=0.13 sys=0.00, real=0.02 secs] 
 (concurrent mode failure): 6321K->6318K(6848K), 0.0201065 secs] 9070K->9070K(9920K), [Metaspace: 3748K->3748K(1056768K)], 0.0376595 secs] [Times: user=0.15 sys=0.00, real=0.04 secs] 
12.578: [GC (Allocation Failure) 12.578: [ParNew (promotion failed): 2751K->2997K(3072K), 0.0207476 secs]12.599: [CMS: 6320K->6318K(6848K), 0.0166050 secs] 9070K->9070K(9920K), [Metaspace: 3748K->3748K(1056768K)], 0.0374253 secs] [Times: user=0.16 sys=0.00, real=0.03 secs] 
12.616: [GC (CMS Initial Mark) [1 CMS-initial-mark: 6318K(6848K)] 9070K(9920K), 0.0030625 secs] [Times: user=0.00 sys=0.00, real=0.01 secs] 
12.619: [CMS-concurrent-mark-start]
12.619: [GC (Allocation Failure) 12.619: [ParNew (promotion failed): 2751K->2997K(3072K), 0.0152447 secs]12.634: [CMS12.638: [CMS-concurrent-mark: 0.003/0.019 secs] [Times: user=0.12 sys=0.00, real=0.02 secs] 
 (concurrent mode failure): 6321K->6318K(6848K), 0.0200510 secs] 9070K->9070K(9920K), [Metaspace: 3748K->3748K(1056768K)], 0.0353713 secs] [Times: user=0.13 sys=0.00, real=0.03 secs] 
12.655: [GC (Allocation Failure) 12.655: [ParNew (promotion failed): 2751K->3022K(3072K), 0.0198898 secs]12.675: [CMS: 6321K->6319K(6848K), 0.0168015 secs] 9071K->9071K(9920K), [Metaspace: 3748K->3748K(1056768K)], 0.0367670 secs] [Times: user=0.16 sys=0.00, real=0.04 secs] 
12.692: [GC (CMS Initial Mark) [1 CMS-initial-mark: 6319K(6848K)] 9071K(9920K), 0.0030582 secs] [Times: user=0.00 sys=0.00, real=0.00 secs] 
12.695: [CMS-concurrent-mark-start]
12.695: [GC (Allocation Failure) 12.695: [ParNew (promotion failed): 2751K->2997K(3072K), 0.0137469 secs]12.709: [CMS12.712: [CMS-concurrent-mark: 0.004/0.017 secs] [Times: user=0.10 sys=0.00, real=0.02 secs] 
 (concurrent mode failure): 6321K->6319K(6848K), 0.0204282 secs] 9071K->9071K(9920K), [Metaspace: 3748K->3748K(1056768K)], 0.0342428 secs] [Times: user=0.12 sys=0.00, real=0.04 secs] 
12.730: [GC (Allocation Failure) 12.730: [ParNew (promotion failed): 2751K->3022K(3072K), 0.0211066 secs]12.751: [CMS: 6321K->6319K(6848K), 0.0168072 secs] 9071K->9071K(9920K), [Metaspace: 3748K->3748K(1056768K)], 0.0379903 secs] [Times: user=0.17 sys=0.00, real=0.04 secs] 
12.768: [GC (CMS Initial Mark) [1 CMS-initial-mark: 6319K(6848K)] 9071K(9920K), 0.0029942 secs] [Times: user=0.00 sys=0.00, real=0.00 secs] 
12.771: [CMS-concurrent-mark-start]
12.772: [GC (Allocation Failure) 12.772: [ParNew (promotion failed): 2751K->3071K(3072K), 0.0142554 secs]12.786: [CMS12.789: [CMS-concurrent-mark: 0.004/0.018 secs] [Times: user=0.11 sys=0.00, real=0.02 secs] 
 (concurrent mode failure): 6321K->6318K(6848K), 0.0197247 secs] 9071K->9070K(9920K), [Metaspace: 3748K->3748K(1056768K)], 0.0340550 secs] [Times: user=0.13 sys=0.01, real=0.03 secs] 
12.807: [GC (Allocation Failure) 12.807: [ParNew (promotion failed): 2751K->2997K(3072K), 0.0137924 secs]12.821: [CMS: 6321K->6318K(6848K), 0.0166906 secs] 9070K->9070K(9920K), [Metaspace: 3748K->3748K(1056768K)], 0.0305563 secs] [Times: user=0.11 sys=0.00, real=0.03 secs] 
12.838: [GC (CMS Initial Mark) [1 CMS-initial-mark: 6318K(6848K)] 9070K(9920K), 0.0030458 secs] [Times: user=0.00 sys=0.00, real=0.00 secs] 
12.841: [CMS-concurrent-mark-start]
12.841: [GC (Allocation Failure) 12.841: [ParNew (promotion failed): 2751K->2997K(3072K), 0.0129365 secs]12.854: [CMS12.857: [CMS-concurrent-mark: 0.003/0.016 secs] [Times: user=0.09 sys=0.00, real=0.01 secs] 
 (concurrent mode failure): 6321K->6318K(6848K), 0.0200735 secs] 9070K->9070K(9920K), [Metaspace: 3748K->3748K(1056768K)], 0.0330877 secs] [Times: user=0.11 sys=0.00, real=0.03 secs] 
12.874: [GC (Allocation Failure) 12.874: [ParNew (promotion failed): 2751K->2997K(3072K), 0.0215336 secs]12.896: [CMS: 6321K->6318K(6848K), 0.0166736 secs] 9070K->9070K(9920K), [Metaspace: 3748K->3748K(1056768K)], 0.0382739 secs] [Times: user=0.17 sys=0.00, real=0.04 secs] 
12.913: [GC (CMS Initial Mark) [1 CMS-initial-mark: 6319K(6848K)] 9071K(9920K), 0.0030536 secs] [Times: user=0.01 sys=0.00, real=0.00 secs] 
12.916: [CMS-concurrent-mark-start]
12.916: [GC (Allocation Failure) 12.916: [ParNew (promotion failed): 2751K->2997K(3072K), 0.0198430 secs]12.936: [CMS12.939: [CMS-concurrent-mark: 0.003/0.023 secs] [Times: user=0.14 sys=0.00, real=0.03 secs] 
 (concurrent mode failure): 6321K->6319K(6848K), 0.0200620 secs] 9071K->9071K(9920K), [Metaspace: 3748K->3748K(1056768K)], 0.0399767 secs] [Times: user=0.16 sys=0.00, real=0.04 secs] 
12.957: [GC (Allocation Failure) 12.957: [ParNew (promotion failed): 2751K->3071K(3072K), 0.0221910 secs]12.979: [CMS: 6321K->6319K(6848K), 0.0167624 secs] 9071K->9071K(9920K), [Metaspace: 3748K->3748K(1056768K)], 0.0390317 secs] [Times: user=0.18 sys=0.00, real=0.04 secs] 
12.996: [GC (CMS Initial Mark) [1 CMS-initial-mark: 6319K(6848K)] 9071K(9920K), 0.0030636 secs] [Times: user=0.00 sys=0.00, real=0.01 secs] 
13.000: [CMS-concurrent-mark-start]
13.000: [GC (Allocation Failure) 13.000: [ParNew (promotion failed): 2751K->3022K(3072K), 0.0129783 secs]13.013: [CMS13.016: [CMS-concurrent-mark: 0.003/0.017 secs] [Times: user=0.10 sys=0.00, real=0.01 secs] 
 (concurrent mode failure): 6321K->6319K(6848K), 0.0203605 secs] 9071K->9071K(9920K), [Metaspace: 3748K->3748K(1056768K)], 0.0334090 secs] [Times: user=0.11 sys=0.00, real=0.03 secs] 
13.034: [GC (Allocation Failure) 13.034: [ParNew (promotion failed): 2751K->3022K(3072K), 0.0160187 secs]13.050: [CMS: 6321K->6318K(6848K), 0.0167178 secs] 9071K->9070K(9920K), [Metaspace: 3748K->3748K(1056768K)], 0.0328043 secs] [Times: user=0.13 sys=0.00, real=0.03 secs] 
13.067: [GC (CMS Initial Mark) [1 CMS-initial-mark: 6319K(6848K)] 9071K(9920K), 0.0030048 secs] [Times: user=0.00 sys=0.00, real=0.01 secs] 
13.070: [CMS-concurrent-mark-start]
13.071: [GC (Allocation Failure) 13.071: [ParNew (promotion failed): 2751K->3022K(3072K), 0.0217641 secs]13.092: [CMS13.096: [CMS-concurrent-mark: 0.004/0.025 secs] [Times: user=0.16 sys=0.00, real=0.02 secs] 
 (concurrent mode failure): 6321K->6318K(6848K), 0.0199356 secs] 9071K->9070K(9920K), [Metaspace: 3748K->3748K(1056768K)], 0.0417605 secs] [Times: user=0.18 sys=0.00, real=0.04 secs] 
13.113: [GC (Allocation Failure) 13.113: [ParNew (promotion failed): 2751K->3022K(3072K), 0.0151904 secs]13.128: [CMS: 6321K->6318K(6848K), 0.0167680 secs] 9070K->9070K(9920K), [Metaspace: 3748K->3748K(1056768K)], 0.0320220 secs] [Times: user=0.11 sys=0.01, real=0.03 secs] 
13.145: [GC (CMS Initial Mark) [1 CMS-initial-mark: 6319K(6848K)] 9071K(9920K), 0.0030736 secs] [Times: user=0.00 sys=0.00, real=0.01 secs] 
13.148: [CMS-concurrent-mark-start]
13.148: [GC (Allocation Failure) 13.148: [ParNew (promotion failed): 2751K->3022K(3072K), 0.0213467 secs]13.169: [CMS13.173: [CMS-concurrent-mark: 0.003/0.025 secs] [Times: user=0.15 sys=0.00, real=0.02 secs] 
 (concurrent mode failure): 6321K->6319K(6848K), 0.0202722 secs] 9071K->9071K(9920K), [Metaspace: 3748K->3748K(1056768K)], 0.0416756 secs] [Times: user=0.17 sys=0.00, real=0.04 secs] 
13.190: [GC (Allocation Failure) 13.190: [ParNew (promotion failed): 2751K->2997K(3072K), 0.0170702 secs]13.207: [CMS: 6321K->6319K(6848K), 0.0165885 secs] 9071K->9071K(9920K), [Metaspace: 3748K->3748K(1056768K)], 0.0337295 secs] [Times: user=0.13 sys=0.00, real=0.03 secs] 
13.224: [GC (CMS Initial Mark) [1 CMS-initial-mark: 6319K(6848K)] 9071K(9920K), 0.0030877 secs] [Times: user=0.00 sys=0.00, real=0.01 secs] 
13.227: [CMS-concurrent-mark-start]
13.228: [GC (Allocation Failure) 13.228: [ParNew (promotion failed): 2751K->3022K(3072K), 0.0166020 secs]13.244: [CMS13.248: [CMS-concurrent-mark: 0.004/0.020 secs] [Times: user=0.12 sys=0.00, real=0.02 secs] 
 (concurrent mode failure): 6321K->6319K(6848K), 0.0205143 secs] 9071K->9071K(9920K), [Metaspace: 3748K->3748K(1056768K)], 0.0371843 secs] [Times: user=0.14 sys=0.00, real=0.03 secs] 
13.267: [GC (Allocation Failure) 13.268: [ParNew (promotion failed): 2751K->2972K(3072K), 0.0193453 secs]13.287: [CMS: 6321K->6319K(6848K), 0.0167258 secs] 9071K->9071K(9920K), [Metaspace: 3748K->3748K(1056768K)], 0.0363960 secs] [Times: user=0.13 sys=0.00, real=0.04 secs] 
13.304: [GC (CMS Initial Mark) [1 CMS-initial-mark: 6319K(6848K)] 9071K(9920K), 0.0030846 secs] [Times: user=0.00 sys=0.00, real=0.00 secs] 
13.307: [CMS-concurrent-mark-start]
13.308: [GC (Allocation Failure) 13.308: [ParNew (promotion failed): 2751K->3022K(3072K), 0.0136185 secs]13.322: [CMS13.324: [CMS-concurrent-mark: 0.004/0.017 secs] [Times: user=0.11 sys=0.00, real=0.02 secs] 
 (concurrent mode failure): 6321K->6318K(6848K), 0.0197930 secs] 9071K->9070K(9920K), [Metaspace: 3748K->3748K(1056768K)], 0.0334900 secs] [Times: user=0.11 sys=0.00, real=0.03 secs] 
13.342: [GC (Allocation Failure) 13.342: [ParNew (promotion failed): 2751K->3022K(3072K), 0.0132236 secs]13.355: [CMS: 6321K->6318K(6848K), 0.0169565 secs] 9071K->9070K(9920K), [Metaspace: 3748K->3748K(1056768K)], 0.0302572 secs] [Times: user=0.10 sys=0.00, real=0.03 secs] 
13.373: [GC (CMS Initial Mark) [1 CMS-initial-mark: 6319K(6848K)] 9071K(9920K), 0.0030757 secs] [Times: user=0.01 sys=0.00, real=0.00 secs] 
13.376: [CMS-concurrent-mark-start]
13.376: [GC (Allocation Failure) 13.376: [ParNew (promotion failed): 2751K->3022K(3072K), 0.0129961 secs]13.389: [CMS13.392: [CMS-concurrent-mark: 0.003/0.017 secs] [Times: user=0.09 sys=0.00, real=0.02 secs] 
 (concurrent mode failure): 6321K->6319K(6848K), 0.0201707 secs] 9071K->9071K(9920K), [Metaspace: 3748K->3748K(1056768K)], 0.0332387 secs] [Times: user=0.10 sys=0.00, real=0.04 secs] 
13.409: [GC (Allocation Failure) 13.409: [ParNew (promotion failed): 2751K->2997K(3072K), 0.0138377 secs]13.423: [CMS: 6321K->6319K(6848K), 0.0167537 secs] 9071K->9071K(9920K), [Metaspace: 3748K->3748K(1056768K)], 0.0306674 secs] [Times: user=0.12 sys=0.01, real=0.03 secs] 
13.440: [GC (CMS Initial Mark) [1 CMS-initial-mark: 6319K(6848K)] 9071K(9920K), 0.0029977 secs] [Times: user=0.00 sys=0.00, real=0.00 secs] 
13.443: [CMS-concurrent-mark-start]
13.443: [GC (Allocation Failure) 13.444: [ParNew (promotion failed): 2751K->2997K(3072K), 0.0212859 secs]13.465: [CMS13.468: [CMS-concurrent-mark: 0.004/0.025 secs] [Times: user=0.16 sys=0.00, real=0.03 secs] 
 (concurrent mode failure): 6321K->6319K(6848K), 0.0200223 secs] 9071K->9071K(9920K), [Metaspace: 3748K->3748K(1056768K)], 0.0413751 secs] [Times: user=0.17 sys=0.00, real=0.04 secs] 
13.485: [GC (Allocation Failure) 13.485: [ParNew (promotion failed): 2751K->3022K(3072K), 0.0137461 secs]13.499: [CMS: 6321K->6319K(6848K), 0.0170610 secs] 9071K->9071K(9920K), [Metaspace: 3748K->3748K(1056768K)], 0.0308732 secs] [Times: user=0.10 sys=0.00, real=0.03 secs] 
13.517: [GC (CMS Initial Mark) [1 CMS-initial-mark: 6319K(6848K)] 9071K(9920K), 0.0030988 secs] [Times: user=0.01 sys=0.00, real=0.01 secs] 
13.520: [CMS-concurrent-mark-start]
13.520: [GC (Allocation Failure) 13.520: [ParNew (promotion failed): 2751K->2997K(3072K), 0.0213355 secs]13.541: [CMS13.545: [CMS-concurrent-mark: 0.003/0.025 secs] [Times: user=0.15 sys=0.00, real=0.02 secs] 
 (concurrent mode failure): 6321K->6319K(6848K), 0.0201613 secs] 9071K->9071K(9920K), [Metaspace: 3748K->3748K(1056768K)], 0.0415583 secs] [Times: user=0.17 sys=0.00, real=0.04 secs] 
13.562: [GC (Allocation Failure) 13.562: [ParNew (promotion failed): 2751K->3022K(3072K), 0.0140202 secs]13.577: [CMS: 6321K->6319K(6848K), 0.0166750 secs] 9071K->9071K(9920K), [Metaspace: 3748K->3748K(1056768K)], 0.0307680 secs] [Times: user=0.11 sys=0.00, real=0.03 secs] 
13.594: [GC (CMS Initial Mark) [1 CMS-initial-mark: 6319K(6848K)] 9071K(9920K), 0.0031524 secs] [Times: user=0.00 sys=0.00, real=0.00 secs] 
13.597: [CMS-concurrent-mark-start]
13.597: [GC (Allocation Failure) 13.597: [ParNew (promotion failed): 2751K->2997K(3072K), 0.0149257 secs]13.612: [CMS13.615: [CMS-concurrent-mark: 0.004/0.019 secs] [Times: user=0.11 sys=0.00, real=0.02 secs] 
 (concurrent mode failure): 6321K->6319K(6848K), 0.0200969 secs] 9071K->9071K(9920K), [Metaspace: 3748K->3748K(1056768K)], 0.0350905 secs] [Times: user=0.13 sys=0.00, real=0.04 secs] 
13.633: [GC (Allocation Failure) 13.633: [ParNew (promotion failed): 2751K->2997K(3072K), 0.0214292 secs]13.654: [CMS: 6321K->6319K(6848K), 0.0166603 secs] 9071K->9071K(9920K), [Metaspace: 3748K->3748K(1056768K)], 0.0381628 secs] [Times: user=0.17 sys=0.00, real=0.04 secs] 
13.671: [GC (CMS Initial Mark) [1 CMS-initial-mark: 6319K(6848K)] 9071K(9920K), 0.0031234 secs] [Times: user=0.00 sys=0.00, real=0.00 secs] 
13.674: [CMS-concurrent-mark-start]
13.674: [GC (Allocation Failure) 13.674: [ParNew (promotion failed): 2751K->2997K(3072K), 0.0211744 secs]13.695: [CMS13.699: [CMS-concurrent-mark: 0.004/0.025 secs] [Times: user=0.16 sys=0.00, real=0.03 secs] 
 (concurrent mode failure): 6321K->6319K(6848K), 0.0202111 secs] 9071K->9071K(9920K), [Metaspace: 3748K->3748K(1056768K)], 0.0414516 secs] [Times: user=0.17 sys=0.00, real=0.04 secs] 
13.716: [GC (Allocation Failure) 13.716: [ParNew (promotion failed): 2751K->2997K(3072K), 0.0237762 secs]13.740: [CMS: 6321K->6319K(6848K), 0.0167271 secs] 9071K->9071K(9920K), [Metaspace: 3748K->3748K(1056768K)], 0.0405758 secs] [Times: user=0.19 sys=0.01, real=0.04 secs] 
13.757: [GC (CMS Initial Mark) [1 CMS-initial-mark: 6319K(6848K)] 9071K(9920K), 0.0030678 secs] [Times: user=0.00 sys=0.00, real=0.01 secs] 
13.760: [CMS-concurrent-mark-start]
13.760: [GC (Allocation Failure) 13.760: [ParNew (promotion failed): 2751K->3022K(3072K), 0.0149007 secs]13.775: [CMS13.779: [CMS-concurrent-mark: 0.004/0.019 secs] [Times: user=0.11 sys=0.00, real=0.02 secs] 
 (concurrent mode failure): 6321K->6319K(6848K), 0.0204779 secs] 9071K->9071K(9920K), [Metaspace: 3748K->3748K(1056768K)], 0.0354598 secs] [Times: user=0.13 sys=0.00, real=0.03 secs] 
13.797: [GC (Allocation Failure) 13.797: [ParNew (promotion failed): 2751K->2997K(3072K), 0.0227817 secs]13.819: [CMS: 6321K->6319K(6848K), 0.0166976 secs] 9071K->9071K(9920K), [Metaspace: 3748K->3748K(1056768K)], 0.0395562 secs] [Times: user=0.18 sys=0.00, real=0.04 secs] 
13.837: [GC (CMS Initial Mark) [1 CMS-initial-mark: 6319K(6848K)] 9071K(9920K), 0.0030176 secs] [Times: user=0.00 sys=0.00, real=0.02 secs] 
13.857: [CMS-concurrent-mark-start]
13.858: [GC (Allocation Failure) 13.861: [ParNew (promotion failed): 2751K->3046K(3072K), 0.0134274 secs]13.875: [CMS13.878: [CMS-concurrent-mark: 0.004/0.020 secs] [Times: user=0.10 sys=0.00, real=0.03 secs] 
 (concurrent mode failure): 6321K->6319K(6848K), 0.0198850 secs] 9071K->9071K(9920K), [Metaspace: 3748K->3748K(1056768K)], 0.0367792 secs] [Times: user=0.11 sys=0.00, real=0.03 secs] 
13.895: [GC (Allocation Failure) 13.895: [ParNew (promotion failed): 2751K->2997K(3072K), 0.0131625 secs]13.908: [CMS: 6321K->6319K(6848K), 0.0167226 secs] 9071K->9071K(9920K), [Metaspace: 3748K->3748K(1056768K)], 0.0299505 secs] [Times: user=0.11 sys=0.00, real=0.03 secs] 
13.925: [GC (CMS Initial Mark) [1 CMS-initial-mark: 6319K(6848K)] 9071K(9920K), 0.0030308 secs] [Times: user=0.00 sys=0.00, real=0.01 secs] 
13.928: [CMS-concurrent-mark-start]
13.928: [GC (Allocation Failure) 13.928: [ParNew (promotion failed): 2751K->3022K(3072K), 0.0200179 secs]13.948: [CMS13.952: [CMS-concurrent-mark: 0.003/0.024 secs] [Times: user=0.15 sys=0.00, real=0.02 secs] 
 (concurrent mode failure): 6321K->6319K(6848K), 0.0204156 secs] 9071K->9071K(9920K), [Metaspace: 3748K->3748K(1056768K)], 0.0404943 secs] [Times: user=0.16 sys=0.00, real=0.04 secs] 
13.969: [GC (Allocation Failure) 13.969: [ParNew (promotion failed): 2751K->3022K(3072K), 0.0229509 secs]13.992: [CMS: 6321K->6319K(6848K), 0.0166411 secs] 9071K->9071K(9920K), [Metaspace: 3748K->3748K(1056768K)], 0.0396552 secs] [Times: user=0.17 sys=0.00, real=0.04 secs] 
14.009: [GC (CMS Initial Mark) [1 CMS-initial-mark: 6319K(6848K)] 9071K(9920K), 0.0030710 secs] [Times: user=0.00 sys=0.00, real=0.00 secs] 
14.012: [CMS-concurrent-mark-start]
14.013: [GC (Allocation Failure) 14.013: [ParNew (promotion failed): 2751K->3046K(3072K), 0.0157748 secs]14.028: [CMS14.032: [CMS-concurrent-mark: 0.004/0.019 secs] [Times: user=0.12 sys=0.00, real=0.02 secs] 
 (concurrent mode failure): 6321K->6319K(6848K), 0.0202826 secs] 9071K->9071K(9920K), [Metaspace: 3748K->3748K(1056768K)], 0.0361229 secs] [Times: user=0.13 sys=0.00, real=0.04 secs] 
14.049: [GC (Allocation Failure) 14.050: [ParNew (promotion failed): 2751K->3022K(3072K), 0.0172254 secs]14.068: [CMS: 6321K->6319K(6848K), 0.0168948 secs] 9071K->9071K(9920K), [Metaspace: 3748K->3748K(1056768K)], 0.0354835 secs] [Times: user=0.14 sys=0.00, real=0.03 secs] 
14.085: [GC (CMS Initial Mark) [1 CMS-initial-mark: 6319K(6848K)] 9071K(9920K), 0.0030897 secs] [Times: user=0.00 sys=0.00, real=0.01 secs] 
14.088: [CMS-concurrent-mark-start]
14.088: [GC (Allocation Failure) 14.088: [ParNew (promotion failed): 2751K->3022K(3072K), 0.0174604 secs]14.106: [CMS14.110: [CMS-concurrent-mark: 0.004/0.021 secs] [Times: user=0.13 sys=0.00, real=0.02 secs] 
 (concurrent mode failure): 6321K->6319K(6848K), 0.0209269 secs] 9071K->9071K(9920K), [Metaspace: 3748K->3748K(1056768K)], 0.0384518 secs] [Times: user=0.14 sys=0.00, real=0.03 secs] 
14.128: [GC (Allocation Failure) 14.128: [ParNew (promotion failed): 2751K->3022K(3072K), 0.0216289 secs]14.149: [CMS: 6321K->6319K(6848K), 0.0168497 secs] 9071K->9071K(9920K), [Metaspace: 3748K->3748K(1056768K)], 0.0385691 secs] [Times: user=0.17 sys=0.00, real=0.03 secs] 
14.167: [GC (CMS Initial Mark) [1 CMS-initial-mark: 6319K(6848K)] 9071K(9920K), 0.0030804 secs] [Times: user=0.00 sys=0.00, real=0.01 secs] 
14.170: [CMS-concurrent-mark-start]
14.170: [GC (Allocation Failure) 14.170: [ParNew (promotion failed): 2751K->3022K(3072K), 0.0132069 secs]14.184: [CMS14.187: [CMS-concurrent-mark: 0.003/0.017 secs] [Times: user=0.09 sys=0.00, real=0.01 secs] 
 (concurrent mode failure): 6321K->6319K(6848K), 0.0200833 secs] 9071K->9071K(9920K), [Metaspace: 3748K->3748K(1056768K)], 0.0333535 secs] [Times: user=0.10 sys=0.00, real=0.03 secs] 
14.204: [GC (Allocation Failure) 14.204: [ParNew (promotion failed): 2751K->3022K(3072K), 0.0215535 secs]14.226: [CMS: 6321K->6319K(6848K), 0.0167102 secs] 9071K->9071K(9920K), [Metaspace: 3748K->3748K(1056768K)], 0.0383289 secs] [Times: user=0.16 sys=0.00, real=0.04 secs] 
14.242: [GC (CMS Initial Mark) [1 CMS-initial-mark: 6319K(6848K)] 9071K(9920K), 0.0030523 secs] [Times: user=0.01 sys=0.00, real=0.00 secs] 
14.246: [CMS-concurrent-mark-start]
14.246: [GC (Allocation Failure) 14.246: [ParNew (promotion failed): 2751K->2997K(3072K), 0.0190101 secs]14.265: [CMS14.268: [CMS-concurrent-mark: 0.003/0.023 secs] [Times: user=0.13 sys=0.00, real=0.03 secs] 
 (concurrent mode failure): 6321K->6319K(6848K), 0.0201985 secs] 9071K->9071K(9920K), [Metaspace: 3748K->3748K(1056768K)], 0.0392683 secs] [Times: user=0.15 sys=0.00, real=0.04 secs] 
14.285: [GC (Allocation Failure) 14.285: [ParNew (promotion failed): 2751K->3022K(3072K), 0.0207399 secs]14.306: [CMS: 6321K->6319K(6848K), 0.0168067 secs] 9071K->9071K(9920K), [Metaspace: 3748K->3748K(1056768K)], 0.0376223 secs] [Times: user=0.16 sys=0.00, real=0.04 secs] 
14.323: [GC (CMS Initial Mark) [1 CMS-initial-mark: 6319K(6848K)] 9071K(9920K), 0.0030926 secs] [Times: user=0.00 sys=0.00, real=0.00 secs] 
14.327: [CMS-concurrent-mark-start]
14.327: [GC (Allocation Failure) 14.327: [ParNew (promotion failed): 2751K->2997K(3072K), 0.0184083 secs]14.345: [CMS14.349: [CMS-concurrent-mark: 0.004/0.022 secs] [Times: user=0.13 sys=0.00, real=0.03 secs] 
 (concurrent mode failure): 6321K->6319K(6848K), 0.0203139 secs] 9071K->9071K(9920K), [Metaspace: 3748K->3748K(1056768K)], 0.0387945 secs] [Times: user=0.15 sys=0.00, real=0.04 secs] 
14.366: [GC (Allocation Failure) 14.366: [ParNew (promotion failed): 2751K->3022K(3072K), 0.0223649 secs]14.389: [CMS: 6321K->6319K(6848K), 0.0167222 secs] 9071K->9071K(9920K), [Metaspace: 3748K->3748K(1056768K)], 0.0391494 secs] [Times: user=0.17 sys=0.01, real=0.04 secs] 
14.406: [GC (CMS Initial Mark) [1 CMS-initial-mark: 6319K(6848K)] 9071K(9920K), 0.0030690 secs] [Times: user=0.00 sys=0.00, real=0.01 secs] 
14.409: [CMS-concurrent-mark-start]
14.409: [GC (Allocation Failure) 14.409: [ParNew (promotion failed): 2751K->2997K(3072K), 0.0183626 secs]14.428: [CMS14.431: [CMS-concurrent-mark: 0.004/0.022 secs] [Times: user=0.13 sys=0.00, real=0.02 secs] 
 (concurrent mode failure): 6321K->6319K(6848K), 0.0198640 secs] 9071K->9071K(9920K), [Metaspace: 3748K->3748K(1056768K)], 0.0382906 secs] [Times: user=0.15 sys=0.00, real=0.04 secs] 
14.448: [GC (Allocation Failure) 14.448: [ParNew (promotion failed): 2751K->3022K(3072K), 0.0175080 secs]14.466: [CMS: 6321K->6319K(6848K), 0.0168258 secs] 9071K->9071K(9920K), [Metaspace: 3748K->3748K(1056768K)], 0.0343987 secs] [Times: user=0.14 sys=0.00, real=0.03 secs] 
14.483: [GC (CMS Initial Mark) [1 CMS-initial-mark: 6319K(6848K)] 9071K(9920K), 0.0030783 secs] [Times: user=0.01 sys=0.00, real=0.00 secs] 
14.486: [CMS-concurrent-mark-start]
14.486: [GC (Allocation Failure) 14.486: [ParNew (promotion failed): 2751K->2997K(3072K), 0.0165088 secs]14.503: [CMS14.506: [CMS-concurrent-mark: 0.003/0.020 secs] [Times: user=0.10 sys=0.00, real=0.02 secs] 
 (concurrent mode failure): 6321K->6319K(6848K), 0.0202193 secs] 9071K->9071K(9920K), [Metaspace: 3748K->3748K(1056768K)], 0.0367893 secs] [Times: user=0.12 sys=0.00, real=0.04 secs] 
14.523: [GC (Allocation Failure) 14.523: [ParNew (promotion failed): 2751K->2997K(3072K), 0.0191248 secs]14.542: [CMS: 6321K->6319K(6848K), 0.0170280 secs] 9071K->9071K(9920K), [Metaspace: 3748K->3748K(1056768K)], 0.0362114 secs] [Times: user=0.14 sys=0.00, real=0.04 secs] 
14.560: [GC (CMS Initial Mark) [1 CMS-initial-mark: 6319K(6848K)] 9071K(9920K), 0.0030721 secs] [Times: user=0.01 sys=0.00, real=0.00 secs] 
14.563: [CMS-concurrent-mark-start]
14.563: [GC (Allocation Failure) 14.563: [ParNew (promotion failed): 2751K->3022K(3072K), 0.0193660 secs]14.582: [CMS14.586: [CMS-concurrent-mark: 0.004/0.023 secs] [Times: user=0.14 sys=0.00, real=0.02 secs] 
 (concurrent mode failure): 6321K->6319K(6848K), 0.0202397 secs] 9071K->9071K(9920K), [Metaspace: 3748K->3748K(1056768K)], 0.0396672 secs] [Times: user=0.15 sys=0.00, real=0.04 secs] 
14.603: [GC (Allocation Failure) 14.603: [ParNew (promotion failed): 2751K->2997K(3072K), 0.0178967 secs]14.621: [CMS: 6321K->6319K(6848K), 0.0169213 secs] 9071K->9071K(9920K), [Metaspace: 3748K->3748K(1056768K)], 0.0348894 secs] [Times: user=0.13 sys=0.00, real=0.04 secs] 
14.639: [GC (CMS Initial Mark) [1 CMS-initial-mark: 6319K(6848K)] 9071K(9920K), 0.0030791 secs] [Times: user=0.01 sys=0.00, real=0.00 secs] 
14.642: [CMS-concurrent-mark-start]
14.642: [GC (Allocation Failure) 14.642: [ParNew (promotion failed): 2751K->3022K(3072K), 0.0202399 secs]14.662: [CMS14.666: [CMS-concurrent-mark: 0.004/0.024 secs] [Times: user=0.14 sys=0.01, real=0.02 secs] 
 (concurrent mode failure): 6321K->6319K(6848K), 0.0203136 secs] 9071K->9071K(9920K), [Metaspace: 3748K->3748K(1056768K)], 0.0406233 secs] [Times: user=0.15 sys=0.01, real=0.04 secs] 
14.683: [GC (Allocation Failure) 14.683: [ParNew (promotion failed): 2751K->3046K(3072K), 0.0122863 secs]14.696: [CMS: 6321K->6319K(6848K), 0.0168958 secs] 9071K->9071K(9920K), [Metaspace: 3748K->3748K(1056768K)], 0.0292541 secs] [Times: user=0.09 sys=0.00, real=0.03 secs] 
14.713: [GC (CMS Initial Mark) [1 CMS-initial-mark: 6319K(6848K)] 9071K(9920K), 0.0035788 secs] [Times: user=0.00 sys=0.00, real=0.00 secs] 
14.717: [CMS-concurrent-mark-start]
14.717: [GC (Allocation Failure) 14.717: [ParNew (promotion failed): 2751K->2997K(3072K), 0.0180478 secs]14.735: [CMS14.738: [CMS-concurrent-mark: 0.004/0.022 secs] [Times: user=0.13 sys=0.00, real=0.03 secs] 
 (concurrent mode failure): 6321K->6319K(6848K), 0.0201582 secs] 9071K->9071K(9920K), [Metaspace: 3748K->3748K(1056768K)], 0.0382685 secs] [Times: user=0.14 sys=0.00, real=0.04 secs] 
14.756: [GC (Allocation Failure) 14.756: [ParNew (promotion failed): 2751K->2997K(3072K), 0.0158187 secs]14.772: [CMS: 6321K->6319K(6848K), 0.0167786 secs] 9071K->9071K(9920K), [Metaspace: 3748K->3748K(1056768K)], 0.0326779 secs] [Times: user=0.13 sys=0.00, real=0.04 secs] 
14.789: [GC (CMS Initial Mark) [1 CMS-initial-mark: 6319K(6848K)] 9071K(9920K), 0.0030664 secs] [Times: user=0.00 sys=0.00, real=0.00 secs] 
14.792: [CMS-concurrent-mark-start]
14.792: [GC (Allocation Failure) 14.792: [ParNew (promotion failed): 2751K->3022K(3072K), 0.0130529 secs]14.805: [CMS14.808: [CMS-concurrent-mark: 0.003/0.017 secs] [Times: user=0.10 sys=0.00, real=0.02 secs] 
 (concurrent mode failure): 6321K->6319K(6848K), 0.0201452 secs] 9071K->9071K(9920K), [Metaspace: 3748K->3748K(1056768K)], 0.0332547 secs] [Times: user=0.11 sys=0.00, real=0.03 secs] 
14.825: [GC (Allocation Failure) 14.825: [ParNew (promotion failed): 2751K->2997K(3072K), 0.0165225 secs]14.842: [CMS: 6321K->6319K(6848K), 0.0167386 secs] 9071K->9071K(9920K), [Metaspace: 3748K->3748K(1056768K)], 0.0333234 secs] [Times: user=0.13 sys=0.00, real=0.04 secs] 
14.859: [GC (CMS Initial Mark) [1 CMS-initial-mark: 6319K(6848K)] 9071K(9920K), 0.0030291 secs] [Times: user=0.01 sys=0.00, real=0.00 secs] 
14.862: [CMS-concurrent-mark-start]
14.862: [GC (Allocation Failure) 14.862: [ParNew (promotion failed): 2751K->2997K(3072K), 0.0144467 secs]14.877: [CMS14.880: [CMS-concurrent-mark: 0.004/0.018 secs] [Times: user=0.11 sys=0.00, real=0.02 secs] 
 (concurrent mode failure): 6321K->6319K(6848K), 0.0206624 secs] 9071K->9071K(9920K), [Metaspace: 3748K->3748K(1056768K)], 0.0351674 secs] [Times: user=0.12 sys=0.00, real=0.04 secs] 
14.898: [GC (Allocation Failure) 14.898: [ParNew (promotion failed): 2751K->3022K(3072K), 0.0147038 secs]14.913: [CMS: 6321K->6319K(6848K), 0.0167741 secs] 9071K->9071K(9920K), [Metaspace: 3748K->3748K(1056768K)], 0.0315516 secs] [Times: user=0.12 sys=0.00, real=0.03 secs] 
14.930: [GC (CMS Initial Mark) [1 CMS-initial-mark: 6319K(6848K)] 9071K(9920K), 0.0030418 secs] [Times: user=0.00 sys=0.00, real=0.00 secs] 
14.933: [CMS-concurrent-mark-start]
14.934: [GC (Allocation Failure) 14.934: [ParNew (promotion failed): 2751K->3022K(3072K), 0.0121722 secs]14.946: [CMS14.949: [CMS-concurrent-mark: 0.004/0.016 secs] [Times: user=0.09 sys=0.00, real=0.02 secs] 
 (concurrent mode failure): 6321K->6319K(6848K), 0.0198173 secs] 9071K->9071K(9920K), [Metaspace: 3748K->3748K(1056768K)], 0.0320594 secs] [Times: user=0.11 sys=0.00, real=0.03 secs] 
14.967: [GC (Allocation Failure) 14.967: [ParNew (promotion failed): 2751K->3046K(3072K), 0.0206944 secs]14.987: [CMS: 6321K->6319K(6848K), 0.0168502 secs] 9071K->9071K(9920K), [Metaspace: 3748K->3748K(1056768K)], 0.0376115 secs] [Times: user=0.16 sys=0.00, real=0.04 secs] 
15.004: [GC (CMS Initial Mark) [1 CMS-initial-mark: 6319K(6848K)] 9071K(9920K), 0.0030614 secs] [Times: user=0.00 sys=0.00, real=0.01 secs] 
15.008: [CMS-concurrent-mark-start]
15.008: [GC (Allocation Failure) 15.008: [ParNew (promotion failed): 2751K->2997K(3072K), 0.0142181 secs]15.022: [CMS15.025: [CMS-concurrent-mark: 0.004/0.018 secs] [Times: user=0.10 sys=0.00, real=0.01 secs] 
 (concurrent mode failure): 6321K->6319K(6848K), 0.0202747 secs] 9071K->9071K(9920K), [Metaspace: 3748K->3748K(1056768K)], 0.0345543 secs] [Times: user=0.12 sys=0.00, real=0.03 secs] 
15.042: [GC (Allocation Failure) 15.042: [ParNew (promotion failed): 2751K->2997K(3072K), 0.0178580 secs]15.060: [CMS: 6321K->6319K(6848K), 0.0167344 secs] 9071K->9071K(9920K), [Metaspace: 3748K->3748K(1056768K)], 0.0346503 secs] [Times: user=0.14 sys=0.00, real=0.03 secs] 
15.077: [GC (CMS Initial Mark) [1 CMS-initial-mark: 6319K(6848K)] 9071K(9920K), 0.0030636 secs] [Times: user=0.00 sys=0.00, real=0.00 secs] 
15.081: [CMS-concurrent-mark-start]
15.081: [GC (Allocation Failure) 15.081: [ParNew (promotion failed): 2751K->2997K(3072K), 0.0146873 secs]15.095: [CMS15.099: [CMS-concurrent-mark: 0.004/0.018 secs] [Times: user=0.11 sys=0.00, real=0.02 secs] 
 (concurrent mode failure): 6321K->6319K(6848K), 0.0204774 secs] 9071K->9071K(9920K), [Metaspace: 3748K->3748K(1056768K)], 0.0352203 secs] [Times: user=0.13 sys=0.00, real=0.03 secs] 
15.116: [GC (Allocation Failure) 15.116: [ParNew (promotion failed): 2751K->3022K(3072K), 0.0204115 secs]15.137: [CMS: 6321K->6319K(6848K), 0.0169682 secs] 9071K->9071K(9920K), [Metaspace: 3748K->3748K(1056768K)], 0.0374377 secs] [Times: user=0.16 sys=0.00, real=0.04 secs] 
15.155: [GC (CMS Initial Mark) [1 CMS-initial-mark: 6319K(6848K)] 9071K(9920K), 0.0030704 secs] [Times: user=0.01 sys=0.00, real=0.01 secs] 
15.158: [CMS-concurrent-mark-start]
15.158: [GC (Allocation Failure) 15.158: [ParNew (promotion failed): 2751K->3022K(3072K), 0.0221059 secs]15.180: [CMS15.183: [CMS-concurrent-mark: 0.004/0.026 secs] [Times: user=0.15 sys=0.00, real=0.02 secs] 
 (concurrent mode failure): 6321K->6319K(6848K), 0.0203203 secs] 9071K->9071K(9920K), [Metaspace: 3748K->3748K(1056768K)], 0.0425091 secs] [Times: user=0.17 sys=0.00, real=0.04 secs] 
15.201: [GC (Allocation Failure) 15.201: [ParNew (promotion failed): 2751K->2997K(3072K), 0.0211344 secs]15.222: [CMS: 6321K->6319K(6848K), 0.0167385 secs] 9071K->9071K(9920K), [Metaspace: 3748K->3748K(1056768K)], 0.0379431 secs] [Times: user=0.16 sys=0.01, real=0.04 secs] 
15.240: [GC (CMS Initial Mark) [1 CMS-initial-mark: 6319K(6848K)] 9071K(9920K), 0.0030595 secs] [Times: user=0.01 sys=0.00, real=0.00 secs] 
15.243: [CMS-concurrent-mark-start]
15.243: [GC (Allocation Failure) 15.243: [ParNew (promotion failed): 2751K->2997K(3072K), 0.0113675 secs]15.254: [CMS15.258: [CMS-concurrent-mark: 0.004/0.015 secs] [Times: user=0.06 sys=0.00, real=0.02 secs] 
 (concurrent mode failure): 6321K->6319K(6848K), 0.0201916 secs] 9071K->9071K(9920K), [Metaspace: 3748K->3748K(1056768K)], 0.0316224 secs] [Times: user=0.08 sys=0.00, real=0.03 secs] 
15.275: [GC (Allocation Failure) 15.275: [ParNew (promotion failed): 2751K->2997K(3072K), 0.0209450 secs]15.296: [CMS: 6321K->6319K(6848K), 0.0165849 secs] 9071K->9071K(9920K), [Metaspace: 3748K->3748K(1056768K)], 0.0375993 secs] [Times: user=0.17 sys=0.00, real=0.04 secs] 
15.313: [GC (CMS Initial Mark) [1 CMS-initial-mark: 6319K(6848K)] 9071K(9920K), 0.0030785 secs] [Times: user=0.00 sys=0.00, real=0.00 secs] 
15.316: [CMS-concurrent-mark-start]
15.316: [GC (Allocation Failure) 15.316: [ParNew (promotion failed): 2751K->3022K(3072K), 0.0208023 secs]15.337: [CMS15.340: [CMS-concurrent-mark: 0.004/0.024 secs] [Times: user=0.16 sys=0.00, real=0.03 secs] 
 (concurrent mode failure): 6321K->6319K(6848K), 0.0202817 secs] 9071K->9071K(9920K), [Metaspace: 3748K->3748K(1056768K)], 0.0411579 secs] [Times: user=0.18 sys=0.00, real=0.04 secs] 
15.358: [GC (Allocation Failure) 15.358: [ParNew (promotion failed): 2751K->3022K(3072K), 0.0209440 secs]15.379: [CMS: 6321K->6319K(6848K), 0.0167363 secs] 9071K->9071K(9920K), [Metaspace: 3748K->3748K(1056768K)], 0.0377551 secs] [Times: user=0.16 sys=0.00, real=0.03 secs] 
15.396: [GC (CMS Initial Mark) [1 CMS-initial-mark: 6319K(6848K)] 9071K(9920K), 0.0030755 secs] [Times: user=0.01 sys=0.00, real=0.01 secs] 
15.399: [CMS-concurrent-mark-start]
15.399: [GC (Allocation Failure) 15.399: [ParNew (promotion failed): 2751K->2997K(3072K), 0.0200343 secs]15.419: [CMS15.423: [CMS-concurrent-mark: 0.004/0.024 secs] [Times: user=0.14 sys=0.00, real=0.02 secs] 
 (concurrent mode failure): 6321K->6319K(6848K), 0.0202817 secs] 9071K->9071K(9920K), [Metaspace: 3748K->3748K(1056768K)], 0.0403929 secs] [Times: user=0.16 sys=0.00, real=0.04 secs] 
15.440: [GC (Allocation Failure) 15.440: [ParNew (promotion failed): 2751K->3022K(3072K), 0.0139653 secs]15.454: [CMS: 6321K->6319K(6848K), 0.0166140 secs] 9071K->9071K(9920K), [Metaspace: 3748K->3748K(1056768K)], 0.0306433 secs] [Times: user=0.11 sys=0.00, real=0.03 secs] 
15.471: [GC (CMS Initial Mark) [1 CMS-initial-mark: 6319K(6848K)] 9071K(9920K), 0.0030768 secs] [Times: user=0.01 sys=0.00, real=0.00 secs] 
15.474: [CMS-concurrent-mark-start]
15.475: [GC (Allocation Failure) 15.475: [ParNew (promotion failed): 2751K->3022K(3072K), 0.0137716 secs]15.489: [CMS15.492: [CMS-concurrent-mark: 0.004/0.017 secs] [Times: user=0.09 sys=0.00, real=0.02 secs] 
 (concurrent mode failure): 6321K->6319K(6848K), 0.0196637 secs] 9071K->9071K(9920K), [Metaspace: 3748K->3748K(1056768K)], 0.0335063 secs] [Times: user=0.11 sys=0.00, real=0.04 secs] 
15.509: [GC (Allocation Failure) 15.509: [ParNew (promotion failed): 2751K->2997K(3072K), 0.0140913 secs]15.523: [CMS: 6321K->6319K(6848K), 0.0169058 secs] 9071K->9071K(9920K), [Metaspace: 3748K->3748K(1056768K)], 0.0310693 secs] [Times: user=0.10 sys=0.00, real=0.03 secs] 
15.540: [GC (CMS Initial Mark) [1 CMS-initial-mark: 6319K(6848K)] 9071K(9920K), 0.0031280 secs] [Times: user=0.01 sys=0.00, real=0.00 secs] 
15.543: [CMS-concurrent-mark-start]
15.543: [GC (Allocation Failure) 15.543: [ParNew (promotion failed): 2751K->2997K(3072K), 0.0136969 secs]15.557: [CMS15.561: [CMS-concurrent-mark: 0.004/0.017 secs] [Times: user=0.10 sys=0.01, real=0.02 secs] 
 (concurrent mode failure): 6321K->6319K(6848K), 0.0201299 secs] 9071K->9071K(9920K), [Metaspace: 3748K->3748K(1056768K)], 0.0338922 secs] [Times: user=0.11 sys=0.01, real=0.03 secs] 
15.578: [GC (Allocation Failure) 15.578: [ParNew (promotion failed): 2751K->2997K(3072K), 0.0192124 secs]15.597: [CMS: 6321K->6319K(6848K), 0.0168157 secs] 9071K->9071K(9920K), [Metaspace: 3748K->3748K(1056768K)], 0.0361107 secs] [Times: user=0.15 sys=0.00, real=0.03 secs] 
15.614: [GC (CMS Initial Mark) [1 CMS-initial-mark: 6319K(6848K)] 9071K(9920K), 0.0031275 secs] [Times: user=0.00 sys=0.00, real=0.00 secs] 
15.617: [CMS-concurrent-mark-start]
15.618: [GC (Allocation Failure) 15.618: [ParNew (promotion failed): 2751K->3022K(3072K), 0.0214420 secs]15.639: [CMS15.642: [CMS-concurrent-mark: 0.004/0.025 secs] [Times: user=0.16 sys=0.00, real=0.03 secs] 
 (concurrent mode failure): 6321K->6319K(6848K), 0.0201794 secs] 9071K->9071K(9920K), [Metaspace: 3748K->3748K(1056768K)], 0.0416860 secs] [Times: user=0.18 sys=0.00, real=0.04 secs] 
15.660: [GC (Allocation Failure) 15.660: [ParNew (promotion failed): 2751K->3046K(3072K), 0.0167514 secs]15.676: [CMS: 6321K->6319K(6848K), 0.0167660 secs] 9071K->9071K(9920K), [Metaspace: 3748K->3748K(1056768K)], 0.0335851 secs] [Times: user=0.13 sys=0.00, real=0.03 secs] 
15.694: [GC (CMS Initial Mark) [1 CMS-initial-mark: 6319K(6848K)] 9071K(9920K), 0.0031581 secs] [Times: user=0.01 sys=0.00, real=0.00 secs] 
15.697: [CMS-concurrent-mark-start]
15.697: [GC (Allocation Failure) 15.697: [ParNew (promotion failed): 2751K->2997K(3072K), 0.0211080 secs]15.718: [CMS15.722: [CMS-concurrent-mark: 0.003/0.025 secs] [Times: user=0.15 sys=0.00, real=0.03 secs] 
 (concurrent mode failure): 6321K->6319K(6848K), 0.0201014 secs] 9071K->9071K(9920K), [Metaspace: 3748K->3748K(1056768K)], 0.0412800 secs] [Times: user=0.17 sys=0.00, real=0.05 secs] 
15.739: [GC (Allocation Failure) 15.739: [ParNew (promotion failed): 2751K->3022K(3072K), 0.0238310 secs]15.763: [CMS: 6321K->6319K(6848K), 0.0167031 secs] 9071K->9071K(9920K), [Metaspace: 3748K->3748K(1056768K)], 0.0406021 secs] [Times: user=0.19 sys=0.00, real=0.04 secs] 
15.781: [GC (CMS Initial Mark) [1 CMS-initial-mark: 6319K(6848K)] 9071K(9920K), 0.0031577 secs] [Times: user=0.00 sys=0.00, real=0.00 secs] 
15.784: [CMS-concurrent-mark-start]
15.784: [GC (Allocation Failure) 15.784: [ParNew (promotion failed): 2751K->2997K(3072K), 0.0195484 secs]15.804: [CMS15.807: [CMS-concurrent-mark: 0.003/0.023 secs] [Times: user=0.15 sys=0.00, real=0.02 secs] 
 (concurrent mode failure): 6321K->6319K(6848K), 0.0200138 secs] 9071K->9071K(9920K), [Metaspace: 3748K->3748K(1056768K)], 0.0396309 secs] [Times: user=0.17 sys=0.00, real=0.04 secs] 
15.824: [GC (Allocation Failure) 15.824: [ParNew (promotion failed): 2751K->3022K(3072K), 0.0171082 secs]15.841: [CMS: 6321K->6319K(6848K), 0.0167532 secs] 9071K->9071K(9920K), [Metaspace: 3748K->3748K(1056768K)], 0.0339339 secs] [Times: user=0.14 sys=0.00, real=0.04 secs] 
15.858: [GC (CMS Initial Mark) [1 CMS-initial-mark: 6319K(6848K)] 9071K(9920K), 0.0031600 secs] [Times: user=0.00 sys=0.00, real=0.00 secs] 
15.861: [CMS-concurrent-mark-start]
15.861: [GC (Allocation Failure) 15.861: [ParNew (promotion failed): 2751K->3046K(3072K), 0.0137420 secs]15.875: [CMS15.879: [CMS-concurrent-mark: 0.003/0.017 secs] [Times: user=0.10 sys=0.00, real=0.02 secs] 
 (concurrent mode failure): 6321K->6319K(6848K), 0.0203873 secs] 9071K->9071K(9920K), [Metaspace: 3748K->3748K(1056768K)], 0.0341940 secs] [Times: user=0.12 sys=0.01, real=0.03 secs] 
15.896: [GC (Allocation Failure) 15.896: [ParNew (promotion failed): 2751K->3022K(3072K), 0.0136272 secs]15.910: [CMS: 6321K->6319K(6848K), 0.0188841 secs] 9071K->9071K(9920K), [Metaspace: 3748K->3748K(1056768K)], 0.0325764 secs] [Times: user=0.11 sys=0.00, real=0.04 secs] 
15.929: [GC (CMS Initial Mark) [1 CMS-initial-mark: 6319K(6848K)] 9071K(9920K), 0.0031555 secs] [Times: user=0.00 sys=0.00, real=0.00 secs] 
15.932: [CMS-concurrent-mark-start]
15.932: [GC (Allocation Failure) 15.932: [ParNew (promotion failed): 2751K->3022K(3072K), 0.0117060 secs]15.944: [CMS15.948: [CMS-concurrent-mark: 0.004/0.015 secs] [Times: user=0.08 sys=0.00, real=0.02 secs] 
 (concurrent mode failure): 6321K->6319K(6848K), 0.0205488 secs] 9071K->9071K(9920K), [Metaspace: 3748K->3748K(1056768K)], 0.0323318 secs] [Times: user=0.10 sys=0.00, real=0.03 secs] 
15.966: [GC (Allocation Failure) 15.966: [ParNew (promotion failed): 2751K->2972K(3072K), 0.0206386 secs]15.986: [CMS: 6321K->6319K(6848K), 0.0167432 secs] 9071K->9071K(9920K), [Metaspace: 3748K->3748K(1056768K)], 0.0374591 secs] [Times: user=0.16 sys=0.00, real=0.04 secs] 
16.003: [GC (CMS Initial Mark) [1 CMS-initial-mark: 6319K(6848K)] 9071K(9920K), 0.0030815 secs] [Times: user=0.00 sys=0.00, real=0.00 secs] 
16.006: [CMS-concurrent-mark-start]
16.007: [GC (Allocation Failure) 16.007: [ParNew (promotion failed): 2751K->3022K(3072K), 0.0161967 secs]16.023: [CMS16.026: [CMS-concurrent-mark: 0.004/0.020 secs] [Times: user=0.12 sys=0.00, real=0.02 secs] 
 (concurrent mode failure): 6321K->6319K(6848K), 0.0198157 secs] 9071K->9071K(9920K), [Metaspace: 3748K->3748K(1056768K)], 0.0360751 secs] [Times: user=0.14 sys=0.00, real=0.04 secs] 
16.044: [GC (Allocation Failure) 16.044: [ParNew (promotion failed): 2751K->2972K(3072K), 0.0207778 secs]16.065: [CMS: 6321K->6319K(6848K), 0.0168521 secs] 9071K->9071K(9920K), [Metaspace: 3748K->3748K(1056768K)], 0.0376907 secs] [Times: user=0.16 sys=0.00, real=0.04 secs] 
16.082: [GC (CMS Initial Mark) [1 CMS-initial-mark: 6319K(6848K)] 9071K(9920K), 0.0030708 secs] [Times: user=0.00 sys=0.00, real=0.00 secs] 
16.085: [CMS-concurrent-mark-start]
16.085: [GC (Allocation Failure) 16.085: [ParNew (promotion failed): 2751K->3022K(3072K), 0.0180647 secs]16.103: [CMS16.106: [CMS-concurrent-mark: 0.003/0.022 secs] [Times: user=0.08 sys=0.00, real=0.02 secs] 
 (concurrent mode failure): 6321K->6319K(6848K), 0.0202829 secs] 9071K->9071K(9920K), [Metaspace: 3748K->3748K(1056768K)], 0.0384059 secs] [Times: user=0.10 sys=0.00, real=0.04 secs] 
16.123: [GC (Allocation Failure) 16.123: [ParNew (promotion failed): 2751K->2997K(3072K), 0.0209836 secs]16.144: [CMS: 6321K->6319K(6848K), 0.0165998 secs] 9071K->9071K(9920K), [Metaspace: 3748K->3748K(1056768K)], 0.0376430 secs] [Times: user=0.14 sys=0.00, real=0.04 secs] 
16.161: [GC (CMS Initial Mark) [1 CMS-initial-mark: 6319K(6848K)] 9071K(9920K), 0.0030200 secs] [Times: user=0.01 sys=0.00, real=0.00 secs] 
16.165: [CMS-concurrent-mark-start]
16.165: [GC (Allocation Failure) 16.165: [ParNew (promotion failed): 2751K->2997K(3072K), 0.0143568 secs]16.179: [CMS16.183: [CMS-concurrent-mark: 0.004/0.018 secs] [Times: user=0.10 sys=0.00, real=0.02 secs] 
 (concurrent mode failure): 6321K->6319K(6848K), 0.0201116 secs] 9071K->9071K(9920K), [Metaspace: 3748K->3748K(1056768K)], 0.0345307 secs] [Times: user=0.11 sys=0.00, real=0.04 secs] 
16.200: [GC (Allocation Failure) 16.200: [ParNew (promotion failed): 2751K->3022K(3072K), 0.0108263 secs]16.211: [CMS: 6321K->6319K(6848K), 0.0185571 secs] 9071K->9071K(9920K), [Metaspace: 3748K->3748K(1056768K)], 0.0294514 secs] [Times: user=0.08 sys=0.00, real=0.03 secs] 
16.230: [GC (CMS Initial Mark) [1 CMS-initial-mark: 6319K(6848K)] 9071K(9920K), 0.0032057 secs] [Times: user=0.00 sys=0.00, real=0.00 secs] 
16.233: [CMS-concurrent-mark-start]
16.233: [GC (Allocation Failure) 16.233: [ParNew (promotion failed): 2751K->2972K(3072K), 0.0175857 secs]16.251: [CMS16.254: [CMS-concurrent-mark: 0.004/0.021 secs] [Times: user=0.12 sys=0.00, real=0.02 secs] 
 (concurrent mode failure): 6321K->6319K(6848K), 0.0208505 secs] 9071K->9071K(9920K), [Metaspace: 3748K->3748K(1056768K)], 0.0395605 secs] [Times: user=0.13 sys=0.00, real=0.04 secs] 
16.274: [GC (Allocation Failure) 16.274: [ParNew (promotion failed): 2751K->2972K(3072K), 0.0178093 secs]16.292: [CMS: 6321K->6319K(6848K), 0.0169145 secs] 9071K->9071K(9920K), [Metaspace: 3748K->3748K(1056768K)], 0.0348005 secs] [Times: user=0.13 sys=0.00, real=0.04 secs] 
16.309: [GC (CMS Initial Mark) [1 CMS-initial-mark: 6319K(6848K)] 9071K(9920K), 0.0030614 secs] [Times: user=0.00 sys=0.00, real=0.00 secs] 
16.312: [CMS-concurrent-mark-start]
16.312: [GC (Allocation Failure) 16.312: [ParNew (promotion failed): 2751K->2997K(3072K), 0.0185678 secs]16.331: [CMS16.334: [CMS-concurrent-mark: 0.004/0.022 secs] [Times: user=0.14 sys=0.00, real=0.02 secs] 
 (concurrent mode failure): 6321K->6319K(6848K), 0.0199705 secs] 9071K->9071K(9920K), [Metaspace: 3748K->3748K(1056768K)], 0.0386024 secs] [Times: user=0.15 sys=0.00, real=0.04 secs] 
16.351: [GC (Allocation Failure) 16.351: [ParNew (promotion failed): 2751K->2997K(3072K), 0.0209386 secs]16.372: [CMS: 6321K->6319K(6848K), 0.0166458 secs] 9071K->9071K(9920K), [Metaspace: 3748K->3748K(1056768K)], 0.0376463 secs] [Times: user=0.16 sys=0.00, real=0.04 secs] 
16.389: [GC (CMS Initial Mark) [1 CMS-initial-mark: 6319K(6848K)] 9071K(9920K), 0.0030775 secs] [Times: user=0.01 sys=0.00, real=0.00 secs] 
16.392: [CMS-concurrent-mark-start]
16.392: [GC (Allocation Failure) 16.392: [ParNew (promotion failed): 2751K->2997K(3072K), 0.0204790 secs]16.413: [CMS16.416: [CMS-concurrent-mark: 0.003/0.024 secs] [Times: user=0.15 sys=0.00, real=0.02 secs] 
 (concurrent mode failure): 6321K->6319K(6848K), 0.0201456 secs] 9071K->9071K(9920K), [Metaspace: 3748K->3748K(1056768K)], 0.0406845 secs] [Times: user=0.16 sys=0.00, real=0.04 secs] 
16.433: [GC (Allocation Failure) 16.433: [ParNew (promotion failed): 2751K->2997K(3072K), 0.0146186 secs]16.448: [CMS: 6321K->6319K(6848K), 0.0168650 secs] 9071K->9071K(9920K), [Metaspace: 3748K->3748K(1056768K)], 0.0315500 secs] [Times: user=0.11 sys=0.00, real=0.03 secs] 
16.465: [GC (CMS Initial Mark) [1 CMS-initial-mark: 6319K(6848K)] 9071K(9920K), 0.0031307 secs] [Times: user=0.00 sys=0.00, real=0.01 secs] 
16.469: [CMS-concurrent-mark-start]
16.469: [GC (Allocation Failure) 16.469: [ParNew (promotion failed): 2751K->2997K(3072K), 0.0135002 secs]16.482: [CMS16.486: [CMS-concurrent-mark: 0.004/0.018 secs] [Times: user=0.09 sys=0.00, real=0.01 secs] 
 (concurrent mode failure): 6321K->6319K(6848K), 0.0210730 secs] 9071K->9071K(9920K), [Metaspace: 3748K->3748K(1056768K)], 0.0346425 secs] [Times: user=0.11 sys=0.00, real=0.03 secs] 
16.504: [GC (Allocation Failure) 16.504: [ParNew (promotion failed): 2751K->3022K(3072K), 0.0140023 secs]16.518: [CMS: 6321K->6319K(6848K), 0.0167458 secs] 9071K->9071K(9920K), [Metaspace: 3748K->3748K(1056768K)], 0.0308347 secs] [Times: user=0.11 sys=0.01, real=0.03 secs] 
16.535: [GC (CMS Initial Mark) [1 CMS-initial-mark: 6319K(6848K)] 9071K(9920K), 0.0030986 secs] [Times: user=0.01 sys=0.00, real=0.01 secs] 
16.539: [CMS-concurrent-mark-start]
16.539: [GC (Allocation Failure) 16.539: [ParNew (promotion failed): 2751K->2997K(3072K), 0.0150437 secs]16.554: [CMS16.558: [CMS-concurrent-mark: 0.004/0.019 secs] [Times: user=0.11 sys=0.00, real=0.02 secs] 
 (concurrent mode failure): 6321K->6319K(6848K), 0.0199625 secs] 9071K->9071K(9920K), [Metaspace: 3748K->3748K(1056768K)], 0.0350789 secs] [Times: user=0.12 sys=0.00, real=0.03 secs] 
16.575: [GC (Allocation Failure) 16.575: [ParNew (promotion failed): 2751K->3022K(3072K), 0.0137232 secs]16.589: [CMS: 6321K->6319K(6848K), 0.0167305 secs] 9071K->9071K(9920K), [Metaspace: 3748K->3748K(1056768K)], 0.0305262 secs] [Times: user=0.11 sys=0.00, real=0.03 secs] 
16.606: [GC (CMS Initial Mark) [1 CMS-initial-mark: 6319K(6848K)] 9071K(9920K), 0.0031342 secs] [Times: user=0.01 sys=0.00, real=0.01 secs] 
16.609: [CMS-concurrent-mark-start]
16.609: [GC (Allocation Failure) 16.609: [ParNew (promotion failed): 2751K->2997K(3072K), 0.0135295 secs]16.622: [CMS16.626: [CMS-concurrent-mark: 0.003/0.017 secs] [Times: user=0.10 sys=0.00, real=0.01 secs] 
 (concurrent mode failure): 6321K->6319K(6848K), 0.0201790 secs] 9071K->9071K(9920K), [Metaspace: 3748K->3748K(1056768K)], 0.0337803 secs] [Times: user=0.12 sys=0.00, real=0.03 secs] 
16.643: [GC (Allocation Failure) 16.643: [ParNew (promotion failed): 2751K->2997K(3072K), 0.0149867 secs]16.658: [CMS: 6321K->6319K(6848K), 0.0167625 secs] 9071K->9071K(9920K), [Metaspace: 3748K->3748K(1056768K)], 0.0318135 secs] [Times: user=0.12 sys=0.00, real=0.03 secs] 
16.675: [GC (CMS Initial Mark) [1 CMS-initial-mark: 6319K(6848K)] 9071K(9920K), 0.0030760 secs] [Times: user=0.00 sys=0.00, real=0.01 secs] 
16.678: [CMS-concurrent-mark-start]
16.678: [GC (Allocation Failure) 16.678: [ParNew (promotion failed): 2751K->2997K(3072K), 0.0170320 secs]16.695: [CMS16.699: [CMS-concurrent-mark: 0.004/0.021 secs] [Times: user=0.13 sys=0.00, real=0.02 secs] 
 (concurrent mode failure): 6321K->6319K(6848K), 0.0203872 secs] 9071K->9071K(9920K), [Metaspace: 3748K->3748K(1056768K)], 0.0374807 secs] [Times: user=0.14 sys=0.00, real=0.03 secs] 
16.716: [GC (Allocation Failure) 16.716: [ParNew (promotion failed): 2751K->2997K(3072K), 0.0143845 secs]16.731: [CMS: 6321K->6319K(6848K), 0.0172046 secs] 9071K->9071K(9920K), [Metaspace: 3748K->3748K(1056768K)], 0.0316770 secs] [Times: user=0.12 sys=0.00, real=0.04 secs] 
16.749: [GC (CMS Initial Mark) [1 CMS-initial-mark: 6319K(6848K)] 9071K(9920K), 0.0031003 secs] [Times: user=0.00 sys=0.00, real=0.00 secs] 
16.752: [CMS-concurrent-mark-start]
16.752: [GC (Allocation Failure) 16.752: [ParNew (promotion failed): 2751K->2997K(3072K), 0.0215018 secs]16.774: [CMS16.777: [CMS-concurrent-mark: 0.003/0.025 secs] [Times: user=0.16 sys=0.00, real=0.02 secs] 
 (concurrent mode failure): 6321K->6319K(6848K), 0.0202695 secs] 9071K->9071K(9920K), [Metaspace: 3748K->3748K(1056768K)], 0.0418539 secs] [Times: user=0.18 sys=0.00, real=0.04 secs] 
16.795: [GC (Allocation Failure) 16.795: [ParNew (promotion failed): 2751K->3022K(3072K), 0.0158520 secs]16.811: [CMS: 6321K->6319K(6848K), 0.0167700 secs] 9071K->9071K(9920K), [Metaspace: 3748K->3748K(1056768K)], 0.0327063 secs] [Times: user=0.13 sys=0.01, real=0.04 secs] 
16.828: [GC (CMS Initial Mark) [1 CMS-initial-mark: 6319K(6848K)] 9071K(9920K), 0.0030332 secs] [Times: user=0.00 sys=0.00, real=0.00 secs] 
16.831: [CMS-concurrent-mark-start]
16.831: [GC (Allocation Failure) 16.831: [ParNew (promotion failed): 2751K->2997K(3072K), 0.0214268 secs]16.853: [CMS16.856: [CMS-concurrent-mark: 0.004/0.025 secs] [Times: user=0.16 sys=0.00, real=0.02 secs] 
 (concurrent mode failure): 6321K->6319K(6848K), 0.0201131 secs] 9071K->9071K(9920K), [Metaspace: 3748K->3748K(1056768K)], 0.0416120 secs] [Times: user=0.18 sys=0.00, real=0.04 secs] 
16.873: [GC (Allocation Failure) 16.873: [ParNew (promotion failed): 2751K->2997K(3072K), 0.0235427 secs]16.897: [CMS: 6321K->6319K(6848K), 0.0166762 secs] 9071K->9071K(9920K), [Metaspace: 3748K->3748K(1056768K)], 0.0402853 secs] [Times: user=0.18 sys=0.00, real=0.04 secs] 
16.914: [GC (CMS Initial Mark) [1 CMS-initial-mark: 6319K(6848K)] 9071K(9920K), 0.0031317 secs] [Times: user=0.00 sys=0.00, real=0.00 secs] 
16.917: [CMS-concurrent-mark-start]
16.917: [GC (Allocation Failure) 16.917: [ParNew (promotion failed): 2751K->3022K(3072K), 0.0151527 secs]16.932: [CMS16.936: [CMS-concurrent-mark: 0.003/0.019 secs] [Times: user=0.12 sys=0.00, real=0.02 secs] 
 (concurrent mode failure): 6321K->6319K(6848K), 0.0200934 secs] 9071K->9071K(9920K), [Metaspace: 3748K->3748K(1056768K)], 0.0353028 secs] [Times: user=0.13 sys=0.00, real=0.04 secs] 
16.953: [GC (Allocation Failure) 16.953: [ParNew (promotion failed): 2751K->3022K(3072K), 0.0150101 secs]16.968: [CMS: 6321K->6319K(6848K), 0.0168215 secs] 9071K->9071K(9920K), [Metaspace: 3748K->3748K(1056768K)], 0.0319004 secs] [Times: user=0.12 sys=0.00, real=0.03 secs] 
16.985: [GC (CMS Initial Mark) [1 CMS-initial-mark: 6319K(6848K)] 9071K(9920K), 0.0030714 secs] [Times: user=0.00 sys=0.00, real=0.01 secs] 
16.988: [CMS-concurrent-mark-start]
16.988: [GC (Allocation Failure) 16.988: [ParNew (promotion failed): 2751K->2997K(3072K), 0.0207472 secs]17.009: [CMS17.012: [CMS-concurrent-mark: 0.003/0.024 secs] [Times: user=0.13 sys=0.00, real=0.02 secs] 
 (concurrent mode failure): 6321K->6319K(6848K), 0.0201375 secs] 9071K->9071K(9920K), [Metaspace: 3748K->3748K(1056768K)], 0.0409527 secs] [Times: user=0.15 sys=0.00, real=0.04 secs] 
17.030: [GC (Allocation Failure) 17.030: [ParNew (promotion failed): 2751K->2997K(3072K), 0.0134790 secs]17.043: [CMS: 6321K->6319K(6848K), 0.0167322 secs] 9071K->9071K(9920K), [Metaspace: 3748K->3748K(1056768K)], 0.0302833 secs] [Times: user=0.10 sys=0.00, real=0.03 secs] 
17.061: [GC (CMS Initial Mark) [1 CMS-initial-mark: 6319K(6848K)] 9071K(9920K), 0.0031639 secs] [Times: user=0.01 sys=0.00, real=0.00 secs] 
17.064: [CMS-concurrent-mark-start]
17.064: [GC (Allocation Failure) 17.064: [ParNew (promotion failed): 2751K->2997K(3072K), 0.0169024 secs]17.081: [CMS17.084: [CMS-concurrent-mark: 0.004/0.021 secs] [Times: user=0.12 sys=0.00, real=0.02 secs] 
 (concurrent mode failure): 6321K->6319K(6848K), 0.0200128 secs] 9071K->9071K(9920K), [Metaspace: 3748K->3748K(1056768K)], 0.0369828 secs] [Times: user=0.14 sys=0.00, real=0.04 secs] 
17.102: [GC (Allocation Failure) 17.102: [ParNew (promotion failed): 2751K->2997K(3072K), 0.0136098 secs]17.116: [CMS: 6321K->6319K(6848K), 0.0169278 secs] 9071K->9071K(9920K), [Metaspace: 3748K->3748K(1056768K)], 0.0306131 secs] [Times: user=0.11 sys=0.00, real=0.03 secs] 
17.133: [GC (CMS Initial Mark) [1 CMS-initial-mark: 6319K(6848K)] 9071K(9920K), 0.0030612 secs] [Times: user=0.00 sys=0.00, real=0.00 secs] 
17.136: [CMS-concurrent-mark-start]
17.136: [GC (Allocation Failure) 17.136: [ParNew (promotion failed): 2751K->3022K(3072K), 0.0134502 secs]17.150: [CMS17.153: [CMS-concurrent-mark: 0.003/0.017 secs] [Times: user=0.10 sys=0.01, real=0.02 secs] 
 (concurrent mode failure): 6321K->6319K(6848K), 0.0203171 secs] 9071K->9071K(9920K), [Metaspace: 3748K->3748K(1056768K)], 0.0338422 secs] [Times: user=0.12 sys=0.01, real=0.04 secs] 
17.170: [GC (Allocation Failure) 17.170: [ParNew (promotion failed): 2751K->2997K(3072K), 0.0184540 secs]17.189: [CMS: 6321K->6319K(6848K), 0.0168112 secs] 9071K->9071K(9920K), [Metaspace: 3748K->3748K(1056768K)], 0.0353312 secs] [Times: user=0.15 sys=0.00, real=0.03 secs] 
17.206: [GC (CMS Initial Mark) [1 CMS-initial-mark: 6319K(6848K)] 9071K(9920K), 0.0030696 secs] [Times: user=0.00 sys=0.00, real=0.01 secs] 
17.209: [CMS-concurrent-mark-start]
17.209: [GC (Allocation Failure) 17.209: [ParNew (promotion failed): 2751K->2997K(3072K), 0.0181034 secs]17.227: [CMS17.231: [CMS-concurrent-mark: 0.004/0.022 secs] [Times: user=0.13 sys=0.00, real=0.02 secs] 
 (concurrent mode failure): 6321K->6319K(6848K), 0.0201648 secs] 9071K->9071K(9920K), [Metaspace: 3748K->3748K(1056768K)], 0.0383351 secs] [Times: user=0.15 sys=0.00, real=0.04 secs] 
17.248: [GC (Allocation Failure) 17.248: [ParNew (promotion failed): 2751K->3022K(3072K), 0.0137705 secs]17.262: [CMS: 6321K->6319K(6848K), 0.0169060 secs] 9071K->9071K(9920K), [Metaspace: 3748K->3748K(1056768K)], 0.0307572 secs] [Times: user=0.12 sys=0.00, real=0.03 secs] 
17.280: [GC (CMS Initial Mark) [1 CMS-initial-mark: 6319K(6848K)] 9071K(9920K), 0.0030418 secs] [Times: user=0.00 sys=0.00, real=0.00 secs] 
17.283: [CMS-concurrent-mark-start]
17.283: [GC (Allocation Failure) 17.283: [ParNew (promotion failed): 2751K->3022K(3072K), 0.0148801 secs]17.298: [CMS17.301: [CMS-concurrent-mark: 0.004/0.019 secs] [Times: user=0.11 sys=0.00, real=0.02 secs] 
 (concurrent mode failure): 6321K->6319K(6848K), 0.0202253 secs] 9071K->9071K(9920K), [Metaspace: 3748K->3748K(1056768K)], 0.0351750 secs] [Times: user=0.13 sys=0.00, real=0.04 secs] 
17.319: [GC (Allocation Failure) 17.319: [ParNew (promotion failed): 2751K->3022K(3072K), 0.0214546 secs]17.340: [CMS: 6321K->6319K(6848K), 0.0235262 secs] 9071K->9071K(9920K), [Metaspace: 3748K->3748K(1056768K)], 0.0450637 secs] [Times: user=0.17 sys=0.00, real=0.04 secs] 
17.364: [GC (CMS Initial Mark) [1 CMS-initial-mark: 6319K(6848K)] 9071K(9920K), 0.0037033 secs] [Times: user=0.00 sys=0.00, real=0.01 secs] 
17.369: [CMS-concurrent-mark-start]
17.370: [GC (Allocation Failure) 17.370: [ParNew (promotion failed): 2751K->2972K(3072K), 0.0097169 secs]17.380: [CMS17.384: [CMS-concurrent-mark: 0.005/0.015 secs] [Times: user=0.03 sys=0.00, real=0.01 secs] 
 (concurrent mode failure): 6321K->6319K(6848K), 0.0221174 secs] 9071K->9071K(9920K), [Metaspace: 3748K->3748K(1056768K)], 0.0319337 secs] [Times: user=0.05 sys=0.00, real=0.03 secs] 
17.402: [GC (Allocation Failure) 17.402: [ParNew (promotion failed): 2751K->2997K(3072K), 0.0140255 secs]17.417: [CMS: 6321K->6319K(6848K), 0.0171057 secs] 9071K->9071K(9920K), [Metaspace: 3748K->3748K(1056768K)], 0.0312187 secs] [Times: user=0.11 sys=0.00, real=0.03 secs] 
17.434: [GC (CMS Initial Mark) [1 CMS-initial-mark: 6319K(6848K)] 9071K(9920K), 0.0030763 secs] [Times: user=0.01 sys=0.00, real=0.00 secs] 
17.437: [CMS-concurrent-mark-start]
17.437: [GC (Allocation Failure) 17.437: [ParNew (promotion failed): 2751K->2972K(3072K), 0.0220865 secs]17.459: [CMS17.463: [CMS-concurrent-mark: 0.004/0.026 secs] [Times: user=0.16 sys=0.00, real=0.03 secs] 
 (concurrent mode failure): 6321K->6319K(6848K), 0.0203570 secs] 9071K->9071K(9920K), [Metaspace: 3748K->3748K(1056768K)], 0.0425337 secs] [Times: user=0.18 sys=0.00, real=0.05 secs] 
17.480: [GC (Allocation Failure) 17.480: [ParNew (promotion failed): 2751K->2997K(3072K), 0.0183622 secs]17.499: [CMS: 6321K->6319K(6848K), 0.0169864 secs] 9071K->9071K(9920K), [Metaspace: 3748K->3748K(1056768K)], 0.0354218 secs] [Times: user=0.14 sys=0.01, real=0.03 secs] 
17.516: [GC (CMS Initial Mark) [1 CMS-initial-mark: 6319K(6848K)] 9071K(9920K), 0.0031268 secs] [Times: user=0.01 sys=0.00, real=0.01 secs] 
17.519: [CMS-concurrent-mark-start]
17.519: [GC (Allocation Failure) 17.519: [ParNew (promotion failed): 2751K->3022K(3072K), 0.0159232 secs]17.535: [CMS17.539: [CMS-concurrent-mark: 0.003/0.019 secs] [Times: user=0.10 sys=0.00, real=0.02 secs] 
 (concurrent mode failure): 6321K->6319K(6848K), 0.0204618 secs] 9071K->9071K(9920K), [Metaspace: 3748K->3748K(1056768K)], 0.0364570 secs] [Times: user=0.12 sys=0.00, real=0.03 secs] 
17.557: [GC (Allocation Failure) 17.557: [ParNew (promotion failed): 2751K->3071K(3072K), 0.0164763 secs]17.573: [CMS: 6321K->6319K(6848K), 0.0168238 secs] 9071K->9071K(9920K), [Metaspace: 3748K->3748K(1056768K)], 0.0333767 secs] [Times: user=0.13 sys=0.00, real=0.04 secs] 
17.590: [GC (CMS Initial Mark) [1 CMS-initial-mark: 6319K(6848K)] 9071K(9920K), 0.0030962 secs] [Times: user=0.00 sys=0.00, real=0.00 secs] 
17.593: [CMS-concurrent-mark-start]
17.594: [GC (Allocation Failure) 17.594: [ParNew (promotion failed): 2751K->2997K(3072K), 0.0144720 secs]17.609: [CMS17.612: [CMS-concurrent-mark: 0.004/0.019 secs] [Times: user=0.11 sys=0.00, real=0.02 secs] 
 (concurrent mode failure): 6321K->6319K(6848K), 0.0200363 secs] 9071K->9071K(9920K), [Metaspace: 3748K->3748K(1056768K)], 0.0345857 secs] [Times: user=0.13 sys=0.00, real=0.04 secs] 
17.629: [GC (Allocation Failure) 17.629: [ParNew (promotion failed): 2751K->2997K(3072K), 0.0146391 secs]17.644: [CMS: 6321K->6319K(6848K), 0.0167520 secs] 9071K->9071K(9920K), [Metaspace: 3748K->3748K(1056768K)], 0.0314591 secs] [Times: user=0.12 sys=0.00, real=0.03 secs] 
17.661: [GC (CMS Initial Mark) [1 CMS-initial-mark: 6319K(6848K)] 9071K(9920K), 0.0030820 secs] [Times: user=0.00 sys=0.00, real=0.00 secs] 
17.664: [CMS-concurrent-mark-start]
17.664: [GC (Allocation Failure) 17.664: [ParNew (promotion failed): 2751K->3022K(3072K), 0.0133189 secs]17.678: [CMS17.681: [CMS-concurrent-mark: 0.003/0.017 secs] [Times: user=0.10 sys=0.00, real=0.02 secs] 
 (concurrent mode failure): 6321K->6319K(6848K), 0.0203309 secs] 9071K->9071K(9920K), [Metaspace: 3748K->3748K(1056768K)], 0.0337120 secs] [Times: user=0.12 sys=0.00, real=0.04 secs] 
17.698: [GC (Allocation Failure) 17.698: [ParNew (promotion failed): 2751K->3022K(3072K), 0.0138185 secs]17.712: [CMS: 6321K->6319K(6848K), 0.0168810 secs] 9071K->9071K(9920K), [Metaspace: 3748K->3748K(1056768K)], 0.0307694 secs] [Times: user=0.11 sys=0.00, real=0.03 secs] 
17.729: [GC (CMS Initial Mark) [1 CMS-initial-mark: 6319K(6848K)] 9071K(9920K), 0.0030931 secs] [Times: user=0.00 sys=0.00, real=0.00 secs] 
17.733: [CMS-concurrent-mark-start]
17.733: [GC (Allocation Failure) 17.733: [ParNew (promotion failed): 2751K->3022K(3072K), 0.0175961 secs]17.750: [CMS17.754: [CMS-concurrent-mark: 0.004/0.021 secs] [Times: user=0.14 sys=0.00, real=0.02 secs] 
 (concurrent mode failure): 6321K->6319K(6848K), 0.0204252 secs] 9071K->9071K(9920K), [Metaspace: 3748K->3748K(1056768K)], 0.0380849 secs] [Times: user=0.15 sys=0.00, real=0.04 secs] 
17.771: [GC (Allocation Failure) 17.771: [ParNew (promotion failed): 2751K->3046K(3072K), 0.0124858 secs]17.784: [CMS: 6321K->6319K(6848K), 0.0170063 secs] 9071K->9071K(9920K), [Metaspace: 3748K->3748K(1056768K)], 0.0295561 secs] [Times: user=0.10 sys=0.01, real=0.03 secs] 
17.802: [GC (CMS Initial Mark) [1 CMS-initial-mark: 6319K(6848K)] 9071K(9920K), 0.0032221 secs] [Times: user=0.00 sys=0.00, real=0.00 secs] 
17.805: [CMS-concurrent-mark-start]
17.805: [GC (Allocation Failure) 17.805: [ParNew (promotion failed): 2751K->2997K(3072K), 0.0166524 secs]17.822: [CMS17.825: [CMS-concurrent-mark: 0.004/0.020 secs] [Times: user=0.11 sys=0.00, real=0.02 secs] 
 (concurrent mode failure): 6321K->6319K(6848K), 0.0202065 secs] 9071K->9071K(9920K), [Metaspace: 3748K->3748K(1056768K)], 0.0369325 secs] [Times: user=0.13 sys=0.00, real=0.04 secs] 
17.843: [GC (Allocation Failure) 17.843: [ParNew (promotion failed): 2751K->3022K(3072K), 0.0171070 secs]17.860: [CMS: 6321K->6319K(6848K), 0.0169497 secs] 9071K->9071K(9920K), [Metaspace: 3748K->3748K(1056768K)], 0.0341300 secs] [Times: user=0.13 sys=0.00, real=0.03 secs] 
17.877: [GC (CMS Initial Mark) [1 CMS-initial-mark: 6319K(6848K)] 9071K(9920K), 0.0030473 secs] [Times: user=0.00 sys=0.00, real=0.01 secs] 
17.880: [CMS-concurrent-mark-start]
17.881: [GC (Allocation Failure) 17.881: [ParNew (promotion failed): 2751K->3022K(3072K), 0.0209710 secs]17.902: [CMS17.905: [CMS-concurrent-mark: 0.003/0.025 secs] [Times: user=0.15 sys=0.00, real=0.02 secs] 
 (concurrent mode failure): 6321K->6319K(6848K), 0.0202151 secs] 9071K->9071K(9920K), [Metaspace: 3748K->3748K(1056768K)], 0.0412545 secs] [Times: user=0.17 sys=0.00, real=0.04 secs] 
17.922: [GC (Allocation Failure) 17.922: [ParNew (promotion failed): 2751K->3022K(3072K), 0.0142944 secs]17.937: [CMS: 6321K->6319K(6848K), 0.0166540 secs] 9071K->9071K(9920K), [Metaspace: 3748K->3748K(1056768K)], 0.0310208 secs] [Times: user=0.12 sys=0.00, real=0.03 secs] 
17.954: [GC (CMS Initial Mark) [1 CMS-initial-mark: 6319K(6848K)] 9071K(9920K), 0.0030882 secs] [Times: user=0.00 sys=0.00, real=0.00 secs] 
17.957: [CMS-concurrent-mark-start]
17.957: [GC (Allocation Failure) 17.957: [ParNew (promotion failed): 2751K->2997K(3072K), 0.0160672 secs]17.973: [CMS17.976: [CMS-concurrent-mark: 0.003/0.020 secs] [Times: user=0.12 sys=0.00, real=0.02 secs] 
 (concurrent mode failure): 6321K->6319K(6848K), 0.0201740 secs] 9071K->9071K(9920K), [Metaspace: 3748K->3748K(1056768K)], 0.0363081 secs] [Times: user=0.14 sys=0.00, real=0.04 secs] 
17.993: [GC (Allocation Failure) 17.993: [ParNew (promotion failed): 2751K->2972K(3072K), 0.0189718 secs]18.012: [CMS: 6321K->6319K(6848K), 0.0168061 secs] 9071K->9071K(9920K), [Metaspace: 3748K->3748K(1056768K)], 0.0358448 secs] [Times: user=0.14 sys=0.00, real=0.04 secs] 
18.030: [GC (CMS Initial Mark) [1 CMS-initial-mark: 6319K(6848K)] 9071K(9920K), 0.0030864 secs] [Times: user=0.01 sys=0.00, real=0.00 secs] 
18.033: [CMS-concurrent-mark-start]
18.033: [GC (Allocation Failure) 18.033: [ParNew (promotion failed): 2751K->3022K(3072K), 0.0209210 secs]18.054: [CMS18.057: [CMS-concurrent-mark: 0.004/0.025 secs] [Times: user=0.15 sys=0.00, real=0.02 secs] 
 (concurrent mode failure): 6321K->6319K(6848K), 0.0204949 secs] 9071K->9071K(9920K), [Metaspace: 3748K->3748K(1056768K)], 0.0414858 secs] [Times: user=0.17 sys=0.00, real=0.04 secs] 
18.075: [GC (Allocation Failure) 18.075: [ParNew (promotion failed): 2751K->3022K(3072K), 0.0219272 secs]18.097: [CMS: 6321K->6319K(6848K), 0.0168758 secs] 9071K->9071K(9920K), [Metaspace: 3748K->3748K(1056768K)], 0.0388938 secs] [Times: user=0.17 sys=0.00, real=0.04 secs] 
18.114: [GC (CMS Initial Mark) [1 CMS-initial-mark: 6319K(6848K)] 9071K(9920K), 0.0030896 secs] [Times: user=0.01 sys=0.00, real=0.01 secs] 
18.118: [CMS-concurrent-mark-start]
18.118: [GC (Allocation Failure) 18.118: [ParNew (promotion failed): 2751K->2997K(3072K), 0.0165178 secs]18.135: [CMS18.138: [CMS-concurrent-mark: 0.004/0.020 secs] [Times: user=0.12 sys=0.01, real=0.02 secs] 
 (concurrent mode failure): 6321K->6319K(6848K), 0.0199002 secs] 9071K->9071K(9920K), [Metaspace: 3748K->3748K(1056768K)], 0.0364877 secs] [Times: user=0.14 sys=0.01, real=0.03 secs] 
18.155: [GC (Allocation Failure) 18.155: [ParNew (promotion failed): 2751K->3022K(3072K), 0.0173705 secs]18.173: [CMS: 6321K->6319K(6848K), 0.0167608 secs] 9071K->9071K(9920K), [Metaspace: 3748K->3748K(1056768K)], 0.0477762 secs] [Times: user=0.14 sys=0.00, real=0.05 secs] 
18.203: [GC (CMS Initial Mark) [1 CMS-initial-mark: 6319K(6848K)] 9071K(9920K), 0.0032773 secs] [Times: user=0.00 sys=0.00, real=0.00 secs] 
18.207: [CMS-concurrent-mark-start]
18.207: [GC (Allocation Failure) 18.207: [ParNew (promotion failed): 2751K->2997K(3072K), 0.0232181 secs]18.230: [CMS18.233: [CMS-concurrent-mark: 0.004/0.027 secs] [Times: user=0.17 sys=0.00, real=0.03 secs] 
 (concurrent mode failure): 6321K->6319K(6848K), 0.0205708 secs] 9071K->9071K(9920K), [Metaspace: 3748K->3748K(1056768K)], 0.0438707 secs] [Times: user=0.19 sys=0.00, real=0.05 secs] 
18.251: [GC (Allocation Failure) 18.251: [ParNew (promotion failed): 2751K->3022K(3072K), 0.0136277 secs]18.264: [CMS: 6321K->6319K(6848K), 0.0165908 secs] 9071K->9071K(9920K), [Metaspace: 3748K->3748K(1056768K)], 0.0466239 secs] [Times: user=0.11 sys=0.00, real=0.04 secs] 
18.298: [GC (CMS Initial Mark) [1 CMS-initial-mark: 6319K(6848K)] 9071K(9920K), 0.0058280 secs] [Times: user=0.00 sys=0.00, real=0.02 secs] 
18.318: [CMS-concurrent-mark-start]
18.319: [GC (Allocation Failure) 18.319: [ParNew (promotion failed): 2751K->2997K(3072K), 0.0177914 secs]18.336: [CMS18.340: [CMS-concurrent-mark: 0.004/0.021 secs] [Times: user=0.12 sys=0.00, real=0.02 secs] 
 (concurrent mode failure): 6321K->6319K(6848K), 0.0202124 secs] 9071K->9071K(9920K), [Metaspace: 3748K->3748K(1056768K)], 0.0380878 secs] [Times: user=0.14 sys=0.00, real=0.03 secs] 
18.357: [GC (Allocation Failure) 18.357: [ParNew (promotion failed): 2751K->2997K(3072K), 0.0170398 secs]18.374: [CMS: 6321K->6319K(6848K), 0.0168675 secs] 9071K->9071K(9920K), [Metaspace: 3748K->3748K(1056768K)], 0.0339800 secs] [Times: user=0.14 sys=0.00, real=0.04 secs] 
18.392: [GC (CMS Initial Mark) [1 CMS-initial-mark: 6319K(6848K)] 9071K(9920K), 0.0031725 secs] [Times: user=0.00 sys=0.00, real=0.00 secs] 
18.395: [CMS-concurrent-mark-start]
18.395: [GC (Allocation Failure) 18.395: [ParNew (promotion failed): 2751K->2997K(3072K), 0.0235757 secs]18.419: [CMS18.422: [CMS-concurrent-mark: 0.004/0.027 secs] [Times: user=0.18 sys=0.00, real=0.03 secs] 
 (concurrent mode failure): 6321K->6319K(6848K), 0.0203196 secs] 9071K->9071K(9920K), [Metaspace: 3748K->3748K(1056768K)], 0.0439696 secs] [Times: user=0.20 sys=0.00, real=0.05 secs] 
18.440: [GC (Allocation Failure) 18.440: [ParNew (promotion failed): 2751K->3022K(3072K), 0.0187606 secs]18.459: [CMS: 6321K->6319K(6848K), 0.0169026 secs] 9071K->9071K(9920K), [Metaspace: 3748K->3748K(1056768K)], 0.0357353 secs] [Times: user=0.14 sys=0.01, real=0.03 secs] 
18.476: [GC (CMS Initial Mark) [1 CMS-initial-mark: 6319K(6848K)] 9071K(9920K), 0.0030863 secs] [Times: user=0.01 sys=0.00, real=0.01 secs] 
18.479: [CMS-concurrent-mark-start]
18.480: [GC (Allocation Failure) 18.480: [ParNew (promotion failed): 2751K->3022K(3072K), 0.0204578 secs]18.500: [CMS18.503: [CMS-concurrent-mark: 0.004/0.024 secs] [Times: user=0.14 sys=0.00, real=0.02 secs] 
 (concurrent mode failure): 6321K->6319K(6848K), 0.0203556 secs] 9071K->9071K(9920K), [Metaspace: 3748K->3748K(1056768K)], 0.0408812 secs] [Times: user=0.16 sys=0.00, real=0.04 secs] 
18.521: [GC (Allocation Failure) 18.521: [ParNew (promotion failed): 2751K->3022K(3072K), 0.0160290 secs]18.537: [CMS: 6321K->6319K(6848K), 0.0168466 secs] 9071K->9071K(9920K), [Metaspace: 3748K->3748K(1056768K)], 0.0329622 secs] [Times: user=0.12 sys=0.00, real=0.03 secs] 
18.554: [GC (CMS Initial Mark) [1 CMS-initial-mark: 6319K(6848K)] 9071K(9920K), 0.0031291 secs] [Times: user=0.00 sys=0.00, real=0.00 secs] 
18.557: [CMS-concurrent-mark-start]
18.557: [GC (Allocation Failure) 18.557: [ParNew (promotion failed): 2751K->2997K(3072K), 0.0154134 secs]18.573: [CMS18.576: [CMS-concurrent-mark: 0.003/0.019 secs] [Times: user=0.12 sys=0.00, real=0.02 secs] 
 (concurrent mode failure): 6321K->6319K(6848K), 0.0203185 secs] 9071K->9071K(9920K), [Metaspace: 3748K->3748K(1056768K)], 0.0358001 secs] [Times: user=0.13 sys=0.00, real=0.04 secs] 
18.593: [GC (Allocation Failure) 18.593: [ParNew (promotion failed): 2751K->3022K(3072K), 0.0167047 secs]18.610: [CMS: 6321K->6319K(6848K), 0.0167785 secs] 9071K->9071K(9920K), [Metaspace: 3748K->3748K(1056768K)], 0.0335538 secs] [Times: user=0.14 sys=0.00, real=0.03 secs] 
18.627: [GC (CMS Initial Mark) [1 CMS-initial-mark: 6319K(6848K)] 9071K(9920K), 0.0030846 secs] [Times: user=0.00 sys=0.00, real=0.01 secs] 
18.630: [CMS-concurrent-mark-start]
18.631: [GC (Allocation Failure) 18.631: [ParNew (promotion failed): 2751K->2997K(3072K), 0.0193230 secs]18.650: [CMS18.653: [CMS-concurrent-mark: 0.004/0.023 secs] [Times: user=0.12 sys=0.00, real=0.02 secs] 
 (concurrent mode failure): 6321K->6319K(6848K), 0.0206584 secs] 9071K->9071K(9920K), [Metaspace: 3748K->3748K(1056768K)], 0.0400555 secs] [Times: user=0.14 sys=0.00, real=0.04 secs] 
18.671: [GC (Allocation Failure) 18.671: [ParNew (promotion failed): 2751K->3022K(3072K), 0.0140128 secs]18.685: [CMS: 6321K->6319K(6848K), 0.0168271 secs] 9071K->9071K(9920K), [Metaspace: 3748K->3748K(1056768K)], 0.0309120 secs] [Times: user=0.12 sys=0.00, real=0.03 secs] 
18.703: [GC (CMS Initial Mark) [1 CMS-initial-mark: 6319K(6848K)] 9071K(9920K), 0.0030762 secs] [Times: user=0.00 sys=0.00, real=0.00 secs] 
18.706: [CMS-concurrent-mark-start]
18.707: [GC (Allocation Failure) 18.707: [ParNew (promotion failed): 2751K->2997K(3072K), 0.0203865 secs]18.727: [CMS18.730: [CMS-concurrent-mark: 0.004/0.024 secs] [Times: user=0.15 sys=0.01, real=0.03 secs] 
 (concurrent mode failure): 6321K->6319K(6848K), 0.0198500 secs] 9071K->9071K(9920K), [Metaspace: 3748K->3748K(1056768K)], 0.0403155 secs] [Times: user=0.17 sys=0.01, real=0.04 secs] 
18.747: [GC (Allocation Failure) 18.747: [ParNew (promotion failed): 2751K->3022K(3072K), 0.0140359 secs]18.761: [CMS: 6321K->6319K(6848K), 0.0167296 secs] 9071K->9071K(9920K), [Metaspace: 3748K->3748K(1056768K)], 0.0308337 secs] [Times: user=0.11 sys=0.00, real=0.04 secs] 
18.779: [GC (CMS Initial Mark) [1 CMS-initial-mark: 6319K(6848K)] 9071K(9920K), 0.0030866 secs] [Times: user=0.01 sys=0.00, real=0.00 secs] 
18.782: [CMS-concurrent-mark-start]
18.782: [GC (Allocation Failure) 18.782: [ParNew (promotion failed): 2751K->3046K(3072K), 0.0204002 secs]18.802: [CMS18.806: [CMS-concurrent-mark: 0.004/0.024 secs] [Times: user=0.15 sys=0.00, real=0.02 secs] 
 (concurrent mode failure): 6321K->6319K(6848K), 0.0202854 secs] 9071K->9071K(9920K), [Metaspace: 3748K->3748K(1056768K)], 0.0407637 secs] [Times: user=0.16 sys=0.00, real=0.04 secs] 
18.823: [GC (Allocation Failure) 18.823: [ParNew (promotion failed): 2751K->3022K(3072K), 0.0156220 secs]18.838: [CMS: 6321K->6319K(6848K), 0.0167282 secs] 9071K->9071K(9920K), [Metaspace: 3748K->3748K(1056768K)], 0.0324291 secs] [Times: user=0.13 sys=0.00, real=0.03 secs] 
18.856: [GC (CMS Initial Mark) [1 CMS-initial-mark: 6319K(6848K)] 9071K(9920K), 0.0030660 secs] [Times: user=0.01 sys=0.00, real=0.01 secs] 
18.859: [CMS-concurrent-mark-start]
18.859: [GC (Allocation Failure) 18.859: [ParNew (promotion failed): 2751K->2997K(3072K), 0.0144742 secs]18.873: [CMS18.877: [CMS-concurrent-mark: 0.004/0.018 secs] [Times: user=0.11 sys=0.00, real=0.01 secs] 
 (concurrent mode failure): 6321K->6319K(6848K), 0.0202056 secs] 9071K->9071K(9920K), [Metaspace: 3748K->3748K(1056768K)], 0.0347537 secs] [Times: user=0.12 sys=0.00, real=0.03 secs] 
18.894: [GC (Allocation Failure) 18.894: [ParNew (promotion failed): 2751K->3022K(3072K), 0.0138969 secs]18.908: [CMS: 6321K->6319K(6848K), 0.0168515 secs] 9071K->9071K(9920K), [Metaspace: 3748K->3748K(1056768K)], 0.0308249 secs] [Times: user=0.12 sys=0.00, real=0.03 secs] 
18.926: [GC (CMS Initial Mark) [1 CMS-initial-mark: 6319K(6848K)] 9071K(9920K), 0.0031556 secs] [Times: user=0.00 sys=0.00, real=0.01 secs] 
18.929: [CMS-concurrent-mark-start]
18.929: [GC (Allocation Failure) 18.929: [ParNew (promotion failed): 2751K->3022K(3072K), 0.0135094 secs]18.942: [CMS18.946: [CMS-concurrent-mark: 0.003/0.017 secs] [Times: user=0.10 sys=0.00, real=0.01 secs] 
 (concurrent mode failure): 6321K->6319K(6848K), 0.0202268 secs] 9071K->9071K(9920K), [Metaspace: 3748K->3748K(1056768K)], 0.0338201 secs] [Times: user=0.12 sys=0.00, real=0.03 secs] 
18.964: [GC (Allocation Failure) 18.964: [ParNew (promotion failed): 2751K->2997K(3072K), 0.0186884 secs]18.982: [CMS: 6321K->6319K(6848K), 0.0169312 secs] 9071K->9071K(9920K), [Metaspace: 3748K->3748K(1056768K)], 0.0356894 secs] [Times: user=0.15 sys=0.00, real=0.04 secs] 
19.000: [GC (CMS Initial Mark) [1 CMS-initial-mark: 6319K(6848K)] 9071K(9920K), 0.0030806 secs] [Times: user=0.00 sys=0.00, real=0.00 secs] 
19.003: [CMS-concurrent-mark-start]
19.003: [GC (Allocation Failure) 19.003: [ParNew (promotion failed): 2751K->3022K(3072K), 0.0210210 secs]19.024: [CMS19.027: [CMS-concurrent-mark: 0.003/0.025 secs] [Times: user=0.15 sys=0.00, real=0.02 secs] 
 (concurrent mode failure): 6321K->6319K(6848K), 0.0199486 secs] 9071K->9071K(9920K), [Metaspace: 3748K->3748K(1056768K)], 0.0410249 secs] [Times: user=0.17 sys=0.01, real=0.04 secs] 
19.044: [GC (Allocation Failure) 19.044: [ParNew (promotion failed): 2751K->2997K(3072K), 0.0202456 secs]19.065: [CMS: 6321K->6319K(6848K), 0.0165872 secs] 9071K->9071K(9920K), [Metaspace: 3748K->3748K(1056768K)], 0.0368845 secs] [Times: user=0.15 sys=0.00, real=0.04 secs] 
19.082: [GC (CMS Initial Mark) [1 CMS-initial-mark: 6319K(6848K)] 9071K(9920K), 0.0030967 secs] [Times: user=0.01 sys=0.00, real=0.00 secs] 
19.085: [CMS-concurrent-mark-start]
19.085: [GC (Allocation Failure) 19.085: [ParNew (promotion failed): 2751K->2997K(3072K), 0.0193747 secs]19.104: [CMS19.108: [CMS-concurrent-mark: 0.003/0.023 secs] [Times: user=0.12 sys=0.00, real=0.03 secs] 
 (concurrent mode failure): 6321K->6319K(6848K), 0.0203270 secs] 9071K->9071K(9920K), [Metaspace: 3748K->3748K(1056768K)], 0.0397702 secs] [Times: user=0.14 sys=0.00, real=0.04 secs] 
19.125: [GC (Allocation Failure) 19.125: [ParNew (promotion failed): 2751K->3046K(3072K), 0.0216382 secs]19.147: [CMS: 6321K->6319K(6848K), 0.0168422 secs] 9071K->9071K(9920K), [Metaspace: 3748K->3748K(1056768K)], 0.0385388 secs] [Times: user=0.17 sys=0.00, real=0.04 secs] 
19.164: [GC (CMS Initial Mark) [1 CMS-initial-mark: 6319K(6848K)] 9071K(9920K), 0.0031926 secs] [Times: user=0.00 sys=0.00, real=0.00 secs] 
19.167: [CMS-concurrent-mark-start]
19.167: [GC (Allocation Failure) 19.167: [ParNew (promotion failed): 2751K->2972K(3072K), 0.0157999 secs]19.183: [CMS19.187: [CMS-concurrent-mark: 0.003/0.019 secs] [Times: user=0.08 sys=0.00, real=0.02 secs] 
 (concurrent mode failure): 6321K->6319K(6848K), 0.0202382 secs] 9071K->9071K(9920K), [Metaspace: 3748K->3748K(1056768K)], 0.0361259 secs] [Times: user=0.10 sys=0.00, real=0.04 secs] 
19.204: [GC (Allocation Failure) 19.204: [ParNew (promotion failed): 2751K->2997K(3072K), 0.0145560 secs]19.219: [CMS: 6321K->6319K(6848K), 0.0167279 secs] 9071K->9071K(9920K), [Metaspace: 3748K->3748K(1056768K)], 0.0313590 secs] [Times: user=0.12 sys=0.00, real=0.03 secs] 
19.236: [GC (CMS Initial Mark) [1 CMS-initial-mark: 6319K(6848K)] 9071K(9920K), 0.0030729 secs] [Times: user=0.00 sys=0.00, real=0.01 secs] 
19.239: [CMS-concurrent-mark-start]
19.240: [GC (Allocation Failure) 19.240: [ParNew (promotion failed): 2751K->3022K(3072K), 0.0131563 secs]19.253: [CMS19.256: [CMS-concurrent-mark: 0.004/0.017 secs] [Times: user=0.10 sys=0.00, real=0.01 secs] 
 (concurrent mode failure): 6321K->6319K(6848K), 0.0197328 secs] 9071K->9071K(9920K), [Metaspace: 3748K->3748K(1056768K)], 0.0329591 secs] [Times: user=0.11 sys=0.00, real=0.03 secs] 
19.273: [GC (Allocation Failure) 19.273: [ParNew (promotion failed): 2751K->2997K(3072K), 0.0144572 secs]19.288: [CMS: 6321K->6319K(6848K), 0.0169276 secs] 9071K->9071K(9920K), [Metaspace: 3748K->3748K(1056768K)], 0.0314588 secs] [Times: user=0.11 sys=0.00, real=0.03 secs] 
19.305: [GC (CMS Initial Mark) [1 CMS-initial-mark: 6319K(6848K)] 9071K(9920K), 0.0030691 secs] [Times: user=0.00 sys=0.00, real=0.01 secs] 
19.308: [CMS-concurrent-mark-start]
19.308: [GC (Allocation Failure) 19.308: [ParNew (promotion failed): 2751K->2997K(3072K), 0.0143853 secs]19.323: [CMS19.326: [CMS-concurrent-mark: 0.003/0.018 secs] [Times: user=0.11 sys=0.00, real=0.01 secs] 
 (concurrent mode failure): 6321K->6319K(6848K), 0.0200600 secs] 9071K->9071K(9920K), [Metaspace: 3748K->3748K(1056768K)], 0.0345166 secs] [Times: user=0.13 sys=0.00, real=0.03 secs] 
19.343: [GC (Allocation Failure) 19.343: [ParNew (promotion failed): 2751K->3071K(3072K), 0.0136930 secs]19.357: [CMS: 6321K->6319K(6848K), 0.0168952 secs] 9071K->9071K(9920K), [Metaspace: 3748K->3748K(1056768K)], 0.0306661 secs] [Times: user=0.11 sys=0.00, real=0.03 secs] 
19.374: [GC (CMS Initial Mark) [1 CMS-initial-mark: 6319K(6848K)] 9071K(9920K), 0.0030160 secs] [Times: user=0.01 sys=0.00, real=0.00 secs] 
19.377: [CMS-concurrent-mark-start]
19.377: [GC (Allocation Failure) 19.377: [ParNew (promotion failed): 2751K->2997K(3072K), 0.0205045 secs]19.398: [CMS19.401: [CMS-concurrent-mark: 0.004/0.024 secs] [Times: user=0.14 sys=0.01, real=0.03 secs] 
 (concurrent mode failure): 6321K->6319K(6848K), 0.0200982 secs] 9071K->9071K(9920K), [Metaspace: 3748K->3748K(1056768K)], 0.0406727 secs] [Times: user=0.16 sys=0.01, real=0.05 secs] 
19.418: [GC (Allocation Failure) 19.418: [ParNew (promotion failed): 2751K->2997K(3072K), 0.0209643 secs]19.439: [CMS: 6321K->6319K(6848K), 0.0168504 secs] 9071K->9071K(9920K), [Metaspace: 3748K->3748K(1056768K)], 0.0378826 secs] [Times: user=0.16 sys=0.00, real=0.03 secs] 
19.457: [GC (CMS Initial Mark) [1 CMS-initial-mark: 6319K(6848K)] 9071K(9920K), 0.0030795 secs] [Times: user=0.01 sys=0.00, real=0.01 secs] 
19.460: [CMS-concurrent-mark-start]
19.460: [GC (Allocation Failure) 19.460: [ParNew (promotion failed): 2751K->2997K(3072K), 0.0201534 secs]19.480: [CMS19.484: [CMS-concurrent-mark: 0.003/0.024 secs] [Times: user=0.14 sys=0.00, real=0.02 secs] 
 (concurrent mode failure): 6321K->6319K(6848K), 0.0200764 secs] 9071K->9071K(9920K), [Metaspace: 3748K->3748K(1056768K)], 0.0402987 secs] [Times: user=0.16 sys=0.00, real=0.04 secs] 
19.501: [GC (Allocation Failure) 19.501: [ParNew (promotion failed): 2751K->2997K(3072K), 0.0182026 secs]19.519: [CMS: 6321K->6319K(6848K), 0.0169679 secs] 9071K->9071K(9920K), [Metaspace: 3748K->3748K(1056768K)], 0.0352388 secs] [Times: user=0.14 sys=0.00, real=0.03 secs] 
19.537: [GC (CMS Initial Mark) [1 CMS-initial-mark: 6319K(6848K)] 9071K(9920K), 0.0030635 secs] [Times: user=0.00 sys=0.00, real=0.01 secs] 
19.540: [CMS-concurrent-mark-start]
19.540: [GC (Allocation Failure) 19.540: [ParNew (promotion failed): 2751K->2997K(3072K), 0.0208448 secs]19.561: [CMS19.565: [CMS-concurrent-mark: 0.004/0.025 secs] [Times: user=0.16 sys=0.00, real=0.02 secs] 
 (concurrent mode failure): 6321K->6319K(6848K), 0.0202055 secs] 9071K->9071K(9920K), [Metaspace: 3748K->3748K(1056768K)], 0.0411195 secs] [Times: user=0.18 sys=0.00, real=0.04 secs] 
19.582: [GC (Allocation Failure) 19.582: [ParNew (promotion failed): 2751K->3071K(3072K), 0.0173609 secs]19.599: [CMS: 6321K->6319K(6848K), 0.0165864 secs] 9071K->9071K(9920K), [Metaspace: 3748K->3748K(1056768K)], 0.0340118 secs] [Times: user=0.13 sys=0.00, real=0.03 secs] 
19.616: [GC (CMS Initial Mark) [1 CMS-initial-mark: 6319K(6848K)] 9071K(9920K), 0.0030651 secs] [Times: user=0.01 sys=0.00, real=0.01 secs] 
19.619: [CMS-concurrent-mark-start]
19.619: [GC (Allocation Failure) 19.619: [ParNew (promotion failed): 2751K->2997K(3072K), 0.0136254 secs]19.633: [CMS19.636: [CMS-concurrent-mark: 0.003/0.017 secs] [Times: user=0.10 sys=0.00, real=0.01 secs] 
 (concurrent mode failure): 6321K->6319K(6848K), 0.0203637 secs] 9071K->9071K(9920K), [Metaspace: 3748K->3748K(1056768K)], 0.0340615 secs] [Times: user=0.11 sys=0.00, real=0.03 secs] 
19.654: [GC (Allocation Failure) 19.654: [ParNew (promotion failed): 2751K->2997K(3072K), 0.0157675 secs]19.669: [CMS: 6321K->6319K(6848K), 0.0167253 secs] 9071K->9071K(9920K), [Metaspace: 3748K->3748K(1056768K)], 0.0368487 secs] [Times: user=0.13 sys=0.00, real=0.04 secs] 
19.691: [GC (CMS Initial Mark) [1 CMS-initial-mark: 6319K(6848K)] 9071K(9920K), 0.0034867 secs] [Times: user=0.00 sys=0.00, real=0.00 secs] 
19.694: [CMS-concurrent-mark-start]
19.694: [GC (Allocation Failure) 19.694: [ParNew (promotion failed): 2751K->3022K(3072K), 0.0147318 secs]19.709: [CMS19.713: [CMS-concurrent-mark: 0.004/0.018 secs] [Times: user=0.10 sys=0.00, real=0.02 secs] 
 (concurrent mode failure): 6321K->6319K(6848K), 0.0211739 secs] 9071K->9071K(9920K), [Metaspace: 3748K->3748K(1056768K)], 0.0359758 secs] [Times: user=0.12 sys=0.01, real=0.04 secs] 
19.731: [GC (Allocation Failure) 19.731: [ParNew (promotion failed): 2751K->2997K(3072K), 0.0170358 secs]19.748: [CMS: 6321K->6319K(6848K), 0.0168892 secs] 9071K->9071K(9920K), [Metaspace: 3748K->3748K(1056768K)], 0.0340005 secs] [Times: user=0.14 sys=0.00, real=0.03 secs] 
19.766: [GC (CMS Initial Mark) [1 CMS-initial-mark: 6319K(6848K)] 9071K(9920K), 0.0030855 secs] [Times: user=0.00 sys=0.00, real=0.01 secs] 
19.769: [CMS-concurrent-mark-start]
19.769: [GC (Allocation Failure) 19.769: [ParNew (promotion failed): 2751K->2997K(3072K), 0.0207812 secs]19.790: [CMS19.793: [CMS-concurrent-mark: 0.004/0.024 secs] [Times: user=0.16 sys=0.00, real=0.02 secs] 
 (concurrent mode failure): 6321K->6319K(6848K), 0.0198917 secs] 9071K->9071K(9920K), [Metaspace: 3748K->3748K(1056768K)], 0.0407508 secs] [Times: user=0.18 sys=0.00, real=0.04 secs] 
19.811: [GC (Allocation Failure) 19.811: [ParNew (promotion failed): 2751K->2997K(3072K), 0.0142293 secs]19.825: [CMS: 6321K->6319K(6848K), 0.0167901 secs] 9071K->9071K(9920K), [Metaspace: 3748K->3748K(1056768K)], 0.0310958 secs] [Times: user=0.11 sys=0.00, real=0.03 secs] 
19.842: [GC (CMS Initial Mark) [1 CMS-initial-mark: 6319K(6848K)] 9071K(9920K), 0.0030704 secs] [Times: user=0.01 sys=0.00, real=0.00 secs] 
19.845: [CMS-concurrent-mark-start]
19.845: [GC (Allocation Failure) 19.845: [ParNew (promotion failed): 2751K->2997K(3072K), 0.0140363 secs]19.859: [CMS19.863: [CMS-concurrent-mark: 0.004/0.018 secs] [Times: user=0.10 sys=0.00, real=0.02 secs] 
 (concurrent mode failure): 6321K->6319K(6848K), 0.0201544 secs] 9071K->9071K(9920K), [Metaspace: 3748K->3748K(1056768K)], 0.0350487 secs] [Times: user=0.12 sys=0.00, real=0.04 secs] 
19.881: [GC (Allocation Failure) 19.881: [ParNew (promotion failed): 2751K->2997K(3072K), 0.0149915 secs]19.896: [CMS: 6321K->6319K(6848K), 0.0166713 secs] 9071K->9071K(9920K), [Metaspace: 3748K->3748K(1056768K)], 0.0317282 secs] [Times: user=0.12 sys=0.00, real=0.03 secs] 
19.913: [GC (CMS Initial Mark) [1 CMS-initial-mark: 6319K(6848K)] 9071K(9920K), 0.0031455 secs] [Times: user=0.00 sys=0.00, real=0.00 secs] 
19.916: [CMS-concurrent-mark-start]
19.916: [GC (Allocation Failure) 19.916: [ParNew (promotion failed): 2751K->2997K(3072K), 0.0139606 secs]19.930: [CMS19.933: [CMS-concurrent-mark: 0.003/0.018 secs] [Times: user=0.11 sys=0.00, real=0.02 secs] 
 (concurrent mode failure): 6321K->6319K(6848K), 0.0200313 secs] 9071K->9071K(9920K), [Metaspace: 3748K->3748K(1056768K)], 0.0340671 secs] [Times: user=0.12 sys=0.00, real=0.04 secs] 
19.951: [GC (Allocation Failure) 19.951: [ParNew (promotion failed): 2751K->3046K(3072K), 0.0128050 secs]19.963: [CMS: 6321K->6319K(6848K), 0.0172497 secs] 9071K->9071K(9920K), [Metaspace: 3748K->3748K(1056768K)], 0.0301295 secs] [Times: user=0.10 sys=0.00, real=0.03 secs] 
19.982: [GC (CMS Initial Mark) [1 CMS-initial-mark: 6319K(6848K)] 9071K(9920K), 0.0030909 secs] [Times: user=0.01 sys=0.00, real=0.00 secs] 
19.985: [CMS-concurrent-mark-start]
19.985: [GC (Allocation Failure) 19.985: [ParNew (promotion failed): 2751K->2997K(3072K), 0.0161520 secs]20.001: [CMS20.004: [CMS-concurrent-mark: 0.003/0.020 secs] [Times: user=0.11 sys=0.00, real=0.02 secs] 
 (concurrent mode failure): 6321K->6319K(6848K), 0.0202208 secs] 9071K->9071K(9920K), [Metaspace: 3748K->3748K(1056768K)], 0.0364459 secs] [Times: user=0.13 sys=0.00, real=0.04 secs] 
20.022: [GC (Allocation Failure) 20.022: [ParNew (promotion failed): 2751K->2997K(3072K), 0.0133666 secs]20.035: [CMS: 6321K->6319K(6848K), 0.0168131 secs] 9071K->9071K(9920K), [Metaspace: 3748K->3748K(1056768K)], 0.0302517 secs] [Times: user=0.11 sys=0.01, real=0.03 secs] 
20.053: [GC (CMS Initial Mark) [1 CMS-initial-mark: 6319K(6848K)] 9071K(9920K), 0.0030627 secs] [Times: user=0.00 sys=0.00, real=0.00 secs] 
20.056: [CMS-concurrent-mark-start]
20.056: [GC (Allocation Failure) 20.056: [ParNew (promotion failed): 2751K->3022K(3072K), 0.0140857 secs]20.070: [CMS20.073: [CMS-concurrent-mark: 0.004/0.018 secs] [Times: user=0.11 sys=0.00, real=0.02 secs] 
 (concurrent mode failure): 6321K->6319K(6848K), 0.0201388 secs] 9071K->9071K(9920K), [Metaspace: 3748K->3748K(1056768K)], 0.0342937 secs] [Times: user=0.13 sys=0.00, real=0.04 secs] 
20.091: [GC (Allocation Failure) 20.091: [ParNew (promotion failed): 2751K->2997K(3072K), 0.0144036 secs]20.105: [CMS: 6321K->6319K(6848K), 0.0165937 secs] 9071K->9071K(9920K), [Metaspace: 3748K->3748K(1056768K)], 0.0310651 secs] [Times: user=0.11 sys=0.00, real=0.03 secs] 
20.122: [GC (CMS Initial Mark) [1 CMS-initial-mark: 6319K(6848K)] 9071K(9920K), 0.0030842 secs] [Times: user=0.01 sys=0.00, real=0.00 secs] 
20.125: [CMS-concurrent-mark-start]
20.125: [GC (Allocation Failure) 20.125: [ParNew (promotion failed): 2751K->3022K(3072K), 0.0136800 secs]20.139: [CMS20.142: [CMS-concurrent-mark: 0.003/0.017 secs] [Times: user=0.10 sys=0.00, real=0.02 secs] 
 (concurrent mode failure): 6321K->6319K(6848K), 0.0202971 secs] 9071K->9071K(9920K), [Metaspace: 3748K->3748K(1056768K)], 0.0340345 secs] [Times: user=0.12 sys=0.00, real=0.04 secs] 
20.160: [GC (Allocation Failure) 20.160: [ParNew (promotion failed): 2751K->3046K(3072K), 0.0139752 secs]20.174: [CMS: 6321K->6319K(6848K), 0.0166683 secs] 9071K->9071K(9920K), [Metaspace: 3748K->3748K(1056768K)], 0.0307076 secs] [Times: user=0.10 sys=0.00, real=0.03 secs] 
20.191: [GC (CMS Initial Mark) [1 CMS-initial-mark: 6319K(6848K)] 9071K(9920K), 0.0030803 secs] [Times: user=0.00 sys=0.00, real=0.00 secs] 
20.194: [CMS-concurrent-mark-start]
20.194: [GC (Allocation Failure) 20.194: [ParNew (promotion failed): 2751K->2997K(3072K), 0.0178965 secs]20.212: [CMS20.215: [CMS-concurrent-mark: 0.004/0.021 secs] [Times: user=0.12 sys=0.00, real=0.02 secs] 
 (concurrent mode failure): 6321K->6319K(6848K), 0.0204500 secs] 9071K->9071K(9920K), [Metaspace: 3748K->3748K(1056768K)], 0.0384130 secs] [Times: user=0.14 sys=0.00, real=0.04 secs] 
20.233: [GC (Allocation Failure) 20.233: [ParNew (promotion failed): 2751K->2997K(3072K), 0.0203713 secs]20.253: [CMS: 6321K->6319K(6848K), 0.0169968 secs] 9071K->9071K(9920K), [Metaspace: 3748K->3748K(1056768K)], 0.0374468 secs] [Times: user=0.14 sys=0.00, real=0.04 secs] 
20.271: [GC (CMS Initial Mark) [1 CMS-initial-mark: 6319K(6848K)] 9071K(9920K), 0.0031743 secs] [Times: user=0.00 sys=0.00, real=0.00 secs] 
20.274: [CMS-concurrent-mark-start]
20.275: [GC (Allocation Failure) 20.275: [ParNew (promotion failed): 2751K->3046K(3072K), 0.0144747 secs]20.289: [CMS20.292: [CMS-concurrent-mark: 0.004/0.018 secs] [Times: user=0.11 sys=0.00, real=0.02 secs] 
 (concurrent mode failure): 6321K->6319K(6848K), 0.0197936 secs] 9071K->9071K(9920K), [Metaspace: 3748K->3748K(1056768K)], 0.0343426 secs] [Times: user=0.12 sys=0.00, real=0.04 secs] 
20.310: [GC (Allocation Failure) 20.310: [ParNew (promotion failed): 2751K->2997K(3072K), 0.0151877 secs]20.325: [CMS: 6321K->6319K(6848K), 0.0176302 secs] 9071K->9071K(9920K), [Metaspace: 3748K->3748K(1056768K)], 0.0328902 secs] [Times: user=0.12 sys=0.00, real=0.03 secs] 
20.343: [GC (CMS Initial Mark) [1 CMS-initial-mark: 6319K(6848K)] 9071K(9920K), 0.0030604 secs] [Times: user=0.00 sys=0.00, real=0.00 secs] 
20.346: [CMS-concurrent-mark-start]
20.346: [GC (Allocation Failure) 20.346: [ParNew (promotion failed): 2751K->3022K(3072K), 0.0189790 secs]20.365: [CMS20.368: [CMS-concurrent-mark: 0.004/0.023 secs] [Times: user=0.14 sys=0.01, real=0.03 secs] 
 (concurrent mode failure): 6321K->6319K(6848K), 0.0204274 secs] 9071K->9071K(9920K), [Metaspace: 3748K->3748K(1056768K)], 0.0394823 secs] [Times: user=0.16 sys=0.01, real=0.04 secs] 
20.386: [GC (Allocation Failure) 20.386: [ParNew (promotion failed): 2751K->2997K(3072K), 0.0181008 secs]20.404: [CMS: 6321K->6319K(6848K), 0.0168467 secs] 9071K->9071K(9920K), [Metaspace: 3748K->3748K(1056768K)], 0.0350164 secs] [Times: user=0.14 sys=0.00, real=0.04 secs] 
20.421: [GC (CMS Initial Mark) [1 CMS-initial-mark: 6319K(6848K)] 9071K(9920K), 0.0031418 secs] [Times: user=0.01 sys=0.00, real=0.00 secs] 
20.424: [CMS-concurrent-mark-start]
20.425: [GC (Allocation Failure) 20.425: [ParNew (promotion failed): 2751K->2997K(3072K), 0.0141528 secs]20.439: [CMS20.442: [CMS-concurrent-mark: 0.004/0.018 secs] [Times: user=0.10 sys=0.00, real=0.02 secs] 
 (concurrent mode failure): 6321K->6319K(6848K), 0.0200523 secs] 9071K->9071K(9920K), [Metaspace: 3748K->3748K(1056768K)], 0.0342725 secs] [Times: user=0.12 sys=0.00, real=0.04 secs] 
20.459: [GC (Allocation Failure) 20.459: [ParNew (promotion failed): 2751K->3046K(3072K), 0.0141387 secs]20.473: [CMS: 6321K->6319K(6848K), 0.0171170 secs] 9071K->9071K(9920K), [Metaspace: 3748K->3748K(1056768K)], 0.0313222 secs] [Times: user=0.11 sys=0.00, real=0.03 secs] 
20.491: [GC (CMS Initial Mark) [1 CMS-initial-mark: 6319K(6848K)] 9071K(9920K), 0.0030759 secs] [Times: user=0.00 sys=0.00, real=0.00 secs] 
20.495: [CMS-concurrent-mark-start]
20.495: [GC (Allocation Failure) 20.495: [ParNew (promotion failed): 2751K->2997K(3072K), 0.0193520 secs]20.514: [CMS20.518: [CMS-concurrent-mark: 0.004/0.023 secs] [Times: user=0.14 sys=0.00, real=0.03 secs] 
 (concurrent mode failure): 6321K->6319K(6848K), 0.0205038 secs] 9071K->9071K(9920K), [Metaspace: 3748K->3748K(1056768K)], 0.0399274 secs] [Times: user=0.15 sys=0.00, real=0.04 secs] 
20.535: [GC (Allocation Failure) 20.535: [ParNew (promotion failed): 2751K->3022K(3072K), 0.0146125 secs]20.550: [CMS: 6321K->6319K(6848K), 0.0167710 secs] 9071K->9071K(9920K), [Metaspace: 3748K->3748K(1056768K)], 0.0314535 secs] [Times: user=0.12 sys=0.00, real=0.03 secs] 
20.567: [GC (CMS Initial Mark) [1 CMS-initial-mark: 6319K(6848K)] 9071K(9920K), 0.0031295 secs] [Times: user=0.00 sys=0.00, real=0.01 secs] 
20.570: [CMS-concurrent-mark-start]
20.571: [GC (Allocation Failure) 20.571: [ParNew (promotion failed): 2751K->3022K(3072K), 0.0227262 secs]20.593: [CMS20.597: [CMS-concurrent-mark: 0.004/0.026 secs] [Times: user=0.17 sys=0.00, real=0.02 secs] 
 (concurrent mode failure): 6321K->6319K(6848K), 0.0202459 secs] 9071K->9071K(9920K), [Metaspace: 3748K->3748K(1056768K)], 0.0430448 secs] [Times: user=0.18 sys=0.00, real=0.04 secs] 
20.614: [GC (Allocation Failure) 20.614: [ParNew (promotion failed): 2751K->3022K(3072K), 0.0205518 secs]20.635: [CMS: 6321K->6319K(6848K), 0.0167038 secs] 9071K->9071K(9920K), [Metaspace: 3748K->3748K(1056768K)], 0.0373392 secs] [Times: user=0.16 sys=0.01, real=0.04 secs] 
20.652: [GC (CMS Initial Mark) [1 CMS-initial-mark: 6319K(6848K)] 9071K(9920K), 0.0030518 secs] [Times: user=0.01 sys=0.00, real=0.00 secs] 
20.655: [CMS-concurrent-mark-start]
20.655: [GC (Allocation Failure) 20.655: [ParNew (promotion failed): 2751K->3046K(3072K), 0.0140881 secs]20.669: [CMS20.672: [CMS-concurrent-mark: 0.003/0.018 secs] [Times: user=0.10 sys=0.00, real=0.02 secs] 
 (concurrent mode failure): 6321K->6319K(6848K), 0.0202417 secs] 9071K->9071K(9920K), [Metaspace: 3748K->3748K(1056768K)], 0.0344028 secs] [Times: user=0.12 sys=0.00, real=0.04 secs] 
20.690: [GC (Allocation Failure) 20.690: [ParNew (promotion failed): 2751K->3022K(3072K), 0.0210305 secs]20.711: [CMS: 6321K->6319K(6848K), 0.0167368 secs] 9071K->9071K(9920K), [Metaspace: 3748K->3748K(1056768K)], 0.0378389 secs] [Times: user=0.17 sys=0.00, real=0.03 secs] 
20.728: [GC (CMS Initial Mark) [1 CMS-initial-mark: 6319K(6848K)] 9071K(9920K), 0.0031304 secs] [Times: user=0.00 sys=0.00, real=0.00 secs] 
20.731: [CMS-concurrent-mark-start]
20.731: [GC (Allocation Failure) 20.731: [ParNew (promotion failed): 2751K->3022K(3072K), 0.0231446 secs]20.754: [CMS20.758: [CMS-concurrent-mark: 0.004/0.027 secs] [Times: user=0.16 sys=0.00, real=0.03 secs] 
 (concurrent mode failure): 6321K->6319K(6848K), 0.0201767 secs] 9071K->9071K(9920K), [Metaspace: 3748K->3748K(1056768K)], 0.0433946 secs] [Times: user=0.18 sys=0.00, real=0.04 secs] 
20.775: [GC (Allocation Failure) 20.775: [ParNew (promotion failed): 2751K->3022K(3072K), 0.0160453 secs]20.791: [CMS: 6321K->6319K(6848K), 0.0169077 secs] 9071K->9071K(9920K), [Metaspace: 3748K->3748K(1056768K)], 0.0330184 secs] [Times: user=0.13 sys=0.00, real=0.04 secs] 
20.809: [GC (CMS Initial Mark) [1 CMS-initial-mark: 6319K(6848K)] 9071K(9920K), 0.0031163 secs] [Times: user=0.01 sys=0.00, real=0.00 secs] 
20.812: [CMS-concurrent-mark-start]
20.812: [GC (Allocation Failure) 20.812: [ParNew (promotion failed): 2751K->3022K(3072K), 0.0142152 secs]20.827: [CMS20.830: [CMS-concurrent-mark: 0.004/0.018 secs] [Times: user=0.10 sys=0.00, real=0.02 secs] 
 (concurrent mode failure): 6321K->6319K(6848K), 0.0196721 secs] 9071K->9071K(9920K), [Metaspace: 3748K->3748K(1056768K)], 0.0339608 secs] [Times: user=0.12 sys=0.00, real=0.03 secs] 
20.847: [GC (Allocation Failure) 20.847: [ParNew (promotion failed): 2751K->3022K(3072K), 0.0199827 secs]20.867: [CMS: 6321K->6319K(6848K), 0.0167123 secs] 9071K->9071K(9920K), [Metaspace: 3748K->3748K(1056768K)], 0.0367713 secs] [Times: user=0.16 sys=0.00, real=0.04 secs] 
20.884: [GC (CMS Initial Mark) [1 CMS-initial-mark: 6319K(6848K)] 9071K(9920K), 0.0030750 secs] [Times: user=0.00 sys=0.00, real=0.00 secs] 
20.887: [CMS-concurrent-mark-start]
20.887: [GC (Allocation Failure) 20.887: [ParNew (promotion failed): 2751K->2997K(3072K), 0.0210018 secs]20.908: [CMS20.912: [CMS-concurrent-mark: 0.003/0.025 secs] [Times: user=0.16 sys=0.00, real=0.03 secs] 
 (concurrent mode failure): 6321K->6319K(6848K), 0.0201899 secs] 9071K->9071K(9920K), [Metaspace: 3748K->3748K(1056768K)], 0.0412529 secs] [Times: user=0.17 sys=0.00, real=0.05 secs] 
20.929: [GC (Allocation Failure) 20.929: [ParNew (promotion failed): 2751K->2997K(3072K), 0.0203700 secs]20.949: [CMS: 6321K->6319K(6848K), 0.0165749 secs] 9071K->9071K(9920K), [Metaspace: 3748K->3748K(1056768K)], 0.0370127 secs] [Times: user=0.17 sys=0.00, real=0.03 secs] 
20.966: [GC (CMS Initial Mark) [1 CMS-initial-mark: 6319K(6848K)] 9071K(9920K), 0.0030485 secs] [Times: user=0.00 sys=0.00, real=0.01 secs] 
20.969: [CMS-concurrent-mark-start]
20.969: [GC (Allocation Failure) 20.969: [ParNew (promotion failed): 2751K->3046K(3072K), 0.0163165 secs]20.986: [CMS20.989: [CMS-concurrent-mark: 0.004/0.020 secs] [Times: user=0.12 sys=0.00, real=0.02 secs] 
 (concurrent mode failure): 6321K->6319K(6848K), 0.0200590 secs] 9071K->9071K(9920K), [Metaspace: 3748K->3748K(1056768K)], 0.0364375 secs] [Times: user=0.14 sys=0.00, real=0.03 secs] 
21.006: [GC (Allocation Failure) 21.006: [ParNew (promotion failed): 2751K->2997K(3072K), 0.0189674 secs]21.025: [CMS: 6321K->6319K(6848K), 0.0169501 secs] 9071K->9071K(9920K), [Metaspace: 3748K->3748K(1056768K)], 0.0359920 secs] [Times: user=0.14 sys=0.00, real=0.04 secs] 
21.043: [GC (CMS Initial Mark) [1 CMS-initial-mark: 6319K(6848K)] 9071K(9920K), 0.0030642 secs] [Times: user=0.01 sys=0.00, real=0.00 secs] 
21.046: [CMS-concurrent-mark-start]
21.046: [GC (Allocation Failure) 21.046: [ParNew (promotion failed): 2751K->2997K(3072K), 0.0188162 secs]21.065: [CMS21.068: [CMS-concurrent-mark: 0.003/0.022 secs] [Times: user=0.13 sys=0.00, real=0.03 secs] 
 (concurrent mode failure): 6321K->6319K(6848K), 0.0203206 secs] 9071K->9071K(9920K), [Metaspace: 3748K->3748K(1056768K)], 0.0392023 secs] [Times: user=0.14 sys=0.00, real=0.04 secs] 
21.086: [GC (Allocation Failure) 21.086: [ParNew (promotion failed): 2751K->2997K(3072K), 0.0176974 secs]21.104: [CMS: 6321K->6319K(6848K), 0.0167516 secs] 9071K->9071K(9920K), [Metaspace: 3748K->3748K(1056768K)], 0.0345222 secs] [Times: user=0.14 sys=0.00, real=0.04 secs] 
21.121: [GC (CMS Initial Mark) [1 CMS-initial-mark: 6319K(6848K)] 9071K(9920K), 0.0030494 secs] [Times: user=0.01 sys=0.00, real=0.00 secs] 
21.124: [CMS-concurrent-mark-start]
21.124: [GC (Allocation Failure) 21.124: [ParNew (promotion failed): 2751K->2997K(3072K), 0.0144925 secs]21.139: [CMS21.142: [CMS-concurrent-mark: 0.004/0.018 secs] [Times: user=0.11 sys=0.00, real=0.02 secs] 
 (concurrent mode failure): 6321K->6319K(6848K), 0.0202954 secs] 9071K->9071K(9920K), [Metaspace: 3748K->3748K(1056768K)], 0.0348557 secs] [Times: user=0.12 sys=0.00, real=0.04 secs] 
21.160: [GC (Allocation Failure) 21.160: [ParNew (promotion failed): 2751K->2997K(3072K), 0.0215060 secs]21.181: [CMS: 6321K->6319K(6848K), 0.0170403 secs] 9071K->9071K(9920K), [Metaspace: 3748K->3748K(1056768K)], 0.0386136 secs] [Times: user=0.17 sys=0.00, real=0.04 secs] 
21.198: [GC (CMS Initial Mark) [1 CMS-initial-mark: 6319K(6848K)] 9071K(9920K), 0.0030792 secs] [Times: user=0.00 sys=0.00, real=0.00 secs] 
21.202: [CMS-concurrent-mark-start]
21.202: [GC (Allocation Failure) 21.202: [ParNew (promotion failed): 2751K->3022K(3072K), 0.0159049 secs]21.218: [CMS21.221: [CMS-concurrent-mark: 0.004/0.019 secs] [Times: user=0.12 sys=0.00, real=0.02 secs] 
 (concurrent mode failure): 6321K->6319K(6848K), 0.0203297 secs] 9071K->9071K(9920K), [Metaspace: 3748K->3748K(1056768K)], 0.0362982 secs] [Times: user=0.14 sys=0.00, real=0.04 secs] 
21.238: [GC (Allocation Failure) 21.238: [ParNew (promotion failed): 2751K->3022K(3072K), 0.0157818 secs]21.254: [CMS: 6321K->6319K(6848K), 0.0167431 secs] 9071K->9071K(9920K), [Metaspace: 3748K->3748K(1056768K)], 0.0325895 secs] [Times: user=0.11 sys=0.00, real=0.03 secs] 
21.271: [GC (CMS Initial Mark) [1 CMS-initial-mark: 6319K(6848K)] 9071K(9920K), 0.0032279 secs] [Times: user=0.00 sys=0.00, real=0.00 secs] 
21.275: [CMS-concurrent-mark-start]
21.275: [GC (Allocation Failure) 21.275: [ParNew (promotion failed): 2751K->2997K(3072K), 0.0213975 secs]21.296: [CMS21.300: [CMS-concurrent-mark: 0.004/0.025 secs] [Times: user=0.16 sys=0.01, real=0.03 secs] 
 (concurrent mode failure): 6321K->6319K(6848K), 0.0205883 secs] 9071K->9071K(9920K), [Metaspace: 3748K->3748K(1056768K)], 0.0420618 secs] [Times: user=0.17 sys=0.01, real=0.04 secs] 
21.318: [GC (Allocation Failure) 21.318: [ParNew (promotion failed): 2751K->2997K(3072K), 0.0184592 secs]21.336: [CMS: 6321K->6319K(6848K), 0.0168952 secs] 9071K->9071K(9920K), [Metaspace: 3748K->3748K(1056768K)], 0.0354245 secs] [Times: user=0.15 sys=0.00, real=0.03 secs] 
21.353: [GC (CMS Initial Mark) [1 CMS-initial-mark: 6319K(6848K)] 9071K(9920K), 0.0032431 secs] [Times: user=0.00 sys=0.00, real=0.00 secs] 
21.357: [CMS-concurrent-mark-start]
21.357: [GC (Allocation Failure) 21.357: [ParNew (promotion failed): 2751K->2997K(3072K), 0.0206837 secs]21.378: [CMS21.381: [CMS-concurrent-mark: 0.004/0.024 secs] [Times: user=0.16 sys=0.00, real=0.03 secs] 
 (concurrent mode failure): 6321K->6319K(6848K), 0.0199075 secs] 9071K->9071K(9920K), [Metaspace: 3748K->3748K(1056768K)], 0.0406598 secs] [Times: user=0.18 sys=0.00, real=0.05 secs] 
21.399: [GC (Allocation Failure) 21.399: [ParNew (promotion failed): 2751K->2997K(3072K), 0.0150816 secs]21.414: [CMS: 6321K->6319K(6848K), 0.0167830 secs] 9071K->9071K(9920K), [Metaspace: 3748K->3748K(1056768K)], 0.0319390 secs] [Times: user=0.12 sys=0.00, real=0.03 secs] 
21.431: [GC (CMS Initial Mark) [1 CMS-initial-mark: 6319K(6848K)] 9071K(9920K), 0.0031665 secs] [Times: user=0.00 sys=0.00, real=0.00 secs] 
21.434: [CMS-concurrent-mark-start]
21.434: [GC (Allocation Failure) 21.434: [ParNew (promotion failed): 2751K->3046K(3072K), 0.0203657 secs]21.455: [CMS21.458: [CMS-concurrent-mark: 0.004/0.024 secs] [Times: user=0.16 sys=0.00, real=0.03 secs] 
 (concurrent mode failure): 6321K->6319K(6848K), 0.0204140 secs] 9071K->9071K(9920K), [Metaspace: 3748K->3748K(1056768K)], 0.0408468 secs] [Times: user=0.17 sys=0.00, real=0.04 secs] 
21.475: [GC (Allocation Failure) 21.475: [ParNew (promotion failed): 2751K->3022K(3072K), 0.0153357 secs]21.491: [CMS: 6321K->6319K(6848K), 0.0167109 secs] 9071K->9071K(9920K), [Metaspace: 3748K->3748K(1056768K)], 0.0321105 secs] [Times: user=0.13 sys=0.00, real=0.03 secs] 
21.508: [GC (CMS Initial Mark) [1 CMS-initial-mark: 6319K(6848K)] 9071K(9920K), 0.0030579 secs] [Times: user=0.00 sys=0.00, real=0.00 secs] 
21.511: [CMS-concurrent-mark-start]
21.511: [GC (Allocation Failure) 21.511: [ParNew (promotion failed): 2751K->2972K(3072K), 0.0180217 secs]21.529: [CMS21.533: [CMS-concurrent-mark: 0.004/0.022 secs] [Times: user=0.12 sys=0.00, real=0.02 secs] 
 (concurrent mode failure): 6321K->6319K(6848K), 0.0201188 secs] 9071K->9071K(9920K), [Metaspace: 3748K->3748K(1056768K)], 0.0382021 secs] [Times: user=0.14 sys=0.00, real=0.04 secs] 
21.550: [GC (Allocation Failure) 21.550: [ParNew (promotion failed): 2751K->2997K(3072K), 0.0156578 secs]21.565: [CMS: 6321K->6319K(6848K), 0.0169103 secs] 9071K->9071K(9920K), [Metaspace: 3748K->3748K(1056768K)], 0.0326430 secs] [Times: user=0.13 sys=0.00, real=0.03 secs] 
21.583: [GC (CMS Initial Mark) [1 CMS-initial-mark: 6319K(6848K)] 9071K(9920K), 0.0031136 secs] [Times: user=0.00 sys=0.00, real=0.00 secs] 
21.586: [CMS-concurrent-mark-start]
21.586: [GC (Allocation Failure) 21.586: [ParNew (promotion failed): 2751K->2997K(3072K), 0.0134306 secs]21.600: [CMS21.603: [CMS-concurrent-mark: 0.003/0.017 secs] [Times: user=0.10 sys=0.01, real=0.02 secs] 
 (concurrent mode failure): 6321K->6319K(6848K), 0.0201978 secs] 9071K->9071K(9920K), [Metaspace: 3748K->3748K(1056768K)], 0.0336981 secs] [Times: user=0.11 sys=0.01, real=0.04 secs] 
21.621: [GC (Allocation Failure) 21.621: [ParNew (promotion failed): 2751K->3022K(3072K), 0.0199490 secs]21.641: [CMS: 6321K->6319K(6848K), 0.0167949 secs] 9071K->9071K(9920K), [Metaspace: 3748K->3748K(1056768K)], 0.0368216 secs] [Times: user=0.17 sys=0.00, real=0.04 secs] 
21.658: [GC (CMS Initial Mark) [1 CMS-initial-mark: 6319K(6848K)] 9071K(9920K), 0.0030835 secs] [Times: user=0.00 sys=0.00, real=0.00 secs] 
21.661: [CMS-concurrent-mark-start]
21.662: [GC (Allocation Failure) 21.662: [ParNew (promotion failed): 2751K->2997K(3072K), 0.0219101 secs]21.684: [CMS21.687: [CMS-concurrent-mark: 0.004/0.026 secs] [Times: user=0.17 sys=0.00, real=0.02 secs] 
 (concurrent mode failure): 6321K->6319K(6848K), 0.0202897 secs] 9071K->9071K(9920K), [Metaspace: 3748K->3748K(1056768K)], 0.0422724 secs] [Times: user=0.18 sys=0.00, real=0.04 secs] 
21.704: [GC (Allocation Failure) 21.704: [ParNew (promotion failed): 2751K->2997K(3072K), 0.0222989 secs]21.727: [CMS: 6321K->6319K(6848K), 0.0166873 secs] 9071K->9071K(9920K), [Metaspace: 3748K->3748K(1056768K)], 0.0390553 secs] [Times: user=0.18 sys=0.00, real=0.04 secs] 
21.743: [GC (CMS Initial Mark) [1 CMS-initial-mark: 6319K(6848K)] 9071K(9920K), 0.0030406 secs] [Times: user=0.00 sys=0.00, real=0.00 secs] 
21.747: [CMS-concurrent-mark-start]
21.747: [GC (Allocation Failure) 21.747: [ParNew (promotion failed): 2751K->2997K(3072K), 0.0150985 secs]21.762: [CMS21.765: [CMS-concurrent-mark: 0.004/0.019 secs] [Times: user=0.11 sys=0.00, real=0.02 secs] 
 (concurrent mode failure): 6321K->6319K(6848K), 0.0202802 secs] 9071K->9071K(9920K), [Metaspace: 3748K->3748K(1056768K)], 0.0354412 secs] [Times: user=0.13 sys=0.00, real=0.04 secs] 
21.782: [GC (Allocation Failure) 21.783: [ParNew (promotion failed): 2751K->3022K(3072K), 0.0139007 secs]21.796: [CMS: 6321K->6319K(6848K), 0.0168692 secs] 9071K->9071K(9920K), [Metaspace: 3748K->3748K(1056768K)], 0.0308540 secs] [Times: user=0.11 sys=0.00, real=0.03 secs] 
21.814: [GC (CMS Initial Mark) [1 CMS-initial-mark: 6319K(6848K)] 9071K(9920K), 0.0030113 secs] [Times: user=0.01 sys=0.00, real=0.00 secs] 
21.817: [CMS-concurrent-mark-start]
21.817: [GC (Allocation Failure) 21.817: [ParNew (promotion failed): 2751K->3022K(3072K), 0.0141658 secs]21.831: [CMS21.835: [CMS-concurrent-mark: 0.004/0.018 secs] [Times: user=0.11 sys=0.00, real=0.02 secs] 
 (concurrent mode failure): 6321K->6319K(6848K), 0.0207243 secs] 9071K->9071K(9920K), [Metaspace: 3748K->3748K(1056768K)], 0.0349633 secs] [Times: user=0.12 sys=0.00, real=0.04 secs] 
21.853: [GC (Allocation Failure) 21.853: [ParNew (promotion failed): 2751K->2997K(3072K), 0.0150257 secs]21.868: [CMS: 6321K->6319K(6848K), 0.0166540 secs] 9071K->9071K(9920K), [Metaspace: 3748K->3748K(1056768K)], 0.0317544 secs] [Times: user=0.12 sys=0.00, real=0.03 secs] 
21.885: [GC (CMS Initial Mark) [1 CMS-initial-mark: 6319K(6848K)] 9071K(9920K), 0.0030854 secs] [Times: user=0.01 sys=0.00, real=0.01 secs] 
21.888: [CMS-concurrent-mark-start]
21.889: [GC (Allocation Failure) 21.889: [ParNew (promotion failed): 2751K->2997K(3072K), 0.0218994 secs]21.911: [CMS21.914: [CMS-concurrent-mark: 0.004/0.026 secs] [Times: user=0.17 sys=0.00, real=0.02 secs] 
 (concurrent mode failure): 6321K->6319K(6848K), 0.0198702 secs] 9071K->9071K(9920K), [Metaspace: 3748K->3748K(1056768K)], 0.0418432 secs] [Times: user=0.18 sys=0.01, real=0.04 secs] 
21.931: [GC (Allocation Failure) 21.931: [ParNew (promotion failed): 2751K->3022K(3072K), 0.0206565 secs]21.952: [CMS: 6321K->6319K(6848K), 0.0167673 secs] 9071K->9071K(9920K), [Metaspace: 3748K->3748K(1056768K)], 0.0374805 secs] [Times: user=0.16 sys=0.00, real=0.04 secs] 
21.969: [GC (CMS Initial Mark) [1 CMS-initial-mark: 6319K(6848K)] 9071K(9920K), 0.0030705 secs] [Times: user=0.01 sys=0.00, real=0.00 secs] 
21.972: [CMS-concurrent-mark-start]
21.972: [GC (Allocation Failure) 21.972: [ParNew (promotion failed): 2751K->3046K(3072K), 0.0153019 secs]21.987: [CMS21.991: [CMS-concurrent-mark: 0.003/0.019 secs] [Times: user=0.11 sys=0.00, real=0.02 secs] 
 (concurrent mode failure): 6321K->6319K(6848K), 0.0201448 secs] 9071K->9071K(9920K), [Metaspace: 3748K->3748K(1056768K)], 0.0355127 secs] [Times: user=0.13 sys=0.00, real=0.04 secs] 
22.008: [GC (Allocation Failure) 22.008: [ParNew (promotion failed): 2751K->3022K(3072K), 0.0148237 secs]22.023: [CMS: 6321K->6319K(6848K), 0.0168789 secs] 9071K->9071K(9920K), [Metaspace: 3748K->3748K(1056768K)], 0.0317642 secs] [Times: user=0.12 sys=0.00, real=0.03 secs] 
22.040: [GC (CMS Initial Mark) [1 CMS-initial-mark: 6319K(6848K)] 9071K(9920K), 0.0030823 secs] [Times: user=0.00 sys=0.00, real=0.00 secs] 
22.043: [CMS-concurrent-mark-start]
22.043: [GC (Allocation Failure) 22.043: [ParNew (promotion failed): 2751K->3022K(3072K), 0.0124299 secs]22.056: [CMS22.059: [CMS-concurrent-mark: 0.004/0.016 secs] [Times: user=0.08 sys=0.00, real=0.02 secs] 
 (concurrent mode failure): 6321K->6319K(6848K), 0.0202662 secs] 9071K->9071K(9920K), [Metaspace: 3748K->3748K(1056768K)], 0.0327667 secs] [Times: user=0.10 sys=0.00, real=0.03 secs] 
22.077: [GC (Allocation Failure) 22.077: [ParNew (promotion failed): 2751K->3022K(3072K), 0.0229906 secs]22.100: [CMS: 6321K->6319K(6848K), 0.0169932 secs] 9071K->9071K(9920K), [Metaspace: 3748K->3748K(1056768K)], 0.0400592 secs] [Times: user=0.18 sys=0.00, real=0.04 secs] 
22.117: [GC (CMS Initial Mark) [1 CMS-initial-mark: 6319K(6848K)] 9071K(9920K), 0.0030365 secs] [Times: user=0.00 sys=0.00, real=0.01 secs] 
22.121: [CMS-concurrent-mark-start]
22.121: [GC (Allocation Failure) 22.121: [ParNew (promotion failed): 2751K->2997K(3072K), 0.0165254 secs]22.137: [CMS22.141: [CMS-concurrent-mark: 0.003/0.020 secs] [Times: user=0.13 sys=0.00, real=0.02 secs] 
 (concurrent mode failure): 6321K->6319K(6848K), 0.0204070 secs] 9071K->9071K(9920K), [Metaspace: 3748K->3748K(1056768K)], 0.0370036 secs] [Times: user=0.14 sys=0.00, real=0.04 secs] 
22.158: [GC (Allocation Failure) 22.158: [ParNew (promotion failed): 2751K->2997K(3072K), 0.0163862 secs]22.175: [CMS: 6321K->6319K(6848K), 0.0168052 secs] 9071K->9071K(9920K), [Metaspace: 3748K->3748K(1056768K)], 0.0332610 secs] [Times: user=0.14 sys=0.00, real=0.03 secs] 
22.192: [GC (CMS Initial Mark) [1 CMS-initial-mark: 6319K(6848K)] 9071K(9920K), 0.0031342 secs] [Times: user=0.00 sys=0.00, real=0.00 secs] 
22.195: [CMS-concurrent-mark-start]
22.196: [GC (Allocation Failure) 22.196: [ParNew (promotion failed): 2751K->2997K(3072K), 0.0134951 secs]22.209: [CMS22.212: [CMS-concurrent-mark: 0.004/0.017 secs] [Times: user=0.10 sys=0.00, real=0.02 secs] 
 (concurrent mode failure): 6321K->6319K(6848K), 0.0200864 secs] 9071K->9071K(9920K), [Metaspace: 3748K->3748K(1056768K)], 0.0336519 secs] [Times: user=0.11 sys=0.00, real=0.04 secs] 
22.230: [GC (Allocation Failure) 22.230: [ParNew (promotion failed): 2751K->2997K(3072K), 0.0183261 secs]22.248: [CMS: 6321K->6319K(6848K), 0.0167620 secs] 9071K->9071K(9920K), [Metaspace: 3748K->3748K(1056768K)], 0.0351605 secs] [Times: user=0.15 sys=0.01, real=0.03 secs] 
22.265: [GC (CMS Initial Mark) [1 CMS-initial-mark: 6319K(6848K)] 9071K(9920K), 0.0030785 secs] [Times: user=0.00 sys=0.00, real=0.01 secs] 
22.268: [CMS-concurrent-mark-start]
22.268: [GC (Allocation Failure) 22.268: [ParNew (promotion failed): 2751K->2997K(3072K), 0.0162890 secs]22.284: [CMS22.288: [CMS-concurrent-mark: 0.003/0.020 secs] [Times: user=0.12 sys=0.00, real=0.02 secs] 
 (concurrent mode failure): 6321K->6319K(6848K), 0.0201368 secs] 9071K->9071K(9920K), [Metaspace: 3748K->3748K(1056768K)], 0.0364949 secs] [Times: user=0.14 sys=0.00, real=0.03 secs] 
22.305: [GC (Allocation Failure) 22.305: [ParNew (promotion failed): 2751K->3022K(3072K), 0.0207241 secs]22.326: [CMS: 6321K->6319K(6848K), 0.0168456 secs] 9071K->9071K(9920K), [Metaspace: 3748K->3748K(1056768K)], 0.0376381 secs] [Times: user=0.16 sys=0.00, real=0.04 secs] 
22.343: [GC (CMS Initial Mark) [1 CMS-initial-mark: 6319K(6848K)] 9071K(9920K), 0.0030870 secs] [Times: user=0.01 sys=0.00, real=0.00 secs] 
22.346: [CMS-concurrent-mark-start]
22.346: [GC (Allocation Failure) 22.346: [ParNew (promotion failed): 2751K->3022K(3072K), 0.0162311 secs]22.363: [CMS22.366: [CMS-concurrent-mark: 0.004/0.020 secs] [Times: user=0.11 sys=0.00, real=0.02 secs] 
 (concurrent mode failure): 6321K->6319K(6848K), 0.0206475 secs] 9071K->9071K(9920K), [Metaspace: 3748K->3748K(1056768K)], 0.0369483 secs] [Times: user=0.13 sys=0.00, real=0.04 secs] 
22.384: [GC (Allocation Failure) 22.384: [ParNew (promotion failed): 2751K->3022K(3072K), 0.0161898 secs]22.400: [CMS: 6321K->6319K(6848K), 0.0167967 secs] 9071K->9071K(9920K), [Metaspace: 3748K->3748K(1056768K)], 0.0330701 secs] [Times: user=0.12 sys=0.00, real=0.03 secs] 
22.418: [GC (CMS Initial Mark) [1 CMS-initial-mark: 6319K(6848K)] 9071K(9920K), 0.0031607 secs] [Times: user=0.00 sys=0.00, real=0.00 secs] 
22.421: [CMS-concurrent-mark-start]
22.422: [GC (Allocation Failure) 22.422: [ParNew (promotion failed): 2751K->3022K(3072K), 0.0150612 secs]22.437: [CMS22.440: [CMS-concurrent-mark: 0.004/0.019 secs] [Times: user=0.12 sys=0.00, real=0.02 secs] 
 (concurrent mode failure): 6321K->6319K(6848K), 0.0198450 secs] 9071K->9071K(9920K), [Metaspace: 3748K->3748K(1056768K)], 0.0349735 secs] [Times: user=0.13 sys=0.00, real=0.03 secs] 
22.457: [GC (Allocation Failure) 22.457: [ParNew (promotion failed): 2751K->2997K(3072K), 0.0203855 secs]22.477: [CMS: 6321K->6319K(6848K), 0.0167395 secs] 9071K->9071K(9920K), [Metaspace: 3748K->3748K(1056768K)], 0.0371954 secs] [Times: user=0.15 sys=0.00, real=0.04 secs] 
22.495: [GC (CMS Initial Mark) [1 CMS-initial-mark: 6319K(6848K)] 9071K(9920K), 0.0030910 secs] [Times: user=0.00 sys=0.00, real=0.01 secs] 
22.498: [CMS-concurrent-mark-start]
22.498: [GC (Allocation Failure) 22.498: [ParNew (promotion failed): 2751K->2997K(3072K), 0.0172507 secs]22.515: [CMS22.518: [CMS-concurrent-mark: 0.004/0.021 secs] [Times: user=0.12 sys=0.00, real=0.02 secs] 
 (concurrent mode failure): 6321K->6319K(6848K), 0.0205325 secs] 9071K->9071K(9920K), [Metaspace: 3748K->3748K(1056768K)], 0.0378543 secs] [Times: user=0.13 sys=0.01, real=0.03 secs] 
22.536: [GC (Allocation Failure) 22.536: [ParNew (promotion failed): 2751K->3022K(3072K), 0.0173652 secs]22.553: [CMS: 6321K->6319K(6848K), 0.0170222 secs] 9071K->9071K(9920K), [Metaspace: 3748K->3748K(1056768K)], 0.0344592 secs] [Times: user=0.14 sys=0.00, real=0.04 secs] 
22.571: [GC (CMS Initial Mark) [1 CMS-initial-mark: 6319K(6848K)] 9071K(9920K), 0.0031087 secs] [Times: user=0.01 sys=0.00, real=0.00 secs] 
22.574: [CMS-concurrent-mark-start]
22.574: [GC (Allocation Failure) 22.574: [ParNew (promotion failed): 2751K->3022K(3072K), 0.0151461 secs]22.589: [CMS22.593: [CMS-concurrent-mark: 0.004/0.019 secs] [Times: user=0.10 sys=0.00, real=0.02 secs] 
 (concurrent mode failure): 6321K->6319K(6848K), 0.0205173 secs] 9071K->9071K(9920K), [Metaspace: 3748K->3748K(1056768K)], 0.0357323 secs] [Times: user=0.11 sys=0.00, real=0.04 secs] 
22.610: [GC (Allocation Failure) 22.610: [ParNew (promotion failed): 2751K->3022K(3072K), 0.0207461 secs]22.631: [CMS: 6321K->6319K(6848K), 0.0173692 secs] 9071K->9071K(9920K), [Metaspace: 3748K->3748K(1056768K)], 0.0381856 secs] [Times: user=0.15 sys=0.00, real=0.04 secs] 
22.649: [GC (CMS Initial Mark) [1 CMS-initial-mark: 6319K(6848K)] 9071K(9920K), 0.0032752 secs] [Times: user=0.01 sys=0.00, real=0.00 secs] 
22.652: [CMS-concurrent-mark-start]
22.652: [GC (Allocation Failure) 22.652: [ParNew (promotion failed): 2751K->3022K(3072K), 0.0170483 secs]22.670: [CMS22.673: [CMS-concurrent-mark: 0.004/0.021 secs] [Times: user=0.11 sys=0.00, real=0.02 secs] 
 (concurrent mode failure): 6321K->6319K(6848K), 0.0241651 secs] 9071K->9071K(9920K), [Metaspace: 3748K->3748K(1056768K)], 0.0412932 secs] [Times: user=0.13 sys=0.00, real=0.04 secs] 
22.695: [GC (Allocation Failure) 22.695: [ParNew (promotion failed): 2751K->2997K(3072K), 0.0175292 secs]22.712: [CMS: 6321K->6319K(6848K), 0.0225519 secs] 9071K->9071K(9920K), [Metaspace: 3748K->3748K(1056768K)], 0.0401977 secs] [Times: user=0.14 sys=0.00, real=0.04 secs] 
22.735: [GC (CMS Initial Mark) [1 CMS-initial-mark: 6319K(6848K)] 9071K(9920K), 0.0035300 secs] [Times: user=0.00 sys=0.01, real=0.01 secs] 
22.739: [CMS-concurrent-mark-start]
22.739: [GC (Allocation Failure) 22.739: [ParNew (promotion failed): 2751K->2972K(3072K), 0.0191766 secs]22.759: [CMS22.762: [CMS-concurrent-mark: 0.004/0.023 secs] [Times: user=0.12 sys=0.00, real=0.02 secs] 
 (concurrent mode failure): 6321K->6319K(6848K), 0.0218488 secs] 9071K->9071K(9920K), [Metaspace: 3748K->3748K(1056768K)], 0.0411259 secs] [Times: user=0.14 sys=0.00, real=0.04 secs] 
22.781: [GC (Allocation Failure) 22.781: [ParNew (promotion failed): 2751K->2972K(3072K), 0.0205012 secs]22.802: [CMS: 6321K->6319K(6848K), 0.0182622 secs] 9071K->9071K(9920K), [Metaspace: 3748K->3748K(1056768K)], 0.0388648 secs] [Times: user=0.16 sys=0.00, real=0.04 secs] 
22.820: [GC (CMS Initial Mark) [1 CMS-initial-mark: 6319K(6848K)] 9071K(9920K), 0.0031092 secs] [Times: user=0.00 sys=0.00, real=0.00 secs] 
22.823: [CMS-concurrent-mark-start]
22.823: [GC (Allocation Failure) 22.823: [ParNew (promotion failed): 2751K->2972K(3072K), 0.0205523 secs]22.844: [CMS22.848: [CMS-concurrent-mark: 0.004/0.024 secs] [Times: user=0.15 sys=0.00, real=0.03 secs] 
 (concurrent mode failure): 6321K->6319K(6848K), 0.0211549 secs] 9071K->9071K(9920K), [Metaspace: 3748K->3748K(1056768K)], 0.0417938 secs] [Times: user=0.16 sys=0.00, real=0.04 secs] 
22.866: [GC (Allocation Failure) 22.866: [ParNew (promotion failed): 2751K->2997K(3072K), 0.0134230 secs]22.879: [CMS: 6321K->6319K(6848K), 0.0172258 secs] 9071K->9071K(9920K), [Metaspace: 3748K->3748K(1056768K)], 0.0307378 secs] [Times: user=0.10 sys=0.00, real=0.03 secs] 
22.897: [GC (CMS Initial Mark) [1 CMS-initial-mark: 6319K(6848K)] 9071K(9920K), 0.0033761 secs] [Times: user=0.00 sys=0.00, real=0.01 secs] 
22.900: [CMS-concurrent-mark-start]
22.900: [GC (Allocation Failure) 22.900: [ParNew (promotion failed): 2751K->2997K(3072K), 0.0163538 secs]22.917: [CMS22.920: [CMS-concurrent-mark: 0.003/0.020 secs] [Times: user=0.11 sys=0.00, real=0.02 secs] 
 (concurrent mode failure): 6321K->6319K(6848K), 0.0207974 secs] 9071K->9071K(9920K), [Metaspace: 3748K->3748K(1056768K)], 0.0372435 secs] [Times: user=0.13 sys=0.00, real=0.04 secs] 
22.939: [GC (Allocation Failure) 22.939: [ParNew (promotion failed): 2751K->3022K(3072K), 0.0149520 secs]22.953: [CMS: 6322K->6319K(6848K), 0.0169282 secs] 9071K->9071K(9920K), [Metaspace: 3748K->3748K(1056768K)], 0.0319552 secs] [Times: user=0.12 sys=0.01, real=0.03 secs] 
22.971: [GC (CMS Initial Mark) [1 CMS-initial-mark: 6319K(6848K)] 9071K(9920K), 0.0030656 secs] [Times: user=0.01 sys=0.00, real=0.00 secs] 
22.974: [CMS-concurrent-mark-start]
22.975: [GC (Allocation Failure) 22.975: [ParNew (promotion failed): 2751K->3046K(3072K), 0.0182021 secs]22.993: [CMS22.996: [CMS-concurrent-mark: 0.004/0.022 secs] [Times: user=0.13 sys=0.00, real=0.02 secs] 
 (concurrent mode failure): 6322K->6319K(6848K), 0.0201717 secs] 9071K->9071K(9920K), [Metaspace: 3748K->3748K(1056768K)], 0.0384463 secs] [Times: user=0.14 sys=0.00, real=0.04 secs] 
23.014: [GC (Allocation Failure) 23.014: [ParNew (promotion failed): 2751K->3022K(3072K), 0.0144962 secs]23.028: [CMS: 6321K->6319K(6848K), 0.0168963 secs] 9071K->9071K(9920K), [Metaspace: 3748K->3748K(1056768K)], 0.0314694 secs] [Times: user=0.12 sys=0.00, real=0.03 secs] 
23.045: [GC (CMS Initial Mark) [1 CMS-initial-mark: 6319K(6848K)] 9071K(9920K), 0.0030864 secs] [Times: user=0.01 sys=0.00, real=0.01 secs] 
23.048: [CMS-concurrent-mark-start]
23.049: [GC (Allocation Failure) 23.049: [ParNew (promotion failed): 2751K->2997K(3072K), 0.0139751 secs]23.063: [CMS23.066: [CMS-concurrent-mark: 0.003/0.018 secs] [Times: user=0.10 sys=0.00, real=0.01 secs] 
 (concurrent mode failure): 6321K->6319K(6848K), 0.0202837 secs] 9071K->9071K(9920K), [Metaspace: 3748K->3748K(1056768K)], 0.0343333 secs] [Times: user=0.11 sys=0.00, real=0.03 secs] 
23.083: [GC (Allocation Failure) 23.083: [ParNew (promotion failed): 2751K->3022K(3072K), 0.0132048 secs]23.096: [CMS: 6321K->6319K(6848K), 0.0166125 secs] 9071K->9071K(9920K), [Metaspace: 3748K->3748K(1056768K)], 0.0298896 secs] [Times: user=0.11 sys=0.00, real=0.03 secs] 
23.113: [GC (CMS Initial Mark) [1 CMS-initial-mark: 6319K(6848K)] 9071K(9920K), 0.0031246 secs] [Times: user=0.00 sys=0.00, real=0.00 secs] 
23.117: [CMS-concurrent-mark-start]
23.117: [GC (Allocation Failure) 23.117: [ParNew (promotion failed): 2751K->3022K(3072K), 0.0151314 secs]23.132: [CMS23.135: [CMS-concurrent-mark: 0.004/0.019 secs] [Times: user=0.12 sys=0.00, real=0.02 secs] 
 (concurrent mode failure): 6321K->6319K(6848K), 0.0204721 secs] 9071K->9071K(9920K), [Metaspace: 3748K->3748K(1056768K)], 0.0356661 secs] [Times: user=0.13 sys=0.00, real=0.04 secs] 
23.153: [GC (Allocation Failure) 23.153: [ParNew (promotion failed): 2751K->2997K(3072K), 0.0128933 secs]23.166: [CMS: 6322K->6319K(6848K), 0.0176389 secs] 9071K->9071K(9920K), [Metaspace: 3748K->3748K(1056768K)], 0.0306107 secs] [Times: user=0.09 sys=0.00, real=0.03 secs] 
23.184: [GC (CMS Initial Mark) [1 CMS-initial-mark: 6319K(6848K)] 9071K(9920K), 0.0031278 secs] [Times: user=0.01 sys=0.00, real=0.00 secs] 
23.187: [CMS-concurrent-mark-start]
23.187: [GC (Allocation Failure) 23.187: [ParNew (promotion failed): 2751K->2997K(3072K), 0.0163903 secs]23.204: [CMS23.207: [CMS-concurrent-mark: 0.004/0.020 secs] [Times: user=0.11 sys=0.00, real=0.02 secs] 
 (concurrent mode failure): 6322K->6319K(6848K), 0.0206658 secs] 9071K->9071K(9920K), [Metaspace: 3748K->3748K(1056768K)], 0.0371317 secs] [Times: user=0.12 sys=0.01, real=0.04 secs] 
23.225: [GC (Allocation Failure) 23.225: [ParNew (promotion failed): 2751K->2997K(3072K), 0.0195564 secs]23.245: [CMS: 6322K->6319K(6848K), 0.0184195 secs] 9071K->9071K(9920K), [Metaspace: 3748K->3748K(1056768K)], 0.0380658 secs] [Times: user=0.15 sys=0.00, real=0.04 secs] 
23.264: [GC (CMS Initial Mark) [1 CMS-initial-mark: 6319K(6848K)] 9071K(9920K), 0.0031095 secs] [Times: user=0.00 sys=0.00, real=0.00 secs] 
23.267: [CMS-concurrent-mark-start]
23.267: [GC (Allocation Failure) 23.267: [ParNew (promotion failed): 2751K->3022K(3072K), 0.0153597 secs]23.283: [CMS23.286: [CMS-concurrent-mark: 0.004/0.019 secs] [Times: user=0.11 sys=0.00, real=0.02 secs] 
 (concurrent mode failure): 6321K->6319K(6848K), 0.0209641 secs] 9071K->9071K(9920K), [Metaspace: 3748K->3748K(1056768K)], 0.0364003 secs] [Times: user=0.12 sys=0.00, real=0.04 secs] 
23.304: [GC (Allocation Failure) 23.304: [ParNew (promotion failed): 2751K->3046K(3072K), 0.0171939 secs]23.321: [CMS: 6321K->6319K(6848K), 0.0169366 secs] 9071K->9071K(9920K), [Metaspace: 3748K->3748K(1056768K)], 0.0342072 secs] [Times: user=0.13 sys=0.00, real=0.04 secs] 
23.339: [GC (CMS Initial Mark) [1 CMS-initial-mark: 6319K(6848K)] 9071K(9920K), 0.0030568 secs] [Times: user=0.00 sys=0.00, real=0.00 secs] 
23.342: [CMS-concurrent-mark-start]
23.342: [GC (Allocation Failure) 23.342: [ParNew (promotion failed): 2751K->3022K(3072K), 0.0162921 secs]23.358: [CMS23.362: [CMS-concurrent-mark: 0.003/0.020 secs] [Times: user=0.11 sys=0.00, real=0.02 secs] 
 (concurrent mode failure): 6321K->6319K(6848K), 0.0202459 secs] 9071K->9071K(9920K), [Metaspace: 3748K->3748K(1056768K)], 0.0366249 secs] [Times: user=0.13 sys=0.00, real=0.04 secs] 
23.379: [GC (Allocation Failure) 23.379: [ParNew (promotion failed): 2751K->3022K(3072K), 0.0136276 secs]23.392: [CMS: 6322K->6319K(6848K), 0.0170392 secs] 9071K->9071K(9920K), [Metaspace: 3748K->3748K(1056768K)], 0.0307400 secs] [Times: user=0.10 sys=0.00, real=0.03 secs] 
23.410: [GC (CMS Initial Mark) [1 CMS-initial-mark: 6319K(6848K)] 9071K(9920K), 0.0031152 secs] [Times: user=0.00 sys=0.00, real=0.00 secs] 
23.413: [CMS-concurrent-mark-start]
23.413: [GC (Allocation Failure) 23.413: [ParNew (promotion failed): 2751K->2997K(3072K), 0.0104010 secs]23.424: [CMS23.427: [CMS-concurrent-mark: 0.004/0.014 secs] [Times: user=0.06 sys=0.00, real=0.01 secs] 
 (concurrent mode failure): 6322K->6319K(6848K), 0.0214350 secs] 9071K->9071K(9920K), [Metaspace: 3748K->3748K(1056768K)], 0.0319032 secs] [Times: user=0.08 sys=0.00, real=0.03 secs] 
23.446: [GC (Allocation Failure) 23.446: [ParNew (promotion failed): 2751K->2972K(3072K), 0.0187145 secs]23.465: [CMS: 6322K->6319K(6848K), 0.0174446 secs] 9071K->9071K(9920K), [Metaspace: 3748K->3748K(1056768K)], 0.0362275 secs] [Times: user=0.13 sys=0.01, real=0.04 secs] 
23.483: [GC (CMS Initial Mark) [1 CMS-initial-mark: 6320K(6848K)] 9071K(9920K), 0.0033575 secs] [Times: user=0.00 sys=0.00, real=0.00 secs] 
23.486: [CMS-concurrent-mark-start]
23.487: [GC (Allocation Failure) 23.487: [ParNew (promotion failed): 2751K->3022K(3072K), 0.0162219 secs]23.503: [CMS23.506: [CMS-concurrent-mark: 0.004/0.020 secs] [Times: user=0.12 sys=0.00, real=0.02 secs] 
 (concurrent mode failure): 6322K->6319K(6848K), 0.0216021 secs] 9071K->9071K(9920K), [Metaspace: 3748K->3748K(1056768K)], 0.0379327 secs] [Times: user=0.12 sys=0.00, real=0.04 secs] 
23.525: [GC (Allocation Failure) 23.525: [ParNew (promotion failed): 2751K->3022K(3072K), 0.0142777 secs]23.540: [CMS: 6321K->6319K(6848K), 0.0183718 secs] 9071K->9071K(9920K), [Metaspace: 3748K->3748K(1056768K)], 0.0327510 secs] [Times: user=0.09 sys=0.00, real=0.04 secs] 
23.558: [GC (CMS Initial Mark) [1 CMS-initial-mark: 6319K(6848K)] 9071K(9920K), 0.0030374 secs] [Times: user=0.00 sys=0.00, real=0.00 secs] 
23.561: [CMS-concurrent-mark-start]
23.561: [GC (Allocation Failure) 23.561: [ParNew (promotion failed): 2751K->2997K(3072K), 0.0204123 secs]23.582: [CMS23.585: [CMS-concurrent-mark: 0.004/0.024 secs] [Times: user=0.14 sys=0.00, real=0.02 secs] 
 (concurrent mode failure): 6321K->6319K(6848K), 0.0214988 secs] 9071K->9071K(9920K), [Metaspace: 3748K->3748K(1056768K)], 0.0419956 secs] [Times: user=0.16 sys=0.00, real=0.04 secs] 
23.604: [GC (Allocation Failure) 23.604: [ParNew (promotion failed): 2751K->2997K(3072K), 0.0209911 secs]23.625: [CMS: 6321K->6319K(6848K), 0.0178913 secs] 9071K->9071K(9920K), [Metaspace: 3748K->3748K(1056768K)], 0.0389731 secs] [Times: user=0.15 sys=0.00, real=0.04 secs] 
23.643: [GC (CMS Initial Mark) [1 CMS-initial-mark: 6319K(6848K)] 9071K(9920K), 0.0030989 secs] [Times: user=0.01 sys=0.00, real=0.00 secs] 
23.646: [CMS-concurrent-mark-start]
23.646: [GC (Allocation Failure) 23.646: [ParNew (promotion failed): 2751K->3022K(3072K), 0.0151371 secs]23.662: [CMS23.665: [CMS-concurrent-mark: 0.004/0.019 secs] [Times: user=0.10 sys=0.01, real=0.02 secs] 
 (concurrent mode failure): 6322K->6319K(6848K), 0.0209695 secs] 9071K->9071K(9920K), [Metaspace: 3748K->3748K(1056768K)], 0.0361982 secs] [Times: user=0.12 sys=0.01, real=0.04 secs] 
23.683: [GC (Allocation Failure) 23.683: [ParNew (promotion failed): 2751K->2997K(3072K), 0.0191743 secs]23.702: [CMS: 6322K->6319K(6848K), 0.0169782 secs] 9071K->9071K(9920K), [Metaspace: 3748K->3748K(1056768K)], 0.0362415 secs] [Times: user=0.14 sys=0.00, real=0.04 secs] 
23.720: [GC (CMS Initial Mark) [1 CMS-initial-mark: 6320K(6848K)] 9072K(9920K), 0.0031298 secs] [Times: user=0.00 sys=0.00, real=0.00 secs] 
23.723: [CMS-concurrent-mark-start]
23.723: [GC (Allocation Failure) 23.723: [ParNew (promotion failed): 2751K->3022K(3072K), 0.0149085 secs]23.738: [CMS23.742: [CMS-concurrent-mark: 0.004/0.019 secs] [Times: user=0.10 sys=0.00, real=0.02 secs] 
 (concurrent mode failure): 6322K->6319K(6848K), 0.0213822 secs] 9072K->9071K(9920K), [Metaspace: 3748K->3748K(1056768K)], 0.0363758 secs] [Times: user=0.12 sys=0.00, real=0.04 secs] 
23.761: [GC (Allocation Failure) 23.761: [ParNew (promotion failed): 2751K->2997K(3072K), 0.0171280 secs]23.778: [CMS: 6322K->6319K(6848K), 0.0180780 secs] 9072K->9071K(9920K), [Metaspace: 3748K->3748K(1056768K)], 0.0353031 secs] [Times: user=0.14 sys=0.00, real=0.03 secs] 
23.796: [GC (CMS Initial Mark) [1 CMS-initial-mark: 6319K(6848K)] 9071K(9920K), 0.0031425 secs] [Times: user=0.00 sys=0.00, real=0.01 secs] 
23.799: [CMS-concurrent-mark-start]
23.800: [GC (Allocation Failure) 23.800: [ParNew (promotion failed): 2751K->3022K(3072K), 0.0167862 secs]23.817: [CMS23.820: [CMS-concurrent-mark: 0.004/0.021 secs] [Times: user=0.12 sys=0.00, real=0.02 secs] 
 (concurrent mode failure): 6322K->6319K(6848K), 0.0205103 secs] 9071K->9071K(9920K), [Metaspace: 3748K->3748K(1056768K)], 0.0373968 secs] [Times: user=0.13 sys=0.00, real=0.03 secs] 
23.838: [GC (Allocation Failure) 23.838: [ParNew (promotion failed): 2751K->2997K(3072K), 0.0165209 secs]23.854: [CMS: 6321K->6319K(6848K), 0.0167812 secs] 9071K->9071K(9920K), [Metaspace: 3748K->3748K(1056768K)], 0.0333671 secs] [Times: user=0.13 sys=0.00, real=0.04 secs] 
23.871: [GC (CMS Initial Mark) [1 CMS-initial-mark: 6319K(6848K)] 9071K(9920K), 0.0030679 secs] [Times: user=0.00 sys=0.00, real=0.00 secs] 
23.874: [CMS-concurrent-mark-start]
23.874: [GC (Allocation Failure) 23.874: [ParNew (promotion failed): 2751K->2997K(3072K), 0.0207846 secs]23.895: [CMS23.899: [CMS-concurrent-mark: 0.004/0.024 secs] [Times: user=0.13 sys=0.01, real=0.03 secs] 
 (concurrent mode failure): 6322K->6319K(6848K), 0.0220255 secs] 9071K->9071K(9920K), [Metaspace: 3748K->3748K(1056768K)], 0.0429013 secs] [Times: user=0.15 sys=0.01, real=0.04 secs] 
23.918: [GC (Allocation Failure) 23.918: [ParNew (promotion failed): 2751K->2997K(3072K), 0.0148590 secs]23.933: [CMS: 6322K->6320K(6848K), 0.0176680 secs] 9071K->9071K(9920K), [Metaspace: 3748K->3748K(1056768K)], 0.0326166 secs] [Times: user=0.12 sys=0.00, real=0.03 secs] 
23.951: [GC (CMS Initial Mark) [1 CMS-initial-mark: 6320K(6848K)] 9072K(9920K), 0.0031974 secs] [Times: user=0.00 sys=0.00, real=0.00 secs] 
23.954: [CMS-concurrent-mark-start]
23.954: [GC (Allocation Failure) 23.954: [ParNew (promotion failed): 2751K->3046K(3072K), 0.0174718 secs]23.972: [CMS23.975: [CMS-concurrent-mark: 0.004/0.021 secs] [Times: user=0.12 sys=0.00, real=0.02 secs] 
 (concurrent mode failure): 6322K->6320K(6848K), 0.0209068 secs] 9072K->9071K(9920K), [Metaspace: 3748K->3748K(1056768K)], 0.0384663 secs] [Times: user=0.14 sys=0.00, real=0.04 secs] 
23.993: [GC (Allocation Failure) 23.994: [ParNew (promotion failed): 2751K->2972K(3072K), 0.0181901 secs]24.012: [CMS: 6322K->6320K(6848K), 0.0181867 secs] 9072K->9071K(9920K), [Metaspace: 3748K->3748K(1056768K)], 0.0364787 secs] [Times: user=0.13 sys=0.00, real=0.04 secs] 
24.031: [GC (CMS Initial Mark) [1 CMS-initial-mark: 6320K(6848K)] 9072K(9920K), 0.0033651 secs] [Times: user=0.01 sys=0.00, real=0.00 secs] 
24.034: [CMS-concurrent-mark-start]
24.034: [GC (Allocation Failure) 24.034: [ParNew (promotion failed): 2751K->2997K(3072K), 0.0196064 secs]24.054: [CMS24.057: [CMS-concurrent-mark: 0.003/0.023 secs] [Times: user=0.14 sys=0.00, real=0.02 secs] 
 (concurrent mode failure): 6322K->6319K(6848K), 0.0210203 secs] 9072K->9071K(9920K), [Metaspace: 3748K->3748K(1056768K)], 0.0407242 secs] [Times: user=0.16 sys=0.00, real=0.04 secs] 
24.076: [GC (Allocation Failure) 24.076: [ParNew (promotion failed): 2751K->3022K(3072K), 0.0166620 secs]24.092: [CMS: 6322K->6319K(6848K), 0.0171981 secs] 9071K->9071K(9920K), [Metaspace: 3748K->3748K(1056768K)], 0.0339527 secs] [Times: user=0.13 sys=0.00, real=0.04 secs] 
24.110: [GC (CMS Initial Mark) [1 CMS-initial-mark: 6319K(6848K)] 9071K(9920K), 0.0032133 secs] [Times: user=0.00 sys=0.00, real=0.00 secs] 
24.113: [CMS-concurrent-mark-start]
24.113: [GC (Allocation Failure) 24.113: [ParNew (promotion failed): 2751K->3022K(3072K), 0.0178280 secs]24.131: [CMS24.135: [CMS-concurrent-mark: 0.003/0.021 secs] [Times: user=0.13 sys=0.01, real=0.02 secs] 
 (concurrent mode failure): 6322K->6319K(6848K), 0.0201472 secs] 9071K->9071K(9920K), [Metaspace: 3748K->3748K(1056768K)], 0.0380452 secs] [Times: user=0.15 sys=0.01, real=0.04 secs] 
24.152: [GC (Allocation Failure) 24.152: [ParNew (promotion failed): 2751K->3046K(3072K), 0.0210608 secs]24.173: [CMS: 6322K->6319K(6848K), 0.0166491 secs] 9071K->9071K(9920K), [Metaspace: 3748K->3748K(1056768K)], 0.0377790 secs] [Times: user=0.16 sys=0.00, real=0.04 secs] 
24.190: [GC (CMS Initial Mark) [1 CMS-initial-mark: 6320K(6848K)] 9072K(9920K), 0.0030639 secs] [Times: user=0.01 sys=0.00, real=0.00 secs] 
24.193: [CMS-concurrent-mark-start]
24.193: [GC (Allocation Failure) 24.193: [ParNew (promotion failed): 2751K->2997K(3072K), 0.0166629 secs]24.210: [CMS24.213: [CMS-concurrent-mark: 0.004/0.020 secs] [Times: user=0.11 sys=0.00, real=0.02 secs] 
 (concurrent mode failure): 6322K->6320K(6848K), 0.0201397 secs] 9072K->9072K(9920K), [Metaspace: 3748K->3748K(1056768K)], 0.0368695 secs] [Times: user=0.13 sys=0.00, real=0.04 secs] 
24.230: [GC (Allocation Failure) 24.230: [ParNew (promotion failed): 2751K->2997K(3072K), 0.0181400 secs]24.249: [CMS: 6322K->6320K(6848K), 0.0169129 secs] 9072K->9072K(9920K), [Metaspace: 3748K->3748K(1056768K)], 0.0351332 secs] [Times: user=0.12 sys=0.00, real=0.03 secs] 
24.266: [GC (CMS Initial Mark) [1 CMS-initial-mark: 6320K(6848K)] 9072K(9920K), 0.0029936 secs] [Times: user=0.01 sys=0.00, real=0.01 secs] 
24.269: [CMS-concurrent-mark-start]
24.269: [GC (Allocation Failure) 24.269: [ParNew (promotion failed): 2751K->2997K(3072K), 0.0138280 secs]24.283: [CMS24.287: [CMS-concurrent-mark: 0.003/0.017 secs] [Times: user=0.10 sys=0.00, real=0.01 secs] 
 (concurrent mode failure): 6322K->6320K(6848K), 0.0204006 secs] 9072K->9072K(9920K), [Metaspace: 3748K->3748K(1056768K)], 0.0342945 secs] [Times: user=0.12 sys=0.00, real=0.03 secs] 
24.305: [GC (Allocation Failure) 24.305: [ParNew (promotion failed): 2751K->3022K(3072K), 0.0171341 secs]24.322: [CMS: 6322K->6319K(6848K), 0.0168515 secs] 9072K->9071K(9920K), [Metaspace: 3748K->3748K(1056768K)], 0.0340538 secs] [Times: user=0.14 sys=0.00, real=0.04 secs] 
24.339: [GC (CMS Initial Mark) [1 CMS-initial-mark: 6320K(6848K)] 9071K(9920K), 0.0031395 secs] [Times: user=0.00 sys=0.00, real=0.00 secs] 
24.342: [CMS-concurrent-mark-start]
24.343: [GC (Allocation Failure) 24.343: [ParNew (promotion failed): 2751K->3022K(3072K), 0.0140209 secs]24.357: [CMS24.360: [CMS-concurrent-mark: 0.004/0.018 secs] [Times: user=0.11 sys=0.00, real=0.02 secs] 
 (concurrent mode failure): 6322K->6319K(6848K), 0.0199783 secs] 9071K->9071K(9920K), [Metaspace: 3748K->3748K(1056768K)], 0.0340804 secs] [Times: user=0.12 sys=0.00, real=0.03 secs] 
24.377: [GC (Allocation Failure) 24.377: [ParNew (promotion failed): 2751K->2997K(3072K), 0.0140798 secs]24.391: [CMS: 6322K->6319K(6848K), 0.0169172 secs] 9071K->9071K(9920K), [Metaspace: 3748K->3748K(1056768K)], 0.0310628 secs] [Times: user=0.12 sys=0.00, real=0.04 secs] 
24.408: [GC (CMS Initial Mark) [1 CMS-initial-mark: 6320K(6848K)] 9071K(9920K), 0.0031292 secs] [Times: user=0.00 sys=0.00, real=0.00 secs] 
24.411: [CMS-concurrent-mark-start]
24.412: [GC (Allocation Failure) 24.412: [ParNew (promotion failed): 2751K->2997K(3072K), 0.0167051 secs]24.428: [CMS24.432: [CMS-concurrent-mark: 0.004/0.020 secs] [Times: user=0.07 sys=0.01, real=0.02 secs] 
 (concurrent mode failure): 6322K->6320K(6848K), 0.0212803 secs] 9071K->9071K(9920K), [Metaspace: 3748K->3748K(1056768K)], 0.0380682 secs] [Times: user=0.09 sys=0.01, real=0.04 secs] 
24.450: [GC (Allocation Failure) 24.450: [ParNew (promotion failed): 2751K->3022K(3072K), 0.0177236 secs]24.468: [CMS: 6322K->6320K(6848K), 0.0169897 secs] 9072K->9072K(9920K), [Metaspace: 3748K->3748K(1056768K)], 0.0347971 secs] [Times: user=0.14 sys=0.00, real=0.03 secs] 
24.485: [GC (CMS Initial Mark) [1 CMS-initial-mark: 6320K(6848K)] 9072K(9920K), 0.0031005 secs] [Times: user=0.01 sys=0.00, real=0.01 secs] 
24.488: [CMS-concurrent-mark-start]
24.488: [GC (Allocation Failure) 24.488: [ParNew (promotion failed): 2751K->3022K(3072K), 0.0139983 secs]24.502: [CMS24.506: [CMS-concurrent-mark: 0.004/0.018 secs] [Times: user=0.09 sys=0.00, real=0.01 secs] 
 (concurrent mode failure): 6322K->6320K(6848K), 0.0205340 secs] 9072K->9072K(9920K), [Metaspace: 3748K->3748K(1056768K)], 0.0346194 secs] [Times: user=0.11 sys=0.00, real=0.03 secs] 
24.524: [GC (Allocation Failure) 24.524: [ParNew (promotion failed): 2751K->3022K(3072K), 0.0121818 secs]24.536: [CMS: 6322K->6320K(6848K), 0.0168671 secs] 9072K->9072K(9920K), [Metaspace: 3748K->3748K(1056768K)], 0.0291246 secs] [Times: user=0.09 sys=0.00, real=0.03 secs] 
24.553: [GC (CMS Initial Mark) [1 CMS-initial-mark: 6320K(6848K)] 9072K(9920K), 0.0031530 secs] [Times: user=0.01 sys=0.00, real=0.00 secs] 
24.557: [CMS-concurrent-mark-start]
24.557: [GC (Allocation Failure) 24.557: [ParNew (promotion failed): 2751K->3071K(3072K), 0.0141632 secs]24.572: [CMS24.575: [CMS-concurrent-mark: 0.004/0.018 secs] [Times: user=0.06 sys=0.00, real=0.02 secs] 
 (concurrent mode failure): 6322K->6319K(6848K), 0.0227868 secs] 9072K->9071K(9920K), [Metaspace: 3748K->3748K(1056768K)], 0.0370245 secs] [Times: user=0.08 sys=0.00, real=0.04 secs] 
24.595: [GC (Allocation Failure) 24.595: [ParNew (promotion failed): 2751K->2997K(3072K), 0.0190746 secs]24.614: [CMS: 6322K->6319K(6848K), 0.0195458 secs] 9072K->9071K(9920K), [Metaspace: 3748K->3748K(1056768K)], 0.0387567 secs] [Times: user=0.11 sys=0.01, real=0.04 secs] 
24.634: [GC (CMS Initial Mark) [1 CMS-initial-mark: 6320K(6848K)] 9071K(9920K), 0.0036266 secs] [Times: user=0.00 sys=0.00, real=0.01 secs] 
24.638: [CMS-concurrent-mark-start]
24.638: [GC (Allocation Failure) 24.638: [ParNew (promotion failed): 2751K->2997K(3072K), 0.0174967 secs]24.656: [CMS24.659: [CMS-concurrent-mark: 0.004/0.021 secs] [Times: user=0.08 sys=0.00, real=0.02 secs] 
 (concurrent mode failure): 6322K->6320K(6848K), 0.0314447 secs] 9071K->9071K(9920K), [Metaspace: 3748K->3748K(1056768K)], 0.0490538 secs] [Times: user=0.10 sys=0.00, real=0.04 secs] 
24.687: [GC (Allocation Failure) 24.687: [ParNew (promotion failed): 2751K->3046K(3072K), 0.0212762 secs]24.709: [CMS: 6322K->6320K(6848K), 0.0188287 secs] 9072K->9072K(9920K), [Metaspace: 3748K->3748K(1056768K)], 0.0402754 secs] [Times: user=0.16 sys=0.00, real=0.05 secs] 
24.728: [GC (CMS Initial Mark) [1 CMS-initial-mark: 6320K(6848K)] 9072K(9920K), 0.0032044 secs] [Times: user=0.00 sys=0.00, real=0.00 secs] 
24.731: [CMS-concurrent-mark-start]
24.732: [GC (Allocation Failure) 24.732: [ParNew (promotion failed): 2751K->2997K(3072K), 0.0164671 secs]24.748: [CMS24.752: [CMS-concurrent-mark: 0.004/0.020 secs] [Times: user=0.11 sys=0.00, real=0.02 secs] 
 (concurrent mode failure): 6322K->6320K(6848K), 0.0220296 secs] 9072K->9072K(9920K), [Metaspace: 3748K->3748K(1056768K)], 0.0386058 secs] [Times: user=0.13 sys=0.00, real=0.04 secs] 
24.771: [GC (Allocation Failure) 24.771: [ParNew (promotion failed): 2751K->3046K(3072K), 0.0208813 secs]24.792: [CMS: 6322K->6320K(6848K), 0.0177410 secs] 9072K->9072K(9920K), [Metaspace: 3748K->3748K(1056768K)], 0.0387634 secs] [Times: user=0.15 sys=0.00, real=0.04 secs] 
24.811: [GC (CMS Initial Mark) [1 CMS-initial-mark: 6320K(6848K)] 9072K(9920K), 0.0036063 secs] [Times: user=0.00 sys=0.00, real=0.00 secs] 
24.815: [CMS-concurrent-mark-start]
24.815: [GC (Allocation Failure) 24.815: [ParNew (promotion failed): 2751K->3022K(3072K), 0.0137431 secs]24.829: [CMS24.832: [CMS-concurrent-mark: 0.004/0.018 secs] [Times: user=0.07 sys=0.00, real=0.02 secs] 
 (concurrent mode failure): 6322K->6320K(6848K), 0.0232314 secs] 9072K->9072K(9920K), [Metaspace: 3748K->3748K(1056768K)], 0.0370520 secs] [Times: user=0.09 sys=0.00, real=0.04 secs] 
24.853: [GC (Allocation Failure) 24.853: [ParNew (promotion failed): 2751K->3022K(3072K), 0.0140366 secs]24.867: [CMS: 6322K->6320K(6848K), 0.0211526 secs] 9072K->9071K(9920K), [Metaspace: 3748K->3748K(1056768K)], 0.0352971 secs] [Times: user=0.08 sys=0.00, real=0.04 secs] 
24.890: [GC (CMS Initial Mark) [1 CMS-initial-mark: 6320K(6848K)] 9072K(9920K), 0.0035374 secs] [Times: user=0.00 sys=0.00, real=0.00 secs] 
24.894: [CMS-concurrent-mark-start]
24.894: [GC (Allocation Failure) 24.894: [ParNew (promotion failed): 2751K->2997K(3072K), 0.0131897 secs]24.907: [CMS24.911: [CMS-concurrent-mark: 0.004/0.017 secs] [Times: user=0.07 sys=0.00, real=0.02 secs] 
 (concurrent mode failure): 6322K->6320K(6848K), 0.0226205 secs] 9072K->9071K(9920K), [Metaspace: 3748K->3748K(1056768K)], 0.0359077 secs] [Times: user=0.09 sys=0.00, real=0.04 secs] 
24.930: [GC (Allocation Failure) 24.930: [ParNew (promotion failed): 2751K->2997K(3072K), 0.0168751 secs]24.947: [CMS: 6322K->6320K(6848K), 0.0183613 secs] 9072K->9072K(9920K), [Metaspace: 3748K->3748K(1056768K)], 0.0353557 secs] [Times: user=0.11 sys=0.00, real=0.03 secs] 
24.968: [GC (CMS Initial Mark) [1 CMS-initial-mark: 6320K(6848K)] 9072K(9920K), 0.0035946 secs] [Times: user=0.00 sys=0.00, real=0.00 secs] 
24.972: [CMS-concurrent-mark-start]
24.972: [GC (Allocation Failure) 24.972: [ParNew (promotion failed): 2751K->2997K(3072K), 0.0187702 secs]24.990: [CMS24.995: [CMS-concurrent-mark: 0.004/0.023 secs] [Times: user=0.07 sys=0.01, real=0.02 secs] 
 (concurrent mode failure): 6322K->6320K(6848K), 0.0242494 secs] 9072K->9072K(9920K), [Metaspace: 3748K->3748K(1056768K)], 0.0430937 secs] [Times: user=0.08 sys=0.01, real=0.04 secs] 
25.015: [GC (Allocation Failure) 25.015: [ParNew (promotion failed): 2751K->2972K(3072K), 0.0110108 secs]25.026: [CMS: 6322K->6320K(6848K), 0.0184667 secs] 9072K->9072K(9920K), [Metaspace: 3748K->3748K(1056768K)], 0.0295701 secs] [Times: user=0.06 sys=0.00, real=0.03 secs] 
25.045: [GC (CMS Initial Mark) [1 CMS-initial-mark: 6320K(6848K)] 9072K(9920K), 0.0032603 secs] [Times: user=0.01 sys=0.00, real=0.01 secs] 
25.049: [CMS-concurrent-mark-start]
25.049: [GC (Allocation Failure) 25.049: [ParNew (promotion failed): 2751K->2997K(3072K), 0.0147744 secs]25.064: [CMS25.067: [CMS-concurrent-mark: 0.004/0.018 secs] [Times: user=0.07 sys=0.00, real=0.01 secs] 
 (concurrent mode failure): 6322K->6320K(6848K), 0.0208011 secs] 9072K->9072K(9920K), [Metaspace: 3748K->3748K(1056768K)], 0.0356728 secs] [Times: user=0.08 sys=0.00, real=0.03 secs] 
25.085: [GC (Allocation Failure) 25.085: [ParNew (promotion failed): 2751K->3022K(3072K), 0.0155948 secs]25.101: [CMS: 6322K->6320K(6848K), 0.0192465 secs] 9072K->9072K(9920K), [Metaspace: 3748K->3748K(1056768K)], 0.0349140 secs] [Times: user=0.11 sys=0.00, real=0.04 secs] 
25.121: [GC (CMS Initial Mark) [1 CMS-initial-mark: 6320K(6848K)] 9072K(9920K), 0.0031483 secs] [Times: user=0.00 sys=0.00, real=0.00 secs] 
25.124: [CMS-concurrent-mark-start]
25.125: [GC (Allocation Failure) 25.125: [ParNew (promotion failed): 2751K->2997K(3072K), 0.0159617 secs]25.141: [CMS25.145: [CMS-concurrent-mark: 0.004/0.021 secs] [Times: user=0.07 sys=0.00, real=0.02 secs] 
 (concurrent mode failure): 6322K->6320K(6848K), 0.0225070 secs] 9072K->9072K(9920K), [Metaspace: 3748K->3748K(1056768K)], 0.0385471 secs] [Times: user=0.08 sys=0.00, real=0.04 secs] 
25.165: [GC (Allocation Failure) 25.165: [ParNew (promotion failed): 2751K->2997K(3072K), 0.0171021 secs]25.182: [CMS: 6322K->6320K(6848K), 0.0191630 secs] 9072K->9072K(9920K), [Metaspace: 3748K->3748K(1056768K)], 0.0363552 secs] [Times: user=0.10 sys=0.00, real=0.04 secs] 
25.201: [GC (CMS Initial Mark) [1 CMS-initial-mark: 6320K(6848K)] 9072K(9920K), 0.0034849 secs] [Times: user=0.00 sys=0.01, real=0.00 secs] 
25.205: [CMS-concurrent-mark-start]
25.205: [GC (Allocation Failure) 25.205: [ParNew (promotion failed): 2751K->3022K(3072K), 0.0178850 secs]25.223: [CMS25.229: [CMS-concurrent-mark: 0.006/0.024 secs] [Times: user=0.11 sys=0.00, real=0.03 secs] 
 (concurrent mode failure): 6322K->6320K(6848K), 0.0254347 secs] 9072K->9072K(9920K), [Metaspace: 3748K->3748K(1056768K)], 0.0434025 secs] [Times: user=0.13 sys=0.00, real=0.05 secs] 
25.248: [GC (Allocation Failure) 25.248: [ParNew (promotion failed): 2751K->3046K(3072K), 0.0182067 secs]25.267: [CMS: 6322K->6320K(6848K), 0.0172357 secs] 9072K->9072K(9920K), [Metaspace: 3748K->3748K(1056768K)], 0.0355244 secs] [Times: user=0.13 sys=0.00, real=0.03 secs] 
25.284: [GC (CMS Initial Mark) [1 CMS-initial-mark: 6320K(6848K)] 9072K(9920K), 0.0031115 secs] [Times: user=0.01 sys=0.00, real=0.00 secs] 
25.288: [CMS-concurrent-mark-start]
25.288: [GC (Allocation Failure) 25.288: [ParNew (promotion failed): 2751K->2997K(3072K), 0.0133100 secs]25.301: [CMS25.305: [CMS-concurrent-mark: 0.004/0.017 secs] [Times: user=0.07 sys=0.00, real=0.02 secs] 
 (concurrent mode failure): 6322K->6320K(6848K), 0.0210975 secs] 9072K->9072K(9920K), [Metaspace: 3748K->3748K(1056768K)], 0.0345055 secs] [Times: user=0.09 sys=0.00, real=0.03 secs] 
25.323: [GC (Allocation Failure) 25.323: [ParNew (promotion failed): 2751K->3046K(3072K), 0.0186407 secs]25.342: [CMS: 6322K->6320K(6848K), 0.0196480 secs] 9072K->9072K(9920K), [Metaspace: 3748K->3748K(1056768K)], 0.0383728 secs] [Times: user=0.12 sys=0.00, real=0.04 secs] 
25.362: [GC (CMS Initial Mark) [1 CMS-initial-mark: 6320K(6848K)] 9072K(9920K), 0.0033043 secs] [Times: user=0.00 sys=0.00, real=0.00 secs] 
25.366: [CMS-concurrent-mark-start]
25.366: [GC (Allocation Failure) 25.366: [ParNew (promotion failed): 2751K->3071K(3072K), 0.0162378 secs]25.382: [CMS25.386: [CMS-concurrent-mark: 0.004/0.020 secs] [Times: user=0.12 sys=0.00, real=0.02 secs] 
 (concurrent mode failure): 6322K->6320K(6848K), 0.0235953 secs] 9072K->9072K(9920K), [Metaspace: 3748K->3748K(1056768K)], 0.0399129 secs] [Times: user=0.14 sys=0.01, real=0.04 secs] 
25.407: [GC (Allocation Failure) 25.407: [ParNew (promotion failed): 2751K->3046K(3072K), 0.0181180 secs]25.425: [CMS: 6322K->6320K(6848K), 0.0174503 secs] 9072K->9072K(9920K), [Metaspace: 3748K->3748K(1056768K)], 0.0356443 secs] [Times: user=0.14 sys=0.00, real=0.04 secs] 
25.443: [GC (CMS Initial Mark) [1 CMS-initial-mark: 6320K(6848K)] 9072K(9920K), 0.0031817 secs] [Times: user=0.00 sys=0.00, real=0.00 secs] 
25.446: [CMS-concurrent-mark-start]
25.446: [GC (Allocation Failure) 25.446: [ParNew (promotion failed): 2751K->3022K(3072K), 0.0158907 secs]25.462: [CMS25.466: [CMS-concurrent-mark: 0.004/0.020 secs] [Times: user=0.12 sys=0.00, real=0.02 secs] 
 (concurrent mode failure): 6322K->6320K(6848K), 0.0203921 secs] 9072K->9072K(9920K), [Metaspace: 3748K->3748K(1056768K)], 0.0363677 secs] [Times: user=0.14 sys=0.00, real=0.04 secs] 
25.483: [GC (Allocation Failure) 25.483: [ParNew (promotion failed): 2751K->3022K(3072K), 0.0141699 secs]25.497: [CMS: 6322K->6320K(6848K), 0.0172280 secs] 9072K->9072K(9920K), [Metaspace: 3748K->3748K(1056768K)], 0.0314798 secs] [Times: user=0.11 sys=0.00, real=0.03 secs] 
25.515: [GC (CMS Initial Mark) [1 CMS-initial-mark: 6320K(6848K)] 9072K(9920K), 0.0031829 secs] [Times: user=0.00 sys=0.00, real=0.01 secs] 
25.518: [CMS-concurrent-mark-start]
25.518: [GC (Allocation Failure) 25.518: [ParNew (promotion failed): 2751K->2997K(3072K), 0.0208256 secs]25.539: [CMS25.543: [CMS-concurrent-mark: 0.004/0.024 secs] [Times: user=0.15 sys=0.00, real=0.02 secs] 
 (concurrent mode failure): 6322K->6320K(6848K), 0.0212180 secs] 9072K->9072K(9920K), [Metaspace: 3748K->3748K(1056768K)], 0.0421190 secs] [Times: user=0.17 sys=0.00, real=0.04 secs] 
25.561: [GC (Allocation Failure) 25.561: [ParNew (promotion failed): 2751K->2997K(3072K), 0.0175235 secs]25.578: [CMS: 6322K->6320K(6848K), 0.0173187 secs] 9072K->9072K(9920K), [Metaspace: 3748K->3748K(1056768K)], 0.0349324 secs] [Times: user=0.14 sys=0.00, real=0.03 secs] 
25.596: [GC (CMS Initial Mark) [1 CMS-initial-mark: 6320K(6848K)] 9072K(9920K), 0.0031507 secs] [Times: user=0.00 sys=0.00, real=0.01 secs] 
25.599: [CMS-concurrent-mark-start]
25.599: [GC (Allocation Failure) 25.599: [ParNew (promotion failed): 2751K->2997K(3072K), 0.0193075 secs]25.619: [CMS25.622: [CMS-concurrent-mark: 0.004/0.023 secs] [Times: user=0.13 sys=0.01, real=0.02 secs] 
 (concurrent mode failure): 6322K->6320K(6848K), 0.0205367 secs] 9072K->9072K(9920K), [Metaspace: 3748K->3748K(1056768K)], 0.0399210 secs] [Times: user=0.15 sys=0.01, real=0.04 secs] 
25.640: [GC (Allocation Failure) 25.640: [ParNew (promotion failed): 2751K->3022K(3072K), 0.0144980 secs]25.655: [CMS: 6322K->6320K(6848K), 0.0168294 secs] 9072K->9072K(9920K), [Metaspace: 3748K->3748K(1056768K)], 0.0314065 secs] [Times: user=0.12 sys=0.00, real=0.03 secs] 
25.672: [GC (CMS Initial Mark) [1 CMS-initial-mark: 6320K(6848K)] 9072K(9920K), 0.0031098 secs] [Times: user=0.01 sys=0.00, real=0.00 secs] 
25.675: [CMS-concurrent-mark-start]
25.676: [GC (Allocation Failure) 25.676: [ParNew (promotion failed): 2751K->2997K(3072K), 0.0197845 secs]25.696: [CMS25.699: [CMS-concurrent-mark: 0.004/0.023 secs] [Times: user=0.13 sys=0.00, real=0.03 secs] 
 (concurrent mode failure): 6322K->6320K(6848K), 0.0196643 secs] 9072K->9072K(9920K), [Metaspace: 3748K->3748K(1056768K)], 0.0395178 secs] [Times: user=0.15 sys=0.00, real=0.04 secs] 
25.716: [GC (Allocation Failure) 25.716: [ParNew (promotion failed): 2751K->2972K(3072K), 0.0207479 secs]25.737: [CMS: 6322K->6320K(6848K), 0.0166064 secs] 9072K->9072K(9920K), [Metaspace: 3748K->3748K(1056768K)], 0.0374258 secs] [Times: user=0.17 sys=0.00, real=0.04 secs] 
25.754: [GC (CMS Initial Mark) [1 CMS-initial-mark: 6320K(6848K)] 9072K(9920K), 0.0030857 secs] [Times: user=0.00 sys=0.00, real=0.00 secs] 
25.757: [CMS-concurrent-mark-start]
25.757: [GC (Allocation Failure) 25.757: [ParNew (promotion failed): 2751K->2997K(3072K), 0.0161614 secs]25.773: [CMS25.776: [CMS-concurrent-mark: 0.003/0.020 secs] [Times: user=0.13 sys=0.00, real=0.02 secs] 
 (concurrent mode failure): 6322K->6320K(6848K), 0.0199535 secs] 9072K->9072K(9920K), [Metaspace: 3748K->3748K(1056768K)], 0.0361709 secs] [Times: user=0.15 sys=0.00, real=0.04 secs] 
25.793: [GC (Allocation Failure) 25.793: [ParNew (promotion failed): 2751K->3022K(3072K), 0.0201136 secs]25.813: [CMS: 6322K->6320K(6848K), 0.0165062 secs] 9072K->9072K(9920K), [Metaspace: 3748K->3748K(1056768K)], 0.0366917 secs] [Times: user=0.17 sys=0.00, real=0.04 secs] 
25.830: [GC (CMS Initial Mark) [1 CMS-initial-mark: 6320K(6848K)] 9072K(9920K), 0.0030557 secs] [Times: user=0.00 sys=0.00, real=0.00 secs] 
25.833: [CMS-concurrent-mark-start]
25.834: [GC (Allocation Failure) 25.834: [ParNew (promotion failed): 2751K->3022K(3072K), 0.0185925 secs]25.852: [CMS25.856: [CMS-concurrent-mark: 0.004/0.022 secs] [Times: user=0.15 sys=0.00, real=0.02 secs] 
 (concurrent mode failure): 6322K->6320K(6848K), 0.0200907 secs] 9072K->9072K(9920K), [Metaspace: 3748K->3748K(1056768K)], 0.0387401 secs] [Times: user=0.16 sys=0.00, real=0.04 secs] 
25.873: [GC (Allocation Failure) 25.873: [ParNew (promotion failed): 2751K->2997K(3072K), 0.0184617 secs]25.891: [CMS: 6322K->6320K(6848K), 0.0167625 secs] 9072K->9072K(9920K), [Metaspace: 3748K->3748K(1056768K)], 0.0352930 secs] [Times: user=0.16 sys=0.00, real=0.04 secs] 
25.909: [GC (CMS Initial Mark) [1 CMS-initial-mark: 6320K(6848K)] 9072K(9920K), 0.0030414 secs] [Times: user=0.00 sys=0.00, real=0.00 secs] 
25.912: [CMS-concurrent-mark-start]
25.912: [GC (Allocation Failure) 25.912: [ParNew (promotion failed): 2751K->3022K(3072K), 0.0146975 secs]25.927: [CMS25.930: [CMS-concurrent-mark: 0.003/0.018 secs] [Times: user=0.12 sys=0.00, real=0.02 secs] 
 (concurrent mode failure): 6322K->6320K(6848K), 0.0199908 secs] 9072K->9072K(9920K), [Metaspace: 3748K->3748K(1056768K)], 0.0347530 secs] [Times: user=0.13 sys=0.00, real=0.03 secs] 
25.947: [GC (Allocation Failure) 25.947: [ParNew (promotion failed): 2751K->3022K(3072K), 0.0234925 secs]25.971: [CMS: 6322K->6320K(6848K), 0.0164910 secs] 9072K->9072K(9920K), [Metaspace: 3748K->3748K(1056768K)], 0.0400458 secs] [Times: user=0.20 sys=0.01, real=0.04 secs] 
25.988: [GC (CMS Initial Mark) [1 CMS-initial-mark: 6320K(6848K)] 9072K(9920K), 0.0031209 secs] [Times: user=0.00 sys=0.00, real=0.00 secs] 
25.991: [CMS-concurrent-mark-start]
25.991: [GC (Allocation Failure) 25.991: [ParNew (promotion failed): 2751K->2997K(3072K), 0.0190107 secs]26.010: [CMS26.014: [CMS-concurrent-mark: 0.004/0.023 secs] [Times: user=0.15 sys=0.00, real=0.02 secs] 
 (concurrent mode failure): 6322K->6320K(6848K), 0.0198047 secs] 9072K->9072K(9920K), [Metaspace: 3748K->3748K(1056768K)], 0.0388850 secs] [Times: user=0.16 sys=0.00, real=0.04 secs] 
26.031: [GC (Allocation Failure) 26.031: [ParNew (promotion failed): 2751K->2997K(3072K), 0.0237023 secs]26.054: [CMS: 6322K->6320K(6848K), 0.0165327 secs] 9072K->9072K(9920K), [Metaspace: 3748K->3748K(1056768K)], 0.0402957 secs] [Times: user=0.20 sys=0.00, real=0.04 secs] 
26.071: [GC (CMS Initial Mark) [1 CMS-initial-mark: 6320K(6848K)] 9072K(9920K), 0.0030455 secs] [Times: user=0.00 sys=0.00, real=0.00 secs] 
26.074: [CMS-concurrent-mark-start]
26.074: [GC (Allocation Failure) 26.074: [ParNew (promotion failed): 2751K->3022K(3072K), 0.0201729 secs]26.094: [CMS26.098: [CMS-concurrent-mark: 0.003/0.024 secs] [Times: user=0.16 sys=0.00, real=0.03 secs] 
 (concurrent mode failure): 6322K->6320K(6848K), 0.0199156 secs] 9072K->9072K(9920K), [Metaspace: 3748K->3748K(1056768K)], 0.0401482 secs] [Times: user=0.18 sys=0.00, real=0.04 secs] 
26.115: [GC (Allocation Failure) 26.115: [ParNew (promotion failed): 2751K->2997K(3072K), 0.0145988 secs]26.130: [CMS: 6322K->6320K(6848K), 0.0165468 secs] 9072K->9072K(9920K), [Metaspace: 3748K->3748K(1056768K)], 0.0312037 secs] [Times: user=0.12 sys=0.00, real=0.03 secs] 
26.147: [GC (CMS Initial Mark) [1 CMS-initial-mark: 6320K(6848K)] 9072K(9920K), 0.0030929 secs] [Times: user=0.01 sys=0.00, real=0.01 secs] 
26.150: [CMS-concurrent-mark-start]
26.150: [GC (Allocation Failure) 26.150: [ParNew (promotion failed): 2751K->2972K(3072K), 0.0216028 secs]26.171: [CMS26.175: [CMS-concurrent-mark: 0.003/0.025 secs] [Times: user=0.16 sys=0.00, real=0.02 secs] 
 (concurrent mode failure): 6322K->6320K(6848K), 0.0200760 secs] 9072K->9072K(9920K), [Metaspace: 3748K->3748K(1056768K)], 0.0417331 secs] [Times: user=0.18 sys=0.00, real=0.04 secs] 
26.192: [GC (Allocation Failure) 26.192: [ParNew (promotion failed): 2751K->2997K(3072K), 0.0203920 secs]26.213: [CMS: 6322K->6320K(6848K), 0.0167090 secs] 9072K->9072K(9920K), [Metaspace: 3748K->3748K(1056768K)], 0.0371600 secs] [Times: user=0.17 sys=0.00, real=0.04 secs] 
26.230: [GC (CMS Initial Mark) [1 CMS-initial-mark: 6320K(6848K)] 9072K(9920K), 0.0031163 secs] [Times: user=0.00 sys=0.00, real=0.00 secs] 
26.233: [CMS-concurrent-mark-start]
26.234: [GC (Allocation Failure) 26.234: [ParNew (promotion failed): 2751K->3022K(3072K), 0.0164655 secs]26.250: [CMS26.253: [CMS-concurrent-mark: 0.003/0.020 secs] [Times: user=0.13 sys=0.00, real=0.02 secs] 
 (concurrent mode failure): 6322K->6320K(6848K), 0.0196181 secs] 9072K->9072K(9920K), [Metaspace: 3748K->3748K(1056768K)], 0.0361443 secs] [Times: user=0.14 sys=0.00, real=0.04 secs] 
26.270: [GC (Allocation Failure) 26.270: [ParNew (promotion failed): 2751K->3022K(3072K), 0.0210207 secs]26.291: [CMS: 6322K->6320K(6848K), 0.0166048 secs] 9072K->9072K(9920K), [Metaspace: 3748K->3748K(1056768K)], 0.0377017 secs] [Times: user=0.17 sys=0.00, real=0.04 secs] 
26.308: [GC (CMS Initial Mark) [1 CMS-initial-mark: 6320K(6848K)] 9072K(9920K), 0.0030645 secs] [Times: user=0.01 sys=0.01, real=0.00 secs] 
26.311: [CMS-concurrent-mark-start]
26.311: [GC (Allocation Failure) 26.311: [ParNew (promotion failed): 2751K->2997K(3072K), 0.0149325 secs]26.326: [CMS26.330: [CMS-concurrent-mark: 0.003/0.018 secs] [Times: user=0.11 sys=0.00, real=0.02 secs] 
 (concurrent mode failure): 6322K->6320K(6848K), 0.0200087 secs] 9072K->9072K(9920K), [Metaspace: 3748K->3748K(1056768K)], 0.0349908 secs] [Times: user=0.13 sys=0.00, real=0.03 secs] 
26.347: [GC (Allocation Failure) 26.347: [ParNew (promotion failed): 2751K->2997K(3072K), 0.0172948 secs]26.364: [CMS: 6322K->6320K(6848K), 0.0165277 secs] 9072K->9072K(9920K), [Metaspace: 3748K->3748K(1056768K)], 0.0338784 secs] [Times: user=0.15 sys=0.00, real=0.04 secs] 
26.381: [GC (CMS Initial Mark) [1 CMS-initial-mark: 6320K(6848K)] 9072K(9920K), 0.0030773 secs] [Times: user=0.00 sys=0.00, real=0.00 secs] 
26.384: [CMS-concurrent-mark-start]
26.384: [GC (Allocation Failure) 26.384: [ParNew (promotion failed): 2751K->3022K(3072K), 0.0149474 secs]26.399: [CMS26.403: [CMS-concurrent-mark: 0.004/0.019 secs] [Times: user=0.12 sys=0.00, real=0.02 secs] 
 (concurrent mode failure): 6322K->6320K(6848K), 0.0199103 secs] 9072K->9072K(9920K), [Metaspace: 3748K->3748K(1056768K)], 0.0349105 secs] [Times: user=0.14 sys=0.00, real=0.04 secs] 
26.420: [GC (Allocation Failure) 26.420: [ParNew (promotion failed): 2751K->2997K(3072K), 0.0143597 secs]26.434: [CMS: 6322K->6320K(6848K), 0.0167770 secs] 9072K->9072K(9920K), [Metaspace: 3748K->3748K(1056768K)], 0.0311925 secs] [Times: user=0.12 sys=0.00, real=0.03 secs] 
26.451: [GC (CMS Initial Mark) [1 CMS-initial-mark: 6320K(6848K)] 9072K(9920K), 0.0030557 secs] [Times: user=0.00 sys=0.00, real=0.00 secs] 
26.455: [CMS-concurrent-mark-start]
26.455: [GC (Allocation Failure) 26.455: [ParNew (promotion failed): 2751K->3022K(3072K), 0.0189232 secs]26.474: [CMS26.477: [CMS-concurrent-mark: 0.003/0.022 secs] [Times: user=0.15 sys=0.00, real=0.02 secs] 
 (concurrent mode failure): 6322K->6320K(6848K), 0.0199435 secs] 9072K->9072K(9920K), [Metaspace: 3748K->3748K(1056768K)], 0.0389195 secs] [Times: user=0.17 sys=0.00, real=0.04 secs] 
26.494: [GC (Allocation Failure) 26.494: [ParNew (promotion failed): 2751K->3046K(3072K), 0.0208463 secs]26.515: [CMS: 6322K->6320K(6848K), 0.0168414 secs] 9072K->9072K(9920K), [Metaspace: 3748K->3748K(1056768K)], 0.0377489 secs] [Times: user=0.17 sys=0.00, real=0.04 secs] 
26.532: [GC (CMS Initial Mark) [1 CMS-initial-mark: 6320K(6848K)] 9072K(9920K), 0.0030445 secs] [Times: user=0.00 sys=0.00, real=0.00 secs] 
26.536: [CMS-concurrent-mark-start]
26.536: [GC (Allocation Failure) 26.536: [ParNew (promotion failed): 2751K->3046K(3072K), 0.0142118 secs]26.550: [CMS26.553: [CMS-concurrent-mark: 0.003/0.018 secs] [Times: user=0.10 sys=0.00, real=0.02 secs] 
 (concurrent mode failure): 6322K->6320K(6848K), 0.0198483 secs] 9072K->9072K(9920K), [Metaspace: 3748K->3748K(1056768K)], 0.0341211 secs] [Times: user=0.12 sys=0.00, real=0.04 secs] 
26.570: [GC (Allocation Failure) 26.570: [ParNew (promotion failed): 2751K->2997K(3072K), 0.0156390 secs]26.586: [CMS: 6322K->6320K(6848K), 0.0165853 secs] 9072K->9072K(9920K), [Metaspace: 3748K->3748K(1056768K)], 0.0322831 secs] [Times: user=0.13 sys=0.00, real=0.03 secs] 
26.603: [GC (CMS Initial Mark) [1 CMS-initial-mark: 6320K(6848K)] 9072K(9920K), 0.0030489 secs] [Times: user=0.01 sys=0.00, real=0.00 secs] 
26.606: [CMS-concurrent-mark-start]
26.606: [GC (Allocation Failure) 26.606: [ParNew (promotion failed): 2751K->2997K(3072K), 0.0156871 secs]26.622: [CMS26.625: [CMS-concurrent-mark: 0.003/0.019 secs] [Times: user=0.11 sys=0.00, real=0.02 secs] 
 (concurrent mode failure): 6322K->6320K(6848K), 0.0200410 secs] 9072K->9072K(9920K), [Metaspace: 3748K->3748K(1056768K)], 0.0357890 secs] [Times: user=0.13 sys=0.00, real=0.04 secs] 
26.642: [GC (Allocation Failure) 26.642: [ParNew (promotion failed): 2751K->3022K(3072K), 0.0147767 secs]26.657: [CMS: 6322K->6320K(6848K), 0.0166861 secs] 9072K->9072K(9920K), [Metaspace: 3748K->3748K(1056768K)], 0.0315224 secs] [Times: user=0.12 sys=0.01, real=0.03 secs] 
26.674: [GC (CMS Initial Mark) [1 CMS-initial-mark: 6320K(6848K)] 9072K(9920K), 0.0030705 secs] [Times: user=0.01 sys=0.00, real=0.00 secs] 
26.677: [CMS-concurrent-mark-start]
26.677: [GC (Allocation Failure) 26.677: [ParNew (promotion failed): 2751K->3022K(3072K), 0.0157738 secs]26.693: [CMS26.697: [CMS-concurrent-mark: 0.003/0.019 secs] [Times: user=0.12 sys=0.00, real=0.02 secs] 
 (concurrent mode failure): 6322K->6320K(6848K), 0.0200358 secs] 9072K->9072K(9920K), [Metaspace: 3748K->3748K(1056768K)], 0.0358645 secs] [Times: user=0.14 sys=0.00, real=0.04 secs] 
26.714: [GC (Allocation Failure) 26.714: [ParNew (promotion failed): 2751K->3022K(3072K), 0.0139146 secs]26.728: [CMS: 6322K->6320K(6848K), 0.0165997 secs] 9072K->9072K(9920K), [Metaspace: 3748K->3748K(1056768K)], 0.0305894 secs] [Times: user=0.11 sys=0.00, real=0.03 secs] 
26.745: [GC (CMS Initial Mark) [1 CMS-initial-mark: 6320K(6848K)] 9072K(9920K), 0.0030678 secs] [Times: user=0.01 sys=0.00, real=0.01 secs] 
26.748: [CMS-concurrent-mark-start]
26.749: [GC (Allocation Failure) 26.749: [ParNew (promotion failed): 2751K->2997K(3072K), 0.0133209 secs]26.762: [CMS26.765: [CMS-concurrent-mark: 0.004/0.017 secs] [Times: user=0.10 sys=0.00, real=0.01 secs] 
 (concurrent mode failure): 6322K->6320K(6848K), 0.0196946 secs] 9072K->9072K(9920K), [Metaspace: 3748K->3748K(1056768K)], 0.0330841 secs] [Times: user=0.11 sys=0.00, real=0.03 secs] 
26.782: [GC (Allocation Failure) 26.782: [ParNew (promotion failed): 2751K->2997K(3072K), 0.0181235 secs]26.801: [CMS: 6322K->6320K(6848K), 0.0166603 secs] 9072K->9072K(9920K), [Metaspace: 3748K->3748K(1056768K)], 0.0348433 secs] [Times: user=0.15 sys=0.00, real=0.03 secs] 
26.817: [GC (CMS Initial Mark) [1 CMS-initial-mark: 6320K(6848K)] 9072K(9920K), 0.0030803 secs] [Times: user=0.01 sys=0.00, real=0.01 secs] 
26.821: [CMS-concurrent-mark-start]
26.821: [GC (Allocation Failure) 26.821: [ParNew (promotion failed): 2751K->3022K(3072K), 0.0171250 secs]26.838: [CMS26.841: [CMS-concurrent-mark: 0.003/0.021 secs] [Times: user=0.13 sys=0.00, real=0.02 secs] 
 (concurrent mode failure): 6322K->6320K(6848K), 0.0200327 secs] 9072K->9072K(9920K), [Metaspace: 3748K->3748K(1056768K)], 0.0372076 secs] [Times: user=0.14 sys=0.00, real=0.04 secs] 
26.858: [GC (Allocation Failure) 26.858: [ParNew (promotion failed): 2751K->2997K(3072K), 0.0200435 secs]26.878: [CMS: 6322K->6320K(6848K), 0.0165050 secs] 9072K->9072K(9920K), [Metaspace: 3748K->3748K(1056768K)], 0.0365990 secs] [Times: user=0.16 sys=0.00, real=0.03 secs] 
26.895: [GC (CMS Initial Mark) [1 CMS-initial-mark: 6320K(6848K)] 9072K(9920K), 0.0030422 secs] [Times: user=0.01 sys=0.00, real=0.01 secs] 
26.898: [CMS-concurrent-mark-start]
26.898: [GC (Allocation Failure) 26.898: [ParNew (promotion failed): 2751K->3022K(3072K), 0.0239729 secs]26.922: [CMS26.926: [CMS-concurrent-mark: 0.004/0.028 secs] [Times: user=0.18 sys=0.00, real=0.02 secs] 
 (concurrent mode failure): 6322K->6320K(6848K), 0.0199556 secs] 9072K->9072K(9920K), [Metaspace: 3748K->3748K(1056768K)], 0.0439873 secs] [Times: user=0.20 sys=0.00, real=0.04 secs] 
26.943: [GC (Allocation Failure) 26.943: [ParNew (promotion failed): 2751K->3046K(3072K), 0.0141035 secs]26.957: [CMS: 6322K->6320K(6848K), 0.0168308 secs] 9072K->9072K(9920K), [Metaspace: 3748K->3748K(1056768K)], 0.0310093 secs] [Times: user=0.11 sys=0.00, real=0.03 secs] 
26.975: [GC (CMS Initial Mark) [1 CMS-initial-mark: 6320K(6848K)] 9072K(9920K), 0.0030710 secs] [Times: user=0.00 sys=0.00, real=0.00 secs] 
26.978: [CMS-concurrent-mark-start]
26.978: [GC (Allocation Failure) 26.978: [ParNew (promotion failed): 2751K->2997K(3072K), 0.0187345 secs]26.996: [CMS27.000: [CMS-concurrent-mark: 0.003/0.022 secs] [Times: user=0.14 sys=0.01, real=0.03 secs] 
 (concurrent mode failure): 6322K->6320K(6848K), 0.0200203 secs] 9072K->9072K(9920K), [Metaspace: 3748K->3748K(1056768K)], 0.0388156 secs] [Times: user=0.15 sys=0.01, real=0.03 secs] 
27.017: [GC (Allocation Failure) 27.017: [ParNew (promotion failed): 2751K->3046K(3072K), 0.0149396 secs]27.032: [CMS: 6322K->6320K(6848K), 0.0167569 secs] 9072K->9072K(9920K), [Metaspace: 3748K->3748K(1056768K)], 0.0317576 secs] [Times: user=0.12 sys=0.00, real=0.04 secs] 
27.049: [GC (CMS Initial Mark) [1 CMS-initial-mark: 6320K(6848K)] 9072K(9920K), 0.0030710 secs] [Times: user=0.00 sys=0.00, real=0.00 secs] 
27.053: [CMS-concurrent-mark-start]
27.053: [GC (Allocation Failure) 27.053: [ParNew (promotion failed): 2751K->3022K(3072K), 0.0119775 secs]27.080: [CMS27.083: [CMS-concurrent-mark: 0.004/0.031 secs] [Times: user=0.08 sys=0.00, real=0.03 secs] 
 (concurrent mode failure): 6322K->6320K(6848K), 0.0201408 secs] 9072K->9072K(9920K), [Metaspace: 3748K->3748K(1056768K)], 0.0470454 secs] [Times: user=0.10 sys=0.00, real=0.05 secs] 
27.100: [GC (Allocation Failure) 27.100: [ParNew (promotion failed): 2751K->3046K(3072K), 0.0190360 secs]27.119: [CMS: 6322K->6320K(6848K), 0.0166493 secs] 9072K->9072K(9920K), [Metaspace: 3748K->3748K(1056768K)], 0.0357522 secs] [Times: user=0.15 sys=0.00, real=0.03 secs] 
27.136: [GC (CMS Initial Mark) [1 CMS-initial-mark: 6320K(6848K)] 9072K(9920K), 0.0030762 secs] [Times: user=0.01 sys=0.00, real=0.01 secs] 
27.139: [CMS-concurrent-mark-start]
27.139: [GC (Allocation Failure) 27.139: [ParNew (promotion failed): 2751K->2997K(3072K), 0.0155710 secs]27.155: [CMS27.158: [CMS-concurrent-mark: 0.003/0.019 secs] [Times: user=0.11 sys=0.00, real=0.02 secs] 
 (concurrent mode failure): 6322K->6320K(6848K), 0.0202224 secs] 9072K->9072K(9920K), [Metaspace: 3748K->3748K(1056768K)], 0.0358516 secs] [Times: user=0.13 sys=0.00, real=0.03 secs] 
27.176: [GC (Allocation Failure) 27.176: [ParNew (promotion failed): 2751K->3022K(3072K), 0.0138307 secs]27.190: [CMS: 6322K->6320K(6848K), 0.0168166 secs] 9072K->9072K(9920K), [Metaspace: 3748K->3748K(1056768K)], 0.0307050 secs] [Times: user=0.11 sys=0.00, real=0.03 secs] 
27.207: [GC (CMS Initial Mark) [1 CMS-initial-mark: 6320K(6848K)] 9072K(9920K), 0.0030896 secs] [Times: user=0.00 sys=0.00, real=0.01 secs] 
27.210: [CMS-concurrent-mark-start]
27.210: [GC (Allocation Failure) 27.210: [ParNew (promotion failed): 2751K->2997K(3072K), 0.0214955 secs]27.231: [CMS27.235: [CMS-concurrent-mark: 0.004/0.025 secs] [Times: user=0.17 sys=0.00, real=0.02 secs] 
 (concurrent mode failure): 6322K->6320K(6848K), 0.0204451 secs] 9072K->9072K(9920K), [Metaspace: 3748K->3748K(1056768K)], 0.0419989 secs] [Times: user=0.18 sys=0.00, real=0.04 secs] 
27.253: [GC (Allocation Failure) 27.253: [ParNew (promotion failed): 2751K->3046K(3072K), 0.0197909 secs]27.273: [CMS: 6322K->6320K(6848K), 0.0164802 secs] 9072K->9072K(9920K), [Metaspace: 3748K->3748K(1056768K)], 0.0363304 secs] [Times: user=0.15 sys=0.00, real=0.04 secs] 
27.289: [GC (CMS Initial Mark) [1 CMS-initial-mark: 6320K(6848K)] 9072K(9920K), 0.0030627 secs] [Times: user=0.01 sys=0.00, real=0.00 secs] 
27.293: [CMS-concurrent-mark-start]
27.293: [GC (Allocation Failure) 27.293: [ParNew (promotion failed): 2751K->2997K(3072K), 0.0158050 secs]27.309: [CMS27.312: [CMS-concurrent-mark: 0.004/0.019 secs] [Times: user=0.12 sys=0.00, real=0.02 secs] 
 (concurrent mode failure): 6322K->6320K(6848K), 0.0196129 secs] 9072K->9072K(9920K), [Metaspace: 3748K->3748K(1056768K)], 0.0354690 secs] [Times: user=0.14 sys=0.00, real=0.04 secs] 
27.329: [GC (Allocation Failure) 27.329: [ParNew (promotion failed): 2751K->2997K(3072K), 0.0149423 secs]27.344: [CMS: 6322K->6320K(6848K), 0.0166086 secs] 9072K->9072K(9920K), [Metaspace: 3748K->3748K(1056768K)], 0.0316097 secs] [Times: user=0.13 sys=0.01, real=0.03 secs] 
27.361: [GC (CMS Initial Mark) [1 CMS-initial-mark: 6320K(6848K)] 9072K(9920K), 0.0030169 secs] [Times: user=0.00 sys=0.00, real=0.00 secs] 
27.364: [CMS-concurrent-mark-start]
27.364: [GC (Allocation Failure) 27.364: [ParNew (promotion failed): 2751K->3022K(3072K), 0.0181408 secs]27.382: [CMS27.386: [CMS-concurrent-mark: 0.003/0.022 secs] [Times: user=0.14 sys=0.00, real=0.02 secs] 
 (concurrent mode failure): 6322K->6320K(6848K), 0.0200459 secs] 9072K->9072K(9920K), [Metaspace: 3748K->3748K(1056768K)], 0.0382395 secs] [Times: user=0.16 sys=0.00, real=0.04 secs] 
27.403: [GC (Allocation Failure) 27.403: [ParNew (promotion failed): 2751K->3022K(3072K), 0.0171108 secs]27.420: [CMS: 6322K->6320K(6848K), 0.0164861 secs] 9072K->9072K(9920K), [Metaspace: 3748K->3748K(1056768K)], 0.0336487 secs] [Times: user=0.14 sys=0.00, real=0.03 secs] 
27.437: [GC (CMS Initial Mark) [1 CMS-initial-mark: 6320K(6848K)] 9072K(9920K), 0.0030569 secs] [Times: user=0.01 sys=0.00, real=0.01 secs] 
27.440: [CMS-concurrent-mark-start]
27.440: [GC (Allocation Failure) 27.440: [ParNew (promotion failed): 2751K->3022K(3072K), 0.0184038 secs]27.458: [CMS27.462: [CMS-concurrent-mark: 0.004/0.022 secs] [Times: user=0.14 sys=0.00, real=0.02 secs] 
 (concurrent mode failure): 6322K->6320K(6848K), 0.0199089 secs] 9072K->9072K(9920K), [Metaspace: 3748K->3748K(1056768K)], 0.0383649 secs] [Times: user=0.16 sys=0.00, real=0.04 secs] 
27.479: [GC (Allocation Failure) 27.479: [ParNew (promotion failed): 2751K->2997K(3072K), 0.0222366 secs]27.501: [CMS: 6322K->6320K(6848K), 0.0166319 secs] 9072K->9072K(9920K), [Metaspace: 3748K->3748K(1056768K)], 0.0389243 secs] [Times: user=0.18 sys=0.00, real=0.04 secs] 
27.518: [GC (CMS Initial Mark) [1 CMS-initial-mark: 6320K(6848K)] 9072K(9920K), 0.0031127 secs] [Times: user=0.00 sys=0.00, real=0.00 secs] 
27.522: [CMS-concurrent-mark-start]
27.522: [GC (Allocation Failure) 27.522: [ParNew (promotion failed): 2751K->3046K(3072K), 0.0247529 secs]27.546: [CMS27.550: [CMS-concurrent-mark: 0.003/0.028 secs] [Times: user=0.19 sys=0.00, real=0.03 secs] 
 (concurrent mode failure): 6322K->6320K(6848K), 0.0200593 secs] 9072K->9072K(9920K), [Metaspace: 3748K->3748K(1056768K)], 0.0448648 secs] [Times: user=0.21 sys=0.00, real=0.04 secs] 
27.567: [GC (Allocation Failure) 27.567: [ParNew (promotion failed): 2751K->3046K(3072K), 0.0121117 secs]27.579: [CMS: 6322K->6320K(6848K), 0.0167090 secs] 9072K->9072K(9920K), [Metaspace: 3748K->3748K(1056768K)], 0.0288899 secs] [Times: user=0.09 sys=0.00, real=0.03 secs] 
27.597: [GC (CMS Initial Mark) [1 CMS-initial-mark: 6320K(6848K)] 9072K(9920K), 0.0031001 secs] [Times: user=0.00 sys=0.00, real=0.01 secs] 
27.600: [CMS-concurrent-mark-start]
27.600: [GC (Allocation Failure) 27.600: [ParNew (promotion failed): 2751K->2997K(3072K), 0.0226288 secs]27.623: [CMS27.626: [CMS-concurrent-mark: 0.004/0.026 secs] [Times: user=0.18 sys=0.00, real=0.02 secs] 
 (concurrent mode failure): 6322K->6320K(6848K), 0.0198277 secs] 9072K->9072K(9920K), [Metaspace: 3748K->3748K(1056768K)], 0.0425152 secs] [Times: user=0.19 sys=0.00, real=0.04 secs] 
27.643: [GC (Allocation Failure) 27.643: [ParNew (promotion failed): 2751K->3022K(3072K), 0.0171612 secs]27.660: [CMS: 6322K->6320K(6848K), 0.0164291 secs] 9072K->9072K(9920K), [Metaspace: 3748K->3748K(1056768K)], 0.0336422 secs] [Times: user=0.14 sys=0.00, real=0.03 secs] 
27.677: [GC (CMS Initial Mark) [1 CMS-initial-mark: 6320K(6848K)] 9072K(9920K), 0.0030464 secs] [Times: user=0.00 sys=0.00, real=0.01 secs] 
27.680: [CMS-concurrent-mark-start]
27.680: [GC (Allocation Failure) 27.680: [ParNew (promotion failed): 2751K->3022K(3072K), 0.0173956 secs]27.697: [CMS27.701: [CMS-concurrent-mark: 0.003/0.021 secs] [Times: user=0.14 sys=0.00, real=0.02 secs] 
 (concurrent mode failure): 6322K->6320K(6848K), 0.0200628 secs] 9072K->9072K(9920K), [Metaspace: 3748K->3748K(1056768K)], 0.0375160 secs] [Times: user=0.16 sys=0.00, real=0.03 secs] 
27.718: [GC (Allocation Failure) 27.718: [ParNew (promotion failed): 2751K->2997K(3072K), 0.0195360 secs]27.737: [CMS: 6322K->6320K(6848K), 0.0166030 secs] 9072K->9072K(9920K), [Metaspace: 3748K->3748K(1056768K)], 0.0362064 secs] [Times: user=0.16 sys=0.01, real=0.03 secs] 
27.754: [GC (CMS Initial Mark) [1 CMS-initial-mark: 6320K(6848K)] 9072K(9920K), 0.0030560 secs] [Times: user=0.00 sys=0.00, real=0.00 secs] 
27.758: [CMS-concurrent-mark-start]
27.758: [GC (Allocation Failure) 27.758: [ParNew (promotion failed): 2751K->3022K(3072K), 0.0144325 secs]27.772: [CMS27.776: [CMS-concurrent-mark: 0.004/0.018 secs] [Times: user=0.11 sys=0.00, real=0.02 secs] 
 (concurrent mode failure): 6322K->6320K(6848K), 0.0205275 secs] 9072K->9072K(9920K), [Metaspace: 3748K->3748K(1056768K)], 0.0350186 secs] [Times: user=0.13 sys=0.00, real=0.04 secs] 
27.793: [GC (Allocation Failure) 27.793: [ParNew (promotion failed): 2751K->2997K(3072K), 0.0202153 secs]27.814: [CMS: 6322K->6320K(6848K), 0.0167061 secs] 9072K->9072K(9920K), [Metaspace: 3748K->3748K(1056768K)], 0.0369817 secs] [Times: user=0.16 sys=0.00, real=0.04 secs] 
27.831: [GC (CMS Initial Mark) [1 CMS-initial-mark: 6320K(6848K)] 9072K(9920K), 0.0030935 secs] [Times: user=0.01 sys=0.00, real=0.00 secs] 
27.834: [CMS-concurrent-mark-start]
27.834: [GC (Allocation Failure) 27.834: [ParNew (promotion failed): 2751K->3022K(3072K), 0.0237281 secs]27.858: [CMS27.861: [CMS-concurrent-mark: 0.004/0.027 secs] [Times: user=0.18 sys=0.00, real=0.03 secs] 
 (concurrent mode failure): 6322K->6320K(6848K), 0.0198483 secs] 9072K->9072K(9920K), [Metaspace: 3748K->3748K(1056768K)], 0.0436402 secs] [Times: user=0.20 sys=0.00, real=0.05 secs] 
27.879: [GC (Allocation Failure) 27.879: [ParNew (promotion failed): 2751K->2997K(3072K), 0.0160662 secs]27.895: [CMS: 6322K->6320K(6848K), 0.0166658 secs] 9072K->9072K(9920K), [Metaspace: 3748K->3748K(1056768K)], 0.0327916 secs] [Times: user=0.13 sys=0.00, real=0.03 secs] 
27.912: [GC (CMS Initial Mark) [1 CMS-initial-mark: 6320K(6848K)] 9072K(9920K), 0.0030572 secs] [Times: user=0.00 sys=0.00, real=0.00 secs] 
27.915: [CMS-concurrent-mark-start]
27.915: [GC (Allocation Failure) 27.915: [ParNew (promotion failed): 2751K->3022K(3072K), 0.0139376 secs]27.929: [CMS27.932: [CMS-concurrent-mark: 0.003/0.017 secs] [Times: user=0.11 sys=0.00, real=0.02 secs] 
 (concurrent mode failure): 6322K->6320K(6848K), 0.0200857 secs] 9072K->9072K(9920K), [Metaspace: 3748K->3748K(1056768K)], 0.0340762 secs] [Times: user=0.12 sys=0.00, real=0.04 secs] 
27.949: [GC (Allocation Failure) 27.949: [ParNew (promotion failed): 2751K->2997K(3072K), 0.0171716 secs]27.966: [CMS: 6322K->6320K(6848K), 0.0165651 secs] 9072K->9072K(9920K), [Metaspace: 3748K->3748K(1056768K)], 0.0337882 secs] [Times: user=0.14 sys=0.00, real=0.03 secs] 
27.983: [GC (CMS Initial Mark) [1 CMS-initial-mark: 6320K(6848K)] 9072K(9920K), 0.0030405 secs] [Times: user=0.00 sys=0.00, real=0.00 secs] 
27.986: [CMS-concurrent-mark-start]
27.987: [GC (Allocation Failure) 27.987: [ParNew (promotion failed): 2751K->3022K(3072K), 0.0146231 secs]28.001: [CMS28.005: [CMS-concurrent-mark: 0.004/0.018 secs] [Times: user=0.11 sys=0.00, real=0.02 secs] 
 (concurrent mode failure): 6322K->6320K(6848K), 0.0200056 secs] 9072K->9072K(9920K), [Metaspace: 3748K->3748K(1056768K)], 0.0346890 secs] [Times: user=0.12 sys=0.00, real=0.04 secs] 
28.022: [GC (Allocation Failure) 28.022: [ParNew (promotion failed): 2751K->3022K(3072K), 0.0181746 secs]28.040: [CMS: 6322K->6320K(6848K), 0.0167566 secs] 9072K->9072K(9920K), [Metaspace: 3748K->3748K(1056768K)], 0.0350017 secs] [Times: user=0.14 sys=0.00, real=0.03 secs] 
28.057: [GC (CMS Initial Mark) [1 CMS-initial-mark: 6320K(6848K)] 9072K(9920K), 0.0030638 secs] [Times: user=0.00 sys=0.00, real=0.01 secs] 
28.061: [CMS-concurrent-mark-start]
28.061: [GC (Allocation Failure) 28.061: [ParNew (promotion failed): 2751K->3022K(3072K), 0.0193806 secs]28.080: [CMS28.083: [CMS-concurrent-mark: 0.003/0.023 secs] [Times: user=0.14 sys=0.01, real=0.02 secs] 
 (concurrent mode failure): 6322K->6320K(6848K), 0.0201242 secs] 9072K->9072K(9920K), [Metaspace: 3748K->3748K(1056768K)], 0.0395550 secs] [Times: user=0.16 sys=0.01, real=0.04 secs] 
28.101: [GC (Allocation Failure) 28.101: [ParNew (promotion failed): 2751K->3022K(3072K), 0.0160483 secs]28.117: [CMS: 6322K->6320K(6848K), 0.0165362 secs] 9072K->9072K(9920K), [Metaspace: 3748K->3748K(1056768K)], 0.0326457 secs] [Times: user=0.14 sys=0.00, real=0.03 secs] 
28.134: [GC (CMS Initial Mark) [1 CMS-initial-mark: 6320K(6848K)] 9072K(9920K), 0.0030557 secs] [Times: user=0.00 sys=0.00, real=0.00 secs] 
28.137: [CMS-concurrent-mark-start]
28.137: [GC (Allocation Failure) 28.137: [ParNew (promotion failed): 2751K->3022K(3072K), 0.0174416 secs]28.155: [CMS28.158: [CMS-concurrent-mark: 0.004/0.021 secs] [Times: user=0.14 sys=0.00, real=0.03 secs] 
 (concurrent mode failure): 6322K->6320K(6848K), 0.0196917 secs] 9072K->9072K(9920K), [Metaspace: 3748K->3748K(1056768K)], 0.0371929 secs] [Times: user=0.15 sys=0.00, real=0.04 secs] 
28.175: [GC (Allocation Failure) 28.175: [ParNew (promotion failed): 2751K->2997K(3072K), 0.0204012 secs]28.195: [CMS: 6322K->6320K(6848K), 0.0164612 secs] 9072K->9072K(9920K), [Metaspace: 3748K->3748K(1056768K)], 0.0369208 secs] [Times: user=0.17 sys=0.00, real=0.04 secs] 
28.212: [GC (CMS Initial Mark) [1 CMS-initial-mark: 6320K(6848K)] 9072K(9920K), 0.0030787 secs] [Times: user=0.00 sys=0.00, real=0.00 secs] 
28.215: [CMS-concurrent-mark-start]
28.215: [GC (Allocation Failure) 28.215: [ParNew (promotion failed): 2751K->2997K(3072K), 0.0162904 secs]28.232: [CMS28.235: [CMS-concurrent-mark: 0.003/0.020 secs] [Times: user=0.13 sys=0.00, real=0.02 secs] 
 (concurrent mode failure): 6322K->6320K(6848K), 0.0202125 secs] 9072K->9072K(9920K), [Metaspace: 3748K->3748K(1056768K)], 0.0365486 secs] [Times: user=0.15 sys=0.00, real=0.04 secs] 
28.252: [GC (Allocation Failure) 28.252: [ParNew (promotion failed): 2751K->2997K(3072K), 0.0165196 secs]28.269: [CMS: 6322K->6320K(6848K), 0.0166223 secs] 9072K->9072K(9920K), [Metaspace: 3748K->3748K(1056768K)], 0.0331953 secs] [Times: user=0.14 sys=0.00, real=0.03 secs] 
28.286: [GC (CMS Initial Mark) [1 CMS-initial-mark: 6320K(6848K)] 9072K(9920K), 0.0030670 secs] [Times: user=0.00 sys=0.00, real=0.01 secs] 
28.289: [CMS-concurrent-mark-start]
28.289: [GC (Allocation Failure) 28.289: [ParNew (promotion failed): 2751K->2997K(3072K), 0.0209042 secs]28.310: [CMS28.314: [CMS-concurrent-mark: 0.004/0.025 secs] [Times: user=0.16 sys=0.00, real=0.02 secs] 
 (concurrent mode failure): 6322K->6320K(6848K), 0.0202670 secs] 9072K->9072K(9920K), [Metaspace: 3748K->3748K(1056768K)], 0.0412209 secs] [Times: user=0.18 sys=0.00, real=0.04 secs] 
28.331: [GC (Allocation Failure) 28.331: [ParNew (promotion failed): 2751K->2997K(3072K), 0.0161111 secs]28.347: [CMS: 6322K->6320K(6848K), 0.0164523 secs] 9072K->9072K(9920K), [Metaspace: 3748K->3748K(1056768K)], 0.0326171 secs] [Times: user=0.13 sys=0.00, real=0.03 secs] 
28.364: [GC (CMS Initial Mark) [1 CMS-initial-mark: 6320K(6848K)] 9072K(9920K), 0.0030891 secs] [Times: user=0.01 sys=0.00, real=0.00 secs] 
28.367: [CMS-concurrent-mark-start]
28.368: [GC (Allocation Failure) 28.368: [ParNew (promotion failed): 2751K->2997K(3072K), 0.0161806 secs]28.384: [CMS28.387: [CMS-concurrent-mark: 0.003/0.020 secs] [Times: user=0.12 sys=0.00, real=0.02 secs] 
 (concurrent mode failure): 6322K->6320K(6848K), 0.0195624 secs] 9072K->9072K(9920K), [Metaspace: 3748K->3748K(1056768K)], 0.0358062 secs] [Times: user=0.14 sys=0.00, real=0.03 secs] 
28.404: [GC (Allocation Failure) 28.404: [ParNew (promotion failed): 2751K->3071K(3072K), 0.0227882 secs]28.427: [CMS: 6322K->6320K(6848K), 0.0171636 secs] 9072K->9072K(9920K), [Metaspace: 3748K->3748K(1056768K)], 0.0400227 secs] [Times: user=0.18 sys=0.01, real=0.04 secs] 
28.444: [GC (CMS Initial Mark) [1 CMS-initial-mark: 6320K(6848K)] 9072K(9920K), 0.0031087 secs] [Times: user=0.00 sys=0.00, real=0.00 secs] 
28.448: [CMS-concurrent-mark-start]
28.448: [GC (Allocation Failure) 28.448: [ParNew (promotion failed): 2751K->3022K(3072K), 0.0139077 secs]28.462: [CMS28.465: [CMS-concurrent-mark: 0.003/0.017 secs] [Times: user=0.11 sys=0.00, real=0.02 secs] 
 (concurrent mode failure): 6322K->6320K(6848K), 0.0201010 secs] 9072K->9072K(9920K), [Metaspace: 3748K->3748K(1056768K)], 0.0340654 secs] [Times: user=0.13 sys=0.00, real=0.04 secs] 
28.482: [GC (Allocation Failure) 28.482: [ParNew (promotion failed): 2751K->3022K(3072K), 0.0162880 secs]28.498: [CMS: 6322K->6320K(6848K), 0.0166533 secs] 9072K->9072K(9920K), [Metaspace: 3748K->3748K(1056768K)], 0.0330143 secs] [Times: user=0.13 sys=0.00, real=0.03 secs] 
28.515: [GC (CMS Initial Mark) [1 CMS-initial-mark: 6320K(6848K)] 9072K(9920K), 0.0031230 secs] [Times: user=0.00 sys=0.00, real=0.01 secs] 
28.518: [CMS-concurrent-mark-start]
28.519: [GC (Allocation Failure) 28.519: [ParNew (promotion failed): 2751K->3022K(3072K), 0.0149941 secs]28.534: [CMS28.537: [CMS-concurrent-mark: 0.004/0.019 secs] [Times: user=0.11 sys=0.00, real=0.01 secs] 
 (concurrent mode failure): 6322K->6320K(6848K), 0.0203365 secs] 9072K->9072K(9920K), [Metaspace: 3748K->3748K(1056768K)], 0.0353864 secs] [Times: user=0.12 sys=0.00, real=0.03 secs] 
28.554: [GC (Allocation Failure) 28.554: [ParNew (promotion failed): 2751K->3022K(3072K), 0.0150360 secs]28.570: [CMS: 6322K->6320K(6848K), 0.0169535 secs] 9072K->9072K(9920K), [Metaspace: 3748K->3748K(1056768K)], 0.0320534 secs] [Times: user=0.12 sys=0.00, real=0.03 secs] 
28.587: [GC (CMS Initial Mark) [1 CMS-initial-mark: 6320K(6848K)] 9072K(9920K), 0.0030430 secs] [Times: user=0.00 sys=0.00, real=0.01 secs] 
28.590: [CMS-concurrent-mark-start]
28.590: [GC (Allocation Failure) 28.590: [ParNew (promotion failed): 2751K->2997K(3072K), 0.0146271 secs]28.605: [CMS28.609: [CMS-concurrent-mark: 0.004/0.018 secs] [Times: user=0.11 sys=0.00, real=0.02 secs] 
 (concurrent mode failure): 6322K->6320K(6848K), 0.0202272 secs] 9072K->9072K(9920K), [Metaspace: 3748K->3748K(1056768K)], 0.0349092 secs] [Times: user=0.13 sys=0.00, real=0.03 secs] 
28.626: [GC (Allocation Failure) 28.626: [ParNew (promotion failed): 2751K->3022K(3072K), 0.0172097 secs]28.643: [CMS: 6322K->6320K(6848K), 0.0166771 secs] 9072K->9072K(9920K), [Metaspace: 3748K->3748K(1056768K)], 0.0339428 secs] [Times: user=0.14 sys=0.00, real=0.04 secs] 
28.660: [GC (CMS Initial Mark) [1 CMS-initial-mark: 6320K(6848K)] 9072K(9920K), 0.0030627 secs] [Times: user=0.01 sys=0.00, real=0.00 secs] 
28.664: [CMS-concurrent-mark-start]
28.664: [GC (Allocation Failure) 28.664: [ParNew (promotion failed): 2751K->3022K(3072K), 0.0228373 secs]28.687: [CMS28.690: [CMS-concurrent-mark: 0.003/0.026 secs] [Times: user=0.18 sys=0.00, real=0.03 secs] 
 (concurrent mode failure): 6322K->6320K(6848K), 0.0197548 secs] 9072K->9072K(9920K), [Metaspace: 3748K->3748K(1056768K)], 0.0426522 secs] [Times: user=0.19 sys=0.00, real=0.04 secs] 
28.707: [GC (Allocation Failure) 28.707: [ParNew (promotion failed): 2751K->2997K(3072K), 0.0216645 secs]28.729: [CMS: 6322K->6320K(6848K), 0.0166308 secs] 9072K->9072K(9920K), [Metaspace: 3748K->3748K(1056768K)], 0.0383525 secs] [Times: user=0.18 sys=0.00, real=0.04 secs] 
28.745: [GC (CMS Initial Mark) [1 CMS-initial-mark: 6320K(6848K)] 9072K(9920K), 0.0030541 secs] [Times: user=0.01 sys=0.00, real=0.01 secs] 
28.748: [CMS-concurrent-mark-start]
28.749: [GC (Allocation Failure) 28.749: [ParNew (promotion failed): 2751K->2997K(3072K), 0.0221470 secs]28.771: [CMS28.774: [CMS-concurrent-mark: 0.003/0.026 secs] [Times: user=0.17 sys=0.01, real=0.02 secs] 
 (concurrent mode failure): 6322K->6320K(6848K), 0.0198890 secs] 9072K->9072K(9920K), [Metaspace: 3748K->3748K(1056768K)], 0.0420879 secs] [Times: user=0.18 sys=0.01, real=0.04 secs] 
28.791: [GC (Allocation Failure) 28.791: [ParNew (promotion failed): 2751K->3022K(3072K), 0.0166394 secs]28.808: [CMS: 6322K->6320K(6848K), 0.0164515 secs] 9072K->9072K(9920K), [Metaspace: 3748K->3748K(1056768K)], 0.0331462 secs] [Times: user=0.14 sys=0.00, real=0.03 secs] 
28.825: [GC (CMS Initial Mark) [1 CMS-initial-mark: 6320K(6848K)] 9072K(9920K), 0.0030651 secs] [Times: user=0.00 sys=0.00, real=0.01 secs] 
28.828: [CMS-concurrent-mark-start]
28.828: [GC (Allocation Failure) 28.828: [ParNew (promotion failed): 2751K->2997K(3072K), 0.0174169 secs]28.845: [CMS28.849: [CMS-concurrent-mark: 0.003/0.021 secs] [Times: user=0.12 sys=0.00, real=0.02 secs] 
 (concurrent mode failure): 6322K->6320K(6848K), 0.0199164 secs] 9072K->9072K(9920K), [Metaspace: 3748K->3748K(1056768K)], 0.0373877 secs] [Times: user=0.14 sys=0.00, real=0.03 secs] 
28.866: [GC (Allocation Failure) 28.866: [ParNew (promotion failed): 2751K->2997K(3072K), 0.0158448 secs]28.882: [CMS: 6322K->6320K(6848K), 0.0166150 secs] 9072K->9072K(9920K), [Metaspace: 3748K->3748K(1056768K)], 0.0325238 secs] [Times: user=0.13 sys=0.00, real=0.04 secs] 
28.899: [GC (CMS Initial Mark) [1 CMS-initial-mark: 6320K(6848K)] 9072K(9920K), 0.0030461 secs] [Times: user=0.00 sys=0.00, real=0.00 secs] 
28.902: [CMS-concurrent-mark-start]
28.903: [GC (Allocation Failure) 28.903: [ParNew (promotion failed): 2751K->2997K(3072K), 0.0152005 secs]28.918: [CMS28.921: [CMS-concurrent-mark: 0.004/0.019 secs] [Times: user=0.12 sys=0.00, real=0.02 secs] 
 (concurrent mode failure): 6322K->6320K(6848K), 0.0194952 secs] 9072K->9072K(9920K), [Metaspace: 3748K->3748K(1056768K)], 0.0347468 secs] [Times: user=0.14 sys=0.00, real=0.03 secs] 
28.938: [GC (Allocation Failure) 28.938: [ParNew (promotion failed): 2751K->3022K(3072K), 0.0145183 secs]28.952: [CMS: 6322K->6320K(6848K), 0.0165987 secs] 9072K->9072K(9920K), [Metaspace: 3748K->3748K(1056768K)], 0.0311737 secs] [Times: user=0.12 sys=0.00, real=0.03 secs] 
28.969: [GC (CMS Initial Mark) [1 CMS-initial-mark: 6320K(6848K)] 9072K(9920K), 0.0030658 secs] [Times: user=0.01 sys=0.00, real=0.00 secs] 
28.972: [CMS-concurrent-mark-start]
28.972: [GC (Allocation Failure) 28.972: [ParNew (promotion failed): 2751K->2997K(3072K), 0.0156110 secs]28.988: [CMS28.991: [CMS-concurrent-mark: 0.003/0.019 secs] [Times: user=0.12 sys=0.00, real=0.02 secs] 
 (concurrent mode failure): 6322K->6320K(6848K), 0.0199449 secs] 9072K->9072K(9920K), [Metaspace: 3748K->3748K(1056768K)], 0.0356077 secs] [Times: user=0.14 sys=0.00, real=0.04 secs] 
29.008: [GC (Allocation Failure) 29.008: [ParNew (promotion failed): 2751K->2997K(3072K), 0.0185767 secs]29.027: [CMS: 6322K->6320K(6848K), 0.0165690 secs] 9072K->9072K(9920K), [Metaspace: 3748K->3748K(1056768K)], 0.0352026 secs] [Times: user=0.15 sys=0.00, real=0.03 secs] 
29.044: [GC (CMS Initial Mark) [1 CMS-initial-mark: 6320K(6848K)] 9072K(9920K), 0.0030958 secs] [Times: user=0.01 sys=0.00, real=0.00 secs] 
29.047: [CMS-concurrent-mark-start]
29.047: [GC (Allocation Failure) 29.047: [ParNew (promotion failed): 2751K->3022K(3072K), 0.0177463 secs]29.065: [CMS29.068: [CMS-concurrent-mark: 0.004/0.021 secs] [Times: user=0.12 sys=0.00, real=0.03 secs] 
 (concurrent mode failure): 6322K->6320K(6848K), 0.0201742 secs] 9072K->9072K(9920K), [Metaspace: 3748K->3748K(1056768K)], 0.0379866 secs] [Times: user=0.14 sys=0.00, real=0.04 secs] 
29.086: [GC (Allocation Failure) 29.086: [ParNew (promotion failed): 2751K->2997K(3072K), 0.0215271 secs]29.107: [CMS: 6322K->6320K(6848K), 0.0166856 secs] 9072K->9072K(9920K), [Metaspace: 3748K->3748K(1056768K)], 0.0382801 secs] [Times: user=0.17 sys=0.00, real=0.04 secs] 
29.125: [GC (CMS Initial Mark) [1 CMS-initial-mark: 6320K(6848K)] 9072K(9920K), 0.0030413 secs] [Times: user=0.01 sys=0.00, real=0.01 secs] 
29.128: [CMS-concurrent-mark-start]
29.128: [GC (Allocation Failure) 29.128: [ParNew (promotion failed): 2751K->3022K(3072K), 0.0161838 secs]29.144: [CMS29.147: [CMS-concurrent-mark: 0.003/0.020 secs] [Times: user=0.12 sys=0.00, real=0.01 secs] 
 (concurrent mode failure): 6322K->6320K(6848K), 0.0199859 secs] 9072K->9072K(9920K), [Metaspace: 3748K->3748K(1056768K)], 0.0362323 secs] [Times: user=0.14 sys=0.00, real=0.03 secs] 
29.165: [GC (Allocation Failure) 29.165: [ParNew (promotion failed): 2751K->3022K(3072K), 0.0242050 secs]29.189: [CMS: 6322K->6320K(6848K), 0.0167438 secs] 9072K->9072K(9920K), [Metaspace: 3748K->3748K(1056768K)], 0.0410119 secs] [Times: user=0.18 sys=0.00, real=0.04 secs] 
29.211: [GC (CMS Initial Mark) [1 CMS-initial-mark: 6320K(6848K)] 9072K(9920K), 0.0030720 secs] [Times: user=0.00 sys=0.00, real=0.00 secs] 
29.214: [CMS-concurrent-mark-start]
29.214: [GC (Allocation Failure) 29.214: [ParNew (promotion failed): 2751K->3022K(3072K), 0.0155030 secs]29.230: [CMS29.233: [CMS-concurrent-mark: 0.004/0.019 secs] [Times: user=0.12 sys=0.00, real=0.02 secs] 
 (concurrent mode failure): 6322K->6320K(6848K), 0.0199827 secs] 9072K->9072K(9920K), [Metaspace: 3748K->3748K(1056768K)], 0.0355360 secs] [Times: user=0.14 sys=0.00, real=0.04 secs] 
29.250: [GC (Allocation Failure) 29.250: [ParNew (promotion failed): 2751K->2997K(3072K), 0.0145106 secs]29.265: [CMS: 6322K->6320K(6848K), 0.0165005 secs] 9072K->9072K(9920K), [Metaspace: 3748K->3748K(1056768K)], 0.0310700 secs] [Times: user=0.12 sys=0.00, real=0.03 secs] 
29.282: [GC (CMS Initial Mark) [1 CMS-initial-mark: 6320K(6848K)] 9072K(9920K), 0.0030851 secs] [Times: user=0.00 sys=0.00, real=0.00 secs] 
29.285: [CMS-concurrent-mark-start]
29.285: [GC (Allocation Failure) 29.285: [ParNew (promotion failed): 2751K->3022K(3072K), 0.0232288 secs]29.308: [CMS29.311: [CMS-concurrent-mark: 0.004/0.027 secs] [Times: user=0.18 sys=0.00, real=0.03 secs] 
 (concurrent mode failure): 6322K->6320K(6848K), 0.0199869 secs] 9072K->9072K(9920K), [Metaspace: 3748K->3748K(1056768K)], 0.0432786 secs] [Times: user=0.20 sys=0.00, real=0.05 secs] 
29.328: [GC (Allocation Failure) 29.328: [ParNew (promotion failed): 2751K->2997K(3072K), 0.0225229 secs]29.351: [CMS: 6322K->6320K(6848K), 0.0165160 secs] 9072K->9072K(9920K), [Metaspace: 3748K->3748K(1056768K)], 0.0390980 secs] [Times: user=0.19 sys=0.00, real=0.03 secs] 
29.368: [GC (CMS Initial Mark) [1 CMS-initial-mark: 6320K(6848K)] 9072K(9920K), 0.0031233 secs] [Times: user=0.00 sys=0.00, real=0.00 secs] 
29.371: [CMS-concurrent-mark-start]
29.371: [GC (Allocation Failure) 29.371: [ParNew (promotion failed): 2751K->3022K(3072K), 0.0218673 secs]29.393: [CMS29.397: [CMS-concurrent-mark: 0.004/0.025 secs] [Times: user=0.17 sys=0.00, real=0.02 secs] 
 (concurrent mode failure): 6322K->6320K(6848K), 0.0200075 secs] 9072K->9072K(9920K), [Metaspace: 3748K->3748K(1056768K)], 0.0419314 secs] [Times: user=0.19 sys=0.00, real=0.04 secs] 
29.414: [GC (Allocation Failure) 29.414: [ParNew (promotion failed): 2751K->3022K(3072K), 0.0235255 secs]29.437: [CMS: 6322K->6320K(6848K), 0.0165802 secs] 9072K->9072K(9920K), [Metaspace: 3748K->3748K(1056768K)], 0.0401688 secs] [Times: user=0.19 sys=0.00, real=0.04 secs] 
29.455: [GC (CMS Initial Mark) [1 CMS-initial-mark: 6320K(6848K)] 9072K(9920K), 0.0030812 secs] [Times: user=0.01 sys=0.00, real=0.00 secs] 
29.458: [CMS-concurrent-mark-start]
29.458: [GC (Allocation Failure) 29.458: [ParNew (promotion failed): 2751K->3022K(3072K), 0.0165674 secs]29.475: [CMS29.478: [CMS-concurrent-mark: 0.004/0.020 secs] [Times: user=0.13 sys=0.01, real=0.03 secs] 
 (concurrent mode failure): 6322K->6320K(6848K), 0.0194186 secs] 9072K->9072K(9920K), [Metaspace: 3748K->3748K(1056768K)], 0.0360382 secs] [Times: user=0.14 sys=0.01, real=0.03 secs] 
29.495: [GC (Allocation Failure) 29.495: [ParNew (promotion failed): 2751K->3022K(3072K), 0.0225296 secs]29.517: [CMS: 6322K->6320K(6848K), 0.0171131 secs] 9072K->9072K(9920K), [Metaspace: 3748K->3748K(1056768K)], 0.0397033 secs] [Times: user=0.18 sys=0.00, real=0.04 secs] 
29.535: [GC (CMS Initial Mark) [1 CMS-initial-mark: 6320K(6848K)] 9072K(9920K), 0.0030635 secs] [Times: user=0.00 sys=0.00, real=0.01 secs] 
29.538: [CMS-concurrent-mark-start]
29.538: [GC (Allocation Failure) 29.538: [ParNew (promotion failed): 2751K->3022K(3072K), 0.0174667 secs]29.556: [CMS29.559: [CMS-concurrent-mark: 0.004/0.021 secs] [Times: user=0.14 sys=0.00, real=0.02 secs] 
 (concurrent mode failure): 6322K->6320K(6848K), 0.0201560 secs] 9072K->9072K(9920K), [Metaspace: 3748K->3748K(1056768K)], 0.0376798 secs] [Times: user=0.15 sys=0.00, real=0.03 secs] 
29.576: [GC (Allocation Failure) 29.576: [ParNew (promotion failed): 2751K->3022K(3072K), 0.0159208 secs]29.592: [CMS: 6322K->6320K(6848K), 0.0164355 secs] 9072K->9072K(9920K), [Metaspace: 3748K->3748K(1056768K)], 0.0324126 secs] [Times: user=0.14 sys=0.00, real=0.04 secs] 
29.609: [GC (CMS Initial Mark) [1 CMS-initial-mark: 6320K(6848K)] 9072K(9920K), 0.0030631 secs] [Times: user=0.00 sys=0.00, real=0.00 secs] 
29.612: [CMS-concurrent-mark-start]
29.612: [GC (Allocation Failure) 29.612: [ParNew (promotion failed): 2751K->2997K(3072K), 0.0167553 secs]29.629: [CMS29.632: [CMS-concurrent-mark: 0.004/0.020 secs] [Times: user=0.13 sys=0.00, real=0.02 secs] 
 (concurrent mode failure): 6322K->6320K(6848K), 0.0198801 secs] 9072K->9072K(9920K), [Metaspace: 3748K->3748K(1056768K)], 0.0366892 secs] [Times: user=0.15 sys=0.00, real=0.04 secs] 
29.649: [GC (Allocation Failure) 29.649: [ParNew (promotion failed): 2751K->2997K(3072K), 0.0206491 secs]29.670: [CMS: 6322K->6320K(6848K), 0.0166561 secs] 9072K->9072K(9920K), [Metaspace: 3748K->3748K(1056768K)], 0.0373648 secs] [Times: user=0.18 sys=0.00, real=0.03 secs] 
29.687: [GC (CMS Initial Mark) [1 CMS-initial-mark: 6320K(6848K)] 9072K(9920K), 0.0030903 secs] [Times: user=0.00 sys=0.00, real=0.01 secs] 
29.691: [CMS-concurrent-mark-start]
29.691: [GC (Allocation Failure) 29.691: [ParNew (promotion failed): 2751K->2997K(3072K), 0.0183502 secs]29.709: [CMS29.712: [CMS-concurrent-mark: 0.003/0.022 secs] [Times: user=0.14 sys=0.00, real=0.02 secs] 
 (concurrent mode failure): 6322K->6320K(6848K), 0.0210671 secs] 9072K->9072K(9920K), [Metaspace: 3748K->3748K(1056768K)], 0.0394704 secs] [Times: user=0.16 sys=0.00, real=0.04 secs] 
29.732: [GC (Allocation Failure) 29.732: [ParNew (promotion failed): 2751K->2997K(3072K), 0.0198050 secs]29.751: [CMS: 6322K->6320K(6848K), 0.0166677 secs] 9072K->9072K(9920K), [Metaspace: 3748K->3748K(1056768K)], 0.0365449 secs] [Times: user=0.15 sys=0.00, real=0.04 secs] 
29.769: [GC (CMS Initial Mark) [1 CMS-initial-mark: 6320K(6848K)] 9072K(9920K), 0.0030799 secs] [Times: user=0.00 sys=0.00, real=0.00 secs] 
29.772: [CMS-concurrent-mark-start]
29.772: [GC (Allocation Failure) 29.772: [ParNew (promotion failed): 2751K->2997K(3072K), 0.0148950 secs]29.787: [CMS29.790: [CMS-concurrent-mark: 0.004/0.019 secs] [Times: user=0.12 sys=0.00, real=0.02 secs] 
 (concurrent mode failure): 6322K->6320K(6848K), 0.0198740 secs] 9072K->9072K(9920K), [Metaspace: 3748K->3748K(1056768K)], 0.0348241 secs] [Times: user=0.14 sys=0.00, real=0.03 secs] 
29.807: [GC (Allocation Failure) 29.807: [ParNew (promotion failed): 2751K->3022K(3072K), 0.0166246 secs]29.824: [CMS: 6322K->6320K(6848K), 0.0165056 secs] 9072K->9072K(9920K), [Metaspace: 3748K->3748K(1056768K)], 0.0331865 secs] [Times: user=0.14 sys=0.01, real=0.04 secs] 
29.841: [GC (CMS Initial Mark) [1 CMS-initial-mark: 6320K(6848K)] 9072K(9920K), 0.0030478 secs] [Times: user=0.00 sys=0.00, real=0.00 secs] 
29.844: [CMS-concurrent-mark-start]
29.844: [GC (Allocation Failure) 29.844: [ParNew (promotion failed): 2751K->2997K(3072K), 0.0205309 secs]29.864: [CMS29.868: [CMS-concurrent-mark: 0.003/0.024 secs] [Times: user=0.16 sys=0.00, real=0.03 secs] 
 (concurrent mode failure): 6322K->6320K(6848K), 0.0199293 secs] 9072K->9072K(9920K), [Metaspace: 3748K->3748K(1056768K)], 0.0405098 secs] [Times: user=0.18 sys=0.00, real=0.04 secs] 
29.885: [GC (Allocation Failure) 29.885: [ParNew (promotion failed): 2751K->3022K(3072K), 0.0176302 secs]29.902: [CMS: 6322K->6320K(6848K), 0.0165353 secs] 9072K->9072K(9920K), [Metaspace: 3748K->3748K(1056768K)], 0.0342239 secs] [Times: user=0.15 sys=0.00, real=0.04 secs] 
29.920: [GC (CMS Initial Mark) [1 CMS-initial-mark: 6320K(6848K)] 9072K(9920K), 0.0032532 secs] [Times: user=0.00 sys=0.00, real=0.00 secs] 
29.923: [CMS-concurrent-mark-start]
29.923: [GC (Allocation Failure) 29.923: [ParNew (promotion failed): 2751K->3022K(3072K), 0.0171188 secs]29.940: [CMS29.944: [CMS-concurrent-mark: 0.004/0.021 secs] [Times: user=0.13 sys=0.00, real=0.02 secs] 
 (concurrent mode failure): 6322K->6320K(6848K), 0.0200768 secs] 9072K->9072K(9920K), [Metaspace: 3748K->3748K(1056768K)], 0.0372487 secs] [Times: user=0.15 sys=0.00, real=0.04 secs] 
29.961: [GC (Allocation Failure) 29.961: [ParNew (promotion failed): 2751K->2997K(3072K), 0.0144895 secs]29.975: [CMS: 6322K->6320K(6848K), 0.0165385 secs] 9072K->9072K(9920K), [Metaspace: 3748K->3748K(1056768K)], 0.0310878 secs] [Times: user=0.12 sys=0.00, real=0.03 secs] 
29.992: [GC (CMS Initial Mark) [1 CMS-initial-mark: 6320K(6848K)] 9072K(9920K), 0.0030817 secs] [Times: user=0.01 sys=0.00, real=0.00 secs] 
29.995: [CMS-concurrent-mark-start]
29.996: [GC (Allocation Failure) 29.996: [ParNew (promotion failed): 2751K->2997K(3072K), 0.0175523 secs]30.014: [CMS30.017: [CMS-concurrent-mark: 0.004/0.021 secs] [Times: user=0.13 sys=0.00, real=0.02 secs] 
 (concurrent mode failure): 6322K->6320K(6848K), 0.0196559 secs] 9072K->9072K(9920K), [Metaspace: 3748K->3748K(1056768K)], 0.0372629 secs] [Times: user=0.15 sys=0.00, real=0.04 secs] 
30.034: [GC (Allocation Failure) 30.034: [ParNew (promotion failed): 2751K->3022K(3072K), 0.0185843 secs]30.053: [CMS: 6322K->6320K(6848K), 0.0168409 secs] 9072K->9072K(9920K), [Metaspace: 3748K->3748K(1056768K)], 0.0354816 secs] [Times: user=0.16 sys=0.00, real=0.04 secs] 
30.070: [GC (CMS Initial Mark) [1 CMS-initial-mark: 6320K(6848K)] 9072K(9920K), 0.0030423 secs] [Times: user=0.00 sys=0.00, real=0.00 secs] 
30.073: [CMS-concurrent-mark-start]
30.073: [GC (Allocation Failure) 30.073: [ParNew (promotion failed): 2751K->2997K(3072K), 0.0228905 secs]30.096: [CMS30.099: [CMS-concurrent-mark: 0.003/0.026 secs] [Times: user=0.18 sys=0.00, real=0.03 secs] 
 (concurrent mode failure): 6322K->6320K(6848K), 0.0199712 secs] 9072K->9072K(9920K), [Metaspace: 3748K->3748K(1056768K)], 0.0429294 secs] [Times: user=0.20 sys=0.00, real=0.04 secs] 
30.116: [GC (Allocation Failure) 30.116: [ParNew (promotion failed): 2751K->3022K(3072K), 0.0180556 secs]30.134: [CMS: 6322K->6320K(6848K), 0.0164665 secs] 9072K->9072K(9920K), [Metaspace: 3748K->3748K(1056768K)], 0.0345759 secs] [Times: user=0.15 sys=0.00, real=0.04 secs] 
30.151: [GC (CMS Initial Mark) [1 CMS-initial-mark: 6320K(6848K)] 9072K(9920K), 0.0030673 secs] [Times: user=0.00 sys=0.00, real=0.00 secs] 
30.154: [CMS-concurrent-mark-start]
30.154: [GC (Allocation Failure) 30.154: [ParNew (promotion failed): 2751K->3022K(3072K), 0.0163697 secs]30.175: [CMS30.179: [CMS-concurrent-mark: 0.004/0.025 secs] [Times: user=0.13 sys=0.01, real=0.03 secs] 
 (concurrent mode failure): 6322K->6320K(6848K), 0.0197660 secs] 9072K->9072K(9920K), [Metaspace: 3748K->3748K(1056768K)], 0.0407668 secs] [Times: user=0.15 sys=0.01, real=0.04 secs] 
30.195: [GC (Allocation Failure) 30.195: [ParNew (promotion failed): 2751K->2997K(3072K), 0.0226644 secs]30.218: [CMS: 6322K->6320K(6848K), 0.0167102 secs] 9072K->9072K(9920K), [Metaspace: 3748K->3748K(1056768K)], 0.0394461 secs] [Times: user=0.18 sys=0.00, real=0.04 secs] 
30.236: [GC (CMS Initial Mark) [1 CMS-initial-mark: 6320K(6848K)] 9072K(9920K), 0.0030411 secs] [Times: user=0.00 sys=0.00, real=0.01 secs] 
30.239: [CMS-concurrent-mark-start]
30.239: [GC (Allocation Failure) 30.239: [ParNew (promotion failed): 2751K->2997K(3072K), 0.0231156 secs]30.262: [CMS30.265: [CMS-concurrent-mark: 0.003/0.027 secs] [Times: user=0.18 sys=0.00, real=0.02 secs] 
 (concurrent mode failure): 6322K->6320K(6848K), 0.0200480 secs] 9072K->9072K(9920K), [Metaspace: 3748K->3748K(1056768K)], 0.0432157 secs] [Times: user=0.19 sys=0.00, real=0.04 secs] 
30.283: [GC (Allocation Failure) 30.283: [ParNew (promotion failed): 2751K->3022K(3072K), 0.0137903 secs]30.297: [CMS: 6322K->6320K(6848K), 0.0165655 secs] 9072K->9072K(9920K), [Metaspace: 3748K->3748K(1056768K)], 0.0304192 secs] [Times: user=0.12 sys=0.00, real=0.03 secs] 
30.314: [GC (CMS Initial Mark) [1 CMS-initial-mark: 6320K(6848K)] 9072K(9920K), 0.0030249 secs] [Times: user=0.00 sys=0.00, real=0.00 secs] 
30.317: [CMS-concurrent-mark-start]
30.317: [GC (Allocation Failure) 30.317: [ParNew (promotion failed): 2751K->3022K(3072K), 0.0161126 secs]30.333: [CMS30.336: [CMS-concurrent-mark: 0.003/0.020 secs] [Times: user=0.13 sys=0.00, real=0.02 secs] 
 (concurrent mode failure): 6322K->6320K(6848K), 0.0198168 secs] 9072K->9072K(9920K), [Metaspace: 3748K->3748K(1056768K)], 0.0359824 secs] [Times: user=0.15 sys=0.00, real=0.04 secs] 
30.353: [GC (Allocation Failure) 30.353: [ParNew (promotion failed): 2751K->2997K(3072K), 0.0163944 secs]30.370: [CMS: 6322K->6320K(6848K), 0.0164802 secs] 9072K->9072K(9920K), [Metaspace: 3748K->3748K(1056768K)], 0.0329282 secs] [Times: user=0.14 sys=0.00, real=0.03 secs] 
30.387: [GC (CMS Initial Mark) [1 CMS-initial-mark: 6320K(6848K)] 9072K(9920K), 0.0030531 secs] [Times: user=0.00 sys=0.00, real=0.01 secs] 
30.390: [CMS-concurrent-mark-start]
30.390: [GC (Allocation Failure) 30.390: [ParNew (promotion failed): 2751K->2997K(3072K), 0.0224483 secs]30.412: [CMS30.416: [CMS-concurrent-mark: 0.004/0.026 secs] [Times: user=0.18 sys=0.00, real=0.02 secs] 
 (concurrent mode failure): 6322K->6320K(6848K), 0.0199345 secs] 9072K->9072K(9920K), [Metaspace: 3748K->3748K(1056768K)], 0.0424401 secs] [Times: user=0.20 sys=0.00, real=0.04 secs] 
30.433: [GC (Allocation Failure) 30.433: [ParNew (promotion failed): 2751K->2997K(3072K), 0.0226902 secs]30.455: [CMS: 6322K->6320K(6848K), 0.0165783 secs] 9072K->9072K(9920K), [Metaspace: 3748K->3748K(1056768K)], 0.0393254 secs] [Times: user=0.19 sys=0.00, real=0.04 secs] 
30.472: [GC (CMS Initial Mark) [1 CMS-initial-mark: 6320K(6848K)] 9072K(9920K), 0.0030716 secs] [Times: user=0.00 sys=0.00, real=0.00 secs] 
30.475: [CMS-concurrent-mark-start]
30.475: [GC (Allocation Failure) 30.475: [ParNew (promotion failed): 2751K->3022K(3072K), 0.0152997 secs]30.491: [CMS30.494: [CMS-concurrent-mark: 0.004/0.019 secs] [Times: user=0.12 sys=0.00, real=0.02 secs] 
 (concurrent mode failure): 6322K->6320K(6848K), 0.0200675 secs] 9072K->9072K(9920K), [Metaspace: 3748K->3748K(1056768K)], 0.0354243 secs] [Times: user=0.13 sys=0.00, real=0.04 secs] 
30.512: [GC (Allocation Failure) 30.512: [ParNew (promotion failed): 2751K->3022K(3072K), 0.0136528 secs]30.525: [CMS: 6322K->6320K(6848K), 0.0167771 secs] 9072K->9072K(9920K), [Metaspace: 3748K->3748K(1056768K)], 0.0304911 secs] [Times: user=0.12 sys=0.00, real=0.03 secs] 
30.543: [GC (CMS Initial Mark) [1 CMS-initial-mark: 6320K(6848K)] 9072K(9920K), 0.0030675 secs] [Times: user=0.00 sys=0.00, real=0.00 secs] 
30.546: [CMS-concurrent-mark-start]
30.546: [GC (Allocation Failure) 30.546: [ParNew (promotion failed): 2751K->3022K(3072K), 0.0122233 secs]30.559: [CMS30.562: [CMS-concurrent-mark: 0.004/0.016 secs] [Times: user=0.08 sys=0.01, real=0.02 secs] 
 (concurrent mode failure): 6322K->6320K(6848K), 0.0196695 secs] 9072K->9072K(9920K), [Metaspace: 3748K->3748K(1056768K)], 0.0319557 secs] [Times: user=0.10 sys=0.01, real=0.04 secs] 
30.579: [GC (Allocation Failure) 30.579: [ParNew (promotion failed): 2751K->2997K(3072K), 0.0152511 secs]30.594: [CMS: 6322K->6320K(6848K), 0.0166207 secs] 9072K->9072K(9920K), [Metaspace: 3748K->3748K(1056768K)], 0.0319283 secs] [Times: user=0.13 sys=0.00, real=0.03 secs] 
30.611: [GC (CMS Initial Mark) [1 CMS-initial-mark: 6320K(6848K)] 9072K(9920K), 0.0030772 secs] [Times: user=0.00 sys=0.00, real=0.00 secs] 
30.614: [CMS-concurrent-mark-start]
30.614: [GC (Allocation Failure) 30.614: [ParNew (promotion failed): 2751K->2997K(3072K), 0.0204040 secs]30.635: [CMS30.638: [CMS-concurrent-mark: 0.003/0.024 secs] [Times: user=0.16 sys=0.00, real=0.03 secs] 
 (concurrent mode failure): 6322K->6320K(6848K), 0.0198618 secs] 9072K->9072K(9920K), [Metaspace: 3748K->3748K(1056768K)], 0.0403205 secs] [Times: user=0.18 sys=0.00, real=0.04 secs] 
30.655: [GC (Allocation Failure) 30.655: [ParNew (promotion failed): 2751K->3046K(3072K), 0.0184029 secs]30.673: [CMS: 6322K->6320K(6848K), 0.0166167 secs] 9072K->9072K(9920K), [Metaspace: 3748K->3748K(1056768K)], 0.0350692 secs] [Times: user=0.16 sys=0.00, real=0.04 secs] 
30.690: [GC (CMS Initial Mark) [1 CMS-initial-mark: 6320K(6848K)] 9072K(9920K), 0.0030599 secs] [Times: user=0.00 sys=0.00, real=0.00 secs] 
30.693: [CMS-concurrent-mark-start]
30.693: [GC (Allocation Failure) 30.693: [ParNew (promotion failed): 2751K->3022K(3072K), 0.0178553 secs]30.711: [CMS30.715: [CMS-concurrent-mark: 0.003/0.021 secs] [Times: user=0.14 sys=0.00, real=0.02 secs] 
 (concurrent mode failure): 6322K->6320K(6848K), 0.0199695 secs] 9072K->9072K(9920K), [Metaspace: 3748K->3748K(1056768K)], 0.0378777 secs] [Times: user=0.16 sys=0.00, real=0.04 secs] 
30.732: [GC (Allocation Failure) 30.732: [ParNew (promotion failed): 2751K->2997K(3072K), 0.0160014 secs]30.748: [CMS: 6322K->6320K(6848K), 0.0166492 secs] 9072K->9072K(9920K), [Metaspace: 3748K->3748K(1056768K)], 0.0327057 secs] [Times: user=0.13 sys=0.00, real=0.03 secs] 
30.765: [GC (CMS Initial Mark) [1 CMS-initial-mark: 6320K(6848K)] 9072K(9920K), 0.0030738 secs] [Times: user=0.01 sys=0.00, real=0.01 secs] 
30.768: [CMS-concurrent-mark-start]
30.768: [GC (Allocation Failure) 30.768: [ParNew (promotion failed): 2751K->3022K(3072K), 0.0171193 secs]30.786: [CMS30.789: [CMS-concurrent-mark: 0.003/0.021 secs] [Times: user=0.13 sys=0.00, real=0.02 secs] 
 (concurrent mode failure): 6322K->6320K(6848K), 0.0199655 secs] 9072K->9072K(9920K), [Metaspace: 3748K->3748K(1056768K)], 0.0371400 secs] [Times: user=0.15 sys=0.00, real=0.03 secs] 
30.806: [GC (Allocation Failure) 30.806: [ParNew (promotion failed): 2751K->2997K(3072K), 0.0148489 secs]30.821: [CMS: 6322K->6320K(6848K), 0.0165442 secs] 9072K->9072K(9920K), [Metaspace: 3748K->3748K(1056768K)], 0.0314517 secs] [Times: user=0.12 sys=0.00, real=0.04 secs] 
30.838: [GC (CMS Initial Mark) [1 CMS-initial-mark: 6320K(6848K)] 9072K(9920K), 0.0030356 secs] [Times: user=0.00 sys=0.00, real=0.00 secs] 
30.841: [CMS-concurrent-mark-start]
30.842: [GC (Allocation Failure) 30.842: [ParNew (promotion failed): 2751K->2997K(3072K), 0.0169782 secs]30.859: [CMS30.862: [CMS-concurrent-mark: 0.004/0.021 secs] [Times: user=0.13 sys=0.00, real=0.02 secs] 
 (concurrent mode failure): 6322K->6320K(6848K), 0.0197835 secs] 9072K->9072K(9920K), [Metaspace: 3748K->3748K(1056768K)], 0.0368220 secs] [Times: user=0.15 sys=0.00, real=0.04 secs] 
30.879: [GC (Allocation Failure) 30.879: [ParNew (promotion failed): 2751K->3071K(3072K), 0.0147012 secs]30.893: [CMS: 6322K->6320K(6848K), 0.0165081 secs] 9072K->9072K(9920K), [Metaspace: 3748K->3748K(1056768K)], 0.0312697 secs] [Times: user=0.12 sys=0.00, real=0.03 secs] 
30.910: [GC (CMS Initial Mark) [1 CMS-initial-mark: 6320K(6848K)] 9072K(9920K), 0.0030750 secs] [Times: user=0.01 sys=0.00, real=0.00 secs] 
30.913: [CMS-concurrent-mark-start]
30.913: [GC (Allocation Failure) 30.913: [ParNew (promotion failed): 2751K->2997K(3072K), 0.0220086 secs]30.935: [CMS30.939: [CMS-concurrent-mark: 0.003/0.026 secs] [Times: user=0.17 sys=0.01, real=0.03 secs] 
 (concurrent mode failure): 6322K->6320K(6848K), 0.0199056 secs] 9072K->9072K(9920K), [Metaspace: 3748K->3748K(1056768K)], 0.0419737 secs] [Times: user=0.18 sys=0.01, real=0.04 secs] 
30.956: [GC (Allocation Failure) 30.956: [ParNew (promotion failed): 2751K->2997K(3072K), 0.0164598 secs]30.972: [CMS: 6322K->6320K(6848K), 0.0166743 secs] 9072K->9072K(9920K), [Metaspace: 3748K->3748K(1056768K)], 0.0331877 secs] [Times: user=0.14 sys=0.00, real=0.04 secs] 
30.989: [GC (CMS Initial Mark) [1 CMS-initial-mark: 6320K(6848K)] 9072K(9920K), 0.0030614 secs] [Times: user=0.01 sys=0.00, real=0.00 secs] 
30.992: [CMS-concurrent-mark-start]
30.993: [GC (Allocation Failure) 30.993: [ParNew (promotion failed): 2751K->3022K(3072K), 0.0163526 secs]31.009: [CMS31.012: [CMS-concurrent-mark: 0.004/0.020 secs] [Times: user=0.13 sys=0.00, real=0.02 secs] 
 (concurrent mode failure): 6322K->6320K(6848K), 0.0202289 secs] 9072K->9072K(9920K), [Metaspace: 3748K->3748K(1056768K)], 0.0366501 secs] [Times: user=0.14 sys=0.00, real=0.04 secs] 
31.030: [GC (Allocation Failure) 31.030: [ParNew (promotion failed): 2751K->2997K(3072K), 0.0156485 secs]31.046: [CMS: 6322K->6320K(6848K), 0.0165841 secs] 9072K->9072K(9920K), [Metaspace: 3748K->3748K(1056768K)], 0.0322956 secs] [Times: user=0.14 sys=0.00, real=0.03 secs] 
31.063: [GC (CMS Initial Mark) [1 CMS-initial-mark: 6320K(6848K)] 9072K(9920K), 0.0030761 secs] [Times: user=0.00 sys=0.00, real=0.00 secs] 
31.066: [CMS-concurrent-mark-start]
31.066: [GC (Allocation Failure) 31.066: [ParNew (promotion failed): 2751K->3022K(3072K), 0.0185890 secs]31.085: [CMS31.088: [CMS-concurrent-mark: 0.004/0.022 secs] [Times: user=0.15 sys=0.00, real=0.03 secs] 
 (concurrent mode failure): 6322K->6320K(6848K), 0.0195848 secs] 9072K->9072K(9920K), [Metaspace: 3748K->3748K(1056768K)], 0.0382287 secs] [Times: user=0.16 sys=0.00, real=0.04 secs] 
31.105: [GC (Allocation Failure) 31.105: [ParNew (promotion failed): 2751K->3022K(3072K), 0.0162384 secs]31.121: [CMS: 6322K->6320K(6848K), 0.0167510 secs] 9072K->9072K(9920K), [Metaspace: 3748K->3748K(1056768K)], 0.0330538 secs] [Times: user=0.14 sys=0.00, real=0.04 secs] 
31.139: [GC (CMS Initial Mark) [1 CMS-initial-mark: 6320K(6848K)] 9072K(9920K), 0.0030484 secs] [Times: user=0.01 sys=0.00, real=0.00 secs] 
31.142: [CMS-concurrent-mark-start]
31.142: [GC (Allocation Failure) 31.142: [ParNew (promotion failed): 2751K->3022K(3072K), 0.0176537 secs]31.159: [CMS31.163: [CMS-concurrent-mark: 0.004/0.021 secs] [Times: user=0.14 sys=0.00, real=0.02 secs] 
 (concurrent mode failure): 6322K->6320K(6848K), 0.0201011 secs] 9072K->9072K(9920K), [Metaspace: 3748K->3748K(1056768K)], 0.0378064 secs] [Times: user=0.15 sys=0.00, real=0.04 secs] 
31.180: [GC (Allocation Failure) 31.180: [ParNew (promotion failed): 2751K->2997K(3072K), 0.0232939 secs]31.203: [CMS: 6322K->6320K(6848K), 0.0163998 secs] 9072K->9072K(9920K), [Metaspace: 3748K->3748K(1056768K)], 0.0397397 secs] [Times: user=0.19 sys=0.00, real=0.04 secs] 
31.220: [GC (CMS Initial Mark) [1 CMS-initial-mark: 6320K(6848K)] 9072K(9920K), 0.0030886 secs] [Times: user=0.01 sys=0.00, real=0.00 secs] 
31.223: [CMS-concurrent-mark-start]
31.223: [GC (Allocation Failure) 31.223: [ParNew (promotion failed): 2751K->3022K(3072K), 0.0146270 secs]31.238: [CMS31.241: [CMS-concurrent-mark: 0.004/0.018 secs] [Times: user=0.11 sys=0.00, real=0.02 secs] 
 (concurrent mode failure): 6322K->6320K(6848K), 0.0200672 secs] 9072K->9072K(9920K), [Metaspace: 3748K->3748K(1056768K)], 0.0347485 secs] [Times: user=0.13 sys=0.00, real=0.04 secs] 
31.258: [GC (Allocation Failure) 31.258: [ParNew (promotion failed): 2751K->3022K(3072K), 0.0165453 secs]31.275: [CMS: 6322K->6320K(6848K), 0.0166652 secs] 9072K->9072K(9920K), [Metaspace: 3748K->3748K(1056768K)], 0.0332693 secs] [Times: user=0.13 sys=0.00, real=0.03 secs] 
31.292: [GC (CMS Initial Mark) [1 CMS-initial-mark: 6320K(6848K)] 9072K(9920K), 0.0030605 secs] [Times: user=0.01 sys=0.00, real=0.00 secs] 
31.295: [CMS-concurrent-mark-start]
31.296: [GC (Allocation Failure) 31.296: [ParNew (promotion failed): 2751K->2997K(3072K), 0.0148660 secs]31.310: [CMS31.314: [CMS-concurrent-mark: 0.003/0.018 secs] [Times: user=0.12 sys=0.01, real=0.02 secs] 
 (concurrent mode failure): 6322K->6320K(6848K), 0.0200107 secs] 9072K->9072K(9920K), [Metaspace: 3748K->3748K(1056768K)], 0.0349320 secs] [Times: user=0.13 sys=0.01, real=0.04 secs] 
31.331: [GC (Allocation Failure) 31.331: [ParNew (promotion failed): 2751K->3022K(3072K), 0.0170730 secs]31.348: [CMS: 6322K->6320K(6848K), 0.0165760 secs] 9072K->9072K(9920K), [Metaspace: 3748K->3748K(1056768K)], 0.0337013 secs] [Times: user=0.15 sys=0.00, real=0.03 secs] 
31.365: [GC (CMS Initial Mark) [1 CMS-initial-mark: 6320K(6848K)] 9072K(9920K), 0.0030658 secs] [Times: user=0.00 sys=0.00, real=0.01 secs] 
31.368: [CMS-concurrent-mark-start]
31.369: [GC (Allocation Failure) 31.369: [ParNew (promotion failed): 2751K->2997K(3072K), 0.0225279 secs]31.391: [CMS31.395: [CMS-concurrent-mark: 0.003/0.026 secs] [Times: user=0.18 sys=0.00, real=0.02 secs] 
 (concurrent mode failure): 6322K->6320K(6848K), 0.0196539 secs] 9072K->9072K(9920K), [Metaspace: 3748K->3748K(1056768K)], 0.0422373 secs] [Times: user=0.19 sys=0.00, real=0.04 secs] 
31.411: [GC (Allocation Failure) 31.411: [ParNew (promotion failed): 2751K->3022K(3072K), 0.0141552 secs]31.426: [CMS: 6322K->6320K(6848K), 0.0167100 secs] 9072K->9072K(9920K), [Metaspace: 3748K->3748K(1056768K)], 0.0309215 secs] [Times: user=0.12 sys=0.00, real=0.03 secs] 
31.442: [GC (CMS Initial Mark) [1 CMS-initial-mark: 6320K(6848K)] 9072K(9920K), 0.0030500 secs] [Times: user=0.00 sys=0.00, real=0.00 secs] 
31.446: [CMS-concurrent-mark-start]
31.446: [GC (Allocation Failure) 31.446: [ParNew (promotion failed): 2751K->3022K(3072K), 0.0199495 secs]31.466: [CMS31.469: [CMS-concurrent-mark: 0.003/0.023 secs] [Times: user=0.16 sys=0.00, real=0.03 secs] 
 (concurrent mode failure): 6322K->6320K(6848K), 0.0200548 secs] 9072K->9072K(9920K), [Metaspace: 3748K->3748K(1056768K)], 0.0400549 secs] [Times: user=0.17 sys=0.00, real=0.04 secs] 
31.486: [GC (Allocation Failure) 31.486: [ParNew (promotion failed): 2751K->2997K(3072K), 0.0136998 secs]31.500: [CMS: 6322K->6320K(6848K), 0.0164667 secs] 9072K->9072K(9920K), [Metaspace: 3748K->3748K(1056768K)], 0.0302189 secs] [Times: user=0.11 sys=0.00, real=0.03 secs] 
31.517: [GC (CMS Initial Mark) [1 CMS-initial-mark: 6320K(6848K)] 9072K(9920K), 0.0031196 secs] [Times: user=0.00 sys=0.00, real=0.01 secs] 
31.520: [CMS-concurrent-mark-start]
31.520: [GC (Allocation Failure) 31.520: [ParNew (promotion failed): 2751K->3022K(3072K), 0.0130738 secs]31.533: [CMS31.537: [CMS-concurrent-mark: 0.004/0.017 secs] [Times: user=0.10 sys=0.00, real=0.01 secs] 
 (concurrent mode failure): 6322K->6320K(6848K), 0.0204251 secs] 9072K->9072K(9920K), [Metaspace: 3748K->3748K(1056768K)], 0.0335595 secs] [Times: user=0.11 sys=0.00, real=0.03 secs] 
31.554: [GC (Allocation Failure) 31.554: [ParNew (promotion failed): 2751K->2997K(3072K), 0.0163500 secs]31.571: [CMS: 6322K->6320K(6848K), 0.0166056 secs] 9072K->9072K(9920K), [Metaspace: 3748K->3748K(1056768K)], 0.0330133 secs] [Times: user=0.14 sys=0.00, real=0.03 secs] 
31.588: [GC (CMS Initial Mark) [1 CMS-initial-mark: 6320K(6848K)] 9072K(9920K), 0.0030738 secs] [Times: user=0.00 sys=0.00, real=0.00 secs] 
31.591: [CMS-concurrent-mark-start]
31.591: [GC (Allocation Failure) 31.591: [ParNew (promotion failed): 2751K->2997K(3072K), 0.0173741 secs]31.609: [CMS31.612: [CMS-concurrent-mark: 0.003/0.021 secs] [Times: user=0.14 sys=0.00, real=0.02 secs] 
 (concurrent mode failure): 6322K->6320K(6848K), 0.0196050 secs] 9072K->9072K(9920K), [Metaspace: 3748K->3748K(1056768K)], 0.0370277 secs] [Times: user=0.15 sys=0.00, real=0.04 secs] 
31.629: [GC (Allocation Failure) 31.629: [ParNew (promotion failed): 2751K->3022K(3072K), 0.0177934 secs]31.647: [CMS: 6322K->6320K(6848K), 0.0167973 secs] 9072K->9072K(9920K), [Metaspace: 3748K->3748K(1056768K)], 0.0346514 secs] [Times: user=0.15 sys=0.01, real=0.03 secs] 
31.664: [GC (CMS Initial Mark) [1 CMS-initial-mark: 6320K(6848K)] 9072K(9920K), 0.0030322 secs] [Times: user=0.00 sys=0.00, real=0.00 secs] 
31.667: [CMS-concurrent-mark-start]
31.667: [GC (Allocation Failure) 31.667: [ParNew (promotion failed): 2751K->2997K(3072K), 0.0184393 secs]31.685: [CMS31.689: [CMS-concurrent-mark: 0.003/0.022 secs] [Times: user=0.15 sys=0.00, real=0.03 secs] 
 (concurrent mode failure): 6322K->6320K(6848K), 0.0198915 secs] 9072K->9072K(9920K), [Metaspace: 3748K->3748K(1056768K)], 0.0383849 secs] [Times: user=0.17 sys=0.00, real=0.04 secs] 
31.706: [GC (Allocation Failure) 31.706: [ParNew (promotion failed): 2751K->2997K(3072K), 0.0207319 secs]31.726: [CMS: 6322K->6320K(6848K), 0.0166588 secs] 9072K->9072K(9920K), [Metaspace: 3748K->3748K(1056768K)], 0.0374485 secs] [Times: user=0.17 sys=0.00, real=0.04 secs] 
31.743: [GC (CMS Initial Mark) [1 CMS-initial-mark: 6320K(6848K)] 9072K(9920K), 0.0030401 secs] [Times: user=0.00 sys=0.00, real=0.00 secs] 
31.747: [CMS-concurrent-mark-start]
31.747: [GC (Allocation Failure) 31.747: [ParNew (promotion failed): 2751K->3022K(3072K), 0.0147702 secs]31.762: [CMS31.765: [CMS-concurrent-mark: 0.004/0.018 secs] [Times: user=0.12 sys=0.00, real=0.02 secs] 
 (concurrent mode failure): 6322K->6320K(6848K), 0.0200198 secs] 9072K->9072K(9920K), [Metaspace: 3748K->3748K(1056768K)], 0.0348463 secs] [Times: user=0.13 sys=0.00, real=0.04 secs] 
31.782: [GC (Allocation Failure) 31.782: [ParNew (promotion failed): 2751K->2997K(3072K), 0.0181547 secs]31.800: [CMS: 6322K->6320K(6848K), 0.0166179 secs] 9072K->9072K(9920K), [Metaspace: 3748K->3748K(1056768K)], 0.0348360 secs] [Times: user=0.15 sys=0.00, real=0.03 secs] 
31.818: [GC (CMS Initial Mark) [1 CMS-initial-mark: 6320K(6848K)] 9072K(9920K), 0.0030606 secs] [Times: user=0.00 sys=0.00, real=0.01 secs] 
31.821: [CMS-concurrent-mark-start]
31.821: [GC (Allocation Failure) 31.821: [ParNew (promotion failed): 2751K->2997K(3072K), 0.0225132 secs]31.843: [CMS31.847: [CMS-concurrent-mark: 0.004/0.026 secs] [Times: user=0.18 sys=0.00, real=0.02 secs] 
 (concurrent mode failure): 6322K->6320K(6848K), 0.0201705 secs] 9072K->9072K(9920K), [Metaspace: 3748K->3748K(1056768K)], 0.0427444 secs] [Times: user=0.20 sys=0.00, real=0.04 secs] 
31.864: [GC (Allocation Failure) 31.864: [ParNew (promotion failed): 2751K->2997K(3072K), 0.0154199 secs]31.880: [CMS: 6322K->6320K(6848K), 0.0165760 secs] 9072K->9072K(9920K), [Metaspace: 3748K->3748K(1056768K)], 0.0320614 secs] [Times: user=0.13 sys=0.00, real=0.03 secs] 
31.897: [GC (CMS Initial Mark) [1 CMS-initial-mark: 6320K(6848K)] 9072K(9920K), 0.0031068 secs] [Times: user=0.00 sys=0.00, real=0.01 secs] 
31.900: [CMS-concurrent-mark-start]
31.900: [GC (Allocation Failure) 31.900: [ParNew (promotion failed): 2751K->3022K(3072K), 0.0182442 secs]31.919: [CMS31.922: [CMS-concurrent-mark: 0.004/0.022 secs] [Times: user=0.15 sys=0.00, real=0.02 secs] 
 (concurrent mode failure): 6322K->6320K(6848K), 0.0198085 secs] 9072K->9072K(9920K), [Metaspace: 3748K->3748K(1056768K)], 0.0381062 secs] [Times: user=0.16 sys=0.00, real=0.04 secs] 
31.939: [GC (Allocation Failure) 31.939: [ParNew (promotion failed): 2751K->2997K(3072K), 0.0145240 secs]31.953: [CMS: 6322K->6320K(6848K), 0.0165444 secs] 9072K->9072K(9920K), [Metaspace: 3748K->3748K(1056768K)], 0.0311610 secs] [Times: user=0.13 sys=0.00, real=0.03 secs] 
31.970: [GC (CMS Initial Mark) [1 CMS-initial-mark: 6320K(6848K)] 9072K(9920K), 0.0030455 secs] [Times: user=0.00 sys=0.00, real=0.00 secs] 
31.973: [CMS-concurrent-mark-start]
31.973: [GC (Allocation Failure) 31.973: [ParNew (promotion failed): 2751K->2997K(3072K), 0.0178315 secs]31.991: [CMS31.995: [CMS-concurrent-mark: 0.003/0.021 secs] [Times: user=0.14 sys=0.00, real=0.02 secs] 
 (concurrent mode failure): 6322K->6320K(6848K), 0.0201267 secs] 9072K->9072K(9920K), [Metaspace: 3748K->3748K(1056768K)], 0.0380145 secs] [Times: user=0.16 sys=0.00, real=0.04 secs] 
32.012: [GC (Allocation Failure) 32.012: [ParNew (promotion failed): 2751K->3022K(3072K), 0.0161570 secs]32.028: [CMS: 6322K->6320K(6848K), 0.0166032 secs] 9072K->9072K(9920K), [Metaspace: 3748K->3748K(1056768K)], 0.0328177 secs] [Times: user=0.14 sys=0.00, real=0.03 secs] 
32.045: [GC (CMS Initial Mark) [1 CMS-initial-mark: 6320K(6848K)] 9072K(9920K), 0.0030706 secs] [Times: user=0.00 sys=0.00, real=0.01 secs] 
32.048: [CMS-concurrent-mark-start]
32.048: [GC (Allocation Failure) 32.048: [ParNew (promotion failed): 2751K->2997K(3072K), 0.0160621 secs]32.064: [CMS32.068: [CMS-concurrent-mark: 0.004/0.020 secs] [Times: user=0.12 sys=0.00, real=0.02 secs] 
 (concurrent mode failure): 6322K->6320K(6848K), 0.0203224 secs] 9072K->9072K(9920K), [Metaspace: 3748K->3748K(1056768K)], 0.0364493 secs] [Times: user=0.14 sys=0.00, real=0.03 secs] 
32.085: [GC (Allocation Failure) 32.085: [ParNew (promotion failed): 2751K->3022K(3072K), 0.0237140 secs]32.109: [CMS: 6322K->6320K(6848K), 0.0165677 secs] 9072K->9072K(9920K), [Metaspace: 3748K->3748K(1056768K)], 0.0403479 secs] [Times: user=0.20 sys=0.00, real=0.04 secs] 
32.126: [GC (CMS Initial Mark) [1 CMS-initial-mark: 6320K(6848K)] 9072K(9920K), 0.0030628 secs] [Times: user=0.00 sys=0.00, real=0.01 secs] 
32.129: [CMS-concurrent-mark-start]
32.130: [GC (Allocation Failure) 32.130: [ParNew (promotion failed): 2751K->2997K(3072K), 0.0225097 secs]32.152: [CMS32.155: [CMS-concurrent-mark: 0.003/0.026 secs] [Times: user=0.18 sys=0.00, real=0.02 secs] 
 (concurrent mode failure): 6322K->6320K(6848K), 0.0195270 secs] 9072K->9072K(9920K), [Metaspace: 3748K->3748K(1056768K)], 0.0420889 secs] [Times: user=0.20 sys=0.00, real=0.04 secs] 
32.173: [GC (Allocation Failure) 32.173: [ParNew (promotion failed): 2751K->3022K(3072K), 0.0185347 secs]32.191: [CMS: 6322K->6320K(6848K), 0.0165974 secs] 9072K->9072K(9920K), [Metaspace: 3748K->3748K(1056768K)], 0.0351822 secs] [Times: user=0.15 sys=0.00, real=0.04 secs] 
32.208: [GC (CMS Initial Mark) [1 CMS-initial-mark: 6320K(6848K)] 9072K(9920K), 0.0030468 secs] [Times: user=0.00 sys=0.00, real=0.00 secs] 
32.211: [CMS-concurrent-mark-start]
32.211: [GC (Allocation Failure) 32.211: [ParNew (promotion failed): 2751K->2997K(3072K), 0.0146985 secs]32.226: [CMS32.229: [CMS-concurrent-mark: 0.003/0.018 secs] [Times: user=0.12 sys=0.00, real=0.02 secs] 
 (concurrent mode failure): 6322K->6320K(6848K), 0.0199746 secs] 9072K->9072K(9920K), [Metaspace: 3748K->3748K(1056768K)], 0.0347277 secs] [Times: user=0.13 sys=0.00, real=0.03 secs] 
32.246: [GC (Allocation Failure) 32.246: [ParNew (promotion failed): 2751K->2997K(3072K), 0.0159277 secs]32.262: [CMS: 6322K->6320K(6848K), 0.0165572 secs] 9072K->9072K(9920K), [Metaspace: 3748K->3748K(1056768K)], 0.0325379 secs] [Times: user=0.14 sys=0.00, real=0.04 secs] 
32.279: [GC (CMS Initial Mark) [1 CMS-initial-mark: 6320K(6848K)] 9072K(9920K), 0.0031742 secs] [Times: user=0.00 sys=0.00, real=0.00 secs] 
32.282: [CMS-concurrent-mark-start]
32.282: [GC (Allocation Failure) 32.282: [ParNew (promotion failed): 2751K->3022K(3072K), 0.0212951 secs]32.304: [CMS32.307: [CMS-concurrent-mark: 0.004/0.025 secs] [Times: user=0.17 sys=0.00, real=0.02 secs] 
 (concurrent mode failure): 6322K->6320K(6848K), 0.0199098 secs] 9072K->9072K(9920K), [Metaspace: 3748K->3748K(1056768K)], 0.0412600 secs] [Times: user=0.19 sys=0.00, real=0.04 secs] 
32.324: [GC (Allocation Failure) 32.324: [ParNew (promotion failed): 2751K->3022K(3072K), 0.0141080 secs]32.338: [CMS: 6322K->6320K(6848K), 0.0166300 secs] 9072K->9072K(9920K), [Metaspace: 3748K->3748K(1056768K)], 0.0307975 secs] [Times: user=0.11 sys=0.00, real=0.03 secs] 
32.356: [GC (CMS Initial Mark) [1 CMS-initial-mark: 6320K(6848K)] 9072K(9920K), 0.0030875 secs] [Times: user=0.01 sys=0.00, real=0.01 secs] 
32.359: [CMS-concurrent-mark-start]
32.359: [GC (Allocation Failure) 32.359: [ParNew (promotion failed): 2751K->2997K(3072K), 0.0176940 secs]32.376: [CMS32.380: [CMS-concurrent-mark: 0.003/0.021 secs] [Times: user=0.14 sys=0.00, real=0.02 secs] 
 (concurrent mode failure): 6322K->6320K(6848K), 0.0199404 secs] 9072K->9072K(9920K), [Metaspace: 3748K->3748K(1056768K)], 0.0376890 secs] [Times: user=0.15 sys=0.00, real=0.03 secs] 
32.397: [GC (Allocation Failure) 32.397: [ParNew (promotion failed): 2751K->2997K(3072K), 0.0149830 secs]32.412: [CMS: 6322K->6320K(6848K), 0.0168677 secs] 9072K->9072K(9920K), [Metaspace: 3748K->3748K(1056768K)], 0.0319081 secs] [Times: user=0.13 sys=0.00, real=0.04 secs] 
32.430: [GC (CMS Initial Mark) [1 CMS-initial-mark: 6320K(6848K)] 9072K(9920K), 0.0030534 secs] [Times: user=0.01 sys=0.00, real=0.00 secs] 
32.433: [CMS-concurrent-mark-start]
32.433: [GC (Allocation Failure) 32.433: [ParNew (promotion failed): 2751K->3022K(3072K), 0.0159511 secs]32.449: [CMS32.452: [CMS-concurrent-mark: 0.004/0.020 secs] [Times: user=0.12 sys=0.01, real=0.02 secs] 
 (concurrent mode failure): 6322K->6320K(6848K), 0.0198032 secs] 9072K->9072K(9920K), [Metaspace: 3748K->3748K(1056768K)], 0.0358073 secs] [Times: user=0.14 sys=0.01, real=0.04 secs] 
32.469: [GC (Allocation Failure) 32.469: [ParNew (promotion failed): 2751K->3022K(3072K), 0.0185820 secs]32.488: [CMS: 6322K->6320K(6848K), 0.0164722 secs] 9072K->9072K(9920K), [Metaspace: 3748K->3748K(1056768K)], 0.0351082 secs] [Times: user=0.16 sys=0.00, real=0.03 secs] 
32.504: [GC (CMS Initial Mark) [1 CMS-initial-mark: 6320K(6848K)] 9072K(9920K), 0.0030555 secs] [Times: user=0.00 sys=0.00, real=0.00 secs] 
32.507: [CMS-concurrent-mark-start]
32.508: [GC (Allocation Failure) 32.508: [ParNew (promotion failed): 2751K->2997K(3072K), 0.0143943 secs]32.522: [CMS32.525: [CMS-concurrent-mark: 0.003/0.018 secs] [Times: user=0.11 sys=0.00, real=0.02 secs] 
 (concurrent mode failure): 6322K->6320K(6848K), 0.0200282 secs] 9072K->9072K(9920K), [Metaspace: 3748K->3748K(1056768K)], 0.0344773 secs] [Times: user=0.13 sys=0.00, real=0.04 secs] 
32.542: [GC (Allocation Failure) 32.543: [ParNew (promotion failed): 2751K->2972K(3072K), 0.0226203 secs]32.565: [CMS: 6322K->6320K(6848K), 0.0166425 secs] 9072K->9072K(9920K), [Metaspace: 3748K->3748K(1056768K)], 0.0393185 secs] [Times: user=0.18 sys=0.00, real=0.04 secs] 
32.582: [GC (CMS Initial Mark) [1 CMS-initial-mark: 6320K(6848K)] 9072K(9920K), 0.0030569 secs] [Times: user=0.00 sys=0.00, real=0.00 secs] 
32.585: [CMS-concurrent-mark-start]
32.585: [GC (Allocation Failure) 32.585: [ParNew (promotion failed): 2751K->3022K(3072K), 0.0220438 secs]32.607: [CMS32.611: [CMS-concurrent-mark: 0.004/0.026 secs] [Times: user=0.18 sys=0.00, real=0.03 secs] 
 (concurrent mode failure): 6322K->6320K(6848K), 0.0202567 secs] 9072K->9072K(9920K), [Metaspace: 3748K->3748K(1056768K)], 0.0423697 secs] [Times: user=0.19 sys=0.00, real=0.04 secs] 
32.628: [GC (Allocation Failure) 32.628: [ParNew (promotion failed): 2751K->3022K(3072K), 0.0175023 secs]32.646: [CMS: 6322K->6320K(6848K), 0.0166776 secs] 9072K->9072K(9920K), [Metaspace: 3748K->3748K(1056768K)], 0.0342429 secs] [Times: user=0.15 sys=0.00, real=0.03 secs] 
32.663: [GC (CMS Initial Mark) [1 CMS-initial-mark: 6320K(6848K)] 9072K(9920K), 0.0030794 secs] [Times: user=0.01 sys=0.00, real=0.00 secs] 
32.666: [CMS-concurrent-mark-start]
32.667: [GC (Allocation Failure) 32.667: [ParNew (promotion failed): 2751K->2997K(3072K), 0.0151625 secs]32.682: [CMS32.685: [CMS-concurrent-mark: 0.003/0.019 secs] [Times: user=0.12 sys=0.00, real=0.02 secs] 
 (concurrent mode failure): 6322K->6320K(6848K), 0.0195908 secs] 9072K->9072K(9920K), [Metaspace: 3748K->3748K(1056768K)], 0.0348058 secs] [Times: user=0.13 sys=0.00, real=0.04 secs] 
32.702: [GC (Allocation Failure) 32.702: [ParNew (promotion failed): 2751K->2997K(3072K), 0.0230890 secs]32.725: [CMS: 6322K->6320K(6848K), 0.0165745 secs] 9072K->9072K(9920K), [Metaspace: 3748K->3748K(1056768K)], 0.0397261 secs] [Times: user=0.20 sys=0.00, real=0.04 secs] 
32.742: [GC (CMS Initial Mark) [1 CMS-initial-mark: 6320K(6848K)] 9072K(9920K), 0.0030395 secs] [Times: user=0.00 sys=0.00, real=0.00 secs] 
32.745: [CMS-concurrent-mark-start]
32.745: [GC (Allocation Failure) 32.745: [ParNew (promotion failed): 2751K->3022K(3072K), 0.0236725 secs]32.769: [CMS32.772: [CMS-concurrent-mark: 0.003/0.027 secs] [Times: user=0.19 sys=0.00, real=0.03 secs] 
 (concurrent mode failure): 6322K->6320K(6848K), 0.0199162 secs] 9072K->9072K(9920K), [Metaspace: 3748K->3748K(1056768K)], 0.0436458 secs] [Times: user=0.20 sys=0.00, real=0.05 secs] 
32.789: [GC (Allocation Failure) 32.789: [ParNew (promotion failed): 2751K->3022K(3072K), 0.0161770 secs]32.805: [CMS: 6322K->6320K(6848K), 0.0164187 secs] 9072K->9072K(9920K), [Metaspace: 3748K->3748K(1056768K)], 0.0326532 secs] [Times: user=0.14 sys=0.00, real=0.03 secs] 
32.822: [GC (CMS Initial Mark) [1 CMS-initial-mark: 6320K(6848K)] 9072K(9920K), 0.0030462 secs] [Times: user=0.00 sys=0.00, real=0.00 secs] 
32.825: [CMS-concurrent-mark-start]
32.825: [GC (Allocation Failure) 32.825: [ParNew (promotion failed): 2751K->3022K(3072K), 0.0232478 secs]32.849: [CMS32.852: [CMS-concurrent-mark: 0.004/0.027 secs] [Times: user=0.19 sys=0.00, real=0.03 secs] 
 (concurrent mode failure): 6322K->6320K(6848K), 0.0199780 secs] 9072K->9072K(9920K), [Metaspace: 3748K->3748K(1056768K)], 0.0432723 secs] [Times: user=0.20 sys=0.01, real=0.05 secs] 
32.869: [GC (Allocation Failure) 32.869: [ParNew (promotion failed): 2751K->2997K(3072K), 0.0193736 secs]32.889: [CMS: 6322K->6320K(6848K), 0.0168565 secs] 9072K->9072K(9920K), [Metaspace: 3748K->3748K(1056768K)], 0.0363084 secs] [Times: user=0.14 sys=0.00, real=0.03 secs] 
32.906: [GC (CMS Initial Mark) [1 CMS-initial-mark: 6320K(6848K)] 9072K(9920K), 0.0030563 secs] [Times: user=0.00 sys=0.00, real=0.01 secs] 
32.909: [CMS-concurrent-mark-start]
32.910: [GC (Allocation Failure) 32.910: [ParNew (promotion failed): 2751K->2997K(3072K), 0.0090735 secs]32.919: [CMS32.922: [CMS-concurrent-mark: 0.004/0.013 secs] [Times: user=0.05 sys=0.00, real=0.01 secs] 
 (concurrent mode failure): 6322K->6320K(6848K), 0.0203427 secs] 9072K->9072K(9920K), [Metaspace: 3748K->3748K(1056768K)], 0.0294820 secs] [Times: user=0.07 sys=0.00, real=0.03 secs] 
32.940: [GC (Allocation Failure) 32.940: [ParNew (promotion failed): 2751K->3022K(3072K), 0.0158502 secs]32.956: [CMS: 6322K->6320K(6848K), 0.0167261 secs] 9072K->9072K(9920K), [Metaspace: 3748K->3748K(1056768K)], 0.0326460 secs] [Times: user=0.14 sys=0.00, real=0.03 secs] 
32.973: [GC (CMS Initial Mark) [1 CMS-initial-mark: 6320K(6848K)] 9072K(9920K), 0.0030933 secs] [Times: user=0.00 sys=0.00, real=0.00 secs] 
32.976: [CMS-concurrent-mark-start]
32.976: [GC (Allocation Failure) 32.976: [ParNew (promotion failed): 2751K->3022K(3072K), 0.0155452 secs]32.992: [CMS32.995: [CMS-concurrent-mark: 0.003/0.019 secs] [Times: user=0.13 sys=0.00, real=0.02 secs] 
 (concurrent mode failure): 6322K->6320K(6848K), 0.0197853 secs] 9072K->9072K(9920K), [Metaspace: 3748K->3748K(1056768K)], 0.0353798 secs] [Times: user=0.14 sys=0.00, real=0.04 secs] 
33.012: [GC (Allocation Failure) 33.012: [ParNew (promotion failed): 2751K->2997K(3072K), 0.0186954 secs]33.031: [CMS: 6322K->6320K(6848K), 0.0166215 secs] 9072K->9072K(9920K), [Metaspace: 3748K->3748K(1056768K)], 0.0353724 secs] [Times: user=0.16 sys=0.00, real=0.03 secs] 
33.048: [GC (CMS Initial Mark) [1 CMS-initial-mark: 6320K(6848K)] 9072K(9920K), 0.0030587 secs] [Times: user=0.00 sys=0.00, real=0.01 secs] 
33.051: [CMS-concurrent-mark-start]
33.051: [GC (Allocation Failure) 33.051: [ParNew (promotion failed): 2751K->3022K(3072K), 0.0233349 secs]33.074: [CMS33.078: [CMS-concurrent-mark: 0.003/0.027 secs] [Times: user=0.18 sys=0.00, real=0.02 secs] 
 (concurrent mode failure): 6322K->6320K(6848K), 0.0199699 secs] 9072K->9072K(9920K), [Metaspace: 3748K->3748K(1056768K)], 0.0433625 secs] [Times: user=0.20 sys=0.00, real=0.04 secs] 
33.095: [GC (Allocation Failure) 33.095: [ParNew (promotion failed): 2751K->2997K(3072K), 0.0167736 secs]33.111: [CMS: 6322K->6320K(6848K), 0.0164991 secs] 9072K->9072K(9920K), [Metaspace: 3748K->3748K(1056768K)], 0.0333328 secs] [Times: user=0.14 sys=0.00, real=0.04 secs] 
33.128: [GC (CMS Initial Mark) [1 CMS-initial-mark: 6320K(6848K)] 9072K(9920K), 0.0030892 secs] [Times: user=0.01 sys=0.00, real=0.00 secs] 
33.131: [CMS-concurrent-mark-start]
33.132: [GC (Allocation Failure) 33.132: [ParNew (promotion failed): 2751K->3046K(3072K), 0.0171668 secs]33.149: [CMS33.152: [CMS-concurrent-mark: 0.004/0.021 secs] [Times: user=0.13 sys=0.00, real=0.02 secs] 
 (concurrent mode failure): 6322K->6320K(6848K), 0.0202339 secs] 9072K->9072K(9920K), [Metaspace: 3748K->3748K(1056768K)], 0.0374647 secs] [Times: user=0.15 sys=0.00, real=0.04 secs] 
33.170: [GC (Allocation Failure) 33.170: [ParNew (promotion failed): 2751K->3022K(3072K), 0.0169932 secs]33.187: [CMS: 6322K->6320K(6848K), 0.0166831 secs] 9072K->9072K(9920K), [Metaspace: 3748K->3748K(1056768K)], 0.0337337 secs] [Times: user=0.14 sys=0.00, real=0.03 secs] 
33.204: [GC (CMS Initial Mark) [1 CMS-initial-mark: 6320K(6848K)] 9072K(9920K), 0.0030634 secs] [Times: user=0.01 sys=0.00, real=0.00 secs] 
33.207: [CMS-concurrent-mark-start]
33.208: [GC (Allocation Failure) 33.208: [ParNew (promotion failed): 2751K->2997K(3072K), 0.0221213 secs]33.230: [CMS33.233: [CMS-concurrent-mark: 0.003/0.026 secs] [Times: user=0.17 sys=0.00, real=0.03 secs] 
 (concurrent mode failure): 6322K->6320K(6848K), 0.0194756 secs] 9072K->9072K(9920K), [Metaspace: 3748K->3748K(1056768K)], 0.0416551 secs] [Times: user=0.18 sys=0.01, real=0.04 secs] 
33.250: [GC (Allocation Failure) 33.250: [ParNew (promotion failed): 2751K->3022K(3072K), 0.0204255 secs]33.270: [CMS: 6322K->6320K(6848K), 0.0168710 secs] 9072K->9072K(9920K), [Metaspace: 3748K->3748K(1056768K)], 0.0373540 secs] [Times: user=0.16 sys=0.00, real=0.03 secs] 
33.288: [GC (CMS Initial Mark) [1 CMS-initial-mark: 6320K(6848K)] 9072K(9920K), 0.0030864 secs] [Times: user=0.00 sys=0.00, real=0.01 secs] 
33.291: [CMS-concurrent-mark-start]
33.291: [GC (Allocation Failure) 33.291: [ParNew (promotion failed): 2751K->3022K(3072K), 0.0166476 secs]33.307: [CMS33.311: [CMS-concurrent-mark: 0.004/0.020 secs] [Times: user=0.13 sys=0.00, real=0.02 secs] 
 (concurrent mode failure): 6322K->6320K(6848K), 0.0199279 secs] 9072K->9072K(9920K), [Metaspace: 3748K->3748K(1056768K)], 0.0366292 secs] [Times: user=0.15 sys=0.00, real=0.03 secs] 
33.328: [GC (Allocation Failure) 33.328: [ParNew (promotion failed): 2751K->2997K(3072K), 0.0152546 secs]33.343: [CMS: 6322K->6320K(6848K), 0.0165106 secs] 9072K->9072K(9920K), [Metaspace: 3748K->3748K(1056768K)], 0.0318241 secs] [Times: user=0.13 sys=0.00, real=0.04 secs] 
33.360: [GC (CMS Initial Mark) [1 CMS-initial-mark: 6320K(6848K)] 9072K(9920K), 0.0030528 secs] [Times: user=0.00 sys=0.00, real=0.00 secs] 
33.363: [CMS-concurrent-mark-start]
33.363: [GC (Allocation Failure) 33.363: [ParNew (promotion failed): 2751K->2997K(3072K), 0.0228702 secs]33.386: [CMS33.389: [CMS-concurrent-mark: 0.003/0.026 secs] [Times: user=0.18 sys=0.00, real=0.03 secs] 
 (concurrent mode failure): 6322K->6320K(6848K), 0.0198796 secs] 9072K->9072K(9920K), [Metaspace: 3748K->3748K(1056768K)], 0.0428102 secs] [Times: user=0.20 sys=0.00, real=0.04 secs] 
33.406: [GC (Allocation Failure) 33.406: [ParNew (promotion failed): 2751K->2997K(3072K), 0.0212245 secs]33.428: [CMS: 6322K->6320K(6848K), 0.0166669 secs] 9072K->9072K(9920K), [Metaspace: 3748K->3748K(1056768K)], 0.0379585 secs] [Times: user=0.17 sys=0.00, real=0.04 secs] 
33.445: [GC (CMS Initial Mark) [1 CMS-initial-mark: 6320K(6848K)] 9072K(9920K), 0.0030455 secs] [Times: user=0.00 sys=0.00, real=0.01 secs] 
33.448: [CMS-concurrent-mark-start]
33.448: [GC (Allocation Failure) 33.448: [ParNew (promotion failed): 2751K->2997K(3072K), 0.0205019 secs]33.469: [CMS33.472: [CMS-concurrent-mark: 0.003/0.024 secs] [Times: user=0.16 sys=0.00, real=0.02 secs] 
 (concurrent mode failure): 6322K->6320K(6848K), 0.0198793 secs] 9072K->9072K(9920K), [Metaspace: 3748K->3748K(1056768K)], 0.0404372 secs] [Times: user=0.17 sys=0.00, real=0.04 secs] 
33.489: [GC (Allocation Failure) 33.489: [ParNew (promotion failed): 2751K->3022K(3072K), 0.0155651 secs]33.505: [CMS: 6322K->6320K(6848K), 0.0165752 secs] 9072K->9072K(9920K), [Metaspace: 3748K->3748K(1056768K)], 0.0321940 secs] [Times: user=0.13 sys=0.00, real=0.03 secs] 
33.522: [GC (CMS Initial Mark) [1 CMS-initial-mark: 6320K(6848K)] 9072K(9920K), 0.0030544 secs] [Times: user=0.00 sys=0.00, real=0.00 secs] 
33.525: [CMS-concurrent-mark-start]
33.525: [GC (Allocation Failure) 33.525: [ParNew (promotion failed): 2751K->2997K(3072K), 0.0135940 secs]33.539: [CMS33.542: [CMS-concurrent-mark: 0.004/0.017 secs] [Times: user=0.10 sys=0.00, real=0.02 secs] 
 (concurrent mode failure): 6322K->6320K(6848K), 0.0199213 secs] 9072K->9072K(9920K), [Metaspace: 3748K->3748K(1056768K)], 0.0335816 secs] [Times: user=0.11 sys=0.00, real=0.04 secs] 
33.559: [GC (Allocation Failure) 33.559: [ParNew (promotion failed): 2751K->2997K(3072K), 0.0185185 secs]33.578: [CMS: 6322K->6320K(6848K), 0.0165249 secs] 9072K->9072K(9920K), [Metaspace: 3748K->3748K(1056768K)], 0.0351093 secs] [Times: user=0.15 sys=0.00, real=0.03 secs] 
33.595: [GC (CMS Initial Mark) [1 CMS-initial-mark: 6320K(6848K)] 9072K(9920K), 0.0030316 secs] [Times: user=0.00 sys=0.00, real=0.00 secs] 
33.598: [CMS-concurrent-mark-start]
33.598: [GC (Allocation Failure) 33.598: [ParNew (promotion failed): 2751K->2997K(3072K), 0.0181055 secs]33.616: [CMS33.619: [CMS-concurrent-mark: 0.003/0.022 secs] [Times: user=0.14 sys=0.00, real=0.03 secs] 
 (concurrent mode failure): 6322K->6320K(6848K), 0.0199444 secs] 9072K->9072K(9920K), [Metaspace: 3748K->3748K(1056768K)], 0.0381009 secs] [Times: user=0.16 sys=0.00, real=0.04 secs] 
33.636: [GC (Allocation Failure) 33.636: [ParNew (promotion failed): 2751K->3022K(3072K), 0.0163322 secs]33.653: [CMS: 6322K->6320K(6848K), 0.0165302 secs] 9072K->9072K(9920K), [Metaspace: 3748K->3748K(1056768K)], 0.0329207 secs] [Times: user=0.14 sys=0.01, real=0.04 secs] 
33.670: [GC (CMS Initial Mark) [1 CMS-initial-mark: 6320K(6848K)] 9072K(9920K), 0.0030481 secs] [Times: user=0.00 sys=0.00, real=0.00 secs] 
33.673: [CMS-concurrent-mark-start]
33.673: [GC (Allocation Failure) 33.673: [ParNew (promotion failed): 2751K->2997K(3072K), 0.0215675 secs]33.694: [CMS33.698: [CMS-concurrent-mark: 0.004/0.025 secs] [Times: user=0.17 sys=0.00, real=0.03 secs] 
 (concurrent mode failure): 6322K->6320K(6848K), 0.0201941 secs] 9072K->9072K(9920K), [Metaspace: 3748K->3748K(1056768K)], 0.0418217 secs] [Times: user=0.19 sys=0.00, real=0.04 secs] 
33.715: [GC (Allocation Failure) 33.715: [ParNew (promotion failed): 2751K->3022K(3072K), 0.0144587 secs]33.730: [CMS: 6322K->6320K(6848K), 0.0165419 secs] 9072K->9072K(9920K), [Metaspace: 3748K->3748K(1056768K)], 0.0310631 secs] [Times: user=0.12 sys=0.00, real=0.03 secs] 
33.747: [GC (CMS Initial Mark) [1 CMS-initial-mark: 6320K(6848K)] 9072K(9920K), 0.0030810 secs] [Times: user=0.00 sys=0.00, real=0.01 secs] 
33.750: [CMS-concurrent-mark-start]
33.751: [GC (Allocation Failure) 33.751: [ParNew (promotion failed): 2751K->2997K(3072K), 0.0181353 secs]33.769: [CMS33.772: [CMS-concurrent-mark: 0.004/0.022 secs] [Times: user=0.15 sys=0.00, real=0.02 secs] 
 (concurrent mode failure): 6322K->6320K(6848K), 0.0195144 secs] 9072K->9072K(9920K), [Metaspace: 3748K->3748K(1056768K)], 0.0377077 secs] [Times: user=0.15 sys=0.00, real=0.04 secs] 
33.789: [GC (Allocation Failure) 33.789: [ParNew (promotion failed): 2751K->2997K(3072K), 0.0151217 secs]33.804: [CMS: 6322K->6320K(6848K), 0.0165795 secs] 9072K->9072K(9920K), [Metaspace: 3748K->3748K(1056768K)], 0.0317604 secs] [Times: user=0.13 sys=0.00, real=0.03 secs] 
33.821: [GC (CMS Initial Mark) [1 CMS-initial-mark: 6320K(6848K)] 9072K(9920K), 0.0030643 secs] [Times: user=0.00 sys=0.00, real=0.00 secs] 
33.824: [CMS-concurrent-mark-start]
33.824: [GC (Allocation Failure) 33.824: [ParNew (promotion failed): 2751K->3022K(3072K), 0.0169380 secs]33.841: [CMS33.844: [CMS-concurrent-mark: 0.003/0.020 secs] [Times: user=0.14 sys=0.00, real=0.02 secs] 
 (concurrent mode failure): 6322K->6320K(6848K), 0.0199512 secs] 9072K->9072K(9920K), [Metaspace: 3748K->3748K(1056768K)], 0.0369459 secs] [Times: user=0.16 sys=0.00, real=0.04 secs] 
33.861: [GC (Allocation Failure) 33.861: [ParNew (promotion failed): 2751K->3022K(3072K), 0.0227435 secs]33.884: [CMS: 6322K->6320K(6848K), 0.0165168 secs] 9072K->9072K(9920K), [Metaspace: 3748K->3748K(1056768K)], 0.0393233 secs] [Times: user=0.19 sys=0.00, real=0.04 secs] 
33.901: [GC (CMS Initial Mark) [1 CMS-initial-mark: 6320K(6848K)] 9072K(9920K), 0.0031119 secs] [Times: user=0.00 sys=0.00, real=0.00 secs] 
33.904: [CMS-concurrent-mark-start]
33.904: [GC (Allocation Failure) 33.904: [ParNew (promotion failed): 2751K->3022K(3072K), 0.0167457 secs]33.921: [CMS33.924: [CMS-concurrent-mark: 0.003/0.020 secs] [Times: user=0.13 sys=0.00, real=0.02 secs] 
 (concurrent mode failure): 6322K->6320K(6848K), 0.0198210 secs] 9072K->9072K(9920K), [Metaspace: 3748K->3748K(1056768K)], 0.0366200 secs] [Times: user=0.15 sys=0.00, real=0.04 secs] 
33.941: [GC (Allocation Failure) 33.941: [ParNew (promotion failed): 2751K->3022K(3072K), 0.0175863 secs]33.959: [CMS: 6322K->6320K(6848K), 0.0165731 secs] 9072K->9072K(9920K), [Metaspace: 3748K->3748K(1056768K)], 0.0342188 secs] [Times: user=0.14 sys=0.00, real=0.03 secs] 
33.976: [GC (CMS Initial Mark) [1 CMS-initial-mark: 6320K(6848K)] 9072K(9920K), 0.0030642 secs] [Times: user=0.00 sys=0.00, real=0.01 secs] 
33.979: [CMS-concurrent-mark-start]
33.979: [GC (Allocation Failure) 33.979: [ParNew (promotion failed): 2751K->3022K(3072K), 0.0158130 secs]33.995: [CMS33.999: [CMS-concurrent-mark: 0.003/0.019 secs] [Times: user=0.13 sys=0.00, real=0.02 secs] 
 (concurrent mode failure): 6322K->6320K(6848K), 0.0200018 secs] 9072K->9072K(9920K), [Metaspace: 3748K->3748K(1056768K)], 0.0358746 secs] [Times: user=0.14 sys=0.00, real=0.03 secs] 
34.016: [GC (Allocation Failure) 34.016: [ParNew (promotion failed): 2751K->2997K(3072K), 0.0190930 secs]34.035: [CMS: 6322K->6320K(6848K), 0.0165583 secs] 9072K->9072K(9920K), [Metaspace: 3748K->3748K(1056768K)], 0.0357115 secs] [Times: user=0.16 sys=0.01, real=0.04 secs] 
34.052: [GC (CMS Initial Mark) [1 CMS-initial-mark: 6320K(6848K)] 9072K(9920K), 0.0030522 secs] [Times: user=0.01 sys=0.00, real=0.00 secs] 
34.055: [CMS-concurrent-mark-start]
34.056: [GC (Allocation Failure) 34.056: [ParNew (promotion failed): 2751K->3022K(3072K), 0.0136905 secs]34.069: [CMS34.073: [CMS-concurrent-mark: 0.004/0.017 secs] [Times: user=0.10 sys=0.00, real=0.02 secs] 
 (concurrent mode failure): 6322K->6320K(6848K), 0.0197700 secs] 9072K->9072K(9920K), [Metaspace: 3748K->3748K(1056768K)], 0.0335119 secs] [Times: user=0.12 sys=0.00, real=0.04 secs] 
34.089: [GC (Allocation Failure) 34.089: [ParNew (promotion failed): 2751K->3022K(3072K), 0.0142470 secs]34.104: [CMS: 6322K->6320K(6848K), 0.0167986 secs] 9072K->9072K(9920K), [Metaspace: 3748K->3748K(1056768K)], 0.0311059 secs] [Times: user=0.11 sys=0.00, real=0.03 secs] 
34.121: [GC (CMS Initial Mark) [1 CMS-initial-mark: 6320K(6848K)] 9072K(9920K), 0.0030567 secs] [Times: user=0.00 sys=0.00, real=0.00 secs] 
34.124: [CMS-concurrent-mark-start]
34.124: [GC (Allocation Failure) 34.124: [ParNew (promotion failed): 2751K->3022K(3072K), 0.0135047 secs]34.138: [CMS34.141: [CMS-concurrent-mark: 0.004/0.017 secs] [Times: user=0.10 sys=0.00, real=0.02 secs] 
 (concurrent mode failure): 6322K->6320K(6848K), 0.0202818 secs] 9072K->9072K(9920K), [Metaspace: 3748K->3748K(1056768K)], 0.0338518 secs] [Times: user=0.12 sys=0.00, real=0.04 secs] 
34.158: [GC (Allocation Failure) 34.158: [ParNew (promotion failed): 2751K->2997K(3072K), 0.0139296 secs]34.172: [CMS: 6322K->6320K(6848K), 0.0166434 secs] 9072K->9072K(9920K), [Metaspace: 3748K->3748K(1056768K)], 0.0306266 secs] [Times: user=0.12 sys=0.00, real=0.03 secs] 
34.189: [GC (CMS Initial Mark) [1 CMS-initial-mark: 6320K(6848K)] 9072K(9920K), 0.0030681 secs] [Times: user=0.00 sys=0.00, real=0.00 secs] 
34.192: [CMS-concurrent-mark-start]
34.193: [GC (Allocation Failure) 34.193: [ParNew (promotion failed): 2751K->2997K(3072K), 0.0182267 secs]34.211: [CMS34.214: [CMS-concurrent-mark: 0.003/0.022 secs] [Times: user=0.12 sys=0.00, real=0.02 secs] 
 (concurrent mode failure): 6322K->6320K(6848K), 0.0202631 secs] 9072K->9072K(9920K), [Metaspace: 3748K->3748K(1056768K)], 0.0385551 secs] [Times: user=0.14 sys=0.00, real=0.04 secs] 
34.232: [GC (Allocation Failure) 34.232: [ParNew (promotion failed): 2751K->3022K(3072K), 0.0160118 secs]34.248: [CMS: 6322K->6320K(6848K), 0.0167441 secs] 9072K->9072K(9920K), [Metaspace: 3748K->3748K(1056768K)], 0.0328245 secs] [Times: user=0.12 sys=0.00, real=0.03 secs] 
34.265: [GC (CMS Initial Mark) [1 CMS-initial-mark: 6320K(6848K)] 9072K(9920K), 0.0030807 secs] [Times: user=0.01 sys=0.00, real=0.01 secs] 
34.268: [CMS-concurrent-mark-start]
34.269: [GC (Allocation Failure) 34.269: [ParNew (promotion failed): 2751K->2997K(3072K), 0.0138740 secs]34.283: [CMS34.286: [CMS-concurrent-mark: 0.004/0.017 secs] [Times: user=0.10 sys=0.00, real=0.01 secs] 
 (concurrent mode failure): 6322K->6320K(6848K), 0.0200329 secs] 9072K->9072K(9920K), [Metaspace: 3748K->3748K(1056768K)], 0.0339600 secs] [Times: user=0.12 sys=0.00, real=0.03 secs] 
34.303: [GC (Allocation Failure) 34.303: [ParNew (promotion failed): 2751K->2997K(3072K), 0.0165127 secs]34.320: [CMS: 6322K->6320K(6848K), 0.0167018 secs] 9072K->9072K(9920K), [Metaspace: 3748K->3748K(1056768K)], 0.0332821 secs] [Times: user=0.14 sys=0.00, real=0.03 secs] 
34.337: [GC (CMS Initial Mark) [1 CMS-initial-mark: 6320K(6848K)] 9072K(9920K), 0.0030455 secs] [Times: user=0.00 sys=0.00, real=0.01 secs] 
34.340: [CMS-concurrent-mark-start]
34.340: [GC (Allocation Failure) 34.340: [ParNew (promotion failed): 2751K->3046K(3072K), 0.0218050 secs]34.362: [CMS34.365: [CMS-concurrent-mark: 0.003/0.025 secs] [Times: user=0.16 sys=0.01, real=0.02 secs] 
 (concurrent mode failure): 6322K->6320K(6848K), 0.0200576 secs] 9072K->9072K(9920K), [Metaspace: 3748K->3748K(1056768K)], 0.0419215 secs] [Times: user=0.18 sys=0.01, real=0.04 secs] 
34.382: [GC (Allocation Failure) 34.382: [ParNew (promotion failed): 2751K->2997K(3072K), 0.0213719 secs]34.404: [CMS: 6322K->6320K(6848K), 0.0166909 secs] 9072K->9072K(9920K), [Metaspace: 3748K->3748K(1056768K)], 0.0381231 secs] [Times: user=0.16 sys=0.00, real=0.04 secs] 
34.421: [GC (CMS Initial Mark) [1 CMS-initial-mark: 6320K(6848K)] 9072K(9920K), 0.0030446 secs] [Times: user=0.01 sys=0.00, real=0.00 secs] 
34.424: [CMS-concurrent-mark-start]
34.424: [GC (Allocation Failure) 34.424: [ParNew (promotion failed): 2751K->3022K(3072K), 0.0190275 secs]34.443: [CMS34.446: [CMS-concurrent-mark: 0.004/0.023 secs] [Times: user=0.14 sys=0.00, real=0.02 secs] 
 (concurrent mode failure): 6322K->6320K(6848K), 0.0201179 secs] 9072K->9072K(9920K), [Metaspace: 3748K->3748K(1056768K)], 0.0392068 secs] [Times: user=0.15 sys=0.00, real=0.04 secs] 
34.464: [GC (Allocation Failure) 34.464: [ParNew (promotion failed): 2751K->2997K(3072K), 0.0176193 secs]34.481: [CMS: 6322K->6320K(6848K), 0.0168028 secs] 9072K->9072K(9920K), [Metaspace: 3748K->3748K(1056768K)], 0.0344863 secs] [Times: user=0.14 sys=0.00, real=0.04 secs] 
34.499: [GC (CMS Initial Mark) [1 CMS-initial-mark: 6320K(6848K)] 9072K(9920K), 0.0031186 secs] [Times: user=0.00 sys=0.00, real=0.00 secs] 
34.502: [CMS-concurrent-mark-start]
34.502: [GC (Allocation Failure) 34.502: [ParNew (promotion failed): 2751K->3046K(3072K), 0.0196016 secs]34.522: [CMS34.525: [CMS-concurrent-mark: 0.004/0.023 secs] [Times: user=0.14 sys=0.00, real=0.02 secs] 
 (concurrent mode failure): 6323K->6320K(6848K), 0.0206269 secs] 9072K->9072K(9920K), [Metaspace: 3748K->3748K(1056768K)], 0.0402973 secs] [Times: user=0.16 sys=0.00, real=0.04 secs] 
34.543: [GC (Allocation Failure) 34.543: [ParNew (promotion failed): 2751K->2997K(3072K), 0.0165440 secs]34.560: [CMS: 6323K->6320K(6848K), 0.0178790 secs] 9072K->9072K(9920K), [Metaspace: 3748K->3748K(1056768K)], 0.0389239 secs] [Times: user=0.13 sys=0.00, real=0.04 secs] 
34.583: [GC (CMS Initial Mark) [1 CMS-initial-mark: 6320K(6848K)] 9072K(9920K), 0.0048815 secs] [Times: user=0.00 sys=0.00, real=0.02 secs] 
34.601: [CMS-concurrent-mark-start]
34.602: [GC (Allocation Failure) 34.602: [ParNew (promotion failed): 2751K->3022K(3072K), 0.0185937 secs]34.620: [CMS34.624: [CMS-concurrent-mark: 0.004/0.022 secs] [Times: user=0.13 sys=0.01, real=0.02 secs] 
 (concurrent mode failure): 6322K->6320K(6848K), 0.0200760 secs] 9072K->9072K(9920K), [Metaspace: 3748K->3748K(1056768K)], 0.0387420 secs] [Times: user=0.14 sys=0.01, real=0.04 secs] 
34.641: [GC (Allocation Failure) 34.641: [ParNew (promotion failed): 2751K->3022K(3072K), 0.0136304 secs]34.654: [CMS: 6322K->6320K(6848K), 0.0167149 secs] 9072K->9072K(9920K), [Metaspace: 3748K->3748K(1056768K)], 0.0304067 secs] [Times: user=0.11 sys=0.00, real=0.03 secs] 
34.671: [GC (CMS Initial Mark) [1 CMS-initial-mark: 6320K(6848K)] 9072K(9920K), 0.0031909 secs] [Times: user=0.01 sys=0.00, real=0.00 secs] 
34.675: [CMS-concurrent-mark-start]
34.675: [GC (Allocation Failure) 34.675: [ParNew (promotion failed): 2751K->3022K(3072K), 0.0163002 secs]34.691: [CMS34.695: [CMS-concurrent-mark: 0.003/0.020 secs] [Times: user=0.12 sys=0.00, real=0.02 secs] 
 (concurrent mode failure): 6322K->6320K(6848K), 0.0200863 secs] 9072K->9072K(9920K), [Metaspace: 3748K->3748K(1056768K)], 0.0364515 secs] [Times: user=0.14 sys=0.00, real=0.04 secs] 
34.712: [GC (Allocation Failure) 34.712: [ParNew (promotion failed): 2751K->3022K(3072K), 0.0212464 secs]34.733: [CMS: 6322K->6320K(6848K), 0.0169324 secs] 9072K->9072K(9920K), [Metaspace: 3748K->3748K(1056768K)], 0.0382503 secs] [Times: user=0.15 sys=0.00, real=0.04 secs] 
34.750: [GC (CMS Initial Mark) [1 CMS-initial-mark: 6320K(6848K)] 9072K(9920K), 0.0031620 secs] [Times: user=0.00 sys=0.00, real=0.00 secs] 
34.754: [CMS-concurrent-mark-start]
34.754: [GC (Allocation Failure) 34.754: [ParNew (promotion failed): 2751K->3022K(3072K), 0.0236985 secs]34.777: [CMS34.781: [CMS-concurrent-mark: 0.004/0.027 secs] [Times: user=0.18 sys=0.00, real=0.03 secs] 
 (concurrent mode failure): 6323K->6320K(6848K), 0.0201948 secs] 9072K->9072K(9920K), [Metaspace: 3748K->3748K(1056768K)], 0.0439651 secs] [Times: user=0.19 sys=0.00, real=0.04 secs] 
34.798: [GC (Allocation Failure) 34.798: [ParNew (promotion failed): 2751K->3022K(3072K), 0.0213233 secs]34.833: [CMS: 6323K->6320K(6848K), 0.0170905 secs] 9072K->9072K(9920K), [Metaspace: 3748K->3748K(1056768K)], 0.0519750 secs] [Times: user=0.17 sys=0.00, real=0.05 secs] 
34.851: [GC (CMS Initial Mark) [1 CMS-initial-mark: 6320K(6848K)] 9072K(9920K), 0.0030739 secs] [Times: user=0.00 sys=0.00, real=0.00 secs] 
34.854: [CMS-concurrent-mark-start]
34.854: [GC (Allocation Failure) 34.854: [ParNew (promotion failed): 2751K->2997K(3072K), 0.0151259 secs]34.870: [CMS34.873: [CMS-concurrent-mark: 0.003/0.019 secs] [Times: user=0.12 sys=0.00, real=0.02 secs] 
 (concurrent mode failure): 6323K->6320K(6848K), 0.0194501 secs] 9072K->9072K(9920K), [Metaspace: 3748K->3748K(1056768K)], 0.0346314 secs] [Times: user=0.14 sys=0.00, real=0.04 secs] 
34.890: [GC (Allocation Failure) 34.890: [ParNew (promotion failed): 2751K->3022K(3072K), 0.0181185 secs]34.908: [CMS: 6322K->6320K(6848K), 0.0166597 secs] 9072K->9072K(9920K), [Metaspace: 3748K->3748K(1056768K)], 0.0348295 secs] [Times: user=0.15 sys=0.00, real=0.03 secs] 
34.925: [GC (CMS Initial Mark) [1 CMS-initial-mark: 6320K(6848K)] 9072K(9920K), 0.0030547 secs] [Times: user=0.00 sys=0.00, real=0.01 secs] 
34.928: [CMS-concurrent-mark-start]
34.928: [GC (Allocation Failure) 34.928: [ParNew (promotion failed): 2751K->2997K(3072K), 0.0212282 secs]34.949: [CMS34.953: [CMS-concurrent-mark: 0.003/0.025 secs] [Times: user=0.15 sys=0.00, real=0.02 secs] 
 (concurrent mode failure): 6322K->6320K(6848K), 0.0200470 secs] 9072K->9072K(9920K), [Metaspace: 3748K->3748K(1056768K)], 0.0413342 secs] [Times: user=0.17 sys=0.00, real=0.04 secs] 
34.970: [GC (Allocation Failure) 34.970: [ParNew (promotion failed): 2751K->2972K(3072K), 0.0160182 secs]34.986: [CMS: 6322K->6320K(6848K), 0.0166121 secs] 9072K->9072K(9920K), [Metaspace: 3748K->3748K(1056768K)], 0.0326928 secs] [Times: user=0.13 sys=0.00, real=0.03 secs] 
35.003: [GC (CMS Initial Mark) [1 CMS-initial-mark: 6320K(6848K)] 9072K(9920K), 0.0030538 secs] [Times: user=0.01 sys=0.00, real=0.00 secs] 
35.006: [CMS-concurrent-mark-start]
35.006: [GC (Allocation Failure) 35.006: [ParNew (promotion failed): 2751K->2997K(3072K), 0.0141010 secs]35.020: [CMS35.024: [CMS-concurrent-mark: 0.004/0.018 secs] [Times: user=0.10 sys=0.00, real=0.02 secs] 
 (concurrent mode failure): 6323K->6320K(6848K), 0.0200812 secs] 9072K->9072K(9920K), [Metaspace: 3748K->3748K(1056768K)], 0.0342443 secs] [Times: user=0.12 sys=0.00, real=0.04 secs] 
35.041: [GC (Allocation Failure) 35.041: [ParNew (promotion failed): 2751K->3022K(3072K), 0.0213642 secs]35.062: [CMS: 6323K->6320K(6848K), 0.0170110 secs] 9072K->9072K(9920K), [Metaspace: 3748K->3748K(1056768K)], 0.0384345 secs] [Times: user=0.15 sys=0.00, real=0.04 secs] 
35.080: [GC (CMS Initial Mark) [1 CMS-initial-mark: 6321K(6848K)] 9073K(9920K), 0.0030603 secs] [Times: user=0.01 sys=0.00, real=0.00 secs] 
35.083: [CMS-concurrent-mark-start]
35.083: [GC (Allocation Failure) 35.083: [ParNew (promotion failed): 2751K->2997K(3072K), 0.0202710 secs]35.103: [CMS35.107: [CMS-concurrent-mark: 0.003/0.024 secs] [Times: user=0.14 sys=0.00, real=0.02 secs] 
 (concurrent mode failure): 6323K->6320K(6848K), 0.0201115 secs] 9073K->9072K(9920K), [Metaspace: 3748K->3748K(1056768K)], 0.0404479 secs] [Times: user=0.16 sys=0.00, real=0.04 secs] 
35.124: [GC (Allocation Failure) 35.124: [ParNew (promotion failed): 2751K->3022K(3072K), 0.0141734 secs]35.139: [CMS: 6323K->6320K(6848K), 0.0168693 secs] 9073K->9072K(9920K), [Metaspace: 3748K->3748K(1056768K)], 0.0311066 secs] [Times: user=0.12 sys=0.00, real=0.03 secs] 
35.156: [GC (CMS Initial Mark) [1 CMS-initial-mark: 6320K(6848K)] 9072K(9920K), 0.0030640 secs] [Times: user=0.00 sys=0.00, real=0.01 secs] 
35.159: [CMS-concurrent-mark-start]
35.159: [GC (Allocation Failure) 35.159: [ParNew (promotion failed): 2751K->2997K(3072K), 0.0201512 secs]35.179: [CMS35.183: [CMS-concurrent-mark: 0.004/0.024 secs] [Times: user=0.15 sys=0.01, real=0.02 secs] 
 (concurrent mode failure): 6322K->6320K(6848K), 0.0201531 secs] 9072K->9072K(9920K), [Metaspace: 3748K->3748K(1056768K)], 0.0403673 secs] [Times: user=0.17 sys=0.01, real=0.04 secs] 
35.200: [GC (Allocation Failure) 35.200: [ParNew (promotion failed): 2751K->3022K(3072K), 0.0208181 secs]35.221: [CMS: 6322K->6320K(6848K), 0.0165496 secs] 9072K->9072K(9920K), [Metaspace: 3748K->3748K(1056768K)], 0.0374347 secs] [Times: user=0.17 sys=0.00, real=0.03 secs] 
35.238: [GC (CMS Initial Mark) [1 CMS-initial-mark: 6320K(6848K)] 9072K(9920K), 0.0030301 secs] [Times: user=0.00 sys=0.00, real=0.01 secs] 
35.241: [CMS-concurrent-mark-start]
35.241: [GC (Allocation Failure) 35.241: [ParNew (promotion failed): 2751K->3022K(3072K), 0.0175845 secs]35.258: [CMS35.262: [CMS-concurrent-mark: 0.003/0.021 secs] [Times: user=0.14 sys=0.00, real=0.02 secs] 
 (concurrent mode failure): 6322K->6320K(6848K), 0.0199565 secs] 9072K->9072K(9920K), [Metaspace: 3748K->3748K(1056768K)], 0.0375930 secs] [Times: user=0.16 sys=0.00, real=0.04 secs] 
35.279: [GC (Allocation Failure) 35.279: [ParNew (promotion failed): 2751K->2997K(3072K), 0.0134733 secs]35.292: [CMS: 6323K->6320K(6848K), 0.0167025 secs] 9072K->9072K(9920K), [Metaspace: 3748K->3748K(1056768K)], 0.0302296 secs] [Times: user=0.10 sys=0.00, real=0.03 secs] 
35.309: [GC (CMS Initial Mark) [1 CMS-initial-mark: 6321K(6848K)] 9073K(9920K), 0.0031045 secs] [Times: user=0.00 sys=0.00, real=0.00 secs] 
35.313: [CMS-concurrent-mark-start]
35.313: [GC (Allocation Failure) 35.313: [ParNew (promotion failed): 2751K->3022K(3072K), 0.0147975 secs]35.327: [CMS35.331: [CMS-concurrent-mark: 0.004/0.018 secs] [Times: user=0.12 sys=0.00, real=0.02 secs] 
 (concurrent mode failure): 6323K->6320K(6848K), 0.0202417 secs] 9073K->9072K(9920K), [Metaspace: 3748K->3748K(1056768K)], 0.0350961 secs] [Times: user=0.13 sys=0.00, real=0.03 secs] 
35.349: [GC (Allocation Failure) 35.349: [ParNew (promotion failed): 2751K->3022K(3072K), 0.0211879 secs]35.370: [CMS: 6323K->6320K(6848K), 0.0165140 secs] 9073K->9072K(9920K), [Metaspace: 3748K->3748K(1056768K)], 0.0377618 secs] [Times: user=0.16 sys=0.00, real=0.03 secs] 
35.387: [GC (CMS Initial Mark) [1 CMS-initial-mark: 6321K(6848K)] 9073K(9920K), 0.0030916 secs] [Times: user=0.01 sys=0.00, real=0.01 secs] 
35.390: [CMS-concurrent-mark-start]
35.390: [GC (Allocation Failure) 35.390: [ParNew (promotion failed): 2751K->2997K(3072K), 0.0155105 secs]35.406: [CMS35.409: [CMS-concurrent-mark: 0.004/0.019 secs] [Times: user=0.12 sys=0.00, real=0.02 secs] 
 (concurrent mode failure): 6323K->6320K(6848K), 0.0197154 secs] 9073K->9072K(9920K), [Metaspace: 3748K->3748K(1056768K)], 0.0352896 secs] [Times: user=0.14 sys=0.00, real=0.03 secs] 
35.426: [GC (Allocation Failure) 35.426: [ParNew (promotion failed): 2751K->2997K(3072K), 0.0151415 secs]35.441: [CMS: 6323K->6320K(6848K), 0.0165762 secs] 9072K->9072K(9920K), [Metaspace: 3748K->3748K(1056768K)], 0.0317756 secs] [Times: user=0.13 sys=0.00, real=0.04 secs] 
35.458: [GC (CMS Initial Mark) [1 CMS-initial-mark: 6320K(6848K)] 9072K(9920K), 0.0030870 secs] [Times: user=0.00 sys=0.00, real=0.00 secs] 
35.461: [CMS-concurrent-mark-start]
35.461: [GC (Allocation Failure) 35.462: [ParNew (promotion failed): 2751K->3022K(3072K), 0.0157460 secs]35.477: [CMS35.481: [CMS-concurrent-mark: 0.003/0.019 secs] [Times: user=0.13 sys=0.00, real=0.02 secs] 
 (concurrent mode failure): 6322K->6320K(6848K), 0.0198832 secs] 9072K->9072K(9920K), [Metaspace: 3748K->3748K(1056768K)], 0.0356865 secs] [Times: user=0.14 sys=0.00, real=0.03 secs] 
35.497: [GC (Allocation Failure) 35.497: [ParNew (promotion failed): 2751K->2997K(3072K), 0.0131717 secs]35.511: [CMS: 6323K->6320K(6848K), 0.0168225 secs] 9072K->9072K(9920K), [Metaspace: 3748K->3748K(1056768K)], 0.0300601 secs] [Times: user=0.11 sys=0.00, real=0.03 secs] 
35.528: [GC (CMS Initial Mark) [1 CMS-initial-mark: 6321K(6848K)] 9073K(9920K), 0.0030822 secs] [Times: user=0.00 sys=0.00, real=0.00 secs] 
35.531: [CMS-concurrent-mark-start]
35.531: [GC (Allocation Failure) 35.531: [ParNew (promotion failed): 2751K->2997K(3072K), 0.0221187 secs]35.553: [CMS35.557: [CMS-concurrent-mark: 0.004/0.026 secs] [Times: user=0.17 sys=0.00, real=0.02 secs] 
 (concurrent mode failure): 6323K->6321K(6848K), 0.0199578 secs] 9073K->9073K(9920K), [Metaspace: 3748K->3748K(1056768K)], 0.0421405 secs] [Times: user=0.19 sys=0.00, real=0.04 secs] 
35.574: [GC (Allocation Failure) 35.574: [ParNew (promotion failed): 2751K->3022K(3072K), 0.0205580 secs]35.594: [CMS: 6323K->6321K(6848K), 0.0166508 secs] 9073K->9073K(9920K), [Metaspace: 3748K->3748K(1056768K)], 0.0372674 secs] [Times: user=0.17 sys=0.00, real=0.04 secs] 
35.612: [GC (CMS Initial Mark) [1 CMS-initial-mark: 6321K(6848K)] 9073K(9920K), 0.0031033 secs] [Times: user=0.00 sys=0.00, real=0.00 secs] 
35.615: [CMS-concurrent-mark-start]
35.615: [GC (Allocation Failure) 35.615: [ParNew (promotion failed): 2751K->3022K(3072K), 0.0259118 secs]35.641: [CMS35.645: [CMS-concurrent-mark: 0.003/0.029 secs] [Times: user=0.20 sys=0.00, real=0.03 secs] 
 (concurrent mode failure): 6323K->6321K(6848K), 0.0199214 secs] 9073K->9073K(9920K), [Metaspace: 3748K->3748K(1056768K)], 0.0458795 secs] [Times: user=0.22 sys=0.00, real=0.05 secs] 
35.662: [GC (Allocation Failure) 35.662: [ParNew (promotion failed): 2751K->3022K(3072K), 0.0159516 secs]35.678: [CMS: 6323K->6320K(6848K), 0.0165720 secs] 9073K->9072K(9920K), [Metaspace: 3748K->3748K(1056768K)], 0.0325818 secs] [Times: user=0.13 sys=0.00, real=0.03 secs] 
35.695: [GC (CMS Initial Mark) [1 CMS-initial-mark: 6320K(6848K)] 9072K(9920K), 0.0030764 secs] [Times: user=0.01 sys=0.00, real=0.01 secs] 
35.698: [CMS-concurrent-mark-start]
35.698: [GC (Allocation Failure) 35.698: [ParNew (promotion failed): 2751K->2997K(3072K), 0.0177844 secs]35.716: [CMS35.719: [CMS-concurrent-mark: 0.003/0.021 secs] [Times: user=0.14 sys=0.00, real=0.02 secs] 
 (concurrent mode failure): 6323K->6320K(6848K), 0.0198522 secs] 9072K->9072K(9920K), [Metaspace: 3748K->3748K(1056768K)], 0.0376873 secs] [Times: user=0.15 sys=0.00, real=0.03 secs] 
35.736: [GC (Allocation Failure) 35.736: [ParNew (promotion failed): 2751K->3022K(3072K), 0.0158322 secs]35.752: [CMS: 6323K->6320K(6848K), 0.0164260 secs] 9072K->9072K(9920K), [Metaspace: 3748K->3748K(1056768K)], 0.0323162 secs] [Times: user=0.14 sys=0.00, real=0.04 secs] 
35.769: [GC (CMS Initial Mark) [1 CMS-initial-mark: 6320K(6848K)] 9072K(9920K), 0.0030634 secs] [Times: user=0.00 sys=0.00, real=0.00 secs] 
35.772: [CMS-concurrent-mark-start]
35.772: [GC (Allocation Failure) 35.772: [ParNew (promotion failed): 2751K->3022K(3072K), 0.0176025 secs]35.789: [CMS35.793: [CMS-concurrent-mark: 0.003/0.021 secs] [Times: user=0.14 sys=0.00, real=0.02 secs] 
 (concurrent mode failure): 6323K->6320K(6848K), 0.0198592 secs] 9072K->9072K(9920K), [Metaspace: 3748K->3748K(1056768K)], 0.0375262 secs] [Times: user=0.15 sys=0.00, real=0.04 secs] 
35.810: [GC (Allocation Failure) 35.810: [ParNew (promotion failed): 2751K->3022K(3072K), 0.0158167 secs]35.826: [CMS: 6323K->6321K(6848K), 0.0166063 secs] 9073K->9073K(9920K), [Metaspace: 3748K->3748K(1056768K)], 0.0324849 secs] [Times: user=0.14 sys=0.00, real=0.03 secs] 
35.843: [GC (CMS Initial Mark) [1 CMS-initial-mark: 6321K(6848K)] 9073K(9920K), 0.0030746 secs] [Times: user=0.00 sys=0.00, real=0.00 secs] 
35.846: [CMS-concurrent-mark-start]
35.846: [GC (Allocation Failure) 35.846: [ParNew (promotion failed): 2751K->3022K(3072K), 0.0194093 secs]35.865: [CMS35.869: [CMS-concurrent-mark: 0.004/0.023 secs] [Times: user=0.15 sys=0.00, real=0.03 secs] 
 (concurrent mode failure): 6323K->6321K(6848K), 0.0202229 secs] 9073K->9073K(9920K), [Metaspace: 3748K->3748K(1056768K)], 0.0396904 secs] [Times: user=0.17 sys=0.00, real=0.04 secs] 
35.886: [GC (Allocation Failure) 35.886: [ParNew (promotion failed): 2751K->2972K(3072K), 0.0227761 secs]35.909: [CMS: 6323K->6321K(6848K), 0.0165768 secs] 9073K->9073K(9920K), [Metaspace: 3748K->3748K(1056768K)], 0.0394145 secs] [Times: user=0.19 sys=0.01, real=0.04 secs] 
35.926: [GC (CMS Initial Mark) [1 CMS-initial-mark: 6321K(6848K)] 9073K(9920K), 0.0030381 secs] [Times: user=0.00 sys=0.00, real=0.01 secs] 
35.929: [CMS-concurrent-mark-start]
35.930: [GC (Allocation Failure) 35.930: [ParNew (promotion failed): 2751K->2997K(3072K), 0.0166475 secs]35.946: [CMS35.949: [CMS-concurrent-mark: 0.004/0.020 secs] [Times: user=0.14 sys=0.00, real=0.02 secs] 
 (concurrent mode failure): 6323K->6320K(6848K), 0.0194499 secs] 9073K->9072K(9920K), [Metaspace: 3748K->3748K(1056768K)], 0.0361444 secs] [Times: user=0.14 sys=0.00, real=0.03 secs] 
35.966: [GC (Allocation Failure) 35.966: [ParNew (promotion failed): 2751K->2997K(3072K), 0.0196632 secs]35.986: [CMS: 6323K->6320K(6848K), 0.0166213 secs] 9073K->9072K(9920K), [Metaspace: 3748K->3748K(1056768K)], 0.0363465 secs] [Times: user=0.16 sys=0.00, real=0.04 secs] 
36.003: [GC (CMS Initial Mark) [1 CMS-initial-mark: 6320K(6848K)] 9072K(9920K), 0.0030626 secs] [Times: user=0.00 sys=0.00, real=0.00 secs] 
36.006: [CMS-concurrent-mark-start]
36.006: [GC (Allocation Failure) 36.006: [ParNew (promotion failed): 2751K->2997K(3072K), 0.0150748 secs]36.021: [CMS36.025: [CMS-concurrent-mark: 0.003/0.019 secs] [Times: user=0.12 sys=0.00, real=0.02 secs] 
 (concurrent mode failure): 6323K->6320K(6848K), 0.0201150 secs] 9072K->9072K(9920K), [Metaspace: 3748K->3748K(1056768K)], 0.0352437 secs] [Times: user=0.14 sys=0.00, real=0.04 secs] 
36.042: [GC (Allocation Failure) 36.042: [ParNew (promotion failed): 2751K->3022K(3072K), 0.0152226 secs]36.057: [CMS: 6323K->6321K(6848K), 0.0165808 secs] 9073K->9073K(9920K), [Metaspace: 3748K->3748K(1056768K)], 0.0318571 secs] [Times: user=0.12 sys=0.00, real=0.03 secs] 
36.074: [GC (CMS Initial Mark) [1 CMS-initial-mark: 6321K(6848K)] 9073K(9920K), 0.0030535 secs] [Times: user=0.01 sys=0.00, real=0.00 secs] 
36.077: [CMS-concurrent-mark-start]
36.077: [GC (Allocation Failure) 36.077: [ParNew (promotion failed): 2751K->2997K(3072K), 0.0151200 secs]36.092: [CMS36.096: [CMS-concurrent-mark: 0.004/0.019 secs] [Times: user=0.12 sys=0.00, real=0.02 secs] 
 (concurrent mode failure): 6323K->6321K(6848K), 0.0199125 secs] 9073K->9073K(9920K), [Metaspace: 3748K->3748K(1056768K)], 0.0350925 secs] [Times: user=0.13 sys=0.00, real=0.04 secs] 
36.113: [GC (Allocation Failure) 36.113: [ParNew (promotion failed): 2751K->3022K(3072K), 0.0220109 secs]36.135: [CMS: 6323K->6321K(6848K), 0.0167940 secs] 9073K->9073K(9920K), [Metaspace: 3748K->3748K(1056768K)], 0.0388722 secs] [Times: user=0.18 sys=0.00, real=0.04 secs] 
36.152: [GC (CMS Initial Mark) [1 CMS-initial-mark: 6321K(6848K)] 9073K(9920K), 0.0031103 secs] [Times: user=0.00 sys=0.00, real=0.00 secs] 
36.156: [CMS-concurrent-mark-start]
36.156: [GC (Allocation Failure) 36.156: [ParNew (promotion failed): 2751K->2997K(3072K), 0.0168613 secs]36.172: [CMS36.176: [CMS-concurrent-mark: 0.003/0.020 secs] [Times: user=0.13 sys=0.00, real=0.02 secs] 
 (concurrent mode failure): 6323K->6321K(6848K), 0.0200877 secs] 9073K->9073K(9920K), [Metaspace: 3748K->3748K(1056768K)], 0.0370047 secs] [Times: user=0.14 sys=0.00, real=0.04 secs] 
36.193: [GC (Allocation Failure) 36.193: [ParNew (promotion failed): 2751K->2997K(3072K), 0.0215043 secs]36.215: [CMS: 6323K->6320K(6848K), 0.0167598 secs] 9073K->9072K(9920K), [Metaspace: 3748K->3748K(1056768K)], 0.0383236 secs] [Times: user=0.18 sys=0.00, real=0.04 secs] 
36.232: [GC (CMS Initial Mark) [1 CMS-initial-mark: 6321K(6848K)] 9073K(9920K), 0.0031184 secs] [Times: user=0.00 sys=0.00, real=0.00 secs] 
36.235: [CMS-concurrent-mark-start]
36.236: [GC (Allocation Failure) 36.236: [ParNew (promotion failed): 2751K->3022K(3072K), 0.0160745 secs]36.252: [CMS36.255: [CMS-concurrent-mark: 0.004/0.020 secs] [Times: user=0.11 sys=0.00, real=0.02 secs] 
 (concurrent mode failure): 6323K->6320K(6848K), 0.0202349 secs] 9073K->9072K(9920K), [Metaspace: 3748K->3748K(1056768K)], 0.0363658 secs] [Times: user=0.13 sys=0.00, real=0.04 secs] 
36.272: [GC (Allocation Failure) 36.272: [ParNew (promotion failed): 2751K->2997K(3072K), 0.0134568 secs]36.286: [CMS: 6323K->6321K(6848K), 0.0166961 secs] 9073K->9073K(9920K), [Metaspace: 3748K->3748K(1056768K)], 0.0302191 secs] [Times: user=0.11 sys=0.01, real=0.03 secs] 
36.303: [GC (CMS Initial Mark) [1 CMS-initial-mark: 6321K(6848K)] 9073K(9920K), 0.0031090 secs] [Times: user=0.00 sys=0.00, real=0.00 secs] 
36.306: [CMS-concurrent-mark-start]
36.306: [GC (Allocation Failure) 36.306: [ParNew (promotion failed): 2751K->2997K(3072K), 0.0193435 secs]36.325: [CMS36.329: [CMS-concurrent-mark: 0.003/0.023 secs] [Times: user=0.14 sys=0.00, real=0.03 secs] 
 (concurrent mode failure): 6323K->6321K(6848K), 0.0203410 secs] 9073K->9073K(9920K), [Metaspace: 3748K->3748K(1056768K)], 0.0397405 secs] [Times: user=0.16 sys=0.00, real=0.04 secs] 
36.346: [GC (Allocation Failure) 36.346: [ParNew (promotion failed): 2751K->3022K(3072K), 0.0239362 secs]36.370: [CMS: 6323K->6321K(6848K), 0.0166083 secs] 9073K->9073K(9920K), [Metaspace: 3748K->3748K(1056768K)], 0.0406040 secs] [Times: user=0.20 sys=0.00, real=0.04 secs] 
36.387: [GC (CMS Initial Mark) [1 CMS-initial-mark: 6321K(6848K)] 9073K(9920K), 0.0030891 secs] [Times: user=0.00 sys=0.00, real=0.01 secs] 
36.390: [CMS-concurrent-mark-start]
36.390: [GC (Allocation Failure) 36.390: [ParNew (promotion failed): 2751K->2997K(3072K), 0.0217247 secs]36.412: [CMS36.416: [CMS-concurrent-mark: 0.004/0.025 secs] [Times: user=0.16 sys=0.00, real=0.02 secs] 
 (concurrent mode failure): 6323K->6321K(6848K), 0.0201188 secs] 9073K->9073K(9920K), [Metaspace: 3748K->3748K(1056768K)], 0.0419005 secs] [Times: user=0.18 sys=0.00, real=0.04 secs] 
36.433: [GC (Allocation Failure) 36.433: [ParNew (promotion failed): 2751K->3022K(3072K), 0.0147612 secs]36.448: [CMS: 6323K->6321K(6848K), 0.0165466 secs] 9073K->9073K(9920K), [Metaspace: 3748K->3748K(1056768K)], 0.0313597 secs] [Times: user=0.13 sys=0.00, real=0.03 secs] 
36.465: [GC (CMS Initial Mark) [1 CMS-initial-mark: 6321K(6848K)] 9073K(9920K), 0.0030580 secs] [Times: user=0.00 sys=0.00, real=0.01 secs] 
36.468: [CMS-concurrent-mark-start]
36.469: [GC (Allocation Failure) 36.469: [ParNew (promotion failed): 2751K->2997K(3072K), 0.0220849 secs]36.491: [CMS36.494: [CMS-concurrent-mark: 0.004/0.026 secs] [Times: user=0.17 sys=0.00, real=0.02 secs] 
 (concurrent mode failure): 6323K->6321K(6848K), 0.0195447 secs] 9073K->9073K(9920K), [Metaspace: 3748K->3748K(1056768K)], 0.0416910 secs] [Times: user=0.19 sys=0.00, real=0.04 secs] 
36.511: [GC (Allocation Failure) 36.511: [ParNew (promotion failed): 2751K->3022K(3072K), 0.0218848 secs]36.533: [CMS: 6323K->6321K(6848K), 0.0169890 secs] 9073K->9073K(9920K), [Metaspace: 3748K->3748K(1056768K)], 0.0389454 secs] [Times: user=0.17 sys=0.00, real=0.04 secs] 
36.550: [GC (CMS Initial Mark) [1 CMS-initial-mark: 6321K(6848K)] 9073K(9920K), 0.0031068 secs] [Times: user=0.01 sys=0.00, real=0.00 secs] 
36.553: [CMS-concurrent-mark-start]
36.553: [GC (Allocation Failure) 36.553: [ParNew (promotion failed): 2751K->3046K(3072K), 0.0218023 secs]36.575: [CMS36.579: [CMS-concurrent-mark: 0.003/0.025 secs] [Times: user=0.16 sys=0.00, real=0.03 secs] 
 (concurrent mode failure): 6323K->6321K(6848K), 0.0199875 secs] 9073K->9073K(9920K), [Metaspace: 3748K->3748K(1056768K)], 0.0418382 secs] [Times: user=0.18 sys=0.00, real=0.04 secs] 
36.595: [GC (Allocation Failure) 36.595: [ParNew (promotion failed): 2751K->2997K(3072K), 0.0147555 secs]36.610: [CMS: 6323K->6321K(6848K), 0.0164627 secs] 9073K->9073K(9920K), [Metaspace: 3748K->3748K(1056768K)], 0.0312810 secs] [Times: user=0.13 sys=0.01, real=0.03 secs] 
36.627: [GC (CMS Initial Mark) [1 CMS-initial-mark: 6321K(6848K)] 9073K(9920K), 0.0030583 secs] [Times: user=0.00 sys=0.00, real=0.01 secs] 
36.630: [CMS-concurrent-mark-start]
36.630: [GC (Allocation Failure) 36.630: [ParNew (promotion failed): 2751K->2997K(3072K), 0.0162025 secs]36.647: [CMS36.650: [CMS-concurrent-mark: 0.004/0.020 secs] [Times: user=0.13 sys=0.00, real=0.02 secs] 
 (concurrent mode failure): 6323K->6321K(6848K), 0.0199164 secs] 9073K->9073K(9920K), [Metaspace: 3748K->3748K(1056768K)], 0.0361748 secs] [Times: user=0.14 sys=0.00, real=0.03 secs] 
36.667: [GC (Allocation Failure) 36.667: [ParNew (promotion failed): 2751K->3022K(3072K), 0.0181541 secs]36.685: [CMS: 6323K->6321K(6848K), 0.0166665 secs] 9073K->9073K(9920K), [Metaspace: 3748K->3748K(1056768K)], 0.0348763 secs] [Times: user=0.14 sys=0.00, real=0.04 secs] 
36.703: [GC (CMS Initial Mark) [1 CMS-initial-mark: 6321K(6848K)] 9073K(9920K), 0.0030589 secs] [Times: user=0.01 sys=0.00, real=0.00 secs] 
36.706: [CMS-concurrent-mark-start]
36.706: [GC (Allocation Failure) 36.706: [ParNew (promotion failed): 2751K->3022K(3072K), 0.0184537 secs]36.724: [CMS36.728: [CMS-concurrent-mark: 0.003/0.022 secs] [Times: user=0.14 sys=0.00, real=0.02 secs] 
 (concurrent mode failure): 6323K->6321K(6848K), 0.0199925 secs] 9073K->9073K(9920K), [Metaspace: 3748K->3748K(1056768K)], 0.0385083 secs] [Times: user=0.16 sys=0.00, real=0.04 secs] 
36.745: [GC (Allocation Failure) 36.745: [ParNew (promotion failed): 2751K->2997K(3072K), 0.0145620 secs]36.760: [CMS: 6323K->6321K(6848K), 0.0165932 secs] 9073K->9073K(9920K), [Metaspace: 3748K->3748K(1056768K)], 0.0312126 secs] [Times: user=0.12 sys=0.00, real=0.03 secs] 
36.777: [GC (CMS Initial Mark) [1 CMS-initial-mark: 6321K(6848K)] 9073K(9920K), 0.0030499 secs] [Times: user=0.01 sys=0.00, real=0.01 secs] 
36.780: [CMS-concurrent-mark-start]
36.780: [GC (Allocation Failure) 36.780: [ParNew (promotion failed): 2751K->3022K(3072K), 0.0149870 secs]36.795: [CMS36.798: [CMS-concurrent-mark: 0.003/0.019 secs] [Times: user=0.11 sys=0.00, real=0.02 secs] 
 (concurrent mode failure): 6323K->6321K(6848K), 0.0196973 secs] 9073K->9073K(9920K), [Metaspace: 3748K->3748K(1056768K)], 0.0347406 secs] [Times: user=0.13 sys=0.00, real=0.03 secs] 
36.815: [GC (Allocation Failure) 36.815: [ParNew (promotion failed): 2751K->3022K(3072K), 0.0165060 secs]36.832: [CMS: 6323K->6321K(6848K), 0.0164700 secs] 9073K->9073K(9920K), [Metaspace: 3748K->3748K(1056768K)], 0.0330392 secs] [Times: user=0.14 sys=0.00, real=0.04 secs] 
36.848: [GC (CMS Initial Mark) [1 CMS-initial-mark: 6321K(6848K)] 9073K(9920K), 0.0030581 secs] [Times: user=0.00 sys=0.00, real=0.00 secs] 
36.851: [CMS-concurrent-mark-start]
36.852: [GC (Allocation Failure) 36.852: [ParNew (promotion failed): 2751K->2997K(3072K), 0.0169265 secs]36.868: [CMS36.872: [CMS-concurrent-mark: 0.003/0.020 secs] [Times: user=0.14 sys=0.00, real=0.02 secs] 
 (concurrent mode failure): 6323K->6321K(6848K), 0.0199211 secs] 9073K->9073K(9920K), [Metaspace: 3748K->3748K(1056768K)], 0.0369077 secs] [Times: user=0.15 sys=0.00, real=0.04 secs] 
36.889: [GC (Allocation Failure) 36.889: [ParNew (promotion failed): 2751K->2997K(3072K), 0.0206460 secs]36.910: [CMS: 6323K->6321K(6848K), 0.0165305 secs] 9073K->9073K(9920K), [Metaspace: 3748K->3748K(1056768K)], 0.0372281 secs] [Times: user=0.18 sys=0.00, real=0.03 secs] 
36.927: [GC (CMS Initial Mark) [1 CMS-initial-mark: 6321K(6848K)] 9073K(9920K), 0.0030761 secs] [Times: user=0.00 sys=0.00, real=0.01 secs] 
36.930: [CMS-concurrent-mark-start]
36.930: [GC (Allocation Failure) 36.930: [ParNew (promotion failed): 2751K->2997K(3072K), 0.0179827 secs]36.948: [CMS36.951: [CMS-concurrent-mark: 0.004/0.022 secs] [Times: user=0.14 sys=0.00, real=0.02 secs] 
 (concurrent mode failure): 6323K->6321K(6848K), 0.0203848 secs] 9073K->9073K(9920K), [Metaspace: 3748K->3748K(1056768K)], 0.0384266 secs] [Times: user=0.16 sys=0.00, real=0.04 secs] 
36.969: [GC (Allocation Failure) 36.969: [ParNew (promotion failed): 2751K->2997K(3072K), 0.0235479 secs]36.992: [CMS: 6323K->6321K(6848K), 0.0165709 secs] 9073K->9073K(9920K), [Metaspace: 3748K->3748K(1056768K)], 0.0401760 secs] [Times: user=0.20 sys=0.00, real=0.04 secs] 
37.010: [GC (CMS Initial Mark) [1 CMS-initial-mark: 6321K(6848K)] 9073K(9920K), 0.0030859 secs] [Times: user=0.00 sys=0.00, real=0.00 secs] 
37.013: [CMS-concurrent-mark-start]
37.013: [GC (Allocation Failure) 37.013: [ParNew (promotion failed): 2751K->3022K(3072K), 0.0229425 secs]37.036: [CMS37.039: [CMS-concurrent-mark: 0.003/0.027 secs] [Times: user=0.18 sys=0.00, real=0.03 secs] 
 (concurrent mode failure): 6323K->6321K(6848K), 0.0195653 secs] 9073K->9073K(9920K), [Metaspace: 3748K->3748K(1056768K)], 0.0425641 secs] [Times: user=0.19 sys=0.00, real=0.04 secs] 
37.056: [GC (Allocation Failure) 37.056: [ParNew (promotion failed): 2751K->3022K(3072K), 0.0145592 secs]37.071: [CMS: 6323K->6321K(6848K), 0.0167349 secs] 9073K->9073K(9920K), [Metaspace: 3748K->3748K(1056768K)], 0.0313563 secs] [Times: user=0.12 sys=0.00, real=0.04 secs] 
37.088: [GC (CMS Initial Mark) [1 CMS-initial-mark: 6321K(6848K)] 9073K(9920K), 0.0030585 secs] [Times: user=0.01 sys=0.00, real=0.00 secs] 
37.091: [CMS-concurrent-mark-start]
37.091: [GC (Allocation Failure) 37.091: [ParNew (promotion failed): 2751K->2997K(3072K), 0.0156304 secs]37.107: [CMS37.110: [CMS-concurrent-mark: 0.004/0.019 secs] [Times: user=0.12 sys=0.00, real=0.02 secs] 
 (concurrent mode failure): 6323K->6321K(6848K), 0.0200287 secs] 9073K->9073K(9920K), [Metaspace: 3748K->3748K(1056768K)], 0.0357171 secs] [Times: user=0.13 sys=0.00, real=0.03 secs] 
37.127: [GC (Allocation Failure) 37.127: [ParNew (promotion failed): 2751K->2997K(3072K), 0.0224845 secs]37.150: [CMS: 6323K->6321K(6848K), 0.0165292 secs] 9073K->9073K(9920K), [Metaspace: 3748K->3748K(1056768K)], 0.0390755 secs] [Times: user=0.19 sys=0.00, real=0.04 secs] 
37.167: [GC (CMS Initial Mark) [1 CMS-initial-mark: 6321K(6848K)] 9073K(9920K), 0.0030571 secs] [Times: user=0.00 sys=0.00, real=0.01 secs] 
37.170: [CMS-concurrent-mark-start]
37.170: [GC (Allocation Failure) 37.170: [ParNew (promotion failed): 2751K->2997K(3072K), 0.0215178 secs]37.191: [CMS37.195: [CMS-concurrent-mark: 0.004/0.025 secs] [Times: user=0.17 sys=0.00, real=0.02 secs] 
 (concurrent mode failure): 6323K->6321K(6848K), 0.0198644 secs] 9073K->9073K(9920K), [Metaspace: 3748K->3748K(1056768K)], 0.0414487 secs] [Times: user=0.18 sys=0.00, real=0.04 secs] 
37.212: [GC (Allocation Failure) 37.212: [ParNew (promotion failed): 2751K->2997K(3072K), 0.0132661 secs]37.225: [CMS: 6323K->6321K(6848K), 0.0167225 secs] 9073K->9073K(9920K), [Metaspace: 3748K->3748K(1056768K)], 0.0300445 secs] [Times: user=0.11 sys=0.00, real=0.03 secs] 
37.243: [GC (CMS Initial Mark) [1 CMS-initial-mark: 6321K(6848K)] 9073K(9920K), 0.0030497 secs] [Times: user=0.00 sys=0.00, real=0.00 secs] 
37.246: [CMS-concurrent-mark-start]
37.246: [GC (Allocation Failure) 37.246: [ParNew (promotion failed): 2751K->2997K(3072K), 0.0202514 secs]37.266: [CMS37.269: [CMS-concurrent-mark: 0.003/0.024 secs] [Times: user=0.16 sys=0.00, real=0.03 secs] 
 (concurrent mode failure): 6323K->6321K(6848K), 0.0202184 secs] 9073K->9073K(9920K), [Metaspace: 3748K->3748K(1056768K)], 0.0405277 secs] [Times: user=0.18 sys=0.00, real=0.04 secs] 
37.287: [GC (Allocation Failure) 37.287: [ParNew (promotion failed): 2751K->2997K(3072K), 0.0175402 secs]37.305: [CMS: 6323K->6321K(6848K), 0.0167643 secs] 9073K->9073K(9920K), [Metaspace: 3748K->3748K(1056768K)], 0.0343738 secs] [Times: user=0.14 sys=0.00, real=0.04 secs] 
37.322: [GC (CMS Initial Mark) [1 CMS-initial-mark: 6321K(6848K)] 9073K(9920K), 0.0031978 secs] [Times: user=0.00 sys=0.00, real=0.00 secs] 
37.325: [CMS-concurrent-mark-start]
37.326: [GC (Allocation Failure) 37.326: [ParNew (promotion failed): 2751K->2997K(3072K), 0.0206429 secs]37.346: [CMS37.349: [CMS-concurrent-mark: 0.003/0.024 secs] [Times: user=0.15 sys=0.01, real=0.03 secs] 
 (concurrent mode failure): 6323K->6321K(6848K), 0.0198660 secs] 9073K->9073K(9920K), [Metaspace: 3748K->3748K(1056768K)], 0.0405681 secs] [Times: user=0.17 sys=0.01, real=0.04 secs] 
37.366: [GC (Allocation Failure) 37.366: [ParNew (promotion failed): 2751K->2997K(3072K), 0.0208549 secs]37.387: [CMS: 6323K->6321K(6848K), 0.0166634 secs] 9073K->9073K(9920K), [Metaspace: 3748K->3748K(1056768K)], 0.0375905 secs] [Times: user=0.16 sys=0.00, real=0.04 secs] 
37.404: [GC (CMS Initial Mark) [1 CMS-initial-mark: 6321K(6848K)] 9073K(9920K), 0.0030945 secs] [Times: user=0.00 sys=0.00, real=0.00 secs] 
37.407: [CMS-concurrent-mark-start]
37.407: [GC (Allocation Failure) 37.407: [ParNew (promotion failed): 2751K->2997K(3072K), 0.0201812 secs]37.428: [CMS37.431: [CMS-concurrent-mark: 0.003/0.024 secs] [Times: user=0.15 sys=0.00, real=0.03 secs] 
 (concurrent mode failure): 6323K->6321K(6848K), 0.0203353 secs] 9073K->9073K(9920K), [Metaspace: 3748K->3748K(1056768K)], 0.0405765 secs] [Times: user=0.17 sys=0.00, real=0.05 secs] 
37.448: [GC (Allocation Failure) 37.448: [ParNew (promotion failed): 2751K->3046K(3072K), 0.0178089 secs]37.466: [CMS: 6323K->6321K(6848K), 0.0168225 secs] 9073K->9073K(9920K), [Metaspace: 3748K->3748K(1056768K)], 0.0347012 secs] [Times: user=0.14 sys=0.00, real=0.03 secs] 
37.484: [GC (CMS Initial Mark) [1 CMS-initial-mark: 6321K(6848K)] 9073K(9920K), 0.0030643 secs] [Times: user=0.01 sys=0.00, real=0.00 secs] 
37.487: [CMS-concurrent-mark-start]
37.487: [GC (Allocation Failure) 37.487: [ParNew (promotion failed): 2751K->3071K(3072K), 0.0166026 secs]37.503: [CMS37.507: [CMS-concurrent-mark: 0.003/0.020 secs] [Times: user=0.10 sys=0.00, real=0.02 secs] 
 (concurrent mode failure): 6323K->6321K(6848K), 0.0201931 secs] 9073K->9073K(9920K), [Metaspace: 3748K->3748K(1056768K)], 0.0368625 secs] [Times: user=0.12 sys=0.00, real=0.04 secs] 
37.524: [GC (Allocation Failure) 37.524: [ParNew (promotion failed): 2751K->3022K(3072K), 0.0126573 secs]37.537: [CMS: 6323K->6321K(6848K), 0.0173508 secs] 9073K->9073K(9920K), [Metaspace: 3748K->3748K(1056768K)], 0.0300713 secs] [Times: user=0.10 sys=0.00, real=0.03 secs] 
37.555: [GC (CMS Initial Mark) [1 CMS-initial-mark: 6321K(6848K)] 9073K(9920K), 0.0030764 secs] [Times: user=0.00 sys=0.00, real=0.01 secs] 
37.559: [CMS-concurrent-mark-start]
37.559: [GC (Allocation Failure) 37.559: [ParNew (promotion failed): 2751K->3022K(3072K), 0.0154871 secs]37.575: [CMS37.578: [CMS-concurrent-mark: 0.003/0.019 secs] [Times: user=0.12 sys=0.00, real=0.01 secs] 
 (concurrent mode failure): 6323K->6321K(6848K), 0.0197160 secs] 9073K->9073K(9920K), [Metaspace: 3748K->3748K(1056768K)], 0.0470640 secs] [Times: user=0.13 sys=0.00, real=0.04 secs] 
37.607: [GC (Allocation Failure) 37.607: [ParNew (promotion failed): 2751K->3022K(3072K), 0.0159537 secs]37.623: [CMS: 6323K->6321K(6848K), 0.0165735 secs] 9073K->9073K(9920K), [Metaspace: 3748K->3748K(1056768K)], 0.0325817 secs] [Times: user=0.13 sys=0.00, real=0.04 secs] 
37.640: [GC (CMS Initial Mark) [1 CMS-initial-mark: 6321K(6848K)] 9073K(9920K), 0.0030526 secs] [Times: user=0.00 sys=0.00, real=0.00 secs] 
37.643: [CMS-concurrent-mark-start]
37.643: [GC (Allocation Failure) 37.643: [ParNew (promotion failed): 2751K->3022K(3072K), 0.0228977 secs]37.666: [CMS37.669: [CMS-concurrent-mark: 0.003/0.026 secs] [Times: user=0.18 sys=0.01, real=0.03 secs] 
 (concurrent mode failure): 6323K->6321K(6848K), 0.0200213 secs] 9073K->9073K(9920K), [Metaspace: 3748K->3748K(1056768K)], 0.0429854 secs] [Times: user=0.20 sys=0.01, real=0.04 secs] 
37.686: [GC (Allocation Failure) 37.686: [ParNew (promotion failed): 2751K->2997K(3072K), 0.0154333 secs]37.702: [CMS: 6323K->6321K(6848K), 0.0166405 secs] 9073K->9073K(9920K), [Metaspace: 3748K->3748K(1056768K)], 0.0321378 secs] [Times: user=0.13 sys=0.00, real=0.04 secs] 
37.719: [GC (CMS Initial Mark) [1 CMS-initial-mark: 6321K(6848K)] 9073K(9920K), 0.0030937 secs] [Times: user=0.01 sys=0.00, real=0.00 secs] 
37.722: [CMS-concurrent-mark-start]
37.722: [GC (Allocation Failure) 37.722: [ParNew (promotion failed): 2751K->2997K(3072K), 0.0182510 secs]37.740: [CMS37.744: [CMS-concurrent-mark: 0.004/0.022 secs] [Times: user=0.14 sys=0.00, real=0.02 secs] 
 (concurrent mode failure): 6323K->6321K(6848K), 0.0199083 secs] 9073K->9073K(9920K), [Metaspace: 3748K->3748K(1056768K)], 0.0382117 secs] [Times: user=0.16 sys=0.00, real=0.04 secs] 
37.761: [GC (Allocation Failure) 37.761: [ParNew (promotion failed): 2751K->3022K(3072K), 0.0222686 secs]37.783: [CMS: 6323K->6321K(6848K), 0.0166228 secs] 9073K->9073K(9920K), [Metaspace: 3748K->3748K(1056768K)], 0.0389573 secs] [Times: user=0.18 sys=0.00, real=0.04 secs] 
37.800: [GC (CMS Initial Mark) [1 CMS-initial-mark: 6321K(6848K)] 9073K(9920K), 0.0030515 secs] [Times: user=0.00 sys=0.00, real=0.00 secs] 
37.803: [CMS-concurrent-mark-start]
37.803: [GC (Allocation Failure) 37.803: [ParNew (promotion failed): 2751K->2997K(3072K), 0.0230931 secs]37.827: [CMS37.830: [CMS-concurrent-mark: 0.003/0.027 secs] [Times: user=0.19 sys=0.00, real=0.03 secs] 
 (concurrent mode failure): 6323K->6321K(6848K), 0.0199725 secs] 9073K->9073K(9920K), [Metaspace: 3748K->3748K(1056768K)], 0.0431296 secs] [Times: user=0.20 sys=0.00, real=0.04 secs] 
37.847: [GC (Allocation Failure) 37.847: [ParNew (promotion failed): 2751K->2997K(3072K), 0.0162971 secs]37.864: [CMS: 6323K->6321K(6848K), 0.0166151 secs] 9073K->9073K(9920K), [Metaspace: 3748K->3748K(1056768K)], 0.0329782 secs] [Times: user=0.14 sys=0.00, real=0.04 secs] 
37.881: [GC (CMS Initial Mark) [1 CMS-initial-mark: 6321K(6848K)] 9073K(9920K), 0.0030695 secs] [Times: user=0.01 sys=0.00, real=0.00 secs] 
37.884: [CMS-concurrent-mark-start]
37.884: [GC (Allocation Failure) 37.884: [ParNew (promotion failed): 2751K->2997K(3072K), 0.0170694 secs]37.901: [CMS37.905: [CMS-concurrent-mark: 0.004/0.021 secs] [Times: user=0.13 sys=0.00, real=0.02 secs] 
 (concurrent mode failure): 6323K->6321K(6848K), 0.0199647 secs] 9073K->9073K(9920K), [Metaspace: 3748K->3748K(1056768K)], 0.0370931 secs] [Times: user=0.14 sys=0.00, real=0.04 secs] 
37.922: [GC (Allocation Failure) 37.922: [ParNew (promotion failed): 2751K->3022K(3072K), 0.0162910 secs]37.938: [CMS: 6323K->6321K(6848K), 0.0164986 secs] 9073K->9073K(9920K), [Metaspace: 3748K->3748K(1056768K)], 0.0328478 secs] [Times: user=0.14 sys=0.00, real=0.03 secs] 
37.955: [GC (CMS Initial Mark) [1 CMS-initial-mark: 6321K(6848K)] 9073K(9920K), 0.0030764 secs] [Times: user=0.01 sys=0.00, real=0.00 secs] 
37.958: [CMS-concurrent-mark-start]
37.958: [GC (Allocation Failure) 37.958: [ParNew (promotion failed): 2751K->2997K(3072K), 0.0167090 secs]37.975: [CMS37.978: [CMS-concurrent-mark: 0.003/0.020 secs] [Times: user=0.13 sys=0.00, real=0.03 secs] 
 (concurrent mode failure): 6323K->6321K(6848K), 0.0200109 secs] 9073K->9073K(9920K), [Metaspace: 3748K->3748K(1056768K)], 0.0367721 secs] [Times: user=0.15 sys=0.00, real=0.03 secs] 
37.995: [GC (Allocation Failure) 37.995: [ParNew (promotion failed): 2751K->3022K(3072K), 0.0217780 secs]38.017: [CMS: 6323K->6321K(6848K), 0.0167068 secs] 9073K->9073K(9920K), [Metaspace: 3748K->3748K(1056768K)], 0.0385435 secs] [Times: user=0.18 sys=0.00, real=0.04 secs] 
38.034: [GC (CMS Initial Mark) [1 CMS-initial-mark: 6321K(6848K)] 9073K(9920K), 0.0031029 secs] [Times: user=0.00 sys=0.00, real=0.00 secs] 
38.037: [CMS-concurrent-mark-start]
38.037: [GC (Allocation Failure) 38.037: [ParNew (promotion failed): 2751K->2997K(3072K), 0.0221627 secs]38.059: [CMS38.063: [CMS-concurrent-mark: 0.004/0.026 secs] [Times: user=0.16 sys=0.01, real=0.03 secs] 
 (concurrent mode failure): 6323K->6321K(6848K), 0.0204889 secs] 9073K->9073K(9920K), [Metaspace: 3748K->3748K(1056768K)], 0.0427110 secs] [Times: user=0.18 sys=0.01, real=0.05 secs] 
38.081: [GC (Allocation Failure) 38.081: [ParNew (promotion failed): 2751K->2997K(3072K), 0.0219620 secs]38.103: [CMS: 6323K->6321K(6848K), 0.0165302 secs] 9073K->9073K(9920K), [Metaspace: 3748K->3748K(1056768K)], 0.0385621 secs] [Times: user=0.18 sys=0.00, real=0.04 secs] 
38.120: [GC (CMS Initial Mark) [1 CMS-initial-mark: 6321K(6848K)] 9073K(9920K), 0.0030432 secs] [Times: user=0.00 sys=0.00, real=0.00 secs] 
38.123: [CMS-concurrent-mark-start]
38.123: [GC (Allocation Failure) 38.123: [ParNew (promotion failed): 2751K->3022K(3072K), 0.0150319 secs]38.138: [CMS38.141: [CMS-concurrent-mark: 0.004/0.019 secs] [Times: user=0.12 sys=0.00, real=0.02 secs] 
 (concurrent mode failure): 6323K->6321K(6848K), 0.0195982 secs] 9073K->9073K(9920K), [Metaspace: 3748K->3748K(1056768K)], 0.0346866 secs] [Times: user=0.14 sys=0.00, real=0.04 secs] 
38.159: [GC (Allocation Failure) 38.159: [ParNew (promotion failed): 2751K->3046K(3072K), 0.0188572 secs]38.177: [CMS: 6323K->6321K(6848K), 0.0165255 secs] 9073K->9073K(9920K), [Metaspace: 3748K->3748K(1056768K)], 0.0354321 secs] [Times: user=0.15 sys=0.00, real=0.03 secs] 
38.194: [GC (CMS Initial Mark) [1 CMS-initial-mark: 6321K(6848K)] 9073K(9920K), 0.0030611 secs] [Times: user=0.01 sys=0.00, real=0.00 secs] 
38.197: [CMS-concurrent-mark-start]
38.197: [GC (Allocation Failure) 38.197: [ParNew (promotion failed): 2751K->3022K(3072K), 0.0211029 secs]38.218: [CMS38.222: [CMS-concurrent-mark: 0.003/0.025 secs] [Times: user=0.16 sys=0.00, real=0.03 secs] 
 (concurrent mode failure): 6323K->6321K(6848K), 0.0200822 secs] 9073K->9073K(9920K), [Metaspace: 3748K->3748K(1056768K)], 0.0412374 secs] [Times: user=0.18 sys=0.00, real=0.05 secs] 
38.239: [GC (Allocation Failure) 38.239: [ParNew (promotion failed): 2751K->3022K(3072K), 0.0168655 secs]38.256: [CMS: 6323K->6321K(6848K), 0.0165875 secs] 9073K->9073K(9920K), [Metaspace: 3748K->3748K(1056768K)], 0.0335116 secs] [Times: user=0.14 sys=0.00, real=0.03 secs] 
38.273: [GC (CMS Initial Mark) [1 CMS-initial-mark: 6321K(6848K)] 9073K(9920K), 0.0030413 secs] [Times: user=0.00 sys=0.00, real=0.00 secs] 
38.276: [CMS-concurrent-mark-start]
38.276: [GC (Allocation Failure) 38.276: [ParNew (promotion failed): 2751K->3046K(3072K), 0.0166013 secs]38.293: [CMS38.296: [CMS-concurrent-mark: 0.004/0.020 secs] [Times: user=0.13 sys=0.00, real=0.02 secs] 
 (concurrent mode failure): 6323K->6321K(6848K), 0.0199241 secs] 9073K->9073K(9920K), [Metaspace: 3748K->3748K(1056768K)], 0.0365792 secs] [Times: user=0.14 sys=0.00, real=0.04 secs] 
38.313: [GC (Allocation Failure) 38.313: [ParNew (promotion failed): 2751K->3022K(3072K), 0.0224203 secs]38.335: [CMS: 6323K->6321K(6848K), 0.0167054 secs] 9073K->9073K(9920K), [Metaspace: 3748K->3748K(1056768K)], 0.0391885 secs] [Times: user=0.19 sys=0.00, real=0.04 secs] 
38.353: [GC (CMS Initial Mark) [1 CMS-initial-mark: 6321K(6848K)] 9073K(9920K), 0.0030536 secs] [Times: user=0.00 sys=0.00, real=0.00 secs] 
38.356: [CMS-concurrent-mark-start]
38.356: [GC (Allocation Failure) 38.356: [ParNew (promotion failed): 2751K->3022K(3072K), 0.0211098 secs]38.377: [CMS38.381: [CMS-concurrent-mark: 0.003/0.025 secs] [Times: user=0.17 sys=0.01, real=0.03 secs] 
 (concurrent mode failure): 6323K->6321K(6848K), 0.0200475 secs] 9073K->9073K(9920K), [Metaspace: 3748K->3748K(1056768K)], 0.0412199 secs] [Times: user=0.19 sys=0.01, real=0.04 secs] 
38.398: [GC (Allocation Failure) 38.398: [ParNew (promotion failed): 2751K->2997K(3072K), 0.0178451 secs]38.416: [CMS: 6323K->6321K(6848K), 0.0165653 secs] 9073K->9073K(9920K), [Metaspace: 3748K->3748K(1056768K)], 0.0344840 secs] [Times: user=0.15 sys=0.00, real=0.03 secs] 
38.433: [GC (CMS Initial Mark) [1 CMS-initial-mark: 6321K(6848K)] 9073K(9920K), 0.0030326 secs] [Times: user=0.00 sys=0.00, real=0.00 secs] 
38.436: [CMS-concurrent-mark-start]
38.437: [GC (Allocation Failure) 38.437: [ParNew (promotion failed): 2751K->3022K(3072K), 0.0144943 secs]38.451: [CMS38.454: [CMS-concurrent-mark: 0.004/0.018 secs] [Times: user=0.12 sys=0.00, real=0.02 secs] 
 (concurrent mode failure): 6323K->6321K(6848K), 0.0198763 secs] 9073K->9073K(9920K), [Metaspace: 3748K->3748K(1056768K)], 0.0344244 secs] [Times: user=0.13 sys=0.00, real=0.04 secs] 
38.471: [GC (Allocation Failure) 38.471: [ParNew (promotion failed): 2751K->2997K(3072K), 0.0216393 secs]38.493: [CMS: 6323K->6321K(6848K), 0.0165199 secs] 9073K->9073K(9920K), [Metaspace: 3748K->3748K(1056768K)], 0.0382110 secs] [Times: user=0.18 sys=0.00, real=0.04 secs] 
38.510: [GC (CMS Initial Mark) [1 CMS-initial-mark: 6321K(6848K)] 9073K(9920K), 0.0030602 secs] [Times: user=0.00 sys=0.00, real=0.00 secs] 
38.513: [CMS-concurrent-mark-start]
38.513: [GC (Allocation Failure) 38.513: [ParNew (promotion failed): 2751K->3022K(3072K), 0.0141328 secs]38.527: [CMS38.530: [CMS-concurrent-mark: 0.004/0.018 secs] [Times: user=0.11 sys=0.00, real=0.02 secs] 
 (concurrent mode failure): 6323K->6321K(6848K), 0.0200279 secs] 9073K->9073K(9920K), [Metaspace: 3748K->3748K(1056768K)], 0.0342216 secs] [Times: user=0.13 sys=0.00, real=0.03 secs] 
38.548: [GC (Allocation Failure) 38.548: [ParNew (promotion failed): 2751K->2997K(3072K), 0.0162373 secs]38.564: [CMS: 6323K->6321K(6848K), 0.0165897 secs] 9073K->9073K(9920K), [Metaspace: 3748K->3748K(1056768K)], 0.0328868 secs] [Times: user=0.13 sys=0.00, real=0.04 secs] 
38.581: [GC (CMS Initial Mark) [1 CMS-initial-mark: 6321K(6848K)] 9073K(9920K), 0.0030457 secs] [Times: user=0.00 sys=0.00, real=0.00 secs] 
38.584: [CMS-concurrent-mark-start]
38.584: [GC (Allocation Failure) 38.584: [ParNew (promotion failed): 2751K->2997K(3072K), 0.0141045 secs]38.598: [CMS38.601: [CMS-concurrent-mark: 0.003/0.018 secs] [Times: user=0.11 sys=0.00, real=0.02 secs] 
 (concurrent mode failure): 6323K->6321K(6848K), 0.0200752 secs] 9073K->9073K(9920K), [Metaspace: 3748K->3748K(1056768K)], 0.0342406 secs] [Times: user=0.13 sys=0.00, real=0.04 secs] 
38.619: [GC (Allocation Failure) 38.619: [ParNew (promotion failed): 2751K->2997K(3072K), 0.0231769 secs]38.642: [CMS: 6323K->6321K(6848K), 0.0165123 secs] 9073K->9073K(9920K), [Metaspace: 3748K->3748K(1056768K)], 0.0397496 secs] [Times: user=0.19 sys=0.00, real=0.04 secs] 
38.659: [GC (CMS Initial Mark) [1 CMS-initial-mark: 6321K(6848K)] 9073K(9920K), 0.0030919 secs] [Times: user=0.00 sys=0.00, real=0.00 secs] 
38.662: [CMS-concurrent-mark-start]
38.663: [GC (Allocation Failure) 38.663: [ParNew (promotion failed): 2751K->2997K(3072K), 0.0161811 secs]38.679: [CMS38.682: [CMS-concurrent-mark: 0.004/0.020 secs] [Times: user=0.13 sys=0.00, real=0.02 secs] 
 (concurrent mode failure): 6323K->6321K(6848K), 0.0195759 secs] 9073K->9073K(9920K), [Metaspace: 3748K->3748K(1056768K)], 0.0358157 secs] [Times: user=0.13 sys=0.00, real=0.04 secs] 
38.699: [GC (Allocation Failure) 38.699: [ParNew (promotion failed): 2751K->2997K(3072K), 0.0186219 secs]38.718: [CMS: 6323K->6321K(6848K), 0.0164780 secs] 9073K->9073K(9920K), [Metaspace: 3748K->3748K(1056768K)], 0.0351558 secs] [Times: user=0.15 sys=0.00, real=0.03 secs] 
38.735: [GC (CMS Initial Mark) [1 CMS-initial-mark: 6321K(6848K)] 9073K(9920K), 0.0030619 secs] [Times: user=0.01 sys=0.00, real=0.00 secs] 
38.738: [CMS-concurrent-mark-start]
38.738: [GC (Allocation Failure) 38.738: [ParNew (promotion failed): 2751K->2997K(3072K), 0.0228065 secs]38.761: [CMS38.764: [CMS-concurrent-mark: 0.003/0.026 secs] [Times: user=0.18 sys=0.01, real=0.03 secs] 
 (concurrent mode failure): 6323K->6321K(6848K), 0.0200465 secs] 9073K->9073K(9920K), [Metaspace: 3748K->3748K(1056768K)], 0.0429168 secs] [Times: user=0.19 sys=0.01, real=0.04 secs] 
38.781: [GC (Allocation Failure) 38.781: [ParNew (promotion failed): 2751K->2997K(3072K), 0.0223961 secs]38.803: [CMS: 6323K->6321K(6848K), 0.0164372 secs] 9073K->9073K(9920K), [Metaspace: 3748K->3748K(1056768K)], 0.0388863 secs] [Times: user=0.19 sys=0.00, real=0.04 secs] 
38.820: [GC (CMS Initial Mark) [1 CMS-initial-mark: 6321K(6848K)] 9073K(9920K), 0.0030421 secs] [Times: user=0.00 sys=0.00, real=0.00 secs] 
38.823: [CMS-concurrent-mark-start]
38.824: [GC (Allocation Failure) 38.824: [ParNew (promotion failed): 2751K->3022K(3072K), 0.0146982 secs]38.838: [CMS38.842: [CMS-concurrent-mark: 0.004/0.018 secs] [Times: user=0.12 sys=0.00, real=0.02 secs] 
 (concurrent mode failure): 6323K->6321K(6848K), 0.0198952 secs] 9073K->9073K(9920K), [Metaspace: 3748K->3748K(1056768K)], 0.0346482 secs] [Times: user=0.13 sys=0.00, real=0.04 secs] 
38.859: [GC (Allocation Failure) 38.859: [ParNew (promotion failed): 2751K->3022K(3072K), 0.0183933 secs]38.877: [CMS: 6323K->6321K(6848K), 0.0165125 secs] 9073K->9073K(9920K), [Metaspace: 3748K->3748K(1056768K)], 0.0349696 secs] [Times: user=0.15 sys=0.00, real=0.03 secs] 
38.894: [GC (CMS Initial Mark) [1 CMS-initial-mark: 6321K(6848K)] 9073K(9920K), 0.0030635 secs] [Times: user=0.00 sys=0.00, real=0.00 secs] 
38.897: [CMS-concurrent-mark-start]
38.898: [GC (Allocation Failure) 38.898: [ParNew (promotion failed): 2751K->3022K(3072K), 0.0172013 secs]38.915: [CMS38.918: [CMS-concurrent-mark: 0.004/0.021 secs] [Times: user=0.14 sys=0.00, real=0.03 secs] 
 (concurrent mode failure): 6323K->6321K(6848K), 0.0201284 secs] 9073K->9073K(9920K), [Metaspace: 3748K->3748K(1056768K)], 0.0373836 secs] [Times: user=0.16 sys=0.00, real=0.04 secs] 
38.936: [GC (Allocation Failure) 38.936: [ParNew (promotion failed): 2751K->2997K(3072K), 0.0149202 secs]38.951: [CMS: 6323K->6321K(6848K), 0.0166039 secs] 9073K->9073K(9920K), [Metaspace: 3748K->3748K(1056768K)], 0.0315769 secs] [Times: user=0.12 sys=0.00, real=0.03 secs] 
38.968: [GC (CMS Initial Mark) [1 CMS-initial-mark: 6321K(6848K)] 9073K(9920K), 0.0030769 secs] [Times: user=0.00 sys=0.00, real=0.01 secs] 
38.971: [CMS-concurrent-mark-start]
38.971: [GC (Allocation Failure) 38.971: [ParNew (promotion failed): 2751K->2997K(3072K), 0.0143011 secs]38.985: [CMS38.989: [CMS-concurrent-mark: 0.004/0.018 secs] [Times: user=0.11 sys=0.00, real=0.02 secs] 
 (concurrent mode failure): 6323K->6321K(6848K), 0.0197605 secs] 9073K->9073K(9920K), [Metaspace: 3748K->3748K(1056768K)], 0.0341112 secs] [Times: user=0.13 sys=0.00, real=0.03 secs] 
39.005: [GC (Allocation Failure) 39.005: [ParNew (promotion failed): 2751K->3022K(3072K), 0.0144708 secs]39.020: [CMS: 6323K->6321K(6848K), 0.0165142 secs] 9073K->9073K(9920K), [Metaspace: 3748K->3748K(1056768K)], 0.0310377 secs] [Times: user=0.12 sys=0.00, real=0.03 secs] 
39.037: [GC (CMS Initial Mark) [1 CMS-initial-mark: 6321K(6848K)] 9073K(9920K), 0.0030600 secs] [Times: user=0.00 sys=0.00, real=0.01 secs] 
39.040: [CMS-concurrent-mark-start]
39.040: [GC (Allocation Failure) 39.040: [ParNew (promotion failed): 2751K->2997K(3072K), 0.0157112 secs]39.056: [CMS39.059: [CMS-concurrent-mark: 0.003/0.019 secs] [Times: user=0.13 sys=0.00, real=0.02 secs] 
 (concurrent mode failure): 6323K->6321K(6848K), 0.0199671 secs] 9073K->9073K(9920K), [Metaspace: 3748K->3748K(1056768K)], 0.0357340 secs] [Times: user=0.14 sys=0.00, real=0.03 secs] 
39.076: [GC (Allocation Failure) 39.076: [ParNew (promotion failed): 2751K->2997K(3072K), 0.0172643 secs]39.093: [CMS: 6323K->6321K(6848K), 0.0166750 secs] 9073K->9073K(9920K), [Metaspace: 3748K->3748K(1056768K)], 0.0340019 secs] [Times: user=0.15 sys=0.00, real=0.04 secs] 
39.110: [GC (CMS Initial Mark) [1 CMS-initial-mark: 6321K(6848K)] 9073K(9920K), 0.0030399 secs] [Times: user=0.00 sys=0.00, real=0.00 secs] 
39.114: [CMS-concurrent-mark-start]
39.114: [GC (Allocation Failure) 39.114: [ParNew (promotion failed): 2751K->3022K(3072K), 0.0165482 secs]39.130: [CMS39.134: [CMS-concurrent-mark: 0.003/0.020 secs] [Times: user=0.14 sys=0.00, real=0.02 secs] 
 (concurrent mode failure): 6323K->6321K(6848K), 0.0201446 secs] 9073K->9073K(9920K), [Metaspace: 3748K->3748K(1056768K)], 0.0367556 secs] [Times: user=0.15 sys=0.01, real=0.04 secs] 
39.151: [GC (Allocation Failure) 39.151: [ParNew (promotion failed): 2751K->2997K(3072K), 0.0165977 secs]39.168: [CMS: 6323K->6321K(6848K), 0.0164770 secs] 9073K->9073K(9920K), [Metaspace: 3748K->3748K(1056768K)], 0.0331264 secs] [Times: user=0.14 sys=0.00, real=0.03 secs] 
39.185: [GC (CMS Initial Mark) [1 CMS-initial-mark: 6321K(6848K)] 9073K(9920K), 0.0030469 secs] [Times: user=0.00 sys=0.00, real=0.00 secs] 
39.188: [CMS-concurrent-mark-start]
39.188: [GC (Allocation Failure) 39.188: [ParNew (promotion failed): 2751K->2997K(3072K), 0.0159263 secs]39.204: [CMS39.207: [CMS-concurrent-mark: 0.003/0.020 secs] [Times: user=0.12 sys=0.00, real=0.02 secs] 
 (concurrent mode failure): 6323K->6321K(6848K), 0.0194678 secs] 9073K->9073K(9920K), [Metaspace: 3748K->3748K(1056768K)], 0.0354490 secs] [Times: user=0.14 sys=0.00, real=0.03 secs] 
39.224: [GC (Allocation Failure) 39.224: [ParNew (promotion failed): 2751K->2997K(3072K), 0.0143687 secs]39.239: [CMS: 6323K->6321K(6848K), 0.0166482 secs] 9073K->9073K(9920K), [Metaspace: 3748K->3748K(1056768K)], 0.0310706 secs] [Times: user=0.12 sys=0.00, real=0.03 secs] 
39.256: [GC (CMS Initial Mark) [1 CMS-initial-mark: 6321K(6848K)] 9073K(9920K), 0.0030583 secs] [Times: user=0.01 sys=0.00, real=0.01 secs] 
39.259: [CMS-concurrent-mark-start]
39.259: [GC (Allocation Failure) 39.259: [ParNew (promotion failed): 2751K->2997K(3072K), 0.0134213 secs]39.272: [CMS39.276: [CMS-concurrent-mark: 0.003/0.017 secs] [Times: user=0.09 sys=0.00, real=0.01 secs] 
 (concurrent mode failure): 6323K->6321K(6848K), 0.0200351 secs] 9073K->9073K(9920K), [Metaspace: 3748K->3748K(1056768K)], 0.0335121 secs] [Times: user=0.11 sys=0.00, real=0.03 secs] 
39.293: [GC (Allocation Failure) 39.293: [ParNew (promotion failed): 2751K->3022K(3072K), 0.0146931 secs]39.307: [CMS: 6323K->6321K(6848K), 0.0166389 secs] 9073K->9073K(9920K), [Metaspace: 3748K->3748K(1056768K)], 0.0313876 secs] [Times: user=0.12 sys=0.00, real=0.03 secs] 
39.324: [GC (CMS Initial Mark) [1 CMS-initial-mark: 6321K(6848K)] 9073K(9920K), 0.0030701 secs] [Times: user=0.01 sys=0.00, real=0.00 secs] 
39.328: [CMS-concurrent-mark-start]
39.328: [GC (Allocation Failure) 39.328: [ParNew (promotion failed): 2751K->3022K(3072K), 0.0167983 secs]39.345: [CMS39.348: [CMS-concurrent-mark: 0.003/0.020 secs] [Times: user=0.13 sys=0.00, real=0.03 secs] 
 (concurrent mode failure): 6323K->6321K(6848K), 0.0198756 secs] 9073K->9073K(9920K), [Metaspace: 3748K->3748K(1056768K)], 0.0367292 secs] [Times: user=0.15 sys=0.00, real=0.04 secs] 
39.365: [GC (Allocation Failure) 39.365: [ParNew (promotion failed): 2751K->2997K(3072K), 0.0161067 secs]39.381: [CMS: 6323K->6321K(6848K), 0.0168814 secs] 9073K->9073K(9920K), [Metaspace: 3748K->3748K(1056768K)], 0.0330430 secs] [Times: user=0.14 sys=0.00, real=0.04 secs] 
39.399: [GC (CMS Initial Mark) [1 CMS-initial-mark: 6321K(6848K)] 9073K(9920K), 0.0030798 secs] [Times: user=0.00 sys=0.00, real=0.00 secs] 
39.402: [CMS-concurrent-mark-start]
39.402: [GC (Allocation Failure) 39.402: [ParNew (promotion failed): 2751K->2997K(3072K), 0.0151857 secs]39.417: [CMS39.420: [CMS-concurrent-mark: 0.003/0.019 secs] [Times: user=0.12 sys=0.00, real=0.02 secs] 
 (concurrent mode failure): 6323K->6321K(6848K), 0.0199510 secs] 9073K->9073K(9920K), [Metaspace: 3748K->3748K(1056768K)], 0.0351985 secs] [Times: user=0.14 sys=0.00, real=0.03 secs] 
39.438: [GC (Allocation Failure) 39.438: [ParNew (promotion failed): 2751K->3022K(3072K), 0.0163762 secs]39.454: [CMS: 6323K->6321K(6848K), 0.0165324 secs] 9073K->9073K(9920K), [Metaspace: 3748K->3748K(1056768K)], 0.0329729 secs] [Times: user=0.14 sys=0.00, real=0.03 secs] 
39.471: [GC (CMS Initial Mark) [1 CMS-initial-mark: 6321K(6848K)] 9073K(9920K), 0.0030529 secs] [Times: user=0.00 sys=0.00, real=0.00 secs] 
39.474: [CMS-concurrent-mark-start]
39.475: [GC (Allocation Failure) 39.475: [ParNew (promotion failed): 2751K->3022K(3072K), 0.0161827 secs]39.491: [CMS39.494: [CMS-concurrent-mark: 0.004/0.020 secs] [Times: user=0.13 sys=0.00, real=0.02 secs] 
 (concurrent mode failure): 6323K->6321K(6848K), 0.0197945 secs] 9073K->9073K(9920K), [Metaspace: 3748K->3748K(1056768K)], 0.0360301 secs] [Times: user=0.14 sys=0.00, real=0.04 secs] 
39.511: [GC (Allocation Failure) 39.511: [ParNew (promotion failed): 2751K->3022K(3072K), 0.0170390 secs]39.528: [CMS: 6323K->6321K(6848K), 0.0165617 secs] 9073K->9073K(9920K), [Metaspace: 3748K->3748K(1056768K)], 0.0336537 secs] [Times: user=0.14 sys=0.00, real=0.03 secs] 
39.545: [GC (CMS Initial Mark) [1 CMS-initial-mark: 6321K(6848K)] 9073K(9920K), 0.0030919 secs] [Times: user=0.00 sys=0.00, real=0.01 secs] 
39.548: [CMS-concurrent-mark-start]
39.548: [GC (Allocation Failure) 39.548: [ParNew (promotion failed): 2751K->2997K(3072K), 0.0171884 secs]39.565: [CMS39.569: [CMS-concurrent-mark: 0.004/0.021 secs] [Times: user=0.13 sys=0.00, real=0.02 secs] 
 (concurrent mode failure): 6323K->6321K(6848K), 0.0199165 secs] 9073K->9073K(9920K), [Metaspace: 3748K->3748K(1056768K)], 0.0371532 secs] [Times: user=0.15 sys=0.00, real=0.03 secs] 
39.586: [GC (Allocation Failure) 39.586: [ParNew (promotion failed): 2751K->3022K(3072K), 0.0176940 secs]39.603: [CMS: 6323K->6321K(6848K), 0.0164902 secs] 9073K->9073K(9920K), [Metaspace: 3748K->3748K(1056768K)], 0.0342373 secs] [Times: user=0.15 sys=0.00, real=0.04 secs] 
39.620: [GC (CMS Initial Mark) [1 CMS-initial-mark: 6321K(6848K)] 9073K(9920K), 0.0030656 secs] [Times: user=0.00 sys=0.00, real=0.00 secs] 
39.623: [CMS-concurrent-mark-start]
39.623: [GC (Allocation Failure) 39.623: [ParNew (promotion failed): 2751K->2997K(3072K), 0.0143857 secs]39.638: [CMS39.641: [CMS-concurrent-mark: 0.003/0.018 secs] [Times: user=0.11 sys=0.00, real=0.02 secs] 
 (concurrent mode failure): 6323K->6321K(6848K), 0.0201043 secs] 9073K->9073K(9920K), [Metaspace: 3748K->3748K(1056768K)], 0.0345450 secs] [Times: user=0.13 sys=0.00, real=0.04 secs] 
39.659: [GC (Allocation Failure) 39.659: [ParNew (promotion failed): 2751K->2997K(3072K), 0.0165650 secs]39.675: [CMS: 6323K->6321K(6848K), 0.0165323 secs] 9073K->9073K(9920K), [Metaspace: 3748K->3748K(1056768K)], 0.0331613 secs] [Times: user=0.14 sys=0.00, real=0.03 secs] 
39.692: [GC (CMS Initial Mark) [1 CMS-initial-mark: 6321K(6848K)] 9073K(9920K), 0.0030868 secs] [Times: user=0.00 sys=0.00, real=0.00 secs] 
39.695: [CMS-concurrent-mark-start]
39.696: [GC (Allocation Failure) 39.696: [ParNew (promotion failed): 2751K->3022K(3072K), 0.0251262 secs]39.721: [CMS39.724: [CMS-concurrent-mark: 0.004/0.029 secs] [Times: user=0.20 sys=0.00, real=0.03 secs] 
 (concurrent mode failure): 6323K->6321K(6848K), 0.0202097 secs] 9073K->9073K(9920K), [Metaspace: 3748K->3748K(1056768K)], 0.0454032 secs] [Times: user=0.22 sys=0.00, real=0.05 secs] 
39.742: [GC (Allocation Failure) 39.742: [ParNew (promotion failed): 2751K->3022K(3072K), 0.0227335 secs]39.765: [CMS: 6323K->6321K(6848K), 0.0165440 secs] 9073K->9073K(9920K), [Metaspace: 3748K->3748K(1056768K)], 0.0393380 secs] [Times: user=0.19 sys=0.00, real=0.04 secs] 
39.782: [GC (CMS Initial Mark) [1 CMS-initial-mark: 6321K(6848K)] 9073K(9920K), 0.0030406 secs] [Times: user=0.00 sys=0.00, real=0.00 secs] 
39.785: [CMS-concurrent-mark-start]
39.785: [GC (Allocation Failure) 39.785: [ParNew (promotion failed): 2751K->2997K(3072K), 0.0160000 secs]39.801: [CMS39.804: [CMS-concurrent-mark: 0.003/0.020 secs] [Times: user=0.13 sys=0.00, real=0.02 secs] 
 (concurrent mode failure): 6323K->6321K(6848K), 0.0199359 secs] 9073K->9073K(9920K), [Metaspace: 3748K->3748K(1056768K)], 0.0359996 secs] [Times: user=0.14 sys=0.00, real=0.04 secs] 
39.821: [GC (Allocation Failure) 39.821: [ParNew (promotion failed): 2751K->3022K(3072K), 0.0153269 secs]39.836: [CMS: 6323K->6321K(6848K), 0.0165193 secs] 9073K->9073K(9920K), [Metaspace: 3748K->3748K(1056768K)], 0.0319178 secs] [Times: user=0.14 sys=0.00, real=0.03 secs] 
39.853: [GC (CMS Initial Mark) [1 CMS-initial-mark: 6321K(6848K)] 9073K(9920K), 0.0030760 secs] [Times: user=0.00 sys=0.00, real=0.00 secs] 
39.856: [CMS-concurrent-mark-start]
39.857: [GC (Allocation Failure) 39.857: [ParNew (promotion failed): 2751K->2997K(3072K), 0.0171006 secs]39.874: [CMS39.877: [CMS-concurrent-mark: 0.004/0.021 secs] [Times: user=0.13 sys=0.00, real=0.02 secs] 
 (concurrent mode failure): 6323K->6321K(6848K), 0.0198473 secs] 9073K->9073K(9920K), [Metaspace: 3748K->3748K(1056768K)], 0.0370045 secs] [Times: user=0.15 sys=0.00, real=0.04 secs] 
39.894: [GC (Allocation Failure) 39.894: [ParNew (promotion failed): 2751K->2997K(3072K), 0.0148988 secs]39.909: [CMS: 6323K->6321K(6848K), 0.0166771 secs] 9073K->9073K(9920K), [Metaspace: 3748K->3748K(1056768K)], 0.0316292 secs] [Times: user=0.13 sys=0.01, real=0.03 secs] 
39.926: [GC (CMS Initial Mark) [1 CMS-initial-mark: 6321K(6848K)] 9073K(9920K), 0.0030664 secs] [Times: user=0.00 sys=0.00, real=0.01 secs] 
39.930: [CMS-concurrent-mark-start]
39.930: [GC (Allocation Failure) 39.930: [ParNew (promotion failed): 2751K->2997K(3072K), 0.0165071 secs]39.946: [CMS39.950: [CMS-concurrent-mark: 0.004/0.020 secs] [Times: user=0.13 sys=0.00, real=0.02 secs] 
 (concurrent mode failure): 6323K->6321K(6848K), 0.0198828 secs] 9073K->9073K(9920K), [Metaspace: 3748K->3748K(1056768K)], 0.0364431 secs] [Times: user=0.15 sys=0.00, real=0.03 secs] 
39.967: [GC (Allocation Failure) 39.967: [ParNew (promotion failed): 2751K->3046K(3072K), 0.0154167 secs]39.982: [CMS: 6323K->6321K(6848K), 0.0165355 secs] 9073K->9073K(9920K), [Metaspace: 3748K->3748K(1056768K)], 0.0320148 secs] [Times: user=0.13 sys=0.00, real=0.04 secs] 
39.999: [GC (CMS Initial Mark) [1 CMS-initial-mark: 6321K(6848K)] 9073K(9920K), 0.0030577 secs] [Times: user=0.01 sys=0.00, real=0.00 secs] 
40.002: [CMS-concurrent-mark-start]
40.003: [GC (Allocation Failure) 40.003: [ParNew (promotion failed): 2751K->2997K(3072K), 0.0150584 secs]40.018: [CMS40.021: [CMS-concurrent-mark: 0.004/0.019 secs] [Times: user=0.11 sys=0.00, real=0.02 secs] 
 (concurrent mode failure): 6323K->6321K(6848K), 0.0198041 secs] 9073K->9073K(9920K), [Metaspace: 3748K->3748K(1056768K)], 0.0349205 secs] [Times: user=0.13 sys=0.00, real=0.03 secs] 
40.038: [GC (Allocation Failure) 40.038: [ParNew (promotion failed): 2751K->3022K(3072K), 0.0180306 secs]40.056: [CMS: 6323K->6321K(6848K), 0.0165838 secs] 9073K->9073K(9920K), [Metaspace: 3748K->3748K(1056768K)], 0.0346714 secs] [Times: user=0.15 sys=0.00, real=0.03 secs] 
40.073: [GC (CMS Initial Mark) [1 CMS-initial-mark: 6321K(6848K)] 9073K(9920K), 0.0030931 secs] [Times: user=0.00 sys=0.00, real=0.00 secs] 
40.076: [CMS-concurrent-mark-start]
40.076: [GC (Allocation Failure) 40.076: [ParNew (promotion failed): 2751K->3022K(3072K), 0.0171441 secs]40.093: [CMS40.097: [CMS-concurrent-mark: 0.004/0.021 secs] [Times: user=0.14 sys=0.00, real=0.02 secs] 
 (concurrent mode failure): 6323K->6321K(6848K), 0.0199392 secs] 9073K->9073K(9920K), [Metaspace: 3748K->3748K(1056768K)], 0.0371438 secs] [Times: user=0.16 sys=0.00, real=0.04 secs] 
40.114: [GC (Allocation Failure) 40.114: [ParNew (promotion failed): 2751K->2997K(3072K), 0.0161502 secs]40.130: [CMS: 6323K->6321K(6848K), 0.0164476 secs] 9073K->9073K(9920K), [Metaspace: 3748K->3748K(1056768K)], 0.0326579 secs] [Times: user=0.13 sys=0.00, real=0.03 secs] 
40.147: [GC (CMS Initial Mark) [1 CMS-initial-mark: 6321K(6848K)] 9073K(9920K), 0.0030573 secs] [Times: user=0.01 sys=0.00, real=0.01 secs] 
40.150: [CMS-concurrent-mark-start]
40.150: [GC (Allocation Failure) 40.150: [ParNew (promotion failed): 2751K->2997K(3072K), 0.0177604 secs]40.168: [CMS40.171: [CMS-concurrent-mark: 0.004/0.021 secs] [Times: user=0.14 sys=0.00, real=0.02 secs] 
 (concurrent mode failure): 6323K->6321K(6848K), 0.0202906 secs] 9073K->9073K(9920K), [Metaspace: 3748K->3748K(1056768K)], 0.0381184 secs] [Times: user=0.15 sys=0.00, real=0.04 secs] 
40.189: [GC (Allocation Failure) 40.189: [ParNew (promotion failed): 2751K->3022K(3072K), 0.0151001 secs]40.204: [CMS: 6323K->6321K(6848K), 0.0164570 secs] 9073K->9073K(9920K), [Metaspace: 3748K->3748K(1056768K)], 0.0316229 secs] [Times: user=0.13 sys=0.00, real=0.03 secs] 
40.221: [GC (CMS Initial Mark) [1 CMS-initial-mark: 6321K(6848K)] 9073K(9920K), 0.0030642 secs] [Times: user=0.01 sys=0.00, real=0.00 secs] 
40.224: [CMS-concurrent-mark-start]
40.225: [GC (Allocation Failure) 40.225: [ParNew (promotion failed): 2751K->3022K(3072K), 0.0229348 secs]40.248: [CMS40.251: [CMS-concurrent-mark: 0.003/0.027 secs] [Times: user=0.18 sys=0.00, real=0.03 secs] 
 (concurrent mode failure): 6323K->6321K(6848K), 0.0197122 secs] 9073K->9073K(9920K), [Metaspace: 3748K->3748K(1056768K)], 0.0427133 secs] [Times: user=0.20 sys=0.00, real=0.04 secs] 
40.268: [GC (Allocation Failure) 40.268: [ParNew (promotion failed): 2751K->2997K(3072K), 0.0194479 secs]40.287: [CMS: 6323K->6321K(6848K), 0.0165635 secs] 9073K->9073K(9920K), [Metaspace: 3748K->3748K(1056768K)], 0.0360776 secs] [Times: user=0.16 sys=0.00, real=0.03 secs] 
40.304: [GC (CMS Initial Mark) [1 CMS-initial-mark: 6321K(6848K)] 9073K(9920K), 0.0030368 secs] [Times: user=0.00 sys=0.00, real=0.00 secs] 
40.307: [CMS-concurrent-mark-start]
40.307: [GC (Allocation Failure) 40.307: [ParNew (promotion failed): 2751K->3022K(3072K), 0.0158010 secs]40.323: [CMS40.327: [CMS-concurrent-mark: 0.004/0.019 secs] [Times: user=0.13 sys=0.00, real=0.02 secs] 
 (concurrent mode failure): 6323K->6321K(6848K), 0.0199560 secs] 9073K->9073K(9920K), [Metaspace: 3748K->3748K(1056768K)], 0.0358151 secs] [Times: user=0.14 sys=0.00, real=0.04 secs] 
40.343: [GC (Allocation Failure) 40.343: [ParNew (promotion failed): 2751K->3022K(3072K), 0.0178737 secs]40.361: [CMS: 6323K->6321K(6848K), 0.0164633 secs] 9073K->9073K(9920K), [Metaspace: 3748K->3748K(1056768K)], 0.0343901 secs] [Times: user=0.15 sys=0.00, real=0.03 secs] 
40.378: [GC (CMS Initial Mark) [1 CMS-initial-mark: 6321K(6848K)] 9073K(9920K), 0.0030519 secs] [Times: user=0.01 sys=0.00, real=0.00 secs] 
40.381: [CMS-concurrent-mark-start]
40.381: [GC (Allocation Failure) 40.381: [ParNew (promotion failed): 2751K->2997K(3072K), 0.0145705 secs]40.396: [CMS40.399: [CMS-concurrent-mark: 0.004/0.018 secs] [Times: user=0.11 sys=0.00, real=0.02 secs] 
 (concurrent mode failure): 6323K->6321K(6848K), 0.0201186 secs] 9073K->9073K(9920K), [Metaspace: 3748K->3748K(1056768K)], 0.0347460 secs] [Times: user=0.13 sys=0.00, real=0.03 secs] 
40.417: [GC (Allocation Failure) 40.417: [ParNew (promotion failed): 2751K->3022K(3072K), 0.0145033 secs]40.431: [CMS: 6323K->6321K(6848K), 0.0167970 secs] 9073K->9073K(9920K), [Metaspace: 3748K->3748K(1056768K)], 0.0313665 secs] [Times: user=0.12 sys=0.00, real=0.04 secs] 
40.449: [GC (CMS Initial Mark) [1 CMS-initial-mark: 6321K(6848K)] 9073K(9920K), 0.0030474 secs] [Times: user=0.00 sys=0.00, real=0.00 secs] 
40.452: [CMS-concurrent-mark-start]
40.452: [GC (Allocation Failure) 40.452: [ParNew (promotion failed): 2751K->3022K(3072K), 0.0229375 secs]40.475: [CMS40.478: [CMS-concurrent-mark: 0.003/0.026 secs] [Times: user=0.19 sys=0.00, real=0.03 secs] 
 (concurrent mode failure): 6323K->6321K(6848K), 0.0198975 secs] 9073K->9073K(9920K), [Metaspace: 3748K->3748K(1056768K)], 0.0428912 secs] [Times: user=0.20 sys=0.00, real=0.04 secs] 
40.496: [GC (Allocation Failure) 40.496: [ParNew (promotion failed): 2751K->3022K(3072K), 0.0146580 secs]40.510: [CMS: 6323K->6321K(6848K), 0.0167725 secs] 9073K->9073K(9920K), [Metaspace: 3748K->3748K(1056768K)], 0.0314902 secs] [Times: user=0.13 sys=0.00, real=0.03 secs] 
40.527: [GC (CMS Initial Mark) [1 CMS-initial-mark: 6321K(6848K)] 9073K(9920K), 0.0030450 secs] [Times: user=0.00 sys=0.00, real=0.01 secs] 
40.530: [CMS-concurrent-mark-start]
40.531: [GC (Allocation Failure) 40.531: [ParNew (promotion failed): 2751K->2997K(3072K), 0.0158802 secs]40.547: [CMS40.550: [CMS-concurrent-mark: 0.004/0.019 secs] [Times: user=0.12 sys=0.00, real=0.02 secs] 
 (concurrent mode failure): 6323K->6321K(6848K), 0.0197638 secs] 9073K->9073K(9920K), [Metaspace: 3748K->3748K(1056768K)], 0.0357112 secs] [Times: user=0.13 sys=0.00, real=0.03 secs] 
40.567: [GC (Allocation Failure) 40.567: [ParNew (promotion failed): 2751K->2997K(3072K), 0.0168774 secs]40.584: [CMS: 6323K->6321K(6848K), 0.0165806 secs] 9073K->9073K(9920K), [Metaspace: 3748K->3748K(1056768K)], 0.0335127 secs] [Times: user=0.15 sys=0.00, real=0.04 secs] 
40.601: [GC (CMS Initial Mark) [1 CMS-initial-mark: 6321K(6848K)] 9073K(9920K), 0.0030767 secs] [Times: user=0.00 sys=0.00, real=0.00 secs] 
40.604: [CMS-concurrent-mark-start]
40.604: [GC (Allocation Failure) 40.604: [ParNew (promotion failed): 2751K->3022K(3072K), 0.0147808 secs]40.619: [CMS40.622: [CMS-concurrent-mark: 0.004/0.018 secs] [Times: user=0.12 sys=0.00, real=0.02 secs] 
 (concurrent mode failure): 6323K->6321K(6848K), 0.0199621 secs] 9073K->9073K(9920K), [Metaspace: 3748K->3748K(1056768K)], 0.0347979 secs] [Times: user=0.13 sys=0.00, real=0.04 secs] 
40.639: [GC (Allocation Failure) 40.639: [ParNew (promotion failed): 2751K->2997K(3072K), 0.0159511 secs]40.655: [CMS: 6323K->6321K(6848K), 0.0165500 secs] 9073K->9073K(9920K), [Metaspace: 3748K->3748K(1056768K)], 0.0325654 secs] [Times: user=0.14 sys=0.01, real=0.03 secs] 
40.672: [GC (CMS Initial Mark) [1 CMS-initial-mark: 6321K(6848K)] 9073K(9920K), 0.0030297 secs] [Times: user=0.00 sys=0.00, real=0.00 secs] 
40.675: [CMS-concurrent-mark-start]
40.675: [GC (Allocation Failure) 40.675: [ParNew (promotion failed): 2751K->2997K(3072K), 0.0148849 secs]40.690: [CMS40.694: [CMS-concurrent-mark: 0.003/0.018 secs] [Times: user=0.12 sys=0.00, real=0.02 secs] 
 (concurrent mode failure): 6323K->6321K(6848K), 0.0203550 secs] 9073K->9073K(9920K), [Metaspace: 3748K->3748K(1056768K)], 0.0353035 secs] [Times: user=0.14 sys=0.00, real=0.04 secs] 
40.711: [GC (Allocation Failure) 40.711: [ParNew (promotion failed): 2751K->3022K(3072K), 0.0185676 secs]40.745: [CMS: 6323K->6321K(6848K), 0.0168687 secs] 9073K->9073K(9920K), [Metaspace: 3748K->3748K(1056768K)], 0.0506170 secs] [Times: user=0.16 sys=0.00, real=0.05 secs] 
40.762: [GC (CMS Initial Mark) [1 CMS-initial-mark: 6321K(6848K)] 9073K(9920K), 0.0030425 secs] [Times: user=0.00 sys=0.00, real=0.00 secs] 
40.765: [CMS-concurrent-mark-start]
40.766: [GC (Allocation Failure) 40.766: [ParNew (promotion failed): 2751K->2997K(3072K), 0.0172713 secs]40.783: [CMS40.786: [CMS-concurrent-mark: 0.004/0.021 secs] [Times: user=0.13 sys=0.00, real=0.02 secs] 
 (concurrent mode failure): 6323K->6321K(6848K), 0.0195170 secs] 9073K->9073K(9920K), [Metaspace: 3748K->3748K(1056768K)], 0.0368487 secs] [Times: user=0.15 sys=0.00, real=0.04 secs] 
40.803: [GC (Allocation Failure) 40.803: [ParNew (promotion failed): 2751K->3022K(3072K), 0.0253026 secs]40.829: [CMS: 6323K->6321K(6848K), 0.0166026 secs] 9073K->9073K(9920K), [Metaspace: 3748K->3748K(1056768K)], 0.0419682 secs] [Times: user=0.20 sys=0.00, real=0.04 secs] 
40.846: [GC (CMS Initial Mark) [1 CMS-initial-mark: 6321K(6848K)] 9073K(9920K), 0.0030803 secs] [Times: user=0.00 sys=0.00, real=0.01 secs] 
40.849: [CMS-concurrent-mark-start]
40.849: [GC (Allocation Failure) 40.849: [ParNew (promotion failed): 2751K->3022K(3072K), 0.0149060 secs]40.864: [CMS40.867: [CMS-concurrent-mark: 0.003/0.018 secs] [Times: user=0.12 sys=0.00, real=0.01 secs] 
 (concurrent mode failure): 6323K->6321K(6848K), 0.0200448 secs] 9073K->9073K(9920K), [Metaspace: 3748K->3748K(1056768K)], 0.0350095 secs] [Times: user=0.13 sys=0.00, real=0.03 secs] 
40.884: [GC (Allocation Failure) 40.884: [ParNew (promotion failed): 2751K->3046K(3072K), 0.0161752 secs]40.900: [CMS: 6323K->6321K(6848K), 0.0164519 secs] 9073K->9073K(9920K), [Metaspace: 3748K->3748K(1056768K)], 0.0326806 secs] [Times: user=0.14 sys=0.00, real=0.03 secs] 
40.917: [GC (CMS Initial Mark) [1 CMS-initial-mark: 6321K(6848K)] 9073K(9920K), 0.0030308 secs] [Times: user=0.00 sys=0.00, real=0.01 secs] 
40.920: [CMS-concurrent-mark-start]
40.920: [GC (Allocation Failure) 40.920: [ParNew (promotion failed): 2751K->2997K(3072K), 0.0177828 secs]40.938: [CMS40.942: [CMS-concurrent-mark: 0.004/0.021 secs] [Times: user=0.14 sys=0.00, real=0.02 secs] 
 (concurrent mode failure): 6323K->6321K(6848K), 0.0200151 secs] 9073K->9073K(9920K), [Metaspace: 3748K->3748K(1056768K)], 0.0378516 secs] [Times: user=0.16 sys=0.00, real=0.04 secs] 
40.959: [GC (Allocation Failure) 40.959: [ParNew (promotion failed): 2751K->3071K(3072K), 0.0246423 secs]40.983: [CMS: 6323K->6321K(6848K), 0.0165470 secs] 9073K->9073K(9920K), [Metaspace: 3748K->3748K(1056768K)], 0.0412624 secs] [Times: user=0.20 sys=0.00, real=0.04 secs] 
41.001: [GC (CMS Initial Mark) [1 CMS-initial-mark: 6321K(6848K)] 9073K(9920K), 0.0030514 secs] [Times: user=0.00 sys=0.00, real=0.00 secs] 
41.004: [CMS-concurrent-mark-start]
41.004: [GC (Allocation Failure) 41.004: [ParNew (promotion failed): 2751K->2997K(3072K), 0.0228419 secs]41.027: [CMS41.030: [CMS-concurrent-mark: 0.004/0.026 secs] [Times: user=0.18 sys=0.00, real=0.03 secs] 
 (concurrent mode failure): 6323K->6321K(6848K), 0.0200080 secs] 9073K->9073K(9920K), [Metaspace: 3748K->3748K(1056768K)], 0.0429025 secs] [Times: user=0.20 sys=0.00, real=0.04 secs] 
41.047: [GC (Allocation Failure) 41.047: [ParNew (promotion failed): 2751K->3022K(3072K), 0.0151874 secs]41.063: [CMS: 6323K->6321K(6848K), 0.0174094 secs] 9073K->9073K(9920K), [Metaspace: 3748K->3748K(1056768K)], 0.0326577 secs] [Times: user=0.10 sys=0.00, real=0.04 secs] 
41.081: [GC (CMS Initial Mark) [1 CMS-initial-mark: 6321K(6848K)] 9073K(9920K), 0.0030805 secs] [Times: user=0.01 sys=0.00, real=0.00 secs] 
41.084: [CMS-concurrent-mark-start]
41.084: [GC (Allocation Failure) 41.084: [ParNew (promotion failed): 2751K->2997K(3072K), 0.0143864 secs]41.098: [CMS41.102: [CMS-concurrent-mark: 0.004/0.018 secs] [Times: user=0.11 sys=0.00, real=0.02 secs] 
 (concurrent mode failure): 6323K->6321K(6848K), 0.0197970 secs] 9073K->9073K(9920K), [Metaspace: 3748K->3748K(1056768K)], 0.0342517 secs] [Times: user=0.12 sys=0.00, real=0.04 secs] 
41.119: [GC (Allocation Failure) 41.119: [ParNew (promotion failed): 2751K->3046K(3072K), 0.0228912 secs]41.142: [CMS: 6323K->6321K(6848K), 0.0165752 secs] 9073K->9073K(9920K), [Metaspace: 3748K->3748K(1056768K)], 0.0395362 secs] [Times: user=0.19 sys=0.00, real=0.04 secs] 
41.158: [GC (CMS Initial Mark) [1 CMS-initial-mark: 6321K(6848K)] 9073K(9920K), 0.0030351 secs] [Times: user=0.01 sys=0.00, real=0.00 secs] 
41.161: [CMS-concurrent-mark-start]
41.162: [GC (Allocation Failure) 41.162: [ParNew (promotion failed): 2751K->3022K(3072K), 0.0180044 secs]41.180: [CMS41.183: [CMS-concurrent-mark: 0.004/0.022 secs] [Times: user=0.14 sys=0.00, real=0.02 secs] 
 (concurrent mode failure): 6323K->6321K(6848K), 0.0199972 secs] 9073K->9073K(9920K), [Metaspace: 3748K->3748K(1056768K)], 0.0380593 secs] [Times: user=0.15 sys=0.00, real=0.04 secs] 
41.200: [GC (Allocation Failure) 41.200: [ParNew (promotion failed): 2751K->2997K(3072K), 0.0222634 secs]41.222: [CMS: 6323K->6321K(6848K), 0.0165740 secs] 9073K->9073K(9920K), [Metaspace: 3748K->3748K(1056768K)], 0.0388993 secs] [Times: user=0.18 sys=0.00, real=0.04 secs] 
41.239: [GC (CMS Initial Mark) [1 CMS-initial-mark: 6321K(6848K)] 9073K(9920K), 0.0030692 secs] [Times: user=0.00 sys=0.00, real=0.00 secs] 
41.242: [CMS-concurrent-mark-start]
41.242: [GC (Allocation Failure) 41.242: [ParNew (promotion failed): 2751K->3022K(3072K), 0.0157472 secs]41.258: [CMS41.262: [CMS-concurrent-mark: 0.004/0.019 secs] [Times: user=0.12 sys=0.00, real=0.02 secs] 
 (concurrent mode failure): 6323K->6321K(6848K), 0.0200609 secs] 9073K->9073K(9920K), [Metaspace: 3748K->3748K(1056768K)], 0.0358642 secs] [Times: user=0.14 sys=0.00, real=0.04 secs] 
41.279: [GC (Allocation Failure) 41.279: [ParNew (promotion failed): 2751K->3022K(3072K), 0.0225532 secs]41.302: [CMS: 6323K->6321K(6848K), 0.0165320 secs] 9073K->9073K(9920K), [Metaspace: 3748K->3748K(1056768K)], 0.0391397 secs] [Times: user=0.19 sys=0.00, real=0.04 secs] 
41.319: [GC (CMS Initial Mark) [1 CMS-initial-mark: 6321K(6848K)] 9073K(9920K), 0.0030602 secs] [Times: user=0.00 sys=0.00, real=0.00 secs] 
41.322: [CMS-concurrent-mark-start]
41.322: [GC (Allocation Failure) 41.322: [ParNew (promotion failed): 2751K->2997K(3072K), 0.0159335 secs]41.338: [CMS41.341: [CMS-concurrent-mark: 0.003/0.020 secs] [Times: user=0.13 sys=0.00, real=0.02 secs] 
 (concurrent mode failure): 6323K->6321K(6848K), 0.0197805 secs] 9073K->9073K(9920K), [Metaspace: 3748K->3748K(1056768K)], 0.0357628 secs] [Times: user=0.14 sys=0.00, real=0.04 secs] 
41.359: [GC (Allocation Failure) 41.359: [ParNew (promotion failed): 2751K->3022K(3072K), 0.0173319 secs]41.376: [CMS: 6323K->6321K(6848K), 0.0167166 secs] 9073K->9073K(9920K), [Metaspace: 3748K->3748K(1056768K)], 0.0341085 secs] [Times: user=0.15 sys=0.01, real=0.03 secs] 
41.393: [GC (CMS Initial Mark) [1 CMS-initial-mark: 6321K(6848K)] 9073K(9920K), 0.0030599 secs] [Times: user=0.00 sys=0.00, real=0.00 secs] 
41.396: [CMS-concurrent-mark-start]
41.396: [GC (Allocation Failure) 41.396: [ParNew (promotion failed): 2751K->3022K(3072K), 0.0178627 secs]41.414: [CMS41.417: [CMS-concurrent-mark: 0.003/0.021 secs] [Times: user=0.14 sys=0.00, real=0.02 secs] 
 (concurrent mode failure): 6323K->6321K(6848K), 0.0199068 secs] 9073K->9073K(9920K), [Metaspace: 3748K->3748K(1056768K)], 0.0378194 secs] [Times: user=0.16 sys=0.00, real=0.04 secs] 
41.434: [GC (Allocation Failure) 41.434: [ParNew (promotion failed): 2751K->2997K(3072K), 0.0228602 secs]41.457: [CMS: 6323K->6321K(6848K), 0.0165556 secs] 9073K->9073K(9920K), [Metaspace: 3748K->3748K(1056768K)], 0.0394764 secs] [Times: user=0.19 sys=0.00, real=0.04 secs] 
41.474: [GC (CMS Initial Mark) [1 CMS-initial-mark: 6321K(6848K)] 9073K(9920K), 0.0030651 secs] [Times: user=0.01 sys=0.00, real=0.00 secs] 
41.477: [CMS-concurrent-mark-start]
41.477: [GC (Allocation Failure) 41.477: [ParNew (promotion failed): 2751K->3022K(3072K), 0.0151271 secs]41.493: [CMS41.496: [CMS-concurrent-mark: 0.003/0.019 secs] [Times: user=0.11 sys=0.00, real=0.02 secs] 
 (concurrent mode failure): 6323K->6321K(6848K), 0.0198515 secs] 9073K->9073K(9920K), [Metaspace: 3748K->3748K(1056768K)], 0.0350362 secs] [Times: user=0.13 sys=0.00, real=0.04 secs] 
41.513: [GC (Allocation Failure) 41.513: [ParNew (promotion failed): 2751K->2997K(3072K), 0.0146776 secs]41.528: [CMS: 6323K->6321K(6848K), 0.0169014 secs] 9073K->9073K(9920K), [Metaspace: 3748K->3748K(1056768K)], 0.0316375 secs] [Times: user=0.12 sys=0.00, real=0.03 secs] 
41.545: [GC (CMS Initial Mark) [1 CMS-initial-mark: 6321K(6848K)] 9073K(9920K), 0.0031470 secs] [Times: user=0.01 sys=0.00, real=0.01 secs] 
41.548: [CMS-concurrent-mark-start]
41.549: [GC (Allocation Failure) 41.549: [ParNew (promotion failed): 2751K->3071K(3072K), 0.0237724 secs]41.572: [CMS41.576: [CMS-concurrent-mark: 0.004/0.027 secs] [Times: user=0.17 sys=0.00, real=0.02 secs] 
 (concurrent mode failure): 6323K->6321K(6848K), 0.0201935 secs] 9073K->9073K(9920K), [Metaspace: 3748K->3748K(1056768K)], 0.0440174 secs] [Times: user=0.19 sys=0.00, real=0.04 secs] 
41.593: [GC (Allocation Failure) 41.593: [ParNew (promotion failed): 2751K->3022K(3072K), 0.0231889 secs]41.617: [CMS: 6323K->6321K(6848K), 0.0166294 secs] 9073K->9073K(9920K), [Metaspace: 3748K->3748K(1056768K)], 0.0398855 secs] [Times: user=0.19 sys=0.00, real=0.04 secs] 
41.634: [GC (CMS Initial Mark) [1 CMS-initial-mark: 6321K(6848K)] 9073K(9920K), 0.0030652 secs] [Times: user=0.01 sys=0.00, real=0.00 secs] 
41.637: [CMS-concurrent-mark-start]
41.637: [GC (Allocation Failure) 41.637: [ParNew (promotion failed): 2751K->3022K(3072K), 0.0184129 secs]41.656: [CMS41.659: [CMS-concurrent-mark: 0.003/0.022 secs] [Times: user=0.14 sys=0.00, real=0.03 secs] 
 (concurrent mode failure): 6323K->6321K(6848K), 0.0197389 secs] 9073K->9073K(9920K), [Metaspace: 3748K->3748K(1056768K)], 0.0382071 secs] [Times: user=0.16 sys=0.00, real=0.04 secs] 
41.676: [GC (Allocation Failure) 41.676: [ParNew (promotion failed): 2751K->2997K(3072K), 0.0227626 secs]41.698: [CMS: 6323K->6321K(6848K), 0.0166410 secs] 9073K->9073K(9920K), [Metaspace: 3748K->3748K(1056768K)], 0.0394694 secs] [Times: user=0.19 sys=0.00, real=0.04 secs] 
41.715: [GC (CMS Initial Mark) [1 CMS-initial-mark: 6321K(6848K)] 9073K(9920K), 0.0030464 secs] [Times: user=0.00 sys=0.00, real=0.01 secs] 
41.718: [CMS-concurrent-mark-start]
41.718: [GC (Allocation Failure) 41.718: [ParNew (promotion failed): 2751K->2972K(3072K), 0.0231725 secs]41.742: [CMS41.745: [CMS-concurrent-mark: 0.003/0.027 secs] [Times: user=0.19 sys=0.00, real=0.02 secs] 
 (concurrent mode failure): 6323K->6321K(6848K), 0.0199052 secs] 9073K->9073K(9920K), [Metaspace: 3748K->3748K(1056768K)], 0.0431345 secs] [Times: user=0.20 sys=0.00, real=0.04 secs] 
41.762: [GC (Allocation Failure) 41.762: [ParNew (promotion failed): 2751K->2997K(3072K), 0.0143448 secs]41.776: [CMS: 6323K->6321K(6848K), 0.0165344 secs] 9073K->9073K(9920K), [Metaspace: 3748K->3748K(1056768K)], 0.0309349 secs] [Times: user=0.12 sys=0.01, real=0.03 secs] 
41.793: [GC (CMS Initial Mark) [1 CMS-initial-mark: 6321K(6848K)] 9073K(9920K), 0.0030719 secs] [Times: user=0.01 sys=0.00, real=0.00 secs] 
41.796: [CMS-concurrent-mark-start]
41.797: [GC (Allocation Failure) 41.797: [ParNew (promotion failed): 2751K->2997K(3072K), 0.0174291 secs]41.814: [CMS41.817: [CMS-concurrent-mark: 0.003/0.021 secs] [Times: user=0.13 sys=0.00, real=0.02 secs] 
 (concurrent mode failure): 6323K->6321K(6848K), 0.0199348 secs] 9073K->9073K(9920K), [Metaspace: 3748K->3748K(1056768K)], 0.0374336 secs] [Times: user=0.14 sys=0.00, real=0.04 secs] 
41.835: [GC (Allocation Failure) 41.835: [ParNew (promotion failed): 2751K->2997K(3072K), 0.0208600 secs]41.856: [CMS: 6323K->6321K(6848K), 0.0164646 secs] 9073K->9073K(9920K), [Metaspace: 3748K->3748K(1056768K)], 0.0373828 secs] [Times: user=0.17 sys=0.00, real=0.04 secs] 
41.873: [GC (CMS Initial Mark) [1 CMS-initial-mark: 6321K(6848K)] 9073K(9920K), 0.0030451 secs] [Times: user=0.00 sys=0.00, real=0.00 secs] 
41.876: [CMS-concurrent-mark-start]
41.876: [GC (Allocation Failure) 41.876: [ParNew (promotion failed): 2751K->3022K(3072K), 0.0150952 secs]41.891: [CMS41.894: [CMS-concurrent-mark: 0.004/0.019 secs] [Times: user=0.12 sys=0.00, real=0.02 secs] 
 (concurrent mode failure): 6323K->6321K(6848K), 0.0195965 secs] 9073K->9073K(9920K), [Metaspace: 3748K->3748K(1056768K)], 0.0347452 secs] [Times: user=0.14 sys=0.00, real=0.04 secs] 
41.912: [GC (Allocation Failure) 41.912: [ParNew (promotion failed): 2751K->3022K(3072K), 0.0161571 secs]41.928: [CMS: 6323K->6321K(6848K), 0.0166302 secs] 9073K->9073K(9920K), [Metaspace: 3748K->3748K(1056768K)], 0.0328437 secs] [Times: user=0.14 sys=0.00, real=0.03 secs] 
41.945: [GC (CMS Initial Mark) [1 CMS-initial-mark: 6321K(6848K)] 9073K(9920K), 0.0030808 secs] [Times: user=0.00 sys=0.00, real=0.00 secs] 
41.948: [CMS-concurrent-mark-start]
41.948: [GC (Allocation Failure) 41.948: [ParNew (promotion failed): 2751K->2997K(3072K), 0.0173395 secs]41.965: [CMS41.969: [CMS-concurrent-mark: 0.004/0.021 secs] [Times: user=0.14 sys=0.00, real=0.03 secs] 
 (concurrent mode failure): 6323K->6321K(6848K), 0.0201421 secs] 9073K->9073K(9920K), [Metaspace: 3748K->3748K(1056768K)], 0.0375332 secs] [Times: user=0.15 sys=0.00, real=0.04 secs] 
41.986: [GC (Allocation Failure) 41.986: [ParNew (promotion failed): 2751K->3022K(3072K), 0.0217716 secs]42.007: [CMS: 6323K->6321K(6848K), 0.0164107 secs] 9073K->9073K(9920K), [Metaspace: 3748K->3748K(1056768K)], 0.0382318 secs] [Times: user=0.18 sys=0.00, real=0.04 secs] 
42.024: [GC (CMS Initial Mark) [1 CMS-initial-mark: 6321K(6848K)] 9073K(9920K), 0.0030798 secs] [Times: user=0.00 sys=0.00, real=0.00 secs] 
42.027: [CMS-concurrent-mark-start]
42.028: [GC (Allocation Failure) 42.028: [ParNew (promotion failed): 2751K->3022K(3072K), 0.0151292 secs]42.043: [CMS42.046: [CMS-concurrent-mark: 0.003/0.019 secs] [Times: user=0.12 sys=0.00, real=0.02 secs] 
 (concurrent mode failure): 6323K->6321K(6848K), 0.0198307 secs] 9073K->9073K(9920K), [Metaspace: 3748K->3748K(1056768K)], 0.0350103 secs] [Times: user=0.14 sys=0.00, real=0.04 secs] 
42.063: [GC (Allocation Failure) 42.063: [ParNew (promotion failed): 2751K->3022K(3072K), 0.0220480 secs]42.085: [CMS: 6323K->6321K(6848K), 0.0168746 secs] 9073K->9073K(9920K), [Metaspace: 3748K->3748K(1056768K)], 0.0389951 secs] [Times: user=0.17 sys=0.00, real=0.04 secs] 
42.103: [GC (CMS Initial Mark) [1 CMS-initial-mark: 6321K(6848K)] 9073K(9920K), 0.0030556 secs] [Times: user=0.00 sys=0.00, real=0.00 secs] 
42.106: [CMS-concurrent-mark-start]
42.106: [GC (Allocation Failure) 42.106: [ParNew (promotion failed): 2751K->2997K(3072K), 0.0218342 secs]42.128: [CMS42.131: [CMS-concurrent-mark: 0.003/0.025 secs] [Times: user=0.18 sys=0.01, real=0.03 secs] 
 (concurrent mode failure): 6323K->6321K(6848K), 0.0199993 secs] 9073K->9073K(9920K), [Metaspace: 3748K->3748K(1056768K)], 0.0419000 secs] [Times: user=0.19 sys=0.01, real=0.04 secs] 
42.149: [GC (Allocation Failure) 42.149: [ParNew (promotion failed): 2751K->2997K(3072K), 0.0166828 secs]42.165: [CMS: 6323K->6321K(6848K), 0.0165465 secs] 9073K->9073K(9920K), [Metaspace: 3748K->3748K(1056768K)], 0.0332872 secs] [Times: user=0.14 sys=0.00, real=0.03 secs] 
42.182: [GC (CMS Initial Mark) [1 CMS-initial-mark: 6321K(6848K)] 9073K(9920K), 0.0030359 secs] [Times: user=0.00 sys=0.00, real=0.00 secs] 
42.185: [CMS-concurrent-mark-start]
42.186: [GC (Allocation Failure) 42.186: [ParNew (promotion failed): 2751K->3022K(3072K), 0.0241526 secs]42.210: [CMS42.213: [CMS-concurrent-mark: 0.004/0.028 secs] [Times: user=0.20 sys=0.00, real=0.03 secs] 
 (concurrent mode failure): 6323K->6321K(6848K), 0.0198298 secs] 9073K->9073K(9920K), [Metaspace: 3748K->3748K(1056768K)], 0.0440381 secs] [Times: user=0.20 sys=0.00, real=0.05 secs] 
42.230: [GC (Allocation Failure) 42.230: [ParNew (promotion failed): 2751K->2997K(3072K), 0.0170355 secs]42.247: [CMS: 6323K->6321K(6848K), 0.0165263 secs] 9073K->9073K(9920K), [Metaspace: 3748K->3748K(1056768K)], 0.0336124 secs] [Times: user=0.15 sys=0.00, real=0.03 secs] 
42.264: [GC (CMS Initial Mark) [1 CMS-initial-mark: 6321K(6848K)] 9073K(9920K), 0.0030757 secs] [Times: user=0.00 sys=0.00, real=0.00 secs] 
42.267: [CMS-concurrent-mark-start]
42.267: [GC (Allocation Failure) 42.267: [ParNew (promotion failed): 2751K->3022K(3072K), 0.0258482 secs]42.293: [CMS42.296: [CMS-concurrent-mark: 0.003/0.029 secs] [Times: user=0.20 sys=0.00, real=0.03 secs] 
 (concurrent mode failure): 6323K->6321K(6848K), 0.0198915 secs] 9073K->9073K(9920K), [Metaspace: 3748K->3748K(1056768K)], 0.0457943 secs] [Times: user=0.22 sys=0.00, real=0.05 secs] 
42.313: [GC (Allocation Failure) 42.313: [ParNew (promotion failed): 2751K->3046K(3072K), 0.0158634 secs]42.329: [CMS: 6323K->6321K(6848K), 0.0165118 secs] 9073K->9073K(9920K), [Metaspace: 3748K->3748K(1056768K)], 0.0324287 secs] [Times: user=0.13 sys=0.00, real=0.03 secs] 
42.346: [GC (CMS Initial Mark) [1 CMS-initial-mark: 6321K(6848K)] 9073K(9920K), 0.0030667 secs] [Times: user=0.01 sys=0.00, real=0.01 secs] 
42.349: [CMS-concurrent-mark-start]
42.349: [GC (Allocation Failure) 42.349: [ParNew (promotion failed): 2751K->3022K(3072K), 0.0219545 secs]42.371: [CMS42.375: [CMS-concurrent-mark: 0.003/0.026 secs] [Times: user=0.16 sys=0.00, real=0.02 secs] 
 (concurrent mode failure): 6323K->6321K(6848K), 0.0201013 secs] 9073K->9073K(9920K), [Metaspace: 3748K->3748K(1056768K)], 0.0421142 secs] [Times: user=0.18 sys=0.00, real=0.04 secs] 
42.392: [GC (Allocation Failure) 42.392: [ParNew (promotion failed): 2751K->3022K(3072K), 0.0160660 secs]42.408: [CMS: 6323K->6321K(6848K), 0.0165351 secs] 9073K->9073K(9920K), [Metaspace: 3748K->3748K(1056768K)], 0.0326654 secs] [Times: user=0.14 sys=0.00, real=0.03 secs] 
42.425: [GC (CMS Initial Mark) [1 CMS-initial-mark: 6321K(6848K)] 9073K(9920K), 0.0030752 secs] [Times: user=0.00 sys=0.00, real=0.01 secs] 
42.428: [CMS-concurrent-mark-start]
42.429: [GC (Allocation Failure) 42.429: [ParNew (promotion failed): 2751K->3022K(3072K), 0.0229969 secs]42.452: [CMS42.455: [CMS-concurrent-mark: 0.004/0.027 secs] [Times: user=0.18 sys=0.00, real=0.02 secs] 
 (concurrent mode failure): 6323K->6321K(6848K), 0.0197473 secs] 9073K->9073K(9920K), [Metaspace: 3748K->3748K(1056768K)], 0.0427951 secs] [Times: user=0.20 sys=0.00, real=0.04 secs] 
42.472: [GC (Allocation Failure) 42.472: [ParNew (promotion failed): 2751K->3022K(3072K), 0.0180807 secs]42.491: [CMS: 6323K->6321K(6848K), 0.0166242 secs] 9073K->9073K(9920K), [Metaspace: 3748K->3748K(1056768K)], 0.0347634 secs] [Times: user=0.15 sys=0.01, real=0.03 secs] 
42.507: [GC (CMS Initial Mark) [1 CMS-initial-mark: 6321K(6848K)] 9073K(9920K), 0.0030298 secs] [Times: user=0.00 sys=0.00, real=0.01 secs] 
42.510: [CMS-concurrent-mark-start]
42.511: [GC (Allocation Failure) 42.511: [ParNew (promotion failed): 2751K->2997K(3072K), 0.0210682 secs]42.532: [CMS42.535: [CMS-concurrent-mark: 0.004/0.025 secs] [Times: user=0.16 sys=0.00, real=0.02 secs] 
 (concurrent mode failure): 6323K->6321K(6848K), 0.0201060 secs] 9073K->9073K(9920K), [Metaspace: 3748K->3748K(1056768K)], 0.0412351 secs] [Times: user=0.18 sys=0.00, real=0.04 secs] 
42.552: [GC (Allocation Failure) 42.552: [ParNew (promotion failed): 2751K->2997K(3072K), 0.0182487 secs]42.570: [CMS: 6323K->6321K(6848K), 0.0165556 secs] 9073K->9073K(9920K), [Metaspace: 3748K->3748K(1056768K)], 0.0348634 secs] [Times: user=0.15 sys=0.00, real=0.03 secs] 
42.587: [GC (CMS Initial Mark) [1 CMS-initial-mark: 6321K(6848K)] 9073K(9920K), 0.0030494 secs] [Times: user=0.00 sys=0.00, real=0.01 secs] 
42.590: [CMS-concurrent-mark-start]
42.591: [GC (Allocation Failure) 42.591: [ParNew (promotion failed): 2751K->3046K(3072K), 0.0145376 secs]42.605: [CMS42.608: [CMS-concurrent-mark: 0.004/0.018 secs] [Times: user=0.12 sys=0.00, real=0.02 secs] 
 (concurrent mode failure): 6323K->6321K(6848K), 0.0199114 secs] 9073K->9073K(9920K), [Metaspace: 3748K->3748K(1056768K)], 0.0345085 secs] [Times: user=0.13 sys=0.00, real=0.03 secs] 
42.625: [GC (Allocation Failure) 42.625: [ParNew (promotion failed): 2751K->2972K(3072K), 0.0246279 secs]42.650: [CMS: 6323K->6321K(6848K), 0.0165474 secs] 9073K->9073K(9920K), [Metaspace: 3748K->3748K(1056768K)], 0.0412354 secs] [Times: user=0.19 sys=0.00, real=0.04 secs] 
42.667: [GC (CMS Initial Mark) [1 CMS-initial-mark: 6321K(6848K)] 9073K(9920K), 0.0030455 secs] [Times: user=0.01 sys=0.00, real=0.01 secs] 
42.671: [CMS-concurrent-mark-start]
42.671: [GC (Allocation Failure) 42.671: [ParNew (promotion failed): 2751K->3022K(3072K), 0.0178515 secs]42.688: [CMS42.692: [CMS-concurrent-mark: 0.003/0.021 secs] [Times: user=0.14 sys=0.00, real=0.02 secs] 
 (concurrent mode failure): 6323K->6321K(6848K), 0.0200034 secs] 9073K->9073K(9920K), [Metaspace: 3748K->3748K(1056768K)], 0.0379086 secs] [Times: user=0.15 sys=0.00, real=0.04 secs] 
42.709: [GC (Allocation Failure) 42.709: [ParNew (promotion failed): 2751K->3022K(3072K), 0.0167452 secs]42.726: [CMS: 6323K->6321K(6848K), 0.0165258 secs] 9073K->9073K(9920K), [Metaspace: 3748K->3748K(1056768K)], 0.0333246 secs] [Times: user=0.15 sys=0.00, real=0.03 secs] 
42.743: [GC (CMS Initial Mark) [1 CMS-initial-mark: 6321K(6848K)] 9073K(9920K), 0.0030741 secs] [Times: user=0.00 sys=0.00, real=0.00 secs] 
42.746: [CMS-concurrent-mark-start]
42.747: [GC (Allocation Failure) 42.747: [ParNew (promotion failed): 2751K->2997K(3072K), 0.0157723 secs]42.762: [CMS42.766: [CMS-concurrent-mark: 0.004/0.019 secs] [Times: user=0.12 sys=0.00, real=0.02 secs] 
 (concurrent mode failure): 6323K->6321K(6848K), 0.0197758 secs] 9073K->9073K(9920K), [Metaspace: 3748K->3748K(1056768K)], 0.0356020 secs] [Times: user=0.14 sys=0.00, real=0.04 secs] 
42.782: [GC (Allocation Failure) 42.782: [ParNew (promotion failed): 2751K->2972K(3072K), 0.0219083 secs]42.804: [CMS: 6323K->6321K(6848K), 0.0165834 secs] 9073K->9073K(9920K), [Metaspace: 3748K->3748K(1056768K)], 0.0385571 secs] [Times: user=0.18 sys=0.00, real=0.04 secs] 
42.821: [GC (CMS Initial Mark) [1 CMS-initial-mark: 6321K(6848K)] 9073K(9920K), 0.0030437 secs] [Times: user=0.00 sys=0.00, real=0.00 secs] 
42.824: [CMS-concurrent-mark-start]
42.824: [GC (Allocation Failure) 42.824: [ParNew (promotion failed): 2751K->2997K(3072K), 0.0227968 secs]42.847: [CMS42.851: [CMS-concurrent-mark: 0.003/0.026 secs] [Times: user=0.18 sys=0.01, real=0.03 secs] 
 (concurrent mode failure): 6323K->6321K(6848K), 0.0199545 secs] 9073K->9073K(9920K), [Metaspace: 3748K->3748K(1056768K)], 0.0428106 secs] [Times: user=0.20 sys=0.01, real=0.04 secs] 
42.868: [GC (Allocation Failure) 42.868: [ParNew (promotion failed): 2751K->2997K(3072K), 0.0149191 secs]42.882: [CMS: 6323K->6321K(6848K), 0.0165320 secs] 9073K->9073K(9920K), [Metaspace: 3748K->3748K(1056768K)], 0.0315047 secs] [Times: user=0.13 sys=0.00, real=0.04 secs] 
42.899: [GC (CMS Initial Mark) [1 CMS-initial-mark: 6321K(6848K)] 9073K(9920K), 0.0030543 secs] [Times: user=0.00 sys=0.00, real=0.00 secs] 
42.903: [CMS-concurrent-mark-start]
42.903: [GC (Allocation Failure) 42.903: [ParNew (promotion failed): 2751K->2997K(3072K), 0.0185179 secs]42.921: [CMS42.925: [CMS-concurrent-mark: 0.004/0.022 secs] [Times: user=0.14 sys=0.00, real=0.02 secs] 
 (concurrent mode failure): 6323K->6321K(6848K), 0.0201976 secs] 9073K->9073K(9920K), [Metaspace: 3748K->3748K(1056768K)], 0.0387715 secs] [Times: user=0.16 sys=0.00, real=0.04 secs] 
42.942: [GC (Allocation Failure) 42.942: [ParNew (promotion failed): 2751K->3022K(3072K), 0.0230143 secs]42.965: [CMS: 6323K->6321K(6848K), 0.0165578 secs] 9073K->9073K(9920K), [Metaspace: 3748K->3748K(1056768K)], 0.0396417 secs] [Times: user=0.19 sys=0.00, real=0.04 secs] 
42.982: [GC (CMS Initial Mark) [1 CMS-initial-mark: 6321K(6848K)] 9073K(9920K), 0.0030493 secs] [Times: user=0.01 sys=0.00, real=0.00 secs] 
42.985: [CMS-concurrent-mark-start]
42.986: [GC (Allocation Failure) 42.986: [ParNew (promotion failed): 2751K->3022K(3072K), 0.0142474 secs]43.000: [CMS43.003: [CMS-concurrent-mark: 0.004/0.018 secs] [Times: user=0.11 sys=0.00, real=0.02 secs] 
 (concurrent mode failure): 6323K->6321K(6848K), 0.0195703 secs] 9073K->9073K(9920K), [Metaspace: 3748K->3748K(1056768K)], 0.0338727 secs] [Times: user=0.13 sys=0.00, real=0.04 secs] 
43.020: [GC (Allocation Failure) 43.020: [ParNew (promotion failed): 2751K->3022K(3072K), 0.0155397 secs]43.036: [CMS: 6323K->6321K(6848K), 0.0165480 secs] 9073K->9073K(9920K), [Metaspace: 3748K->3748K(1056768K)], 0.0321392 secs] [Times: user=0.13 sys=0.00, real=0.03 secs] 
43.053: [GC (CMS Initial Mark) [1 CMS-initial-mark: 6321K(6848K)] 9073K(9920K), 0.0030359 secs] [Times: user=0.00 sys=0.00, real=0.00 secs] 
43.056: [CMS-concurrent-mark-start]
43.056: [GC (Allocation Failure) 43.056: [ParNew (promotion failed): 2751K->2997K(3072K), 0.0143304 secs]43.070: [CMS43.074: [CMS-concurrent-mark: 0.003/0.018 secs] [Times: user=0.11 sys=0.00, real=0.02 secs] 
 (concurrent mode failure): 6323K->6321K(6848K), 0.0200925 secs] 9073K->9073K(9920K), [Metaspace: 3748K->3748K(1056768K)], 0.0344699 secs] [Times: user=0.13 sys=0.00, real=0.04 secs] 
43.091: [GC (Allocation Failure) 43.091: [ParNew (promotion failed): 2751K->2997K(3072K), 0.0147919 secs]43.105: [CMS: 6323K->6321K(6848K), 0.0165247 secs] 9073K->9073K(9920K), [Metaspace: 3748K->3748K(1056768K)], 0.0313685 secs] [Times: user=0.13 sys=0.00, real=0.03 secs] 
43.122: [GC (CMS Initial Mark) [1 CMS-initial-mark: 6321K(6848K)] 9073K(9920K), 0.0030598 secs] [Times: user=0.00 sys=0.00, real=0.00 secs] 
43.125: [CMS-concurrent-mark-start]
43.126: [GC (Allocation Failure) 43.126: [ParNew (promotion failed): 2751K->2997K(3072K), 0.0148993 secs]43.141: [CMS43.144: [CMS-concurrent-mark: 0.004/0.019 secs] [Times: user=0.12 sys=0.00, real=0.02 secs] 
 (concurrent mode failure): 6323K->6321K(6848K), 0.0199885 secs] 9073K->9073K(9920K), [Metaspace: 3748K->3748K(1056768K)], 0.0349402 secs] [Times: user=0.13 sys=0.00, real=0.04 secs] 
43.161: [GC (Allocation Failure) 43.161: [ParNew (promotion failed): 2751K->2997K(3072K), 0.0179177 secs]43.179: [CMS: 6323K->6321K(6848K), 0.0167670 secs] 9073K->9073K(9920K), [Metaspace: 3748K->3748K(1056768K)], 0.0347462 secs] [Times: user=0.15 sys=0.00, real=0.03 secs] 
43.197: [GC (CMS Initial Mark) [1 CMS-initial-mark: 6321K(6848K)] 9073K(9920K), 0.0030902 secs] [Times: user=0.00 sys=0.00, real=0.01 secs] 
43.200: [CMS-concurrent-mark-start]
43.200: [GC (Allocation Failure) 43.200: [ParNew (promotion failed): 2751K->2997K(3072K), 0.0212622 secs]43.221: [CMS43.225: [CMS-concurrent-mark: 0.003/0.025 secs] [Times: user=0.17 sys=0.00, real=0.02 secs] 
 (concurrent mode failure): 6323K->6321K(6848K), 0.0199705 secs] 9073K->9073K(9920K), [Metaspace: 3748K->3748K(1056768K)], 0.0412881 secs] [Times: user=0.18 sys=0.00, real=0.04 secs] 
43.242: [GC (Allocation Failure) 43.242: [ParNew (promotion failed): 2751K->3022K(3072K), 0.0218022 secs]43.264: [CMS: 6323K->6321K(6848K), 0.0166252 secs] 9073K->9073K(9920K), [Metaspace: 3748K->3748K(1056768K)], 0.0384908 secs] [Times: user=0.19 sys=0.00, real=0.04 secs] 
43.281: [GC (CMS Initial Mark) [1 CMS-initial-mark: 6321K(6848K)] 9073K(9920K), 0.0030445 secs] [Times: user=0.00 sys=0.00, real=0.00 secs] 
43.284: [CMS-concurrent-mark-start]
43.284: [GC (Allocation Failure) 43.284: [ParNew (promotion failed): 2751K->3022K(3072K), 0.0167733 secs]43.301: [CMS43.304: [CMS-concurrent-mark: 0.004/0.020 secs] [Times: user=0.13 sys=0.00, real=0.02 secs] 
 (concurrent mode failure): 6323K->6321K(6848K), 0.0197156 secs] 9073K->9073K(9920K), [Metaspace: 3748K->3748K(1056768K)], 0.0365405 secs] [Times: user=0.15 sys=0.00, real=0.04 secs] 
43.321: [GC (Allocation Failure) 43.321: [ParNew (promotion failed): 2751K->2997K(3072K), 0.0204837 secs]43.342: [CMS: 6323K->6321K(6848K), 0.0165317 secs] 9073K->9073K(9920K), [Metaspace: 3748K->3748K(1056768K)], 0.0370743 secs] [Times: user=0.17 sys=0.00, real=0.04 secs] 
43.358: [GC (CMS Initial Mark) [1 CMS-initial-mark: 6321K(6848K)] 9073K(9920K), 0.0030740 secs] [Times: user=0.00 sys=0.00, real=0.00 secs] 
43.361: [CMS-concurrent-mark-start]
43.362: [GC (Allocation Failure) 43.362: [ParNew (promotion failed): 2751K->2997K(3072K), 0.0226182 secs]43.384: [CMS43.388: [CMS-concurrent-mark: 0.003/0.026 secs] [Times: user=0.18 sys=0.00, real=0.02 secs] 
 (concurrent mode failure): 6323K->6321K(6848K), 0.0199055 secs] 9073K->9073K(9920K), [Metaspace: 3748K->3748K(1056768K)], 0.0425811 secs] [Times: user=0.20 sys=0.00, real=0.04 secs] 
43.405: [GC (Allocation Failure) 43.405: [ParNew (promotion failed): 2751K->2997K(3072K), 0.0157906 secs]43.420: [CMS: 6323K->6321K(6848K), 0.0165620 secs] 9073K->9073K(9920K), [Metaspace: 3748K->3748K(1056768K)], 0.0324142 secs] [Times: user=0.13 sys=0.00, real=0.03 secs] 
43.437: [GC (CMS Initial Mark) [1 CMS-initial-mark: 6321K(6848K)] 9073K(9920K), 0.0030730 secs] [Times: user=0.00 sys=0.00, real=0.01 secs] 
43.441: [CMS-concurrent-mark-start]
43.441: [GC (Allocation Failure) 43.441: [ParNew (promotion failed): 2751K->3022K(3072K), 0.0150424 secs]43.456: [CMS43.459: [CMS-concurrent-mark: 0.004/0.019 secs] [Times: user=0.12 sys=0.00, real=0.02 secs] 
 (concurrent mode failure): 6323K->6321K(6848K), 0.0201748 secs] 9073K->9073K(9920K), [Metaspace: 3748K->3748K(1056768K)], 0.0352750 secs] [Times: user=0.14 sys=0.00, real=0.03 secs] 
43.477: [GC (Allocation Failure) 43.477: [ParNew (promotion failed): 2751K->2997K(3072K), 0.0183111 secs]43.495: [CMS: 6323K->6321K(6848K), 0.0165101 secs] 9073K->9073K(9920K), [Metaspace: 3748K->3748K(1056768K)], 0.0348793 secs] [Times: user=0.15 sys=0.00, real=0.04 secs] 
43.512: [GC (CMS Initial Mark) [1 CMS-initial-mark: 6321K(6848K)] 9073K(9920K), 0.0030577 secs] [Times: user=0.00 sys=0.00, real=0.00 secs] 
43.515: [CMS-concurrent-mark-start]
43.516: [GC (Allocation Failure) 43.516: [ParNew (promotion failed): 2751K->2997K(3072K), 0.0221715 secs]43.538: [CMS43.541: [CMS-concurrent-mark: 0.004/0.026 secs] [Times: user=0.16 sys=0.00, real=0.03 secs] 
 (concurrent mode failure): 6323K->6321K(6848K), 0.0196587 secs] 9073K->9073K(9920K), [Metaspace: 3748K->3748K(1056768K)], 0.0418866 secs] [Times: user=0.18 sys=0.00, real=0.04 secs] 
43.558: [GC (Allocation Failure) 43.558: [ParNew (promotion failed): 2751K->2997K(3072K), 0.0148210 secs]43.573: [CMS: 6323K->6321K(6848K), 0.0166554 secs] 9073K->9073K(9920K), [Metaspace: 3748K->3748K(1056768K)], 0.0315435 secs] [Times: user=0.12 sys=0.00, real=0.03 secs] 
43.590: [GC (CMS Initial Mark) [1 CMS-initial-mark: 6321K(6848K)] 9073K(9920K), 0.0030414 secs] [Times: user=0.01 sys=0.00, real=0.00 secs] 
43.593: [CMS-concurrent-mark-start]
43.593: [GC (Allocation Failure) 43.593: [ParNew (promotion failed): 2751K->2972K(3072K), 0.0223413 secs]43.615: [CMS43.619: [CMS-concurrent-mark: 0.003/0.026 secs] [Times: user=0.17 sys=0.01, real=0.03 secs] 
 (concurrent mode failure): 6323K->6321K(6848K), 0.0199999 secs] 9073K->9073K(9920K), [Metaspace: 3748K->3748K(1056768K)], 0.0424013 secs] [Times: user=0.19 sys=0.01, real=0.04 secs] 
43.636: [GC (Allocation Failure) 43.636: [ParNew (promotion failed): 2751K->2997K(3072K), 0.0209896 secs]43.657: [CMS: 6323K->6321K(6848K), 0.0165334 secs] 9073K->9073K(9920K), [Metaspace: 3748K->3748K(1056768K)], 0.0375791 secs] [Times: user=0.18 sys=0.00, real=0.04 secs] 
43.674: [GC (CMS Initial Mark) [1 CMS-initial-mark: 6321K(6848K)] 9073K(9920K), 0.0030445 secs] [Times: user=0.00 sys=0.00, real=0.00 secs] 
43.677: [CMS-concurrent-mark-start]
43.677: [GC (Allocation Failure) 43.677: [ParNew (promotion failed): 2751K->2997K(3072K), 0.0162883 secs]43.693: [CMS43.697: [CMS-concurrent-mark: 0.004/0.020 secs] [Times: user=0.13 sys=0.00, real=0.02 secs] 
 (concurrent mode failure): 6323K->6321K(6848K), 0.0198287 secs] 9073K->9073K(9920K), [Metaspace: 3748K->3748K(1056768K)], 0.0361726 secs] [Times: user=0.14 sys=0.00, real=0.04 secs] 
43.714: [GC (Allocation Failure) 43.714: [ParNew (promotion failed): 2751K->2997K(3072K), 0.0226180 secs]43.736: [CMS: 6323K->6321K(6848K), 0.0166979 secs] 9073K->9073K(9920K), [Metaspace: 3748K->3748K(1056768K)], 0.0393752 secs] [Times: user=0.18 sys=0.00, real=0.04 secs] 
43.754: [GC (CMS Initial Mark) [1 CMS-initial-mark: 6321K(6848K)] 9073K(9920K), 0.0030535 secs] [Times: user=0.00 sys=0.00, real=0.00 secs] 
43.757: [CMS-concurrent-mark-start]
43.757: [GC (Allocation Failure) 43.757: [ParNew (promotion failed): 2751K->2997K(3072K), 0.0145863 secs]43.771: [CMS43.775: [CMS-concurrent-mark: 0.004/0.018 secs] [Times: user=0.12 sys=0.00, real=0.02 secs] 
 (concurrent mode failure): 6323K->6321K(6848K), 0.0200687 secs] 9073K->9073K(9920K), [Metaspace: 3748K->3748K(1056768K)], 0.0347140 secs] [Times: user=0.13 sys=0.00, real=0.04 secs] 
43.792: [GC (Allocation Failure) 43.792: [ParNew (promotion failed): 2751K->2997K(3072K), 0.0176366 secs]43.810: [CMS: 6323K->6321K(6848K), 0.0165785 secs] 9073K->9073K(9920K), [Metaspace: 3748K->3748K(1056768K)], 0.0342633 secs] [Times: user=0.15 sys=0.00, real=0.03 secs] 
43.827: [GC (CMS Initial Mark) [1 CMS-initial-mark: 6321K(6848K)] 9073K(9920K), 0.0030670 secs] [Times: user=0.01 sys=0.00, real=0.01 secs] 
43.830: [CMS-concurrent-mark-start]
43.830: [GC (Allocation Failure) 43.831: [ParNew (promotion failed): 2751K->3022K(3072K), 0.0140101 secs]43.845: [CMS43.848: [CMS-concurrent-mark: 0.004/0.018 secs] [Times: user=0.09 sys=0.00, real=0.01 secs] 
 (concurrent mode failure): 6323K->6321K(6848K), 0.0198443 secs] 9073K->9073K(9920K), [Metaspace: 3748K->3748K(1056768K)], 0.0339237 secs] [Times: user=0.11 sys=0.00, real=0.03 secs] 
43.865: [GC (Allocation Failure) 43.865: [ParNew (promotion failed): 2751K->3046K(3072K), 0.0230603 secs]43.888: [CMS: 6323K->6321K(6848K), 0.0165139 secs] 9073K->9073K(9920K), [Metaspace: 3748K->3748K(1056768K)], 0.0396394 secs] [Times: user=0.19 sys=0.00, real=0.04 secs] 
43.905: [GC (CMS Initial Mark) [1 CMS-initial-mark: 6321K(6848K)] 9073K(9920K), 0.0030435 secs] [Times: user=0.00 sys=0.00, real=0.00 secs] 
43.908: [CMS-concurrent-mark-start]
43.908: [GC (Allocation Failure) 43.908: [ParNew (promotion failed): 2751K->3022K(3072K), 0.0176147 secs]43.925: [CMS43.929: [CMS-concurrent-mark: 0.003/0.021 secs] [Times: user=0.13 sys=0.00, real=0.03 secs] 
 (concurrent mode failure): 6323K->6321K(6848K), 0.0198998 secs] 9073K->9073K(9920K), [Metaspace: 3748K->3748K(1056768K)], 0.0375775 secs] [Times: user=0.15 sys=0.00, real=0.04 secs] 
43.946: [GC (Allocation Failure) 43.946: [ParNew (promotion failed): 2751K->3022K(3072K), 0.0162675 secs]43.962: [CMS: 6323K->6321K(6848K), 0.0165421 secs] 9073K->9073K(9920K), [Metaspace: 3748K->3748K(1056768K)], 0.0328729 secs] [Times: user=0.13 sys=0.00, real=0.04 secs] 
43.979: [GC (CMS Initial Mark) [1 CMS-initial-mark: 6321K(6848K)] 9073K(9920K), 0.0030508 secs] [Times: user=0.01 sys=0.00, real=0.00 secs] 
43.982: [CMS-concurrent-mark-start]
43.982: [GC (Allocation Failure) 43.982: [ParNew (promotion failed): 2751K->3022K(3072K), 0.0157220 secs]43.998: [CMS44.001: [CMS-concurrent-mark: 0.004/0.019 secs] [Times: user=0.12 sys=0.01, real=0.02 secs] 
 (concurrent mode failure): 6323K->6321K(6848K), 0.0201857 secs] 9073K->9073K(9920K), [Metaspace: 3748K->3748K(1056768K)], 0.0359755 secs] [Times: user=0.13 sys=0.01, real=0.04 secs] 
44.019: [GC (Allocation Failure) 44.019: [ParNew (promotion failed): 2751K->2997K(3072K), 0.0142190 secs]44.033: [CMS: 6323K->6321K(6848K), 0.0166289 secs] 9073K->9073K(9920K), [Metaspace: 3748K->3748K(1056768K)], 0.0360431 secs] [Times: user=0.12 sys=0.00, real=0.03 secs] 
44.055: [GC (CMS Initial Mark) [1 CMS-initial-mark: 6321K(6848K)] 9073K(9920K), 0.0033034 secs] [Times: user=0.00 sys=0.00, real=0.01 secs] 
44.059: [CMS-concurrent-mark-start]
44.059: [GC (Allocation Failure) 44.059: [ParNew (promotion failed): 2751K->2997K(3072K), 0.0145728 secs]44.074: [CMS44.077: [CMS-concurrent-mark: 0.004/0.018 secs] [Times: user=0.12 sys=0.00, real=0.01 secs] 
 (concurrent mode failure): 6323K->6321K(6848K), 0.0197807 secs] 9073K->9073K(9920K), [Metaspace: 3748K->3748K(1056768K)], 0.0344215 secs] [Times: user=0.14 sys=0.00, real=0.03 secs] 
44.094: [GC (Allocation Failure) 44.094: [ParNew (promotion failed): 2751K->3022K(3072K), 0.0160946 secs]44.110: [CMS: 6323K->6321K(6848K), 0.0166035 secs] 9073K->9073K(9920K), [Metaspace: 3748K->3748K(1056768K)], 0.0327636 secs] [Times: user=0.13 sys=0.00, real=0.03 secs] 
44.127: [GC (CMS Initial Mark) [1 CMS-initial-mark: 6321K(6848K)] 9073K(9920K), 0.0030530 secs] [Times: user=0.01 sys=0.00, real=0.01 secs] 
44.130: [CMS-concurrent-mark-start]
44.130: [GC (Allocation Failure) 44.130: [ParNew (promotion failed): 2751K->2997K(3072K), 0.0148158 secs]44.145: [CMS44.149: [CMS-concurrent-mark: 0.003/0.018 secs] [Times: user=0.11 sys=0.00, real=0.02 secs] 
 (concurrent mode failure): 6323K->6321K(6848K), 0.0201035 secs] 9073K->9073K(9920K), [Metaspace: 3748K->3748K(1056768K)], 0.0349845 secs] [Times: user=0.13 sys=0.00, real=0.03 secs] 
44.166: [GC (Allocation Failure) 44.166: [ParNew (promotion failed): 2751K->2997K(3072K), 0.0188078 secs]44.184: [CMS: 6323K->6321K(6848K), 0.0164324 secs] 9073K->9073K(9920K), [Metaspace: 3748K->3748K(1056768K)], 0.0353020 secs] [Times: user=0.15 sys=0.00, real=0.04 secs] 
44.201: [GC (CMS Initial Mark) [1 CMS-initial-mark: 6321K(6848K)] 9073K(9920K), 0.0030517 secs] [Times: user=0.00 sys=0.00, real=0.00 secs] 
44.204: [CMS-concurrent-mark-start]
44.205: [GC (Allocation Failure) 44.205: [ParNew (promotion failed): 2751K->3022K(3072K), 0.0218340 secs]44.226: [CMS44.230: [CMS-concurrent-mark: 0.004/0.025 secs] [Times: user=0.18 sys=0.00, real=0.03 secs] 
 (concurrent mode failure): 6323K->6321K(6848K), 0.0200640 secs] 9073K->9073K(9920K), [Metaspace: 3748K->3748K(1056768K)], 0.0419583 secs] [Times: user=0.19 sys=0.00, real=0.04 secs] 
44.247: [GC (Allocation Failure) 44.247: [ParNew (promotion failed): 2751K->3022K(3072K), 0.0236615 secs]44.271: [CMS: 6323K->6321K(6848K), 0.0166122 secs] 9073K->9073K(9920K), [Metaspace: 3748K->3748K(1056768K)], 0.0403443 secs] [Times: user=0.19 sys=0.00, real=0.04 secs] 
44.288: [GC (CMS Initial Mark) [1 CMS-initial-mark: 6321K(6848K)] 9073K(9920K), 0.0030528 secs] [Times: user=0.01 sys=0.00, real=0.00 secs] 
44.291: [CMS-concurrent-mark-start]
44.291: [GC (Allocation Failure) 44.291: [ParNew (promotion failed): 2751K->2997K(3072K), 0.0223031 secs]44.314: [CMS44.317: [CMS-concurrent-mark: 0.003/0.026 secs] [Times: user=0.17 sys=0.00, real=0.02 secs] 
 (concurrent mode failure): 6323K->6321K(6848K), 0.0200067 secs] 9073K->9073K(9920K), [Metaspace: 3748K->3748K(1056768K)], 0.0423830 secs] [Times: user=0.19 sys=0.00, real=0.04 secs] 
44.334: [GC (Allocation Failure) 44.334: [ParNew (promotion failed): 2751K->2997K(3072K), 0.0224687 secs]44.357: [CMS: 6323K->6321K(6848K), 0.0166467 secs] 9073K->9073K(9920K), [Metaspace: 3748K->3748K(1056768K)], 0.0391832 secs] [Times: user=0.19 sys=0.01, real=0.04 secs] 
44.374: [GC (CMS Initial Mark) [1 CMS-initial-mark: 6321K(6848K)] 9073K(9920K), 0.0031213 secs] [Times: user=0.00 sys=0.00, real=0.00 secs] 
44.377: [CMS-concurrent-mark-start]
44.378: [GC (Allocation Failure) 44.378: [ParNew (promotion failed): 2751K->3022K(3072K), 0.0214013 secs]44.399: [CMS44.402: [CMS-concurrent-mark: 0.004/0.025 secs] [Times: user=0.17 sys=0.00, real=0.03 secs] 
 (concurrent mode failure): 6323K->6321K(6848K), 0.0197164 secs] 9073K->9073K(9920K), [Metaspace: 3748K->3748K(1056768K)], 0.0411902 secs] [Times: user=0.19 sys=0.00, real=0.05 secs] 
44.419: [GC (Allocation Failure) 44.419: [ParNew (promotion failed): 2751K->2997K(3072K), 0.0153347 secs]44.434: [CMS: 6323K->6321K(6848K), 0.0165740 secs] 9073K->9073K(9920K), [Metaspace: 3748K->3748K(1056768K)], 0.0319681 secs] [Times: user=0.13 sys=0.00, real=0.03 secs] 
44.451: [GC (CMS Initial Mark) [1 CMS-initial-mark: 6321K(6848K)] 9073K(9920K), 0.0030673 secs] [Times: user=0.00 sys=0.00, real=0.00 secs] 
44.454: [CMS-concurrent-mark-start]
44.454: [GC (Allocation Failure) 44.454: [ParNew (promotion failed): 2751K->2997K(3072K), 0.0211212 secs]44.476: [CMS44.479: [CMS-concurrent-mark: 0.004/0.025 secs] [Times: user=0.16 sys=0.00, real=0.03 secs] 
 (concurrent mode failure): 6323K->6321K(6848K), 0.0201021 secs] 9073K->9073K(9920K), [Metaspace: 3748K->3748K(1056768K)], 0.0412801 secs] [Times: user=0.17 sys=0.00, real=0.04 secs] 
44.496: [GC (Allocation Failure) 44.496: [ParNew (promotion failed): 2751K->2997K(3072K), 0.0140873 secs]44.510: [CMS: 6323K->6321K(6848K), 0.0165692 secs] 9073K->9073K(9920K), [Metaspace: 3748K->3748K(1056768K)], 0.0307245 secs] [Times: user=0.12 sys=0.00, real=0.03 secs] 
44.527: [GC (CMS Initial Mark) [1 CMS-initial-mark: 6321K(6848K)] 9073K(9920K), 0.0030527 secs] [Times: user=0.00 sys=0.00, real=0.01 secs] 
44.530: [CMS-concurrent-mark-start]
44.530: [GC (Allocation Failure) 44.530: [ParNew (promotion failed): 2751K->3022K(3072K), 0.0218003 secs]44.552: [CMS44.556: [CMS-concurrent-mark: 0.003/0.025 secs] [Times: user=0.16 sys=0.00, real=0.02 secs] 
 (concurrent mode failure): 6323K->6321K(6848K), 0.0200789 secs] 9073K->9073K(9920K), [Metaspace: 3748K->3748K(1056768K)], 0.0419559 secs] [Times: user=0.18 sys=0.00, real=0.04 secs] 
44.573: [GC (Allocation Failure) 44.573: [ParNew (promotion failed): 2751K->2997K(3072K), 0.0170579 secs]44.590: [CMS: 6323K->6321K(6848K), 0.0164928 secs] 9073K->9073K(9920K), [Metaspace: 3748K->3748K(1056768K)], 0.0336134 secs] [Times: user=0.15 sys=0.00, real=0.03 secs] 
44.607: [GC (CMS Initial Mark) [1 CMS-initial-mark: 6321K(6848K)] 9073K(9920K), 0.0030545 secs] [Times: user=0.00 sys=0.00, real=0.01 secs] 
44.610: [CMS-concurrent-mark-start]
44.611: [GC (Allocation Failure) 44.611: [ParNew (promotion failed): 2751K->2997K(3072K), 0.0217696 secs]44.633: [CMS44.636: [CMS-concurrent-mark: 0.004/0.025 secs] [Times: user=0.17 sys=0.00, real=0.02 secs] 
 (concurrent mode failure): 6323K->6321K(6848K), 0.0197451 secs] 9073K->9073K(9920K), [Metaspace: 3748K->3748K(1056768K)], 0.0415795 secs] [Times: user=0.19 sys=0.00, real=0.04 secs] 
44.653: [GC (Allocation Failure) 44.653: [ParNew (promotion failed): 2751K->3022K(3072K), 0.0226211 secs]44.676: [CMS: 6323K->6321K(6848K), 0.0165590 secs] 9073K->9073K(9920K), [Metaspace: 3748K->3748K(1056768K)], 0.0392426 secs] [Times: user=0.18 sys=0.00, real=0.04 secs] 
44.693: [GC (CMS Initial Mark) [1 CMS-initial-mark: 6321K(6848K)] 9073K(9920K), 0.0030413 secs] [Times: user=0.01 sys=0.00, real=0.00 secs] 
44.696: [CMS-concurrent-mark-start]
44.696: [GC (Allocation Failure) 44.696: [ParNew (promotion failed): 2751K->2997K(3072K), 0.0188343 secs]44.715: [CMS44.718: [CMS-concurrent-mark: 0.003/0.022 secs] [Times: user=0.15 sys=0.01, real=0.03 secs] 
 (concurrent mode failure): 6323K->6321K(6848K), 0.0200153 secs] 9073K->9073K(9920K), [Metaspace: 3748K->3748K(1056768K)], 0.0389125 secs] [Times: user=0.16 sys=0.01, real=0.04 secs] 
44.735: [GC (Allocation Failure) 44.735: [ParNew (promotion failed): 2751K->2997K(3072K), 0.0154795 secs]44.750: [CMS: 6323K->6321K(6848K), 0.0165017 secs] 9073K->9073K(9920K), [Metaspace: 3748K->3748K(1056768K)], 0.0320668 secs] [Times: user=0.12 sys=0.00, real=0.03 secs] 
44.767: [GC (CMS Initial Mark) [1 CMS-initial-mark: 6321K(6848K)] 9073K(9920K), 0.0030735 secs] [Times: user=0.00 sys=0.00, real=0.01 secs] 
44.770: [CMS-concurrent-mark-start]
44.771: [GC (Allocation Failure) 44.771: [ParNew (promotion failed): 2751K->3022K(3072K), 0.0151500 secs]44.786: [CMS44.789: [CMS-concurrent-mark: 0.003/0.019 secs] [Times: user=0.12 sys=0.00, real=0.02 secs] 
 (concurrent mode failure): 6323K->6321K(6848K), 0.0198294 secs] 9073K->9073K(9920K), [Metaspace: 3748K->3748K(1056768K)], 0.0350470 secs] [Times: user=0.14 sys=0.00, real=0.03 secs] 
44.806: [GC (Allocation Failure) 44.806: [ParNew (promotion failed): 2751K->2997K(3072K), 0.0225745 secs]44.829: [CMS: 6323K->6321K(6848K), 0.0165647 secs] 9073K->9073K(9920K), [Metaspace: 3748K->3748K(1056768K)], 0.0392167 secs] [Times: user=0.18 sys=0.00, real=0.04 secs] 
44.846: [GC (CMS Initial Mark) [1 CMS-initial-mark: 6321K(6848K)] 9073K(9920K), 0.0030580 secs] [Times: user=0.01 sys=0.00, real=0.01 secs] 
44.849: [CMS-concurrent-mark-start]
44.849: [GC (Allocation Failure) 44.849: [ParNew (promotion failed): 2751K->2997K(3072K), 0.0219755 secs]44.871: [CMS44.875: [CMS-concurrent-mark: 0.003/0.025 secs] [Times: user=0.17 sys=0.00, real=0.02 secs] 
 (concurrent mode failure): 6323K->6321K(6848K), 0.0199665 secs] 9073K->9073K(9920K), [Metaspace: 3748K->3748K(1056768K)], 0.0420130 secs] [Times: user=0.19 sys=0.00, real=0.04 secs] 
44.892: [GC (Allocation Failure) 44.892: [ParNew (promotion failed): 2751K->3022K(3072K), 0.0186979 secs]44.911: [CMS: 6323K->6321K(6848K), 0.0167290 secs] 9073K->9073K(9920K), [Metaspace: 3748K->3748K(1056768K)], 0.0354874 secs] [Times: user=0.15 sys=0.00, real=0.03 secs] 
44.928: [GC (CMS Initial Mark) [1 CMS-initial-mark: 6321K(6848K)] 9073K(9920K), 0.0030750 secs] [Times: user=0.00 sys=0.00, real=0.01 secs] 
44.931: [CMS-concurrent-mark-start]
44.931: [GC (Allocation Failure) 44.931: [ParNew (promotion failed): 2751K->2997K(3072K), 0.0160258 secs]44.947: [CMS44.951: [CMS-concurrent-mark: 0.004/0.020 secs] [Times: user=0.12 sys=0.00, real=0.02 secs] 
 (concurrent mode failure): 6323K->6321K(6848K), 0.0205210 secs] 9073K->9073K(9920K), [Metaspace: 3748K->3748K(1056768K)], 0.0366195 secs] [Times: user=0.13 sys=0.00, real=0.04 secs] 
44.968: [GC (Allocation Failure) 44.968: [ParNew (promotion failed): 2751K->3022K(3072K), 0.0210483 secs]44.989: [CMS: 6323K->6321K(6848K), 0.0167092 secs] 9073K->9073K(9920K), [Metaspace: 3748K->3748K(1056768K)], 0.0378462 secs] [Times: user=0.16 sys=0.01, real=0.03 secs] 
45.006: [GC (CMS Initial Mark) [1 CMS-initial-mark: 6321K(6848K)] 9073K(9920K), 0.0030803 secs] [Times: user=0.01 sys=0.00, real=0.01 secs] 
45.010: [CMS-concurrent-mark-start]
45.010: [GC (Allocation Failure) 45.010: [ParNew (promotion failed): 2751K->2997K(3072K), 0.0243864 secs]45.035: [CMS45.039: [CMS-concurrent-mark: 0.004/0.029 secs] [Times: user=0.09 sys=0.00, real=0.03 secs] 
 (concurrent mode failure): 6323K->6321K(6848K), 0.0203493 secs] 9073K->9073K(9920K), [Metaspace: 3748K->3748K(1056768K)], 0.0459773 secs] [Times: user=0.11 sys=0.00, real=0.04 secs] 
45.056: [GC (Allocation Failure) 45.056: [ParNew (promotion failed): 2751K->2997K(3072K), 0.0175532 secs]45.074: [CMS: 6323K->6321K(6848K), 0.0166065 secs] 9073K->9073K(9920K), [Metaspace: 3748K->3748K(1056768K)], 0.0342314 secs] [Times: user=0.14 sys=0.00, real=0.04 secs] 
45.091: [GC (CMS Initial Mark) [1 CMS-initial-mark: 6321K(6848K)] 9073K(9920K), 0.0031472 secs] [Times: user=0.00 sys=0.00, real=0.00 secs] 
45.094: [CMS-concurrent-mark-start]
45.094: [GC (Allocation Failure) 45.094: [ParNew (promotion failed): 2751K->2997K(3072K), 0.0222602 secs]45.116: [CMS45.120: [CMS-concurrent-mark: 0.003/0.026 secs] [Times: user=0.17 sys=0.00, real=0.03 secs] 
 (concurrent mode failure): 6323K->6321K(6848K), 0.0200725 secs] 9073K->9073K(9920K), [Metaspace: 3748K->3748K(1056768K)], 0.0424088 secs] [Times: user=0.19 sys=0.00, real=0.04 secs] 
45.137: [GC (Allocation Failure) 45.137: [ParNew (promotion failed): 2751K->2997K(3072K), 0.0164627 secs]45.154: [CMS: 6323K->6321K(6848K), 0.0166949 secs] 9073K->9073K(9920K), [Metaspace: 3748K->3748K(1056768K)], 0.0332320 secs] [Times: user=0.14 sys=0.00, real=0.04 secs] 
45.171: [GC (CMS Initial Mark) [1 CMS-initial-mark: 6321K(6848K)] 9073K(9920K), 0.0030521 secs] [Times: user=0.00 sys=0.00, real=0.00 secs] 
45.174: [CMS-concurrent-mark-start]
45.174: [GC (Allocation Failure) 45.174: [ParNew (promotion failed): 2751K->2997K(3072K), 0.0153212 secs]45.190: [CMS45.193: [CMS-concurrent-mark: 0.003/0.019 secs] [Times: user=0.13 sys=0.00, real=0.02 secs] 
 (concurrent mode failure): 6323K->6321K(6848K), 0.0195400 secs] 9073K->9073K(9920K), [Metaspace: 3748K->3748K(1056768K)], 0.0349357 secs] [Times: user=0.13 sys=0.00, real=0.04 secs] 
45.210: [GC (Allocation Failure) 45.210: [ParNew (promotion failed): 2751K->2997K(3072K), 0.0222102 secs]45.232: [CMS: 6323K->6321K(6848K), 0.0166197 secs] 9073K->9073K(9920K), [Metaspace: 3748K->3748K(1056768K)], 0.0388958 secs] [Times: user=0.18 sys=0.00, real=0.04 secs] 
45.249: [GC (CMS Initial Mark) [1 CMS-initial-mark: 6321K(6848K)] 9073K(9920K), 0.0030445 secs] [Times: user=0.00 sys=0.00, real=0.00 secs] 
45.252: [CMS-concurrent-mark-start]
45.252: [GC (Allocation Failure) 45.252: [ParNew (promotion failed): 2751K->2997K(3072K), 0.0164861 secs]45.269: [CMS45.272: [CMS-concurrent-mark: 0.003/0.020 secs] [Times: user=0.14 sys=0.00, real=0.02 secs] 
 (concurrent mode failure): 6323K->6321K(6848K), 0.0201615 secs] 9073K->9073K(9920K), [Metaspace: 3748K->3748K(1056768K)], 0.0367096 secs] [Times: user=0.15 sys=0.00, real=0.04 secs] 
45.289: [GC (Allocation Failure) 45.289: [ParNew (promotion failed): 2751K->3022K(3072K), 0.0145038 secs]45.304: [CMS: 6323K->6321K(6848K), 0.0165745 secs] 9073K->9073K(9920K), [Metaspace: 3748K->3748K(1056768K)], 0.0311464 secs] [Times: user=0.12 sys=0.00, real=0.03 secs] 
45.321: [GC (CMS Initial Mark) [1 CMS-initial-mark: 6321K(6848K)] 9073K(9920K), 0.0030725 secs] [Times: user=0.01 sys=0.00, real=0.00 secs] 
45.324: [CMS-concurrent-mark-start]
45.324: [GC (Allocation Failure) 45.324: [ParNew (promotion failed): 2751K->3022K(3072K), 0.0155208 secs]45.340: [CMS45.343: [CMS-concurrent-mark: 0.004/0.019 secs] [Times: user=0.11 sys=0.01, real=0.02 secs] 
 (concurrent mode failure): 6323K->6321K(6848K), 0.0201797 secs] 9073K->9073K(9920K), [Metaspace: 3748K->3748K(1056768K)], 0.0357706 secs] [Times: user=0.13 sys=0.01, real=0.04 secs] 
45.360: [GC (Allocation Failure) 45.360: [ParNew (promotion failed): 2751K->3022K(3072K), 0.0147905 secs]45.375: [CMS: 6323K->6321K(6848K), 0.0172721 secs] 9073K->9073K(9920K), [Metaspace: 3748K->3748K(1056768K)], 0.0321377 secs] [Times: user=0.12 sys=0.00, real=0.03 secs] 
45.393: [GC (CMS Initial Mark) [1 CMS-initial-mark: 6321K(6848K)] 9073K(9920K), 0.0031199 secs] [Times: user=0.00 sys=0.00, real=0.00 secs] 
45.396: [CMS-concurrent-mark-start]
45.396: [GC (Allocation Failure) 45.396: [ParNew (promotion failed): 2751K->2997K(3072K), 0.0149778 secs]45.411: [CMS45.415: [CMS-concurrent-mark: 0.004/0.019 secs] [Times: user=0.12 sys=0.00, real=0.02 secs] 
 (concurrent mode failure): 6323K->6321K(6848K), 0.0201849 secs] 9073K->9073K(9920K), [Metaspace: 3748K->3748K(1056768K)], 0.0352371 secs] [Times: user=0.13 sys=0.00, real=0.04 secs] 
45.432: [GC (Allocation Failure) 45.432: [ParNew (promotion failed): 2751K->2997K(3072K), 0.0150577 secs]45.448: [CMS: 6323K->6321K(6848K), 0.0167417 secs] 9073K->9073K(9920K), [Metaspace: 3748K->3748K(1056768K)], 0.0318717 secs] [Times: user=0.12 sys=0.00, real=0.03 secs] 
45.465: [GC (CMS Initial Mark) [1 CMS-initial-mark: 6321K(6848K)] 9073K(9920K), 0.0030949 secs] [Times: user=0.01 sys=0.00, real=0.00 secs] 
45.468: [CMS-concurrent-mark-start]
45.468: [GC (Allocation Failure) 45.468: [ParNew (promotion failed): 2751K->3022K(3072K), 0.0178781 secs]45.486: [CMS45.489: [CMS-concurrent-mark: 0.004/0.022 secs] [Times: user=0.13 sys=0.00, real=0.03 secs] 
 (concurrent mode failure): 6323K->6321K(6848K), 0.0200471 secs] 9073K->9073K(9920K), [Metaspace: 3748K->3748K(1056768K)], 0.0379992 secs] [Times: user=0.14 sys=0.00, real=0.03 secs] 
45.507: [GC (Allocation Failure) 45.507: [ParNew (promotion failed): 2751K->2997K(3072K), 0.0168530 secs]45.523: [CMS: 6323K->6321K(6848K), 0.0172693 secs] 9073K->9073K(9920K), [Metaspace: 3748K->3748K(1056768K)], 0.0342029 secs] [Times: user=0.13 sys=0.00, real=0.04 secs] 
45.541: [GC (CMS Initial Mark) [1 CMS-initial-mark: 6321K(6848K)] 9073K(9920K), 0.0030618 secs] [Times: user=0.00 sys=0.00, real=0.00 secs] 
45.544: [CMS-concurrent-mark-start]
45.544: [GC (Allocation Failure) 45.544: [ParNew (promotion failed): 2751K->2997K(3072K), 0.0158139 secs]45.560: [CMS45.564: [CMS-concurrent-mark: 0.004/0.019 secs] [Times: user=0.11 sys=0.01, real=0.02 secs] 
 (concurrent mode failure): 6323K->6321K(6848K), 0.0201892 secs] 9073K->9073K(9920K), [Metaspace: 3748K->3748K(1056768K)], 0.0360694 secs] [Times: user=0.13 sys=0.01, real=0.04 secs] 
45.581: [GC (Allocation Failure) 45.581: [ParNew (promotion failed): 2751K->3022K(3072K), 0.0149779 secs]45.596: [CMS: 6323K->6321K(6848K), 0.0167339 secs] 9073K->9073K(9920K), [Metaspace: 3748K->3748K(1056768K)], 0.0317914 secs] [Times: user=0.12 sys=0.00, real=0.03 secs] 
45.613: [GC (CMS Initial Mark) [1 CMS-initial-mark: 6321K(6848K)] 9073K(9920K), 0.0030681 secs] [Times: user=0.00 sys=0.00, real=0.00 secs] 
45.616: [CMS-concurrent-mark-start]
45.616: [GC (Allocation Failure) 45.616: [ParNew (promotion failed): 2751K->2997K(3072K), 0.0144357 secs]45.631: [CMS45.634: [CMS-concurrent-mark: 0.003/0.018 secs] [Times: user=0.10 sys=0.00, real=0.02 secs] 
 (concurrent mode failure): 6323K->6321K(6848K), 0.0205483 secs] 9073K->9073K(9920K), [Metaspace: 3748K->3748K(1056768K)], 0.0350550 secs] [Times: user=0.11 sys=0.00, real=0.04 secs] 
45.652: [GC (Allocation Failure) 45.652: [ParNew (promotion failed): 2751K->3046K(3072K), 0.0167678 secs]45.669: [CMS: 6323K->6321K(6848K), 0.0174192 secs] 9073K->9073K(9920K), [Metaspace: 3748K->3748K(1056768K)], 0.0342784 secs] [Times: user=0.12 sys=0.00, real=0.03 secs] 
45.687: [GC (CMS Initial Mark) [1 CMS-initial-mark: 6321K(6848K)] 9073K(9920K), 0.0031234 secs] [Times: user=0.01 sys=0.00, real=0.01 secs] 
45.690: [CMS-concurrent-mark-start]
45.691: [GC (Allocation Failure) 45.691: [ParNew (promotion failed): 2751K->2997K(3072K), 0.0126092 secs]45.703: [CMS45.707: [CMS-concurrent-mark: 0.004/0.017 secs] [Times: user=0.07 sys=0.00, real=0.01 secs] 
 (concurrent mode failure): 6323K->6321K(6848K), 0.0216306 secs] 9073K->9073K(9920K), [Metaspace: 3748K->3748K(1056768K)], 0.0343331 secs] [Times: user=0.08 sys=0.00, real=0.03 secs] 
45.725: [GC (Allocation Failure) 45.725: [ParNew (promotion failed): 2751K->2997K(3072K), 0.0196540 secs]45.745: [CMS: 6323K->6321K(6848K), 0.0170411 secs] 9073K->9073K(9920K), [Metaspace: 3748K->3748K(1056768K)], 0.0367707 secs] [Times: user=0.15 sys=0.00, real=0.04 secs] 
45.763: [GC (CMS Initial Mark) [1 CMS-initial-mark: 6321K(6848K)] 9073K(9920K), 0.0031379 secs] [Times: user=0.00 sys=0.00, real=0.00 secs] 
45.766: [CMS-concurrent-mark-start]
45.766: [GC (Allocation Failure) 45.766: [ParNew (promotion failed): 2751K->3022K(3072K), 0.0149987 secs]45.781: [CMS45.784: [CMS-concurrent-mark: 0.004/0.019 secs] [Times: user=0.10 sys=0.01, real=0.02 secs] 
 (concurrent mode failure): 6323K->6321K(6848K), 0.0210555 secs] 9073K->9073K(9920K), [Metaspace: 3748K->3748K(1056768K)], 0.0361295 secs] [Times: user=0.12 sys=0.01, real=0.04 secs] 
45.802: [GC (Allocation Failure) 45.802: [ParNew (promotion failed): 2751K->3022K(3072K), 0.0166800 secs]45.819: [CMS: 6323K->6321K(6848K), 0.0171782 secs] 9073K->9073K(9920K), [Metaspace: 3748K->3748K(1056768K)], 0.0339435 secs] [Times: user=0.13 sys=0.00, real=0.03 secs] 
45.836: [GC (CMS Initial Mark) [1 CMS-initial-mark: 6321K(6848K)] 9073K(9920K), 0.0030655 secs] [Times: user=0.00 sys=0.00, real=0.01 secs] 
45.840: [CMS-concurrent-mark-start]
45.840: [GC (Allocation Failure) 45.840: [ParNew (promotion failed): 2751K->3022K(3072K), 0.0201737 secs]45.860: [CMS45.863: [CMS-concurrent-mark: 0.004/0.024 secs] [Times: user=0.15 sys=0.00, real=0.02 secs] 
 (concurrent mode failure): 6323K->6321K(6848K), 0.0200625 secs] 9073K->9073K(9920K), [Metaspace: 3748K->3748K(1056768K)], 0.0403165 secs] [Times: user=0.16 sys=0.00, real=0.04 secs] 
45.880: [GC (Allocation Failure) 45.881: [ParNew (promotion failed): 2751K->2997K(3072K), 0.0162626 secs]45.897: [CMS: 6323K->6321K(6848K), 0.0169328 secs] 9073K->9073K(9920K), [Metaspace: 3748K->3748K(1056768K)], 0.0332669 secs] [Times: user=0.12 sys=0.00, real=0.03 secs] 
45.915: [GC (CMS Initial Mark) [1 CMS-initial-mark: 6321K(6848K)] 9073K(9920K), 0.0030647 secs] [Times: user=0.01 sys=0.00, real=0.00 secs] 
45.918: [CMS-concurrent-mark-start]
45.918: [GC (Allocation Failure) 45.918: [ParNew (promotion failed): 2751K->3022K(3072K), 0.0170961 secs]45.935: [CMS45.938: [CMS-concurrent-mark: 0.003/0.021 secs] [Times: user=0.12 sys=0.00, real=0.03 secs] 
 (concurrent mode failure): 6323K->6321K(6848K), 0.0202665 secs] 9073K->9073K(9920K), [Metaspace: 3748K->3748K(1056768K)], 0.0374325 secs] [Times: user=0.13 sys=0.00, real=0.04 secs] 
45.956: [GC (Allocation Failure) 45.956: [ParNew (promotion failed): 2751K->2997K(3072K), 0.0192620 secs]45.975: [CMS: 6323K->6321K(6848K), 0.0170326 secs] 9073K->9073K(9920K), [Metaspace: 3748K->3748K(1056768K)], 0.0363738 secs] [Times: user=0.14 sys=0.00, real=0.04 secs] 
45.993: [GC (CMS Initial Mark) [1 CMS-initial-mark: 6321K(6848K)] 9073K(9920K), 0.0031806 secs] [Times: user=0.00 sys=0.00, real=0.00 secs] 
45.996: [CMS-concurrent-mark-start]
45.997: [GC (Allocation Failure) 45.997: [ParNew (promotion failed): 2751K->2997K(3072K), 0.0206541 secs]46.017: [CMS46.021: [CMS-concurrent-mark: 0.004/0.025 secs] [Times: user=0.15 sys=0.01, real=0.03 secs] 
 (concurrent mode failure): 6323K->6321K(6848K), 0.0205625 secs] 9073K->9073K(9920K), [Metaspace: 3748K->3748K(1056768K)], 0.0413079 secs] [Times: user=0.17 sys=0.01, real=0.05 secs] 
46.038: [GC (Allocation Failure) 46.038: [ParNew (promotion failed): 2751K->3046K(3072K), 0.0166020 secs]46.055: [CMS: 6323K->6321K(6848K), 0.0169478 secs] 9073K->9073K(9920K), [Metaspace: 3748K->3748K(1056768K)], 0.0336255 secs] [Times: user=0.12 sys=0.00, real=0.03 secs] 
46.072: [GC (CMS Initial Mark) [1 CMS-initial-mark: 6321K(6848K)] 9073K(9920K), 0.0031048 secs] [Times: user=0.01 sys=0.00, real=0.00 secs] 
46.075: [CMS-concurrent-mark-start]
46.075: [GC (Allocation Failure) 46.075: [ParNew (promotion failed): 2751K->2997K(3072K), 0.0139957 secs]46.089: [CMS46.093: [CMS-concurrent-mark: 0.003/0.018 secs] [Times: user=0.10 sys=0.00, real=0.02 secs] 
 (concurrent mode failure): 6323K->6321K(6848K), 0.0200659 secs] 9073K->9073K(9920K), [Metaspace: 3748K->3748K(1056768K)], 0.0341313 secs] [Times: user=0.11 sys=0.00, real=0.04 secs] 
46.110: [GC (Allocation Failure) 46.110: [ParNew (promotion failed): 2751K->2997K(3072K), 0.0139913 secs]46.124: [CMS: 6323K->6321K(6848K), 0.0166237 secs] 9073K->9073K(9920K), [Metaspace: 3748K->3748K(1056768K)], 0.0306930 secs] [Times: user=0.12 sys=0.00, real=0.03 secs] 
46.141: [GC (CMS Initial Mark) [1 CMS-initial-mark: 6321K(6848K)] 9073K(9920K), 0.0031160 secs] [Times: user=0.00 sys=0.00, real=0.00 secs] 
46.144: [CMS-concurrent-mark-start]
46.144: [GC (Allocation Failure) 46.144: [ParNew (promotion failed): 2751K->2997K(3072K), 0.0198050 secs]46.164: [CMS46.168: [CMS-concurrent-mark: 0.004/0.023 secs] [Times: user=0.16 sys=0.00, real=0.02 secs] 
 (concurrent mode failure): 6323K->6321K(6848K), 0.0203115 secs] 9073K->9073K(9920K), [Metaspace: 3748K->3748K(1056768K)], 0.0401993 secs] [Times: user=0.17 sys=0.00, real=0.04 secs] 
46.185: [GC (Allocation Failure) 46.185: [ParNew (promotion failed): 2751K->2997K(3072K), 0.0227515 secs]46.208: [CMS: 6324K->6321K(6848K), 0.0166344 secs] 9073K->9073K(9920K), [Metaspace: 3748K->3748K(1056768K)], 0.0394461 secs] [Times: user=0.19 sys=0.00, real=0.04 secs] 
46.225: [GC (CMS Initial Mark) [1 CMS-initial-mark: 6321K(6848K)] 9073K(9920K), 0.0030435 secs] [Times: user=0.00 sys=0.00, real=0.01 secs] 
46.228: [CMS-concurrent-mark-start]
46.229: [GC (Allocation Failure) 46.229: [ParNew (promotion failed): 2751K->3022K(3072K), 0.0165159 secs]46.245: [CMS46.248: [CMS-concurrent-mark: 0.004/0.020 secs] [Times: user=0.13 sys=0.00, real=0.02 secs] 
 (concurrent mode failure): 6324K->6321K(6848K), 0.0196538 secs] 9073K->9073K(9920K), [Metaspace: 3748K->3748K(1056768K)], 0.0362440 secs] [Times: user=0.15 sys=0.00, real=0.03 secs] 
46.266: [GC (Allocation Failure) 46.266: [ParNew (promotion failed): 2751K->2997K(3072K), 0.0148223 secs]46.281: [CMS: 6323K->6321K(6848K), 0.0168010 secs] 9073K->9073K(9920K), [Metaspace: 3748K->3748K(1056768K)], 0.0316987 secs] [Times: user=0.12 sys=0.01, real=0.03 secs] 
46.298: [GC (CMS Initial Mark) [1 CMS-initial-mark: 6321K(6848K)] 9073K(9920K), 0.0030667 secs] [Times: user=0.00 sys=0.00, real=0.01 secs] 
46.301: [CMS-concurrent-mark-start]
46.301: [GC (Allocation Failure) 46.301: [ParNew (promotion failed): 2751K->2997K(3072K), 0.0162432 secs]46.317: [CMS46.321: [CMS-concurrent-mark: 0.004/0.020 secs] [Times: user=0.12 sys=0.00, real=0.02 secs] 
 (concurrent mode failure): 6323K->6321K(6848K), 0.0201160 secs] 9073K->9073K(9920K), [Metaspace: 3748K->3748K(1056768K)], 0.0364278 secs] [Times: user=0.14 sys=0.00, real=0.03 secs] 
46.338: [GC (Allocation Failure) 46.338: [ParNew (promotion failed): 2751K->2997K(3072K), 0.0200401 secs]46.358: [CMS: 6323K->6321K(6848K), 0.0179884 secs] 9073K->9073K(9920K), [Metaspace: 3748K->3748K(1056768K)], 0.0381053 secs] [Times: user=0.14 sys=0.00, real=0.04 secs] 
46.376: [GC (CMS Initial Mark) [1 CMS-initial-mark: 6321K(6848K)] 9073K(9920K), 0.0031970 secs] [Times: user=0.00 sys=0.00, real=0.01 secs] 
46.379: [CMS-concurrent-mark-start]
46.380: [GC (Allocation Failure) 46.380: [ParNew (promotion failed): 2751K->2997K(3072K), 0.0157167 secs]46.395: [CMS46.399: [CMS-concurrent-mark: 0.004/0.020 secs] [Times: user=0.11 sys=0.00, real=0.02 secs] 
 (concurrent mode failure): 6323K->6321K(6848K), 0.0219464 secs] 9073K->9073K(9920K), [Metaspace: 3748K->3748K(1056768K)], 0.0377571 secs] [Times: user=0.13 sys=0.00, real=0.03 secs] 
46.418: [GC (Allocation Failure) 46.418: [ParNew (promotion failed): 2751K->3022K(3072K), 0.0205048 secs]46.438: [CMS: 6324K->6321K(6848K), 0.0176834 secs] 9073K->9073K(9920K), [Metaspace: 3748K->3748K(1056768K)], 0.0382742 secs] [Times: user=0.15 sys=0.00, real=0.04 secs] 
46.457: [GC (CMS Initial Mark) [1 CMS-initial-mark: 6321K(6848K)] 9073K(9920K), 0.0031517 secs] [Times: user=0.00 sys=0.00, real=0.01 secs] 
46.460: [CMS-concurrent-mark-start]
46.460: [GC (Allocation Failure) 46.460: [ParNew (promotion failed): 2751K->2997K(3072K), 0.0134835 secs]46.474: [CMS46.477: [CMS-concurrent-mark: 0.003/0.017 secs] [Times: user=0.10 sys=0.00, real=0.01 secs] 
 (concurrent mode failure): 6324K->6321K(6848K), 0.0201869 secs] 9073K->9073K(9920K), [Metaspace: 3748K->3748K(1056768K)], 0.0337377 secs] [Times: user=0.12 sys=0.00, real=0.03 secs] 
46.495: [GC (Allocation Failure) 46.495: [ParNew (promotion failed): 2751K->2997K(3072K), 0.0167018 secs]46.511: [CMS: 6324K->6321K(6848K), 0.0166192 secs] 9073K->9073K(9920K), [Metaspace: 3748K->3748K(1056768K)], 0.0333867 secs] [Times: user=0.14 sys=0.01, real=0.04 secs] 
46.529: [GC (CMS Initial Mark) [1 CMS-initial-mark: 6321K(6848K)] 9073K(9920K), 0.0031865 secs] [Times: user=0.00 sys=0.00, real=0.00 secs] 
46.532: [CMS-concurrent-mark-start]
46.532: [GC (Allocation Failure) 46.532: [ParNew (promotion failed): 2751K->3022K(3072K), 0.0200178 secs]46.552: [CMS46.555: [CMS-concurrent-mark: 0.004/0.024 secs] [Times: user=0.16 sys=0.00, real=0.02 secs] 
 (concurrent mode failure): 6323K->6321K(6848K), 0.0199979 secs] 9073K->9073K(9920K), [Metaspace: 3748K->3748K(1056768K)], 0.0400901 secs] [Times: user=0.17 sys=0.00, real=0.04 secs] 
46.573: [GC (Allocation Failure) 46.573: [ParNew (promotion failed): 2751K->3022K(3072K), 0.0176446 secs]46.590: [CMS: 6323K->6321K(6848K), 0.0167879 secs] 9073K->9073K(9920K), [Metaspace: 3748K->3748K(1056768K)], 0.0345087 secs] [Times: user=0.14 sys=0.00, real=0.03 secs] 
46.607: [GC (CMS Initial Mark) [1 CMS-initial-mark: 6321K(6848K)] 9073K(9920K), 0.0030420 secs] [Times: user=0.01 sys=0.00, real=0.01 secs] 
46.610: [CMS-concurrent-mark-start]
46.610: [GC (Allocation Failure) 46.610: [ParNew (promotion failed): 2751K->2997K(3072K), 0.0186376 secs]46.629: [CMS46.633: [CMS-concurrent-mark: 0.003/0.022 secs] [Times: user=0.13 sys=0.00, real=0.02 secs] 
 (concurrent mode failure): 6323K->6321K(6848K), 0.0209114 secs] 9073K->9073K(9920K), [Metaspace: 3748K->3748K(1056768K)], 0.0396221 secs] [Times: user=0.14 sys=0.00, real=0.04 secs] 
46.651: [GC (Allocation Failure) 46.651: [ParNew (promotion failed): 2751K->3022K(3072K), 0.0157325 secs]46.666: [CMS: 6324K->6321K(6848K), 0.0182886 secs] 9073K->9073K(9920K), [Metaspace: 3748K->3748K(1056768K)], 0.0341115 secs] [Times: user=0.12 sys=0.00, real=0.03 secs] 
46.685: [GC (CMS Initial Mark) [1 CMS-initial-mark: 6321K(6848K)] 9073K(9920K), 0.0031632 secs] [Times: user=0.00 sys=0.00, real=0.01 secs] 
46.688: [CMS-concurrent-mark-start]
46.688: [GC (Allocation Failure) 46.688: [ParNew (promotion failed): 2751K->3022K(3072K), 0.0148585 secs]46.703: [CMS46.707: [CMS-concurrent-mark: 0.004/0.019 secs] [Times: user=0.09 sys=0.00, real=0.01 secs] 
 (concurrent mode failure): 6324K->6321K(6848K), 0.0214500 secs] 9073K->9073K(9920K), [Metaspace: 3748K->3748K(1056768K)], 0.0364022 secs] [Times: user=0.11 sys=0.00, real=0.03 secs] 
46.726: [GC (Allocation Failure) 46.726: [ParNew (promotion failed): 2751K->2997K(3072K), 0.0184743 secs]46.744: [CMS: 6324K->6321K(6848K), 0.0172770 secs] 9074K->9073K(9920K), [Metaspace: 3748K->3748K(1056768K)], 0.0358545 secs] [Times: user=0.15 sys=0.01, real=0.04 secs] 
46.762: [GC (CMS Initial Mark) [1 CMS-initial-mark: 6322K(6848K)] 9074K(9920K), 0.0030495 secs] [Times: user=0.00 sys=0.00, real=0.00 secs] 
46.765: [CMS-concurrent-mark-start]
46.766: [GC (Allocation Failure) 46.766: [ParNew (promotion failed): 2751K->3022K(3072K), 0.0180223 secs]46.784: [CMS46.787: [CMS-concurrent-mark: 0.004/0.022 secs] [Times: user=0.12 sys=0.00, real=0.02 secs] 
 (concurrent mode failure): 6324K->6321K(6848K), 0.0198926 secs] 9074K->9073K(9920K), [Metaspace: 3748K->3748K(1056768K)], 0.0379952 secs] [Times: user=0.14 sys=0.00, real=0.04 secs] 
46.804: [GC (Allocation Failure) 46.804: [ParNew (promotion failed): 2751K->3022K(3072K), 0.0163760 secs]46.821: [CMS: 6323K->6321K(6848K), 0.0169313 secs] 9073K->9073K(9920K), [Metaspace: 3748K->3748K(1056768K)], 0.0333820 secs] [Times: user=0.13 sys=0.00, real=0.03 secs] 
46.838: [GC (CMS Initial Mark) [1 CMS-initial-mark: 6321K(6848K)] 9073K(9920K), 0.0030502 secs] [Times: user=0.01 sys=0.00, real=0.00 secs] 
46.841: [CMS-concurrent-mark-start]
46.841: [GC (Allocation Failure) 46.841: [ParNew (promotion failed): 2751K->3022K(3072K), 0.0147465 secs]46.856: [CMS46.859: [CMS-concurrent-mark: 0.004/0.018 secs] [Times: user=0.10 sys=0.00, real=0.02 secs] 
 (concurrent mode failure): 6323K->6321K(6848K), 0.0201605 secs] 9073K->9073K(9920K), [Metaspace: 3748K->3748K(1056768K)], 0.0349843 secs] [Times: user=0.12 sys=0.00, real=0.03 secs] 
46.876: [GC (Allocation Failure) 46.876: [ParNew (promotion failed): 2751K->3022K(3072K), 0.0147243 secs]46.891: [CMS: 6323K->6321K(6848K), 0.0165738 secs] 9073K->9073K(9920K), [Metaspace: 3748K->3748K(1056768K)], 0.0313660 secs] [Times: user=0.13 sys=0.00, real=0.03 secs] 
46.908: [GC (CMS Initial Mark) [1 CMS-initial-mark: 6321K(6848K)] 9073K(9920K), 0.0030686 secs] [Times: user=0.00 sys=0.00, real=0.00 secs] 
46.911: [CMS-concurrent-mark-start]
46.911: [GC (Allocation Failure) 46.911: [ParNew (promotion failed): 2751K->2997K(3072K), 0.0153945 secs]46.927: [CMS46.930: [CMS-concurrent-mark: 0.004/0.019 secs] [Times: user=0.11 sys=0.00, real=0.02 secs] 
 (concurrent mode failure): 6324K->6321K(6848K), 0.0200589 secs] 9073K->9073K(9920K), [Metaspace: 3748K->3748K(1056768K)], 0.0355180 secs] [Times: user=0.13 sys=0.00, real=0.03 secs] 
46.947: [GC (Allocation Failure) 46.947: [ParNew (promotion failed): 2751K->2997K(3072K), 0.0140307 secs]46.961: [CMS: 6324K->6321K(6848K), 0.0170647 secs] 9074K->9073K(9920K), [Metaspace: 3748K->3748K(1056768K)], 0.0311737 secs] [Times: user=0.10 sys=0.00, real=0.04 secs] 
46.979: [GC (CMS Initial Mark) [1 CMS-initial-mark: 6322K(6848K)] 9074K(9920K), 0.0031682 secs] [Times: user=0.01 sys=0.00, real=0.00 secs] 
46.983: [CMS-concurrent-mark-start]
46.983: [GC (Allocation Failure) 46.983: [ParNew (promotion failed): 2751K->2997K(3072K), 0.0143863 secs]46.997: [CMS47.001: [CMS-concurrent-mark: 0.003/0.018 secs] [Times: user=0.11 sys=0.01, real=0.02 secs] 
 (concurrent mode failure): 6324K->6321K(6848K), 0.0199020 secs] 9074K->9073K(9920K), [Metaspace: 3748K->3748K(1056768K)], 0.0343617 secs] [Times: user=0.12 sys=0.01, real=0.03 secs] 
47.018: [GC (Allocation Failure) 47.018: [ParNew (promotion failed): 2751K->3022K(3072K), 0.0163117 secs]47.034: [CMS: 6324K->6321K(6848K), 0.0166832 secs] 9074K->9073K(9920K), [Metaspace: 3748K->3748K(1056768K)], 0.0330635 secs] [Times: user=0.14 sys=0.00, real=0.04 secs] 
47.051: [GC (CMS Initial Mark) [1 CMS-initial-mark: 6321K(6848K)] 9073K(9920K), 0.0030562 secs] [Times: user=0.01 sys=0.00, real=0.00 secs] 
47.054: [CMS-concurrent-mark-start]
47.055: [GC (Allocation Failure) 47.055: [ParNew (promotion failed): 2751K->3022K(3072K), 0.0141564 secs]47.069: [CMS47.072: [CMS-concurrent-mark: 0.004/0.018 secs] [Times: user=0.11 sys=0.00, real=0.02 secs] 
 (concurrent mode failure): 6324K->6321K(6848K), 0.0198871 secs] 9073K->9073K(9920K), [Metaspace: 3748K->3748K(1056768K)], 0.0341166 secs] [Times: user=0.12 sys=0.00, real=0.04 secs] 
47.089: [GC (Allocation Failure) 47.089: [ParNew (promotion failed): 2751K->2997K(3072K), 0.0144580 secs]47.104: [CMS: 6323K->6321K(6848K), 0.0167874 secs] 9073K->9073K(9920K), [Metaspace: 3748K->3748K(1056768K)], 0.0313155 secs] [Times: user=0.12 sys=0.00, real=0.03 secs] 
47.121: [GC (CMS Initial Mark) [1 CMS-initial-mark: 6321K(6848K)] 9073K(9920K), 0.0030790 secs] [Times: user=0.00 sys=0.00, real=0.00 secs] 
47.124: [CMS-concurrent-mark-start]
47.124: [GC (Allocation Failure) 47.124: [ParNew (promotion failed): 2751K->3046K(3072K), 0.0231053 secs]47.147: [CMS47.151: [CMS-concurrent-mark: 0.003/0.027 secs] [Times: user=0.19 sys=0.00, real=0.03 secs] 
 (concurrent mode failure): 6324K->6321K(6848K), 0.0199626 secs] 9073K->9073K(9920K), [Metaspace: 3748K->3748K(1056768K)], 0.0431292 secs] [Times: user=0.20 sys=0.00, real=0.04 secs] 
47.168: [GC (Allocation Failure) 47.168: [ParNew (promotion failed): 2751K->3022K(3072K), 0.0188908 secs]47.186: [CMS: 6324K->6322K(6848K), 0.0164800 secs] 9074K->9074K(9920K), [Metaspace: 3748K->3748K(1056768K)], 0.0354351 secs] [Times: user=0.16 sys=0.00, real=0.04 secs] 
47.203: [GC (CMS Initial Mark) [1 CMS-initial-mark: 6322K(6848K)] 9074K(9920K), 0.0030620 secs] [Times: user=0.01 sys=0.00, real=0.00 secs] 
47.206: [CMS-concurrent-mark-start]
47.207: [GC (Allocation Failure) 47.207: [ParNew (promotion failed): 2751K->2997K(3072K), 0.0217428 secs]47.228: [CMS47.232: [CMS-concurrent-mark: 0.004/0.025 secs] [Times: user=0.16 sys=0.00, real=0.03 secs] 
 (concurrent mode failure): 6324K->6322K(6848K), 0.0202303 secs] 9074K->9074K(9920K), [Metaspace: 3748K->3748K(1056768K)], 0.0420289 secs] [Times: user=0.18 sys=0.00, real=0.05 secs] 
47.249: [GC (Allocation Failure) 47.249: [ParNew (promotion failed): 2751K->2997K(3072K), 0.0162647 secs]47.266: [CMS: 6324K->6322K(6848K), 0.0165280 secs] 9074K->9074K(9920K), [Metaspace: 3748K->3748K(1056768K)], 0.0328737 secs] [Times: user=0.14 sys=0.00, real=0.03 secs] 
47.283: [GC (CMS Initial Mark) [1 CMS-initial-mark: 6322K(6848K)] 9074K(9920K), 0.0030580 secs] [Times: user=0.00 sys=0.00, real=0.00 secs] 
47.286: [CMS-concurrent-mark-start]
47.286: [GC (Allocation Failure) 47.286: [ParNew (promotion failed): 2751K->3022K(3072K), 0.0175406 secs]47.304: [CMS47.307: [CMS-concurrent-mark: 0.004/0.021 secs] [Times: user=0.14 sys=0.00, real=0.02 secs] 
 (concurrent mode failure): 6324K->6321K(6848K), 0.0197922 secs] 9074K->9073K(9920K), [Metaspace: 3748K->3748K(1056768K)], 0.0374025 secs] [Times: user=0.16 sys=0.00, real=0.04 secs] 
47.324: [GC (Allocation Failure) 47.324: [ParNew (promotion failed): 2751K->2972K(3072K), 0.0164995 secs]47.341: [CMS: 6324K->6321K(6848K), 0.0188770 secs] 9073K->9073K(9920K), [Metaspace: 3748K->3748K(1056768K)], 0.0354689 secs] [Times: user=0.04 sys=0.01, real=0.04 secs] 
47.360: [GC (CMS Initial Mark) [1 CMS-initial-mark: 6321K(6848K)] 9073K(9920K), 0.0031705 secs] [Times: user=0.01 sys=0.00, real=0.00 secs] 
47.363: [CMS-concurrent-mark-start]
47.363: [GC (Allocation Failure) 47.363: [ParNew (promotion failed): 2751K->3022K(3072K), 0.0206924 secs]47.384: [CMS47.389: [CMS-concurrent-mark: 0.005/0.026 secs] [Times: user=0.06 sys=0.00, real=0.03 secs] 
 (concurrent mode failure): 6324K->6321K(6848K), 0.0257811 secs] 9073K->9073K(9920K), [Metaspace: 3748K->3748K(1056768K)], 0.0465955 secs] [Times: user=0.08 sys=0.00, real=0.05 secs] 
47.410: [GC (Allocation Failure) 47.410: [ParNew (promotion failed): 2751K->3022K(3072K), 0.0149628 secs]47.425: [CMS: 6324K->6321K(6848K), 0.0205988 secs] 9073K->9073K(9920K), [Metaspace: 3748K->3748K(1056768K)], 0.0356882 secs] [Times: user=0.10 sys=0.00, real=0.03 secs] 
47.447: [GC (CMS Initial Mark) [1 CMS-initial-mark: 6322K(6848K)] 9074K(9920K), 0.0034088 secs] [Times: user=0.01 sys=0.00, real=0.01 secs] 
47.450: [CMS-concurrent-mark-start]
47.451: [GC (Allocation Failure) 47.451: [ParNew (promotion failed): 2751K->2997K(3072K), 0.0207814 secs]47.472: [CMS47.476: [CMS-concurrent-mark: 0.004/0.026 secs] [Times: user=0.13 sys=0.00, real=0.02 secs] 
 (concurrent mode failure): 6324K->6322K(6848K), 0.0242508 secs] 9074K->9074K(9920K), [Metaspace: 3748K->3748K(1056768K)], 0.0451540 secs] [Times: user=0.15 sys=0.00, real=0.04 secs] 
47.497: [GC (Allocation Failure) 47.497: [ParNew (promotion failed): 2751K->3022K(3072K), 0.0159801 secs]47.513: [CMS: 6324K->6322K(6848K), 0.0192897 secs] 9074K->9074K(9920K), [Metaspace: 3748K->3748K(1056768K)], 0.0353702 secs] [Times: user=0.11 sys=0.01, real=0.04 secs] 
47.533: [GC (CMS Initial Mark) [1 CMS-initial-mark: 6322K(6848K)] 9074K(9920K), 0.0033087 secs] [Times: user=0.01 sys=0.00, real=0.00 secs] 
47.536: [CMS-concurrent-mark-start]
47.536: [GC (Allocation Failure) 47.536: [ParNew (promotion failed): 2751K->3022K(3072K), 0.0141598 secs]47.550: [CMS47.555: [CMS-concurrent-mark: 0.004/0.019 secs] [Times: user=0.08 sys=0.00, real=0.02 secs] 
 (concurrent mode failure): 6324K->6322K(6848K), 0.0251297 secs] 9074K->9074K(9920K), [Metaspace: 3748K->3748K(1056768K)], 0.0393898 secs] [Times: user=0.10 sys=0.00, real=0.04 secs] 
47.577: [GC (Allocation Failure) 47.577: [ParNew (promotion failed): 2751K->2997K(3072K), 0.0173386 secs]47.594: [CMS: 6324K->6321K(6848K), 0.0189486 secs] 9074K->9073K(9920K), [Metaspace: 3748K->3748K(1056768K)], 0.0363968 secs] [Times: user=0.13 sys=0.00, real=0.04 secs] 
47.614: [GC (CMS Initial Mark) [1 CMS-initial-mark: 6322K(6848K)] 9074K(9920K), 0.0033392 secs] [Times: user=0.00 sys=0.00, real=0.00 secs] 
47.617: [CMS-concurrent-mark-start]
47.617: [GC (Allocation Failure) 47.617: [ParNew (promotion failed): 2751K->2972K(3072K), 0.0111174 secs]47.629: [CMS47.632: [CMS-concurrent-mark: 0.004/0.016 secs] [Times: user=0.03 sys=0.00, real=0.02 secs] 
 (concurrent mode failure): 6324K->6321K(6848K), 0.0241605 secs] 9074K->9073K(9920K), [Metaspace: 3748K->3748K(1056768K)], 0.0353876 secs] [Times: user=0.05 sys=0.00, real=0.04 secs] 
47.653: [GC (Allocation Failure) 47.653: [ParNew (promotion failed): 2751K->3022K(3072K), 0.0174399 secs]47.671: [CMS: 6324K->6321K(6848K), 0.0168914 secs] 9073K->9073K(9920K), [Metaspace: 3748K->3748K(1056768K)], 0.0344278 secs] [Times: user=0.15 sys=0.01, real=0.03 secs] 
47.688: [GC (CMS Initial Mark) [1 CMS-initial-mark: 6322K(6848K)] 9074K(9920K), 0.0031008 secs] [Times: user=0.00 sys=0.00, real=0.01 secs] 
47.691: [CMS-concurrent-mark-start]
47.691: [GC (Allocation Failure) 47.691: [ParNew (promotion failed): 2751K->2997K(3072K), 0.0180522 secs]47.709: [CMS47.713: [CMS-concurrent-mark: 0.004/0.022 secs] [Times: user=0.14 sys=0.00, real=0.02 secs] 
 (concurrent mode failure): 6324K->6322K(6848K), 0.0207307 secs] 9074K->9074K(9920K), [Metaspace: 3748K->3748K(1056768K)], 0.0388705 secs] [Times: user=0.16 sys=0.00, real=0.04 secs] 
47.730: [GC (Allocation Failure) 47.730: [ParNew (promotion failed): 2751K->2997K(3072K), 0.0214331 secs]47.752: [CMS: 6324K->6322K(6848K), 0.0167357 secs] 9074K->9074K(9920K), [Metaspace: 3748K->3748K(1056768K)], 0.0382543 secs] [Times: user=0.18 sys=0.00, real=0.04 secs] 
47.769: [GC (CMS Initial Mark) [1 CMS-initial-mark: 6322K(6848K)] 9074K(9920K), 0.0031062 secs] [Times: user=0.00 sys=0.00, real=0.00 secs] 
47.772: [CMS-concurrent-mark-start]
47.772: [GC (Allocation Failure) 47.772: [ParNew (promotion failed): 2751K->3022K(3072K), 0.0200118 secs]47.792: [CMS47.796: [CMS-concurrent-mark: 0.003/0.024 secs] [Times: user=0.15 sys=0.00, real=0.02 secs] 
 (concurrent mode failure): 6324K->6322K(6848K), 0.0201288 secs] 9074K->9074K(9920K), [Metaspace: 3748K->3748K(1056768K)], 0.0402222 secs] [Times: user=0.16 sys=0.00, real=0.04 secs] 
47.813: [GC (Allocation Failure) 47.813: [ParNew (promotion failed): 2751K->3022K(3072K), 0.0182623 secs]47.832: [CMS: 6324K->6322K(6848K), 0.0165757 secs] 9074K->9074K(9920K), [Metaspace: 3748K->3748K(1056768K)], 0.0349092 secs] [Times: user=0.16 sys=0.00, real=0.04 secs] 
47.849: [GC (CMS Initial Mark) [1 CMS-initial-mark: 6322K(6848K)] 9074K(9920K), 0.0030809 secs] [Times: user=0.00 sys=0.00, real=0.00 secs] 
47.852: [CMS-concurrent-mark-start]
47.852: [GC (Allocation Failure) 47.852: [ParNew (promotion failed): 2751K->3022K(3072K), 0.0130502 secs]47.865: [CMS47.868: [CMS-concurrent-mark: 0.004/0.017 secs] [Times: user=0.09 sys=0.00, real=0.02 secs] 
 (concurrent mode failure): 6324K->6321K(6848K), 0.0198404 secs] 9074K->9073K(9920K), [Metaspace: 3748K->3748K(1056768K)], 0.0329559 secs] [Times: user=0.11 sys=0.00, real=0.03 secs] 
47.886: [GC (Allocation Failure) 47.886: [ParNew (promotion failed): 2751K->2997K(3072K), 0.0150859 secs]47.901: [CMS: 6324K->6321K(6848K), 0.0175381 secs] 9074K->9073K(9920K), [Metaspace: 3748K->3748K(1056768K)], 0.0327155 secs] [Times: user=0.11 sys=0.00, real=0.04 secs] 
47.919: [GC (CMS Initial Mark) [1 CMS-initial-mark: 6322K(6848K)] 9074K(9920K), 0.0033277 secs] [Times: user=0.01 sys=0.00, real=0.00 secs] 
47.922: [CMS-concurrent-mark-start]
47.922: [GC (Allocation Failure) 47.922: [ParNew (promotion failed): 2751K->2972K(3072K), 0.0177210 secs]47.940: [CMS47.943: [CMS-concurrent-mark: 0.003/0.021 secs] [Times: user=0.12 sys=0.00, real=0.02 secs] 
 (concurrent mode failure): 6324K->6322K(6848K), 0.0201823 secs] 9074K->9074K(9920K), [Metaspace: 3748K->3748K(1056768K)], 0.0379718 secs] [Times: user=0.13 sys=0.00, real=0.04 secs] 
47.960: [GC (Allocation Failure) 47.960: [ParNew (promotion failed): 2751K->2997K(3072K), 0.0155996 secs]47.976: [CMS: 6324K->6322K(6848K), 0.0165627 secs] 9074K->9074K(9920K), [Metaspace: 3748K->3748K(1056768K)], 0.0322361 secs] [Times: user=0.14 sys=0.00, real=0.03 secs] 
47.993: [GC (CMS Initial Mark) [1 CMS-initial-mark: 6322K(6848K)] 9074K(9920K), 0.0030933 secs] [Times: user=0.00 sys=0.00, real=0.00 secs] 
47.996: [CMS-concurrent-mark-start]
47.996: [GC (Allocation Failure) 47.996: [ParNew (promotion failed): 2751K->2997K(3072K), 0.0160647 secs]48.013: [CMS48.016: [CMS-concurrent-mark: 0.004/0.020 secs] [Times: user=0.13 sys=0.01, real=0.02 secs] 
 (concurrent mode failure): 6324K->6322K(6848K), 0.0201362 secs] 9074K->9074K(9920K), [Metaspace: 3748K->3748K(1056768K)], 0.0362693 secs] [Times: user=0.14 sys=0.01, real=0.04 secs] 
48.033: [GC (Allocation Failure) 48.033: [ParNew (promotion failed): 2751K->2997K(3072K), 0.0257472 secs]48.059: [CMS: 6324K->6322K(6848K), 0.0167524 secs] 9074K->9074K(9920K), [Metaspace: 3748K->3748K(1056768K)], 0.0425720 secs] [Times: user=0.21 sys=0.00, real=0.04 secs] 
48.077: [GC (CMS Initial Mark) [1 CMS-initial-mark: 6322K(6848K)] 9074K(9920K), 0.0030717 secs] [Times: user=0.00 sys=0.00, real=0.01 secs] 
48.080: [CMS-concurrent-mark-start]
48.080: [GC (Allocation Failure) 48.080: [ParNew (promotion failed): 2751K->2997K(3072K), 0.0174885 secs]48.097: [CMS48.101: [CMS-concurrent-mark: 0.003/0.021 secs] [Times: user=0.14 sys=0.00, real=0.02 secs] 
 (concurrent mode failure): 6324K->6322K(6848K), 0.0202157 secs] 9074K->9074K(9920K), [Metaspace: 3748K->3748K(1056768K)], 0.0377630 secs] [Times: user=0.16 sys=0.00, real=0.03 secs] 
48.118: [GC (Allocation Failure) 48.118: [ParNew (promotion failed): 2751K->3022K(3072K), 0.0199304 secs]48.138: [CMS: 6324K->6322K(6848K), 0.0171466 secs] 9074K->9074K(9920K), [Metaspace: 3748K->3748K(1056768K)], 0.0371455 secs] [Times: user=0.16 sys=0.00, real=0.03 secs] 
48.156: [GC (CMS Initial Mark) [1 CMS-initial-mark: 6322K(6848K)] 9074K(9920K), 0.0031877 secs] [Times: user=0.01 sys=0.00, real=0.01 secs] 
48.159: [CMS-concurrent-mark-start]
48.159: [GC (Allocation Failure) 48.159: [ParNew (promotion failed): 2751K->3022K(3072K), 0.0105173 secs]48.170: [CMS48.174: [CMS-concurrent-mark: 0.004/0.015 secs] [Times: user=0.05 sys=0.00, real=0.01 secs] 
 (concurrent mode failure): 6324K->6322K(6848K), 0.0235708 secs] 9074K->9074K(9920K), [Metaspace: 3748K->3748K(1056768K)], 0.0342014 secs] [Times: user=0.07 sys=0.00, real=0.03 secs] 
48.194: [GC (Allocation Failure) 48.194: [ParNew (promotion failed): 2751K->2972K(3072K), 0.0124615 secs]48.206: [CMS: 6324K->6322K(6848K), 0.0189149 secs] 9074K->9074K(9920K), [Metaspace: 3748K->3748K(1056768K)], 0.0314769 secs] [Times: user=0.08 sys=0.00, real=0.03 secs] 
48.226: [GC (CMS Initial Mark) [1 CMS-initial-mark: 6322K(6848K)] 9074K(9920K), 0.0032962 secs] [Times: user=0.00 sys=0.00, real=0.01 secs] 
48.229: [CMS-concurrent-mark-start]
48.229: [GC (Allocation Failure) 48.229: [ParNew (promotion failed): 2751K->2997K(3072K), 0.0121315 secs]48.241: [CMS48.245: [CMS-concurrent-mark: 0.004/0.016 secs] [Times: user=0.07 sys=0.00, real=0.01 secs] 
 (concurrent mode failure): 6324K->6322K(6848K), 0.0220132 secs] 9074K->9074K(9920K), [Metaspace: 3748K->3748K(1056768K)], 0.0342295 secs] [Times: user=0.08 sys=0.00, real=0.03 secs] 
48.267: [GC (Allocation Failure) 48.267: [ParNew (promotion failed): 2751K->3022K(3072K), 0.0172397 secs]48.284: [CMS: 6324K->6322K(6848K), 0.0179757 secs] 9074K->9074K(9920K), [Metaspace: 3748K->3748K(1056768K)], 0.0353604 secs] [Times: user=0.12 sys=0.00, real=0.04 secs] 
48.302: [GC (CMS Initial Mark) [1 CMS-initial-mark: 6322K(6848K)] 9074K(9920K), 0.0032770 secs] [Times: user=0.00 sys=0.00, real=0.00 secs] 
48.306: [CMS-concurrent-mark-start]
48.306: [GC (Allocation Failure) 48.306: [ParNew (promotion failed): 2751K->2997K(3072K), 0.0215849 secs]48.327: [CMS48.332: [CMS-concurrent-mark: 0.004/0.026 secs] [Times: user=0.15 sys=0.00, real=0.03 secs] 
 (concurrent mode failure): 6324K->6322K(6848K), 0.0226417 secs] 9074K->9074K(9920K), [Metaspace: 3748K->3748K(1056768K)], 0.0443261 secs] [Times: user=0.17 sys=0.00, real=0.05 secs] 
48.351: [GC (Allocation Failure) 48.351: [ParNew (promotion failed): 2751K->3022K(3072K), 0.0250342 secs]48.376: [CMS: 6324K->6322K(6848K), 0.0173942 secs] 9074K->9074K(9920K), [Metaspace: 3748K->3748K(1056768K)], 0.0425340 secs] [Times: user=0.19 sys=0.00, real=0.04 secs] 
48.394: [GC (CMS Initial Mark) [1 CMS-initial-mark: 6322K(6848K)] 9074K(9920K), 0.0031633 secs] [Times: user=0.00 sys=0.00, real=0.00 secs] 
48.397: [CMS-concurrent-mark-start]
48.398: [GC (Allocation Failure) 48.398: [ParNew (promotion failed): 2751K->3071K(3072K), 0.0226861 secs]48.421: [CMS48.424: [CMS-concurrent-mark: 0.004/0.027 secs] [Times: user=0.17 sys=0.00, real=0.03 secs] 
 (concurrent mode failure): 6324K->6322K(6848K), 0.0205801 secs] 9074K->9074K(9920K), [Metaspace: 3748K->3748K(1056768K)], 0.0433993 secs] [Times: user=0.17 sys=0.00, real=0.04 secs] 
48.442: [GC (Allocation Failure) 48.442: [ParNew (promotion failed): 2751K->3022K(3072K), 0.0182039 secs]48.460: [CMS: 6324K->6322K(6848K), 0.0176515 secs] 9074K->9074K(9920K), [Metaspace: 3748K->3748K(1056768K)], 0.0359442 secs] [Times: user=0.14 sys=0.00, real=0.04 secs] 
48.478: [GC (CMS Initial Mark) [1 CMS-initial-mark: 6322K(6848K)] 9074K(9920K), 0.0032198 secs] [Times: user=0.00 sys=0.00, real=0.00 secs] 
48.482: [CMS-concurrent-mark-start]
48.482: [GC (Allocation Failure) 48.482: [ParNew (promotion failed): 2751K->2997K(3072K), 0.0182441 secs]48.500: [CMS48.504: [CMS-concurrent-mark: 0.004/0.022 secs] [Times: user=0.11 sys=0.00, real=0.02 secs] 
 (concurrent mode failure): 6324K->6322K(6848K), 0.0216674 secs] 9074K->9074K(9920K), [Metaspace: 3748K->3748K(1056768K)], 0.0400050 secs] [Times: user=0.13 sys=0.00, real=0.04 secs] 
48.522: [GC (Allocation Failure) 48.522: [ParNew (promotion failed): 2751K->3022K(3072K), 0.0214752 secs]48.544: [CMS: 6324K->6322K(6848K), 0.0166934 secs] 9074K->9074K(9920K), [Metaspace: 3748K->3748K(1056768K)], 0.0382556 secs] [Times: user=0.17 sys=0.00, real=0.04 secs] 
48.561: [GC (CMS Initial Mark) [1 CMS-initial-mark: 6322K(6848K)] 9074K(9920K), 0.0030696 secs] [Times: user=0.00 sys=0.00, real=0.00 secs] 
48.564: [CMS-concurrent-mark-start]
48.564: [GC (Allocation Failure) 48.564: [ParNew (promotion failed): 2751K->2997K(3072K), 0.0176092 secs]48.582: [CMS48.585: [CMS-concurrent-mark: 0.004/0.021 secs] [Times: user=0.14 sys=0.00, real=0.02 secs] 
 (concurrent mode failure): 6324K->6322K(6848K), 0.0204370 secs] 9074K->9074K(9920K), [Metaspace: 3748K->3748K(1056768K)], 0.0381215 secs] [Times: user=0.15 sys=0.00, real=0.04 secs] 
48.603: [GC (Allocation Failure) 48.603: [ParNew (promotion failed): 2751K->3022K(3072K), 0.0169087 secs]48.620: [CMS: 6324K->6322K(6848K), 0.0176164 secs] 9074K->9074K(9920K), [Metaspace: 3748K->3748K(1056768K)], 0.0346163 secs] [Times: user=0.08 sys=0.00, real=0.03 secs] 
48.638: [GC (CMS Initial Mark) [1 CMS-initial-mark: 6322K(6848K)] 9074K(9920K), 0.0032230 secs] [Times: user=0.00 sys=0.00, real=0.00 secs] 
48.641: [CMS-concurrent-mark-start]
48.641: [GC (Allocation Failure) 48.641: [ParNew (promotion failed): 2751K->2997K(3072K), 0.0235372 secs]48.665: [CMS48.669: [CMS-concurrent-mark: 0.004/0.027 secs] [Times: user=0.18 sys=0.00, real=0.03 secs] 
 (concurrent mode failure): 6324K->6322K(6848K), 0.0201872 secs] 9074K->9074K(9920K), [Metaspace: 3748K->3748K(1056768K)], 0.0438023 secs] [Times: user=0.20 sys=0.00, real=0.04 secs] 
48.686: [GC (Allocation Failure) 48.686: [ParNew (promotion failed): 2751K->2997K(3072K), 0.0169735 secs]48.703: [CMS: 6324K->6322K(6848K), 0.0166304 secs] 9074K->9074K(9920K), [Metaspace: 3748K->3748K(1056768K)], 0.0336812 secs] [Times: user=0.14 sys=0.00, real=0.04 secs] 
48.720: [GC (CMS Initial Mark) [1 CMS-initial-mark: 6322K(6848K)] 9074K(9920K), 0.0030589 secs] [Times: user=0.01 sys=0.00, real=0.00 secs] 
48.723: [CMS-concurrent-mark-start]
48.724: [GC (Allocation Failure) 48.724: [ParNew (promotion failed): 2751K->3022K(3072K), 0.0197547 secs]48.743: [CMS48.747: [CMS-concurrent-mark: 0.003/0.023 secs] [Times: user=0.15 sys=0.00, real=0.02 secs] 
 (concurrent mode failure): 6324K->6322K(6848K), 0.0198013 secs] 9074K->9074K(9920K), [Metaspace: 3748K->3748K(1056768K)], 0.0396295 secs] [Times: user=0.17 sys=0.00, real=0.04 secs] 
48.764: [GC (Allocation Failure) 48.764: [ParNew (promotion failed): 2751K->2997K(3072K), 0.0222022 secs]48.786: [CMS: 6324K->6322K(6848K), 0.0165298 secs] 9074K->9074K(9920K), [Metaspace: 3748K->3748K(1056768K)], 0.0387958 secs] [Times: user=0.18 sys=0.01, real=0.04 secs] 
48.803: [GC (CMS Initial Mark) [1 CMS-initial-mark: 6322K(6848K)] 9074K(9920K), 0.0030871 secs] [Times: user=0.00 sys=0.00, real=0.00 secs] 
48.806: [CMS-concurrent-mark-start]
48.806: [GC (Allocation Failure) 48.806: [ParNew (promotion failed): 2751K->3022K(3072K), 0.0160702 secs]48.822: [CMS48.825: [CMS-concurrent-mark: 0.003/0.020 secs] [Times: user=0.11 sys=0.00, real=0.02 secs] 
 (concurrent mode failure): 6324K->6322K(6848K), 0.0202518 secs] 9074K->9074K(9920K), [Metaspace: 3748K->3748K(1056768K)], 0.0363872 secs] [Times: user=0.13 sys=0.00, real=0.04 secs] 
48.843: [GC (Allocation Failure) 48.843: [ParNew (promotion failed): 2751K->3022K(3072K), 0.0164815 secs]48.859: [CMS: 6324K->6322K(6848K), 0.0173953 secs] 9074K->9074K(9920K), [Metaspace: 3748K->3748K(1056768K)], 0.0339682 secs] [Times: user=0.10 sys=0.00, real=0.03 secs] 
48.877: [GC (CMS Initial Mark) [1 CMS-initial-mark: 6322K(6848K)] 9074K(9920K), 0.0031106 secs] [Times: user=0.00 sys=0.00, real=0.01 secs] 
48.880: [CMS-concurrent-mark-start]
48.880: [GC (Allocation Failure) 48.880: [ParNew (promotion failed): 2751K->2997K(3072K), 0.0171444 secs]48.898: [CMS48.901: [CMS-concurrent-mark: 0.004/0.021 secs] [Times: user=0.13 sys=0.00, real=0.02 secs] 
 (concurrent mode failure): 6324K->6322K(6848K), 0.0214068 secs] 9074K->9074K(9920K), [Metaspace: 3748K->3748K(1056768K)], 0.0386378 secs] [Times: user=0.15 sys=0.00, real=0.04 secs] 
48.920: [GC (Allocation Failure) 48.920: [ParNew (promotion failed): 2751K->3022K(3072K), 0.0202585 secs]48.940: [CMS: 6324K->6322K(6848K), 0.0170448 secs] 9074K->9074K(9920K), [Metaspace: 3748K->3748K(1056768K)], 0.0373762 secs] [Times: user=0.16 sys=0.00, real=0.03 secs] 
48.958: [GC (CMS Initial Mark) [1 CMS-initial-mark: 6322K(6848K)] 9074K(9920K), 0.0030948 secs] [Times: user=0.00 sys=0.00, real=0.01 secs] 
48.961: [CMS-concurrent-mark-start]
48.961: [GC (Allocation Failure) 48.961: [ParNew (promotion failed): 2751K->2997K(3072K), 0.0132827 secs]48.975: [CMS48.978: [CMS-concurrent-mark: 0.004/0.017 secs] [Times: user=0.10 sys=0.00, real=0.01 secs] 
 (concurrent mode failure): 6324K->6322K(6848K), 0.0198088 secs] 9074K->9074K(9920K), [Metaspace: 3748K->3748K(1056768K)], 0.0331679 secs] [Times: user=0.11 sys=0.00, real=0.03 secs] 
48.995: [GC (Allocation Failure) 48.995: [ParNew (promotion failed): 2751K->2997K(3072K), 0.0168786 secs]49.012: [CMS: 6324K->6322K(6848K), 0.0203520 secs] 9074K->9074K(9920K), [Metaspace: 3748K->3748K(1056768K)], 0.0373088 secs] [Times: user=0.13 sys=0.01, real=0.04 secs] 
49.040: [GC (CMS Initial Mark) [1 CMS-initial-mark: 6322K(6848K)] 9074K(9920K), 0.0059103 secs] [Times: user=0.01 sys=0.00, real=0.00 secs] 
49.046: [CMS-concurrent-mark-start]
49.046: [GC (Allocation Failure) 49.046: [ParNew (promotion failed): 2751K->2972K(3072K), 0.0205702 secs]49.066: [CMS49.070: [CMS-concurrent-mark: 0.004/0.025 secs] [Times: user=0.04 sys=0.00, real=0.03 secs] 
 (concurrent mode failure): 6324K->6322K(6848K), 0.0248885 secs] 9074K->9074K(9920K), [Metaspace: 3748K->3748K(1056768K)], 0.0455411 secs] [Times: user=0.06 sys=0.00, real=0.05 secs] 
49.092: [GC (Allocation Failure) 49.092: [ParNew (promotion failed): 2751K->3022K(3072K), 0.0190156 secs]49.111: [CMS: 6324K->6322K(6848K), 0.0193523 secs] 9074K->9074K(9920K), [Metaspace: 3748K->3748K(1056768K)], 0.0522023 secs] [Times: user=0.11 sys=0.00, real=0.05 secs] 
49.144: [GC (CMS Initial Mark) [1 CMS-initial-mark: 6322K(6848K)] 9074K(9920K), 0.0032969 secs] [Times: user=0.01 sys=0.00, real=0.00 secs] 
49.148: [CMS-concurrent-mark-start]
49.148: [GC (Allocation Failure) 49.148: [ParNew (promotion failed): 2751K->2997K(3072K), 0.0173705 secs]49.166: [CMS49.169: [CMS-concurrent-mark: 0.004/0.022 secs] [Times: user=0.12 sys=0.00, real=0.03 secs] 
 (concurrent mode failure): 6324K->6322K(6848K), 0.0224730 secs] 9074K->9074K(9920K), [Metaspace: 3748K->3748K(1056768K)], 0.0399581 secs] [Times: user=0.14 sys=0.00, real=0.04 secs] 
49.189: [GC (Allocation Failure) 49.189: [ParNew (promotion failed): 2751K->3022K(3072K), 0.0211714 secs]49.210: [CMS: 6324K->6322K(6848K), 0.0182639 secs] 9074K->9074K(9920K), [Metaspace: 3748K->3748K(1056768K)], 0.0395220 secs] [Times: user=0.16 sys=0.00, real=0.04 secs] 
49.229: [GC (CMS Initial Mark) [1 CMS-initial-mark: 6322K(6848K)] 9074K(9920K), 0.0032741 secs] [Times: user=0.00 sys=0.00, real=0.00 secs] 
49.232: [CMS-concurrent-mark-start]
49.232: [GC (Allocation Failure) 49.232: [ParNew (promotion failed): 2751K->3022K(3072K), 0.0201275 secs]49.253: [CMS49.256: [CMS-concurrent-mark: 0.004/0.024 secs] [Times: user=0.13 sys=0.00, real=0.02 secs] 
 (concurrent mode failure): 6324K->6322K(6848K), 0.0217022 secs] 9074K->9074K(9920K), [Metaspace: 3748K->3748K(1056768K)], 0.0419278 secs] [Times: user=0.15 sys=0.00, real=0.04 secs] 
49.275: [GC (Allocation Failure) 49.275: [ParNew (promotion failed): 2751K->2997K(3072K), 0.0164091 secs]49.292: [CMS: 6324K->6322K(6848K), 0.0177838 secs] 9074K->9074K(9920K), [Metaspace: 3748K->3748K(1056768K)], 0.0342974 secs] [Times: user=0.12 sys=0.00, real=0.04 secs] 
49.310: [GC (CMS Initial Mark) [1 CMS-initial-mark: 6322K(6848K)] 9074K(9920K), 0.0032203 secs] [Times: user=0.01 sys=0.00, real=0.00 secs] 
49.313: [CMS-concurrent-mark-start]
49.314: [GC (Allocation Failure) 49.314: [ParNew (promotion failed): 2751K->2997K(3072K), 0.0210676 secs]49.335: [CMS49.338: [CMS-concurrent-mark: 0.004/0.025 secs] [Times: user=0.15 sys=0.00, real=0.03 secs] 
 (concurrent mode failure): 6324K->6322K(6848K), 0.0212254 secs] 9074K->9074K(9920K), [Metaspace: 3748K->3748K(1056768K)], 0.0423832 secs] [Times: user=0.16 sys=0.00, real=0.04 secs] 
49.358: [GC (Allocation Failure) 49.358: [ParNew (promotion failed): 2751K->3046K(3072K), 0.0202101 secs]49.378: [CMS: 6324K->6322K(6848K), 0.0177725 secs] 9074K->9074K(9920K), [Metaspace: 3748K->3748K(1056768K)], 0.0380597 secs] [Times: user=0.14 sys=0.00, real=0.04 secs] 
49.396: [GC (CMS Initial Mark) [1 CMS-initial-mark: 6322K(6848K)] 9074K(9920K), 0.0032324 secs] [Times: user=0.00 sys=0.00, real=0.01 secs] 
49.399: [CMS-concurrent-mark-start]
49.399: [GC (Allocation Failure) 49.400: [ParNew (promotion failed): 2751K->3022K(3072K), 0.0137037 secs]49.413: [CMS49.417: [CMS-concurrent-mark: 0.004/0.017 secs] [Times: user=0.09 sys=0.00, real=0.01 secs] 
 (concurrent mode failure): 6324K->6322K(6848K), 0.0217133 secs] 9074K->9074K(9920K), [Metaspace: 3748K->3748K(1056768K)], 0.0354967 secs] [Times: user=0.11 sys=0.00, real=0.03 secs] 
49.435: [GC (Allocation Failure) 49.436: [ParNew (promotion failed): 2751K->3022K(3072K), 0.0110212 secs]49.447: [CMS: 6324K->6322K(6848K), 0.0194449 secs] 9074K->9074K(9920K), [Metaspace: 3748K->3748K(1056768K)], 0.0305636 secs] [Times: user=0.07 sys=0.00, real=0.03 secs] 
49.467: [GC (CMS Initial Mark) [1 CMS-initial-mark: 6322K(6848K)] 9074K(9920K), 0.0032078 secs] [Times: user=0.00 sys=0.00, real=0.01 secs] 
49.470: [CMS-concurrent-mark-start]
49.470: [GC (Allocation Failure) 49.470: [ParNew (promotion failed): 2751K->2997K(3072K), 0.0106789 secs]49.481: [CMS49.485: [CMS-concurrent-mark: 0.004/0.015 secs] [Times: user=0.07 sys=0.01, real=0.01 secs] 
 (concurrent mode failure): 6324K->6322K(6848K), 0.0257247 secs] 9074K->9074K(9920K), [Metaspace: 3748K->3748K(1056768K)], 0.0364806 secs] [Times: user=0.09 sys=0.01, real=0.03 secs] 
49.513: [GC (Allocation Failure) 49.513: [ParNew (promotion failed): 2751K->2997K(3072K), 0.0191712 secs]49.532: [CMS: 6324K->6322K(6848K), 0.0228789 secs] 9074K->9074K(9920K), [Metaspace: 3748K->3748K(1056768K)], 0.0421458 secs] [Times: user=0.12 sys=0.00, real=0.04 secs] 
49.557: [GC (CMS Initial Mark) [1 CMS-initial-mark: 6322K(6848K)] 9074K(9920K), 0.0039535 secs] [Times: user=0.01 sys=0.00, real=0.01 secs] 
49.561: [CMS-concurrent-mark-start]
49.562: [GC (Allocation Failure) 49.562: [ParNew (promotion failed): 2751K->2997K(3072K), 0.0204742 secs]49.583: [CMS49.588: [CMS-concurrent-mark: 0.007/0.028 secs] [Times: user=0.10 sys=0.00, real=0.03 secs] 
 (concurrent mode failure): 6324K->6322K(6848K), 0.0324122 secs] 9074K->9074K(9920K), [Metaspace: 3748K->3748K(1056768K)], 0.0530062 secs] [Times: user=0.12 sys=0.00, real=0.05 secs] 
49.616: [GC (Allocation Failure) 49.616: [ParNew (promotion failed): 2751K->2972K(3072K), 0.0129670 secs]49.629: [CMS: 6324K->6322K(6848K), 0.0242316 secs] 9074K->9074K(9920K), [Metaspace: 3748K->3748K(1056768K)], 0.0373122 secs] [Times: user=0.07 sys=0.00, real=0.04 secs] 
49.654: [GC (CMS Initial Mark) [1 CMS-initial-mark: 6322K(6848K)] 9074K(9920K), 0.0034363 secs] [Times: user=0.01 sys=0.00, real=0.00 secs] 
49.657: [CMS-concurrent-mark-start]
49.657: [GC (Allocation Failure) 49.657: [ParNew (promotion failed): 2751K->2972K(3072K), 0.0136805 secs]49.671: [CMS49.675: [CMS-concurrent-mark: 0.004/0.018 secs] [Times: user=0.06 sys=0.01, real=0.02 secs] 
 (concurrent mode failure): 6324K->6322K(6848K), 0.0253592 secs] 9074K->9074K(9920K), [Metaspace: 3748K->3748K(1056768K)], 0.0391613 secs] [Times: user=0.08 sys=0.01, real=0.04 secs] 
49.697: [GC (Allocation Failure) 49.697: [ParNew (promotion failed): 2751K->2997K(3072K), 0.0182108 secs]49.715: [CMS: 6324K->6322K(6848K), 0.0196500 secs] 9074K->9074K(9920K), [Metaspace: 3748K->3748K(1056768K)], 0.0379699 secs] [Times: user=0.12 sys=0.00, real=0.04 secs] 
49.735: [GC (CMS Initial Mark) [1 CMS-initial-mark: 6322K(6848K)] 9074K(9920K), 0.0035229 secs] [Times: user=0.00 sys=0.00, real=0.01 secs] 
49.739: [CMS-concurrent-mark-start]
49.739: [GC (Allocation Failure) 49.739: [ParNew (promotion failed): 2751K->2972K(3072K), 0.0143668 secs]49.754: [CMS49.772: [CMS-concurrent-mark: 0.017/0.034 secs] [Times: user=0.03 sys=0.00, real=0.03 secs] 
 (concurrent mode failure): 6324K->6322K(6848K), 0.0446607 secs] 9074K->9074K(9920K), [Metaspace: 3748K->3748K(1056768K)], 0.0606070 secs] [Times: user=0.05 sys=0.00, real=0.06 secs] 
49.800: [GC (Allocation Failure) 49.800: [ParNew (promotion failed): 2751K->3022K(3072K), 0.0198648 secs]49.820: [CMS: 6324K->6322K(6848K), 0.0261071 secs] 9074K->9074K(9920K), [Metaspace: 3748K->3748K(1056768K)], 0.0460870 secs] [Times: user=0.13 sys=0.00, real=0.04 secs] 
49.857: [GC (CMS Initial Mark) [1 CMS-initial-mark: 6322K(6848K)] 9074K(9920K), 0.0042895 secs] [Times: user=0.00 sys=0.00, real=0.02 secs] 
49.868: [CMS-concurrent-mark-start]
49.869: [GC (Allocation Failure) 49.869: [ParNew (promotion failed): 2751K->3022K(3072K), 0.0194003 secs]49.888: [CMS49.893: [CMS-concurrent-mark: 0.005/0.025 secs] [Times: user=0.09 sys=0.01, real=0.02 secs] 
 (concurrent mode failure): 6324K->6322K(6848K), 0.0243756 secs] 9074K->9074K(9920K), [Metaspace: 3748K->3748K(1056768K)], 0.0440261 secs] [Times: user=0.11 sys=0.01, real=0.04 secs] 
49.914: [GC (Allocation Failure) 49.914: [ParNew (promotion failed): 2751K->3022K(3072K), 0.0228575 secs]49.937: [CMS: 6324K->6322K(6848K), 0.0194240 secs] 9074K->9074K(9920K), [Metaspace: 3748K->3748K(1056768K)], 0.0423970 secs] [Times: user=0.14 sys=0.00, real=0.04 secs] 
49.957: [GC (CMS Initial Mark) [1 CMS-initial-mark: 6322K(6848K)] 9074K(9920K), 0.0033307 secs] [Times: user=0.00 sys=0.00, real=0.01 secs] 
49.960: [CMS-concurrent-mark-start]
49.961: [GC (Allocation Failure) 49.961: [ParNew (promotion failed): 2751K->3022K(3072K), 0.0212459 secs]49.982: [CMS49.985: [CMS-concurrent-mark: 0.004/0.025 secs] [Times: user=0.15 sys=0.00, real=0.02 secs] 
 (concurrent mode failure): 6324K->6322K(6848K), 0.0224401 secs] 9074K->9074K(9920K), [Metaspace: 3748K->3748K(1056768K)], 0.0437885 secs] [Times: user=0.16 sys=0.00, real=0.04 secs] 
50.005: [GC (Allocation Failure) 50.005: [ParNew (promotion failed): 2751K->3046K(3072K), 0.0168883 secs]50.022: [CMS: 6324K->6322K(6848K), 0.0182763 secs] 9074K->9074K(9920K), [Metaspace: 3748K->3748K(1056768K)], 0.0352709 secs] [Times: user=0.14 sys=0.00, real=0.04 secs] 
50.040: [GC (CMS Initial Mark) [1 CMS-initial-mark: 6322K(6848K)] 9074K(9920K), 0.0031756 secs] [Times: user=0.00 sys=0.00, real=0.00 secs] 
50.043: [CMS-concurrent-mark-start]
50.043: [GC (Allocation Failure) 50.043: [ParNew (promotion failed): 2751K->3022K(3072K), 0.0220074 secs]50.066: [CMS50.069: [CMS-concurrent-mark: 0.004/0.026 secs] [Times: user=0.14 sys=0.00, real=0.03 secs] 
 (concurrent mode failure): 6324K->6322K(6848K), 0.0221158 secs] 9074K->9074K(9920K), [Metaspace: 3748K->3748K(1056768K)], 0.0442430 secs] [Times: user=0.16 sys=0.00, real=0.04 secs] 
50.088: [GC (Allocation Failure) 50.088: [ParNew (promotion failed): 2751K->2972K(3072K), 0.0227755 secs]50.111: [CMS: 6324K->6322K(6848K), 0.0177777 secs] 9074K->9074K(9920K), [Metaspace: 3748K->3748K(1056768K)], 0.0406489 secs] [Times: user=0.18 sys=0.01, real=0.04 secs] 
50.129: [GC (CMS Initial Mark) [1 CMS-initial-mark: 6322K(6848K)] 9074K(9920K), 0.0032937 secs] [Times: user=0.00 sys=0.00, real=0.00 secs] 
50.133: [CMS-concurrent-mark-start]
50.133: [GC (Allocation Failure) 50.133: [ParNew (promotion failed): 2751K->2997K(3072K), 0.0146364 secs]50.148: [CMS50.151: [CMS-concurrent-mark: 0.004/0.018 secs] [Times: user=0.11 sys=0.00, real=0.02 secs] 
 (concurrent mode failure): 6324K->6322K(6848K), 0.0226519 secs] 9074K->9074K(9920K), [Metaspace: 3748K->3748K(1056768K)], 0.0373814 secs] [Times: user=0.13 sys=0.00, real=0.04 secs] 
50.171: [GC (Allocation Failure) 50.171: [ParNew (promotion failed): 2751K->2997K(3072K), 0.0213928 secs]50.193: [CMS: 6324K->6322K(6848K), 0.0213653 secs] 9074K->9074K(9920K), [Metaspace: 3748K->3748K(1056768K)], 0.0428750 secs] [Times: user=0.16 sys=0.00, real=0.04 secs] 
50.218: [GC (CMS Initial Mark) [1 CMS-initial-mark: 6322K(6848K)] 9074K(9920K), 0.0038826 secs] [Times: user=0.00 sys=0.00, real=0.01 secs] 
50.222: [CMS-concurrent-mark-start]
50.223: [GC (Allocation Failure) 50.223: [ParNew (promotion failed): 2751K->3022K(3072K), 0.0140042 secs]50.237: [CMS50.242: [CMS-concurrent-mark: 0.005/0.020 secs] [Times: user=0.06 sys=0.00, real=0.02 secs] 
 (concurrent mode failure): 6324K->6322K(6848K), 0.0438935 secs] 9074K->9074K(9920K), [Metaspace: 3748K->3748K(1056768K)], 0.0580341 secs] [Times: user=0.09 sys=0.00, real=0.06 secs] 
50.290: [GC (Allocation Failure) 50.290: [ParNew (promotion failed): 2751K->2972K(3072K), 0.0219209 secs]50.312: [CMS: 6324K->6322K(6848K), 0.0418796 secs] 9074K->9074K(9920K), [Metaspace: 3748K->3748K(1056768K)], 0.0639331 secs] [Times: user=0.06 sys=0.00, real=0.06 secs] 
50.358: [GC (Allocation Failure) 50.358: [ParNew (promotion failed): 2751K->2997K(3072K), 0.0222782 secs]50.381: [CMS: 6324K->6322K(6848K), 0.0230948 secs] 9074K->9074K(9920K), [Metaspace: 3748K->3748K(1056768K)], 0.0455047 secs] [Times: user=0.07 sys=0.01, real=0.04 secs] 
50.404: [GC (CMS Initial Mark) [1 CMS-initial-mark: 6322K(6848K)] 9074K(9920K), 0.0032240 secs] [Times: user=0.01 sys=0.00, real=0.00 secs] 
50.408: [CMS-concurrent-mark-start]
50.408: [GC (Allocation Failure) 50.408: [ParNew (promotion failed): 2751K->2972K(3072K), 0.0181519 secs]50.426: [CMS50.430: [CMS-concurrent-mark: 0.004/0.022 secs] [Times: user=0.09 sys=0.00, real=0.03 secs] 
 (concurrent mode failure): 6324K->6322K(6848K), 0.0258694 secs] 9074K->9074K(9920K), [Metaspace: 3748K->3748K(1056768K)], 0.0441321 secs] [Times: user=0.11 sys=0.00, real=0.05 secs] 
50.453: [GC (Allocation Failure) 50.453: [ParNew (promotion failed): 2751K->2997K(3072K), 0.0178677 secs]50.471: [CMS: 6324K->6322K(6848K), 0.0520171 secs] 9074K->9074K(9920K), [Metaspace: 3748K->3748K(1056768K)], 0.0700729 secs] [Times: user=0.13 sys=0.00, real=0.07 secs] 
50.524: [GC (CMS Initial Mark) [1 CMS-initial-mark: 6322K(6848K)] 9074K(9920K), 0.0048449 secs] [Times: user=0.00 sys=0.00, real=0.01 secs] 
50.529: [CMS-concurrent-mark-start]
50.529: [GC (Allocation Failure) 50.529: [ParNew (promotion failed): 2751K->3022K(3072K), 0.0186955 secs]50.548: [CMS50.551: [CMS-concurrent-mark: 0.004/0.023 secs] [Times: user=0.09 sys=0.00, real=0.02 secs] 
 (concurrent mode failure): 6324K->6322K(6848K), 0.0237225 secs] 9074K->9074K(9920K), [Metaspace: 3748K->3748K(1056768K)], 0.0425339 secs] [Times: user=0.11 sys=0.01, real=0.04 secs] 
50.572: [GC (Allocation Failure) 50.572: [ParNew (promotion failed): 2751K->2997K(3072K), 0.0164387 secs]50.589: [CMS: 6324K->6322K(6848K), 0.0195831 secs] 9074K->9074K(9920K), [Metaspace: 3748K->3748K(1056768K)], 0.0361450 secs] [Times: user=0.09 sys=0.00, real=0.04 secs] 
50.609: [GC (CMS Initial Mark) [1 CMS-initial-mark: 6322K(6848K)] 9074K(9920K), 0.0034187 secs] [Times: user=0.00 sys=0.00, real=0.00 secs] 
50.613: [CMS-concurrent-mark-start]
50.613: [GC (Allocation Failure) 50.613: [ParNew (promotion failed): 2751K->2997K(3072K), 0.0137394 secs]50.627: [CMS50.631: [CMS-concurrent-mark: 0.005/0.019 secs] [Times: user=0.09 sys=0.00, real=0.02 secs] 
 (concurrent mode failure): 6324K->6322K(6848K), 0.0222450 secs] 9074K->9074K(9920K), [Metaspace: 3748K->3748K(1056768K)], 0.0361213 secs] [Times: user=0.10 sys=0.00, real=0.04 secs] 
50.650: [GC (Allocation Failure) 50.650: [ParNew (promotion failed): 2751K->2997K(3072K), 0.0213630 secs]50.672: [CMS: 6324K->6322K(6848K), 0.0172459 secs] 9074K->9074K(9920K), [Metaspace: 3748K->3748K(1056768K)], 0.0387025 secs] [Times: user=0.16 sys=0.00, real=0.04 secs] 
50.689: [GC (CMS Initial Mark) [1 CMS-initial-mark: 6322K(6848K)] 9074K(9920K), 0.0031216 secs] [Times: user=0.01 sys=0.00, real=0.00 secs] 
50.692: [CMS-concurrent-mark-start]
50.692: [GC (Allocation Failure) 50.692: [ParNew (promotion failed): 2751K->2997K(3072K), 0.0153391 secs]50.708: [CMS50.711: [CMS-concurrent-mark: 0.003/0.019 secs] [Times: user=0.12 sys=0.00, real=0.02 secs] 
 (concurrent mode failure): 6324K->6322K(6848K), 0.0201472 secs] 9074K->9074K(9920K), [Metaspace: 3748K->3748K(1056768K)], 0.0355598 secs] [Times: user=0.14 sys=0.00, real=0.04 secs] 
50.728: [GC (Allocation Failure) 50.728: [ParNew (promotion failed): 2751K->3022K(3072K), 0.0207534 secs]50.749: [CMS: 6324K->6322K(6848K), 0.0167369 secs] 9074K->9074K(9920K), [Metaspace: 3748K->3748K(1056768K)], 0.0375723 secs] [Times: user=0.16 sys=0.00, real=0.03 secs] 
50.766: [GC (CMS Initial Mark) [1 CMS-initial-mark: 6322K(6848K)] 9074K(9920K), 0.0030819 secs] [Times: user=0.00 sys=0.00, real=0.01 secs] 
50.769: [CMS-concurrent-mark-start]
50.770: [GC (Allocation Failure) 50.770: [ParNew (promotion failed): 2751K->2997K(3072K), 0.0210856 secs]50.791: [CMS50.794: [CMS-concurrent-mark: 0.004/0.025 secs] [Times: user=0.16 sys=0.00, real=0.02 secs] 
 (concurrent mode failure): 6324K->6322K(6848K), 0.0203688 secs] 9074K->9074K(9920K), [Metaspace: 3748K->3748K(1056768K)], 0.0415275 secs] [Times: user=0.17 sys=0.00, real=0.04 secs] 
50.812: [GC (Allocation Failure) 50.812: [ParNew (promotion failed): 2751K->3022K(3072K), 0.0204188 secs]50.832: [CMS: 6324K->6322K(6848K), 0.0169643 secs] 9074K->9074K(9920K), [Metaspace: 3748K->3748K(1056768K)], 0.0374710 secs] [Times: user=0.16 sys=0.01, real=0.04 secs] 
50.850: [GC (CMS Initial Mark) [1 CMS-initial-mark: 6322K(6848K)] 9074K(9920K), 0.0030998 secs] [Times: user=0.00 sys=0.00, real=0.00 secs] 
50.853: [CMS-concurrent-mark-start]
50.853: [GC (Allocation Failure) 50.853: [ParNew (promotion failed): 2751K->3022K(3072K), 0.0212513 secs]50.874: [CMS50.878: [CMS-concurrent-mark: 0.004/0.025 secs] [Times: user=0.16 sys=0.00, real=0.02 secs] 
 (concurrent mode failure): 6324K->6322K(6848K), 0.0206328 secs] 9074K->9074K(9920K), [Metaspace: 3748K->3748K(1056768K)], 0.0419650 secs] [Times: user=0.17 sys=0.00, real=0.04 secs] 
50.896: [GC (Allocation Failure) 50.896: [ParNew (promotion failed): 2751K->2997K(3072K), 0.0171174 secs]50.913: [CMS: 6324K->6322K(6848K), 0.0167288 secs] 9074K->9074K(9920K), [Metaspace: 3748K->3748K(1056768K)], 0.0339558 secs] [Times: user=0.13 sys=0.00, real=0.04 secs] 
50.930: [GC (CMS Initial Mark) [1 CMS-initial-mark: 6322K(6848K)] 9074K(9920K), 0.0030726 secs] [Times: user=0.00 sys=0.00, real=0.00 secs] 
50.933: [CMS-concurrent-mark-start]
50.934: [GC (Allocation Failure) 50.934: [ParNew (promotion failed): 2751K->3022K(3072K), 0.0190932 secs]50.953: [CMS50.956: [CMS-concurrent-mark: 0.004/0.023 secs] [Times: user=0.15 sys=0.00, real=0.02 secs] 
 (concurrent mode failure): 6324K->6322K(6848K), 0.0201590 secs] 9074K->9074K(9920K), [Metaspace: 3748K->3748K(1056768K)], 0.0393239 secs] [Times: user=0.17 sys=0.00, real=0.04 secs] 
50.973: [GC (Allocation Failure) 50.973: [ParNew (promotion failed): 2751K->3022K(3072K), 0.0241638 secs]50.998: [CMS: 6324K->6322K(6848K), 0.0164652 secs] 9074K->9074K(9920K), [Metaspace: 3748K->3748K(1056768K)], 0.0407078 secs] [Times: user=0.20 sys=0.00, real=0.04 secs] 
51.014: [GC (CMS Initial Mark) [1 CMS-initial-mark: 6322K(6848K)] 9074K(9920K), 0.0030452 secs] [Times: user=0.00 sys=0.00, real=0.00 secs] 
51.017: [CMS-concurrent-mark-start]
51.017: [GC (Allocation Failure) 51.017: [ParNew (promotion failed): 2751K->2997K(3072K), 0.0224738 secs]51.040: [CMS51.043: [CMS-concurrent-mark: 0.003/0.026 secs] [Times: user=0.17 sys=0.00, real=0.03 secs] 
 (concurrent mode failure): 6324K->6322K(6848K), 0.0201054 secs] 9074K->9074K(9920K), [Metaspace: 3748K->3748K(1056768K)], 0.0426465 secs] [Times: user=0.19 sys=0.00, real=0.05 secs] 
51.060: [GC (Allocation Failure) 51.061: [ParNew (promotion failed): 2751K->2997K(3072K), 0.0134617 secs]51.074: [CMS: 6324K->6322K(6848K), 0.0166832 secs] 9074K->9074K(9920K), [Metaspace: 3748K->3748K(1056768K)], 0.0302189 secs] [Times: user=0.09 sys=0.00, real=0.03 secs] 
51.091: [GC (CMS Initial Mark) [1 CMS-initial-mark: 6322K(6848K)] 9074K(9920K), 0.0030754 secs] [Times: user=0.00 sys=0.00, real=0.00 secs] 
51.094: [CMS-concurrent-mark-start]
51.094: [GC (Allocation Failure) 51.094: [ParNew (promotion failed): 2751K->2997K(3072K), 0.0156992 secs]51.110: [CMS51.114: [CMS-concurrent-mark: 0.004/0.019 secs] [Times: user=0.12 sys=0.01, real=0.02 secs] 
 (concurrent mode failure): 6324K->6322K(6848K), 0.0200915 secs] 9074K->9074K(9920K), [Metaspace: 3748K->3748K(1056768K)], 0.0358733 secs] [Times: user=0.14 sys=0.01, real=0.04 secs] 
51.131: [GC (Allocation Failure) 51.131: [ParNew (promotion failed): 2751K->3022K(3072K), 0.0155681 secs]51.147: [CMS: 6324K->6322K(6848K), 0.0165588 secs] 9074K->9074K(9920K), [Metaspace: 3748K->3748K(1056768K)], 0.0321911 secs] [Times: user=0.13 sys=0.00, real=0.03 secs] 
51.164: [GC (CMS Initial Mark) [1 CMS-initial-mark: 6322K(6848K)] 9074K(9920K), 0.0030527 secs] [Times: user=0.00 sys=0.00, real=0.00 secs] 
51.167: [CMS-concurrent-mark-start]
51.167: [GC (Allocation Failure) 51.167: [ParNew (promotion failed): 2751K->2997K(3072K), 0.0224993 secs]51.190: [CMS51.193: [CMS-concurrent-mark: 0.004/0.026 secs] [Times: user=0.18 sys=0.00, real=0.03 secs] 
 (concurrent mode failure): 6324K->6322K(6848K), 0.0194943 secs] 9074K->9074K(9920K), [Metaspace: 3748K->3748K(1056768K)], 0.0420860 secs] [Times: user=0.19 sys=0.00, real=0.05 secs] 
51.210: [GC (Allocation Failure) 51.210: [ParNew (promotion failed): 2751K->2997K(3072K), 0.0205179 secs]51.231: [CMS: 6324K->6322K(6848K), 0.0167467 secs] 9074K->9074K(9920K), [Metaspace: 3748K->3748K(1056768K)], 0.0373377 secs] [Times: user=0.17 sys=0.00, real=0.03 secs] 
51.248: [GC (CMS Initial Mark) [1 CMS-initial-mark: 6322K(6848K)] 9074K(9920K), 0.0030728 secs] [Times: user=0.00 sys=0.00, real=0.01 secs] 
51.251: [CMS-concurrent-mark-start]
51.251: [GC (Allocation Failure) 51.251: [ParNew (promotion failed): 2751K->3022K(3072K), 0.0191792 secs]51.270: [CMS51.273: [CMS-concurrent-mark: 0.003/0.023 secs] [Times: user=0.14 sys=0.00, real=0.02 secs] 
 (concurrent mode failure): 6324K->6322K(6848K), 0.0202808 secs] 9074K->9074K(9920K), [Metaspace: 3748K->3748K(1056768K)], 0.0395336 secs] [Times: user=0.16 sys=0.00, real=0.04 secs] 
51.291: [GC (Allocation Failure) 51.291: [ParNew (promotion failed): 2751K->3022K(3072K), 0.0169276 secs]51.307: [CMS: 6324K->6322K(6848K), 0.0170039 secs] 9074K->9074K(9920K), [Metaspace: 3748K->3748K(1056768K)], 0.0340146 secs] [Times: user=0.11 sys=0.00, real=0.03 secs] 
51.325: [GC (CMS Initial Mark) [1 CMS-initial-mark: 6322K(6848K)] 9074K(9920K), 0.0030961 secs] [Times: user=0.00 sys=0.00, real=0.01 secs] 
51.328: [CMS-concurrent-mark-start]
51.328: [GC (Allocation Failure) 51.328: [ParNew (promotion failed): 2751K->2997K(3072K), 0.0157124 secs]51.344: [CMS51.347: [CMS-concurrent-mark: 0.004/0.019 secs] [Times: user=0.12 sys=0.00, real=0.01 secs] 
 (concurrent mode failure): 6324K->6322K(6848K), 0.0199986 secs] 9074K->9074K(9920K), [Metaspace: 3748K->3748K(1056768K)], 0.0357835 secs] [Times: user=0.14 sys=0.00, real=0.03 secs] 
51.365: [GC (Allocation Failure) 51.365: [ParNew (promotion failed): 2751K->2997K(3072K), 0.0221642 secs]51.387: [CMS: 6324K->6322K(6848K), 0.0167121 secs] 9074K->9074K(9920K), [Metaspace: 3748K->3748K(1056768K)], 0.0389564 secs] [Times: user=0.16 sys=0.01, real=0.04 secs] 
51.404: [GC (CMS Initial Mark) [1 CMS-initial-mark: 6322K(6848K)] 9074K(9920K), 0.0031001 secs] [Times: user=0.00 sys=0.00, real=0.00 secs] 
51.408: [CMS-concurrent-mark-start]
51.408: [GC (Allocation Failure) 51.408: [ParNew (promotion failed): 2751K->2997K(3072K), 0.0205800 secs]51.428: [CMS51.432: [CMS-concurrent-mark: 0.004/0.024 secs] [Times: user=0.15 sys=0.00, real=0.03 secs] 
 (concurrent mode failure): 6324K->6322K(6848K), 0.0203600 secs] 9074K->9074K(9920K), [Metaspace: 3748K->3748K(1056768K)], 0.0410199 secs] [Times: user=0.17 sys=0.00, real=0.05 secs] 
51.449: [GC (Allocation Failure) 51.449: [ParNew (promotion failed): 2751K->2997K(3072K), 0.0203082 secs]51.470: [CMS: 6324K->6322K(6848K), 0.0171204 secs] 9074K->9074K(9920K), [Metaspace: 3748K->3748K(1056768K)], 0.0375076 secs] [Times: user=0.16 sys=0.00, real=0.03 secs] 
51.487: [GC (CMS Initial Mark) [1 CMS-initial-mark: 6322K(6848K)] 9074K(9920K), 0.0030684 secs] [Times: user=0.00 sys=0.00, real=0.01 secs] 
51.490: [CMS-concurrent-mark-start]
51.491: [GC (Allocation Failure) 51.491: [ParNew (promotion failed): 2751K->2997K(3072K), 0.0188883 secs]51.510: [CMS51.513: [CMS-concurrent-mark: 0.004/0.023 secs] [Times: user=0.13 sys=0.00, real=0.02 secs] 
 (concurrent mode failure): 6324K->6322K(6848K), 0.0213722 secs] 9074K->9074K(9920K), [Metaspace: 3748K->3748K(1056768K)], 0.0403459 secs] [Times: user=0.13 sys=0.00, real=0.04 secs] 
51.532: [GC (Allocation Failure) 51.532: [ParNew (promotion failed): 2751K->3022K(3072K), 0.0159246 secs]51.547: [CMS: 6324K->6322K(6848K), 0.0169984 secs] 9074K->9074K(9920K), [Metaspace: 3748K->3748K(1056768K)], 0.0330024 secs] [Times: user=0.13 sys=0.00, real=0.03 secs] 
51.565: [GC (CMS Initial Mark) [1 CMS-initial-mark: 6322K(6848K)] 9074K(9920K), 0.0030688 secs] [Times: user=0.01 sys=0.00, real=0.00 secs] 
51.568: [CMS-concurrent-mark-start]
51.568: [GC (Allocation Failure) 51.568: [ParNew (promotion failed): 2751K->3022K(3072K), 0.0200507 secs]51.588: [CMS51.591: [CMS-concurrent-mark: 0.004/0.024 secs] [Times: user=0.14 sys=0.01, real=0.03 secs] 
 (concurrent mode failure): 6324K->6322K(6848K), 0.0201108 secs] 9074K->9074K(9920K), [Metaspace: 3748K->3748K(1056768K)], 0.0402404 secs] [Times: user=0.16 sys=0.01, real=0.05 secs] 
51.609: [GC (Allocation Failure) 51.609: [ParNew (promotion failed): 2751K->2997K(3072K), 0.0168397 secs]51.625: [CMS: 6324K->6322K(6848K), 0.0167713 secs] 9074K->9074K(9920K), [Metaspace: 3748K->3748K(1056768K)], 0.0336755 secs] [Times: user=0.13 sys=0.00, real=0.03 secs] 
51.643: [GC (CMS Initial Mark) [1 CMS-initial-mark: 6322K(6848K)] 9074K(9920K), 0.0030669 secs] [Times: user=0.00 sys=0.00, real=0.00 secs] 
51.646: [CMS-concurrent-mark-start]
51.646: [GC (Allocation Failure) 51.646: [ParNew (promotion failed): 2751K->2997K(3072K), 0.0197662 secs]51.666: [CMS51.669: [CMS-concurrent-mark: 0.004/0.023 secs] [Times: user=0.14 sys=0.00, real=0.03 secs] 
 (concurrent mode failure): 6324K->6322K(6848K), 0.0201714 secs] 9074K->9074K(9920K), [Metaspace: 3748K->3748K(1056768K)], 0.0400127 secs] [Times: user=0.16 sys=0.00, real=0.04 secs] 
51.687: [GC (Allocation Failure) 51.687: [ParNew (promotion failed): 2751K->2997K(3072K), 0.0174980 secs]51.704: [CMS: 6324K->6322K(6848K), 0.0166393 secs] 9074K->9074K(9920K), [Metaspace: 3748K->3748K(1056768K)], 0.0342125 secs] [Times: user=0.14 sys=0.00, real=0.04 secs] 
51.721: [GC (CMS Initial Mark) [1 CMS-initial-mark: 6322K(6848K)] 9074K(9920K), 0.0031018 secs] [Times: user=0.00 sys=0.00, real=0.00 secs] 
51.724: [CMS-concurrent-mark-start]
51.725: [GC (Allocation Failure) 51.725: [ParNew (promotion failed): 2751K->3022K(3072K), 0.0151983 secs]51.740: [CMS51.743: [CMS-concurrent-mark: 0.003/0.019 secs] [Times: user=0.12 sys=0.00, real=0.02 secs] 
 (concurrent mode failure): 6324K->6322K(6848K), 0.0196492 secs] 9074K->9074K(9920K), [Metaspace: 3748K->3748K(1056768K)], 0.0349264 secs] [Times: user=0.13 sys=0.00, real=0.04 secs] 
51.761: [GC (Allocation Failure) 51.761: [ParNew (promotion failed): 2751K->2997K(3072K), 0.0154198 secs]51.776: [CMS: 6324K->6322K(6848K), 0.0171921 secs] 9074K->9074K(9920K), [Metaspace: 3748K->3748K(1056768K)], 0.0326822 secs] [Times: user=0.13 sys=0.00, real=0.03 secs] 
51.794: [GC (CMS Initial Mark) [1 CMS-initial-mark: 6322K(6848K)] 9074K(9920K), 0.0031152 secs] [Times: user=0.00 sys=0.00, real=0.00 secs] 
51.797: [CMS-concurrent-mark-start]
51.797: [GC (Allocation Failure) 51.797: [ParNew (promotion failed): 2751K->2997K(3072K), 0.0155873 secs]51.812: [CMS51.816: [CMS-concurrent-mark: 0.003/0.019 secs] [Times: user=0.10 sys=0.00, real=0.02 secs] 
 (concurrent mode failure): 6324K->6322K(6848K), 0.0199948 secs] 9074K->9074K(9920K), [Metaspace: 3748K->3748K(1056768K)], 0.0356485 secs] [Times: user=0.12 sys=0.01, real=0.04 secs] 
51.833: [GC (Allocation Failure) 51.833: [ParNew (promotion failed): 2751K->2997K(3072K), 0.0140095 secs]51.847: [CMS: 6324K->6322K(6848K), 0.0166989 secs] 9074K->9074K(9920K), [Metaspace: 3748K->3748K(1056768K)], 0.0307773 secs] [Times: user=0.11 sys=0.00, real=0.03 secs] 
51.864: [GC (CMS Initial Mark) [1 CMS-initial-mark: 6322K(6848K)] 9074K(9920K), 0.0031113 secs] [Times: user=0.01 sys=0.00, real=0.00 secs] 
51.867: [CMS-concurrent-mark-start]
51.867: [GC (Allocation Failure) 51.867: [ParNew (promotion failed): 2751K->3071K(3072K), 0.0217373 secs]51.889: [CMS51.892: [CMS-concurrent-mark: 0.004/0.025 secs] [Times: user=0.16 sys=0.00, real=0.03 secs] 
 (concurrent mode failure): 6324K->6322K(6848K), 0.0209226 secs] 9074K->9074K(9920K), [Metaspace: 3748K->3748K(1056768K)], 0.0427404 secs] [Times: user=0.18 sys=0.00, real=0.05 secs] 
51.910: [GC (Allocation Failure) 51.910: [ParNew (promotion failed): 2751K->2997K(3072K), 0.0160000 secs]51.926: [CMS: 6324K->6322K(6848K), 0.0170492 secs] 9074K->9074K(9920K), [Metaspace: 3748K->3748K(1056768K)], 0.0331482 secs] [Times: user=0.12 sys=0.00, real=0.03 secs] 
51.944: [GC (CMS Initial Mark) [1 CMS-initial-mark: 6322K(6848K)] 9074K(9920K), 0.0030951 secs] [Times: user=0.00 sys=0.00, real=0.00 secs] 
51.948: [CMS-concurrent-mark-start]
51.948: [GC (Allocation Failure) 51.948: [ParNew (promotion failed): 2751K->3046K(3072K), 0.0158883 secs]51.964: [CMS51.967: [CMS-concurrent-mark: 0.004/0.020 secs] [Times: user=0.12 sys=0.00, real=0.02 secs] 
 (concurrent mode failure): 6324K->6322K(6848K), 0.0203184 secs] 9074K->9074K(9920K), [Metaspace: 3748K->3748K(1056768K)], 0.0362828 secs] [Times: user=0.13 sys=0.00, real=0.04 secs] 
51.985: [GC (Allocation Failure) 51.985: [ParNew (promotion failed): 2751K->3046K(3072K), 0.0148060 secs]51.999: [CMS: 6324K->6322K(6848K), 0.0172320 secs] 9074K->9074K(9920K), [Metaspace: 3748K->3748K(1056768K)], 0.0321179 secs] [Times: user=0.13 sys=0.00, real=0.03 secs] 
52.017: [GC (CMS Initial Mark) [1 CMS-initial-mark: 6322K(6848K)] 9074K(9920K), 0.0031020 secs] [Times: user=0.00 sys=0.00, real=0.01 secs] 
52.020: [CMS-concurrent-mark-start]
52.021: [GC (Allocation Failure) 52.021: [ParNew (promotion failed): 2751K->2997K(3072K), 0.0201196 secs]52.041: [CMS52.044: [CMS-concurrent-mark: 0.004/0.024 secs] [Times: user=0.14 sys=0.00, real=0.02 secs] 
 (concurrent mode failure): 6324K->6322K(6848K), 0.0200687 secs] 9074K->9074K(9920K), [Metaspace: 3748K->3748K(1056768K)], 0.0402559 secs] [Times: user=0.15 sys=0.00, real=0.04 secs] 
52.061: [GC (Allocation Failure) 52.061: [ParNew (promotion failed): 2751K->2997K(3072K), 0.0148704 secs]52.076: [CMS: 6324K->6322K(6848K), 0.0167805 secs] 9074K->9074K(9920K), [Metaspace: 3748K->3748K(1056768K)], 0.0317345 secs] [Times: user=0.11 sys=0.01, real=0.03 secs] 
52.093: [GC (CMS Initial Mark) [1 CMS-initial-mark: 6322K(6848K)] 9074K(9920K), 0.0030936 secs] [Times: user=0.01 sys=0.00, real=0.00 secs] 
52.096: [CMS-concurrent-mark-start]
52.096: [GC (Allocation Failure) 52.096: [ParNew (promotion failed): 2751K->3022K(3072K), 0.0178715 secs]52.114: [CMS52.118: [CMS-concurrent-mark: 0.003/0.021 secs] [Times: user=0.14 sys=0.00, real=0.02 secs] 
 (concurrent mode failure): 6324K->6322K(6848K), 0.0198835 secs] 9074K->9074K(9920K), [Metaspace: 3748K->3748K(1056768K)], 0.0378154 secs] [Times: user=0.15 sys=0.00, real=0.04 secs] 
52.135: [GC (Allocation Failure) 52.135: [ParNew (promotion failed): 2751K->3071K(3072K), 0.0218975 secs]52.157: [CMS: 6324K->6322K(6848K), 0.0166818 secs] 9074K->9074K(9920K), [Metaspace: 3748K->3748K(1056768K)], 0.0386562 secs] [Times: user=0.18 sys=0.00, real=0.04 secs] 
52.174: [GC (CMS Initial Mark) [1 CMS-initial-mark: 6322K(6848K)] 9074K(9920K), 0.0030808 secs] [Times: user=0.00 sys=0.00, real=0.00 secs] 
52.177: [CMS-concurrent-mark-start]
52.177: [GC (Allocation Failure) 52.177: [ParNew (promotion failed): 2751K->2997K(3072K), 0.0136303 secs]52.191: [CMS52.194: [CMS-concurrent-mark: 0.004/0.017 secs] [Times: user=0.10 sys=0.00, real=0.02 secs] 
 (concurrent mode failure): 6324K->6322K(6848K), 0.0203461 secs] 9074K->9074K(9920K), [Metaspace: 3748K->3748K(1056768K)], 0.0340494 secs] [Times: user=0.12 sys=0.00, real=0.04 secs] 
52.212: [GC (Allocation Failure) 52.212: [ParNew (promotion failed): 2751K->2997K(3072K), 0.0202483 secs]52.232: [CMS: 6324K->6322K(6848K), 0.0167740 secs] 9074K->9074K(9920K), [Metaspace: 3748K->3748K(1056768K)], 0.0370980 secs] [Times: user=0.16 sys=0.00, real=0.04 secs] 
52.249: [GC (CMS Initial Mark) [1 CMS-initial-mark: 6322K(6848K)] 9074K(9920K), 0.0031256 secs] [Times: user=0.01 sys=0.00, real=0.00 secs] 
52.252: [CMS-concurrent-mark-start]
52.253: [GC (Allocation Failure) 52.253: [ParNew (promotion failed): 2751K->2997K(3072K), 0.0140690 secs]52.267: [CMS52.270: [CMS-concurrent-mark: 0.004/0.018 secs] [Times: user=0.10 sys=0.00, real=0.02 secs] 
 (concurrent mode failure): 6324K->6322K(6848K), 0.0197642 secs] 9074K->9074K(9920K), [Metaspace: 3748K->3748K(1056768K)], 0.0339083 secs] [Times: user=0.12 sys=0.00, real=0.03 secs] 
52.288: [GC (Allocation Failure) 52.288: [ParNew (promotion failed): 2751K->3022K(3072K), 0.0148448 secs]52.302: [CMS: 6324K->6322K(6848K), 0.0167705 secs] 9074K->9074K(9920K), [Metaspace: 3748K->3748K(1056768K)], 0.0316941 secs] [Times: user=0.12 sys=0.00, real=0.04 secs] 
52.320: [GC (CMS Initial Mark) [1 CMS-initial-mark: 6322K(6848K)] 9074K(9920K), 0.0030766 secs] [Times: user=0.00 sys=0.00, real=0.00 secs] 
52.323: [CMS-concurrent-mark-start]
52.323: [GC (Allocation Failure) 52.323: [ParNew (promotion failed): 2751K->3022K(3072K), 0.0136250 secs]52.336: [CMS52.340: [CMS-concurrent-mark: 0.003/0.017 secs] [Times: user=0.10 sys=0.01, real=0.02 secs] 
 (concurrent mode failure): 6324K->6322K(6848K), 0.0202282 secs] 9074K->9074K(9920K), [Metaspace: 3748K->3748K(1056768K)], 0.0339190 secs] [Times: user=0.12 sys=0.01, real=0.03 secs] 
52.357: [GC (Allocation Failure) 52.357: [ParNew (promotion failed): 2751K->3022K(3072K), 0.0185720 secs]52.375: [CMS: 6324K->6322K(6848K), 0.0166575 secs] 9074K->9074K(9920K), [Metaspace: 3748K->3748K(1056768K)], 0.0352959 secs] [Times: user=0.15 sys=0.00, real=0.04 secs] 
52.393: [GC (CMS Initial Mark) [1 CMS-initial-mark: 6322K(6848K)] 9074K(9920K), 0.0031029 secs] [Times: user=0.00 sys=0.00, real=0.00 secs] 
52.396: [CMS-concurrent-mark-start]
52.396: [GC (Allocation Failure) 52.396: [ParNew (promotion failed): 2751K->3022K(3072K), 0.0219955 secs]52.418: [CMS52.422: [CMS-concurrent-mark: 0.004/0.026 secs] [Times: user=0.15 sys=0.00, real=0.03 secs] 
 (concurrent mode failure): 6324K->6322K(6848K), 0.0202764 secs] 9074K->9074K(9920K), [Metaspace: 3748K->3748K(1056768K)], 0.0423525 secs] [Times: user=0.17 sys=0.00, real=0.05 secs] 
52.439: [GC (Allocation Failure) 52.439: [ParNew (promotion failed): 2751K->3022K(3072K), 0.0157440 secs]52.455: [CMS: 6324K->6322K(6848K), 0.0167762 secs] 9074K->9074K(9920K), [Metaspace: 3748K->3748K(1056768K)], 0.0325975 secs] [Times: user=0.13 sys=0.00, real=0.03 secs] 
52.472: [GC (CMS Initial Mark) [1 CMS-initial-mark: 6322K(6848K)] 9074K(9920K), 0.0030805 secs] [Times: user=0.00 sys=0.00, real=0.00 secs] 
52.475: [CMS-concurrent-mark-start]
52.475: [GC (Allocation Failure) 52.475: [ParNew (promotion failed): 2751K->2997K(3072K), 0.0221586 secs]52.497: [CMS52.501: [CMS-concurrent-mark: 0.004/0.026 secs] [Times: user=0.17 sys=0.00, real=0.03 secs] 
 (concurrent mode failure): 6324K->6322K(6848K), 0.0206588 secs] 9074K->9074K(9920K), [Metaspace: 3748K->3748K(1056768K)], 0.0428863 secs] [Times: user=0.18 sys=0.00, real=0.05 secs] 
52.519: [GC (Allocation Failure) 52.519: [ParNew (promotion failed): 2751K->3046K(3072K), 0.0136367 secs]52.533: [CMS: 6324K->6322K(6848K), 0.0167312 secs] 9074K->9074K(9920K), [Metaspace: 3748K->3748K(1056768K)], 0.0304332 secs] [Times: user=0.10 sys=0.00, real=0.03 secs] 
52.550: [GC (CMS Initial Mark) [1 CMS-initial-mark: 6322K(6848K)] 9074K(9920K), 0.0030595 secs] [Times: user=0.01 sys=0.00, real=0.00 secs] 
52.553: [CMS-concurrent-mark-start]
52.553: [GC (Allocation Failure) 52.553: [ParNew (promotion failed): 2751K->3022K(3072K), 0.0166153 secs]52.570: [CMS52.573: [CMS-concurrent-mark: 0.004/0.020 secs] [Times: user=0.13 sys=0.00, real=0.02 secs] 
 (concurrent mode failure): 6324K->6322K(6848K), 0.0199319 secs] 9074K->9074K(9920K), [Metaspace: 3748K->3748K(1056768K)], 0.0366127 secs] [Times: user=0.14 sys=0.00, real=0.04 secs] 
52.590: [GC (Allocation Failure) 52.590: [ParNew (promotion failed): 2751K->2997K(3072K), 0.0201371 secs]52.610: [CMS: 6324K->6322K(6848K), 0.0165227 secs] 9074K->9074K(9920K), [Metaspace: 3748K->3748K(1056768K)], 0.0367140 secs] [Times: user=0.17 sys=0.01, real=0.03 secs] 
52.627: [GC (CMS Initial Mark) [1 CMS-initial-mark: 6322K(6848K)] 9074K(9920K), 0.0030675 secs] [Times: user=0.00 sys=0.00, real=0.01 secs] 
52.630: [CMS-concurrent-mark-start]
52.630: [GC (Allocation Failure) 52.630: [ParNew (promotion failed): 2751K->2997K(3072K), 0.0148332 secs]52.645: [CMS52.649: [CMS-concurrent-mark: 0.003/0.018 secs] [Times: user=0.10 sys=0.00, real=0.02 secs] 
 (concurrent mode failure): 6324K->6322K(6848K), 0.0200571 secs] 9074K->9074K(9920K), [Metaspace: 3748K->3748K(1056768K)], 0.0349630 secs] [Times: user=0.12 sys=0.00, real=0.03 secs] 
52.666: [GC (Allocation Failure) 52.666: [ParNew (promotion failed): 2751K->3022K(3072K), 0.0169175 secs]52.683: [CMS: 6324K->6322K(6848K), 0.0166027 secs] 9074K->9074K(9920K), [Metaspace: 3748K->3748K(1056768K)], 0.0335869 secs] [Times: user=0.14 sys=0.00, real=0.04 secs] 
52.700: [GC (CMS Initial Mark) [1 CMS-initial-mark: 6322K(6848K)] 9074K(9920K), 0.0030311 secs] [Times: user=0.00 sys=0.00, real=0.00 secs] 
52.703: [CMS-concurrent-mark-start]
52.703: [GC (Allocation Failure) 52.703: [ParNew (promotion failed): 2751K->3022K(3072K), 0.0226161 secs]52.725: [CMS52.729: [CMS-concurrent-mark: 0.004/0.026 secs] [Times: user=0.18 sys=0.00, real=0.03 secs] 
 (concurrent mode failure): 6324K->6322K(6848K), 0.0202268 secs] 9074K->9074K(9920K), [Metaspace: 3748K->3748K(1056768K)], 0.0429085 secs] [Times: user=0.20 sys=0.00, real=0.04 secs] 
52.746: [GC (Allocation Failure) 52.746: [ParNew (promotion failed): 2751K->3022K(3072K), 0.0141912 secs]52.761: [CMS: 6324K->6322K(6848K), 0.0165420 secs] 9074K->9074K(9920K), [Metaspace: 3748K->3748K(1056768K)], 0.0307946 secs] [Times: user=0.12 sys=0.00, real=0.03 secs] 
52.778: [GC (CMS Initial Mark) [1 CMS-initial-mark: 6322K(6848K)] 9074K(9920K), 0.0030326 secs] [Times: user=0.00 sys=0.00, real=0.01 secs] 
52.781: [CMS-concurrent-mark-start]
52.781: [GC (Allocation Failure) 52.781: [ParNew (promotion failed): 2751K->2997K(3072K), 0.0204812 secs]52.802: [CMS52.805: [CMS-concurrent-mark: 0.004/0.024 secs] [Times: user=0.15 sys=0.00, real=0.02 secs] 
 (concurrent mode failure): 6324K->6322K(6848K), 0.0198163 secs] 9074K->9074K(9920K), [Metaspace: 3748K->3748K(1056768K)], 0.0403578 secs] [Times: user=0.17 sys=0.00, real=0.04 secs] 
52.822: [GC (Allocation Failure) 52.822: [ParNew (promotion failed): 2751K->2997K(3072K), 0.0194956 secs]52.842: [CMS: 6324K->6322K(6848K), 0.0169432 secs] 9074K->9074K(9920K), [Metaspace: 3748K->3748K(1056768K)], 0.0365057 secs] [Times: user=0.14 sys=0.00, real=0.04 secs] 
52.859: [GC (CMS Initial Mark) [1 CMS-initial-mark: 6322K(6848K)] 9074K(9920K), 0.0030643 secs] [Times: user=0.00 sys=0.00, real=0.00 secs] 
52.862: [CMS-concurrent-mark-start]
52.862: [GC (Allocation Failure) 52.862: [ParNew (promotion failed): 2751K->3046K(3072K), 0.0128600 secs]52.875: [CMS52.878: [CMS-concurrent-mark: 0.003/0.016 secs] [Times: user=0.09 sys=0.00, real=0.02 secs] 
 (concurrent mode failure): 6324K->6322K(6848K), 0.0200861 secs] 9074K->9074K(9920K), [Metaspace: 3748K->3748K(1056768K)], 0.0330197 secs] [Times: user=0.11 sys=0.00, real=0.03 secs] 
52.895: [GC (Allocation Failure) 52.895: [ParNew (promotion failed): 2751K->3022K(3072K), 0.0138805 secs]52.909: [CMS: 6324K->6322K(6848K), 0.0165803 secs] 9074K->9074K(9920K), [Metaspace: 3748K->3748K(1056768K)], 0.0305395 secs] [Times: user=0.11 sys=0.01, real=0.03 secs] 
52.926: [GC (CMS Initial Mark) [1 CMS-initial-mark: 6322K(6848K)] 9074K(9920K), 0.0030932 secs] [Times: user=0.00 sys=0.00, real=0.01 secs] 
52.929: [CMS-concurrent-mark-start]
52.930: [GC (Allocation Failure) 52.930: [ParNew (promotion failed): 2751K->2997K(3072K), 0.0193397 secs]52.949: [CMS52.952: [CMS-concurrent-mark: 0.004/0.023 secs] [Times: user=0.12 sys=0.00, real=0.02 secs] 
 (concurrent mode failure): 6324K->6322K(6848K), 0.0201564 secs] 9074K->9074K(9920K), [Metaspace: 3748K->3748K(1056768K)], 0.0395549 secs] [Times: user=0.13 sys=0.00, real=0.04 secs] 
52.970: [GC (Allocation Failure) 52.970: [ParNew (promotion failed): 2751K->3046K(3072K), 0.0197915 secs]52.989: [CMS: 6324K->6322K(6848K), 0.0166828 secs] 9074K->9074K(9920K), [Metaspace: 3748K->3748K(1056768K)], 0.0365533 secs] [Times: user=0.16 sys=0.00, real=0.03 secs] 
53.007: [GC (CMS Initial Mark) [1 CMS-initial-mark: 6322K(6848K)] 9074K(9920K), 0.0030969 secs] [Times: user=0.00 sys=0.00, real=0.01 secs] 
53.010: [CMS-concurrent-mark-start]
53.010: [GC (Allocation Failure) 53.010: [ParNew (promotion failed): 2751K->3046K(3072K), 0.0201652 secs]53.030: [CMS53.034: [CMS-concurrent-mark: 0.004/0.024 secs] [Times: user=0.14 sys=0.00, real=0.02 secs] 
 (concurrent mode failure): 6324K->6322K(6848K), 0.0202618 secs] 9074K->9074K(9920K), [Metaspace: 3748K->3748K(1056768K)], 0.0404912 secs] [Times: user=0.16 sys=0.00, real=0.04 secs] 
53.051: [GC (Allocation Failure) 53.051: [ParNew (promotion failed): 2751K->2997K(3072K), 0.0188517 secs]53.070: [CMS: 6324K->6322K(6848K), 0.0167680 secs] 9074K->9074K(9920K), [Metaspace: 3748K->3748K(1056768K)], 0.0356908 secs] [Times: user=0.15 sys=0.00, real=0.03 secs] 
53.088: [GC (CMS Initial Mark) [1 CMS-initial-mark: 6322K(6848K)] 9074K(9920K), 0.0030889 secs] [Times: user=0.00 sys=0.00, real=0.01 secs] 
53.091: [CMS-concurrent-mark-start]
53.091: [GC (Allocation Failure) 53.091: [ParNew (promotion failed): 2751K->2997K(3072K), 0.0192601 secs]53.110: [CMS53.113: [CMS-concurrent-mark: 0.004/0.023 secs] [Times: user=0.14 sys=0.00, real=0.02 secs] 
 (concurrent mode failure): 6324K->6322K(6848K), 0.0197836 secs] 9074K->9074K(9920K), [Metaspace: 3748K->3748K(1056768K)], 0.0391059 secs] [Times: user=0.16 sys=0.00, real=0.04 secs] 
53.130: [GC (Allocation Failure) 53.130: [ParNew (promotion failed): 2751K->2997K(3072K), 0.0202735 secs]53.151: [CMS: 6324K->6322K(6848K), 0.0165658 secs] 9074K->9074K(9920K), [Metaspace: 3748K->3748K(1056768K)], 0.0369055 secs] [Times: user=0.15 sys=0.00, real=0.03 secs] 
53.167: [GC (CMS Initial Mark) [1 CMS-initial-mark: 6322K(6848K)] 9074K(9920K), 0.0030769 secs] [Times: user=0.01 sys=0.00, real=0.01 secs] 
53.171: [CMS-concurrent-mark-start]
53.171: [GC (Allocation Failure) 53.171: [ParNew (promotion failed): 2751K->3022K(3072K), 0.0205090 secs]53.191: [CMS53.195: [CMS-concurrent-mark: 0.003/0.024 secs] [Times: user=0.15 sys=0.00, real=0.02 secs] 
 (concurrent mode failure): 6324K->6322K(6848K), 0.0198915 secs] 9074K->9074K(9920K), [Metaspace: 3748K->3748K(1056768K)], 0.0404639 secs] [Times: user=0.17 sys=0.00, real=0.04 secs] 
53.211: [GC (Allocation Failure) 53.212: [ParNew (promotion failed): 2751K->2997K(3072K), 0.0230900 secs]53.235: [CMS: 6324K->6322K(6848K), 0.0166567 secs] 9074K->9074K(9920K), [Metaspace: 3748K->3748K(1056768K)], 0.0398041 secs] [Times: user=0.18 sys=0.01, real=0.04 secs] 
53.252: [GC (CMS Initial Mark) [1 CMS-initial-mark: 6322K(6848K)] 9074K(9920K), 0.0031980 secs] [Times: user=0.00 sys=0.00, real=0.00 secs] 
53.255: [CMS-concurrent-mark-start]
53.255: [GC (Allocation Failure) 53.255: [ParNew (promotion failed): 2751K->2997K(3072K), 0.0211985 secs]53.276: [CMS53.280: [CMS-concurrent-mark: 0.004/0.025 secs] [Times: user=0.16 sys=0.00, real=0.03 secs] 
 (concurrent mode failure): 6324K->6322K(6848K), 0.0200537 secs] 9074K->9074K(9920K), [Metaspace: 3748K->3748K(1056768K)], 0.0413268 secs] [Times: user=0.18 sys=0.00, real=0.04 secs] 
53.297: [GC (Allocation Failure) 53.297: [ParNew (promotion failed): 2751K->3022K(3072K), 0.0166435 secs]53.314: [CMS: 6324K->6322K(6848K), 0.0165397 secs] 9074K->9074K(9920K), [Metaspace: 3748K->3748K(1056768K)], 0.0332565 secs] [Times: user=0.13 sys=0.00, real=0.04 secs] 
53.331: [GC (CMS Initial Mark) [1 CMS-initial-mark: 6322K(6848K)] 9074K(9920K), 0.0030733 secs] [Times: user=0.00 sys=0.00, real=0.00 secs] 
53.334: [CMS-concurrent-mark-start]
53.335: [GC (Allocation Failure) 53.335: [ParNew (promotion failed): 2751K->3022K(3072K), 0.0174637 secs]53.352: [CMS53.355: [CMS-concurrent-mark: 0.004/0.021 secs] [Times: user=0.13 sys=0.00, real=0.02 secs] 
 (concurrent mode failure): 6324K->6322K(6848K), 0.0196445 secs] 9074K->9074K(9920K), [Metaspace: 3748K->3748K(1056768K)], 0.0371747 secs] [Times: user=0.14 sys=0.00, real=0.04 secs] 
53.372: [GC (Allocation Failure) 53.372: [ParNew (promotion failed): 2751K->3022K(3072K), 0.0228725 secs]53.395: [CMS: 6324K->6322K(6848K), 0.0166043 secs] 9074K->9074K(9920K), [Metaspace: 3748K->3748K(1056768K)], 0.0395459 secs] [Times: user=0.18 sys=0.00, real=0.04 secs] 
53.412: [GC (CMS Initial Mark) [1 CMS-initial-mark: 6322K(6848K)] 9074K(9920K), 0.0030571 secs] [Times: user=0.01 sys=0.00, real=0.00 secs] 
53.415: [CMS-concurrent-mark-start]
53.415: [GC (Allocation Failure) 53.415: [ParNew (promotion failed): 2751K->2997K(3072K), 0.0214453 secs]53.437: [CMS53.440: [CMS-concurrent-mark: 0.004/0.025 secs] [Times: user=0.16 sys=0.00, real=0.03 secs] 
 (concurrent mode failure): 6324K->6322K(6848K), 0.0202349 secs] 9074K->9074K(9920K), [Metaspace: 3748K->3748K(1056768K)], 0.0417537 secs] [Times: user=0.18 sys=0.00, real=0.04 secs] 
53.457: [GC (Allocation Failure) 53.457: [ParNew (promotion failed): 2751K->3022K(3072K), 0.0171533 secs]53.474: [CMS: 6324K->6322K(6848K), 0.0165214 secs] 9074K->9074K(9920K), [Metaspace: 3748K->3748K(1056768K)], 0.0337394 secs] [Times: user=0.14 sys=0.00, real=0.04 secs] 
53.491: [GC (CMS Initial Mark) [1 CMS-initial-mark: 6322K(6848K)] 9074K(9920K), 0.0030688 secs] [Times: user=0.00 sys=0.00, real=0.00 secs] 
53.494: [CMS-concurrent-mark-start]
53.495: [GC (Allocation Failure) 53.495: [ParNew (promotion failed): 2751K->2997K(3072K), 0.0133695 secs]53.508: [CMS53.511: [CMS-concurrent-mark: 0.004/0.017 secs] [Times: user=0.10 sys=0.01, real=0.02 secs] 
 (concurrent mode failure): 6324K->6322K(6848K), 0.0201545 secs] 9074K->9074K(9920K), [Metaspace: 3748K->3748K(1056768K)], 0.0335838 secs] [Times: user=0.12 sys=0.01, real=0.04 secs] 
53.529: [GC (Allocation Failure) 53.529: [ParNew (promotion failed): 2751K->3046K(3072K), 0.0176147 secs]53.546: [CMS: 6324K->6322K(6848K), 0.0167709 secs] 9074K->9074K(9920K), [Metaspace: 3748K->3748K(1056768K)], 0.0344631 secs] [Times: user=0.13 sys=0.00, real=0.03 secs] 
53.564: [GC (CMS Initial Mark) [1 CMS-initial-mark: 6322K(6848K)] 9074K(9920K), 0.0030680 secs] [Times: user=0.01 sys=0.00, real=0.00 secs] 
53.567: [CMS-concurrent-mark-start]
53.567: [GC (Allocation Failure) 53.567: [ParNew (promotion failed): 2751K->3046K(3072K), 0.0153101 secs]53.582: [CMS53.586: [CMS-concurrent-mark: 0.004/0.019 secs] [Times: user=0.12 sys=0.00, real=0.02 secs] 
 (concurrent mode failure): 6324K->6322K(6848K), 0.0201861 secs] 9074K->9074K(9920K), [Metaspace: 3748K->3748K(1056768K)], 0.0355620 secs] [Times: user=0.13 sys=0.00, real=0.04 secs] 
53.603: [GC (Allocation Failure) 53.603: [ParNew (promotion failed): 2751K->3022K(3072K), 0.0163447 secs]53.620: [CMS: 6324K->6322K(6848K), 0.0165677 secs] 9074K->9074K(9920K), [Metaspace: 3748K->3748K(1056768K)], 0.0329831 secs] [Times: user=0.14 sys=0.00, real=0.03 secs] 
53.637: [GC (CMS Initial Mark) [1 CMS-initial-mark: 6322K(6848K)] 9074K(9920K), 0.0030473 secs] [Times: user=0.00 sys=0.00, real=0.01 secs] 
53.640: [CMS-concurrent-mark-start]
53.641: [GC (Allocation Failure) 53.641: [ParNew (promotion failed): 2751K->2997K(3072K), 0.0143226 secs]53.656: [CMS53.658: [CMS-concurrent-mark: 0.004/0.018 secs] [Times: user=0.11 sys=0.00, real=0.01 secs] 
 (concurrent mode failure): 6324K->6322K(6848K), 0.0189003 secs] 9074K->9074K(9920K), [Metaspace: 3748K->3748K(1056768K)], 0.0332920 secs] [Times: user=0.11 sys=0.00, real=0.03 secs] 
53.675: [GC (Allocation Failure) 53.675: [ParNew (promotion failed): 2751K->3022K(3072K), 0.0159866 secs]53.691: [CMS: 6324K->6322K(6848K), 0.0165433 secs] 9074K->9074K(9920K), [Metaspace: 3748K->3748K(1056768K)], 0.0325975 secs] [Times: user=0.14 sys=0.00, real=0.03 secs] 
53.708: [GC (CMS Initial Mark) [1 CMS-initial-mark: 6322K(6848K)] 9074K(9920K), 0.0030374 secs] [Times: user=0.00 sys=0.00, real=0.01 secs] 
53.711: [CMS-concurrent-mark-start]
53.711: [GC (Allocation Failure) 53.711: [ParNew (promotion failed): 2751K->3022K(3072K), 0.0185679 secs]53.729: [CMS53.733: [CMS-concurrent-mark: 0.004/0.022 secs] [Times: user=0.15 sys=0.00, real=0.02 secs] 
 (concurrent mode failure): 6324K->6322K(6848K), 0.0199845 secs] 9074K->9074K(9920K), [Metaspace: 3748K->3748K(1056768K)], 0.0386122 secs] [Times: user=0.17 sys=0.00, real=0.04 secs] 
53.750: [GC (Allocation Failure) 53.750: [ParNew (promotion failed): 2751K->3022K(3072K), 0.0174729 secs]53.767: [CMS: 6324K->6322K(6848K), 0.0165062 secs] 9074K->9074K(9920K), [Metaspace: 3748K->3748K(1056768K)], 0.0340521 secs] [Times: user=0.15 sys=0.00, real=0.03 secs] 
53.784: [GC (CMS Initial Mark) [1 CMS-initial-mark: 6322K(6848K)] 9074K(9920K), 0.0030740 secs] [Times: user=0.00 sys=0.00, real=0.00 secs] 
53.787: [CMS-concurrent-mark-start]
53.787: [GC (Allocation Failure) 53.787: [ParNew (promotion failed): 2751K->2997K(3072K), 0.0226835 secs]53.810: [CMS53.814: [CMS-concurrent-mark: 0.004/0.026 secs] [Times: user=0.18 sys=0.00, real=0.03 secs] 
 (concurrent mode failure): 6324K->6322K(6848K), 0.0203969 secs] 9074K->9074K(9920K), [Metaspace: 3748K->3748K(1056768K)], 0.0431555 secs] [Times: user=0.19 sys=0.00, real=0.05 secs] 
53.831: [GC (Allocation Failure) 53.831: [ParNew (promotion failed): 2751K->2997K(3072K), 0.0152449 secs]53.847: [CMS: 6324K->6322K(6848K), 0.0165971 secs] 9074K->9074K(9920K), [Metaspace: 3748K->3748K(1056768K)], 0.0319141 secs] [Times: user=0.13 sys=0.00, real=0.03 secs] 
53.864: [GC (CMS Initial Mark) [1 CMS-initial-mark: 6322K(6848K)] 9074K(9920K), 0.0030742 secs] [Times: user=0.00 sys=0.00, real=0.00 secs] 
53.867: [CMS-concurrent-mark-start]
53.867: [GC (Allocation Failure) 53.867: [ParNew (promotion failed): 2751K->2997K(3072K), 0.0149980 secs]53.882: [CMS53.885: [CMS-concurrent-mark: 0.004/0.019 secs] [Times: user=0.12 sys=0.01, real=0.02 secs] 
 (concurrent mode failure): 6324K->6322K(6848K), 0.0195526 secs] 9074K->9074K(9920K), [Metaspace: 3748K->3748K(1056768K)], 0.0346216 secs] [Times: user=0.14 sys=0.00, real=0.04 secs] 
53.903: [GC (Allocation Failure) 53.903: [ParNew (promotion failed): 2751K->3022K(3072K), 0.0173988 secs]53.920: [CMS: 6324K->6322K(6848K), 0.0167769 secs] 9074K->9074K(9920K), [Metaspace: 3748K->3748K(1056768K)], 0.0342479 secs] [Times: user=0.14 sys=0.00, real=0.03 secs] 
53.937: [GC (CMS Initial Mark) [1 CMS-initial-mark: 6322K(6848K)] 9074K(9920K), 0.0030379 secs] [Times: user=0.01 sys=0.00, real=0.01 secs] 
53.940: [CMS-concurrent-mark-start]
53.940: [GC (Allocation Failure) 53.940: [ParNew (promotion failed): 2751K->3022K(3072K), 0.0181322 secs]53.958: [CMS53.962: [CMS-concurrent-mark: 0.003/0.022 secs] [Times: user=0.14 sys=0.00, real=0.02 secs] 
 (concurrent mode failure): 6324K->6322K(6848K), 0.0199533 secs] 9074K->9074K(9920K), [Metaspace: 3748K->3748K(1056768K)], 0.0381517 secs] [Times: user=0.16 sys=0.00, real=0.04 secs] 
53.979: [GC (Allocation Failure) 53.979: [ParNew (promotion failed): 2751K->3022K(3072K), 0.0165077 secs]53.995: [CMS: 6324K->6322K(6848K), 0.0164621 secs] 9074K->9074K(9920K), [Metaspace: 3748K->3748K(1056768K)], 0.0330444 secs] [Times: user=0.14 sys=0.00, real=0.03 secs] 
54.012: [GC (CMS Initial Mark) [1 CMS-initial-mark: 6322K(6848K)] 9074K(9920K), 0.0030612 secs] [Times: user=0.00 sys=0.00, real=0.00 secs] 
54.015: [CMS-concurrent-mark-start]
54.015: [GC (Allocation Failure) 54.015: [ParNew (promotion failed): 2751K->3022K(3072K), 0.0138862 secs]54.029: [CMS54.033: [CMS-concurrent-mark: 0.004/0.018 secs] [Times: user=0.10 sys=0.00, real=0.02 secs] 
 (concurrent mode failure): 6324K->6322K(6848K), 0.0199373 secs] 9074K->9074K(9920K), [Metaspace: 3748K->3748K(1056768K)], 0.0338878 secs] [Times: user=0.12 sys=0.00, real=0.04 secs] 
54.050: [GC (Allocation Failure) 54.050: [ParNew (promotion failed): 2751K->2997K(3072K), 0.0134300 secs]54.063: [CMS: 6324K->6322K(6848K), 0.0169833 secs] 9074K->9074K(9920K), [Metaspace: 3748K->3748K(1056768K)], 0.0304827 secs] [Times: user=0.11 sys=0.00, real=0.03 secs] 
54.081: [GC (CMS Initial Mark) [1 CMS-initial-mark: 6322K(6848K)] 9074K(9920K), 0.0030460 secs] [Times: user=0.00 sys=0.00, real=0.00 secs] 
54.084: [CMS-concurrent-mark-start]
54.084: [GC (Allocation Failure) 54.084: [ParNew (promotion failed): 2751K->3022K(3072K), 0.0199717 secs]54.104: [CMS54.108: [CMS-concurrent-mark: 0.003/0.024 secs] [Times: user=0.16 sys=0.00, real=0.02 secs] 
 (concurrent mode failure): 6324K->6322K(6848K), 0.0200526 secs] 9074K->9074K(9920K), [Metaspace: 3748K->3748K(1056768K)], 0.0401016 secs] [Times: user=0.18 sys=0.00, real=0.04 secs] 
54.125: [GC (Allocation Failure) 54.125: [ParNew (promotion failed): 2751K->2997K(3072K), 0.0229704 secs]54.148: [CMS: 6324K->6322K(6848K), 0.0166332 secs] 9074K->9074K(9920K), [Metaspace: 3748K->3748K(1056768K)], 0.0396711 secs] [Times: user=0.19 sys=0.00, real=0.04 secs] 
54.165: [GC (CMS Initial Mark) [1 CMS-initial-mark: 6322K(6848K)] 9074K(9920K), 0.0030392 secs] [Times: user=0.00 sys=0.00, real=0.01 secs] 
54.168: [CMS-concurrent-mark-start]
54.168: [GC (Allocation Failure) 54.169: [ParNew (promotion failed): 2751K->2997K(3072K), 0.0218241 secs]54.190: [CMS54.194: [CMS-concurrent-mark: 0.004/0.025 secs] [Times: user=0.17 sys=0.00, real=0.02 secs] 
 (concurrent mode failure): 6324K->6322K(6848K), 0.0198297 secs] 9074K->9074K(9920K), [Metaspace: 3748K->3748K(1056768K)], 0.0417211 secs] [Times: user=0.18 sys=0.00, real=0.04 secs] 
54.211: [GC (Allocation Failure) 54.211: [ParNew (promotion failed): 2751K->2997K(3072K), 0.0143792 secs]54.225: [CMS: 6324K->6322K(6848K), 0.0165785 secs] 9074K->9074K(9920K), [Metaspace: 3748K->3748K(1056768K)], 0.0310310 secs] [Times: user=0.12 sys=0.01, real=0.03 secs] 
54.242: [GC (CMS Initial Mark) [1 CMS-initial-mark: 6322K(6848K)] 9074K(9920K), 0.0030565 secs] [Times: user=0.00 sys=0.00, real=0.00 secs] 
54.245: [CMS-concurrent-mark-start]
54.245: [GC (Allocation Failure) 54.245: [ParNew (promotion failed): 2751K->2997K(3072K), 0.0190137 secs]54.264: [CMS54.267: [CMS-concurrent-mark: 0.003/0.023 secs] [Times: user=0.14 sys=0.00, real=0.02 secs] 
 (concurrent mode failure): 6324K->6322K(6848K), 0.0199443 secs] 9074K->9074K(9920K), [Metaspace: 3748K->3748K(1056768K)], 0.0390181 secs] [Times: user=0.15 sys=0.00, real=0.04 secs] 
54.284: [GC (Allocation Failure) 54.284: [ParNew (promotion failed): 2751K->3022K(3072K), 0.0164148 secs]54.301: [CMS: 6324K->6322K(6848K), 0.0164861 secs] 9074K->9074K(9920K), [Metaspace: 3748K->3748K(1056768K)], 0.0329724 secs] [Times: user=0.14 sys=0.00, real=0.03 secs] 
54.318: [GC (CMS Initial Mark) [1 CMS-initial-mark: 6322K(6848K)] 9074K(9920K), 0.0030649 secs] [Times: user=0.00 sys=0.00, real=0.01 secs] 
54.321: [CMS-concurrent-mark-start]
54.321: [GC (Allocation Failure) 54.321: [ParNew (promotion failed): 2751K->2997K(3072K), 0.0231342 secs]54.344: [CMS54.348: [CMS-concurrent-mark: 0.004/0.027 secs] [Times: user=0.17 sys=0.00, real=0.02 secs] 
 (concurrent mode failure): 6324K->6322K(6848K), 0.0199585 secs] 9074K->9074K(9920K), [Metaspace: 3748K->3748K(1056768K)], 0.0431565 secs] [Times: user=0.19 sys=0.00, real=0.04 secs] 
54.365: [GC (Allocation Failure) 54.365: [ParNew (promotion failed): 2751K->2997K(3072K), 0.0233149 secs]54.388: [CMS: 6324K->6322K(6848K), 0.0166202 secs] 9074K->9074K(9920K), [Metaspace: 3748K->3748K(1056768K)], 0.0400038 secs] [Times: user=0.19 sys=0.00, real=0.04 secs] 
54.405: [GC (CMS Initial Mark) [1 CMS-initial-mark: 6322K(6848K)] 9074K(9920K), 0.0031000 secs] [Times: user=0.01 sys=0.00, real=0.01 secs] 
54.408: [CMS-concurrent-mark-start]
54.409: [GC (Allocation Failure) 54.409: [ParNew (promotion failed): 2751K->3046K(3072K), 0.0184581 secs]54.428: [CMS54.431: [CMS-concurrent-mark: 0.004/0.022 secs] [Times: user=0.14 sys=0.00, real=0.02 secs] 
 (concurrent mode failure): 6324K->6322K(6848K), 0.0195839 secs] 9074K->9074K(9920K), [Metaspace: 3748K->3748K(1056768K)], 0.0381140 secs] [Times: user=0.16 sys=0.00, real=0.03 secs] 
54.448: [GC (Allocation Failure) 54.448: [ParNew (promotion failed): 2751K->2997K(3072K), 0.0142341 secs]54.462: [CMS: 6324K->6322K(6848K), 0.0164869 secs] 9074K->9074K(9920K), [Metaspace: 3748K->3748K(1056768K)], 0.0307808 secs] [Times: user=0.12 sys=0.00, real=0.04 secs] 
54.479: [GC (CMS Initial Mark) [1 CMS-initial-mark: 6322K(6848K)] 9074K(9920K), 0.0030441 secs] [Times: user=0.00 sys=0.00, real=0.00 secs] 
54.482: [CMS-concurrent-mark-start]
54.482: [GC (Allocation Failure) 54.482: [ParNew (promotion failed): 2751K->3022K(3072K), 0.0206788 secs]54.503: [CMS54.506: [CMS-concurrent-mark: 0.004/0.024 secs] [Times: user=0.16 sys=0.00, real=0.02 secs] 
 (concurrent mode failure): 6324K->6322K(6848K), 0.0202768 secs] 9074K->9074K(9920K), [Metaspace: 3748K->3748K(1056768K)], 0.0410265 secs] [Times: user=0.17 sys=0.00, real=0.04 secs] 
54.523: [GC (Allocation Failure) 54.523: [ParNew (promotion failed): 2751K->3022K(3072K), 0.0208943 secs]54.544: [CMS: 6324K->6322K(6848K), 0.0164684 secs] 9074K->9074K(9920K), [Metaspace: 3748K->3748K(1056768K)], 0.0374270 secs] [Times: user=0.18 sys=0.00, real=0.04 secs] 
54.561: [GC (CMS Initial Mark) [1 CMS-initial-mark: 6322K(6848K)] 9074K(9920K), 0.0031069 secs] [Times: user=0.00 sys=0.00, real=0.00 secs] 
54.564: [CMS-concurrent-mark-start]
54.564: [GC (Allocation Failure) 54.564: [ParNew (promotion failed): 2751K->3022K(3072K), 0.0163989 secs]54.581: [CMS54.584: [CMS-concurrent-mark: 0.003/0.020 secs] [Times: user=0.13 sys=0.01, real=0.02 secs] 
 (concurrent mode failure): 6324K->6322K(6848K), 0.0198340 secs] 9074K->9074K(9920K), [Metaspace: 3748K->3748K(1056768K)], 0.0362997 secs] [Times: user=0.14 sys=0.01, real=0.04 secs] 
54.601: [GC (Allocation Failure) 54.601: [ParNew (promotion failed): 2751K->3046K(3072K), 0.0152412 secs]54.616: [CMS: 6324K->6322K(6848K), 0.0168932 secs] 9074K->9074K(9920K), [Metaspace: 3748K->3748K(1056768K)], 0.0322054 secs] [Times: user=0.14 sys=0.00, real=0.03 secs] 
54.634: [GC (CMS Initial Mark) [1 CMS-initial-mark: 6322K(6848K)] 9074K(9920K), 0.0030614 secs] [Times: user=0.00 sys=0.00, real=0.00 secs] 
54.637: [CMS-concurrent-mark-start]
54.637: [GC (Allocation Failure) 54.637: [ParNew (promotion failed): 2751K->3022K(3072K), 0.0162702 secs]54.654: [CMS54.657: [CMS-concurrent-mark: 0.004/0.020 secs] [Times: user=0.12 sys=0.00, real=0.02 secs] 
 (concurrent mode failure): 6324K->6322K(6848K), 0.0200310 secs] 9074K->9074K(9920K), [Metaspace: 3748K->3748K(1056768K)], 0.0363727 secs] [Times: user=0.14 sys=0.00, real=0.04 secs] 
54.675: [GC (Allocation Failure) 54.675: [ParNew (promotion failed): 2751K->2997K(3072K), 0.0233180 secs]54.698: [CMS: 6324K->6322K(6848K), 0.0166016 secs] 9074K->9074K(9920K), [Metaspace: 3748K->3748K(1056768K)], 0.0399786 secs] [Times: user=0.20 sys=0.00, real=0.04 secs] 
54.715: [GC (CMS Initial Mark) [1 CMS-initial-mark: 6322K(6848K)] 9074K(9920K), 0.0030637 secs] [Times: user=0.00 sys=0.00, real=0.00 secs] 
54.718: [CMS-concurrent-mark-start]
54.718: [GC (Allocation Failure) 54.718: [ParNew (promotion failed): 2751K->3046K(3072K), 0.0233034 secs]54.742: [CMS54.745: [CMS-concurrent-mark: 0.004/0.027 secs] [Times: user=0.19 sys=0.00, real=0.03 secs] 
 (concurrent mode failure): 6324K->6322K(6848K), 0.0207884 secs] 9074K->9074K(9920K), [Metaspace: 3748K->3748K(1056768K)], 0.0441608 secs] [Times: user=0.20 sys=0.00, real=0.04 secs] 
54.763: [GC (Allocation Failure) 54.763: [ParNew (promotion failed): 2751K->2997K(3072K), 0.0179557 secs]54.781: [CMS: 6324K->6322K(6848K), 0.0165646 secs] 9074K->9074K(9920K), [Metaspace: 3748K->3748K(1056768K)], 0.0345888 secs] [Times: user=0.15 sys=0.00, real=0.03 secs] 
54.798: [GC (CMS Initial Mark) [1 CMS-initial-mark: 6322K(6848K)] 9074K(9920K), 0.0030697 secs] [Times: user=0.01 sys=0.00, real=0.01 secs] 
54.801: [CMS-concurrent-mark-start]
54.801: [GC (Allocation Failure) 54.801: [ParNew (promotion failed): 2751K->2997K(3072K), 0.0181457 secs]54.819: [CMS54.822: [CMS-concurrent-mark: 0.003/0.022 secs] [Times: user=0.14 sys=0.00, real=0.02 secs] 
 (concurrent mode failure): 6324K->6322K(6848K), 0.0199697 secs] 9074K->9074K(9920K), [Metaspace: 3748K->3748K(1056768K)], 0.0381824 secs] [Times: user=0.15 sys=0.00, real=0.04 secs] 
54.839: [GC (Allocation Failure) 54.839: [ParNew (promotion failed): 2751K->3022K(3072K), 0.0161026 secs]54.856: [CMS: 6324K->6322K(6848K), 0.0164893 secs] 9074K->9074K(9920K), [Metaspace: 3748K->3748K(1056768K)], 0.0326538 secs] [Times: user=0.14 sys=0.00, real=0.03 secs] 
54.872: [GC (CMS Initial Mark) [1 CMS-initial-mark: 6322K(6848K)] 9074K(9920K), 0.0030746 secs] [Times: user=0.00 sys=0.00, real=0.00 secs] 
54.876: [CMS-concurrent-mark-start]
54.876: [GC (Allocation Failure) 54.876: [ParNew (promotion failed): 2751K->3022K(3072K), 0.0203745 secs]54.896: [CMS54.899: [CMS-concurrent-mark: 0.003/0.024 secs] [Times: user=0.15 sys=0.00, real=0.03 secs] 
 (concurrent mode failure): 6324K->6322K(6848K), 0.0199695 secs] 9074K->9074K(9920K), [Metaspace: 3748K->3748K(1056768K)], 0.0404234 secs] [Times: user=0.17 sys=0.00, real=0.04 secs] 
54.917: [GC (Allocation Failure) 54.917: [ParNew (promotion failed): 2751K->2972K(3072K), 0.0214047 secs]54.938: [CMS: 6324K->6322K(6848K), 0.0164958 secs] 9074K->9074K(9920K), [Metaspace: 3748K->3748K(1056768K)], 0.0379795 secs] [Times: user=0.18 sys=0.00, real=0.04 secs] 
54.955: [GC (CMS Initial Mark) [1 CMS-initial-mark: 6322K(6848K)] 9074K(9920K), 0.0030339 secs] [Times: user=0.00 sys=0.00, real=0.01 secs] 
54.958: [CMS-concurrent-mark-start]
54.959: [GC (Allocation Failure) 54.959: [ParNew (promotion failed): 2751K->3022K(3072K), 0.0166738 secs]54.976: [CMS54.979: [CMS-concurrent-mark: 0.004/0.020 secs] [Times: user=0.14 sys=0.00, real=0.02 secs] 
 (concurrent mode failure): 6324K->6322K(6848K), 0.0195530 secs] 9074K->9074K(9920K), [Metaspace: 3748K->3748K(1056768K)], 0.0363040 secs] [Times: user=0.14 sys=0.00, real=0.03 secs] 
54.996: [GC (Allocation Failure) 54.996: [ParNew (promotion failed): 2751K->3071K(3072K), 0.0148907 secs]55.011: [CMS: 6324K->6322K(6848K), 0.0165792 secs] 9074K->9074K(9920K), [Metaspace: 3748K->3748K(1056768K)], 0.0315338 secs] [Times: user=0.13 sys=0.00, real=0.03 secs] 
55.028: [GC (CMS Initial Mark) [1 CMS-initial-mark: 6322K(6848K)] 9074K(9920K), 0.0031075 secs] [Times: user=0.00 sys=0.00, real=0.01 secs] 
55.031: [CMS-concurrent-mark-start]
55.031: [GC (Allocation Failure) 55.031: [ParNew (promotion failed): 2751K->3022K(3072K), 0.0220685 secs]55.053: [CMS55.057: [CMS-concurrent-mark: 0.004/0.026 secs] [Times: user=0.17 sys=0.00, real=0.02 secs] 
 (concurrent mode failure): 6324K->6322K(6848K), 0.0210999 secs] 9074K->9074K(9920K), [Metaspace: 3748K->3748K(1056768K)], 0.0432400 secs] [Times: user=0.19 sys=0.00, real=0.04 secs] 
55.074: [GC (Allocation Failure) 55.074: [ParNew (promotion failed): 2751K->2997K(3072K), 0.0160545 secs]55.090: [CMS: 6324K->6322K(6848K), 0.0165849 secs] 9074K->9074K(9920K), [Metaspace: 3748K->3748K(1056768K)], 0.0327157 secs] [Times: user=0.12 sys=0.00, real=0.03 secs] 
55.108: [GC (CMS Initial Mark) [1 CMS-initial-mark: 6322K(6848K)] 9074K(9920K), 0.0030772 secs] [Times: user=0.00 sys=0.00, real=0.01 secs] 
55.111: [CMS-concurrent-mark-start]
55.111: [GC (Allocation Failure) 55.111: [ParNew (promotion failed): 2751K->3022K(3072K), 0.0149950 secs]55.126: [CMS55.129: [CMS-concurrent-mark: 0.003/0.019 secs] [Times: user=0.12 sys=0.00, real=0.02 secs] 
 (concurrent mode failure): 6324K->6322K(6848K), 0.0198578 secs] 9074K->9074K(9920K), [Metaspace: 3748K->3748K(1056768K)], 0.0349163 secs] [Times: user=0.14 sys=0.00, real=0.03 secs] 
55.146: [GC (Allocation Failure) 55.146: [ParNew (promotion failed): 2751K->3022K(3072K), 0.0228290 secs]55.169: [CMS: 6324K->6322K(6848K), 0.0167793 secs] 9074K->9074K(9920K), [Metaspace: 3748K->3748K(1056768K)], 0.0396798 secs] [Times: user=0.19 sys=0.00, real=0.04 secs] 
55.187: [GC (CMS Initial Mark) [1 CMS-initial-mark: 6322K(6848K)] 9074K(9920K), 0.0030684 secs] [Times: user=0.00 sys=0.00, real=0.01 secs] 
55.190: [CMS-concurrent-mark-start]
55.190: [GC (Allocation Failure) 55.190: [ParNew (promotion failed): 2751K->3022K(3072K), 0.0214419 secs]55.211: [CMS55.215: [CMS-concurrent-mark: 0.004/0.025 secs] [Times: user=0.15 sys=0.00, real=0.02 secs] 
 (concurrent mode failure): 6324K->6322K(6848K), 0.0200022 secs] 9074K->9074K(9920K), [Metaspace: 3748K->3748K(1056768K)], 0.0415027 secs] [Times: user=0.17 sys=0.00, real=0.04 secs] 
55.232: [GC (Allocation Failure) 55.232: [ParNew (promotion failed): 2751K->2997K(3072K), 0.0182170 secs]55.250: [CMS: 6324K->6322K(6848K), 0.0166382 secs] 9074K->9074K(9920K), [Metaspace: 3748K->3748K(1056768K)], 0.0349100 secs] [Times: user=0.15 sys=0.00, real=0.03 secs] 
55.268: [GC (CMS Initial Mark) [1 CMS-initial-mark: 6322K(6848K)] 9074K(9920K), 0.0030632 secs] [Times: user=0.00 sys=0.00, real=0.01 secs] 
55.271: [CMS-concurrent-mark-start]
55.271: [GC (Allocation Failure) 55.271: [ParNew (promotion failed): 2751K->2997K(3072K), 0.0153307 secs]55.286: [CMS55.290: [CMS-concurrent-mark: 0.004/0.019 secs] [Times: user=0.12 sys=0.00, real=0.02 secs] 
 (concurrent mode failure): 6324K->6322K(6848K), 0.0198359 secs] 9074K->9074K(9920K), [Metaspace: 3748K->3748K(1056768K)], 0.0352178 secs] [Times: user=0.14 sys=0.00, real=0.03 secs] 
55.307: [GC (Allocation Failure) 55.307: [ParNew (promotion failed): 2751K->2997K(3072K), 0.0143933 secs]55.321: [CMS: 6324K->6322K(6848K), 0.0165388 secs] 9074K->9074K(9920K), [Metaspace: 3748K->3748K(1056768K)], 0.0309957 secs] [Times: user=0.12 sys=0.00, real=0.03 secs] 
55.338: [GC (CMS Initial Mark) [1 CMS-initial-mark: 6322K(6848K)] 9074K(9920K), 0.0030339 secs] [Times: user=0.01 sys=0.00, real=0.01 secs] 
55.341: [CMS-concurrent-mark-start]
55.341: [GC (Allocation Failure) 55.341: [ParNew (promotion failed): 2751K->2997K(3072K), 0.0160213 secs]55.357: [CMS55.360: [CMS-concurrent-mark: 0.003/0.020 secs] [Times: user=0.12 sys=0.00, real=0.02 secs] 
 (concurrent mode failure): 6324K->6322K(6848K), 0.0199443 secs] 9074K->9074K(9920K), [Metaspace: 3748K->3748K(1056768K)], 0.0360313 secs] [Times: user=0.14 sys=0.00, real=0.03 secs] 
55.377: [GC (Allocation Failure) 55.377: [ParNew (promotion failed): 2751K->2997K(3072K), 0.0184129 secs]55.396: [CMS: 6324K->6322K(6848K), 0.0165422 secs] 9074K->9074K(9920K), [Metaspace: 3748K->3748K(1056768K)], 0.0350092 secs] [Times: user=0.15 sys=0.00, real=0.04 secs] 
55.413: [GC (CMS Initial Mark) [1 CMS-initial-mark: 6322K(6848K)] 9074K(9920K), 0.0030448 secs] [Times: user=0.01 sys=0.00, real=0.00 secs] 
55.416: [CMS-concurrent-mark-start]
55.416: [GC (Allocation Failure) 55.416: [ParNew (promotion failed): 2751K->2997K(3072K), 0.0154959 secs]55.431: [CMS55.435: [CMS-concurrent-mark: 0.003/0.019 secs] [Times: user=0.12 sys=0.00, real=0.02 secs] 
 (concurrent mode failure): 6324K->6322K(6848K), 0.0205497 secs] 9074K->9074K(9920K), [Metaspace: 3748K->3748K(1056768K)], 0.0361013 secs] [Times: user=0.13 sys=0.00, real=0.04 secs] 
55.453: [GC (Allocation Failure) 55.453: [ParNew (promotion failed): 2751K->3022K(3072K), 0.0173165 secs]55.470: [CMS: 6324K->6322K(6848K), 0.0165740 secs] 9074K->9074K(9920K), [Metaspace: 3748K->3748K(1056768K)], 0.0339472 secs] [Times: user=0.15 sys=0.00, real=0.03 secs] 
55.487: [GC (CMS Initial Mark) [1 CMS-initial-mark: 6322K(6848K)] 9074K(9920K), 0.0030685 secs] [Times: user=0.00 sys=0.00, real=0.01 secs] 
55.490: [CMS-concurrent-mark-start]
55.491: [GC (Allocation Failure) 55.491: [ParNew (promotion failed): 2751K->3046K(3072K), 0.0162025 secs]55.507: [CMS55.510: [CMS-concurrent-mark: 0.004/0.020 secs] [Times: user=0.11 sys=0.00, real=0.02 secs] 
 (concurrent mode failure): 6324K->6322K(6848K), 0.0199835 secs] 9074K->9074K(9920K), [Metaspace: 3748K->3748K(1056768K)], 0.0362393 secs] [Times: user=0.13 sys=0.00, real=0.03 secs] 
55.528: [GC (Allocation Failure) 55.528: [ParNew (promotion failed): 2751K->2997K(3072K), 0.0188557 secs]55.546: [CMS: 6324K->6322K(6848K), 0.0169284 secs] 9074K->9074K(9920K), [Metaspace: 3748K->3748K(1056768K)], 0.0358535 secs] [Times: user=0.14 sys=0.00, real=0.04 secs] 
55.564: [GC (CMS Initial Mark) [1 CMS-initial-mark: 6322K(6848K)] 9074K(9920K), 0.0030812 secs] [Times: user=0.01 sys=0.00, real=0.00 secs] 
55.567: [CMS-concurrent-mark-start]
55.567: [GC (Allocation Failure) 55.567: [ParNew (promotion failed): 2751K->3022K(3072K), 0.0223759 secs]55.589: [CMS55.593: [CMS-concurrent-mark: 0.003/0.026 secs] [Times: user=0.17 sys=0.00, real=0.03 secs] 
 (concurrent mode failure): 6324K->6322K(6848K), 0.0200076 secs] 9074K->9074K(9920K), [Metaspace: 3748K->3748K(1056768K)], 0.0424443 secs] [Times: user=0.19 sys=0.00, real=0.05 secs] 
55.610: [GC (Allocation Failure) 55.610: [ParNew (promotion failed): 2751K->2997K(3072K), 0.0223462 secs]55.632: [CMS: 6324K->6322K(6848K), 0.0165433 secs] 9074K->9074K(9920K), [Metaspace: 3748K->3748K(1056768K)], 0.0389555 secs] [Times: user=0.18 sys=0.00, real=0.04 secs] 
55.649: [GC (CMS Initial Mark) [1 CMS-initial-mark: 6322K(6848K)] 9074K(9920K), 0.0030802 secs] [Times: user=0.01 sys=0.00, real=0.00 secs] 
55.652: [CMS-concurrent-mark-start]
55.652: [GC (Allocation Failure) 55.652: [ParNew (promotion failed): 2751K->2997K(3072K), 0.0160827 secs]55.668: [CMS55.672: [CMS-concurrent-mark: 0.004/0.020 secs] [Times: user=0.12 sys=0.01, real=0.02 secs] 
 (concurrent mode failure): 6324K->6322K(6848K), 0.0200723 secs] 9074K->9074K(9920K), [Metaspace: 3748K->3748K(1056768K)], 0.0362133 secs] [Times: user=0.14 sys=0.01, real=0.04 secs] 
55.689: [GC (Allocation Failure) 55.689: [ParNew (promotion failed): 2751K->2997K(3072K), 0.0143323 secs]55.703: [CMS: 6324K->6322K(6848K), 0.0175791 secs] 9074K->9074K(9920K), [Metaspace: 3748K->3748K(1056768K)], 0.0321209 secs] [Times: user=0.09 sys=0.00, real=0.03 secs] 
55.722: [GC (CMS Initial Mark) [1 CMS-initial-mark: 6322K(6848K)] 9074K(9920K), 0.0030410 secs] [Times: user=0.00 sys=0.00, real=0.00 secs] 
55.725: [CMS-concurrent-mark-start]
55.725: [GC (Allocation Failure) 55.725: [ParNew (promotion failed): 2751K->3022K(3072K), 0.0150265 secs]55.740: [CMS55.744: [CMS-concurrent-mark: 0.003/0.019 secs] [Times: user=0.12 sys=0.00, real=0.02 secs] 
 (concurrent mode failure): 6324K->6322K(6848K), 0.0201235 secs] 9074K->9074K(9920K), [Metaspace: 3748K->3748K(1056768K)], 0.0352200 secs] [Times: user=0.14 sys=0.00, real=0.04 secs] 
55.761: [GC (Allocation Failure) 55.761: [ParNew (promotion failed): 2751K->2997K(3072K), 0.0222462 secs]55.783: [CMS: 6324K->6322K(6848K), 0.0166405 secs] 9074K->9074K(9920K), [Metaspace: 3748K->3748K(1056768K)], 0.0389621 secs] [Times: user=0.19 sys=0.00, real=0.04 secs] 
55.800: [GC (CMS Initial Mark) [1 CMS-initial-mark: 6322K(6848K)] 9074K(9920K), 0.0030715 secs] [Times: user=0.00 sys=0.00, real=0.00 secs] 
55.804: [CMS-concurrent-mark-start]
55.804: [GC (Allocation Failure) 55.804: [ParNew (promotion failed): 2751K->2997K(3072K), 0.0163021 secs]55.820: [CMS55.824: [CMS-concurrent-mark: 0.004/0.020 secs] [Times: user=0.13 sys=0.00, real=0.02 secs] 
 (concurrent mode failure): 6324K->6322K(6848K), 0.0199897 secs] 9074K->9074K(9920K), [Metaspace: 3748K->3748K(1056768K)], 0.0363662 secs] [Times: user=0.14 sys=0.00, real=0.04 secs] 
55.841: [GC (Allocation Failure) 55.841: [ParNew (promotion failed): 2751K->2997K(3072K), 0.0172313 secs]55.858: [CMS: 6324K->6322K(6848K), 0.0165236 secs] 9074K->9074K(9920K), [Metaspace: 3748K->3748K(1056768K)], 0.0338229 secs] [Times: user=0.14 sys=0.00, real=0.03 secs] 
55.875: [GC (CMS Initial Mark) [1 CMS-initial-mark: 6322K(6848K)] 9074K(9920K), 0.0030789 secs] [Times: user=0.00 sys=0.00, real=0.00 secs] 
55.878: [CMS-concurrent-mark-start]
55.878: [GC (Allocation Failure) 55.878: [ParNew (promotion failed): 2751K->2997K(3072K), 0.0181767 secs]55.896: [CMS55.899: [CMS-concurrent-mark: 0.003/0.022 secs] [Times: user=0.15 sys=0.00, real=0.03 secs] 
 (concurrent mode failure): 6324K->6322K(6848K), 0.0199399 secs] 9074K->9074K(9920K), [Metaspace: 3748K->3748K(1056768K)], 0.0381901 secs] [Times: user=0.16 sys=0.00, real=0.04 secs] 
55.916: [GC (Allocation Failure) 55.916: [ParNew (promotion failed): 2751K->2997K(3072K), 0.0151177 secs]55.932: [CMS: 6324K->6322K(6848K), 0.0165558 secs] 9074K->9074K(9920K), [Metaspace: 3748K->3748K(1056768K)], 0.0317397 secs] [Times: user=0.13 sys=0.00, real=0.04 secs] 
55.949: [GC (CMS Initial Mark) [1 CMS-initial-mark: 6322K(6848K)] 9074K(9920K), 0.0030578 secs] [Times: user=0.01 sys=0.00, real=0.00 secs] 
55.952: [CMS-concurrent-mark-start]
55.952: [GC (Allocation Failure) 55.952: [ParNew (promotion failed): 2751K->2997K(3072K), 0.0150466 secs]55.967: [CMS55.970: [CMS-concurrent-mark: 0.004/0.019 secs] [Times: user=0.12 sys=0.00, real=0.02 secs] 
 (concurrent mode failure): 6324K->6322K(6848K), 0.0201705 secs] 9074K->9074K(9920K), [Metaspace: 3748K->3748K(1056768K)], 0.0352882 secs] [Times: user=0.13 sys=0.00, real=0.03 secs] 
55.988: [GC (Allocation Failure) 55.988: [ParNew (promotion failed): 2751K->3046K(3072K), 0.0250044 secs]56.013: [CMS: 6324K->6322K(6848K), 0.0165682 secs] 9074K->9074K(9920K), [Metaspace: 3748K->3748K(1056768K)], 0.0416503 secs] [Times: user=0.21 sys=0.00, real=0.05 secs] 
56.030: [GC (CMS Initial Mark) [1 CMS-initial-mark: 6322K(6848K)] 9074K(9920K), 0.0030993 secs] [Times: user=0.00 sys=0.00, real=0.00 secs] 
56.033: [CMS-concurrent-mark-start]
56.034: [GC (Allocation Failure) 56.034: [ParNew (promotion failed): 2751K->3022K(3072K), 0.0166693 secs]56.050: [CMS56.053: [CMS-concurrent-mark: 0.004/0.020 secs] [Times: user=0.13 sys=0.01, real=0.02 secs] 
 (concurrent mode failure): 6324K->6322K(6848K), 0.0197561 secs] 9074K->9074K(9920K), [Metaspace: 3748K->3748K(1056768K)], 0.0364967 secs] [Times: user=0.15 sys=0.01, real=0.04 secs] 
56.071: [GC (Allocation Failure) 56.071: [ParNew (promotion failed): 2751K->3022K(3072K), 0.0230246 secs]56.094: [CMS: 6324K->6322K(6848K), 0.0165332 secs] 9074K->9074K(9920K), [Metaspace: 3748K->3748K(1056768K)], 0.0396252 secs] [Times: user=0.19 sys=0.00, real=0.04 secs] 
56.111: [GC (CMS Initial Mark) [1 CMS-initial-mark: 6322K(6848K)] 9074K(9920K), 0.0030667 secs] [Times: user=0.00 sys=0.00, real=0.00 secs] 
56.114: [CMS-concurrent-mark-start]
56.114: [GC (Allocation Failure) 56.114: [ParNew (promotion failed): 2751K->3022K(3072K), 0.0164608 secs]56.130: [CMS56.134: [CMS-concurrent-mark: 0.003/0.020 secs] [Times: user=0.13 sys=0.00, real=0.02 secs] 
 (concurrent mode failure): 6324K->6322K(6848K), 0.0199716 secs] 9074K->9074K(9920K), [Metaspace: 3748K->3748K(1056768K)], 0.0365058 secs] [Times: user=0.15 sys=0.00, real=0.04 secs] 
56.151: [GC (Allocation Failure) 56.151: [ParNew (promotion failed): 2751K->3022K(3072K), 0.0171243 secs]56.168: [CMS: 6324K->6322K(6848K), 0.0164367 secs] 9074K->9074K(9920K), [Metaspace: 3748K->3748K(1056768K)], 0.0336302 secs] [Times: user=0.14 sys=0.00, real=0.03 secs] 
56.185: [GC (CMS Initial Mark) [1 CMS-initial-mark: 6322K(6848K)] 9074K(9920K), 0.0030727 secs] [Times: user=0.01 sys=0.00, real=0.00 secs] 
56.188: [CMS-concurrent-mark-start]
56.188: [GC (Allocation Failure) 56.188: [ParNew (promotion failed): 2751K->2997K(3072K), 0.0143206 secs]56.202: [CMS56.206: [CMS-concurrent-mark: 0.004/0.018 secs] [Times: user=0.11 sys=0.00, real=0.02 secs] 
 (concurrent mode failure): 6324K->6322K(6848K), 0.0199419 secs] 9074K->9074K(9920K), [Metaspace: 3748K->3748K(1056768K)], 0.0343260 secs] [Times: user=0.12 sys=0.00, real=0.04 secs] 
56.223: [GC (Allocation Failure) 56.223: [ParNew (promotion failed): 2751K->2997K(3072K), 0.0177027 secs]56.240: [CMS: 6324K->6322K(6848K), 0.0168658 secs] 9074K->9074K(9920K), [Metaspace: 3748K->3748K(1056768K)], 0.0346331 secs] [Times: user=0.15 sys=0.00, real=0.03 secs] 
56.258: [GC (CMS Initial Mark) [1 CMS-initial-mark: 6322K(6848K)] 9074K(9920K), 0.0030603 secs] [Times: user=0.00 sys=0.00, real=0.01 secs] 
56.261: [CMS-concurrent-mark-start]
56.261: [GC (Allocation Failure) 56.261: [ParNew (promotion failed): 2751K->2997K(3072K), 0.0183969 secs]56.280: [CMS56.283: [CMS-concurrent-mark: 0.003/0.022 secs] [Times: user=0.15 sys=0.00, real=0.02 secs] 
 (concurrent mode failure): 6324K->6322K(6848K), 0.0199268 secs] 9074K->9074K(9920K), [Metaspace: 3748K->3748K(1056768K)], 0.0383950 secs] [Times: user=0.17 sys=0.00, real=0.04 secs] 
56.300: [GC (Allocation Failure) 56.300: [ParNew (promotion failed): 2751K->3022K(3072K), 0.0144199 secs]56.315: [CMS: 6324K->6322K(6848K), 0.0165861 secs] 9074K->9074K(9920K), [Metaspace: 3748K->3748K(1056768K)], 0.0310800 secs] [Times: user=0.12 sys=0.00, real=0.03 secs] 
56.332: [GC (CMS Initial Mark) [1 CMS-initial-mark: 6322K(6848K)] 9074K(9920K), 0.0030884 secs] [Times: user=0.00 sys=0.00, real=0.00 secs] 
56.335: [CMS-concurrent-mark-start]
56.335: [GC (Allocation Failure) 56.335: [ParNew (promotion failed): 2751K->3022K(3072K), 0.0227281 secs]56.358: [CMS56.361: [CMS-concurrent-mark: 0.004/0.026 secs] [Times: user=0.18 sys=0.00, real=0.03 secs] 
 (concurrent mode failure): 6324K->6322K(6848K), 0.0198310 secs] 9074K->9074K(9920K), [Metaspace: 3748K->3748K(1056768K)], 0.0426170 secs] [Times: user=0.20 sys=0.00, real=0.04 secs] 
56.378: [GC (Allocation Failure) 56.378: [ParNew (promotion failed): 2751K->3022K(3072K), 0.0184691 secs]56.397: [CMS: 6324K->6322K(6848K), 0.0165745 secs] 9074K->9074K(9920K), [Metaspace: 3748K->3748K(1056768K)], 0.0351112 secs] [Times: user=0.15 sys=0.00, real=0.03 secs] 
56.414: [GC (CMS Initial Mark) [1 CMS-initial-mark: 6322K(6848K)] 9074K(9920K), 0.0030720 secs] [Times: user=0.00 sys=0.00, real=0.00 secs] 
56.417: [CMS-concurrent-mark-start]
56.417: [GC (Allocation Failure) 56.417: [ParNew (promotion failed): 2751K->2997K(3072K), 0.0177206 secs]56.434: [CMS56.438: [CMS-concurrent-mark: 0.003/0.021 secs] [Times: user=0.14 sys=0.01, real=0.02 secs] 
 (concurrent mode failure): 6324K->6322K(6848K), 0.0198128 secs] 9074K->9074K(9920K), [Metaspace: 3748K->3748K(1056768K)], 0.0376013 secs] [Times: user=0.16 sys=0.01, real=0.04 secs] 
56.455: [GC (Allocation Failure) 56.455: [ParNew (promotion failed): 2751K->3022K(3072K), 0.0224937 secs]56.477: [CMS: 6324K->6322K(6848K), 0.0165286 secs] 9074K->9074K(9920K), [Metaspace: 3748K->3748K(1056768K)], 0.0390871 secs] [Times: user=0.18 sys=0.00, real=0.04 secs] 
56.494: [GC (CMS Initial Mark) [1 CMS-initial-mark: 6322K(6848K)] 9074K(9920K), 0.0030579 secs] [Times: user=0.01 sys=0.00, real=0.00 secs] 
56.497: [CMS-concurrent-mark-start]
56.497: [GC (Allocation Failure) 56.497: [ParNew (promotion failed): 2751K->2997K(3072K), 0.0127833 secs]56.510: [CMS56.514: [CMS-concurrent-mark: 0.004/0.016 secs] [Times: user=0.08 sys=0.00, real=0.02 secs] 
 (concurrent mode failure): 6324K->6322K(6848K), 0.0205444 secs] 9074K->9074K(9920K), [Metaspace: 3748K->3748K(1056768K)], 0.0334095 secs] [Times: user=0.10 sys=0.00, real=0.04 secs] 
56.532: [GC (Allocation Failure) 56.532: [ParNew (promotion failed): 2751K->2997K(3072K), 0.0155462 secs]56.547: [CMS: 6324K->6322K(6848K), 0.0167386 secs] 9074K->9074K(9920K), [Metaspace: 3748K->3748K(1056768K)], 0.0323713 secs] [Times: user=0.13 sys=0.00, real=0.03 secs] 
56.565: [GC (CMS Initial Mark) [1 CMS-initial-mark: 6322K(6848K)] 9074K(9920K), 0.0030567 secs] [Times: user=0.00 sys=0.00, real=0.00 secs] 
56.568: [CMS-concurrent-mark-start]
56.568: [GC (Allocation Failure) 56.568: [ParNew (promotion failed): 2751K->2997K(3072K), 0.0157197 secs]56.584: [CMS56.587: [CMS-concurrent-mark: 0.004/0.019 secs] [Times: user=0.13 sys=0.00, real=0.02 secs] 
 (concurrent mode failure): 6324K->6322K(6848K), 0.0196083 secs] 9074K->9074K(9920K), [Metaspace: 3748K->3748K(1056768K)], 0.0353971 secs] [Times: user=0.13 sys=0.00, real=0.03 secs] 
56.604: [GC (Allocation Failure) 56.604: [ParNew (promotion failed): 2751K->3022K(3072K), 0.0237454 secs]56.628: [CMS: 6324K->6322K(6848K), 0.0165828 secs] 9074K->9074K(9920K), [Metaspace: 3748K->3748K(1056768K)], 0.0403960 secs] [Times: user=0.20 sys=0.00, real=0.04 secs] 
56.645: [GC (CMS Initial Mark) [1 CMS-initial-mark: 6322K(6848K)] 9074K(9920K), 0.0030475 secs] [Times: user=0.00 sys=0.00, real=0.00 secs] 
56.648: [CMS-concurrent-mark-start]
56.648: [GC (Allocation Failure) 56.648: [ParNew (promotion failed): 2751K->3022K(3072K), 0.0148279 secs]56.663: [CMS56.666: [CMS-concurrent-mark: 0.003/0.018 secs] [Times: user=0.12 sys=0.00, real=0.01 secs] 
 (concurrent mode failure): 6324K->6322K(6848K), 0.0200094 secs] 9074K->9074K(9920K), [Metaspace: 3748K->3748K(1056768K)], 0.0349010 secs] [Times: user=0.13 sys=0.00, real=0.03 secs] 
56.683: [GC (Allocation Failure) 56.683: [ParNew (promotion failed): 2751K->2997K(3072K), 0.0152897 secs]56.699: [CMS: 6324K->6322K(6848K), 0.0165706 secs] 9074K->9074K(9920K), [Metaspace: 3748K->3748K(1056768K)], 0.0319240 secs] [Times: user=0.13 sys=0.00, real=0.03 secs] 
56.716: [GC (CMS Initial Mark) [1 CMS-initial-mark: 6322K(6848K)] 9074K(9920K), 0.0030623 secs] [Times: user=0.01 sys=0.00, real=0.01 secs] 
56.719: [CMS-concurrent-mark-start]
56.719: [GC (Allocation Failure) 56.719: [ParNew (promotion failed): 2751K->3022K(3072K), 0.0222377 secs]56.741: [CMS56.745: [CMS-concurrent-mark: 0.004/0.026 secs] [Times: user=0.17 sys=0.00, real=0.02 secs] 
 (concurrent mode failure): 6324K->6322K(6848K), 0.0199060 secs] 9074K->9074K(9920K), [Metaspace: 3748K->3748K(1056768K)], 0.0422173 secs] [Times: user=0.19 sys=0.00, real=0.04 secs] 
56.762: [GC (Allocation Failure) 56.762: [ParNew (promotion failed): 2751K->2997K(3072K), 0.0186244 secs]56.780: [CMS: 6324K->6322K(6848K), 0.0166588 secs] 9074K->9074K(9920K), [Metaspace: 3748K->3748K(1056768K)], 0.0353592 secs] [Times: user=0.15 sys=0.01, real=0.03 secs] 
56.798: [GC (CMS Initial Mark) [1 CMS-initial-mark: 6322K(6848K)] 9074K(9920K), 0.0030780 secs] [Times: user=0.01 sys=0.00, real=0.01 secs] 
56.801: [CMS-concurrent-mark-start]
56.801: [GC (Allocation Failure) 56.801: [ParNew (promotion failed): 2751K->3022K(3072K), 0.0183247 secs]56.819: [CMS56.823: [CMS-concurrent-mark: 0.003/0.022 secs] [Times: user=0.14 sys=0.00, real=0.02 secs] 
 (concurrent mode failure): 6324K->6322K(6848K), 0.0200117 secs] 9074K->9074K(9920K), [Metaspace: 3748K->3748K(1056768K)], 0.0384074 secs] [Times: user=0.16 sys=0.00, real=0.04 secs] 
56.840: [GC (Allocation Failure) 56.840: [ParNew (promotion failed): 2751K->3022K(3072K), 0.0156312 secs]56.856: [CMS: 6324K->6322K(6848K), 0.0167580 secs] 9074K->9074K(9920K), [Metaspace: 3748K->3748K(1056768K)], 0.0324688 secs] [Times: user=0.13 sys=0.00, real=0.03 secs] 
56.873: [GC (CMS Initial Mark) [1 CMS-initial-mark: 6322K(6848K)] 9074K(9920K), 0.0030657 secs] [Times: user=0.01 sys=0.00, real=0.00 secs] 
56.876: [CMS-concurrent-mark-start]
56.877: [GC (Allocation Failure) 56.877: [ParNew (promotion failed): 2751K->2997K(3072K), 0.0251728 secs]56.902: [CMS56.905: [CMS-concurrent-mark: 0.003/0.029 secs] [Times: user=0.19 sys=0.00, real=0.03 secs] 
 (concurrent mode failure): 6324K->6322K(6848K), 0.0196534 secs] 9074K->9074K(9920K), [Metaspace: 3748K->3748K(1056768K)], 0.0448905 secs] [Times: user=0.21 sys=0.00, real=0.05 secs] 
56.922: [GC (Allocation Failure) 56.922: [ParNew (promotion failed): 2751K->2972K(3072K), 0.0224312 secs]56.944: [CMS: 6324K->6322K(6848K), 0.0165151 secs] 9074K->9074K(9920K), [Metaspace: 3748K->3748K(1056768K)], 0.0390184 secs] [Times: user=0.19 sys=0.00, real=0.04 secs] 
56.961: [GC (CMS Initial Mark) [1 CMS-initial-mark: 6322K(6848K)] 9074K(9920K), 0.0030582 secs] [Times: user=0.00 sys=0.00, real=0.00 secs] 
56.964: [CMS-concurrent-mark-start]
56.964: [GC (Allocation Failure) 56.964: [ParNew (promotion failed): 2751K->3022K(3072K), 0.0218636 secs]56.986: [CMS56.989: [CMS-concurrent-mark: 0.003/0.025 secs] [Times: user=0.17 sys=0.00, real=0.03 secs] 
 (concurrent mode failure): 6324K->6322K(6848K), 0.0199806 secs] 9074K->9074K(9920K), [Metaspace: 3748K->3748K(1056768K)], 0.0419115 secs] [Times: user=0.19 sys=0.00, real=0.04 secs] 
57.006: [GC (Allocation Failure) 57.006: [ParNew (promotion failed): 2751K->3071K(3072K), 0.0206896 secs]57.027: [CMS: 6324K->6322K(6848K), 0.0167897 secs] 9074K->9074K(9920K), [Metaspace: 3748K->3748K(1056768K)], 0.0375545 secs] [Times: user=0.17 sys=0.00, real=0.04 secs] 
57.044: [GC (CMS Initial Mark) [1 CMS-initial-mark: 6322K(6848K)] 9074K(9920K), 0.0030760 secs] [Times: user=0.00 sys=0.00, real=0.00 secs] 
57.048: [CMS-concurrent-mark-start]
57.048: [GC (Allocation Failure) 57.048: [ParNew (promotion failed): 2751K->3022K(3072K), 0.0216605 secs]57.069: [CMS57.073: [CMS-concurrent-mark: 0.003/0.025 secs] [Times: user=0.17 sys=0.00, real=0.03 secs] 
 (concurrent mode failure): 6324K->6322K(6848K), 0.0201053 secs] 9074K->9074K(9920K), [Metaspace: 3748K->3748K(1056768K)], 0.0418304 secs] [Times: user=0.19 sys=0.00, real=0.05 secs] 
57.090: [GC (Allocation Failure) 57.090: [ParNew (promotion failed): 2751K->2997K(3072K), 0.0157510 secs]57.106: [CMS: 6324K->6322K(6848K), 0.0165372 secs] 9074K->9074K(9920K), [Metaspace: 3748K->3748K(1056768K)], 0.0323603 secs] [Times: user=0.13 sys=0.00, real=0.03 secs] 
57.123: [GC (CMS Initial Mark) [1 CMS-initial-mark: 6322K(6848K)] 9074K(9920K), 0.0030772 secs] [Times: user=0.01 sys=0.00, real=0.00 secs] 
57.126: [CMS-concurrent-mark-start]
57.127: [GC (Allocation Failure) 57.127: [ParNew (promotion failed): 2751K->2997K(3072K), 0.0144688 secs]57.141: [CMS57.144: [CMS-concurrent-mark: 0.004/0.018 secs] [Times: user=0.11 sys=0.00, real=0.02 secs] 
 (concurrent mode failure): 6324K->6322K(6848K), 0.0197458 secs] 9074K->9074K(9920K), [Metaspace: 3748K->3748K(1056768K)], 0.0342882 secs] [Times: user=0.13 sys=0.01, real=0.04 secs] 
57.162: [GC (Allocation Failure) 57.162: [ParNew (promotion failed): 2751K->2997K(3072K), 0.0149736 secs]57.177: [CMS: 6324K->6322K(6848K), 0.0165826 secs] 9074K->9074K(9920K), [Metaspace: 3748K->3748K(1056768K)], 0.0316282 secs] [Times: user=0.12 sys=0.00, real=0.03 secs] 
57.194: [GC (CMS Initial Mark) [1 CMS-initial-mark: 6322K(6848K)] 9074K(9920K), 0.0030583 secs] [Times: user=0.00 sys=0.00, real=0.00 secs] 
57.197: [CMS-concurrent-mark-start]
57.197: [GC (Allocation Failure) 57.197: [ParNew (promotion failed): 2751K->3022K(3072K), 0.0151360 secs]57.212: [CMS57.215: [CMS-concurrent-mark: 0.003/0.019 secs] [Times: user=0.12 sys=0.00, real=0.02 secs] 
 (concurrent mode failure): 6324K->6322K(6848K), 0.0200784 secs] 9074K->9074K(9920K), [Metaspace: 3748K->3748K(1056768K)], 0.0352791 secs] [Times: user=0.13 sys=0.00, real=0.04 secs] 
57.232: [GC (Allocation Failure) 57.232: [ParNew (promotion failed): 2751K->2997K(3072K), 0.0217373 secs]57.254: [CMS: 6324K->6322K(6848K), 0.0164801 secs] 9074K->9074K(9920K), [Metaspace: 3748K->3748K(1056768K)], 0.0382875 secs] [Times: user=0.17 sys=0.00, real=0.04 secs] 
57.271: [GC (CMS Initial Mark) [1 CMS-initial-mark: 6322K(6848K)] 9074K(9920K), 0.0030596 secs] [Times: user=0.01 sys=0.00, real=0.00 secs] 
57.274: [CMS-concurrent-mark-start]
57.274: [GC (Allocation Failure) 57.274: [ParNew (promotion failed): 2751K->2997K(3072K), 0.0163149 secs]57.291: [CMS57.294: [CMS-concurrent-mark: 0.004/0.020 secs] [Times: user=0.12 sys=0.00, real=0.02 secs] 
 (concurrent mode failure): 6324K->6322K(6848K), 0.0198019 secs] 9074K->9074K(9920K), [Metaspace: 3748K->3748K(1056768K)], 0.0361799 secs] [Times: user=0.14 sys=0.00, real=0.04 secs] 
57.311: [GC (Allocation Failure) 57.311: [ParNew (promotion failed): 2751K->3046K(3072K), 0.0219760 secs]57.333: [CMS: 6324K->6322K(6848K), 0.0167618 secs] 9074K->9074K(9920K), [Metaspace: 3748K->3748K(1056768K)], 0.0388140 secs] [Times: user=0.17 sys=0.00, real=0.04 secs] 
57.350: [GC (CMS Initial Mark) [1 CMS-initial-mark: 6322K(6848K)] 9074K(9920K), 0.0030836 secs] [Times: user=0.01 sys=0.00, real=0.00 secs] 
57.354: [CMS-concurrent-mark-start]
57.354: [GC (Allocation Failure) 57.354: [ParNew (promotion failed): 2751K->3022K(3072K), 0.0150713 secs]57.369: [CMS57.372: [CMS-concurrent-mark: 0.003/0.019 secs] [Times: user=0.12 sys=0.00, real=0.02 secs] 
 (concurrent mode failure): 6324K->6322K(6848K), 0.0199366 secs] 9074K->9074K(9920K), [Metaspace: 3748K->3748K(1056768K)], 0.0350698 secs] [Times: user=0.13 sys=0.00, real=0.04 secs] 
57.390: [GC (Allocation Failure) 57.390: [ParNew (promotion failed): 2751K->3022K(3072K), 0.0146129 secs]57.404: [CMS: 6324K->6322K(6848K), 0.0165925 secs] 9074K->9074K(9920K), [Metaspace: 3748K->3748K(1056768K)], 0.0312785 secs] [Times: user=0.13 sys=0.00, real=0.03 secs] 
57.421: [GC (CMS Initial Mark) [1 CMS-initial-mark: 6322K(6848K)] 9074K(9920K), 0.0030576 secs] [Times: user=0.00 sys=0.00, real=0.00 secs] 
57.424: [CMS-concurrent-mark-start]
57.425: [GC (Allocation Failure) 57.425: [ParNew (promotion failed): 2751K->2997K(3072K), 0.0222511 secs]57.447: [CMS57.450: [CMS-concurrent-mark: 0.003/0.026 secs] [Times: user=0.18 sys=0.00, real=0.03 secs] 
 (concurrent mode failure): 6324K->6322K(6848K), 0.0197825 secs] 9074K->9074K(9920K), [Metaspace: 3748K->3748K(1056768K)], 0.0420973 secs] [Times: user=0.19 sys=0.00, real=0.04 secs] 
57.467: [GC (Allocation Failure) 57.467: [ParNew (promotion failed): 2751K->2997K(3072K), 0.0175160 secs]57.485: [CMS: 6324K->6322K(6848K), 0.0164795 secs] 9074K->9074K(9920K), [Metaspace: 3748K->3748K(1056768K)], 0.0340693 secs] [Times: user=0.15 sys=0.00, real=0.04 secs] 
57.501: [GC (CMS Initial Mark) [1 CMS-initial-mark: 6322K(6848K)] 9074K(9920K), 0.0030616 secs] [Times: user=0.00 sys=0.00, real=0.00 secs] 
57.504: [CMS-concurrent-mark-start]
57.504: [GC (Allocation Failure) 57.504: [ParNew (promotion failed): 2751K->2997K(3072K), 0.0204539 secs]57.525: [CMS57.528: [CMS-concurrent-mark: 0.003/0.024 secs] [Times: user=0.15 sys=0.01, real=0.03 secs] 
 (concurrent mode failure): 6324K->6322K(6848K), 0.0200501 secs] 9074K->9074K(9920K), [Metaspace: 3748K->3748K(1056768K)], 0.0405793 secs] [Times: user=0.16 sys=0.01, real=0.04 secs] 
57.546: [GC (Allocation Failure) 57.546: [ParNew (promotion failed): 2751K->2997K(3072K), 0.0200301 secs]57.566: [CMS: 6324K->6322K(6848K), 0.0169583 secs] 9074K->9074K(9920K), [Metaspace: 3748K->3748K(1056768K)], 0.0370677 secs] [Times: user=0.16 sys=0.00, real=0.04 secs] 
57.583: [GC (CMS Initial Mark) [1 CMS-initial-mark: 6322K(6848K)] 9074K(9920K), 0.0030877 secs] [Times: user=0.01 sys=0.00, real=0.00 secs] 
57.586: [CMS-concurrent-mark-start]
57.586: [GC (Allocation Failure) 57.586: [ParNew (promotion failed): 2751K->2997K(3072K), 0.0210502 secs]57.607: [CMS57.611: [CMS-concurrent-mark: 0.004/0.025 secs] [Times: user=0.15 sys=0.00, real=0.03 secs] 
 (concurrent mode failure): 6324K->6322K(6848K), 0.0200736 secs] 9074K->9074K(9920K), [Metaspace: 3748K->3748K(1056768K)], 0.0411977 secs] [Times: user=0.17 sys=0.00, real=0.04 secs] 
57.628: [GC (Allocation Failure) 57.628: [ParNew (promotion failed): 2751K->2997K(3072K), 0.0187140 secs]57.647: [CMS: 6324K->6322K(6848K), 0.0165721 secs] 9074K->9074K(9920K), [Metaspace: 3748K->3748K(1056768K)], 0.0353508 secs] [Times: user=0.16 sys=0.00, real=0.03 secs] 
57.664: [GC (CMS Initial Mark) [1 CMS-initial-mark: 6322K(6848K)] 9074K(9920K), 0.0030640 secs] [Times: user=0.00 sys=0.00, real=0.00 secs] 
57.667: [CMS-concurrent-mark-start]
57.668: [GC (Allocation Failure) 57.668: [ParNew (promotion failed): 2751K->2997K(3072K), 0.0220779 secs]57.690: [CMS57.693: [CMS-concurrent-mark: 0.004/0.026 secs] [Times: user=0.18 sys=0.00, real=0.03 secs] 
 (concurrent mode failure): 6324K->6322K(6848K), 0.0195709 secs] 9074K->9074K(9920K), [Metaspace: 3748K->3748K(1056768K)], 0.0417212 secs] [Times: user=0.19 sys=0.00, real=0.05 secs] 
57.710: [GC (Allocation Failure) 57.710: [ParNew (promotion failed): 2751K->3022K(3072K), 0.0169925 secs]57.727: [CMS: 6324K->6322K(6848K), 0.0167792 secs] 9074K->9074K(9920K), [Metaspace: 3748K->3748K(1056768K)], 0.0338420 secs] [Times: user=0.14 sys=0.00, real=0.03 secs] 
57.744: [GC (CMS Initial Mark) [1 CMS-initial-mark: 6322K(6848K)] 9074K(9920K), 0.0030415 secs] [Times: user=0.00 sys=0.00, real=0.00 secs] 
57.747: [CMS-concurrent-mark-start]
57.747: [GC (Allocation Failure) 57.747: [ParNew (promotion failed): 2751K->2997K(3072K), 0.0146892 secs]57.762: [CMS57.765: [CMS-concurrent-mark: 0.003/0.018 secs] [Times: user=0.11 sys=0.00, real=0.02 secs] 
 (concurrent mode failure): 6324K->6322K(6848K), 0.0199554 secs] 9074K->9074K(9920K), [Metaspace: 3748K->3748K(1056768K)], 0.0347148 secs] [Times: user=0.13 sys=0.00, real=0.04 secs] 
57.782: [GC (Allocation Failure) 57.782: [ParNew (promotion failed): 2751K->2997K(3072K), 0.0216477 secs]57.804: [CMS: 6324K->6322K(6848K), 0.0166915 secs] 9074K->9074K(9920K), [Metaspace: 3748K->3748K(1056768K)], 0.0384191 secs] [Times: user=0.17 sys=0.00, real=0.04 secs] 
57.821: [GC (CMS Initial Mark) [1 CMS-initial-mark: 6322K(6848K)] 9074K(9920K), 0.0030892 secs] [Times: user=0.01 sys=0.00, real=0.00 secs] 
57.824: [CMS-concurrent-mark-start]
57.824: [GC (Allocation Failure) 57.824: [ParNew (promotion failed): 2751K->3022K(3072K), 0.0142822 secs]57.839: [CMS57.842: [CMS-concurrent-mark: 0.004/0.018 secs] [Times: user=0.10 sys=0.00, real=0.02 secs] 
 (concurrent mode failure): 6324K->6322K(6848K), 0.0203955 secs] 9074K->9074K(9920K), [Metaspace: 3748K->3748K(1056768K)], 0.0347448 secs] [Times: user=0.12 sys=0.00, real=0.04 secs] 
57.859: [GC (Allocation Failure) 57.860: [ParNew (promotion failed): 2751K->2997K(3072K), 0.0154521 secs]57.875: [CMS: 6324K->6322K(6848K), 0.0168024 secs] 9074K->9074K(9920K), [Metaspace: 3748K->3748K(1056768K)], 0.0323316 secs] [Times: user=0.13 sys=0.01, real=0.03 secs] 
57.893: [GC (CMS Initial Mark) [1 CMS-initial-mark: 6322K(6848K)] 9074K(9920K), 0.0030656 secs] [Times: user=0.00 sys=0.00, real=0.00 secs] 
57.896: [CMS-concurrent-mark-start]
57.896: [GC (Allocation Failure) 57.896: [ParNew (promotion failed): 2751K->2997K(3072K), 0.0177007 secs]57.914: [CMS57.917: [CMS-concurrent-mark: 0.004/0.022 secs] [Times: user=0.13 sys=0.00, real=0.02 secs] 
 (concurrent mode failure): 6325K->6322K(6848K), 0.0219820 secs] 9074K->9074K(9920K), [Metaspace: 3748K->3748K(1056768K)], 0.0397708 secs] [Times: user=0.14 sys=0.00, real=0.04 secs] 
57.936: [GC (Allocation Failure) 57.936: [ParNew (promotion failed): 2751K->2997K(3072K), 0.0164821 secs]57.953: [CMS: 6325K->6322K(6848K), 0.0168144 secs] 9074K->9074K(9920K), [Metaspace: 3748K->3748K(1056768K)], 0.0333765 secs] [Times: user=0.13 sys=0.00, real=0.04 secs] 
57.970: [GC (CMS Initial Mark) [1 CMS-initial-mark: 6322K(6848K)] 9074K(9920K), 0.0031467 secs] [Times: user=0.00 sys=0.00, real=0.00 secs] 
57.973: [CMS-concurrent-mark-start]
57.974: [GC (Allocation Failure) 57.974: [ParNew (promotion failed): 2751K->2997K(3072K), 0.0219866 secs]57.996: [CMS57.999: [CMS-concurrent-mark: 0.004/0.026 secs] [Times: user=0.16 sys=0.00, real=0.03 secs] 
 (concurrent mode failure): 6324K->6322K(6848K), 0.0219195 secs] 9074K->9074K(9920K), [Metaspace: 3748K->3748K(1056768K)], 0.0439756 secs] [Times: user=0.18 sys=0.00, real=0.04 secs] 
58.018: [GC (Allocation Failure) 58.018: [ParNew (promotion failed): 2751K->3022K(3072K), 0.0177317 secs]58.036: [CMS: 6324K->6322K(6848K), 0.0165295 secs] 9074K->9074K(9920K), [Metaspace: 3748K->3748K(1056768K)], 0.0343361 secs] [Times: user=0.13 sys=0.00, real=0.04 secs] 
58.053: [GC (CMS Initial Mark) [1 CMS-initial-mark: 6322K(6848K)] 9074K(9920K), 0.0030346 secs] [Times: user=0.00 sys=0.00, real=0.00 secs] 
58.056: [CMS-concurrent-mark-start]
58.056: [GC (Allocation Failure) 58.056: [ParNew (promotion failed): 2751K->3022K(3072K), 0.0148120 secs]58.071: [CMS58.074: [CMS-concurrent-mark: 0.003/0.018 secs] [Times: user=0.12 sys=0.00, real=0.02 secs] 
 (concurrent mode failure): 6324K->6322K(6848K), 0.0200002 secs] 9074K->9074K(9920K), [Metaspace: 3748K->3748K(1056768K)], 0.0348848 secs] [Times: user=0.14 sys=0.00, real=0.04 secs] 
58.091: [GC (Allocation Failure) 58.091: [ParNew (promotion failed): 2751K->3022K(3072K), 0.0141297 secs]58.105: [CMS: 6324K->6322K(6848K), 0.0165556 secs] 9074K->9074K(9920K), [Metaspace: 3748K->3748K(1056768K)], 0.0307650 secs] [Times: user=0.12 sys=0.00, real=0.03 secs] 
58.122: [GC (CMS Initial Mark) [1 CMS-initial-mark: 6322K(6848K)] 9074K(9920K), 0.0030469 secs] [Times: user=0.00 sys=0.00, real=0.00 secs] 
58.125: [CMS-concurrent-mark-start]
58.125: [GC (Allocation Failure) 58.125: [ParNew (promotion failed): 2751K->2997K(3072K), 0.0155157 secs]58.141: [CMS58.145: [CMS-concurrent-mark: 0.004/0.019 secs] [Times: user=0.12 sys=0.01, real=0.02 secs] 
 (concurrent mode failure): 6325K->6322K(6848K), 0.0204133 secs] 9074K->9074K(9920K), [Metaspace: 3748K->3748K(1056768K)], 0.0360002 secs] [Times: user=0.13 sys=0.01, real=0.04 secs] 
58.162: [GC (Allocation Failure) 58.162: [ParNew (promotion failed): 2751K->3022K(3072K), 0.0230550 secs]58.185: [CMS: 6325K->6322K(6848K), 0.0166932 secs] 9074K->9074K(9920K), [Metaspace: 3748K->3748K(1056768K)], 0.0398214 secs] [Times: user=0.18 sys=0.00, real=0.04 secs] 
58.202: [GC (CMS Initial Mark) [1 CMS-initial-mark: 6322K(6848K)] 9074K(9920K), 0.0030841 secs] [Times: user=0.00 sys=0.00, real=0.00 secs] 
58.205: [CMS-concurrent-mark-start]
58.206: [GC (Allocation Failure) 58.206: [ParNew (promotion failed): 2751K->2997K(3072K), 0.0154644 secs]58.222: [CMS58.225: [CMS-concurrent-mark: 0.004/0.019 secs] [Times: user=0.11 sys=0.00, real=0.02 secs] 
 (concurrent mode failure): 6325K->6322K(6848K), 0.0197983 secs] 9074K->9074K(9920K), [Metaspace: 3748K->3748K(1056768K)], 0.0353275 secs] [Times: user=0.13 sys=0.00, real=0.04 secs] 
58.242: [GC (Allocation Failure) 58.242: [ParNew (promotion failed): 2751K->2972K(3072K), 0.0160757 secs]58.258: [CMS: 6324K->6322K(6848K), 0.0167536 secs] 9074K->9074K(9920K), [Metaspace: 3748K->3748K(1056768K)], 0.0328972 secs] [Times: user=0.13 sys=0.00, real=0.03 secs] 
58.275: [GC (CMS Initial Mark) [1 CMS-initial-mark: 6322K(6848K)] 9074K(9920K), 0.0031167 secs] [Times: user=0.00 sys=0.00, real=0.01 secs] 
58.278: [CMS-concurrent-mark-start]
58.279: [GC (Allocation Failure) 58.279: [ParNew (promotion failed): 2751K->2997K(3072K), 0.0214255 secs]58.300: [CMS58.303: [CMS-concurrent-mark: 0.003/0.025 secs] [Times: user=0.16 sys=0.00, real=0.02 secs] 
 (concurrent mode failure): 6324K->6322K(6848K), 0.0200795 secs] 9074K->9074K(9920K), [Metaspace: 3748K->3748K(1056768K)], 0.0415677 secs] [Times: user=0.18 sys=0.00, real=0.04 secs] 
58.320: [GC (Allocation Failure) 58.320: [ParNew (promotion failed): 2751K->2997K(3072K), 0.0171450 secs]58.338: [CMS: 6324K->6322K(6848K), 0.0168360 secs] 9074K->9074K(9920K), [Metaspace: 3748K->3748K(1056768K)], 0.0340545 secs] [Times: user=0.14 sys=0.00, real=0.03 secs] 
58.355: [GC (CMS Initial Mark) [1 CMS-initial-mark: 6322K(6848K)] 9074K(9920K), 0.0030870 secs] [Times: user=0.00 sys=0.00, real=0.00 secs] 
58.358: [CMS-concurrent-mark-start]
58.358: [GC (Allocation Failure) 58.358: [ParNew (promotion failed): 2751K->3022K(3072K), 0.0148973 secs]58.373: [CMS58.376: [CMS-concurrent-mark: 0.003/0.018 secs] [Times: user=0.11 sys=0.01, real=0.02 secs] 
 (concurrent mode failure): 6325K->6322K(6848K), 0.0200757 secs] 9074K->9074K(9920K), [Metaspace: 3748K->3748K(1056768K)], 0.0350507 secs] [Times: user=0.13 sys=0.01, real=0.03 secs] 
58.394: [GC (Allocation Failure) 58.394: [ParNew (promotion failed): 2751K->2997K(3072K), 0.0208857 secs]58.415: [CMS: 6325K->6322K(6848K), 0.0168117 secs] 9074K->9074K(9920K), [Metaspace: 3748K->3748K(1056768K)], 0.0377711 secs] [Times: user=0.16 sys=0.00, real=0.04 secs] 
58.432: [GC (CMS Initial Mark) [1 CMS-initial-mark: 6323K(6848K)] 9074K(9920K), 0.0031342 secs] [Times: user=0.00 sys=0.00, real=0.00 secs] 
58.435: [CMS-concurrent-mark-start]
58.435: [GC (Allocation Failure) 58.435: [ParNew (promotion failed): 2751K->2997K(3072K), 0.0186205 secs]58.454: [CMS58.458: [CMS-concurrent-mark: 0.003/0.022 secs] [Times: user=0.14 sys=0.00, real=0.02 secs] 
 (concurrent mode failure): 6325K->6322K(6848K), 0.0201513 secs] 9074K->9074K(9920K), [Metaspace: 3748K->3748K(1056768K)], 0.0388376 secs] [Times: user=0.15 sys=0.00, real=0.04 secs] 
58.475: [GC (Allocation Failure) 58.475: [ParNew (promotion failed): 2751K->2997K(3072K), 0.0170284 secs]58.492: [CMS: 6325K->6322K(6848K), 0.0170353 secs] 9074K->9074K(9920K), [Metaspace: 3748K->3748K(1056768K)], 0.0341401 secs] [Times: user=0.13 sys=0.00, real=0.04 secs] 
58.510: [GC (CMS Initial Mark) [1 CMS-initial-mark: 6322K(6848K)] 9074K(9920K), 0.0030917 secs] [Times: user=0.00 sys=0.00, real=0.00 secs] 
58.513: [CMS-concurrent-mark-start]
58.513: [GC (Allocation Failure) 58.513: [ParNew (promotion failed): 2751K->3022K(3072K), 0.0156127 secs]58.529: [CMS58.532: [CMS-concurrent-mark: 0.004/0.019 secs] [Times: user=0.10 sys=0.00, real=0.02 secs] 
 (concurrent mode failure): 6324K->6322K(6848K), 0.0203601 secs] 9074K->9074K(9920K), [Metaspace: 3748K->3748K(1056768K)], 0.0360403 secs] [Times: user=0.12 sys=0.00, real=0.04 secs] 
58.549: [GC (Allocation Failure) 58.549: [ParNew (promotion failed): 2751K->3022K(3072K), 0.0167162 secs]58.566: [CMS: 6324K->6322K(6848K), 0.0169064 secs] 9074K->9074K(9920K), [Metaspace: 3748K->3748K(1056768K)], 0.0337026 secs] [Times: user=0.13 sys=0.00, real=0.03 secs] 
58.583: [GC (CMS Initial Mark) [1 CMS-initial-mark: 6322K(6848K)] 9074K(9920K), 0.0031045 secs] [Times: user=0.00 sys=0.00, real=0.00 secs] 
58.587: [CMS-concurrent-mark-start]
58.587: [GC (Allocation Failure) 58.587: [ParNew (promotion failed): 2751K->2972K(3072K), 0.0216555 secs]58.608: [CMS58.612: [CMS-concurrent-mark: 0.003/0.025 secs] [Times: user=0.16 sys=0.01, real=0.03 secs] 
 (concurrent mode failure): 6324K->6322K(6848K), 0.0201715 secs] 9074K->9074K(9920K), [Metaspace: 3748K->3748K(1056768K)], 0.0419056 secs] [Times: user=0.18 sys=0.01, real=0.05 secs] 
58.629: [GC (Allocation Failure) 58.629: [ParNew (promotion failed): 2751K->3022K(3072K), 0.0227493 secs]58.652: [CMS: 6325K->6322K(6848K), 0.0175136 secs] 9074K->9074K(9920K), [Metaspace: 3748K->3748K(1056768K)], 0.0403449 secs] [Times: user=0.18 sys=0.00, real=0.04 secs] 
58.670: [GC (CMS Initial Mark) [1 CMS-initial-mark: 6323K(6848K)] 9074K(9920K), 0.0030848 secs] [Times: user=0.00 sys=0.00, real=0.00 secs] 
58.673: [CMS-concurrent-mark-start]
58.673: [GC (Allocation Failure) 58.673: [ParNew (promotion failed): 2751K->3022K(3072K), 0.0180235 secs]58.691: [CMS58.694: [CMS-concurrent-mark: 0.003/0.022 secs] [Times: user=0.12 sys=0.00, real=0.02 secs] 
 (concurrent mode failure): 6325K->6322K(6848K), 0.0200819 secs] 9074K->9074K(9920K), [Metaspace: 3748K->3748K(1056768K)], 0.0381798 secs] [Times: user=0.14 sys=0.00, real=0.04 secs] 
58.712: [GC (Allocation Failure) 58.712: [ParNew (promotion failed): 2751K->3022K(3072K), 0.0159825 secs]58.728: [CMS: 6325K->6322K(6848K), 0.0165570 secs] 9075K->9074K(9920K), [Metaspace: 3748K->3748K(1056768K)], 0.0326189 secs] [Times: user=0.13 sys=0.00, real=0.03 secs] 
58.745: [GC (CMS Initial Mark) [1 CMS-initial-mark: 6323K(6848K)] 9075K(9920K), 0.0030915 secs] [Times: user=0.01 sys=0.00, real=0.00 secs] 
58.748: [CMS-concurrent-mark-start]
58.749: [GC (Allocation Failure) 58.749: [ParNew (promotion failed): 2751K->3022K(3072K), 0.0154050 secs]58.764: [CMS58.767: [CMS-concurrent-mark: 0.004/0.019 secs] [Times: user=0.11 sys=0.00, real=0.02 secs] 
 (concurrent mode failure): 6325K->6322K(6848K), 0.0199005 secs] 9075K->9074K(9920K), [Metaspace: 3748K->3748K(1056768K)], 0.0353805 secs] [Times: user=0.12 sys=0.00, real=0.03 secs] 
58.785: [GC (Allocation Failure) 58.785: [ParNew (promotion failed): 2751K->2997K(3072K), 0.0211332 secs]58.806: [CMS: 6325K->6322K(6848K), 0.0167660 secs] 9074K->9074K(9920K), [Metaspace: 3748K->3748K(1056768K)], 0.0379686 secs] [Times: user=0.17 sys=0.00, real=0.04 secs] 
58.823: [GC (CMS Initial Mark) [1 CMS-initial-mark: 6322K(6848K)] 9074K(9920K), 0.0030690 secs] [Times: user=0.00 sys=0.00, real=0.00 secs] 
58.826: [CMS-concurrent-mark-start]
58.826: [GC (Allocation Failure) 58.826: [ParNew (promotion failed): 2751K->2997K(3072K), 0.0217018 secs]58.848: [CMS58.851: [CMS-concurrent-mark: 0.003/0.025 secs] [Times: user=0.17 sys=0.01, real=0.03 secs] 
 (concurrent mode failure): 6324K->6322K(6848K), 0.0200840 secs] 9074K->9074K(9920K), [Metaspace: 3748K->3748K(1056768K)], 0.0418490 secs] [Times: user=0.18 sys=0.01, real=0.04 secs] 
58.868: [GC (Allocation Failure) 58.868: [ParNew (promotion failed): 2751K->3046K(3072K), 0.0144641 secs]58.883: [CMS: 6325K->6322K(6848K), 0.0166533 secs] 9074K->9074K(9920K), [Metaspace: 3748K->3748K(1056768K)], 0.0311820 secs] [Times: user=0.12 sys=0.00, real=0.04 secs] 
58.900: [GC (CMS Initial Mark) [1 CMS-initial-mark: 6323K(6848K)] 9074K(9920K), 0.0032968 secs] [Times: user=0.01 sys=0.00, real=0.00 secs] 
58.903: [CMS-concurrent-mark-start]
58.903: [GC (Allocation Failure) 58.903: [ParNew (promotion failed): 2751K->3071K(3072K), 0.0173525 secs]58.921: [CMS58.924: [CMS-concurrent-mark: 0.004/0.021 secs] [Times: user=0.12 sys=0.00, real=0.02 secs] 
 (concurrent mode failure): 6325K->6323K(6848K), 0.0203743 secs] 9074K->9074K(9920K), [Metaspace: 3748K->3748K(1056768K)], 0.0378053 secs] [Times: user=0.14 sys=0.00, real=0.04 secs] 
58.942: [GC (Allocation Failure) 58.942: [ParNew (promotion failed): 2751K->3022K(3072K), 0.0213389 secs]58.963: [CMS: 6325K->6323K(6848K), 0.0185195 secs] 9075K->9074K(9920K), [Metaspace: 3748K->3748K(1056768K)], 0.0399374 secs] [Times: user=0.16 sys=0.00, real=0.04 secs] 
58.982: [GC (CMS Initial Mark) [1 CMS-initial-mark: 6323K(6848K)] 9075K(9920K), 0.0031690 secs] [Times: user=0.00 sys=0.00, real=0.00 secs] 
58.986: [CMS-concurrent-mark-start]
58.986: [GC (Allocation Failure) 58.986: [ParNew (promotion failed): 2751K->3046K(3072K), 0.0129928 secs]58.999: [CMS59.002: [CMS-concurrent-mark: 0.004/0.017 secs] [Times: user=0.09 sys=0.00, real=0.02 secs] 
 (concurrent mode failure): 6325K->6323K(6848K), 0.0203119 secs] 9075K->9074K(9920K), [Metaspace: 3748K->3748K(1056768K)], 0.0333752 secs] [Times: user=0.10 sys=0.00, real=0.04 secs] 
59.020: [GC (Allocation Failure) 59.020: [ParNew (promotion failed): 2751K->2997K(3072K), 0.0172766 secs]59.037: [CMS: 6325K->6322K(6848K), 0.0168131 secs] 9075K->9074K(9920K), [Metaspace: 3748K->3748K(1056768K)], 0.0341602 secs] [Times: user=0.14 sys=0.00, real=0.03 secs] 
59.054: [GC (CMS Initial Mark) [1 CMS-initial-mark: 6322K(6848K)] 9074K(9920K), 0.0030820 secs] [Times: user=0.00 sys=0.00, real=0.00 secs] 
59.058: [CMS-concurrent-mark-start]
59.058: [GC (Allocation Failure) 59.058: [ParNew (promotion failed): 2751K->2997K(3072K), 0.0163305 secs]59.074: [CMS59.078: [CMS-concurrent-mark: 0.004/0.020 secs] [Times: user=0.13 sys=0.00, real=0.02 secs] 
 (concurrent mode failure): 6325K->6322K(6848K), 0.0201450 secs] 9074K->9074K(9920K), [Metaspace: 3748K->3748K(1056768K)], 0.0365531 secs] [Times: user=0.14 sys=0.00, real=0.04 secs] 
59.095: [GC (Allocation Failure) 59.095: [ParNew (promotion failed): 2751K->3022K(3072K), 0.0185277 secs]59.113: [CMS: 6325K->6322K(6848K), 0.0165392 secs] 9074K->9074K(9920K), [Metaspace: 3748K->3748K(1056768K)], 0.0351343 secs] [Times: user=0.16 sys=0.01, real=0.04 secs] 
59.130: [GC (CMS Initial Mark) [1 CMS-initial-mark: 6322K(6848K)] 9074K(9920K), 0.0030640 secs] [Times: user=0.00 sys=0.00, real=0.00 secs] 
59.133: [CMS-concurrent-mark-start]
59.133: [GC (Allocation Failure) 59.133: [ParNew (promotion failed): 2751K->3022K(3072K), 0.0141285 secs]59.147: [CMS59.151: [CMS-concurrent-mark: 0.003/0.018 secs] [Times: user=0.11 sys=0.00, real=0.02 secs] 
 (concurrent mode failure): 6325K->6322K(6848K), 0.0198765 secs] 9074K->9074K(9920K), [Metaspace: 3748K->3748K(1056768K)], 0.0340684 secs] [Times: user=0.13 sys=0.00, real=0.03 secs] 
59.168: [GC (Allocation Failure) 59.168: [ParNew (promotion failed): 2751K->3022K(3072K), 0.0146352 secs]59.182: [CMS: 6325K->6323K(6848K), 0.0186219 secs] 9075K->9075K(9920K), [Metaspace: 3748K->3748K(1056768K)], 0.0333330 secs] [Times: user=0.10 sys=0.00, real=0.04 secs] 
59.203: [GC (CMS Initial Mark) [1 CMS-initial-mark: 6323K(6848K)] 9075K(9920K), 0.0032750 secs] [Times: user=0.00 sys=0.00, real=0.00 secs] 
59.206: [CMS-concurrent-mark-start]
59.206: [GC (Allocation Failure) 59.206: [ParNew (promotion failed): 2751K->2972K(3072K), 0.0189269 secs]59.225: [CMS59.229: [CMS-concurrent-mark: 0.004/0.023 secs] [Times: user=0.12 sys=0.00, real=0.03 secs] 
 (concurrent mode failure): 6325K->6323K(6848K), 0.0214715 secs] 9075K->9075K(9920K), [Metaspace: 3748K->3748K(1056768K)], 0.0404910 secs] [Times: user=0.14 sys=0.00, real=0.04 secs] 
59.247: [GC (Allocation Failure) 59.247: [ParNew (promotion failed): 2751K->2997K(3072K), 0.0155353 secs]59.263: [CMS: 6325K->6323K(6848K), 0.0170117 secs] 9075K->9075K(9920K), [Metaspace: 3748K->3748K(1056768K)], 0.0326324 secs] [Times: user=0.12 sys=0.00, real=0.04 secs] 
59.280: [GC (CMS Initial Mark) [1 CMS-initial-mark: 6323K(6848K)] 9075K(9920K), 0.0031248 secs] [Times: user=0.00 sys=0.00, real=0.00 secs] 
59.284: [CMS-concurrent-mark-start]
59.284: [GC (Allocation Failure) 59.284: [ParNew (promotion failed): 2751K->2997K(3072K), 0.0253680 secs]59.310: [CMS59.313: [CMS-concurrent-mark: 0.004/0.029 secs] [Times: user=0.19 sys=0.00, real=0.03 secs] 
 (concurrent mode failure): 6325K->6322K(6848K), 0.0197002 secs] 9075K->9074K(9920K), [Metaspace: 3748K->3748K(1056768K)], 0.0451666 secs] [Times: user=0.21 sys=0.00, real=0.05 secs] 
59.330: [GC (Allocation Failure) 59.330: [ParNew (promotion failed): 2751K->2972K(3072K), 0.0221185 secs]59.352: [CMS: 6325K->6322K(6848K), 0.0169955 secs] 9074K->9074K(9920K), [Metaspace: 3748K->3748K(1056768K)], 0.0391982 secs] [Times: user=0.17 sys=0.01, real=0.04 secs] 
59.370: [GC (CMS Initial Mark) [1 CMS-initial-mark: 6322K(6848K)] 9074K(9920K), 0.0031285 secs] [Times: user=0.00 sys=0.00, real=0.00 secs] 
59.373: [CMS-concurrent-mark-start]
59.373: [GC (Allocation Failure) 59.373: [ParNew (promotion failed): 2751K->3022K(3072K), 0.0166989 secs]59.390: [CMS59.393: [CMS-concurrent-mark: 0.003/0.020 secs] [Times: user=0.13 sys=0.00, real=0.02 secs] 
 (concurrent mode failure): 6325K->6322K(6848K), 0.0204850 secs] 9074K->9074K(9920K), [Metaspace: 3748K->3748K(1056768K)], 0.0372627 secs] [Times: user=0.14 sys=0.00, real=0.04 secs] 
59.410: [GC (Allocation Failure) 59.410: [ParNew (promotion failed): 2751K->2972K(3072K), 0.0175426 secs]59.428: [CMS: 6325K->6323K(6848K), 0.0176068 secs] 9074K->9074K(9920K), [Metaspace: 3748K->3748K(1056768K)], 0.0352356 secs] [Times: user=0.12 sys=0.00, real=0.03 secs] 
59.446: [GC (CMS Initial Mark) [1 CMS-initial-mark: 6323K(6848K)] 9075K(9920K), 0.0032264 secs] [Times: user=0.00 sys=0.00, real=0.01 secs] 
59.449: [CMS-concurrent-mark-start]
59.450: [GC (Allocation Failure) 59.450: [ParNew (promotion failed): 2751K->3022K(3072K), 0.0181974 secs]59.468: [CMS59.471: [CMS-concurrent-mark: 0.004/0.022 secs] [Times: user=0.12 sys=0.00, real=0.02 secs] 
 (concurrent mode failure): 6325K->6323K(6848K), 0.0202467 secs] 9075K->9075K(9920K), [Metaspace: 3748K->3748K(1056768K)], 0.0385277 secs] [Times: user=0.14 sys=0.00, real=0.04 secs] 
59.489: [GC (Allocation Failure) 59.489: [ParNew (promotion failed): 2751K->2997K(3072K), 0.0183450 secs]59.507: [CMS: 6325K->6323K(6848K), 0.0177768 secs] 9075K->9075K(9920K), [Metaspace: 3748K->3748K(1056768K)], 0.0362189 secs] [Times: user=0.12 sys=0.00, real=0.03 secs] 
59.526: [GC (CMS Initial Mark) [1 CMS-initial-mark: 6323K(6848K)] 9075K(9920K), 0.0031254 secs] [Times: user=0.00 sys=0.00, real=0.01 secs] 
59.529: [CMS-concurrent-mark-start]
59.529: [GC (Allocation Failure) 59.529: [ParNew (promotion failed): 2751K->2997K(3072K), 0.0180370 secs]59.547: [CMS59.551: [CMS-concurrent-mark: 0.004/0.022 secs] [Times: user=0.13 sys=0.00, real=0.02 secs] 
 (concurrent mode failure): 6325K->6323K(6848K), 0.0205032 secs] 9075K->9075K(9920K), [Metaspace: 3748K->3748K(1056768K)], 0.0386310 secs] [Times: user=0.14 sys=0.00, real=0.03 secs] 
59.569: [GC (Allocation Failure) 59.569: [ParNew (promotion failed): 2751K->2997K(3072K), 0.0211984 secs]59.590: [CMS: 6325K->6322K(6848K), 0.0166617 secs] 9075K->9074K(9920K), [Metaspace: 3748K->3748K(1056768K)], 0.0379504 secs] [Times: user=0.17 sys=0.00, real=0.03 secs] 
59.607: [GC (CMS Initial Mark) [1 CMS-initial-mark: 6323K(6848K)] 9075K(9920K), 0.0030869 secs] [Times: user=0.00 sys=0.00, real=0.01 secs] 
59.610: [CMS-concurrent-mark-start]
59.610: [GC (Allocation Failure) 59.610: [ParNew (promotion failed): 2751K->3022K(3072K), 0.0180736 secs]59.629: [CMS59.632: [CMS-concurrent-mark: 0.004/0.022 secs] [Times: user=0.14 sys=0.00, real=0.02 secs] 
 (concurrent mode failure): 6325K->6322K(6848K), 0.0200662 secs] 9075K->9074K(9920K), [Metaspace: 3748K->3748K(1056768K)], 0.0382302 secs] [Times: user=0.15 sys=0.00, real=0.04 secs] 
59.649: [GC (Allocation Failure) 59.649: [ParNew (promotion failed): 2751K->2997K(3072K), 0.0200635 secs]59.669: [CMS: 6325K->6323K(6848K), 0.0166789 secs] 9074K->9074K(9920K), [Metaspace: 3748K->3748K(1056768K)], 0.0368303 secs] [Times: user=0.16 sys=0.00, real=0.03 secs] 
59.686: [GC (CMS Initial Mark) [1 CMS-initial-mark: 6323K(6848K)] 9075K(9920K), 0.0030557 secs] [Times: user=0.00 sys=0.00, real=0.01 secs] 
59.689: [CMS-concurrent-mark-start]
59.689: [GC (Allocation Failure) 59.689: [ParNew (promotion failed): 2751K->2997K(3072K), 0.0142375 secs]59.704: [CMS59.707: [CMS-concurrent-mark: 0.003/0.018 secs] [Times: user=0.11 sys=0.00, real=0.01 secs] 
 (concurrent mode failure): 6325K->6323K(6848K), 0.0200852 secs] 9075K->9075K(9920K), [Metaspace: 3748K->3748K(1056768K)], 0.0343886 secs] [Times: user=0.12 sys=0.00, real=0.03 secs] 
59.724: [GC (Allocation Failure) 59.724: [ParNew (promotion failed): 2751K->2997K(3072K), 0.0207010 secs]59.745: [CMS: 6325K->6323K(6848K), 0.0174267 secs] 9075K->9075K(9920K), [Metaspace: 3748K->3748K(1056768K)], 0.0381990 secs] [Times: user=0.16 sys=0.00, real=0.04 secs] 
59.763: [GC (CMS Initial Mark) [1 CMS-initial-mark: 6323K(6848K)] 9075K(9920K), 0.0030936 secs] [Times: user=0.01 sys=0.00, real=0.00 secs] 
59.766: [CMS-concurrent-mark-start]
59.766: [GC (Allocation Failure) 59.766: [ParNew (promotion failed): 2751K->3046K(3072K), 0.0158692 secs]59.782: [CMS59.785: [CMS-concurrent-mark: 0.003/0.019 secs] [Times: user=0.10 sys=0.01, real=0.02 secs] 
 (concurrent mode failure): 6325K->6323K(6848K), 0.0202992 secs] 9075K->9075K(9920K), [Metaspace: 3748K->3748K(1056768K)], 0.0362299 secs] [Times: user=0.12 sys=0.01, real=0.04 secs] 
59.803: [GC (Allocation Failure) 59.803: [ParNew (promotion failed): 2751K->2972K(3072K), 0.0206662 secs]59.824: [CMS: 6325K->6323K(6848K), 0.0168642 secs] 9075K->9075K(9920K), [Metaspace: 3748K->3748K(1056768K)], 0.0376062 secs] [Times: user=0.15 sys=0.00, real=0.04 secs] 
59.841: [GC (CMS Initial Mark) [1 CMS-initial-mark: 6323K(6848K)] 9075K(9920K), 0.0030627 secs] [Times: user=0.00 sys=0.00, real=0.00 secs] 
59.844: [CMS-concurrent-mark-start]
59.845: [GC (Allocation Failure) 59.845: [ParNew (promotion failed): 2751K->2997K(3072K), 0.0140698 secs]59.859: [CMS59.862: [CMS-concurrent-mark: 0.004/0.018 secs] [Times: user=0.10 sys=0.00, real=0.02 secs] 
 (concurrent mode failure): 6325K->6323K(6848K), 0.0198329 secs] 9075K->9074K(9920K), [Metaspace: 3748K->3748K(1056768K)], 0.0339785 secs] [Times: user=0.12 sys=0.00, real=0.04 secs] 
59.879: [GC (Allocation Failure) 59.879: [ParNew (promotion failed): 2751K->2997K(3072K), 0.0206685 secs]59.900: [CMS: 6325K->6323K(6848K), 0.0167357 secs] 9075K->9074K(9920K), [Metaspace: 3748K->3748K(1056768K)], 0.0374785 secs] [Times: user=0.16 sys=0.00, real=0.03 secs] 
59.917: [GC (CMS Initial Mark) [1 CMS-initial-mark: 6323K(6848K)] 9075K(9920K), 0.0032585 secs] [Times: user=0.00 sys=0.00, real=0.01 secs] 
59.920: [CMS-concurrent-mark-start]
59.920: [GC (Allocation Failure) 59.920: [ParNew (promotion failed): 2751K->2972K(3072K), 0.0216609 secs]59.942: [CMS59.946: [CMS-concurrent-mark: 0.004/0.025 secs] [Times: user=0.15 sys=0.00, real=0.02 secs] 
 (concurrent mode failure): 6325K->6323K(6848K), 0.0206836 secs] 9075K->9075K(9920K), [Metaspace: 3748K->3748K(1056768K)], 0.0424252 secs] [Times: user=0.17 sys=0.00, real=0.04 secs] 
59.963: [GC (Allocation Failure) 59.963: [ParNew (promotion failed): 2751K->3022K(3072K), 0.0216256 secs]59.985: [CMS: 6325K->6323K(6848K), 0.0168085 secs] 9075K->9075K(9920K), [Metaspace: 3748K->3748K(1056768K)], 0.0385175 secs] [Times: user=0.17 sys=0.00, real=0.04 secs] 
60.002: [GC (CMS Initial Mark) [1 CMS-initial-mark: 6323K(6848K)] 9075K(9920K), 0.0031230 secs] [Times: user=0.00 sys=0.00, real=0.00 secs] 
60.005: [CMS-concurrent-mark-start]
60.005: [GC (Allocation Failure) 60.005: [ParNew (promotion failed): 2751K->3022K(3072K), 0.0163789 secs]60.022: [CMS60.025: [CMS-concurrent-mark: 0.004/0.020 secs] [Times: user=0.13 sys=0.01, real=0.02 secs] 
 (concurrent mode failure): 6325K->6323K(6848K), 0.0200070 secs] 9075K->9075K(9920K), [Metaspace: 3748K->3748K(1056768K)], 0.0364482 secs] [Times: user=0.14 sys=0.01, real=0.04 secs] 
60.042: [GC (Allocation Failure) 60.042: [ParNew (promotion failed): 2751K->2972K(3072K), 0.0196817 secs]60.062: [CMS: 6325K->6323K(6848K), 0.0168783 secs] 9075K->9075K(9920K), [Metaspace: 3748K->3748K(1056768K)], 0.0366524 secs] [Times: user=0.15 sys=0.00, real=0.04 secs] 
60.080: [GC (CMS Initial Mark) [1 CMS-initial-mark: 6323K(6848K)] 9075K(9920K), 0.0030858 secs] [Times: user=0.00 sys=0.00, real=0.00 secs] 
60.083: [CMS-concurrent-mark-start]
60.083: [GC (Allocation Failure) 60.083: [ParNew (promotion failed): 2751K->3022K(3072K), 0.0154675 secs]60.098: [CMS60.102: [CMS-concurrent-mark: 0.004/0.019 secs] [Times: user=0.12 sys=0.00, real=0.02 secs] 
 (concurrent mode failure): 6325K->6323K(6848K), 0.0200565 secs] 9075K->9075K(9920K), [Metaspace: 3748K->3748K(1056768K)], 0.0355972 secs] [Times: user=0.14 sys=0.00, real=0.04 secs] 
60.119: [GC (Allocation Failure) 60.119: [ParNew (promotion failed): 2751K->3022K(3072K), 0.0226776 secs]60.142: [CMS: 6325K->6323K(6848K), 0.0165937 secs] 9075K->9075K(9920K), [Metaspace: 3748K->3748K(1056768K)], 0.0393507 secs] [Times: user=0.18 sys=0.00, real=0.04 secs] 
60.159: [GC (CMS Initial Mark) [1 CMS-initial-mark: 6323K(6848K)] 9075K(9920K), 0.0030747 secs] [Times: user=0.00 sys=0.00, real=0.00 secs] 
60.162: [CMS-concurrent-mark-start]
60.163: [GC (Allocation Failure) 60.163: [ParNew (promotion failed): 2751K->3022K(3072K), 0.0184705 secs]60.181: [CMS60.184: [CMS-concurrent-mark: 0.004/0.022 secs] [Times: user=0.14 sys=0.00, real=0.02 secs] 
 (concurrent mode failure): 6325K->6323K(6848K), 0.0200511 secs] 9075K->9075K(9920K), [Metaspace: 3748K->3748K(1056768K)], 0.0385957 secs] [Times: user=0.15 sys=0.00, real=0.04 secs] 
60.202: [GC (Allocation Failure) 60.202: [ParNew (promotion failed): 2751K->2997K(3072K), 0.0206882 secs]60.222: [CMS: 6325K->6323K(6848K), 0.0166893 secs] 9075K->9075K(9920K), [Metaspace: 3748K->3748K(1056768K)], 0.0374550 secs] [Times: user=0.16 sys=0.00, real=0.04 secs] 
60.239: [GC (CMS Initial Mark) [1 CMS-initial-mark: 6323K(6848K)] 9075K(9920K), 0.0030552 secs] [Times: user=0.00 sys=0.00, real=0.00 secs] 
60.242: [CMS-concurrent-mark-start]
60.242: [GC (Allocation Failure) 60.242: [ParNew (promotion failed): 2751K->2972K(3072K), 0.0141476 secs]60.257: [CMS60.260: [CMS-concurrent-mark: 0.003/0.018 secs] [Times: user=0.11 sys=0.00, real=0.02 secs] 
 (concurrent mode failure): 6325K->6323K(6848K), 0.0200469 secs] 9075K->9075K(9920K), [Metaspace: 3748K->3748K(1056768K)], 0.0342750 secs] [Times: user=0.12 sys=0.00, real=0.03 secs] 
60.277: [GC (Allocation Failure) 60.277: [ParNew (promotion failed): 2751K->2997K(3072K), 0.0222227 secs]60.299: [CMS: 6325K->6323K(6848K), 0.0166620 secs] 9075K->9075K(9920K), [Metaspace: 3748K->3748K(1056768K)], 0.0389587 secs] [Times: user=0.18 sys=0.01, real=0.04 secs] 
60.316: [GC (CMS Initial Mark) [1 CMS-initial-mark: 6323K(6848K)] 9075K(9920K), 0.0030584 secs] [Times: user=0.00 sys=0.00, real=0.01 secs] 
60.320: [CMS-concurrent-mark-start]
60.320: [GC (Allocation Failure) 60.320: [ParNew (promotion failed): 2751K->3022K(3072K), 0.0149728 secs]60.335: [CMS60.338: [CMS-concurrent-mark: 0.004/0.019 secs] [Times: user=0.12 sys=0.00, real=0.02 secs] 
 (concurrent mode failure): 6325K->6323K(6848K), 0.0200779 secs] 9075K->9075K(9920K), [Metaspace: 3748K->3748K(1056768K)], 0.0351203 secs] [Times: user=0.13 sys=0.00, real=0.03 secs] 
60.356: [GC (Allocation Failure) 60.356: [ParNew (promotion failed): 2751K->3071K(3072K), 0.0243383 secs]60.380: [CMS: 6325K->6323K(6848K), 0.0165823 secs] 9075K->9075K(9920K), [Metaspace: 3748K->3748K(1056768K)], 0.0410041 secs] [Times: user=0.20 sys=0.00, real=0.04 secs] 
60.397: [GC (CMS Initial Mark) [1 CMS-initial-mark: 6323K(6848K)] 9075K(9920K), 0.0031091 secs] [Times: user=0.01 sys=0.00, real=0.01 secs] 
60.400: [CMS-concurrent-mark-start]
60.401: [GC (Allocation Failure) 60.401: [ParNew (promotion failed): 2751K->3022K(3072K), 0.0159850 secs]60.417: [CMS60.420: [CMS-concurrent-mark: 0.004/0.020 secs] [Times: user=0.12 sys=0.00, real=0.02 secs] 
 (concurrent mode failure): 6325K->6323K(6848K), 0.0197185 secs] 9075K->9075K(9920K), [Metaspace: 3748K->3748K(1056768K)], 0.0357634 secs] [Times: user=0.13 sys=0.00, real=0.03 secs] 
60.437: [GC (Allocation Failure) 60.437: [ParNew (promotion failed): 2751K->3022K(3072K), 0.0164568 secs]60.454: [CMS: 6325K->6323K(6848K), 0.0167482 secs] 9075K->9075K(9920K), [Metaspace: 3748K->3748K(1056768K)], 0.0332818 secs] [Times: user=0.14 sys=0.00, real=0.04 secs] 
60.471: [GC (CMS Initial Mark) [1 CMS-initial-mark: 6323K(6848K)] 9075K(9920K), 0.0030897 secs] [Times: user=0.01 sys=0.00, real=0.00 secs] 
60.474: [CMS-concurrent-mark-start]
60.474: [GC (Allocation Failure) 60.474: [ParNew (promotion failed): 2751K->2997K(3072K), 0.0195609 secs]60.493: [CMS60.497: [CMS-concurrent-mark: 0.004/0.023 secs] [Times: user=0.14 sys=0.00, real=0.02 secs] 
 (concurrent mode failure): 6325K->6323K(6848K), 0.0208134 secs] 9075K->9075K(9920K), [Metaspace: 3748K->3748K(1056768K)], 0.0404552 secs] [Times: user=0.15 sys=0.00, real=0.04 secs] 
60.515: [GC (Allocation Failure) 60.515: [ParNew (promotion failed): 2751K->2972K(3072K), 0.0129957 secs]60.528: [CMS: 6325K->6323K(6848K), 0.0173588 secs] 9075K->9075K(9920K), [Metaspace: 3748K->3748K(1056768K)], 0.0304613 secs] [Times: user=0.08 sys=0.00, real=0.03 secs] 
60.545: [GC (CMS Initial Mark) [1 CMS-initial-mark: 6323K(6848K)] 9075K(9920K), 0.0030769 secs] [Times: user=0.00 sys=0.00, real=0.01 secs] 
60.549: [CMS-concurrent-mark-start]
60.549: [GC (Allocation Failure) 60.549: [ParNew (promotion failed): 2751K->2997K(3072K), 0.0203635 secs]60.569: [CMS60.573: [CMS-concurrent-mark: 0.004/0.024 secs] [Times: user=0.16 sys=0.00, real=0.02 secs] 
 (concurrent mode failure): 6325K->6323K(6848K), 0.0202234 secs] 9075K->9075K(9920K), [Metaspace: 3748K->3748K(1056768K)], 0.0406605 secs] [Times: user=0.17 sys=0.00, real=0.04 secs] 
60.590: [GC (Allocation Failure) 60.590: [ParNew (promotion failed): 2751K->3022K(3072K), 0.0174308 secs]60.607: [CMS: 6325K->6323K(6848K), 0.0168533 secs] 9075K->9075K(9920K), [Metaspace: 3748K->3748K(1056768K)], 0.0343703 secs] [Times: user=0.15 sys=0.01, real=0.03 secs] 
60.625: [GC (CMS Initial Mark) [1 CMS-initial-mark: 6323K(6848K)] 9075K(9920K), 0.0030833 secs] [Times: user=0.00 sys=0.00, real=0.00 secs] 
60.628: [CMS-concurrent-mark-start]
60.628: [GC (Allocation Failure) 60.628: [ParNew (promotion failed): 2751K->3022K(3072K), 0.0229348 secs]60.651: [CMS60.655: [CMS-concurrent-mark: 0.003/0.026 secs] [Times: user=0.18 sys=0.00, real=0.03 secs] 
 (concurrent mode failure): 6325K->6323K(6848K), 0.0199417 secs] 9075K->9075K(9920K), [Metaspace: 3748K->3748K(1056768K)], 0.0429368 secs] [Times: user=0.20 sys=0.00, real=0.04 secs] 
60.672: [GC (Allocation Failure) 60.672: [ParNew (promotion failed): 2751K->2972K(3072K), 0.0174850 secs]60.689: [CMS: 6325K->6323K(6848K), 0.0171047 secs] 9075K->9075K(9920K), [Metaspace: 3748K->3748K(1056768K)], 0.0346619 secs] [Times: user=0.14 sys=0.00, real=0.03 secs] 
60.708: [GC (CMS Initial Mark) [1 CMS-initial-mark: 6323K(6848K)] 9075K(9920K), 0.0031378 secs] [Times: user=0.00 sys=0.00, real=0.01 secs] 
60.711: [CMS-concurrent-mark-start]
60.711: [GC (Allocation Failure) 60.711: [ParNew (promotion failed): 2751K->3022K(3072K), 0.0146581 secs]60.726: [CMS60.729: [CMS-concurrent-mark: 0.004/0.018 secs] [Times: user=0.11 sys=0.00, real=0.02 secs] 
 (concurrent mode failure): 6325K->6323K(6848K), 0.0204219 secs] 9075K->9075K(9920K), [Metaspace: 3748K->3748K(1056768K)], 0.0351583 secs] [Times: user=0.11 sys=0.00, real=0.03 secs] 
60.747: [GC (Allocation Failure) 60.747: [ParNew (promotion failed): 2751K->3022K(3072K), 0.0187821 secs]60.766: [CMS: 6325K->6323K(6848K), 0.0166924 secs] 9075K->9075K(9920K), [Metaspace: 3748K->3748K(1056768K)], 0.0355442 secs] [Times: user=0.15 sys=0.00, real=0.04 secs] 
60.783: [GC (CMS Initial Mark) [1 CMS-initial-mark: 6323K(6848K)] 9075K(9920K), 0.0031025 secs] [Times: user=0.00 sys=0.00, real=0.00 secs] 
60.786: [CMS-concurrent-mark-start]
60.786: [GC (Allocation Failure) 60.786: [ParNew (promotion failed): 2751K->2997K(3072K), 0.0221195 secs]60.808: [CMS60.811: [CMS-concurrent-mark: 0.003/0.026 secs] [Times: user=0.16 sys=0.00, real=0.03 secs] 
 (concurrent mode failure): 6325K->6323K(6848K), 0.0201398 secs] 9075K->9075K(9920K), [Metaspace: 3748K->3748K(1056768K)], 0.0423382 secs] [Times: user=0.18 sys=0.00, real=0.05 secs] 
60.829: [GC (Allocation Failure) 60.829: [ParNew (promotion failed): 2751K->2997K(3072K), 0.0229968 secs]60.852: [CMS: 6325K->6323K(6848K), 0.0166248 secs] 9075K->9075K(9920K), [Metaspace: 3748K->3748K(1056768K)], 0.0396932 secs] [Times: user=0.19 sys=0.00, real=0.04 secs] 
60.869: [GC (CMS Initial Mark) [1 CMS-initial-mark: 6323K(6848K)] 9075K(9920K), 0.0030346 secs] [Times: user=0.00 sys=0.00, real=0.00 secs] 
60.872: [CMS-concurrent-mark-start]
60.872: [GC (Allocation Failure) 60.872: [ParNew (promotion failed): 2751K->3022K(3072K), 0.0140772 secs]60.886: [CMS60.889: [CMS-concurrent-mark: 0.003/0.018 secs] [Times: user=0.11 sys=0.01, real=0.02 secs] 
 (concurrent mode failure): 6325K->6323K(6848K), 0.0199523 secs] 9075K->9075K(9920K), [Metaspace: 3748K->3748K(1056768K)], 0.0341007 secs] [Times: user=0.12 sys=0.01, real=0.03 secs] 
60.907: [GC (Allocation Failure) 60.907: [ParNew (promotion failed): 2751K->2997K(3072K), 0.0183301 secs]60.925: [CMS: 6325K->6323K(6848K), 0.0165789 secs] 9075K->9075K(9920K), [Metaspace: 3748K->3748K(1056768K)], 0.0349703 secs] [Times: user=0.16 sys=0.00, real=0.04 secs] 
60.942: [GC (CMS Initial Mark) [1 CMS-initial-mark: 6323K(6848K)] 9075K(9920K), 0.0030779 secs] [Times: user=0.00 sys=0.00, real=0.00 secs] 
60.945: [CMS-concurrent-mark-start]
60.946: [GC (Allocation Failure) 60.946: [ParNew (promotion failed): 2751K->2997K(3072K), 0.0158390 secs]60.962: [CMS60.965: [CMS-concurrent-mark: 0.004/0.020 secs] [Times: user=0.12 sys=0.00, real=0.02 secs] 
 (concurrent mode failure): 6325K->6323K(6848K), 0.0196437 secs] 9075K->9075K(9920K), [Metaspace: 3748K->3748K(1056768K)], 0.0355448 secs] [Times: user=0.14 sys=0.00, real=0.04 secs] 
60.982: [GC (Allocation Failure) 60.982: [ParNew (promotion failed): 2751K->2997K(3072K), 0.0170535 secs]60.999: [CMS: 6325K->6323K(6848K), 0.0165558 secs] 9075K->9075K(9920K), [Metaspace: 3748K->3748K(1056768K)], 0.0336753 secs] [Times: user=0.13 sys=0.00, real=0.03 secs] 
61.016: [GC (CMS Initial Mark) [1 CMS-initial-mark: 6323K(6848K)] 9075K(9920K), 0.0030655 secs] [Times: user=0.01 sys=0.00, real=0.01 secs] 
61.019: [CMS-concurrent-mark-start]
61.019: [GC (Allocation Failure) 61.019: [ParNew (promotion failed): 2751K->3022K(3072K), 0.0173103 secs]61.036: [CMS61.040: [CMS-concurrent-mark: 0.003/0.021 secs] [Times: user=0.13 sys=0.00, real=0.02 secs] 
 (concurrent mode failure): 6325K->6323K(6848K), 0.0200588 secs] 9075K->9075K(9920K), [Metaspace: 3748K->3748K(1056768K)], 0.0374415 secs] [Times: user=0.15 sys=0.00, real=0.03 secs] 
61.057: [GC (Allocation Failure) 61.057: [ParNew (promotion failed): 2751K->3022K(3072K), 0.0222227 secs]61.079: [CMS: 6325K->6323K(6848K), 0.0165960 secs] 9075K->9075K(9920K), [Metaspace: 3748K->3748K(1056768K)], 0.0388961 secs] [Times: user=0.18 sys=0.00, real=0.04 secs] 
61.096: [GC (CMS Initial Mark) [1 CMS-initial-mark: 6323K(6848K)] 9075K(9920K), 0.0030816 secs] [Times: user=0.00 sys=0.00, real=0.01 secs] 
61.099: [CMS-concurrent-mark-start]
61.099: [GC (Allocation Failure) 61.099: [ParNew (promotion failed): 2751K->3022K(3072K), 0.0235232 secs]61.123: [CMS61.126: [CMS-concurrent-mark: 0.003/0.027 secs] [Times: user=0.19 sys=0.00, real=0.02 secs] 
 (concurrent mode failure): 6325K->6323K(6848K), 0.0198451 secs] 9075K->9075K(9920K), [Metaspace: 3748K->3748K(1056768K)], 0.0434320 secs] [Times: user=0.20 sys=0.00, real=0.04 secs] 
61.143: [GC (Allocation Failure) 61.143: [ParNew (promotion failed): 2751K->3022K(3072K), 0.0180220 secs]61.161: [CMS: 6325K->6323K(6848K), 0.0165194 secs] 9075K->9075K(9920K), [Metaspace: 3748K->3748K(1056768K)], 0.0346044 secs] [Times: user=0.14 sys=0.00, real=0.03 secs] 
61.178: [GC (CMS Initial Mark) [1 CMS-initial-mark: 6323K(6848K)] 9075K(9920K), 0.0030501 secs] [Times: user=0.00 sys=0.00, real=0.00 secs] 
61.182: [CMS-concurrent-mark-start]
61.182: [GC (Allocation Failure) 61.182: [ParNew (promotion failed): 2751K->3022K(3072K), 0.0165307 secs]61.198: [CMS61.202: [CMS-concurrent-mark: 0.003/0.020 secs] [Times: user=0.14 sys=0.00, real=0.02 secs] 
 (concurrent mode failure): 6325K->6323K(6848K), 0.0201380 secs] 9075K->9075K(9920K), [Metaspace: 3748K->3748K(1056768K)], 0.0367326 secs] [Times: user=0.15 sys=0.00, real=0.04 secs] 
61.219: [GC (Allocation Failure) 61.219: [ParNew (promotion failed): 2751K->2997K(3072K), 0.0162485 secs]61.235: [CMS: 6325K->6323K(6848K), 0.0166494 secs] 9075K->9075K(9920K), [Metaspace: 3748K->3748K(1056768K)], 0.0329619 secs] [Times: user=0.14 sys=0.01, real=0.03 secs] 
61.252: [GC (CMS Initial Mark) [1 CMS-initial-mark: 6323K(6848K)] 9075K(9920K), 0.0030505 secs] [Times: user=0.00 sys=0.00, real=0.00 secs] 
61.256: [CMS-concurrent-mark-start]
61.256: [GC (Allocation Failure) 61.256: [ParNew (promotion failed): 2751K->2997K(3072K), 0.0171005 secs]61.273: [CMS61.276: [CMS-concurrent-mark: 0.003/0.021 secs] [Times: user=0.14 sys=0.00, real=0.02 secs] 
 (concurrent mode failure): 6325K->6323K(6848K), 0.0198627 secs] 9075K->9075K(9920K), [Metaspace: 3748K->3748K(1056768K)], 0.0370244 secs] [Times: user=0.15 sys=0.00, real=0.04 secs] 
61.293: [GC (Allocation Failure) 61.293: [ParNew (promotion failed): 2751K->2997K(3072K), 0.0145795 secs]61.308: [CMS: 6325K->6323K(6848K), 0.0165402 secs] 9075K->9075K(9920K), [Metaspace: 3748K->3748K(1056768K)], 0.0311825 secs] [Times: user=0.13 sys=0.00, real=0.03 secs] 
61.325: [GC (CMS Initial Mark) [1 CMS-initial-mark: 6323K(6848K)] 9075K(9920K), 0.0030554 secs] [Times: user=0.00 sys=0.00, real=0.00 secs] 
61.328: [CMS-concurrent-mark-start]
61.328: [GC (Allocation Failure) 61.328: [ParNew (promotion failed): 2751K->3022K(3072K), 0.0119238 secs]61.340: [CMS61.343: [CMS-concurrent-mark: 0.004/0.016 secs] [Times: user=0.08 sys=0.00, real=0.02 secs] 
 (concurrent mode failure): 6325K->6323K(6848K), 0.0204147 secs] 9075K->9075K(9920K), [Metaspace: 3748K->3748K(1056768K)], 0.0323937 secs] [Times: user=0.10 sys=0.00, real=0.04 secs] 
61.361: [GC (Allocation Failure) 61.361: [ParNew (promotion failed): 2751K->2997K(3072K), 0.0199617 secs]61.381: [CMS: 6325K->6323K(6848K), 0.0167255 secs] 9075K->9075K(9920K), [Metaspace: 3748K->3748K(1056768K)], 0.0367566 secs] [Times: user=0.16 sys=0.00, real=0.03 secs] 
61.398: [GC (CMS Initial Mark) [1 CMS-initial-mark: 6323K(6848K)] 9075K(9920K), 0.0031036 secs] [Times: user=0.00 sys=0.00, real=0.01 secs] 
61.401: [CMS-concurrent-mark-start]
61.401: [GC (Allocation Failure) 61.401: [ParNew (promotion failed): 2751K->2997K(3072K), 0.0163667 secs]61.417: [CMS61.421: [CMS-concurrent-mark: 0.004/0.020 secs] [Times: user=0.13 sys=0.00, real=0.02 secs] 
 (concurrent mode failure): 6325K->6323K(6848K), 0.0202500 secs] 9075K->9075K(9920K), [Metaspace: 3748K->3748K(1056768K)], 0.0366838 secs] [Times: user=0.14 sys=0.00, real=0.03 secs] 
61.438: [GC (Allocation Failure) 61.438: [ParNew (promotion failed): 2751K->3046K(3072K), 0.0162810 secs]61.455: [CMS: 6325K->6323K(6848K), 0.0165545 secs] 9075K->9075K(9920K), [Metaspace: 3748K->3748K(1056768K)], 0.0328889 secs] [Times: user=0.13 sys=0.00, real=0.03 secs] 
61.472: [GC (CMS Initial Mark) [1 CMS-initial-mark: 6323K(6848K)] 9075K(9920K), 0.0030339 secs] [Times: user=0.01 sys=0.00, real=0.00 secs] 
61.475: [CMS-concurrent-mark-start]
61.475: [GC (Allocation Failure) 61.475: [ParNew (promotion failed): 2751K->2997K(3072K), 0.0152319 secs]61.491: [CMS61.494: [CMS-concurrent-mark: 0.004/0.019 secs] [Times: user=0.12 sys=0.00, real=0.02 secs] 
 (concurrent mode failure): 6325K->6323K(6848K), 0.0197176 secs] 9075K->9075K(9920K), [Metaspace: 3748K->3748K(1056768K)], 0.0350135 secs] [Times: user=0.14 sys=0.00, real=0.04 secs] 
61.511: [GC (Allocation Failure) 61.511: [ParNew (promotion failed): 2751K->3046K(3072K), 0.0136226 secs]61.525: [CMS: 6325K->6323K(6848K), 0.0169952 secs] 9075K->9075K(9920K), [Metaspace: 3748K->3748K(1056768K)], 0.0306804 secs] [Times: user=0.10 sys=0.00, real=0.03 secs] 
61.542: [GC (CMS Initial Mark) [1 CMS-initial-mark: 6323K(6848K)] 9075K(9920K), 0.0030892 secs] [Times: user=0.00 sys=0.00, real=0.00 secs] 
61.545: [CMS-concurrent-mark-start]
61.545: [GC (Allocation Failure) 61.545: [ParNew (promotion failed): 2751K->3046K(3072K), 0.0173529 secs]61.563: [CMS61.566: [CMS-concurrent-mark: 0.003/0.021 secs] [Times: user=0.14 sys=0.01, real=0.02 secs] 
 (concurrent mode failure): 6325K->6323K(6848K), 0.0198917 secs] 9075K->9075K(9920K), [Metaspace: 3748K->3748K(1056768K)], 0.0372995 secs] [Times: user=0.15 sys=0.01, real=0.04 secs] 
61.583: [GC (Allocation Failure) 61.583: [ParNew (promotion failed): 2751K->3022K(3072K), 0.0191391 secs]61.602: [CMS: 6325K->6323K(6848K), 0.0164294 secs] 9075K->9075K(9920K), [Metaspace: 3748K->3748K(1056768K)], 0.0356280 secs] [Times: user=0.16 sys=0.00, real=0.04 secs] 
61.619: [GC (CMS Initial Mark) [1 CMS-initial-mark: 6323K(6848K)] 9075K(9920K), 0.0030820 secs] [Times: user=0.01 sys=0.00, real=0.00 secs] 
61.622: [CMS-concurrent-mark-start]
61.622: [GC (Allocation Failure) 61.622: [ParNew (promotion failed): 2751K->2997K(3072K), 0.0185638 secs]61.641: [CMS61.644: [CMS-concurrent-mark: 0.004/0.022 secs] [Times: user=0.14 sys=0.00, real=0.02 secs] 
 (concurrent mode failure): 6325K->6323K(6848K), 0.0200222 secs] 9075K->9075K(9920K), [Metaspace: 3748K->3748K(1056768K)], 0.0386568 secs] [Times: user=0.16 sys=0.00, real=0.04 secs] 
61.661: [GC (Allocation Failure) 61.661: [ParNew (promotion failed): 2751K->3046K(3072K), 0.0225105 secs]61.684: [CMS: 6325K->6323K(6848K), 0.0167806 secs] 9075K->9075K(9920K), [Metaspace: 3748K->3748K(1056768K)], 0.0393575 secs] [Times: user=0.18 sys=0.00, real=0.04 secs] 
61.701: [GC (CMS Initial Mark) [1 CMS-initial-mark: 6323K(6848K)] 9075K(9920K), 0.0030448 secs] [Times: user=0.00 sys=0.00, real=0.00 secs] 
61.704: [CMS-concurrent-mark-start]
61.704: [GC (Allocation Failure) 61.704: [ParNew (promotion failed): 2751K->3022K(3072K), 0.0153776 secs]61.720: [CMS61.723: [CMS-concurrent-mark: 0.003/0.019 secs] [Times: user=0.12 sys=0.00, real=0.02 secs] 
 (concurrent mode failure): 6325K->6323K(6848K), 0.0201160 secs] 9075K->9075K(9920K), [Metaspace: 3748K->3748K(1056768K)], 0.0355413 secs] [Times: user=0.14 sys=0.00, real=0.04 secs] 
61.741: [GC (Allocation Failure) 61.741: [ParNew (promotion failed): 2751K->3022K(3072K), 0.0152685 secs]61.756: [CMS: 6325K->6323K(6848K), 0.0165753 secs] 9075K->9075K(9920K), [Metaspace: 3748K->3748K(1056768K)], 0.0319055 secs] [Times: user=0.13 sys=0.00, real=0.03 secs] 
61.773: [GC (CMS Initial Mark) [1 CMS-initial-mark: 6323K(6848K)] 9075K(9920K), 0.0030656 secs] [Times: user=0.00 sys=0.00, real=0.00 secs] 
61.776: [CMS-concurrent-mark-start]
61.777: [GC (Allocation Failure) 61.777: [ParNew (promotion failed): 2751K->3022K(3072K), 0.0184357 secs]61.795: [CMS61.798: [CMS-concurrent-mark: 0.004/0.022 secs] [Times: user=0.15 sys=0.00, real=0.03 secs] 
 (concurrent mode failure): 6325K->6323K(6848K), 0.0200307 secs] 9075K->9075K(9920K), [Metaspace: 3748K->3748K(1056768K)], 0.0385286 secs] [Times: user=0.16 sys=0.00, real=0.04 secs] 
61.815: [GC (Allocation Failure) 61.815: [ParNew (promotion failed): 2751K->3022K(3072K), 0.0158097 secs]61.831: [CMS: 6325K->6323K(6848K), 0.0165398 secs] 9075K->9075K(9920K), [Metaspace: 3748K->3748K(1056768K)], 0.0324038 secs] [Times: user=0.13 sys=0.00, real=0.03 secs] 
61.848: [GC (CMS Initial Mark) [1 CMS-initial-mark: 6323K(6848K)] 9075K(9920K), 0.0030780 secs] [Times: user=0.00 sys=0.00, real=0.01 secs] 
61.851: [CMS-concurrent-mark-start]
61.851: [GC (Allocation Failure) 61.851: [ParNew (promotion failed): 2751K->2997K(3072K), 0.0160299 secs]61.867: [CMS61.871: [CMS-concurrent-mark: 0.003/0.020 secs] [Times: user=0.13 sys=0.00, real=0.02 secs] 
 (concurrent mode failure): 6325K->6323K(6848K), 0.0201454 secs] 9075K->9075K(9920K), [Metaspace: 3748K->3748K(1056768K)], 0.0362430 secs] [Times: user=0.15 sys=0.00, real=0.03 secs] 
61.888: [GC (Allocation Failure) 61.888: [ParNew (promotion failed): 2751K->3022K(3072K), 0.0167643 secs]61.905: [CMS: 6325K->6323K(6848K), 0.0166193 secs] 9075K->9075K(9920K), [Metaspace: 3748K->3748K(1056768K)], 0.0334397 secs] [Times: user=0.14 sys=0.00, real=0.04 secs] 
61.922: [GC (CMS Initial Mark) [1 CMS-initial-mark: 6323K(6848K)] 9075K(9920K), 0.0030751 secs] [Times: user=0.01 sys=0.00, real=0.00 secs] 
61.925: [CMS-concurrent-mark-start]
61.925: [GC (Allocation Failure) 61.925: [ParNew (promotion failed): 2751K->2997K(3072K), 0.0146123 secs]61.940: [CMS61.943: [CMS-concurrent-mark: 0.004/0.018 secs] [Times: user=0.11 sys=0.01, real=0.02 secs] 
 (concurrent mode failure): 6325K->6323K(6848K), 0.0201533 secs] 9075K->9075K(9920K), [Metaspace: 3748K->3748K(1056768K)], 0.0348192 secs] [Times: user=0.13 sys=0.01, real=0.04 secs] 
61.960: [GC (Allocation Failure) 61.960: [ParNew (promotion failed): 2751K->2997K(3072K), 0.0160615 secs]61.977: [CMS: 6325K->6323K(6848K), 0.0165645 secs] 9075K->9075K(9920K), [Metaspace: 3748K->3748K(1056768K)], 0.0326987 secs] [Times: user=0.13 sys=0.00, real=0.03 secs] 
61.994: [GC (CMS Initial Mark) [1 CMS-initial-mark: 6323K(6848K)] 9075K(9920K), 0.0030538 secs] [Times: user=0.01 sys=0.00, real=0.00 secs] 
61.997: [CMS-concurrent-mark-start]
61.997: [GC (Allocation Failure) 61.997: [ParNew (promotion failed): 2751K->2997K(3072K), 0.0148243 secs]62.012: [CMS62.015: [CMS-concurrent-mark: 0.004/0.018 secs] [Times: user=0.11 sys=0.00, real=0.02 secs] 
 (concurrent mode failure): 6325K->6323K(6848K), 0.0197521 secs] 9075K->9075K(9920K), [Metaspace: 3748K->3748K(1056768K)], 0.0346317 secs] [Times: user=0.13 sys=0.00, real=0.04 secs] 
62.032: [GC (Allocation Failure) 62.032: [ParNew (promotion failed): 2751K->2997K(3072K), 0.0220207 secs]62.055: [CMS: 6325K->6323K(6848K), 0.0166833 secs] 9075K->9075K(9920K), [Metaspace: 3748K->3748K(1056768K)], 0.0387723 secs] [Times: user=0.17 sys=0.00, real=0.04 secs] 
62.072: [GC (CMS Initial Mark) [1 CMS-initial-mark: 6323K(6848K)] 9075K(9920K), 0.0030675 secs] [Times: user=0.00 sys=0.00, real=0.00 secs] 
62.075: [CMS-concurrent-mark-start]
62.075: [GC (Allocation Failure) 62.075: [ParNew (promotion failed): 2751K->2997K(3072K), 0.0165604 secs]62.091: [CMS62.095: [CMS-concurrent-mark: 0.003/0.020 secs] [Times: user=0.13 sys=0.00, real=0.02 secs] 
 (concurrent mode failure): 6325K->6323K(6848K), 0.0199388 secs] 9075K->9075K(9920K), [Metaspace: 3748K->3748K(1056768K)], 0.0365547 secs] [Times: user=0.15 sys=0.00, real=0.04 secs] 
62.111: [GC (Allocation Failure) 62.111: [ParNew (promotion failed): 2751K->2997K(3072K), 0.0185716 secs]62.130: [CMS: 6325K->6323K(6848K), 0.0168503 secs] 9075K->9075K(9920K), [Metaspace: 3748K->3748K(1056768K)], 0.0354827 secs] [Times: user=0.16 sys=0.00, real=0.03 secs] 
62.147: [GC (CMS Initial Mark) [1 CMS-initial-mark: 6323K(6848K)] 9075K(9920K), 0.0030908 secs] [Times: user=0.00 sys=0.00, real=0.01 secs] 
62.151: [CMS-concurrent-mark-start]
62.151: [GC (Allocation Failure) 62.151: [ParNew (promotion failed): 2751K->2997K(3072K), 0.0165161 secs]62.167: [CMS62.171: [CMS-concurrent-mark: 0.004/0.020 secs] [Times: user=0.13 sys=0.00, real=0.02 secs] 
 (concurrent mode failure): 6325K->6323K(6848K), 0.0203297 secs] 9075K->9075K(9920K), [Metaspace: 3748K->3748K(1056768K)], 0.0369055 secs] [Times: user=0.14 sys=0.00, real=0.03 secs] 
62.188: [GC (Allocation Failure) 62.188: [ParNew (promotion failed): 2751K->3071K(3072K), 0.0219976 secs]62.210: [CMS: 6325K->6323K(6848K), 0.0167383 secs] 9075K->9075K(9920K), [Metaspace: 3748K->3748K(1056768K)], 0.0387982 secs] [Times: user=0.17 sys=0.00, real=0.04 secs] 
62.228: [GC (CMS Initial Mark) [1 CMS-initial-mark: 6323K(6848K)] 9075K(9920K), 0.0030951 secs] [Times: user=0.00 sys=0.00, real=0.01 secs] 
62.231: [CMS-concurrent-mark-start]
62.231: [GC (Allocation Failure) 62.231: [ParNew (promotion failed): 2751K->2997K(3072K), 0.0216695 secs]62.253: [CMS62.256: [CMS-concurrent-mark: 0.004/0.025 secs] [Times: user=0.16 sys=0.01, real=0.02 secs] 
 (concurrent mode failure): 6325K->6323K(6848K), 0.0203527 secs] 9075K->9075K(9920K), [Metaspace: 3748K->3748K(1056768K)], 0.0420911 secs] [Times: user=0.18 sys=0.01, real=0.04 secs] 
62.274: [GC (Allocation Failure) 62.274: [ParNew (promotion failed): 2751K->2997K(3072K), 0.0211908 secs]62.295: [CMS: 6325K->6323K(6848K), 0.0167392 secs] 9075K->9075K(9920K), [Metaspace: 3748K->3748K(1056768K)], 0.0379935 secs] [Times: user=0.17 sys=0.00, real=0.04 secs] 
62.312: [GC (CMS Initial Mark) [1 CMS-initial-mark: 6323K(6848K)] 9075K(9920K), 0.0031508 secs] [Times: user=0.00 sys=0.00, real=0.00 secs] 
62.315: [CMS-concurrent-mark-start]
62.316: [GC (Allocation Failure) 62.316: [ParNew (promotion failed): 2751K->3022K(3072K), 0.0168167 secs]62.333: [CMS62.336: [CMS-concurrent-mark: 0.004/0.020 secs] [Times: user=0.13 sys=0.00, real=0.02 secs] 
 (concurrent mode failure): 6325K->6323K(6848K), 0.0200545 secs] 9075K->9075K(9920K), [Metaspace: 3748K->3748K(1056768K)], 0.0369237 secs] [Times: user=0.14 sys=0.00, real=0.04 secs] 
62.353: [GC (Allocation Failure) 62.353: [ParNew (promotion failed): 2751K->3022K(3072K), 0.0173764 secs]62.370: [CMS: 6325K->6323K(6848K), 0.0166391 secs] 9075K->9075K(9920K), [Metaspace: 3748K->3748K(1056768K)], 0.0340725 secs] [Times: user=0.14 sys=0.00, real=0.03 secs] 
62.387: [GC (CMS Initial Mark) [1 CMS-initial-mark: 6323K(6848K)] 9075K(9920K), 0.0030950 secs] [Times: user=0.00 sys=0.00, real=0.01 secs] 
62.390: [CMS-concurrent-mark-start]
62.390: [GC (Allocation Failure) 62.390: [ParNew (promotion failed): 2751K->2997K(3072K), 0.0166538 secs]62.407: [CMS62.411: [CMS-concurrent-mark: 0.004/0.020 secs] [Times: user=0.13 sys=0.00, real=0.02 secs] 
 (concurrent mode failure): 6325K->6323K(6848K), 0.0203254 secs] 9075K->9075K(9920K), [Metaspace: 3748K->3748K(1056768K)], 0.0370347 secs] [Times: user=0.15 sys=0.00, real=0.03 secs] 
62.428: [GC (Allocation Failure) 62.428: [ParNew (promotion failed): 2751K->2997K(3072K), 0.0162808 secs]62.444: [CMS: 6325K->6323K(6848K), 0.0166618 secs] 9075K->9075K(9920K), [Metaspace: 3748K->3748K(1056768K)], 0.0330105 secs] [Times: user=0.12 sys=0.00, real=0.04 secs] 
62.461: [GC (CMS Initial Mark) [1 CMS-initial-mark: 6323K(6848K)] 9075K(9920K), 0.0031063 secs] [Times: user=0.01 sys=0.00, real=0.00 secs] 
62.464: [CMS-concurrent-mark-start]
62.465: [GC (Allocation Failure) 62.465: [ParNew (promotion failed): 2751K->3022K(3072K), 0.0183425 secs]62.483: [CMS62.486: [CMS-concurrent-mark: 0.004/0.022 secs] [Times: user=0.13 sys=0.00, real=0.02 secs] 
 (concurrent mode failure): 6325K->6323K(6848K), 0.0200914 secs] 9075K->9075K(9920K), [Metaspace: 3748K->3748K(1056768K)], 0.0385050 secs] [Times: user=0.15 sys=0.00, real=0.04 secs] 
62.504: [GC (Allocation Failure) 62.504: [ParNew (promotion failed): 2751K->2997K(3072K), 0.0195018 secs]62.523: [CMS: 6325K->6323K(6848K), 0.0167351 secs] 9075K->9075K(9920K), [Metaspace: 3748K->3748K(1056768K)], 0.0363038 secs] [Times: user=0.15 sys=0.00, real=0.04 secs] 
62.541: [GC (CMS Initial Mark) [1 CMS-initial-mark: 6323K(6848K)] 9075K(9920K), 0.0030721 secs] [Times: user=0.00 sys=0.00, real=0.00 secs] 
62.544: [CMS-concurrent-mark-start]
62.544: [GC (Allocation Failure) 62.544: [ParNew (promotion failed): 2751K->2997K(3072K), 0.0136156 secs]62.558: [CMS62.561: [CMS-concurrent-mark: 0.004/0.017 secs] [Times: user=0.10 sys=0.00, real=0.02 secs] 
 (concurrent mode failure): 6325K->6323K(6848K), 0.0206995 secs] 9075K->9075K(9920K), [Metaspace: 3748K->3748K(1056768K)], 0.0343912 secs] [Times: user=0.12 sys=0.00, real=0.04 secs] 
62.579: [GC (Allocation Failure) 62.579: [ParNew (promotion failed): 2751K->2997K(3072K), 0.0161122 secs]62.595: [CMS: 6325K->6323K(6848K), 0.0166297 secs] 9075K->9075K(9920K), [Metaspace: 3748K->3748K(1056768K)], 0.0328226 secs] [Times: user=0.14 sys=0.00, real=0.03 secs] 
62.612: [GC (CMS Initial Mark) [1 CMS-initial-mark: 6323K(6848K)] 9075K(9920K), 0.0030447 secs] [Times: user=0.00 sys=0.00, real=0.00 secs] 
62.615: [CMS-concurrent-mark-start]
62.615: [GC (Allocation Failure) 62.615: [ParNew (promotion failed): 2751K->3071K(3072K), 0.0232125 secs]62.639: [CMS62.642: [CMS-concurrent-mark: 0.003/0.027 secs] [Times: user=0.18 sys=0.00, real=0.03 secs] 
 (concurrent mode failure): 6325K->6323K(6848K), 0.0199134 secs] 9075K->9075K(9920K), [Metaspace: 3748K->3748K(1056768K)], 0.0431894 secs] [Times: user=0.20 sys=0.00, real=0.05 secs] 
62.659: [GC (Allocation Failure) 62.659: [ParNew (promotion failed): 2751K->3022K(3072K), 0.0150046 secs]62.674: [CMS: 6325K->6323K(6848K), 0.0165177 secs] 9075K->9075K(9920K), [Metaspace: 3748K->3748K(1056768K)], 0.0315859 secs] [Times: user=0.12 sys=0.00, real=0.03 secs] 
62.691: [GC (CMS Initial Mark) [1 CMS-initial-mark: 6323K(6848K)] 9075K(9920K), 0.0030868 secs] [Times: user=0.00 sys=0.00, real=0.00 secs] 
62.694: [CMS-concurrent-mark-start]
62.694: [GC (Allocation Failure) 62.694: [ParNew (promotion failed): 2751K->2997K(3072K), 0.0190653 secs]62.713: [CMS62.717: [CMS-concurrent-mark: 0.004/0.023 secs] [Times: user=0.15 sys=0.00, real=0.02 secs] 
 (concurrent mode failure): 6325K->6323K(6848K), 0.0198105 secs] 9075K->9075K(9920K), [Metaspace: 3748K->3748K(1056768K)], 0.0389509 secs] [Times: user=0.16 sys=0.00, real=0.04 secs] 
62.734: [GC (Allocation Failure) 62.734: [ParNew (promotion failed): 2751K->2997K(3072K), 0.0152834 secs]62.749: [CMS: 6325K->6323K(6848K), 0.0168101 secs] 9075K->9075K(9920K), [Metaspace: 3748K->3748K(1056768K)], 0.0321625 secs] [Times: user=0.14 sys=0.00, real=0.03 secs] 
62.767: [GC (CMS Initial Mark) [1 CMS-initial-mark: 6323K(6848K)] 9075K(9920K), 0.0030485 secs] [Times: user=0.00 sys=0.00, real=0.01 secs] 
62.770: [CMS-concurrent-mark-start]
62.770: [GC (Allocation Failure) 62.770: [ParNew (promotion failed): 2751K->3022K(3072K), 0.0161820 secs]62.786: [CMS62.789: [CMS-concurrent-mark: 0.003/0.020 secs] [Times: user=0.13 sys=0.00, real=0.02 secs] 
 (concurrent mode failure): 6325K->6323K(6848K), 0.0201370 secs] 9075K->9075K(9920K), [Metaspace: 3748K->3748K(1056768K)], 0.0363866 secs] [Times: user=0.14 sys=0.00, real=0.03 secs] 
62.807: [GC (Allocation Failure) 62.807: [ParNew (promotion failed): 2751K->3022K(3072K), 0.0152421 secs]62.822: [CMS: 6325K->6323K(6848K), 0.0167025 secs] 9075K->9075K(9920K), [Metaspace: 3748K->3748K(1056768K)], 0.0320230 secs] [Times: user=0.13 sys=0.00, real=0.04 secs] 
62.839: [GC (CMS Initial Mark) [1 CMS-initial-mark: 6323K(6848K)] 9075K(9920K), 0.0030644 secs] [Times: user=0.00 sys=0.00, real=0.00 secs] 
62.842: [CMS-concurrent-mark-start]
62.843: [GC (Allocation Failure) 62.843: [ParNew (promotion failed): 2751K->3022K(3072K), 0.0185720 secs]62.861: [CMS62.865: [CMS-concurrent-mark: 0.004/0.022 secs] [Times: user=0.15 sys=0.01, real=0.02 secs] 
 (concurrent mode failure): 6325K->6323K(6848K), 0.0199261 secs] 9075K->9075K(9920K), [Metaspace: 3748K->3748K(1056768K)], 0.0385677 secs] [Times: user=0.16 sys=0.00, real=0.04 secs] 
62.882: [GC (Allocation Failure) 62.882: [ParNew (promotion failed): 2751K->3022K(3072K), 0.0190518 secs]62.901: [CMS: 6325K->6323K(6848K), 0.0165530 secs] 9075K->9075K(9920K), [Metaspace: 3748K->3748K(1056768K)], 0.0356733 secs] [Times: user=0.16 sys=0.00, real=0.03 secs] 
62.918: [GC (CMS Initial Mark) [1 CMS-initial-mark: 6323K(6848K)] 9075K(9920K), 0.0030378 secs] [Times: user=0.00 sys=0.00, real=0.01 secs] 
62.921: [CMS-concurrent-mark-start]
62.921: [GC (Allocation Failure) 62.921: [ParNew (promotion failed): 2751K->2997K(3072K), 0.0228287 secs]62.944: [CMS62.947: [CMS-concurrent-mark: 0.003/0.026 secs] [Times: user=0.18 sys=0.00, real=0.02 secs] 
 (concurrent mode failure): 6325K->6323K(6848K), 0.0198976 secs] 9075K->9075K(9920K), [Metaspace: 3748K->3748K(1056768K)], 0.0427998 secs] [Times: user=0.20 sys=0.00, real=0.04 secs] 
62.964: [GC (Allocation Failure) 62.964: [ParNew (promotion failed): 2751K->2997K(3072K), 0.0240533 secs]62.988: [CMS: 6325K->6323K(6848K), 0.0165315 secs] 9075K->9075K(9920K), [Metaspace: 3748K->3748K(1056768K)], 0.0406651 secs] [Times: user=0.19 sys=0.00, real=0.04 secs] 
63.005: [GC (CMS Initial Mark) [1 CMS-initial-mark: 6323K(6848K)] 9075K(9920K), 0.0030507 secs] [Times: user=0.00 sys=0.00, real=0.00 secs] 
63.008: [CMS-concurrent-mark-start]
63.008: [GC (Allocation Failure) 63.008: [ParNew (promotion failed): 2751K->3022K(3072K), 0.0181528 secs]63.026: [CMS63.030: [CMS-concurrent-mark: 0.003/0.022 secs] [Times: user=0.13 sys=0.00, real=0.03 secs] 
 (concurrent mode failure): 6325K->6323K(6848K), 0.0200559 secs] 9075K->9075K(9920K), [Metaspace: 3748K->3748K(1056768K)], 0.0382732 secs] [Times: user=0.15 sys=0.00, real=0.04 secs] 
63.047: [GC (Allocation Failure) 63.047: [ParNew (promotion failed): 2751K->2997K(3072K), 0.0162311 secs]63.063: [CMS: 6325K->6323K(6848K), 0.0166323 secs] 9075K->9075K(9920K), [Metaspace: 3748K->3748K(1056768K)], 0.0329277 secs] [Times: user=0.13 sys=0.00, real=0.04 secs] 
63.080: [GC (CMS Initial Mark) [1 CMS-initial-mark: 6323K(6848K)] 9075K(9920K), 0.0030900 secs] [Times: user=0.00 sys=0.00, real=0.00 secs] 
63.084: [CMS-concurrent-mark-start]
63.084: [GC (Allocation Failure) 63.084: [ParNew (promotion failed): 2751K->2997K(3072K), 0.0182325 secs]63.103: [CMS63.105: [CMS-concurrent-mark: 0.003/0.022 secs] [Times: user=0.15 sys=0.00, real=0.02 secs] 
 (concurrent mode failure): 6325K->6323K(6848K), 0.0194756 secs] 9075K->9075K(9920K), [Metaspace: 3748K->3748K(1056768K)], 0.0377816 secs] [Times: user=0.15 sys=0.00, real=0.04 secs] 
63.123: [GC (Allocation Failure) 63.123: [ParNew (promotion failed): 2751K->3022K(3072K), 0.0211449 secs]63.144: [CMS: 6325K->6323K(6848K), 0.0166243 secs] 9075K->9075K(9920K), [Metaspace: 3748K->3748K(1056768K)], 0.0378403 secs] [Times: user=0.17 sys=0.00, real=0.04 secs] 
63.161: [GC (CMS Initial Mark) [1 CMS-initial-mark: 6323K(6848K)] 9075K(9920K), 0.0030609 secs] [Times: user=0.01 sys=0.00, real=0.00 secs] 
63.164: [CMS-concurrent-mark-start]
63.164: [GC (Allocation Failure) 63.164: [ParNew (promotion failed): 2751K->2997K(3072K), 0.0219242 secs]63.186: [CMS63.189: [CMS-concurrent-mark: 0.003/0.025 secs] [Times: user=0.17 sys=0.00, real=0.03 secs] 
 (concurrent mode failure): 6325K->6323K(6848K), 0.0200841 secs] 9075K->9075K(9920K), [Metaspace: 3748K->3748K(1056768K)], 0.0420797 secs] [Times: user=0.18 sys=0.00, real=0.04 secs] 
63.206: [GC (Allocation Failure) 63.206: [ParNew (promotion failed): 2751K->2997K(3072K), 0.0157196 secs]63.222: [CMS: 6325K->6323K(6848K), 0.0164852 secs] 9075K->9075K(9920K), [Metaspace: 3748K->3748K(1056768K)], 0.0322752 secs] [Times: user=0.14 sys=0.01, real=0.04 secs] 
63.239: [GC (CMS Initial Mark) [1 CMS-initial-mark: 6323K(6848K)] 9075K(9920K), 0.0030815 secs] [Times: user=0.00 sys=0.00, real=0.00 secs] 
63.242: [CMS-concurrent-mark-start]
63.242: [GC (Allocation Failure) 63.242: [ParNew (promotion failed): 2751K->2997K(3072K), 0.0221374 secs]63.264: [CMS63.268: [CMS-concurrent-mark: 0.003/0.026 secs] [Times: user=0.17 sys=0.00, real=0.02 secs] 
 (concurrent mode failure): 6325K->6323K(6848K), 0.0198990 secs] 9075K->9075K(9920K), [Metaspace: 3748K->3748K(1056768K)], 0.0420983 secs] [Times: user=0.19 sys=0.00, real=0.04 secs] 
63.285: [GC (Allocation Failure) 63.285: [ParNew (promotion failed): 2751K->2997K(3072K), 0.0218475 secs]63.307: [CMS: 6325K->6323K(6848K), 0.0165669 secs] 9075K->9075K(9920K), [Metaspace: 3748K->3748K(1056768K)], 0.0384922 secs] [Times: user=0.17 sys=0.00, real=0.04 secs] 
63.324: [GC (CMS Initial Mark) [1 CMS-initial-mark: 6323K(6848K)] 9075K(9920K), 0.0030752 secs] [Times: user=0.01 sys=0.00, real=0.00 secs] 
63.327: [CMS-concurrent-mark-start]
63.327: [GC (Allocation Failure) 63.327: [ParNew (promotion failed): 2751K->3046K(3072K), 0.0148109 secs]63.342: [CMS63.345: [CMS-concurrent-mark: 0.003/0.018 secs] [Times: user=0.11 sys=0.00, real=0.02 secs] 
 (concurrent mode failure): 6325K->6323K(6848K), 0.0200628 secs] 9075K->9075K(9920K), [Metaspace: 3748K->3748K(1056768K)], 0.0349323 secs] [Times: user=0.13 sys=0.00, real=0.04 secs] 
63.363: [GC (Allocation Failure) 63.363: [ParNew (promotion failed): 2751K->3022K(3072K), 0.0156215 secs]63.379: [CMS: 6325K->6323K(6848K), 0.0165794 secs] 9075K->9075K(9920K), [Metaspace: 3748K->3748K(1056768K)], 0.0322695 secs] [Times: user=0.13 sys=0.00, real=0.03 secs] 
63.396: [GC (CMS Initial Mark) [1 CMS-initial-mark: 6323K(6848K)] 9075K(9920K), 0.0030676 secs] [Times: user=0.00 sys=0.00, real=0.01 secs] 
63.399: [CMS-concurrent-mark-start]
63.399: [GC (Allocation Failure) 63.399: [ParNew (promotion failed): 2751K->2997K(3072K), 0.0183133 secs]63.417: [CMS63.421: [CMS-concurrent-mark: 0.004/0.022 secs] [Times: user=0.15 sys=0.00, real=0.02 secs] 
 (concurrent mode failure): 6325K->6323K(6848K), 0.0199305 secs] 9075K->9075K(9920K), [Metaspace: 3748K->3748K(1056768K)], 0.0383040 secs] [Times: user=0.16 sys=0.00, real=0.03 secs] 
63.438: [GC (Allocation Failure) 63.438: [ParNew (promotion failed): 2751K->2997K(3072K), 0.0161685 secs]63.454: [CMS: 6325K->6323K(6848K), 0.0166255 secs] 9075K->9075K(9920K), [Metaspace: 3748K->3748K(1056768K)], 0.0328804 secs] [Times: user=0.13 sys=0.00, real=0.04 secs] 
63.471: [GC (CMS Initial Mark) [1 CMS-initial-mark: 6323K(6848K)] 9075K(9920K), 0.0030479 secs] [Times: user=0.00 sys=0.00, real=0.00 secs] 
63.474: [CMS-concurrent-mark-start]
63.474: [GC (Allocation Failure) 63.474: [ParNew (promotion failed): 2751K->2997K(3072K), 0.0180295 secs]63.492: [CMS63.495: [CMS-concurrent-mark: 0.004/0.022 secs] [Times: user=0.14 sys=0.00, real=0.02 secs] 
 (concurrent mode failure): 6325K->6323K(6848K), 0.0201020 secs] 9075K->9075K(9920K), [Metaspace: 3748K->3748K(1056768K)], 0.0382017 secs] [Times: user=0.16 sys=0.00, real=0.04 secs] 
63.513: [GC (Allocation Failure) 63.513: [ParNew (promotion failed): 2751K->2997K(3072K), 0.0125495 secs]63.525: [CMS: 6325K->6323K(6848K), 0.0166535 secs] 9075K->9075K(9920K), [Metaspace: 3748K->3748K(1056768K)], 0.0292766 secs] [Times: user=0.10 sys=0.00, real=0.03 secs] 
63.542: [GC (CMS Initial Mark) [1 CMS-initial-mark: 6323K(6848K)] 9075K(9920K), 0.0030919 secs] [Times: user=0.00 sys=0.00, real=0.00 secs] 
63.545: [CMS-concurrent-mark-start]
63.545: [GC (Allocation Failure) 63.545: [ParNew (promotion failed): 2751K->2997K(3072K), 0.0166699 secs]63.562: [CMS63.566: [CMS-concurrent-mark: 0.004/0.020 secs] [Times: user=0.13 sys=0.00, real=0.02 secs] 
 (concurrent mode failure): 6325K->6323K(6848K), 0.0206675 secs] 9075K->9075K(9920K), [Metaspace: 3748K->3748K(1056768K)], 0.0374065 secs] [Times: user=0.15 sys=0.00, real=0.04 secs] 
63.584: [GC (Allocation Failure) 63.584: [ParNew (promotion failed): 2751K->3022K(3072K), 0.0163530 secs]63.600: [CMS: 6325K->6323K(6848K), 0.0165307 secs] 9075K->9075K(9920K), [Metaspace: 3748K->3748K(1056768K)], 0.0329568 secs] [Times: user=0.14 sys=0.00, real=0.03 secs] 
63.617: [GC (CMS Initial Mark) [1 CMS-initial-mark: 6323K(6848K)] 9075K(9920K), 0.0030880 secs] [Times: user=0.00 sys=0.00, real=0.01 secs] 
63.620: [CMS-concurrent-mark-start]
63.621: [GC (Allocation Failure) 63.621: [ParNew (promotion failed): 2751K->2997K(3072K), 0.0151752 secs]63.636: [CMS63.639: [CMS-concurrent-mark: 0.004/0.019 secs] [Times: user=0.13 sys=0.00, real=0.02 secs] 
 (concurrent mode failure): 6325K->6323K(6848K), 0.0196365 secs] 9075K->9075K(9920K), [Metaspace: 3748K->3748K(1056768K)], 0.0348863 secs] [Times: user=0.13 sys=0.00, real=0.03 secs] 
63.656: [GC (Allocation Failure) 63.656: [ParNew (promotion failed): 2751K->3022K(3072K), 0.0231255 secs]63.679: [CMS: 6325K->6323K(6848K), 0.0166429 secs] 9075K->9075K(9920K), [Metaspace: 3748K->3748K(1056768K)], 0.0398440 secs] [Times: user=0.19 sys=0.00, real=0.04 secs] 
63.696: [GC (CMS Initial Mark) [1 CMS-initial-mark: 6323K(6848K)] 9075K(9920K), 0.0030375 secs] [Times: user=0.01 sys=0.00, real=0.01 secs] 
63.700: [CMS-concurrent-mark-start]
63.700: [GC (Allocation Failure) 63.700: [ParNew (promotion failed): 2751K->2997K(3072K), 0.0223768 secs]63.722: [CMS63.725: [CMS-concurrent-mark: 0.003/0.026 secs] [Times: user=0.17 sys=0.00, real=0.02 secs] 
 (concurrent mode failure): 6325K->6323K(6848K), 0.0200165 secs] 9075K->9075K(9920K), [Metaspace: 3748K->3748K(1056768K)], 0.0424645 secs] [Times: user=0.19 sys=0.00, real=0.04 secs] 
63.742: [GC (Allocation Failure) 63.742: [ParNew (promotion failed): 2751K->3022K(3072K), 0.0246852 secs]63.767: [CMS: 6325K->6323K(6848K), 0.0164437 secs] 9075K->9075K(9920K), [Metaspace: 3748K->3748K(1056768K)], 0.0411921 secs] [Times: user=0.21 sys=0.00, real=0.04 secs] 
63.784: [GC (CMS Initial Mark) [1 CMS-initial-mark: 6323K(6848K)] 9075K(9920K), 0.0030638 secs] [Times: user=0.00 sys=0.00, real=0.00 secs] 
63.787: [CMS-concurrent-mark-start]
63.787: [GC (Allocation Failure) 63.787: [ParNew (promotion failed): 2751K->3022K(3072K), 0.0145622 secs]63.802: [CMS63.805: [CMS-concurrent-mark: 0.004/0.018 secs] [Times: user=0.11 sys=0.00, real=0.02 secs] 
 (concurrent mode failure): 6325K->6323K(6848K), 0.0199564 secs] 9075K->9075K(9920K), [Metaspace: 3748K->3748K(1056768K)], 0.0345990 secs] [Times: user=0.13 sys=0.00, real=0.04 secs] 
63.822: [GC (Allocation Failure) 63.822: [ParNew (promotion failed): 2751K->2997K(3072K), 0.0153488 secs]63.838: [CMS: 6325K->6323K(6848K), 0.0166099 secs] 9075K->9075K(9920K), [Metaspace: 3748K->3748K(1056768K)], 0.0320319 secs] [Times: user=0.13 sys=0.00, real=0.03 secs] 
63.855: [GC (CMS Initial Mark) [1 CMS-initial-mark: 6323K(6848K)] 9075K(9920K), 0.0030424 secs] [Times: user=0.00 sys=0.00, real=0.00 secs] 
63.858: [CMS-concurrent-mark-start]
63.858: [GC (Allocation Failure) 63.858: [ParNew (promotion failed): 2751K->2997K(3072K), 0.0230936 secs]63.881: [CMS63.885: [CMS-concurrent-mark: 0.003/0.027 secs] [Times: user=0.18 sys=0.00, real=0.03 secs] 
 (concurrent mode failure): 6325K->6323K(6848K), 0.0199220 secs] 9075K->9075K(9920K), [Metaspace: 3748K->3748K(1056768K)], 0.0430916 secs] [Times: user=0.20 sys=0.00, real=0.05 secs] 
63.902: [GC (Allocation Failure) 63.902: [ParNew (promotion failed): 2751K->2972K(3072K), 0.0230089 secs]63.925: [CMS: 6325K->6323K(6848K), 0.0166007 secs] 9075K->9075K(9920K), [Metaspace: 3748K->3748K(1056768K)], 0.0396770 secs] [Times: user=0.19 sys=0.00, real=0.04 secs] 
63.942: [GC (CMS Initial Mark) [1 CMS-initial-mark: 6323K(6848K)] 9075K(9920K), 0.0030485 secs] [Times: user=0.01 sys=0.00, real=0.00 secs] 
63.945: [CMS-concurrent-mark-start]
63.946: [GC (Allocation Failure) 63.946: [ParNew (promotion failed): 2751K->3022K(3072K), 0.0174460 secs]63.963: [CMS63.966: [CMS-concurrent-mark: 0.004/0.021 secs] [Times: user=0.14 sys=0.01, real=0.02 secs] 
 (concurrent mode failure): 6325K->6323K(6848K), 0.0197809 secs] 9075K->9075K(9920K), [Metaspace: 3748K->3748K(1056768K)], 0.0372914 secs] [Times: user=0.15 sys=0.01, real=0.04 secs] 
63.983: [GC (Allocation Failure) 63.983: [ParNew (promotion failed): 2751K->2997K(3072K), 0.0162839 secs]63.999: [CMS: 6325K->6323K(6848K), 0.0166402 secs] 9075K->9075K(9920K), [Metaspace: 3748K->3748K(1056768K)], 0.0329845 secs] [Times: user=0.14 sys=0.00, real=0.03 secs] 
64.016: [GC (CMS Initial Mark) [1 CMS-initial-mark: 6323K(6848K)] 9075K(9920K), 0.0031716 secs] [Times: user=0.00 sys=0.00, real=0.01 secs] 
64.020: [CMS-concurrent-mark-start]
64.020: [GC (Allocation Failure) 64.020: [ParNew (promotion failed): 2751K->3022K(3072K), 0.0208871 secs]64.041: [CMS64.044: [CMS-concurrent-mark: 0.004/0.025 secs] [Times: user=0.15 sys=0.00, real=0.02 secs] 
 (concurrent mode failure): 6325K->6323K(6848K), 0.0202847 secs] 9075K->9075K(9920K), [Metaspace: 3748K->3748K(1056768K)], 0.0412526 secs] [Times: user=0.16 sys=0.00, real=0.04 secs] 
64.061: [GC (Allocation Failure) 64.061: [ParNew (promotion failed): 2751K->3022K(3072K), 0.0169720 secs]64.078: [CMS: 6325K->6323K(6848K), 0.0167540 secs] 9075K->9075K(9920K), [Metaspace: 3748K->3748K(1056768K)], 0.0338030 secs] [Times: user=0.14 sys=0.00, real=0.03 secs] 
64.096: [GC (CMS Initial Mark) [1 CMS-initial-mark: 6323K(6848K)] 9075K(9920K), 0.0030567 secs] [Times: user=0.00 sys=0.00, real=0.01 secs] 
64.099: [CMS-concurrent-mark-start]
64.099: [GC (Allocation Failure) 64.099: [ParNew (promotion failed): 2751K->2972K(3072K), 0.0169846 secs]64.116: [CMS64.119: [CMS-concurrent-mark: 0.004/0.021 secs] [Times: user=0.12 sys=0.00, real=0.02 secs] 
 (concurrent mode failure): 6325K->6323K(6848K), 0.0201738 secs] 9075K->9075K(9920K), [Metaspace: 3748K->3748K(1056768K)], 0.0372366 secs] [Times: user=0.14 sys=0.00, real=0.03 secs] 
64.137: [GC (Allocation Failure) 64.137: [ParNew (promotion failed): 2751K->2997K(3072K), 0.0154456 secs]64.152: [CMS: 6325K->6323K(6848K), 0.0166120 secs] 9075K->9075K(9920K), [Metaspace: 3748K->3748K(1056768K)], 0.0321274 secs] [Times: user=0.12 sys=0.00, real=0.04 secs] 
64.169: [GC (CMS Initial Mark) [1 CMS-initial-mark: 6323K(6848K)] 9075K(9920K), 0.0030821 secs] [Times: user=0.01 sys=0.00, real=0.00 secs] 
64.172: [CMS-concurrent-mark-start]
64.173: [GC (Allocation Failure) 64.173: [ParNew (promotion failed): 2751K->3022K(3072K), 0.0157985 secs]64.189: [CMS64.192: [CMS-concurrent-mark: 0.004/0.019 secs] [Times: user=0.11 sys=0.00, real=0.02 secs] 
 (concurrent mode failure): 6325K->6323K(6848K), 0.0196714 secs] 9075K->9075K(9920K), [Metaspace: 3748K->3748K(1056768K)], 0.0355439 secs] [Times: user=0.13 sys=0.00, real=0.04 secs] 
64.209: [GC (Allocation Failure) 64.209: [ParNew (promotion failed): 2751K->2997K(3072K), 0.0225484 secs]64.232: [CMS: 6325K->6323K(6848K), 0.0166999 secs] 9075K->9075K(9920K), [Metaspace: 3748K->3748K(1056768K)], 0.0393221 secs] [Times: user=0.17 sys=0.01, real=0.04 secs] 
64.249: [GC (CMS Initial Mark) [1 CMS-initial-mark: 6323K(6848K)] 9075K(9920K), 0.0031152 secs] [Times: user=0.01 sys=0.00, real=0.00 secs] 
64.252: [CMS-concurrent-mark-start]
64.252: [GC (Allocation Failure) 64.252: [ParNew (promotion failed): 2751K->2997K(3072K), 0.0222810 secs]64.274: [CMS64.278: [CMS-concurrent-mark: 0.004/0.026 secs] [Times: user=0.17 sys=0.00, real=0.02 secs] 
 (concurrent mode failure): 6325K->6323K(6848K), 0.0200530 secs] 9075K->9075K(9920K), [Metaspace: 3748K->3748K(1056768K)], 0.0423993 secs] [Times: user=0.18 sys=0.00, real=0.04 secs] 
64.295: [GC (Allocation Failure) 64.295: [ParNew (promotion failed): 2751K->3022K(3072K), 0.0158932 secs]64.311: [CMS: 6325K->6323K(6848K), 0.0166412 secs] 9075K->9075K(9920K), [Metaspace: 3748K->3748K(1056768K)], 0.0326124 secs] [Times: user=0.13 sys=0.00, real=0.03 secs] 
64.328: [GC (CMS Initial Mark) [1 CMS-initial-mark: 6323K(6848K)] 9075K(9920K), 0.0031384 secs] [Times: user=0.00 sys=0.00, real=0.01 secs] 
64.331: [CMS-concurrent-mark-start]
64.331: [GC (Allocation Failure) 64.331: [ParNew (promotion failed): 2751K->3022K(3072K), 0.0233090 secs]64.354: [CMS64.358: [CMS-concurrent-mark: 0.004/0.027 secs] [Times: user=0.18 sys=0.00, real=0.02 secs] 
 (concurrent mode failure): 6325K->6323K(6848K), 0.0201004 secs] 9075K->9075K(9920K), [Metaspace: 3748K->3748K(1056768K)], 0.0434789 secs] [Times: user=0.19 sys=0.00, real=0.04 secs] 
64.375: [GC (Allocation Failure) 64.375: [ParNew (promotion failed): 2751K->3022K(3072K), 0.0169427 secs]64.392: [CMS: 6325K->6323K(6848K), 0.0166966 secs] 9075K->9075K(9920K), [Metaspace: 3748K->3748K(1056768K)], 0.0337150 secs] [Times: user=0.13 sys=0.00, real=0.04 secs] 
64.410: [GC (CMS Initial Mark) [1 CMS-initial-mark: 6323K(6848K)] 9075K(9920K), 0.0030782 secs] [Times: user=0.00 sys=0.00, real=0.00 secs] 
64.413: [CMS-concurrent-mark-start]
64.413: [GC (Allocation Failure) 64.413: [ParNew (promotion failed): 2751K->2997K(3072K), 0.0130802 secs]64.426: [CMS64.429: [CMS-concurrent-mark: 0.003/0.017 secs] [Times: user=0.08 sys=0.00, real=0.02 secs] 
 (concurrent mode failure): 6325K->6323K(6848K), 0.0202309 secs] 9075K->9075K(9920K), [Metaspace: 3748K->3748K(1056768K)], 0.0333890 secs] [Times: user=0.09 sys=0.00, real=0.03 secs] 
64.447: [GC (Allocation Failure) 64.447: [ParNew (promotion failed): 2751K->2997K(3072K), 0.0143267 secs]64.461: [CMS: 6325K->6323K(6848K), 0.0166719 secs] 9075K->9075K(9920K), [Metaspace: 3748K->3748K(1056768K)], 0.0310717 secs] [Times: user=0.12 sys=0.01, real=0.03 secs] 
64.478: [GC (CMS Initial Mark) [1 CMS-initial-mark: 6323K(6848K)] 9075K(9920K), 0.0031052 secs] [Times: user=0.01 sys=0.00, real=0.00 secs] 
64.482: [CMS-concurrent-mark-start]
64.482: [GC (Allocation Failure) 64.482: [ParNew (promotion failed): 2751K->3022K(3072K), 0.0187855 secs]64.501: [CMS64.504: [CMS-concurrent-mark: 0.004/0.022 secs] [Times: user=0.12 sys=0.00, real=0.02 secs] 
 (concurrent mode failure): 6325K->6323K(6848K), 0.0206039 secs] 9075K->9075K(9920K), [Metaspace: 3748K->3748K(1056768K)], 0.0394626 secs] [Times: user=0.14 sys=0.00, real=0.04 secs] 
64.522: [GC (Allocation Failure) 64.522: [ParNew (promotion failed): 2751K->2997K(3072K), 0.0161043 secs]64.538: [CMS: 6325K->6323K(6848K), 0.0169589 secs] 9075K->9075K(9920K), [Metaspace: 3748K->3748K(1056768K)], 0.0331400 secs] [Times: user=0.11 sys=0.00, real=0.03 secs] 
64.555: [GC (CMS Initial Mark) [1 CMS-initial-mark: 6323K(6848K)] 9075K(9920K), 0.0031108 secs] [Times: user=0.00 sys=0.00, real=0.00 secs] 
64.558: [CMS-concurrent-mark-start]
64.558: [GC (Allocation Failure) 64.558: [ParNew (promotion failed): 2751K->3046K(3072K), 0.0125071 secs]64.571: [CMS64.574: [CMS-concurrent-mark: 0.004/0.016 secs] [Times: user=0.09 sys=0.00, real=0.02 secs] 
 (concurrent mode failure): 6325K->6323K(6848K), 0.0202234 secs] 9075K->9075K(9920K), [Metaspace: 3748K->3748K(1056768K)], 0.0328008 secs] [Times: user=0.11 sys=0.00, real=0.03 secs] 
64.592: [GC (Allocation Failure) 64.592: [ParNew (promotion failed): 2751K->3022K(3072K), 0.0213886 secs]64.613: [CMS: 6325K->6323K(6848K), 0.0167285 secs] 9075K->9075K(9920K), [Metaspace: 3748K->3748K(1056768K)], 0.0381899 secs] [Times: user=0.17 sys=0.00, real=0.04 secs] 
64.630: [GC (CMS Initial Mark) [1 CMS-initial-mark: 6323K(6848K)] 9075K(9920K), 0.0031023 secs] [Times: user=0.00 sys=0.00, real=0.00 secs] 
64.633: [CMS-concurrent-mark-start]
64.633: [GC (Allocation Failure) 64.633: [ParNew (promotion failed): 2751K->3022K(3072K), 0.0172585 secs]64.651: [CMS64.654: [CMS-concurrent-mark: 0.004/0.021 secs] [Times: user=0.14 sys=0.00, real=0.02 secs] 
 (concurrent mode failure): 6325K->6323K(6848K), 0.0202981 secs] 9075K->9075K(9920K), [Metaspace: 3748K->3748K(1056768K)], 0.0376237 secs] [Times: user=0.16 sys=0.00, real=0.04 secs] 
64.672: [GC (Allocation Failure) 64.672: [ParNew (promotion failed): 2751K->3046K(3072K), 0.0221627 secs]64.694: [CMS: 6325K->6323K(6848K), 0.0165806 secs] 9075K->9075K(9920K), [Metaspace: 3748K->3748K(1056768K)], 0.0388221 secs] [Times: user=0.18 sys=0.00, real=0.04 secs] 
64.712: [GC (CMS Initial Mark) [1 CMS-initial-mark: 6323K(6848K)] 9075K(9920K), 0.0030747 secs] [Times: user=0.00 sys=0.00, real=0.00 secs] 
64.715: [CMS-concurrent-mark-start]
64.715: [GC (Allocation Failure) 64.715: [ParNew (promotion failed): 2751K->3022K(3072K), 0.0166825 secs]64.732: [CMS64.735: [CMS-concurrent-mark: 0.004/0.020 secs] [Times: user=0.13 sys=0.00, real=0.02 secs] 
 (concurrent mode failure): 6325K->6323K(6848K), 0.0202979 secs] 9075K->9075K(9920K), [Metaspace: 3748K->3748K(1056768K)], 0.0374879 secs] [Times: user=0.14 sys=0.00, real=0.04 secs] 
64.754: [GC (Allocation Failure) 64.754: [ParNew (promotion failed): 2751K->3022K(3072K), 0.0214502 secs]64.775: [CMS: 6325K->6323K(6848K), 0.0168428 secs] 9075K->9075K(9920K), [Metaspace: 3748K->3748K(1056768K)], 0.0383843 secs] [Times: user=0.17 sys=0.00, real=0.04 secs] 
64.792: [GC (CMS Initial Mark) [1 CMS-initial-mark: 6323K(6848K)] 9075K(9920K), 0.0030668 secs] [Times: user=0.01 sys=0.00, real=0.00 secs] 
64.796: [CMS-concurrent-mark-start]
64.796: [GC (Allocation Failure) 64.796: [ParNew (promotion failed): 2751K->3022K(3072K), 0.0218936 secs]64.818: [CMS64.821: [CMS-concurrent-mark: 0.003/0.025 secs] [Times: user=0.17 sys=0.00, real=0.03 secs] 
 (concurrent mode failure): 6325K->6323K(6848K), 0.0200855 secs] 9075K->9075K(9920K), [Metaspace: 3748K->3748K(1056768K)], 0.0420585 secs] [Times: user=0.18 sys=0.00, real=0.04 secs] 
64.838: [GC (Allocation Failure) 64.838: [ParNew (promotion failed): 2751K->2997K(3072K), 0.0138137 secs]64.852: [CMS: 6325K->6323K(6848K), 0.0168561 secs] 9075K->9075K(9920K), [Metaspace: 3748K->3748K(1056768K)], 0.0307485 secs] [Times: user=0.12 sys=0.00, real=0.04 secs] 
64.869: [GC (CMS Initial Mark) [1 CMS-initial-mark: 6323K(6848K)] 9075K(9920K), 0.0030473 secs] [Times: user=0.00 sys=0.00, real=0.00 secs] 
64.872: [CMS-concurrent-mark-start]
64.872: [GC (Allocation Failure) 64.872: [ParNew (promotion failed): 2751K->3022K(3072K), 0.0178041 secs]64.890: [CMS64.894: [CMS-concurrent-mark: 0.004/0.021 secs] [Times: user=0.13 sys=0.00, real=0.02 secs] 
 (concurrent mode failure): 6325K->6323K(6848K), 0.0199018 secs] 9075K->9075K(9920K), [Metaspace: 3748K->3748K(1056768K)], 0.0377753 secs] [Times: user=0.15 sys=0.00, real=0.04 secs] 
64.911: [GC (Allocation Failure) 64.911: [ParNew (promotion failed): 2751K->2997K(3072K), 0.0127350 secs]64.923: [CMS: 6325K->6323K(6848K), 0.0168372 secs] 9075K->9075K(9920K), [Metaspace: 3748K->3748K(1056768K)], 0.0296399 secs] [Times: user=0.10 sys=0.00, real=0.03 secs] 
64.941: [GC (CMS Initial Mark) [1 CMS-initial-mark: 6323K(6848K)] 9075K(9920K), 0.0030988 secs] [Times: user=0.01 sys=0.00, real=0.00 secs] 
64.944: [CMS-concurrent-mark-start]
64.944: [GC (Allocation Failure) 64.944: [ParNew (promotion failed): 2751K->3022K(3072K), 0.0161805 secs]64.960: [CMS64.964: [CMS-concurrent-mark: 0.004/0.020 secs] [Times: user=0.12 sys=0.00, real=0.02 secs] 
 (concurrent mode failure): 6325K->6323K(6848K), 0.0202588 secs] 9075K->9075K(9920K), [Metaspace: 3748K->3748K(1056768K)], 0.0365070 secs] [Times: user=0.14 sys=0.00, real=0.04 secs] 
64.982: [GC (Allocation Failure) 64.982: [ParNew (promotion failed): 2751K->2997K(3072K), 0.0183681 secs]65.000: [CMS: 6325K->6323K(6848K), 0.0166741 secs] 9075K->9075K(9920K), [Metaspace: 3748K->3748K(1056768K)], 0.0351280 secs] [Times: user=0.15 sys=0.00, real=0.03 secs] 
65.017: [GC (CMS Initial Mark) [1 CMS-initial-mark: 6323K(6848K)] 9075K(9920K), 0.0030879 secs] [Times: user=0.01 sys=0.00, real=0.01 secs] 
65.020: [CMS-concurrent-mark-start]
65.021: [GC (Allocation Failure) 65.021: [ParNew (promotion failed): 2751K->2997K(3072K), 0.0140046 secs]65.035: [CMS65.038: [CMS-concurrent-mark: 0.004/0.018 secs] [Times: user=0.10 sys=0.00, real=0.01 secs] 
 (concurrent mode failure): 6325K->6323K(6848K), 0.0198475 secs] 9075K->9075K(9920K), [Metaspace: 3748K->3748K(1056768K)], 0.0339175 secs] [Times: user=0.12 sys=0.00, real=0.03 secs] 
65.055: [GC (Allocation Failure) 65.055: [ParNew (promotion failed): 2751K->2997K(3072K), 0.0228360 secs]65.078: [CMS: 6325K->6323K(6848K), 0.0165468 secs] 9075K->9075K(9920K), [Metaspace: 3748K->3748K(1056768K)], 0.0394533 secs] [Times: user=0.19 sys=0.00, real=0.04 secs] 
65.094: [GC (CMS Initial Mark) [1 CMS-initial-mark: 6323K(6848K)] 9075K(9920K), 0.0030594 secs] [Times: user=0.00 sys=0.00, real=0.00 secs] 
65.098: [CMS-concurrent-mark-start]
65.098: [GC (Allocation Failure) 65.098: [ParNew (promotion failed): 2751K->3022K(3072K), 0.0181700 secs]65.116: [CMS65.119: [CMS-concurrent-mark: 0.004/0.022 secs] [Times: user=0.15 sys=0.00, real=0.03 secs] 
 (concurrent mode failure): 6325K->6323K(6848K), 0.0200088 secs] 9075K->9075K(9920K), [Metaspace: 3748K->3748K(1056768K)], 0.0382486 secs] [Times: user=0.16 sys=0.00, real=0.04 secs] 
65.136: [GC (Allocation Failure) 65.136: [ParNew (promotion failed): 2751K->3022K(3072K), 0.0212236 secs]65.158: [CMS: 6325K->6323K(6848K), 0.0166508 secs] 9075K->9075K(9920K), [Metaspace: 3748K->3748K(1056768K)], 0.0379381 secs] [Times: user=0.17 sys=0.00, real=0.04 secs] 
65.175: [GC (CMS Initial Mark) [1 CMS-initial-mark: 6323K(6848K)] 9075K(9920K), 0.0030703 secs] [Times: user=0.01 sys=0.00, real=0.00 secs] 
65.178: [CMS-concurrent-mark-start]
65.178: [GC (Allocation Failure) 65.178: [ParNew (promotion failed): 2751K->2997K(3072K), 0.0214292 secs]65.199: [CMS65.203: [CMS-concurrent-mark: 0.003/0.025 secs] [Times: user=0.15 sys=0.00, real=0.03 secs] 
 (concurrent mode failure): 6325K->6323K(6848K), 0.0200566 secs] 9075K->9075K(9920K), [Metaspace: 3748K->3748K(1056768K)], 0.0415674 secs] [Times: user=0.17 sys=0.00, real=0.05 secs] 
65.220: [GC (Allocation Failure) 65.220: [ParNew (promotion failed): 2751K->2997K(3072K), 0.0163497 secs]65.237: [CMS: 6325K->6323K(6848K), 0.0165942 secs] 9075K->9075K(9920K), [Metaspace: 3748K->3748K(1056768K)], 0.0330205 secs] [Times: user=0.14 sys=0.00, real=0.03 secs] 
65.254: [GC (CMS Initial Mark) [1 CMS-initial-mark: 6323K(6848K)] 9075K(9920K), 0.0030684 secs] [Times: user=0.00 sys=0.00, real=0.00 secs] 
65.257: [CMS-concurrent-mark-start]
65.257: [GC (Allocation Failure) 65.257: [ParNew (promotion failed): 2751K->2997K(3072K), 0.0219110 secs]65.279: [CMS65.282: [CMS-concurrent-mark: 0.004/0.026 secs] [Times: user=0.17 sys=0.00, real=0.03 secs] 
 (concurrent mode failure): 6325K->6323K(6848K), 0.0196250 secs] 9075K->9075K(9920K), [Metaspace: 3748K->3748K(1056768K)], 0.0416126 secs] [Times: user=0.18 sys=0.00, real=0.05 secs] 
65.300: [GC (Allocation Failure) 65.300: [ParNew (promotion failed): 2751K->2972K(3072K), 0.0197276 secs]65.319: [CMS: 6325K->6323K(6848K), 0.0167467 secs] 9075K->9075K(9920K), [Metaspace: 3748K->3748K(1056768K)], 0.0366422 secs] [Times: user=0.15 sys=0.00, real=0.03 secs] 
65.336: [GC (CMS Initial Mark) [1 CMS-initial-mark: 6323K(6848K)] 9075K(9920K), 0.0030733 secs] [Times: user=0.00 sys=0.00, real=0.01 secs] 
65.340: [CMS-concurrent-mark-start]
65.340: [GC (Allocation Failure) 65.340: [ParNew (promotion failed): 2751K->2997K(3072K), 0.0174028 secs]65.357: [CMS65.361: [CMS-concurrent-mark: 0.003/0.021 secs] [Times: user=0.14 sys=0.00, real=0.02 secs] 
 (concurrent mode failure): 6325K->6323K(6848K), 0.0199641 secs] 9075K->9075K(9920K), [Metaspace: 3748K->3748K(1056768K)], 0.0374384 secs] [Times: user=0.16 sys=0.00, real=0.03 secs] 
65.377: [GC (Allocation Failure) 65.377: [ParNew (promotion failed): 2751K->2997K(3072K), 0.0263308 secs]65.404: [CMS: 6325K->6323K(6848K), 0.0165162 secs] 9075K->9075K(9920K), [Metaspace: 3748K->3748K(1056768K)], 0.0429110 secs] [Times: user=0.22 sys=0.01, real=0.05 secs] 
65.421: [GC (CMS Initial Mark) [1 CMS-initial-mark: 6323K(6848K)] 9075K(9920K), 0.0030651 secs] [Times: user=0.00 sys=0.00, real=0.00 secs] 
65.424: [CMS-concurrent-mark-start]
65.424: [GC (Allocation Failure) 65.424: [ParNew (promotion failed): 2751K->2997K(3072K), 0.0143946 secs]65.438: [CMS65.442: [CMS-concurrent-mark: 0.004/0.018 secs] [Times: user=0.11 sys=0.00, real=0.02 secs] 
 (concurrent mode failure): 6325K->6323K(6848K), 0.0199649 secs] 9075K->9075K(9920K), [Metaspace: 3748K->3748K(1056768K)], 0.0344295 secs] [Times: user=0.13 sys=0.00, real=0.04 secs] 
65.459: [GC (Allocation Failure) 65.459: [ParNew (promotion failed): 2751K->2997K(3072K), 0.0227885 secs]65.482: [CMS: 6325K->6323K(6848K), 0.0167476 secs] 9075K->9075K(9920K), [Metaspace: 3748K->3748K(1056768K)], 0.0396060 secs] [Times: user=0.19 sys=0.00, real=0.04 secs] 
65.499: [GC (CMS Initial Mark) [1 CMS-initial-mark: 6323K(6848K)] 9075K(9920K), 0.0030490 secs] [Times: user=0.00 sys=0.00, real=0.00 secs] 
65.502: [CMS-concurrent-mark-start]
65.502: [GC (Allocation Failure) 65.502: [ParNew (promotion failed): 2751K->2997K(3072K), 0.0188160 secs]65.521: [CMS65.525: [CMS-concurrent-mark: 0.003/0.022 secs] [Times: user=0.13 sys=0.00, real=0.02 secs] 
 (concurrent mode failure): 6325K->6323K(6848K), 0.0202490 secs] 9075K->9075K(9920K), [Metaspace: 3748K->3748K(1056768K)], 0.0391322 secs] [Times: user=0.14 sys=0.00, real=0.04 secs] 
65.542: [GC (Allocation Failure) 65.542: [ParNew (promotion failed): 2751K->2997K(3072K), 0.0147564 secs]65.557: [CMS: 6325K->6323K(6848K), 0.0168529 secs] 9075K->9075K(9920K), [Metaspace: 3748K->3748K(1056768K)], 0.0316827 secs] [Times: user=0.11 sys=0.00, real=0.03 secs] 
65.574: [GC (CMS Initial Mark) [1 CMS-initial-mark: 6323K(6848K)] 9075K(9920K), 0.0030681 secs] [Times: user=0.01 sys=0.00, real=0.00 secs] 
65.577: [CMS-concurrent-mark-start]
65.578: [GC (Allocation Failure) 65.578: [ParNew (promotion failed): 2751K->3022K(3072K), 0.0149838 secs]65.593: [CMS65.596: [CMS-concurrent-mark: 0.004/0.019 secs] [Times: user=0.11 sys=0.00, real=0.02 secs] 
 (concurrent mode failure): 6325K->6323K(6848K), 0.0198519 secs] 9075K->9075K(9920K), [Metaspace: 3748K->3748K(1056768K)], 0.0349070 secs] [Times: user=0.13 sys=0.00, real=0.04 secs] 
65.613: [GC (Allocation Failure) 65.613: [ParNew (promotion failed): 2751K->3022K(3072K), 0.0181393 secs]65.631: [CMS: 6325K->6323K(6848K), 0.0166398 secs] 9075K->9075K(9920K), [Metaspace: 3748K->3748K(1056768K)], 0.0348441 secs] [Times: user=0.15 sys=0.00, real=0.03 secs] 
65.648: [GC (CMS Initial Mark) [1 CMS-initial-mark: 6323K(6848K)] 9075K(9920K), 0.0030351 secs] [Times: user=0.00 sys=0.00, real=0.01 secs] 
65.651: [CMS-concurrent-mark-start]
65.651: [GC (Allocation Failure) 65.651: [ParNew (promotion failed): 2751K->3022K(3072K), 0.0140635 secs]65.665: [CMS65.669: [CMS-concurrent-mark: 0.004/0.018 secs] [Times: user=0.11 sys=0.00, real=0.02 secs] 
 (concurrent mode failure): 6325K->6323K(6848K), 0.0200411 secs] 9075K->9075K(9920K), [Metaspace: 3748K->3748K(1056768K)], 0.0341722 secs] [Times: user=0.13 sys=0.00, real=0.03 secs] 
65.686: [GC (Allocation Failure) 65.686: [ParNew (promotion failed): 2751K->2997K(3072K), 0.0138836 secs]65.700: [CMS: 6325K->6323K(6848K), 0.0167399 secs] 9075K->9075K(9920K), [Metaspace: 3748K->3748K(1056768K)], 0.0306861 secs] [Times: user=0.09 sys=0.01, real=0.03 secs] 
65.717: [GC (CMS Initial Mark) [1 CMS-initial-mark: 6323K(6848K)] 9075K(9920K), 0.0030786 secs] [Times: user=0.00 sys=0.00, real=0.01 secs] 
65.720: [CMS-concurrent-mark-start]
65.720: [GC (Allocation Failure) 65.720: [ParNew (promotion failed): 2751K->2997K(3072K), 0.0187511 secs]65.739: [CMS65.742: [CMS-concurrent-mark: 0.003/0.022 secs] [Times: user=0.14 sys=0.00, real=0.02 secs] 
 (concurrent mode failure): 6325K->6323K(6848K), 0.0204119 secs] 9075K->9075K(9920K), [Metaspace: 3748K->3748K(1056768K)], 0.0393157 secs] [Times: user=0.16 sys=0.00, real=0.04 secs] 
65.760: [GC (Allocation Failure) 65.760: [ParNew (promotion failed): 2751K->2997K(3072K), 0.0232037 secs]65.783: [CMS: 6325K->6323K(6848K), 0.0166178 secs] 9075K->9075K(9920K), [Metaspace: 3748K->3748K(1056768K)], 0.0399055 secs] [Times: user=0.19 sys=0.00, real=0.04 secs] 
65.800: [GC (CMS Initial Mark) [1 CMS-initial-mark: 6323K(6848K)] 9075K(9920K), 0.0030949 secs] [Times: user=0.00 sys=0.00, real=0.00 secs] 
65.804: [CMS-concurrent-mark-start]
65.804: [GC (Allocation Failure) 65.804: [ParNew (promotion failed): 2751K->2997K(3072K), 0.0249963 secs]65.829: [CMS65.832: [CMS-concurrent-mark: 0.004/0.029 secs] [Times: user=0.20 sys=0.00, real=0.03 secs] 
 (concurrent mode failure): 6325K->6323K(6848K), 0.0197338 secs] 9075K->9075K(9920K), [Metaspace: 3748K->3748K(1056768K)], 0.0447974 secs] [Times: user=0.22 sys=0.00, real=0.05 secs] 
65.850: [GC (Allocation Failure) 65.850: [ParNew (promotion failed): 2751K->3022K(3072K), 0.0238688 secs]65.873: [CMS: 6325K->6323K(6848K), 0.0166043 secs] 9075K->9075K(9920K), [Metaspace: 3748K->3748K(1056768K)], 0.0405410 secs] [Times: user=0.19 sys=0.00, real=0.04 secs] 
65.890: [GC (CMS Initial Mark) [1 CMS-initial-mark: 6323K(6848K)] 9075K(9920K), 0.0030565 secs] [Times: user=0.00 sys=0.00, real=0.00 secs] 
65.893: [CMS-concurrent-mark-start]
65.893: [GC (Allocation Failure) 65.893: [ParNew (promotion failed): 2751K->2997K(3072K), 0.0228637 secs]65.916: [CMS65.920: [CMS-concurrent-mark: 0.003/0.026 secs] [Times: user=0.18 sys=0.00, real=0.03 secs] 
 (concurrent mode failure): 6325K->6323K(6848K), 0.0199786 secs] 9075K->9075K(9920K), [Metaspace: 3748K->3748K(1056768K)], 0.0429071 secs] [Times: user=0.20 sys=0.00, real=0.04 secs] 
65.937: [GC (Allocation Failure) 65.937: [ParNew (promotion failed): 2751K->2997K(3072K), 0.0216340 secs]65.958: [CMS: 6325K->6323K(6848K), 0.0165010 secs] 9075K->9075K(9920K), [Metaspace: 3748K->3748K(1056768K)], 0.0382015 secs] [Times: user=0.18 sys=0.00, real=0.04 secs] 
65.975: [GC (CMS Initial Mark) [1 CMS-initial-mark: 6323K(6848K)] 9075K(9920K), 0.0030676 secs] [Times: user=0.00 sys=0.00, real=0.01 secs] 
65.978: [CMS-concurrent-mark-start]
65.979: [GC (Allocation Failure) 65.979: [ParNew (promotion failed): 2751K->2997K(3072K), 0.0218004 secs]66.000: [CMS66.004: [CMS-concurrent-mark: 0.004/0.025 secs] [Times: user=0.17 sys=0.00, real=0.02 secs] 
 (concurrent mode failure): 6325K->6323K(6848K), 0.0202123 secs] 9075K->9075K(9920K), [Metaspace: 3748K->3748K(1056768K)], 0.0420805 secs] [Times: user=0.18 sys=0.00, real=0.04 secs] 
66.021: [GC (Allocation Failure) 66.021: [ParNew (promotion failed): 2751K->2997K(3072K), 0.0200823 secs]66.041: [CMS: 6325K->6323K(6848K), 0.0166908 secs] 9075K->9075K(9920K), [Metaspace: 3748K->3748K(1056768K)], 0.0368339 secs] [Times: user=0.16 sys=0.00, real=0.03 secs] 
66.059: [GC (CMS Initial Mark) [1 CMS-initial-mark: 6323K(6848K)] 9075K(9920K), 0.0030534 secs] [Times: user=0.00 sys=0.00, real=0.00 secs] 
66.062: [CMS-concurrent-mark-start]
66.062: [GC (Allocation Failure) 66.062: [ParNew (promotion failed): 2751K->3022K(3072K), 0.0141085 secs]66.076: [CMS66.079: [CMS-concurrent-mark: 0.003/0.018 secs] [Times: user=0.11 sys=0.01, real=0.02 secs] 
 (concurrent mode failure): 6325K->6323K(6848K), 0.0201081 secs] 9075K->9075K(9920K), [Metaspace: 3748K->3748K(1056768K)], 0.0342857 secs] [Times: user=0.13 sys=0.01, real=0.03 secs] 
66.097: [GC (Allocation Failure) 66.097: [ParNew (promotion failed): 2751K->3022K(3072K), 0.0167139 secs]66.114: [CMS: 6325K->6323K(6848K), 0.0167769 secs] 9075K->9075K(9920K), [Metaspace: 3748K->3748K(1056768K)], 0.0335625 secs] [Times: user=0.14 sys=0.00, real=0.04 secs] 
66.131: [GC (CMS Initial Mark) [1 CMS-initial-mark: 6323K(6848K)] 9075K(9920K), 0.0030765 secs] [Times: user=0.00 sys=0.00, real=0.00 secs] 
66.134: [CMS-concurrent-mark-start]
66.134: [GC (Allocation Failure) 66.134: [ParNew (promotion failed): 2751K->3022K(3072K), 0.0187796 secs]66.153: [CMS66.156: [CMS-concurrent-mark: 0.004/0.022 secs] [Times: user=0.15 sys=0.00, real=0.02 secs] 
 (concurrent mode failure): 6325K->6323K(6848K), 0.0198142 secs] 9075K->9075K(9920K), [Metaspace: 3748K->3748K(1056768K)], 0.0386572 secs] [Times: user=0.17 sys=0.00, real=0.04 secs] 
66.173: [GC (Allocation Failure) 66.173: [ParNew (promotion failed): 2751K->3022K(3072K), 0.0173345 secs]66.191: [CMS: 6325K->6323K(6848K), 0.0165273 secs] 9075K->9075K(9920K), [Metaspace: 3748K->3748K(1056768K)], 0.0339312 secs] [Times: user=0.14 sys=0.00, real=0.03 secs] 
66.208: [GC (CMS Initial Mark) [1 CMS-initial-mark: 6323K(6848K)] 9075K(9920K), 0.0030378 secs] [Times: user=0.01 sys=0.00, real=0.01 secs] 
66.211: [CMS-concurrent-mark-start]
66.211: [GC (Allocation Failure) 66.211: [ParNew (promotion failed): 2751K->3022K(3072K), 0.0147354 secs]66.225: [CMS66.229: [CMS-concurrent-mark: 0.003/0.018 secs] [Times: user=0.11 sys=0.00, real=0.02 secs] 
 (concurrent mode failure): 6325K->6323K(6848K), 0.0199831 secs] 9075K->9075K(9920K), [Metaspace: 3748K->3748K(1056768K)], 0.0347870 secs] [Times: user=0.13 sys=0.00, real=0.03 secs] 
66.246: [GC (Allocation Failure) 66.246: [ParNew (promotion failed): 2751K->3046K(3072K), 0.0245108 secs]66.270: [CMS: 6325K->6323K(6848K), 0.0165102 secs] 9075K->9075K(9920K), [Metaspace: 3748K->3748K(1056768K)], 0.0410865 secs] [Times: user=0.20 sys=0.00, real=0.04 secs] 
66.287: [GC (CMS Initial Mark) [1 CMS-initial-mark: 6323K(6848K)] 9075K(9920K), 0.0030353 secs] [Times: user=0.00 sys=0.00, real=0.01 secs] 
66.291: [CMS-concurrent-mark-start]
66.291: [GC (Allocation Failure) 66.291: [ParNew (promotion failed): 2751K->3022K(3072K), 0.0167524 secs]66.307: [CMS66.311: [CMS-concurrent-mark: 0.004/0.020 secs] [Times: user=0.13 sys=0.00, real=0.02 secs] 
 (concurrent mode failure): 6325K->6323K(6848K), 0.0201454 secs] 9075K->9075K(9920K), [Metaspace: 3748K->3748K(1056768K)], 0.0369723 secs] [Times: user=0.14 sys=0.00, real=0.03 secs] 
66.328: [GC (Allocation Failure) 66.328: [ParNew (promotion failed): 2751K->2997K(3072K), 0.0151062 secs]66.344: [CMS: 6325K->6323K(6848K), 0.0165430 secs] 9075K->9075K(9920K), [Metaspace: 3748K->3748K(1056768K)], 0.0317162 secs] [Times: user=0.13 sys=0.00, real=0.03 secs] 
66.361: [GC (CMS Initial Mark) [1 CMS-initial-mark: 6323K(6848K)] 9075K(9920K), 0.0030778 secs] [Times: user=0.01 sys=0.00, real=0.00 secs] 
66.364: [CMS-concurrent-mark-start]
66.364: [GC (Allocation Failure) 66.364: [ParNew (promotion failed): 2751K->2997K(3072K), 0.0171867 secs]66.381: [CMS66.384: [CMS-concurrent-mark: 0.004/0.021 secs] [Times: user=0.13 sys=0.00, real=0.02 secs] 
 (concurrent mode failure): 6325K->6323K(6848K), 0.0195671 secs] 9075K->9075K(9920K), [Metaspace: 3748K->3748K(1056768K)], 0.0368156 secs] [Times: user=0.15 sys=0.00, real=0.04 secs] 
66.402: [GC (Allocation Failure) 66.402: [ParNew (promotion failed): 2751K->3022K(3072K), 0.0180744 secs]66.420: [CMS: 6325K->6323K(6848K), 0.0166968 secs] 9075K->9075K(9920K), [Metaspace: 3748K->3748K(1056768K)], 0.0348400 secs] [Times: user=0.15 sys=0.00, real=0.03 secs] 
66.437: [GC (CMS Initial Mark) [1 CMS-initial-mark: 6323K(6848K)] 9075K(9920K), 0.0030343 secs] [Times: user=0.00 sys=0.00, real=0.01 secs] 
66.440: [CMS-concurrent-mark-start]
66.440: [GC (Allocation Failure) 66.440: [ParNew (promotion failed): 2751K->2997K(3072K), 0.0138031 secs]66.454: [CMS66.457: [CMS-concurrent-mark: 0.003/0.017 secs] [Times: user=0.11 sys=0.00, real=0.01 secs] 
 (concurrent mode failure): 6325K->6323K(6848K), 0.0198868 secs] 9075K->9075K(9920K), [Metaspace: 3748K->3748K(1056768K)], 0.0337492 secs] [Times: user=0.12 sys=0.00, real=0.03 secs] 
66.474: [GC (Allocation Failure) 66.474: [ParNew (promotion failed): 2751K->3022K(3072K), 0.0188640 secs]66.493: [CMS: 6325K->6323K(6848K), 0.0167318 secs] 9075K->9075K(9920K), [Metaspace: 3748K->3748K(1056768K)], 0.0356557 secs] [Times: user=0.15 sys=0.00, real=0.04 secs] 
66.510: [GC (CMS Initial Mark) [1 CMS-initial-mark: 6323K(6848K)] 9075K(9920K), 0.0030903 secs] [Times: user=0.00 sys=0.00, real=0.00 secs] 
66.513: [CMS-concurrent-mark-start]
66.513: [GC (Allocation Failure) 66.513: [ParNew (promotion failed): 2751K->2997K(3072K), 0.0106628 secs]66.524: [CMS66.527: [CMS-concurrent-mark: 0.004/0.014 secs] [Times: user=0.07 sys=0.00, real=0.01 secs] 
 (concurrent mode failure): 6325K->6323K(6848K), 0.0205585 secs] 9075K->9075K(9920K), [Metaspace: 3748K->3748K(1056768K)], 0.0312934 secs] [Times: user=0.09 sys=0.00, real=0.03 secs] 
66.545: [GC (Allocation Failure) 66.545: [ParNew (promotion failed): 2751K->2997K(3072K), 0.0192942 secs]66.564: [CMS: 6325K->6323K(6848K), 0.0167300 secs] 9075K->9075K(9920K), [Metaspace: 3748K->3748K(1056768K)], 0.0360992 secs] [Times: user=0.15 sys=0.00, real=0.04 secs] 
66.582: [GC (CMS Initial Mark) [1 CMS-initial-mark: 6323K(6848K)] 9075K(9920K), 0.0030430 secs] [Times: user=0.00 sys=0.00, real=0.00 secs] 
66.585: [CMS-concurrent-mark-start]
66.585: [GC (Allocation Failure) 66.585: [ParNew (promotion failed): 2751K->3022K(3072K), 0.0232322 secs]66.608: [CMS66.612: [CMS-concurrent-mark: 0.003/0.027 secs] [Times: user=0.19 sys=0.00, real=0.03 secs] 
 (concurrent mode failure): 6325K->6323K(6848K), 0.0200966 secs] 9075K->9075K(9920K), [Metaspace: 3748K->3748K(1056768K)], 0.0433950 secs] [Times: user=0.20 sys=0.00, real=0.05 secs] 
66.629: [GC (Allocation Failure) 66.629: [ParNew (promotion failed): 2751K->2997K(3072K), 0.0147189 secs]66.644: [CMS: 6325K->6323K(6848K), 0.0166929 secs] 9075K->9075K(9920K), [Metaspace: 3748K->3748K(1056768K)], 0.0314774 secs] [Times: user=0.13 sys=0.00, real=0.03 secs] 
66.661: [GC (CMS Initial Mark) [1 CMS-initial-mark: 6323K(6848K)] 9075K(9920K), 0.0030501 secs] [Times: user=0.00 sys=0.00, real=0.00 secs] 
66.664: [CMS-concurrent-mark-start]
66.664: [GC (Allocation Failure) 66.664: [ParNew (promotion failed): 2751K->2972K(3072K), 0.0228208 secs]66.687: [CMS66.690: [CMS-concurrent-mark: 0.004/0.026 secs] [Times: user=0.18 sys=0.00, real=0.03 secs] 
 (concurrent mode failure): 6325K->6323K(6848K), 0.0198265 secs] 9075K->9075K(9920K), [Metaspace: 3748K->3748K(1056768K)], 0.0427233 secs] [Times: user=0.20 sys=0.00, real=0.04 secs] 
66.707: [GC (Allocation Failure) 66.707: [ParNew (promotion failed): 2751K->2997K(3072K), 0.0220619 secs]66.729: [CMS: 6325K->6323K(6848K), 0.0165218 secs] 9075K->9075K(9920K), [Metaspace: 3748K->3748K(1056768K)], 0.0386460 secs] [Times: user=0.18 sys=0.00, real=0.04 secs] 
66.746: [GC (CMS Initial Mark) [1 CMS-initial-mark: 6323K(6848K)] 9075K(9920K), 0.0030474 secs] [Times: user=0.01 sys=0.00, real=0.01 secs] 
66.749: [CMS-concurrent-mark-start]
66.749: [GC (Allocation Failure) 66.749: [ParNew (promotion failed): 2751K->3022K(3072K), 0.0156766 secs]66.765: [CMS66.769: [CMS-concurrent-mark: 0.003/0.019 secs] [Times: user=0.12 sys=0.00, real=0.02 secs] 
 (concurrent mode failure): 6325K->6323K(6848K), 0.0200396 secs] 9075K->9075K(9920K), [Metaspace: 3748K->3748K(1056768K)], 0.0357857 secs] [Times: user=0.13 sys=0.00, real=0.03 secs] 
66.786: [GC (Allocation Failure) 66.786: [ParNew (promotion failed): 2751K->3022K(3072K), 0.0184069 secs]66.804: [CMS: 6325K->6323K(6848K), 0.0164869 secs] 9075K->9075K(9920K), [Metaspace: 3748K->3748K(1056768K)], 0.0349607 secs] [Times: user=0.16 sys=0.01, real=0.04 secs] 
66.821: [GC (CMS Initial Mark) [1 CMS-initial-mark: 6323K(6848K)] 9075K(9920K), 0.0030584 secs] [Times: user=0.00 sys=0.00, real=0.00 secs] 
66.824: [CMS-concurrent-mark-start]
66.824: [GC (Allocation Failure) 66.824: [ParNew (promotion failed): 2751K->2997K(3072K), 0.0244758 secs]66.849: [CMS66.852: [CMS-concurrent-mark: 0.003/0.028 secs] [Times: user=0.19 sys=0.00, real=0.03 secs] 
 (concurrent mode failure): 6325K->6323K(6848K), 0.0201463 secs] 9075K->9075K(9920K), [Metaspace: 3748K->3748K(1056768K)], 0.0446955 secs] [Times: user=0.21 sys=0.00, real=0.05 secs] 
66.870: [GC (Allocation Failure) 66.870: [ParNew (promotion failed): 2751K->3022K(3072K), 0.0168361 secs]66.887: [CMS: 6325K->6323K(6848K), 0.0165425 secs] 9075K->9075K(9920K), [Metaspace: 3748K->3748K(1056768K)], 0.0334593 secs] [Times: user=0.14 sys=0.00, real=0.03 secs] 
66.904: [GC (CMS Initial Mark) [1 CMS-initial-mark: 6323K(6848K)] 9075K(9920K), 0.0030713 secs] [Times: user=0.00 sys=0.00, real=0.00 secs] 
66.907: [CMS-concurrent-mark-start]
66.907: [GC (Allocation Failure) 66.907: [ParNew (promotion failed): 2751K->2997K(3072K), 0.0177909 secs]66.925: [CMS66.928: [CMS-concurrent-mark: 0.004/0.021 secs] [Times: user=0.14 sys=0.00, real=0.02 secs] 
 (concurrent mode failure): 6325K->6323K(6848K), 0.0195890 secs] 9075K->9075K(9920K), [Metaspace: 3748K->3748K(1056768K)], 0.0374367 secs] [Times: user=0.16 sys=0.00, real=0.04 secs] 
66.945: [GC (Allocation Failure) 66.945: [ParNew (promotion failed): 2751K->3022K(3072K), 0.0163481 secs]66.962: [CMS: 6325K->6323K(6848K), 0.0165713 secs] 9075K->9075K(9920K), [Metaspace: 3748K->3748K(1056768K)], 0.0329926 secs] [Times: user=0.13 sys=0.00, real=0.04 secs] 
66.979: [GC (CMS Initial Mark) [1 CMS-initial-mark: 6323K(6848K)] 9075K(9920K), 0.0030633 secs] [Times: user=0.01 sys=0.00, real=0.00 secs] 
66.982: [CMS-concurrent-mark-start]
66.982: [GC (Allocation Failure) 66.982: [ParNew (promotion failed): 2751K->3022K(3072K), 0.0142705 secs]66.996: [CMS67.000: [CMS-concurrent-mark: 0.004/0.018 secs] [Times: user=0.11 sys=0.00, real=0.02 secs] 
 (concurrent mode failure): 6325K->6323K(6848K), 0.0198914 secs] 9075K->9075K(9920K), [Metaspace: 3748K->3748K(1056768K)], 0.0342298 secs] [Times: user=0.12 sys=0.00, real=0.03 secs] 
67.016: [GC (Allocation Failure) 67.016: [ParNew (promotion failed): 2751K->2997K(3072K), 0.0135795 secs]67.030: [CMS: 6325K->6323K(6848K), 0.0164840 secs] 9075K->9075K(9920K), [Metaspace: 3748K->3748K(1056768K)], 0.0301293 secs] [Times: user=0.11 sys=0.00, real=0.03 secs] 
67.047: [GC (CMS Initial Mark) [1 CMS-initial-mark: 6323K(6848K)] 9075K(9920K), 0.0030707 secs] [Times: user=0.00 sys=0.00, real=0.01 secs] 
67.050: [CMS-concurrent-mark-start]
67.050: [GC (Allocation Failure) 67.050: [ParNew (promotion failed): 2751K->3022K(3072K), 0.0200118 secs]67.070: [CMS67.073: [CMS-concurrent-mark: 0.004/0.024 secs] [Times: user=0.16 sys=0.00, real=0.02 secs] 
 (concurrent mode failure): 6325K->6323K(6848K), 0.0199898 secs] 9075K->9075K(9920K), [Metaspace: 3748K->3748K(1056768K)], 0.0400676 secs] [Times: user=0.16 sys=0.00, real=0.04 secs] 
67.091: [GC (Allocation Failure) 67.091: [ParNew (promotion failed): 2751K->3022K(3072K), 0.0229155 secs]67.113: [CMS: 6325K->6323K(6848K), 0.0167075 secs] 9075K->9075K(9920K), [Metaspace: 3748K->3748K(1056768K)], 0.0396843 secs] [Times: user=0.19 sys=0.00, real=0.04 secs] 
67.131: [GC (CMS Initial Mark) [1 CMS-initial-mark: 6323K(6848K)] 9075K(9920K), 0.0030515 secs] [Times: user=0.01 sys=0.00, real=0.00 secs] 
67.134: [CMS-concurrent-mark-start]
67.134: [GC (Allocation Failure) 67.134: [ParNew (promotion failed): 2751K->3022K(3072K), 0.0231530 secs]67.157: [CMS67.161: [CMS-concurrent-mark: 0.003/0.027 secs] [Times: user=0.18 sys=0.01, real=0.03 secs] 
 (concurrent mode failure): 6325K->6323K(6848K), 0.0202192 secs] 9075K->9075K(9920K), [Metaspace: 3748K->3748K(1056768K)], 0.0434423 secs] [Times: user=0.20 sys=0.01, real=0.04 secs] 
67.179: [GC (Allocation Failure) 67.179: [ParNew (promotion failed): 2751K->3022K(3072K), 0.0106864 secs]67.190: [CMS: 6325K->6323K(6848K), 0.0165900 secs] 9075K->9075K(9920K), [Metaspace: 3748K->3748K(1056768K)], 0.0273362 secs] [Times: user=0.07 sys=0.00, real=0.02 secs] 
67.207: [GC (CMS Initial Mark) [1 CMS-initial-mark: 6323K(6848K)] 9075K(9920K), 0.0030697 secs] [Times: user=0.00 sys=0.00, real=0.01 secs] 
67.210: [CMS-concurrent-mark-start]
67.211: [GC (Allocation Failure) 67.211: [ParNew (promotion failed): 2751K->3022K(3072K), 0.0160894 secs]67.227: [CMS67.230: [CMS-concurrent-mark: 0.004/0.020 secs] [Times: user=0.13 sys=0.00, real=0.02 secs] 
 (concurrent mode failure): 6325K->6323K(6848K), 0.0196948 secs] 9075K->9075K(9920K), [Metaspace: 3748K->3748K(1056768K)], 0.0358376 secs] [Times: user=0.14 sys=0.00, real=0.03 secs] 
67.247: [GC (Allocation Failure) 67.247: [ParNew (promotion failed): 2751K->3022K(3072K), 0.0221995 secs]67.269: [CMS: 6325K->6323K(6848K), 0.0165600 secs] 9075K->9075K(9920K), [Metaspace: 3748K->3748K(1056768K)], 0.0388178 secs] [Times: user=0.18 sys=0.00, real=0.04 secs] 
67.286: [GC (CMS Initial Mark) [1 CMS-initial-mark: 6323K(6848K)] 9075K(9920K), 0.0030437 secs] [Times: user=0.01 sys=0.00, real=0.01 secs] 
67.289: [CMS-concurrent-mark-start]
67.289: [GC (Allocation Failure) 67.289: [ParNew (promotion failed): 2751K->2997K(3072K), 0.0171783 secs]67.306: [CMS67.309: [CMS-concurrent-mark: 0.003/0.021 secs] [Times: user=0.13 sys=0.00, real=0.02 secs] 
 (concurrent mode failure): 6325K->6323K(6848K), 0.0200020 secs] 9075K->9075K(9920K), [Metaspace: 3748K->3748K(1056768K)], 0.0372384 secs] [Times: user=0.15 sys=0.00, real=0.03 secs] 
67.327: [GC (Allocation Failure) 67.327: [ParNew (promotion failed): 2751K->3046K(3072K), 0.0149974 secs]67.342: [CMS: 6325K->6323K(6848K), 0.0165349 secs] 9075K->9075K(9920K), [Metaspace: 3748K->3748K(1056768K)], 0.0315868 secs] [Times: user=0.13 sys=0.00, real=0.03 secs] 
67.359: [GC (CMS Initial Mark) [1 CMS-initial-mark: 6323K(6848K)] 9075K(9920K), 0.0030789 secs] [Times: user=0.00 sys=0.00, real=0.00 secs] 
67.362: [CMS-concurrent-mark-start]
67.362: [GC (Allocation Failure) 67.362: [ParNew (promotion failed): 2751K->2997K(3072K), 0.0150109 secs]67.377: [CMS67.380: [CMS-concurrent-mark: 0.003/0.019 secs] [Times: user=0.12 sys=0.00, real=0.02 secs] 
 (concurrent mode failure): 6325K->6323K(6848K), 0.0200958 secs] 9075K->9075K(9920K), [Metaspace: 3748K->3748K(1056768K)], 0.0351689 secs] [Times: user=0.13 sys=0.00, real=0.03 secs] 
67.398: [GC (Allocation Failure) 67.398: [ParNew (promotion failed): 2751K->3022K(3072K), 0.0186193 secs]67.416: [CMS: 6325K->6323K(6848K), 0.0165348 secs] 9075K->9075K(9920K), [Metaspace: 3748K->3748K(1056768K)], 0.0352222 secs] [Times: user=0.15 sys=0.00, real=0.04 secs] 
67.433: [GC (CMS Initial Mark) [1 CMS-initial-mark: 6323K(6848K)] 9075K(9920K), 0.0030730 secs] [Times: user=0.01 sys=0.00, real=0.00 secs] 
67.436: [CMS-concurrent-mark-start]
67.438: [GC (Allocation Failure) 67.438: [ParNew (promotion failed): 2751K->2997K(3072K), 0.0160826 secs]67.454: [CMS67.456: [CMS-concurrent-mark: 0.004/0.020 secs] [Times: user=0.12 sys=0.00, real=0.02 secs] 
 (concurrent mode failure): 6325K->6323K(6848K), 0.0189753 secs] 9075K->9075K(9920K), [Metaspace: 3748K->3748K(1056768K)], 0.0351184 secs] [Times: user=0.13 sys=0.00, real=0.04 secs] 
67.473: [GC (Allocation Failure) 67.473: [ParNew (promotion failed): 2751K->3022K(3072K), 0.0164538 secs]67.490: [CMS: 6325K->6323K(6848K), 0.0166190 secs] 9075K->9075K(9920K), [Metaspace: 3748K->3748K(1056768K)], 0.0331260 secs] [Times: user=0.14 sys=0.00, real=0.03 secs] 
67.507: [GC (CMS Initial Mark) [1 CMS-initial-mark: 6323K(6848K)] 9075K(9920K), 0.0030969 secs] [Times: user=0.01 sys=0.00, real=0.01 secs] 
67.510: [CMS-concurrent-mark-start]
67.510: [GC (Allocation Failure) 67.510: [ParNew (promotion failed): 2751K->2997K(3072K), 0.0156938 secs]67.526: [CMS67.529: [CMS-concurrent-mark: 0.003/0.019 secs] [Times: user=0.11 sys=0.01, real=0.02 secs] 
 (concurrent mode failure): 6325K->6323K(6848K), 0.0200758 secs] 9075K->9075K(9920K), [Metaspace: 3748K->3748K(1056768K)], 0.0358211 secs] [Times: user=0.13 sys=0.01, real=0.03 secs] 
67.546: [GC (Allocation Failure) 67.546: [ParNew (promotion failed): 2751K->3022K(3072K), 0.0189223 secs]67.565: [CMS: 6325K->6323K(6848K), 0.0165224 secs] 9075K->9075K(9920K), [Metaspace: 3748K->3748K(1056768K)], 0.0354992 secs] [Times: user=0.16 sys=0.00, real=0.04 secs] 
67.582: [GC (CMS Initial Mark) [1 CMS-initial-mark: 6323K(6848K)] 9075K(9920K), 0.0030804 secs] [Times: user=0.00 sys=0.00, real=0.00 secs] 
67.585: [CMS-concurrent-mark-start]
67.585: [GC (Allocation Failure) 67.585: [ParNew (promotion failed): 2751K->3022K(3072K), 0.0211222 secs]67.606: [CMS67.610: [CMS-concurrent-mark: 0.004/0.025 secs] [Times: user=0.17 sys=0.00, real=0.03 secs] 
 (concurrent mode failure): 6325K->6323K(6848K), 0.0198271 secs] 9075K->9075K(9920K), [Metaspace: 3748K->3748K(1056768K)], 0.0410112 secs] [Times: user=0.18 sys=0.00, real=0.04 secs] 
67.627: [GC (Allocation Failure) 67.627: [ParNew (promotion failed): 2751K->3022K(3072K), 0.0144047 secs]67.641: [CMS: 6325K->6323K(6848K), 0.0166580 secs] 9075K->9075K(9920K), [Metaspace: 3748K->3748K(1056768K)], 0.0311140 secs] [Times: user=0.12 sys=0.00, real=0.03 secs] 
67.658: [GC (CMS Initial Mark) [1 CMS-initial-mark: 6323K(6848K)] 9075K(9920K), 0.0030528 secs] [Times: user=0.01 sys=0.00, real=0.00 secs] 
67.662: [CMS-concurrent-mark-start]
67.662: [GC (Allocation Failure) 67.662: [ParNew (promotion failed): 2751K->2997K(3072K), 0.0154204 secs]67.677: [CMS67.681: [CMS-concurrent-mark: 0.004/0.019 secs] [Times: user=0.12 sys=0.00, real=0.02 secs] 
 (concurrent mode failure): 6325K->6323K(6848K), 0.0200027 secs] 9075K->9075K(9920K), [Metaspace: 3748K->3748K(1056768K)], 0.0354823 secs] [Times: user=0.14 sys=0.00, real=0.03 secs] 
67.698: [GC (Allocation Failure) 67.698: [ParNew (promotion failed): 2751K->2997K(3072K), 0.0166144 secs]67.715: [CMS: 6325K->6323K(6848K), 0.0166343 secs] 9075K->9075K(9920K), [Metaspace: 3748K->3748K(1056768K)], 0.0333061 secs] [Times: user=0.14 sys=0.00, real=0.04 secs] 
67.732: [GC (CMS Initial Mark) [1 CMS-initial-mark: 6323K(6848K)] 9075K(9920K), 0.0031068 secs] [Times: user=0.00 sys=0.00, real=0.00 secs] 
67.735: [CMS-concurrent-mark-start]
67.735: [GC (Allocation Failure) 67.735: [ParNew (promotion failed): 2751K->2997K(3072K), 0.0219559 secs]67.757: [CMS67.760: [CMS-concurrent-mark: 0.004/0.026 secs] [Times: user=0.17 sys=0.00, real=0.03 secs] 
 (concurrent mode failure): 6325K->6323K(6848K), 0.0197516 secs] 9075K->9075K(9920K), [Metaspace: 3748K->3748K(1056768K)], 0.0417623 secs] [Times: user=0.19 sys=0.00, real=0.04 secs] 
67.777: [GC (Allocation Failure) 67.777: [ParNew (promotion failed): 2751K->2997K(3072K), 0.0174555 secs]67.795: [CMS: 6325K->6323K(6848K), 0.0165550 secs] 9075K->9075K(9920K), [Metaspace: 3748K->3748K(1056768K)], 0.0340730 secs] [Times: user=0.15 sys=0.00, real=0.04 secs] 
67.811: [GC (CMS Initial Mark) [1 CMS-initial-mark: 6323K(6848K)] 9075K(9920K), 0.0030702 secs] [Times: user=0.00 sys=0.00, real=0.00 secs] 
67.815: [CMS-concurrent-mark-start]
67.815: [GC (Allocation Failure) 67.815: [ParNew (promotion failed): 2751K->2997K(3072K), 0.0223965 secs]67.837: [CMS67.841: [CMS-concurrent-mark: 0.003/0.026 secs] [Times: user=0.18 sys=0.00, real=0.03 secs] 
 (concurrent mode failure): 6325K->6323K(6848K), 0.0199718 secs] 9075K->9075K(9920K), [Metaspace: 3748K->3748K(1056768K)], 0.0424293 secs] [Times: user=0.19 sys=0.00, real=0.04 secs] 
67.858: [GC (Allocation Failure) 67.858: [ParNew (promotion failed): 2751K->2997K(3072K), 0.0230508 secs]67.881: [CMS: 6325K->6323K(6848K), 0.0165323 secs] 9075K->9075K(9920K), [Metaspace: 3748K->3748K(1056768K)], 0.0396457 secs] [Times: user=0.19 sys=0.00, real=0.04 secs] 
67.898: [GC (CMS Initial Mark) [1 CMS-initial-mark: 6323K(6848K)] 9075K(9920K), 0.0031061 secs] [Times: user=0.01 sys=0.00, real=0.01 secs] 
67.901: [CMS-concurrent-mark-start]
67.901: [GC (Allocation Failure) 67.901: [ParNew (promotion failed): 2751K->3022K(3072K), 0.0172229 secs]67.918: [CMS67.922: [CMS-concurrent-mark: 0.003/0.021 secs] [Times: user=0.13 sys=0.01, real=0.02 secs] 
 (concurrent mode failure): 6325K->6323K(6848K), 0.0200868 secs] 9075K->9075K(9920K), [Metaspace: 3748K->3748K(1056768K)], 0.0373818 secs] [Times: user=0.15 sys=0.01, real=0.03 secs] 
67.939: [GC (Allocation Failure) 67.939: [ParNew (promotion failed): 2751K->3022K(3072K), 0.0175518 secs]67.957: [CMS: 6325K->6323K(6848K), 0.0165437 secs] 9075K->9075K(9920K), [Metaspace: 3748K->3748K(1056768K)], 0.0341546 secs] [Times: user=0.15 sys=0.00, real=0.03 secs] 
67.974: [GC (CMS Initial Mark) [1 CMS-initial-mark: 6323K(6848K)] 9075K(9920K), 0.0030366 secs] [Times: user=0.00 sys=0.00, real=0.00 secs] 
67.977: [CMS-concurrent-mark-start]
67.977: [GC (Allocation Failure) 67.977: [ParNew (promotion failed): 2751K->2997K(3072K), 0.0180707 secs]67.995: [CMS67.998: [CMS-concurrent-mark: 0.004/0.022 secs] [Times: user=0.14 sys=0.00, real=0.03 secs] 
 (concurrent mode failure): 6325K->6323K(6848K), 0.0196697 secs] 9075K->9075K(9920K), [Metaspace: 3748K->3748K(1056768K)], 0.0377914 secs] [Times: user=0.16 sys=0.00, real=0.04 secs] 
68.016: [GC (Allocation Failure) 68.016: [ParNew (promotion failed): 2751K->3022K(3072K), 0.0135808 secs]68.029: [CMS: 6325K->6323K(6848K), 0.0166963 secs] 9075K->9075K(9920K), [Metaspace: 3748K->3748K(1056768K)], 0.0303348 secs] [Times: user=0.10 sys=0.00, real=0.03 secs] 
68.046: [GC (CMS Initial Mark) [1 CMS-initial-mark: 6323K(6848K)] 9075K(9920K), 0.0030715 secs] [Times: user=0.00 sys=0.00, real=0.01 secs] 
68.049: [CMS-concurrent-mark-start]
68.049: [GC (Allocation Failure) 68.049: [ParNew (promotion failed): 2751K->2997K(3072K), 0.0211993 secs]68.071: [CMS68.074: [CMS-concurrent-mark: 0.003/0.025 secs] [Times: user=0.16 sys=0.00, real=0.02 secs] 
 (concurrent mode failure): 6325K->6323K(6848K), 0.0200751 secs] 9075K->9075K(9920K), [Metaspace: 3748K->3748K(1056768K)], 0.0413360 secs] [Times: user=0.18 sys=0.00, real=0.04 secs] 
68.091: [GC (Allocation Failure) 68.091: [ParNew (promotion failed): 2751K->3022K(3072K), 0.0217105 secs]68.113: [CMS: 6325K->6323K(6848K), 0.0164702 secs] 9075K->9075K(9920K), [Metaspace: 3748K->3748K(1056768K)], 0.0382411 secs] [Times: user=0.18 sys=0.00, real=0.04 secs] 
68.130: [GC (CMS Initial Mark) [1 CMS-initial-mark: 6323K(6848K)] 9075K(9920K), 0.0030734 secs] [Times: user=0.00 sys=0.00, real=0.00 secs] 
68.133: [CMS-concurrent-mark-start]
68.133: [GC (Allocation Failure) 68.133: [ParNew (promotion failed): 2751K->3022K(3072K), 0.0229028 secs]68.156: [CMS68.159: [CMS-concurrent-mark: 0.004/0.027 secs] [Times: user=0.18 sys=0.00, real=0.03 secs] 
 (concurrent mode failure): 6325K->6323K(6848K), 0.0200877 secs] 9075K->9075K(9920K), [Metaspace: 3748K->3748K(1056768K)], 0.0430447 secs] [Times: user=0.19 sys=0.00, real=0.04 secs] 
68.176: [GC (Allocation Failure) 68.176: [ParNew (promotion failed): 2751K->2997K(3072K), 0.0148310 secs]68.191: [CMS: 6325K->6323K(6848K), 0.0166675 secs] 9075K->9075K(9920K), [Metaspace: 3748K->3748K(1056768K)], 0.0315557 secs] [Times: user=0.13 sys=0.00, real=0.03 secs] 
68.209: [GC (CMS Initial Mark) [1 CMS-initial-mark: 6323K(6848K)] 9075K(9920K), 0.0030380 secs] [Times: user=0.00 sys=0.00, real=0.00 secs] 
68.212: [CMS-concurrent-mark-start]
68.212: [GC (Allocation Failure) 68.212: [ParNew (promotion failed): 2751K->3022K(3072K), 0.0144775 secs]68.226: [CMS68.230: [CMS-concurrent-mark: 0.004/0.018 secs] [Times: user=0.12 sys=0.00, real=0.02 secs] 
 (concurrent mode failure): 6325K->6323K(6848K), 0.0200308 secs] 9075K->9075K(9920K), [Metaspace: 3748K->3748K(1056768K)], 0.0345758 secs] [Times: user=0.13 sys=0.00, real=0.03 secs] 
68.247: [GC (Allocation Failure) 68.247: [ParNew (promotion failed): 2751K->3022K(3072K), 0.0144344 secs]68.262: [CMS: 6325K->6323K(6848K), 0.0165515 secs] 9075K->9075K(9920K), [Metaspace: 3748K->3748K(1056768K)], 0.0310408 secs] [Times: user=0.12 sys=0.01, real=0.04 secs] 
68.279: [GC (CMS Initial Mark) [1 CMS-initial-mark: 6323K(6848K)] 9075K(9920K), 0.0030554 secs] [Times: user=0.01 sys=0.00, real=0.00 secs] 
68.282: [CMS-concurrent-mark-start]
68.282: [GC (Allocation Failure) 68.282: [ParNew (promotion failed): 2751K->3022K(3072K), 0.0173967 secs]68.300: [CMS68.303: [CMS-concurrent-mark: 0.004/0.021 secs] [Times: user=0.13 sys=0.00, real=0.02 secs] 
 (concurrent mode failure): 6325K->6323K(6848K), 0.0199411 secs] 9075K->9075K(9920K), [Metaspace: 3748K->3748K(1056768K)], 0.0373905 secs] [Times: user=0.15 sys=0.00, real=0.04 secs] 
68.320: [GC (Allocation Failure) 68.320: [ParNew (promotion failed): 2751K->3022K(3072K), 0.0232290 secs]68.343: [CMS: 6325K->6323K(6848K), 0.0164681 secs] 9075K->9075K(9920K), [Metaspace: 3748K->3748K(1056768K)], 0.0397511 secs] [Times: user=0.19 sys=0.00, real=0.04 secs] 
68.360: [GC (CMS Initial Mark) [1 CMS-initial-mark: 6323K(6848K)] 9075K(9920K), 0.0030164 secs] [Times: user=0.00 sys=0.00, real=0.00 secs] 
68.363: [CMS-concurrent-mark-start]
68.363: [GC (Allocation Failure) 68.363: [ParNew (promotion failed): 2751K->3022K(3072K), 0.0155323 secs]68.378: [CMS68.382: [CMS-concurrent-mark: 0.003/0.019 secs] [Times: user=0.13 sys=0.00, real=0.02 secs] 
 (concurrent mode failure): 6325K->6323K(6848K), 0.0198763 secs] 9075K->9075K(9920K), [Metaspace: 3748K->3748K(1056768K)], 0.0354667 secs] [Times: user=0.14 sys=0.00, real=0.04 secs] 
68.399: [GC (Allocation Failure) 68.399: [ParNew (promotion failed): 2751K->3022K(3072K), 0.0182574 secs]68.417: [CMS: 6325K->6323K(6848K), 0.0165159 secs] 9075K->9075K(9920K), [Metaspace: 3748K->3748K(1056768K)], 0.0348417 secs] [Times: user=0.16 sys=0.00, real=0.03 secs] 
68.434: [GC (CMS Initial Mark) [1 CMS-initial-mark: 6323K(6848K)] 9075K(9920K), 0.0030586 secs] [Times: user=0.00 sys=0.00, real=0.00 secs] 
68.437: [CMS-concurrent-mark-start]
68.437: [GC (Allocation Failure) 68.437: [ParNew (promotion failed): 2751K->3022K(3072K), 0.0185540 secs]68.456: [CMS68.459: [CMS-concurrent-mark: 0.004/0.022 secs] [Times: user=0.14 sys=0.00, real=0.03 secs] 
 (concurrent mode failure): 6325K->6323K(6848K), 0.0200145 secs] 9075K->9075K(9920K), [Metaspace: 3748K->3748K(1056768K)], 0.0386302 secs] [Times: user=0.16 sys=0.00, real=0.04 secs] 
68.477: [GC (Allocation Failure) 68.477: [ParNew (promotion failed): 2751K->3022K(3072K), 0.0178339 secs]68.494: [CMS: 6325K->6323K(6848K), 0.0167718 secs] 9075K->9075K(9920K), [Metaspace: 3748K->3748K(1056768K)], 0.0346634 secs] [Times: user=0.14 sys=0.00, real=0.04 secs] 
68.512: [GC (CMS Initial Mark) [1 CMS-initial-mark: 6323K(6848K)] 9075K(9920K), 0.0031072 secs] [Times: user=0.00 sys=0.00, real=0.00 secs] 
68.515: [CMS-concurrent-mark-start]
68.516: [GC (Allocation Failure) 68.516: [ParNew (promotion failed): 2751K->2972K(3072K), 0.0106130 secs]68.526: [CMS68.529: [CMS-concurrent-mark: 0.004/0.014 secs] [Times: user=0.06 sys=0.00, real=0.02 secs] 
 (concurrent mode failure): 6325K->6323K(6848K), 0.0206168 secs] 9075K->9075K(9920K), [Metaspace: 3748K->3748K(1056768K)], 0.0312879 secs] [Times: user=0.06 sys=0.00, real=0.03 secs] 
68.547: [GC (Allocation Failure) 68.547: [ParNew (promotion failed): 2751K->3022K(3072K), 0.0158733 secs]68.563: [CMS: 6325K->6323K(6848K), 0.0166517 secs] 9075K->9075K(9920K), [Metaspace: 3748K->3748K(1056768K)], 0.0325844 secs] [Times: user=0.13 sys=0.00, real=0.04 secs] 
68.580: [GC (CMS Initial Mark) [1 CMS-initial-mark: 6323K(6848K)] 9075K(9920K), 0.0030342 secs] [Times: user=0.01 sys=0.00, real=0.00 secs] 
68.583: [CMS-concurrent-mark-start]
68.583: [GC (Allocation Failure) 68.583: [ParNew (promotion failed): 2751K->2997K(3072K), 0.0139836 secs]68.597: [CMS68.601: [CMS-concurrent-mark: 0.003/0.017 secs] [Times: user=0.10 sys=0.00, real=0.02 secs] 
 (concurrent mode failure): 6325K->6323K(6848K), 0.0199992 secs] 9075K->9075K(9920K), [Metaspace: 3748K->3748K(1056768K)], 0.0340357 secs] [Times: user=0.12 sys=0.00, real=0.03 secs] 
68.618: [GC (Allocation Failure) 68.618: [ParNew (promotion failed): 2751K->3022K(3072K), 0.0164187 secs]68.634: [CMS: 6325K->6323K(6848K), 0.0165404 secs] 9075K->9075K(9920K), [Metaspace: 3748K->3748K(1056768K)], 0.0330200 secs] [Times: user=0.14 sys=0.01, real=0.04 secs] 
68.651: [GC (CMS Initial Mark) [1 CMS-initial-mark: 6323K(6848K)] 9075K(9920K), 0.0030460 secs] [Times: user=0.00 sys=0.00, real=0.00 secs] 
68.654: [CMS-concurrent-mark-start]
68.654: [GC (Allocation Failure) 68.654: [ParNew (promotion failed): 2751K->3071K(3072K), 0.0172087 secs]68.672: [CMS68.675: [CMS-concurrent-mark: 0.003/0.021 secs] [Times: user=0.14 sys=0.00, real=0.02 secs] 
 (concurrent mode failure): 6325K->6323K(6848K), 0.0199349 secs] 9075K->9075K(9920K), [Metaspace: 3748K->3748K(1056768K)], 0.0372002 secs] [Times: user=0.15 sys=0.00, real=0.04 secs] 
68.692: [GC (Allocation Failure) 68.692: [ParNew (promotion failed): 2751K->2997K(3072K), 0.0244157 secs]68.717: [CMS: 6325K->6323K(6848K), 0.0167764 secs] 9075K->9075K(9920K), [Metaspace: 3748K->3748K(1056768K)], 0.0412555 secs] [Times: user=0.21 sys=0.00, real=0.04 secs] 
68.734: [GC (CMS Initial Mark) [1 CMS-initial-mark: 6323K(6848K)] 9075K(9920K), 0.0030725 secs] [Times: user=0.00 sys=0.00, real=0.00 secs] 
68.737: [CMS-concurrent-mark-start]
68.737: [GC (Allocation Failure) 68.737: [ParNew (promotion failed): 2751K->2997K(3072K), 0.0209300 secs]68.758: [CMS68.762: [CMS-concurrent-mark: 0.003/0.024 secs] [Times: user=0.17 sys=0.00, real=0.03 secs] 
 (concurrent mode failure): 6325K->6323K(6848K), 0.0201165 secs] 9075K->9075K(9920K), [Metaspace: 3748K->3748K(1056768K)], 0.0411114 secs] [Times: user=0.18 sys=0.00, real=0.05 secs] 
68.779: [GC (Allocation Failure) 68.779: [ParNew (promotion failed): 2751K->2997K(3072K), 0.0158868 secs]68.795: [CMS: 6325K->6323K(6848K), 0.0167437 secs] 9075K->9075K(9920K), [Metaspace: 3748K->3748K(1056768K)], 0.0326970 secs] [Times: user=0.14 sys=0.00, real=0.03 secs] 
68.812: [GC (CMS Initial Mark) [1 CMS-initial-mark: 6323K(6848K)] 9075K(9920K), 0.0030559 secs] [Times: user=0.00 sys=0.00, real=0.00 secs] 
68.815: [CMS-concurrent-mark-start]
68.816: [GC (Allocation Failure) 68.816: [ParNew (promotion failed): 2751K->3022K(3072K), 0.0158237 secs]68.832: [CMS68.835: [CMS-concurrent-mark: 0.003/0.019 secs] [Times: user=0.13 sys=0.00, real=0.02 secs] 
 (concurrent mode failure): 6325K->6323K(6848K), 0.0197177 secs] 9075K->9075K(9920K), [Metaspace: 3748K->3748K(1056768K)], 0.0356000 secs] [Times: user=0.14 sys=0.00, real=0.04 secs] 
68.852: [GC (Allocation Failure) 68.852: [ParNew (promotion failed): 2751K->3022K(3072K), 0.0230912 secs]68.875: [CMS: 6325K->6323K(6848K), 0.0165740 secs] 9075K->9075K(9920K), [Metaspace: 3748K->3748K(1056768K)], 0.0397293 secs] [Times: user=0.20 sys=0.00, real=0.04 secs] 
68.892: [GC (CMS Initial Mark) [1 CMS-initial-mark: 6323K(6848K)] 9075K(9920K), 0.0030721 secs] [Times: user=0.00 sys=0.00, real=0.00 secs] 
68.895: [CMS-concurrent-mark-start]
68.895: [GC (Allocation Failure) 68.895: [ParNew (promotion failed): 2751K->2997K(3072K), 0.0166088 secs]68.911: [CMS68.915: [CMS-concurrent-mark: 0.003/0.020 secs] [Times: user=0.13 sys=0.00, real=0.02 secs] 
 (concurrent mode failure): 6325K->6323K(6848K), 0.0198942 secs] 9075K->9075K(9920K), [Metaspace: 3748K->3748K(1056768K)], 0.0365650 secs] [Times: user=0.15 sys=0.00, real=0.04 secs] 
68.932: [GC (Allocation Failure) 68.932: [ParNew (promotion failed): 2751K->3046K(3072K), 0.0181222 secs]68.950: [CMS: 6325K->6323K(6848K), 0.0167015 secs] 9075K->9075K(9920K), [Metaspace: 3748K->3748K(1056768K)], 0.0348758 secs] [Times: user=0.15 sys=0.00, real=0.03 secs] 
68.967: [GC (CMS Initial Mark) [1 CMS-initial-mark: 6323K(6848K)] 9075K(9920K), 0.0030699 secs] [Times: user=0.00 sys=0.00, real=0.01 secs] 
68.970: [CMS-concurrent-mark-start]
68.970: [GC (Allocation Failure) 68.970: [ParNew (promotion failed): 2751K->2997K(3072K), 0.0197227 secs]68.990: [CMS68.994: [CMS-concurrent-mark: 0.004/0.023 secs] [Times: user=0.15 sys=0.00, real=0.02 secs] 
 (concurrent mode failure): 6325K->6323K(6848K), 0.0201470 secs] 9075K->9075K(9920K), [Metaspace: 3748K->3748K(1056768K)], 0.0399253 secs] [Times: user=0.17 sys=0.00, real=0.04 secs] 
69.011: [GC (Allocation Failure) 69.011: [ParNew (promotion failed): 2751K->2997K(3072K), 0.0156802 secs]69.027: [CMS: 6325K->6323K(6848K), 0.0166811 secs] 9075K->9075K(9920K), [Metaspace: 3748K->3748K(1056768K)], 0.0324235 secs] [Times: user=0.12 sys=0.01, real=0.03 secs] 
69.044: [GC (CMS Initial Mark) [1 CMS-initial-mark: 6323K(6848K)] 9075K(9920K), 0.0030693 secs] [Times: user=0.01 sys=0.00, real=0.00 secs] 
69.047: [CMS-concurrent-mark-start]
69.048: [GC (Allocation Failure) 69.048: [ParNew (promotion failed): 2751K->2997K(3072K), 0.0133483 secs]69.061: [CMS69.064: [CMS-concurrent-mark: 0.003/0.017 secs] [Times: user=0.09 sys=0.00, real=0.02 secs] 
 (concurrent mode failure): 6325K->6323K(6848K), 0.0195742 secs] 9075K->9075K(9920K), [Metaspace: 3748K->3748K(1056768K)], 0.0329907 secs] [Times: user=0.11 sys=0.00, real=0.04 secs] 
69.081: [GC (Allocation Failure) 69.081: [ParNew (promotion failed): 2751K->3022K(3072K), 0.0165080 secs]69.098: [CMS: 6325K->6323K(6848K), 0.0166248 secs] 9075K->9075K(9920K), [Metaspace: 3748K->3748K(1056768K)], 0.0331827 secs] [Times: user=0.14 sys=0.00, real=0.03 secs] 
69.115: [GC (CMS Initial Mark) [1 CMS-initial-mark: 6323K(6848K)] 9075K(9920K), 0.0030499 secs] [Times: user=0.01 sys=0.00, real=0.00 secs] 
69.118: [CMS-concurrent-mark-start]
69.118: [GC (Allocation Failure) 69.118: [ParNew (promotion failed): 2751K->2997K(3072K), 0.0224343 secs]69.140: [CMS69.144: [CMS-concurrent-mark: 0.003/0.026 secs] [Times: user=0.17 sys=0.00, real=0.03 secs] 
 (concurrent mode failure): 6325K->6323K(6848K), 0.0199345 secs] 9075K->9075K(9920K), [Metaspace: 3748K->3748K(1056768K)], 0.0424270 secs] [Times: user=0.19 sys=0.00, real=0.05 secs] 
69.160: [GC (Allocation Failure) 69.160: [ParNew (promotion failed): 2751K->2997K(3072K), 0.0226092 secs]69.183: [CMS: 6325K->6323K(6848K), 0.0164346 secs] 9075K->9075K(9920K), [Metaspace: 3748K->3748K(1056768K)], 0.0390914 secs] [Times: user=0.19 sys=0.00, real=0.04 secs] 
69.200: [GC (CMS Initial Mark) [1 CMS-initial-mark: 6323K(6848K)] 9075K(9920K), 0.0030260 secs] [Times: user=0.00 sys=0.00, real=0.00 secs] 
69.203: [CMS-concurrent-mark-start]
69.203: [GC (Allocation Failure) 69.203: [ParNew (promotion failed): 2751K->2997K(3072K), 0.0156435 secs]69.219: [CMS69.222: [CMS-concurrent-mark: 0.004/0.019 secs] [Times: user=0.12 sys=0.00, real=0.02 secs] 
 (concurrent mode failure): 6325K->6323K(6848K), 0.0199427 secs] 9075K->9075K(9920K), [Metaspace: 3748K->3748K(1056768K)], 0.0356385 secs] [Times: user=0.14 sys=0.00, real=0.04 secs] 
69.239: [GC (Allocation Failure) 69.239: [ParNew (promotion failed): 2751K->3022K(3072K), 0.0154742 secs]69.255: [CMS: 6325K->6323K(6848K), 0.0169495 secs] 9075K->9075K(9920K), [Metaspace: 3748K->3748K(1056768K)], 0.0324853 secs] [Times: user=0.13 sys=0.00, real=0.03 secs] 
69.272: [GC (CMS Initial Mark) [1 CMS-initial-mark: 6323K(6848K)] 9075K(9920K), 0.0030893 secs] [Times: user=0.00 sys=0.00, real=0.00 secs] 
69.276: [CMS-concurrent-mark-start]
69.276: [GC (Allocation Failure) 69.276: [ParNew (promotion failed): 2751K->3022K(3072K), 0.0185905 secs]69.294: [CMS69.298: [CMS-concurrent-mark: 0.003/0.022 secs] [Times: user=0.15 sys=0.00, real=0.02 secs] 
 (concurrent mode failure): 6325K->6323K(6848K), 0.0199551 secs] 9075K->9075K(9920K), [Metaspace: 3748K->3748K(1056768K)], 0.0385950 secs] [Times: user=0.16 sys=0.00, real=0.04 secs] 
69.315: [GC (Allocation Failure) 69.315: [ParNew (promotion failed): 2751K->3022K(3072K), 0.0291922 secs]69.344: [CMS: 6325K->6323K(6848K), 0.0204207 secs] 9075K->9075K(9920K), [Metaspace: 3748K->3748K(1056768K)], 0.0496940 secs] [Times: user=0.10 sys=0.00, real=0.05 secs] 
69.365: [GC (CMS Initial Mark) [1 CMS-initial-mark: 6323K(6848K)] 9075K(9920K), 0.0030952 secs] [Times: user=0.00 sys=0.00, real=0.00 secs] 
69.368: [CMS-concurrent-mark-start]
69.369: [GC (Allocation Failure) 69.369: [ParNew (promotion failed): 2751K->3022K(3072K), 0.0171555 secs]69.386: [CMS69.389: [CMS-concurrent-mark: 0.004/0.021 secs] [Times: user=0.14 sys=0.00, real=0.03 secs] 
 (concurrent mode failure): 6325K->6323K(6848K), 0.0199872 secs] 9075K->9075K(9920K), [Metaspace: 3748K->3748K(1056768K)], 0.0372169 secs] [Times: user=0.15 sys=0.00, real=0.03 secs] 
69.406: [GC (Allocation Failure) 69.406: [ParNew (promotion failed): 2751K->3022K(3072K), 0.0192293 secs]69.425: [CMS: 6325K->6323K(6848K), 0.0165561 secs] 9075K->9075K(9920K), [Metaspace: 3748K->3748K(1056768K)], 0.0358537 secs] [Times: user=0.16 sys=0.00, real=0.04 secs] 
69.442: [GC (CMS Initial Mark) [1 CMS-initial-mark: 6323K(6848K)] 9075K(9920K), 0.0030598 secs] [Times: user=0.01 sys=0.00, real=0.00 secs] 
69.445: [CMS-concurrent-mark-start]
69.445: [GC (Allocation Failure) 69.445: [ParNew (promotion failed): 2751K->3022K(3072K), 0.0191445 secs]69.464: [CMS69.468: [CMS-concurrent-mark: 0.003/0.023 secs] [Times: user=0.15 sys=0.00, real=0.02 secs] 
 (concurrent mode failure): 6325K->6323K(6848K), 0.0199684 secs] 9075K->9075K(9920K), [Metaspace: 3748K->3748K(1056768K)], 0.0391768 secs] [Times: user=0.16 sys=0.00, real=0.04 secs] 
69.485: [GC (Allocation Failure) 69.485: [ParNew (promotion failed): 2751K->3022K(3072K), 0.0189196 secs]69.504: [CMS: 6325K->6323K(6848K), 0.0171942 secs] 9075K->9075K(9920K), [Metaspace: 3748K->3748K(1056768K)], 0.0361752 secs] [Times: user=0.15 sys=0.00, real=0.04 secs] 
69.522: [GC (CMS Initial Mark) [1 CMS-initial-mark: 6323K(6848K)] 9075K(9920K), 0.0031734 secs] [Times: user=0.00 sys=0.00, real=0.00 secs] 
69.525: [CMS-concurrent-mark-start]
69.525: [GC (Allocation Failure) 69.525: [ParNew (promotion failed): 2751K->3022K(3072K), 0.0166055 secs]69.542: [CMS69.545: [CMS-concurrent-mark: 0.003/0.020 secs] [Times: user=0.12 sys=0.00, real=0.02 secs] 
 (concurrent mode failure): 6325K->6323K(6848K), 0.0201193 secs] 9075K->9075K(9920K), [Metaspace: 3748K->3748K(1056768K)], 0.0368051 secs] [Times: user=0.14 sys=0.00, real=0.04 secs] 
69.563: [GC (Allocation Failure) 69.563: [ParNew (promotion failed): 2751K->2997K(3072K), 0.0226943 secs]69.585: [CMS: 6326K->6323K(6848K), 0.0166440 secs] 9075K->9075K(9920K), [Metaspace: 3748K->3748K(1056768K)], 0.0394124 secs] [Times: user=0.19 sys=0.00, real=0.04 secs] 
69.602: [GC (CMS Initial Mark) [1 CMS-initial-mark: 6323K(6848K)] 9075K(9920K), 0.0030737 secs] [Times: user=0.00 sys=0.00, real=0.00 secs] 
69.605: [CMS-concurrent-mark-start]
69.606: [GC (Allocation Failure) 69.606: [ParNew (promotion failed): 2751K->3022K(3072K), 0.0162753 secs]69.622: [CMS69.625: [CMS-concurrent-mark: 0.004/0.020 secs] [Times: user=0.13 sys=0.00, real=0.02 secs] 
 (concurrent mode failure): 6326K->6323K(6848K), 0.0195932 secs] 9075K->9075K(9920K), [Metaspace: 3748K->3748K(1056768K)], 0.0359196 secs] [Times: user=0.15 sys=0.00, real=0.04 secs] 
69.643: [GC (Allocation Failure) 69.643: [ParNew (promotion failed): 2751K->2997K(3072K), 0.0164902 secs]69.659: [CMS: 6325K->6323K(6848K), 0.0165399 secs] 9075K->9075K(9920K), [Metaspace: 3748K->3748K(1056768K)], 0.0330830 secs] [Times: user=0.14 sys=0.00, real=0.03 secs] 
69.676: [GC (CMS Initial Mark) [1 CMS-initial-mark: 6323K(6848K)] 9075K(9920K), 0.0030672 secs] [Times: user=0.00 sys=0.00, real=0.01 secs] 
69.679: [CMS-concurrent-mark-start]
69.679: [GC (Allocation Failure) 69.679: [ParNew (promotion failed): 2751K->3022K(3072K), 0.0180344 secs]69.697: [CMS69.701: [CMS-concurrent-mark: 0.003/0.022 secs] [Times: user=0.14 sys=0.01, real=0.02 secs] 
 (concurrent mode failure): 6325K->6323K(6848K), 0.0200142 secs] 9075K->9075K(9920K), [Metaspace: 3748K->3748K(1056768K)], 0.0381008 secs] [Times: user=0.16 sys=0.01, real=0.03 secs] 
69.717: [GC (Allocation Failure) 69.717: [ParNew (promotion failed): 2751K->3022K(3072K), 0.0164287 secs]69.734: [CMS: 6325K->6323K(6848K), 0.0166508 secs] 9075K->9075K(9920K), [Metaspace: 3748K->3748K(1056768K)], 0.0331415 secs] [Times: user=0.14 sys=0.00, real=0.04 secs] 
69.751: [GC (CMS Initial Mark) [1 CMS-initial-mark: 6323K(6848K)] 9075K(9920K), 0.0035315 secs] [Times: user=0.00 sys=0.00, real=0.00 secs] 
69.755: [CMS-concurrent-mark-start]
69.755: [GC (Allocation Failure) 69.755: [ParNew (promotion failed): 2751K->3022K(3072K), 0.0152651 secs]69.770: [CMS69.774: [CMS-concurrent-mark: 0.004/0.019 secs] [Times: user=0.12 sys=0.00, real=0.02 secs] 
 (concurrent mode failure): 6325K->6323K(6848K), 0.0198977 secs] 9075K->9075K(9920K), [Metaspace: 3748K->3748K(1056768K)], 0.0352352 secs] [Times: user=0.13 sys=0.00, real=0.04 secs] 
69.791: [GC (Allocation Failure) 69.791: [ParNew (promotion failed): 2751K->3022K(3072K), 0.0248917 secs]69.816: [CMS: 6326K->6323K(6848K), 0.0166673 secs] 9075K->9075K(9920K), [Metaspace: 3748K->3748K(1056768K)], 0.0416185 secs] [Times: user=0.20 sys=0.00, real=0.04 secs] 
69.833: [GC (CMS Initial Mark) [1 CMS-initial-mark: 6323K(6848K)] 9075K(9920K), 0.0030906 secs] [Times: user=0.00 sys=0.00, real=0.00 secs] 
69.836: [CMS-concurrent-mark-start]
69.836: [GC (Allocation Failure) 69.836: [ParNew (promotion failed): 2751K->3022K(3072K), 0.0248639 secs]69.861: [CMS69.865: [CMS-concurrent-mark: 0.003/0.028 secs] [Times: user=0.19 sys=0.00, real=0.03 secs] 
 (concurrent mode failure): 6326K->6323K(6848K), 0.0199217 secs] 9075K->9075K(9920K), [Metaspace: 3748K->3748K(1056768K)], 0.0448366 secs] [Times: user=0.21 sys=0.00, real=0.05 secs] 
69.882: [GC (Allocation Failure) 69.882: [ParNew (promotion failed): 2751K->2997K(3072K), 0.0179593 secs]69.900: [CMS: 6326K->6323K(6848K), 0.0167256 secs] 9075K->9075K(9920K), [Metaspace: 3748K->3748K(1056768K)], 0.0347493 secs] [Times: user=0.15 sys=0.00, real=0.03 secs] 
69.917: [GC (CMS Initial Mark) [1 CMS-initial-mark: 6323K(6848K)] 9075K(9920K), 0.0030771 secs] [Times: user=0.01 sys=0.00, real=0.01 secs] 
69.920: [CMS-concurrent-mark-start]
69.921: [GC (Allocation Failure) 69.921: [ParNew (promotion failed): 2751K->3022K(3072K), 0.0197595 secs]69.940: [CMS69.944: [CMS-concurrent-mark: 0.004/0.023 secs] [Times: user=0.15 sys=0.00, real=0.02 secs] 
 (concurrent mode failure): 6325K->6323K(6848K), 0.0197765 secs] 9075K->9075K(9920K), [Metaspace: 3748K->3748K(1056768K)], 0.0395927 secs] [Times: user=0.17 sys=0.00, real=0.04 secs] 
69.960: [GC (Allocation Failure) 69.960: [ParNew (promotion failed): 2751K->3022K(3072K), 0.0171728 secs]69.978: [CMS: 6325K->6323K(6848K), 0.0164838 secs] 9075K->9075K(9920K), [Metaspace: 3748K->3748K(1056768K)], 0.0337122 secs] [Times: user=0.15 sys=0.00, real=0.03 secs] 
69.994: [GC (CMS Initial Mark) [1 CMS-initial-mark: 6323K(6848K)] 9075K(9920K), 0.0030370 secs] [Times: user=0.00 sys=0.00, real=0.00 secs] 
69.997: [CMS-concurrent-mark-start]
69.997: [GC (Allocation Failure) 69.997: [ParNew (promotion failed): 2751K->2997K(3072K), 0.0176725 secs]70.015: [CMS70.019: [CMS-concurrent-mark: 0.003/0.021 secs] [Times: user=0.14 sys=0.00, real=0.03 secs] 
 (concurrent mode failure): 6325K->6323K(6848K), 0.0199701 secs] 9075K->9075K(9920K), [Metaspace: 3748K->3748K(1056768K)], 0.0377060 secs] [Times: user=0.15 sys=0.00, real=0.04 secs] 
70.036: [GC (Allocation Failure) 70.036: [ParNew (promotion failed): 2751K->3022K(3072K), 0.0179781 secs]70.054: [CMS: 6326K->6323K(6848K), 0.0166015 secs] 9075K->9075K(9920K), [Metaspace: 3748K->3748K(1056768K)], 0.0346409 secs] [Times: user=0.15 sys=0.00, real=0.04 secs] 
70.071: [GC (CMS Initial Mark) [1 CMS-initial-mark: 6323K(6848K)] 9075K(9920K), 0.0030712 secs] [Times: user=0.00 sys=0.00, real=0.00 secs] 
70.074: [CMS-concurrent-mark-start]
70.074: [GC (Allocation Failure) 70.074: [ParNew (promotion failed): 2751K->2997K(3072K), 0.0157246 secs]70.090: [CMS70.093: [CMS-concurrent-mark: 0.004/0.019 secs] [Times: user=0.12 sys=0.00, real=0.02 secs] 
 (concurrent mode failure): 6326K->6323K(6848K), 0.0201969 secs] 9075K->9075K(9920K), [Metaspace: 3748K->3748K(1056768K)], 0.0359779 secs] [Times: user=0.14 sys=0.00, real=0.04 secs] 
70.111: [GC (Allocation Failure) 70.111: [ParNew (promotion failed): 2751K->2997K(3072K), 0.0149045 secs]70.125: [CMS: 6326K->6323K(6848K), 0.0167980 secs] 9076K->9075K(9920K), [Metaspace: 3748K->3748K(1056768K)], 0.0317581 secs] [Times: user=0.12 sys=0.00, real=0.03 secs] 
70.143: [GC (CMS Initial Mark) [1 CMS-initial-mark: 6324K(6848K)] 9076K(9920K), 0.0030475 secs] [Times: user=0.01 sys=0.00, real=0.00 secs] 
70.146: [CMS-concurrent-mark-start]
70.146: [GC (Allocation Failure) 70.146: [ParNew (promotion failed): 2751K->2997K(3072K), 0.0154744 secs]70.162: [CMS70.165: [CMS-concurrent-mark: 0.004/0.019 secs] [Times: user=0.12 sys=0.00, real=0.02 secs] 
 (concurrent mode failure): 6326K->6323K(6848K), 0.0198196 secs] 9076K->9075K(9920K), [Metaspace: 3748K->3748K(1056768K)], 0.0353585 secs] [Times: user=0.14 sys=0.00, real=0.04 secs] 
70.182: [GC (Allocation Failure) 70.182: [ParNew (promotion failed): 2751K->2997K(3072K), 0.0186534 secs]70.201: [CMS: 6325K->6323K(6848K), 0.0167437 secs] 9075K->9075K(9920K), [Metaspace: 3748K->3748K(1056768K)], 0.0354496 secs] [Times: user=0.16 sys=0.00, real=0.03 secs] 
70.218: [GC (CMS Initial Mark) [1 CMS-initial-mark: 6323K(6848K)] 9075K(9920K), 0.0030432 secs] [Times: user=0.00 sys=0.00, real=0.01 secs] 
70.221: [CMS-concurrent-mark-start]
70.221: [GC (Allocation Failure) 70.221: [ParNew (promotion failed): 2751K->2997K(3072K), 0.0162109 secs]70.237: [CMS70.241: [CMS-concurrent-mark: 0.003/0.020 secs] [Times: user=0.13 sys=0.00, real=0.02 secs] 
 (concurrent mode failure): 6325K->6323K(6848K), 0.0199969 secs] 9075K->9075K(9920K), [Metaspace: 3748K->3748K(1056768K)], 0.0362661 secs] [Times: user=0.14 sys=0.00, real=0.03 secs] 
70.258: [GC (Allocation Failure) 70.258: [ParNew (promotion failed): 2751K->3022K(3072K), 0.0174542 secs]70.275: [CMS: 6325K->6323K(6848K), 0.0164764 secs] 9075K->9075K(9920K), [Metaspace: 3748K->3748K(1056768K)], 0.0339897 secs] [Times: user=0.15 sys=0.00, real=0.04 secs] 
70.292: [GC (CMS Initial Mark) [1 CMS-initial-mark: 6323K(6848K)] 9075K(9920K), 0.0030599 secs] [Times: user=0.00 sys=0.00, real=0.00 secs] 
70.295: [CMS-concurrent-mark-start]
70.295: [GC (Allocation Failure) 70.295: [ParNew (promotion failed): 2751K->2997K(3072K), 0.0160147 secs]70.311: [CMS70.315: [CMS-concurrent-mark: 0.004/0.020 secs] [Times: user=0.13 sys=0.00, real=0.02 secs] 
 (concurrent mode failure): 6326K->6323K(6848K), 0.0199383 secs] 9075K->9075K(9920K), [Metaspace: 3748K->3748K(1056768K)], 0.0360032 secs] [Times: user=0.15 sys=0.00, real=0.04 secs] 
70.332: [GC (Allocation Failure) 70.332: [ParNew (promotion failed): 2751K->2997K(3072K), 0.0155867 secs]70.347: [CMS: 6326K->6323K(6848K), 0.0167906 secs] 9076K->9075K(9920K), [Metaspace: 3748K->3748K(1056768K)], 0.0324274 secs] [Times: user=0.13 sys=0.00, real=0.03 secs] 
70.365: [GC (CMS Initial Mark) [1 CMS-initial-mark: 6324K(6848K)] 9076K(9920K), 0.0030387 secs] [Times: user=0.01 sys=0.00, real=0.00 secs] 
70.368: [CMS-concurrent-mark-start]
70.368: [GC (Allocation Failure) 70.368: [ParNew (promotion failed): 2751K->3022K(3072K), 0.0166692 secs]70.385: [CMS70.388: [CMS-concurrent-mark: 0.004/0.020 secs] [Times: user=0.13 sys=0.00, real=0.03 secs] 
 (concurrent mode failure): 6326K->6323K(6848K), 0.0200715 secs] 9076K->9075K(9920K), [Metaspace: 3748K->3748K(1056768K)], 0.0367950 secs] [Times: user=0.14 sys=0.00, real=0.04 secs] 
70.406: [GC (Allocation Failure) 70.406: [ParNew (promotion failed): 2751K->2997K(3072K), 0.0180098 secs]70.424: [CMS: 6326K->6323K(6848K), 0.0165287 secs] 9076K->9075K(9920K), [Metaspace: 3748K->3748K(1056768K)], 0.0345969 secs] [Times: user=0.15 sys=0.00, real=0.04 secs] 
70.441: [GC (CMS Initial Mark) [1 CMS-initial-mark: 6323K(6848K)] 9075K(9920K), 0.0031223 secs] [Times: user=0.00 sys=0.01, real=0.00 secs] 
70.444: [CMS-concurrent-mark-start]
70.444: [GC (Allocation Failure) 70.444: [ParNew (promotion failed): 2751K->2997K(3072K), 0.0240294 secs]70.468: [CMS70.472: [CMS-concurrent-mark: 0.004/0.028 secs] [Times: user=0.19 sys=0.00, real=0.03 secs] 
 (concurrent mode failure): 6326K->6323K(6848K), 0.0198101 secs] 9075K->9075K(9920K), [Metaspace: 3748K->3748K(1056768K)], 0.0439041 secs] [Times: user=0.21 sys=0.00, real=0.05 secs] 
70.489: [GC (Allocation Failure) 70.489: [ParNew (promotion failed): 2751K->3022K(3072K), 0.0137508 secs]70.502: [CMS: 6325K->6323K(6848K), 0.0167923 secs] 9075K->9075K(9920K), [Metaspace: 3748K->3748K(1056768K)], 0.0305998 secs] [Times: user=0.11 sys=0.00, real=0.03 secs] 
70.519: [GC (CMS Initial Mark) [1 CMS-initial-mark: 6323K(6848K)] 9075K(9920K), 0.0031045 secs] [Times: user=0.00 sys=0.00, real=0.00 secs] 
70.523: [CMS-concurrent-mark-start]
70.523: [GC (Allocation Failure) 70.523: [ParNew (promotion failed): 2751K->3046K(3072K), 0.0186331 secs]70.541: [CMS70.545: [CMS-concurrent-mark: 0.004/0.022 secs] [Times: user=0.14 sys=0.00, real=0.02 secs] 
 (concurrent mode failure): 6326K->6323K(6848K), 0.0202118 secs] 9075K->9075K(9920K), [Metaspace: 3748K->3748K(1056768K)], 0.0388977 secs] [Times: user=0.16 sys=0.00, real=0.04 secs] 
70.562: [GC (Allocation Failure) 70.562: [ParNew (promotion failed): 2751K->2997K(3072K), 0.0232302 secs]70.585: [CMS: 6326K->6324K(6848K), 0.0166402 secs] 9076K->9076K(9920K), [Metaspace: 3748K->3748K(1056768K)], 0.0399395 secs] [Times: user=0.19 sys=0.00, real=0.04 secs] 
70.602: [GC (CMS Initial Mark) [1 CMS-initial-mark: 6324K(6848K)] 9076K(9920K), 0.0030458 secs] [Times: user=0.01 sys=0.00, real=0.00 secs] 
70.605: [CMS-concurrent-mark-start]
70.605: [GC (Allocation Failure) 70.605: [ParNew (promotion failed): 2751K->2997K(3072K), 0.0206182 secs]70.626: [CMS70.630: [CMS-concurrent-mark: 0.003/0.024 secs] [Times: user=0.15 sys=0.00, real=0.03 secs] 
 (concurrent mode failure): 6326K->6324K(6848K), 0.0199775 secs] 9076K->9076K(9920K), [Metaspace: 3748K->3748K(1056768K)], 0.0406583 secs] [Times: user=0.17 sys=0.00, real=0.04 secs] 
70.647: [GC (Allocation Failure) 70.647: [ParNew (promotion failed): 2751K->3022K(3072K), 0.0141898 secs]70.661: [CMS: 6326K->6324K(6848K), 0.0167329 secs] 9076K->9076K(9920K), [Metaspace: 3748K->3748K(1056768K)], 0.0309825 secs] [Times: user=0.12 sys=0.00, real=0.03 secs] 
70.678: [GC (CMS Initial Mark) [1 CMS-initial-mark: 6324K(6848K)] 9076K(9920K), 0.0030777 secs] [Times: user=0.00 sys=0.00, real=0.01 secs] 
70.681: [CMS-concurrent-mark-start]
70.682: [GC (Allocation Failure) 70.682: [ParNew (promotion failed): 2751K->3022K(3072K), 0.0183862 secs]70.700: [CMS70.703: [CMS-concurrent-mark: 0.003/0.022 secs] [Times: user=0.15 sys=0.00, real=0.02 secs] 
 (concurrent mode failure): 6326K->6323K(6848K), 0.0194703 secs] 9076K->9075K(9920K), [Metaspace: 3748K->3748K(1056768K)], 0.0379113 secs] [Times: user=0.16 sys=0.00, real=0.04 secs] 
70.720: [GC (Allocation Failure) 70.720: [ParNew (promotion failed): 2751K->2997K(3072K), 0.0209691 secs]70.741: [CMS: 6326K->6323K(6848K), 0.0166950 secs] 9075K->9075K(9920K), [Metaspace: 3748K->3748K(1056768K)], 0.0377230 secs] [Times: user=0.17 sys=0.00, real=0.03 secs] 
70.758: [GC (CMS Initial Mark) [1 CMS-initial-mark: 6323K(6848K)] 9075K(9920K), 0.0030550 secs] [Times: user=0.00 sys=0.00, real=0.00 secs] 
70.762: [CMS-concurrent-mark-start]
70.762: [GC (Allocation Failure) 70.762: [ParNew (promotion failed): 2751K->3022K(3072K), 0.0148535 secs]70.776: [CMS70.780: [CMS-concurrent-mark: 0.003/0.018 secs] [Times: user=0.12 sys=0.00, real=0.02 secs] 
 (concurrent mode failure): 6326K->6323K(6848K), 0.0200446 secs] 9075K->9075K(9920K), [Metaspace: 3748K->3748K(1056768K)], 0.0349596 secs] [Times: user=0.14 sys=0.00, real=0.03 secs] 
70.797: [GC (Allocation Failure) 70.797: [ParNew (promotion failed): 2751K->2997K(3072K), 0.0151981 secs]70.812: [CMS: 6326K->6323K(6848K), 0.0164663 secs] 9075K->9075K(9920K), [Metaspace: 3748K->3748K(1056768K)], 0.0317185 secs] [Times: user=0.13 sys=0.00, real=0.04 secs] 
70.829: [GC (CMS Initial Mark) [1 CMS-initial-mark: 6324K(6848K)] 9076K(9920K), 0.0030925 secs] [Times: user=0.00 sys=0.00, real=0.00 secs] 
70.832: [CMS-concurrent-mark-start]
70.832: [GC (Allocation Failure) 70.832: [ParNew (promotion failed): 2751K->2997K(3072K), 0.0152597 secs]70.848: [CMS70.851: [CMS-concurrent-mark: 0.004/0.019 secs] [Times: user=0.12 sys=0.00, real=0.02 secs] 
 (concurrent mode failure): 6326K->6324K(6848K), 0.0199969 secs] 9076K->9076K(9920K), [Metaspace: 3748K->3748K(1056768K)], 0.0353088 secs] [Times: user=0.14 sys=0.00, real=0.03 secs] 
70.868: [GC (Allocation Failure) 70.868: [ParNew (promotion failed): 2751K->2997K(3072K), 0.0163403 secs]70.884: [CMS: 6326K->6324K(6848K), 0.0166365 secs] 9076K->9076K(9920K), [Metaspace: 3748K->3748K(1056768K)], 0.0330329 secs] [Times: user=0.14 sys=0.00, real=0.04 secs] 
70.902: [GC (CMS Initial Mark) [1 CMS-initial-mark: 6324K(6848K)] 9076K(9920K), 0.0030530 secs] [Times: user=0.00 sys=0.00, real=0.00 secs] 
70.905: [CMS-concurrent-mark-start]
70.905: [GC (Allocation Failure) 70.905: [ParNew (promotion failed): 2751K->2997K(3072K), 0.0172399 secs]70.922: [CMS70.926: [CMS-concurrent-mark: 0.003/0.021 secs] [Times: user=0.14 sys=0.00, real=0.02 secs] 
 (concurrent mode failure): 6326K->6324K(6848K), 0.0199552 secs] 9076K->9076K(9920K), [Metaspace: 3748K->3748K(1056768K)], 0.0372587 secs] [Times: user=0.16 sys=0.00, real=0.04 secs] 
70.943: [GC (Allocation Failure) 70.943: [ParNew (promotion failed): 2751K->2997K(3072K), 0.0249895 secs]70.968: [CMS: 6326K->6323K(6848K), 0.0165522 secs] 9076K->9075K(9920K), [Metaspace: 3748K->3748K(1056768K)], 0.0416025 secs] [Times: user=0.20 sys=0.00, real=0.04 secs] 
70.985: [GC (CMS Initial Mark) [1 CMS-initial-mark: 6324K(6848K)] 9076K(9920K), 0.0030685 secs] [Times: user=0.01 sys=0.00, real=0.00 secs] 
70.988: [CMS-concurrent-mark-start]
70.989: [GC (Allocation Failure) 70.989: [ParNew (promotion failed): 2751K->2997K(3072K), 0.0156270 secs]71.004: [CMS71.007: [CMS-concurrent-mark: 0.003/0.019 secs] [Times: user=0.12 sys=0.00, real=0.02 secs] 
 (concurrent mode failure): 6326K->6323K(6848K), 0.0198933 secs] 9076K->9075K(9920K), [Metaspace: 3748K->3748K(1056768K)], 0.0355748 secs] [Times: user=0.13 sys=0.00, real=0.03 secs] 
71.024: [GC (Allocation Failure) 71.024: [ParNew (promotion failed): 2751K->3022K(3072K), 0.0145574 secs]71.039: [CMS: 6326K->6323K(6848K), 0.0166022 secs] 9075K->9075K(9920K), [Metaspace: 3748K->3748K(1056768K)], 0.0312124 secs] [Times: user=0.12 sys=0.00, real=0.03 secs] 
71.056: [GC (CMS Initial Mark) [1 CMS-initial-mark: 6324K(6848K)] 9076K(9920K), 0.0030489 secs] [Times: user=0.00 sys=0.00, real=0.01 secs] 
71.059: [CMS-concurrent-mark-start]
71.059: [GC (Allocation Failure) 71.059: [ParNew (promotion failed): 2751K->2997K(3072K), 0.0153581 secs]71.074: [CMS71.078: [CMS-concurrent-mark: 0.004/0.019 secs] [Times: user=0.12 sys=0.00, real=0.01 secs] 
 (concurrent mode failure): 6326K->6324K(6848K), 0.0200447 secs] 9076K->9076K(9920K), [Metaspace: 3748K->3748K(1056768K)], 0.0354606 secs] [Times: user=0.14 sys=0.00, real=0.03 secs] 
71.095: [GC (Allocation Failure) 71.095: [ParNew (promotion failed): 2751K->3022K(3072K), 0.0183690 secs]71.113: [CMS: 6326K->6324K(6848K), 0.0164682 secs] 9076K->9076K(9920K), [Metaspace: 3748K->3748K(1056768K)], 0.0348891 secs] [Times: user=0.15 sys=0.00, real=0.04 secs] 
71.130: [GC (CMS Initial Mark) [1 CMS-initial-mark: 6324K(6848K)] 9076K(9920K), 0.0030591 secs] [Times: user=0.01 sys=0.00, real=0.00 secs] 
71.133: [CMS-concurrent-mark-start]
71.133: [GC (Allocation Failure) 71.133: [ParNew (promotion failed): 2751K->3022K(3072K), 0.0160715 secs]71.149: [CMS71.153: [CMS-concurrent-mark: 0.004/0.020 secs] [Times: user=0.12 sys=0.00, real=0.02 secs] 
 (concurrent mode failure): 6326K->6324K(6848K), 0.0202366 secs] 9076K->9076K(9920K), [Metaspace: 3748K->3748K(1056768K)], 0.0363777 secs] [Times: user=0.14 sys=0.00, real=0.04 secs] 
71.170: [GC (Allocation Failure) 71.170: [ParNew (promotion failed): 2751K->3022K(3072K), 0.0149228 secs]71.185: [CMS: 6326K->6324K(6848K), 0.0167106 secs] 9076K->9076K(9920K), [Metaspace: 3748K->3748K(1056768K)], 0.0316932 secs] [Times: user=0.13 sys=0.01, real=0.03 secs] 
71.203: [GC (CMS Initial Mark) [1 CMS-initial-mark: 6324K(6848K)] 9076K(9920K), 0.0030791 secs] [Times: user=0.00 sys=0.00, real=0.00 secs] 
71.206: [CMS-concurrent-mark-start]
71.206: [GC (Allocation Failure) 71.206: [ParNew (promotion failed): 2751K->3022K(3072K), 0.0176065 secs]71.224: [CMS71.227: [CMS-concurrent-mark: 0.004/0.021 secs] [Times: user=0.14 sys=0.00, real=0.02 secs] 
 (concurrent mode failure): 6326K->6323K(6848K), 0.0194695 secs] 9076K->9075K(9920K), [Metaspace: 3748K->3748K(1056768K)], 0.0371375 secs] [Times: user=0.16 sys=0.00, real=0.04 secs] 
71.244: [GC (Allocation Failure) 71.244: [ParNew (promotion failed): 2751K->3022K(3072K), 0.0144087 secs]71.258: [CMS: 6326K->6323K(6848K), 0.0166394 secs] 9076K->9075K(9920K), [Metaspace: 3748K->3748K(1056768K)], 0.0311019 secs] [Times: user=0.12 sys=0.00, real=0.03 secs] 
71.275: [GC (CMS Initial Mark) [1 CMS-initial-mark: 6324K(6848K)] 9076K(9920K), 0.0030360 secs] [Times: user=0.00 sys=0.00, real=0.01 secs] 
71.278: [CMS-concurrent-mark-start]
71.278: [GC (Allocation Failure) 71.278: [ParNew (promotion failed): 2751K->3022K(3072K), 0.0232672 secs]71.302: [CMS71.305: [CMS-concurrent-mark: 0.003/0.027 secs] [Times: user=0.18 sys=0.00, real=0.02 secs] 
 (concurrent mode failure): 6326K->6324K(6848K), 0.0199192 secs] 9076K->9076K(9920K), [Metaspace: 3748K->3748K(1056768K)], 0.0432408 secs] [Times: user=0.20 sys=0.00, real=0.04 secs] 
71.322: [GC (Allocation Failure) 71.322: [ParNew (promotion failed): 2751K->2997K(3072K), 0.0210445 secs]71.343: [CMS: 6326K->6324K(6848K), 0.0165179 secs] 9076K->9076K(9920K), [Metaspace: 3748K->3748K(1056768K)], 0.0376184 secs] [Times: user=0.18 sys=0.00, real=0.04 secs] 
71.360: [GC (CMS Initial Mark) [1 CMS-initial-mark: 6324K(6848K)] 9076K(9920K), 0.0030650 secs] [Times: user=0.00 sys=0.00, real=0.00 secs] 
71.363: [CMS-concurrent-mark-start]
71.363: [GC (Allocation Failure) 71.363: [ParNew (promotion failed): 2751K->2997K(3072K), 0.0201468 secs]71.383: [CMS71.387: [CMS-concurrent-mark: 0.004/0.024 secs] [Times: user=0.16 sys=0.00, real=0.02 secs] 
 (concurrent mode failure): 6326K->6324K(6848K), 0.0199860 secs] 9076K->9076K(9920K), [Metaspace: 3748K->3748K(1056768K)], 0.0401840 secs] [Times: user=0.18 sys=0.00, real=0.04 secs] 
71.404: [GC (Allocation Failure) 71.404: [ParNew (promotion failed): 2751K->2997K(3072K), 0.0156939 secs]71.420: [CMS: 6326K->6324K(6848K), 0.0167657 secs] 9076K->9076K(9920K), [Metaspace: 3748K->3748K(1056768K)], 0.0325248 secs] [Times: user=0.13 sys=0.00, real=0.03 secs] 
71.437: [GC (CMS Initial Mark) [1 CMS-initial-mark: 6324K(6848K)] 9076K(9920K), 0.0030760 secs] [Times: user=0.00 sys=0.00, real=0.01 secs] 
71.440: [CMS-concurrent-mark-start]
71.440: [GC (Allocation Failure) 71.440: [ParNew (promotion failed): 2751K->2997K(3072K), 0.0158508 secs]71.456: [CMS71.460: [CMS-concurrent-mark: 0.003/0.019 secs] [Times: user=0.13 sys=0.00, real=0.02 secs] 
 (concurrent mode failure): 6326K->6324K(6848K), 0.0200518 secs] 9076K->9076K(9920K), [Metaspace: 3748K->3748K(1056768K)], 0.0359649 secs] [Times: user=0.14 sys=0.00, real=0.03 secs] 
71.477: [GC (Allocation Failure) 71.477: [ParNew (promotion failed): 2751K->2997K(3072K), 0.0181969 secs]71.495: [CMS: 6326K->6324K(6848K), 0.0168475 secs] 9076K->9076K(9920K), [Metaspace: 3748K->3748K(1056768K)], 0.0350999 secs] [Times: user=0.15 sys=0.00, real=0.04 secs] 
71.513: [GC (CMS Initial Mark) [1 CMS-initial-mark: 6324K(6848K)] 9076K(9920K), 0.0031089 secs] [Times: user=0.00 sys=0.00, real=0.00 secs] 
71.516: [CMS-concurrent-mark-start]
71.516: [GC (Allocation Failure) 71.516: [ParNew (promotion failed): 2751K->2997K(3072K), 0.0224847 secs]71.539: [CMS71.542: [CMS-concurrent-mark: 0.004/0.026 secs] [Times: user=0.18 sys=0.01, real=0.03 secs] 
 (concurrent mode failure): 6326K->6324K(6848K), 0.0200318 secs] 9076K->9076K(9920K), [Metaspace: 3748K->3748K(1056768K)], 0.0425748 secs] [Times: user=0.18 sys=0.01, real=0.05 secs] 
71.559: [GC (Allocation Failure) 71.559: [ParNew (promotion failed): 2751K->2997K(3072K), 0.0222265 secs]71.581: [CMS: 6326K->6324K(6848K), 0.0165697 secs] 9076K->9076K(9920K), [Metaspace: 3748K->3748K(1056768K)], 0.0388602 secs] [Times: user=0.19 sys=0.00, real=0.03 secs] 
71.598: [GC (CMS Initial Mark) [1 CMS-initial-mark: 6324K(6848K)] 9076K(9920K), 0.0030574 secs] [Times: user=0.00 sys=0.00, real=0.01 secs] 
71.601: [CMS-concurrent-mark-start]
71.601: [GC (Allocation Failure) 71.601: [ParNew (promotion failed): 2751K->3022K(3072K), 0.0178060 secs]71.619: [CMS71.622: [CMS-concurrent-mark: 0.003/0.021 secs] [Times: user=0.14 sys=0.00, real=0.02 secs] 
 (concurrent mode failure): 6326K->6324K(6848K), 0.0199691 secs] 9076K->9076K(9920K), [Metaspace: 3748K->3748K(1056768K)], 0.0378352 secs] [Times: user=0.15 sys=0.00, real=0.04 secs] 
71.639: [GC (Allocation Failure) 71.639: [ParNew (promotion failed): 2751K->3022K(3072K), 0.0160696 secs]71.656: [CMS: 6326K->6324K(6848K), 0.0165922 secs] 9076K->9076K(9920K), [Metaspace: 3748K->3748K(1056768K)], 0.0327122 secs] [Times: user=0.14 sys=0.00, real=0.03 secs] 
71.673: [GC (CMS Initial Mark) [1 CMS-initial-mark: 6324K(6848K)] 9076K(9920K), 0.0030705 secs] [Times: user=0.01 sys=0.00, real=0.00 secs] 
71.676: [CMS-concurrent-mark-start]
71.676: [GC (Allocation Failure) 71.676: [ParNew (promotion failed): 2751K->3022K(3072K), 0.0150636 secs]71.691: [CMS71.694: [CMS-concurrent-mark: 0.003/0.019 secs] [Times: user=0.11 sys=0.00, real=0.02 secs] 
 (concurrent mode failure): 6326K->6324K(6848K), 0.0200046 secs] 9076K->9076K(9920K), [Metaspace: 3748K->3748K(1056768K)], 0.0351284 secs] [Times: user=0.13 sys=0.00, real=0.04 secs] 
71.712: [GC (Allocation Failure) 71.712: [ParNew (promotion failed): 2751K->3022K(3072K), 0.0222055 secs]71.734: [CMS: 6326K->6324K(6848K), 0.0166723 secs] 9076K->9076K(9920K), [Metaspace: 3748K->3748K(1056768K)], 0.0389380 secs] [Times: user=0.18 sys=0.00, real=0.04 secs] 
71.751: [GC (CMS Initial Mark) [1 CMS-initial-mark: 6324K(6848K)] 9076K(9920K), 0.0030485 secs] [Times: user=0.00 sys=0.00, real=0.00 secs] 
71.754: [CMS-concurrent-mark-start]
71.755: [GC (Allocation Failure) 71.755: [ParNew (promotion failed): 2751K->2997K(3072K), 0.0174535 secs]71.772: [CMS71.775: [CMS-concurrent-mark: 0.004/0.021 secs] [Times: user=0.14 sys=0.00, real=0.02 secs] 
 (concurrent mode failure): 6326K->6324K(6848K), 0.0195003 secs] 9076K->9076K(9920K), [Metaspace: 3748K->3748K(1056768K)], 0.0370160 secs] [Times: user=0.15 sys=0.00, real=0.04 secs] 
71.792: [GC (Allocation Failure) 71.792: [ParNew (promotion failed): 2751K->3022K(3072K), 0.0174928 secs]71.810: [CMS: 6326K->6324K(6848K), 0.0166864 secs] 9076K->9076K(9920K), [Metaspace: 3748K->3748K(1056768K)], 0.0342426 secs] [Times: user=0.15 sys=0.00, real=0.03 secs] 
71.827: [GC (CMS Initial Mark) [1 CMS-initial-mark: 6324K(6848K)] 9076K(9920K), 0.0030706 secs] [Times: user=0.00 sys=0.00, real=0.01 secs] 
71.830: [CMS-concurrent-mark-start]
71.830: [GC (Allocation Failure) 71.830: [ParNew (promotion failed): 2751K->3022K(3072K), 0.0174203 secs]71.847: [CMS71.851: [CMS-concurrent-mark: 0.003/0.021 secs] [Times: user=0.14 sys=0.00, real=0.02 secs] 
 (concurrent mode failure): 6326K->6324K(6848K), 0.0199424 secs] 9076K->9076K(9920K), [Metaspace: 3748K->3748K(1056768K)], 0.0374213 secs] [Times: user=0.15 sys=0.00, real=0.03 secs] 
71.868: [GC (Allocation Failure) 71.868: [ParNew (promotion failed): 2751K->2997K(3072K), 0.0172880 secs]71.885: [CMS: 6326K->6324K(6848K), 0.0165128 secs] 9076K->9076K(9920K), [Metaspace: 3748K->3748K(1056768K)], 0.0338556 secs] [Times: user=0.15 sys=0.00, real=0.04 secs] 
71.902: [GC (CMS Initial Mark) [1 CMS-initial-mark: 6324K(6848K)] 9076K(9920K), 0.0030722 secs] [Times: user=0.00 sys=0.00, real=0.00 secs] 
71.905: [CMS-concurrent-mark-start]
71.905: [GC (Allocation Failure) 71.905: [ParNew (promotion failed): 2751K->3022K(3072K), 0.0152478 secs]71.920: [CMS71.924: [CMS-concurrent-mark: 0.004/0.019 secs] [Times: user=0.12 sys=0.01, real=0.02 secs] 
 (concurrent mode failure): 6326K->6324K(6848K), 0.0201090 secs] 9076K->9076K(9920K), [Metaspace: 3748K->3748K(1056768K)], 0.0354127 secs] [Times: user=0.13 sys=0.01, real=0.04 secs] 
71.941: [GC (Allocation Failure) 71.941: [ParNew (promotion failed): 2751K->3022K(3072K), 0.0209510 secs]71.962: [CMS: 6326K->6324K(6848K), 0.0166999 secs] 9076K->9076K(9920K), [Metaspace: 3748K->3748K(1056768K)], 0.0377098 secs] [Times: user=0.16 sys=0.00, real=0.04 secs] 
71.979: [GC (CMS Initial Mark) [1 CMS-initial-mark: 6324K(6848K)] 9076K(9920K), 0.0030252 secs] [Times: user=0.00 sys=0.00, real=0.00 secs] 
71.982: [CMS-concurrent-mark-start]
71.983: [GC (Allocation Failure) 71.983: [ParNew (promotion failed): 2751K->3022K(3072K), 0.0227000 secs]72.005: [CMS72.009: [CMS-concurrent-mark: 0.003/0.026 secs] [Times: user=0.18 sys=0.00, real=0.03 secs] 
 (concurrent mode failure): 6326K->6324K(6848K), 0.0199250 secs] 9076K->9076K(9920K), [Metaspace: 3748K->3748K(1056768K)], 0.0426803 secs] [Times: user=0.20 sys=0.00, real=0.04 secs] 
72.026: [GC (Allocation Failure) 72.026: [ParNew (promotion failed): 2751K->3046K(3072K), 0.0146164 secs]72.041: [CMS: 6326K->6324K(6848K), 0.0166463 secs] 9076K->9076K(9920K), [Metaspace: 3748K->3748K(1056768K)], 0.0313348 secs] [Times: user=0.11 sys=0.00, real=0.03 secs] 
72.058: [GC (CMS Initial Mark) [1 CMS-initial-mark: 6324K(6848K)] 9076K(9920K), 0.0030575 secs] [Times: user=0.00 sys=0.00, real=0.01 secs] 
72.061: [CMS-concurrent-mark-start]
72.061: [GC (Allocation Failure) 72.061: [ParNew (promotion failed): 2751K->3022K(3072K), 0.0155625 secs]72.077: [CMS72.080: [CMS-concurrent-mark: 0.004/0.019 secs] [Times: user=0.12 sys=0.00, real=0.02 secs] 
 (concurrent mode failure): 6326K->6324K(6848K), 0.0199612 secs] 9076K->9076K(9920K), [Metaspace: 3748K->3748K(1056768K)], 0.0355785 secs] [Times: user=0.13 sys=0.00, real=0.03 secs] 
72.097: [GC (Allocation Failure) 72.097: [ParNew (promotion failed): 2751K->2997K(3072K), 0.0226487 secs]72.120: [CMS: 6326K->6324K(6848K), 0.0165390 secs] 9076K->9076K(9920K), [Metaspace: 3748K->3748K(1056768K)], 0.0392454 secs] [Times: user=0.19 sys=0.00, real=0.04 secs] 
72.136: [GC (CMS Initial Mark) [1 CMS-initial-mark: 6324K(6848K)] 9076K(9920K), 0.0030546 secs] [Times: user=0.00 sys=0.00, real=0.01 secs] 
72.140: [CMS-concurrent-mark-start]
72.140: [GC (Allocation Failure) 72.140: [ParNew (promotion failed): 2751K->2997K(3072K), 0.0163028 secs]72.156: [CMS72.159: [CMS-concurrent-mark: 0.003/0.020 secs] [Times: user=0.13 sys=0.00, real=0.02 secs] 
 (concurrent mode failure): 6326K->6324K(6848K), 0.0199340 secs] 9076K->9076K(9920K), [Metaspace: 3748K->3748K(1056768K)], 0.0362926 secs] [Times: user=0.15 sys=0.00, real=0.03 secs] 
72.176: [GC (Allocation Failure) 72.176: [ParNew (promotion failed): 2751K->2997K(3072K), 0.0147483 secs]72.191: [CMS: 6326K->6324K(6848K), 0.0167288 secs] 9076K->9076K(9920K), [Metaspace: 3748K->3748K(1056768K)], 0.0315416 secs] [Times: user=0.12 sys=0.00, real=0.03 secs] 
72.208: [GC (CMS Initial Mark) [1 CMS-initial-mark: 6324K(6848K)] 9076K(9920K), 0.0030348 secs] [Times: user=0.00 sys=0.00, real=0.01 secs] 
72.211: [CMS-concurrent-mark-start]
72.211: [GC (Allocation Failure) 72.211: [ParNew (promotion failed): 2751K->2997K(3072K), 0.0228749 secs]72.234: [CMS72.238: [CMS-concurrent-mark: 0.004/0.026 secs] [Times: user=0.17 sys=0.00, real=0.02 secs] 
 (concurrent mode failure): 6326K->6324K(6848K), 0.0201654 secs] 9076K->9076K(9920K), [Metaspace: 3748K->3748K(1056768K)], 0.0431010 secs] [Times: user=0.19 sys=0.00, real=0.04 secs] 
72.255: [GC (Allocation Failure) 72.255: [ParNew (promotion failed): 2751K->2997K(3072K), 0.0234213 secs]72.279: [CMS: 6326K->6324K(6848K), 0.0166226 secs] 9076K->9076K(9920K), [Metaspace: 3748K->3748K(1056768K)], 0.0401055 secs] [Times: user=0.19 sys=0.00, real=0.04 secs] 
72.296: [GC (CMS Initial Mark) [1 CMS-initial-mark: 6324K(6848K)] 9076K(9920K), 0.0030922 secs] [Times: user=0.00 sys=0.01, real=0.01 secs] 
72.299: [CMS-concurrent-mark-start]
72.300: [GC (Allocation Failure) 72.300: [ParNew (promotion failed): 2751K->2997K(3072K), 0.0169629 secs]72.317: [CMS72.320: [CMS-concurrent-mark: 0.003/0.021 secs] [Times: user=0.13 sys=0.00, real=0.02 secs] 
 (concurrent mode failure): 6326K->6324K(6848K), 0.0195084 secs] 9076K->9076K(9920K), [Metaspace: 3748K->3748K(1056768K)], 0.0365323 secs] [Times: user=0.15 sys=0.00, real=0.03 secs] 
72.337: [GC (Allocation Failure) 72.337: [ParNew (promotion failed): 2751K->2997K(3072K), 0.0164438 secs]72.353: [CMS: 6326K->6324K(6848K), 0.0167723 secs] 9076K->9076K(9920K), [Metaspace: 3748K->3748K(1056768K)], 0.0332827 secs] [Times: user=0.14 sys=0.00, real=0.04 secs] 
72.370: [GC (CMS Initial Mark) [1 CMS-initial-mark: 6324K(6848K)] 9076K(9920K), 0.0030607 secs] [Times: user=0.00 sys=0.00, real=0.00 secs] 
72.373: [CMS-concurrent-mark-start]
72.373: [GC (Allocation Failure) 72.373: [ParNew (promotion failed): 2751K->3022K(3072K), 0.0162332 secs]72.390: [CMS72.393: [CMS-concurrent-mark: 0.003/0.020 secs] [Times: user=0.13 sys=0.00, real=0.02 secs] 
 (concurrent mode failure): 6326K->6324K(6848K), 0.0199754 secs] 9076K->9076K(9920K), [Metaspace: 3748K->3748K(1056768K)], 0.0362568 secs] [Times: user=0.14 sys=0.00, real=0.04 secs] 
72.410: [GC (Allocation Failure) 72.410: [ParNew (promotion failed): 2751K->3022K(3072K), 0.0202013 secs]72.430: [CMS: 6326K->6324K(6848K), 0.0165807 secs] 9076K->9076K(9920K), [Metaspace: 3748K->3748K(1056768K)], 0.0368395 secs] [Times: user=0.17 sys=0.00, real=0.03 secs] 
72.447: [GC (CMS Initial Mark) [1 CMS-initial-mark: 6324K(6848K)] 9076K(9920K), 0.0030633 secs] [Times: user=0.00 sys=0.00, real=0.01 secs] 
72.450: [CMS-concurrent-mark-start]
72.450: [GC (Allocation Failure) 72.450: [ParNew (promotion failed): 2751K->2997K(3072K), 0.0155266 secs]72.466: [CMS72.469: [CMS-concurrent-mark: 0.004/0.019 secs] [Times: user=0.13 sys=0.00, real=0.02 secs] 
 (concurrent mode failure): 6326K->6324K(6848K), 0.0200122 secs] 9076K->9076K(9920K), [Metaspace: 3748K->3748K(1056768K)], 0.0355982 secs] [Times: user=0.14 sys=0.00, real=0.03 secs] 
72.486: [GC (Allocation Failure) 72.486: [ParNew (promotion failed): 2751K->3022K(3072K), 0.0213030 secs]72.508: [CMS: 6326K->6324K(6848K), 0.0170226 secs] 9076K->9076K(9920K), [Metaspace: 3748K->3748K(1056768K)], 0.0383964 secs] [Times: user=0.16 sys=0.00, real=0.04 secs] 
72.526: [GC (CMS Initial Mark) [1 CMS-initial-mark: 6324K(6848K)] 9076K(9920K), 0.0030682 secs] [Times: user=0.00 sys=0.00, real=0.01 secs] 
72.529: [CMS-concurrent-mark-start]
72.529: [GC (Allocation Failure) 72.529: [ParNew (promotion failed): 2751K->3022K(3072K), 0.0162818 secs]72.545: [CMS72.549: [CMS-concurrent-mark: 0.004/0.020 secs] [Times: user=0.12 sys=0.00, real=0.02 secs] 
 (concurrent mode failure): 6326K->6324K(6848K), 0.0203540 secs] 9076K->9076K(9920K), [Metaspace: 3748K->3748K(1056768K)], 0.0367052 secs] [Times: user=0.14 sys=0.00, real=0.03 secs] 
72.566: [GC (Allocation Failure) 72.566: [ParNew (promotion failed): 2751K->3022K(3072K), 0.0175533 secs]72.584: [CMS: 6326K->6324K(6848K), 0.0165265 secs] 9076K->9076K(9920K), [Metaspace: 3748K->3748K(1056768K)], 0.0341370 secs] [Times: user=0.15 sys=0.00, real=0.04 secs] 
72.601: [GC (CMS Initial Mark) [1 CMS-initial-mark: 6324K(6848K)] 9076K(9920K), 0.0030668 secs] [Times: user=0.00 sys=0.00, real=0.00 secs] 
72.604: [CMS-concurrent-mark-start]
72.604: [GC (Allocation Failure) 72.604: [ParNew (promotion failed): 2751K->2997K(3072K), 0.0215553 secs]72.626: [CMS72.629: [CMS-concurrent-mark: 0.004/0.025 secs] [Times: user=0.16 sys=0.01, real=0.03 secs] 
 (concurrent mode failure): 6326K->6324K(6848K), 0.0198204 secs] 9076K->9076K(9920K), [Metaspace: 3748K->3748K(1056768K)], 0.0414288 secs] [Times: user=0.18 sys=0.01, real=0.04 secs] 
72.646: [GC (Allocation Failure) 72.646: [ParNew (promotion failed): 2751K->3022K(3072K), 0.0161828 secs]72.662: [CMS: 6326K->6324K(6848K), 0.0165510 secs] 9076K->9076K(9920K), [Metaspace: 3748K->3748K(1056768K)], 0.0328046 secs] [Times: user=0.13 sys=0.00, real=0.04 secs] 
72.679: [GC (CMS Initial Mark) [1 CMS-initial-mark: 6324K(6848K)] 9076K(9920K), 0.0030881 secs] [Times: user=0.01 sys=0.00, real=0.00 secs] 
72.682: [CMS-concurrent-mark-start]
72.682: [GC (Allocation Failure) 72.682: [ParNew (promotion failed): 2751K->2997K(3072K), 0.0216962 secs]72.704: [CMS72.707: [CMS-concurrent-mark: 0.003/0.025 secs] [Times: user=0.15 sys=0.00, real=0.02 secs] 
 (concurrent mode failure): 6326K->6324K(6848K), 0.0202772 secs] 9076K->9076K(9920K), [Metaspace: 3748K->3748K(1056768K)], 0.0420296 secs] [Times: user=0.17 sys=0.00, real=0.04 secs] 
72.725: [GC (Allocation Failure) 72.725: [ParNew (promotion failed): 2751K->2997K(3072K), 0.0225688 secs]72.747: [CMS: 6326K->6324K(6848K), 0.0169470 secs] 9076K->9076K(9920K), [Metaspace: 3748K->3748K(1056768K)], 0.0395760 secs] [Times: user=0.18 sys=0.00, real=0.04 secs] 
72.765: [GC (CMS Initial Mark) [1 CMS-initial-mark: 6324K(6848K)] 9076K(9920K), 0.0030812 secs] [Times: user=0.00 sys=0.00, real=0.00 secs] 
72.768: [CMS-concurrent-mark-start]
72.768: [GC (Allocation Failure) 72.768: [ParNew (promotion failed): 2751K->2997K(3072K), 0.0243447 secs]72.792: [CMS72.796: [CMS-concurrent-mark: 0.003/0.028 secs] [Times: user=0.19 sys=0.00, real=0.03 secs] 
 (concurrent mode failure): 6326K->6324K(6848K), 0.0201086 secs] 9076K->9076K(9920K), [Metaspace: 3748K->3748K(1056768K)], 0.0445159 secs] [Times: user=0.21 sys=0.00, real=0.05 secs] 
72.813: [GC (Allocation Failure) 72.813: [ParNew (promotion failed): 2751K->3022K(3072K), 0.0152055 secs]72.828: [CMS: 6326K->6324K(6848K), 0.0164345 secs] 9076K->9076K(9920K), [Metaspace: 3748K->3748K(1056768K)], 0.0317062 secs] [Times: user=0.13 sys=0.00, real=0.03 secs] 
72.845: [GC (CMS Initial Mark) [1 CMS-initial-mark: 6324K(6848K)] 9076K(9920K), 0.0030760 secs] [Times: user=0.00 sys=0.00, real=0.00 secs] 
72.848: [CMS-concurrent-mark-start]
72.849: [GC (Allocation Failure) 72.849: [ParNew (promotion failed): 2751K->3022K(3072K), 0.0166085 secs]72.866: [CMS72.869: [CMS-concurrent-mark: 0.004/0.020 secs] [Times: user=0.12 sys=0.00, real=0.03 secs] 
 (concurrent mode failure): 6326K->6324K(6848K), 0.0195686 secs] 9076K->9076K(9920K), [Metaspace: 3748K->3748K(1056768K)], 0.0362400 secs] [Times: user=0.14 sys=0.00, real=0.03 secs] 
72.886: [GC (Allocation Failure) 72.886: [ParNew (promotion failed): 2751K->3022K(3072K), 0.0183611 secs]72.904: [CMS: 6326K->6324K(6848K), 0.0167625 secs] 9076K->9076K(9920K), [Metaspace: 3748K->3748K(1056768K)], 0.0351755 secs] [Times: user=0.15 sys=0.01, real=0.04 secs] 
72.921: [GC (CMS Initial Mark) [1 CMS-initial-mark: 6324K(6848K)] 9076K(9920K), 0.0030655 secs] [Times: user=0.01 sys=0.00, real=0.00 secs] 
72.924: [CMS-concurrent-mark-start]
72.924: [GC (Allocation Failure) 72.924: [ParNew (promotion failed): 2751K->2997K(3072K), 0.0171626 secs]72.941: [CMS72.945: [CMS-concurrent-mark: 0.004/0.021 secs] [Times: user=0.13 sys=0.00, real=0.02 secs] 
 (concurrent mode failure): 6326K->6324K(6848K), 0.0199514 secs] 9076K->9076K(9920K), [Metaspace: 3748K->3748K(1056768K)], 0.0371750 secs] [Times: user=0.14 sys=0.00, real=0.04 secs] 
72.962: [GC (Allocation Failure) 72.962: [ParNew (promotion failed): 2751K->2997K(3072K), 0.0177224 secs]72.979: [CMS: 6326K->6324K(6848K), 0.0165187 secs] 9076K->9076K(9920K), [Metaspace: 3748K->3748K(1056768K)], 0.0342978 secs] [Times: user=0.15 sys=0.00, real=0.03 secs] 
72.996: [GC (CMS Initial Mark) [1 CMS-initial-mark: 6324K(6848K)] 9076K(9920K), 0.0030473 secs] [Times: user=0.00 sys=0.00, real=0.01 secs] 
72.999: [CMS-concurrent-mark-start]
73.000: [GC (Allocation Failure) 73.000: [ParNew (promotion failed): 2751K->2997K(3072K), 0.0149154 secs]73.015: [CMS73.018: [CMS-concurrent-mark: 0.003/0.018 secs] [Times: user=0.11 sys=0.00, real=0.01 secs] 
 (concurrent mode failure): 6326K->6324K(6848K), 0.0198585 secs] 9076K->9076K(9920K), [Metaspace: 3748K->3748K(1056768K)], 0.0348256 secs] [Times: user=0.13 sys=0.00, real=0.03 secs] 
73.035: [GC (Allocation Failure) 73.035: [ParNew (promotion failed): 2751K->2997K(3072K), 0.0233505 secs]73.058: [CMS: 6326K->6324K(6848K), 0.0169433 secs] 9076K->9076K(9920K), [Metaspace: 3748K->3748K(1056768K)], 0.0403570 secs] [Times: user=0.18 sys=0.00, real=0.04 secs] 
73.076: [GC (CMS Initial Mark) [1 CMS-initial-mark: 6324K(6848K)] 9076K(9920K), 0.0030480 secs] [Times: user=0.00 sys=0.00, real=0.01 secs] 
73.079: [CMS-concurrent-mark-start]
73.079: [GC (Allocation Failure) 73.079: [ParNew (promotion failed): 2751K->2997K(3072K), 0.0167685 secs]73.096: [CMS73.099: [CMS-concurrent-mark: 0.003/0.020 secs] [Times: user=0.13 sys=0.00, real=0.02 secs] 
 (concurrent mode failure): 6326K->6324K(6848K), 0.0199958 secs] 9076K->9076K(9920K), [Metaspace: 3748K->3748K(1056768K)], 0.0368264 secs] [Times: user=0.14 sys=0.00, real=0.03 secs] 
73.117: [GC (Allocation Failure) 73.117: [ParNew (promotion failed): 2751K->2997K(3072K), 0.0146254 secs]73.131: [CMS: 6326K->6324K(6848K), 0.0166823 secs] 9076K->9076K(9920K), [Metaspace: 3748K->3748K(1056768K)], 0.0313640 secs] [Times: user=0.13 sys=0.00, real=0.03 secs] 
73.149: [GC (CMS Initial Mark) [1 CMS-initial-mark: 6324K(6848K)] 9076K(9920K), 0.0030788 secs] [Times: user=0.00 sys=0.00, real=0.00 secs] 
73.152: [CMS-concurrent-mark-start]
73.152: [GC (Allocation Failure) 73.152: [ParNew (promotion failed): 2751K->2997K(3072K), 0.0228095 secs]73.175: [CMS73.179: [CMS-concurrent-mark: 0.004/0.027 secs] [Times: user=0.18 sys=0.00, real=0.03 secs] 
 (concurrent mode failure): 6326K->6324K(6848K), 0.0207224 secs] 9076K->9076K(9920K), [Metaspace: 3748K->3748K(1056768K)], 0.0435898 secs] [Times: user=0.19 sys=0.00, real=0.04 secs] 
73.196: [GC (Allocation Failure) 73.196: [ParNew (promotion failed): 2751K->3022K(3072K), 0.0183636 secs]73.214: [CMS: 6326K->6324K(6848K), 0.0165386 secs] 9076K->9076K(9920K), [Metaspace: 3748K->3748K(1056768K)], 0.0349577 secs] [Times: user=0.16 sys=0.00, real=0.04 secs] 
73.231: [GC (CMS Initial Mark) [1 CMS-initial-mark: 6324K(6848K)] 9076K(9920K), 0.0030424 secs] [Times: user=0.00 sys=0.00, real=0.00 secs] 
73.234: [CMS-concurrent-mark-start]
73.234: [GC (Allocation Failure) 73.234: [ParNew (promotion failed): 2751K->2997K(3072K), 0.0218027 secs]73.256: [CMS73.259: [CMS-concurrent-mark: 0.004/0.025 secs] [Times: user=0.16 sys=0.00, real=0.03 secs] 
 (concurrent mode failure): 6326K->6324K(6848K), 0.0201733 secs] 9076K->9076K(9920K), [Metaspace: 3748K->3748K(1056768K)], 0.0420285 secs] [Times: user=0.18 sys=0.00, real=0.04 secs] 
73.277: [GC (Allocation Failure) 73.277: [ParNew (promotion failed): 2751K->3022K(3072K), 0.0148436 secs]73.291: [CMS: 6326K->6324K(6848K), 0.0167150 secs] 9076K->9076K(9920K), [Metaspace: 3748K->3748K(1056768K)], 0.0316179 secs] [Times: user=0.11 sys=0.01, real=0.03 secs] 
73.309: [GC (CMS Initial Mark) [1 CMS-initial-mark: 6324K(6848K)] 9076K(9920K), 0.0030697 secs] [Times: user=0.01 sys=0.00, real=0.00 secs] 
73.312: [CMS-concurrent-mark-start]
73.312: [GC (Allocation Failure) 73.312: [ParNew (promotion failed): 2751K->2997K(3072K), 0.0212302 secs]73.333: [CMS73.337: [CMS-concurrent-mark: 0.003/0.025 secs] [Times: user=0.15 sys=0.00, real=0.02 secs] 
 (concurrent mode failure): 6326K->6324K(6848K), 0.0201285 secs] 9076K->9076K(9920K), [Metaspace: 3748K->3748K(1056768K)], 0.0414282 secs] [Times: user=0.17 sys=0.00, real=0.04 secs] 
73.354: [GC (Allocation Failure) 73.354: [ParNew (promotion failed): 2751K->2997K(3072K), 0.0214581 secs]73.375: [CMS: 6326K->6324K(6848K), 0.0167340 secs] 9076K->9076K(9920K), [Metaspace: 3748K->3748K(1056768K)], 0.0382617 secs] [Times: user=0.17 sys=0.00, real=0.04 secs] 
73.393: [GC (CMS Initial Mark) [1 CMS-initial-mark: 6324K(6848K)] 9076K(9920K), 0.0030759 secs] [Times: user=0.00 sys=0.00, real=0.00 secs] 
73.396: [CMS-concurrent-mark-start]
73.396: [GC (Allocation Failure) 73.396: [ParNew (promotion failed): 2751K->2997K(3072K), 0.0170172 secs]73.413: [CMS73.416: [CMS-concurrent-mark: 0.003/0.021 secs] [Times: user=0.13 sys=0.00, real=0.02 secs] 
 (concurrent mode failure): 6326K->6324K(6848K), 0.0194920 secs] 9076K->9076K(9920K), [Metaspace: 3748K->3748K(1056768K)], 0.0365656 secs] [Times: user=0.15 sys=0.00, real=0.04 secs] 
73.434: [GC (Allocation Failure) 73.434: [ParNew (promotion failed): 2751K->2997K(3072K), 0.0187931 secs]73.452: [CMS: 6326K->6324K(6848K), 0.0167594 secs] 9076K->9076K(9920K), [Metaspace: 3748K->3748K(1056768K)], 0.0356163 secs] [Times: user=0.14 sys=0.00, real=0.04 secs] 
73.469: [GC (CMS Initial Mark) [1 CMS-initial-mark: 6324K(6848K)] 9076K(9920K), 0.0030602 secs] [Times: user=0.00 sys=0.00, real=0.00 secs] 
73.473: [CMS-concurrent-mark-start]
73.473: [GC (Allocation Failure) 73.473: [ParNew (promotion failed): 2751K->3022K(3072K), 0.0232037 secs]73.496: [CMS73.499: [CMS-concurrent-mark: 0.004/0.027 secs] [Times: user=0.17 sys=0.00, real=0.03 secs] 
 (concurrent mode failure): 6326K->6324K(6848K), 0.0203567 secs] 9076K->9076K(9920K), [Metaspace: 3748K->3748K(1056768K)], 0.0436249 secs] [Times: user=0.19 sys=0.00, real=0.04 secs] 
73.517: [GC (Allocation Failure) 73.517: [ParNew (promotion failed): 2751K->3022K(3072K), 0.0202258 secs]73.537: [CMS: 6326K->6324K(6848K), 0.0166477 secs] 9076K->9076K(9920K), [Metaspace: 3748K->3748K(1056768K)], 0.0369487 secs] [Times: user=0.16 sys=0.00, real=0.04 secs] 
73.554: [GC (CMS Initial Mark) [1 CMS-initial-mark: 6324K(6848K)] 9076K(9920K), 0.0031010 secs] [Times: user=0.00 sys=0.00, real=0.00 secs] 
73.557: [CMS-concurrent-mark-start]
73.557: [GC (Allocation Failure) 73.557: [ParNew (promotion failed): 2751K->3022K(3072K), 0.0147015 secs]73.572: [CMS73.575: [CMS-concurrent-mark: 0.004/0.018 secs] [Times: user=0.11 sys=0.00, real=0.02 secs] 
 (concurrent mode failure): 6326K->6324K(6848K), 0.0199952 secs] 9076K->9076K(9920K), [Metaspace: 3748K->3748K(1056768K)], 0.0347520 secs] [Times: user=0.13 sys=0.00, real=0.04 secs] 
73.592: [GC (Allocation Failure) 73.592: [ParNew (promotion failed): 2751K->3022K(3072K), 0.0162599 secs]73.609: [CMS: 6326K->6324K(6848K), 0.0168757 secs] 9076K->9076K(9920K), [Metaspace: 3748K->3748K(1056768K)], 0.0331980 secs] [Times: user=0.13 sys=0.00, real=0.03 secs] 
73.626: [GC (CMS Initial Mark) [1 CMS-initial-mark: 6324K(6848K)] 9076K(9920K), 0.0030696 secs] [Times: user=0.01 sys=0.00, real=0.01 secs] 
73.629: [CMS-concurrent-mark-start]
73.630: [GC (Allocation Failure) 73.630: [ParNew (promotion failed): 2751K->3022K(3072K), 0.0170483 secs]73.647: [CMS73.650: [CMS-concurrent-mark: 0.003/0.021 secs] [Times: user=0.12 sys=0.00, real=0.02 secs] 
 (concurrent mode failure): 6326K->6324K(6848K), 0.0200821 secs] 9076K->9076K(9920K), [Metaspace: 3748K->3748K(1056768K)], 0.0371806 secs] [Times: user=0.14 sys=0.00, real=0.03 secs] 
73.667: [GC (Allocation Failure) 73.668: [ParNew (promotion failed): 2751K->3046K(3072K), 0.0170186 secs]73.685: [CMS: 6326K->6324K(6848K), 0.0167014 secs] 9076K->9076K(9920K), [Metaspace: 3748K->3748K(1056768K)], 0.0337839 secs] [Times: user=0.14 sys=0.00, real=0.04 secs] 
73.702: [GC (CMS Initial Mark) [1 CMS-initial-mark: 6324K(6848K)] 9076K(9920K), 0.0030619 secs] [Times: user=0.00 sys=0.00, real=0.00 secs] 
73.705: [CMS-concurrent-mark-start]
73.705: [GC (Allocation Failure) 73.705: [ParNew (promotion failed): 2751K->3022K(3072K), 0.0175681 secs]73.723: [CMS73.726: [CMS-concurrent-mark: 0.004/0.021 secs] [Times: user=0.13 sys=0.00, real=0.02 secs] 
 (concurrent mode failure): 6326K->6324K(6848K), 0.0202800 secs] 9076K->9076K(9920K), [Metaspace: 3748K->3748K(1056768K)], 0.0379092 secs] [Times: user=0.15 sys=0.00, real=0.04 secs] 
73.743: [GC (Allocation Failure) 73.743: [ParNew (promotion failed): 2751K->2997K(3072K), 0.0149889 secs]73.758: [CMS: 6326K->6324K(6848K), 0.0165036 secs] 9076K->9076K(9920K), [Metaspace: 3748K->3748K(1056768K)], 0.0315508 secs] [Times: user=0.12 sys=0.00, real=0.03 secs] 
73.775: [GC (CMS Initial Mark) [1 CMS-initial-mark: 6324K(6848K)] 9076K(9920K), 0.0030571 secs] [Times: user=0.00 sys=0.00, real=0.00 secs] 
73.778: [CMS-concurrent-mark-start]
73.778: [GC (Allocation Failure) 73.778: [ParNew (promotion failed): 2751K->3022K(3072K), 0.0155508 secs]73.794: [CMS73.797: [CMS-concurrent-mark: 0.003/0.019 secs] [Times: user=0.13 sys=0.00, real=0.02 secs] 
 (concurrent mode failure): 6326K->6324K(6848K), 0.0199599 secs] 9076K->9076K(9920K), [Metaspace: 3748K->3748K(1056768K)], 0.0355701 secs] [Times: user=0.13 sys=0.00, real=0.04 secs] 
73.814: [GC (Allocation Failure) 73.814: [ParNew (promotion failed): 2751K->3022K(3072K), 0.0134892 secs]73.828: [CMS: 6326K->6324K(6848K), 0.0166647 secs] 9076K->9076K(9920K), [Metaspace: 3748K->3748K(1056768K)], 0.0302094 secs] [Times: user=0.11 sys=0.01, real=0.03 secs] 
73.845: [GC (CMS Initial Mark) [1 CMS-initial-mark: 6324K(6848K)] 9076K(9920K), 0.0040463 secs] [Times: user=0.01 sys=0.00, real=0.01 secs] 
73.849: [CMS-concurrent-mark-start]
73.849: [GC (Allocation Failure) 73.849: [ParNew (promotion failed): 2751K->3046K(3072K), 0.0218694 secs]73.871: [CMS73.874: [CMS-concurrent-mark: 0.004/0.026 secs] [Times: user=0.16 sys=0.00, real=0.02 secs] 
 (concurrent mode failure): 6326K->6324K(6848K), 0.0201981 secs] 9076K->9076K(9920K), [Metaspace: 3748K->3748K(1056768K)], 0.0421235 secs] [Times: user=0.18 sys=0.00, real=0.04 secs] 
73.892: [GC (Allocation Failure) 73.892: [ParNew (promotion failed): 2751K->2997K(3072K), 0.0208148 secs]73.913: [CMS: 6326K->6324K(6848K), 0.0165599 secs] 9076K->9076K(9920K), [Metaspace: 3748K->3748K(1056768K)], 0.0374460 secs] [Times: user=0.17 sys=0.00, real=0.04 secs] 
73.930: [GC (CMS Initial Mark) [1 CMS-initial-mark: 6324K(6848K)] 9076K(9920K), 0.0030469 secs] [Times: user=0.00 sys=0.00, real=0.00 secs] 
73.933: [CMS-concurrent-mark-start]
73.933: [GC (Allocation Failure) 73.933: [ParNew (promotion failed): 2751K->2997K(3072K), 0.0185293 secs]73.952: [CMS73.955: [CMS-concurrent-mark: 0.004/0.022 secs] [Times: user=0.13 sys=0.00, real=0.02 secs] 
 (concurrent mode failure): 6326K->6324K(6848K), 0.0196337 secs] 9076K->9076K(9920K), [Metaspace: 3748K->3748K(1056768K)], 0.0382300 secs] [Times: user=0.15 sys=0.00, real=0.04 secs] 
73.972: [GC (Allocation Failure) 73.972: [ParNew (promotion failed): 2751K->3022K(3072K), 0.0221075 secs]73.994: [CMS: 6326K->6324K(6848K), 0.0166332 secs] 9076K->9076K(9920K), [Metaspace: 3748K->3748K(1056768K)], 0.0388062 secs] [Times: user=0.18 sys=0.00, real=0.04 secs] 
74.011: [GC (CMS Initial Mark) [1 CMS-initial-mark: 6324K(6848K)] 9076K(9920K), 0.0030325 secs] [Times: user=0.00 sys=0.00, real=0.00 secs] 
74.014: [CMS-concurrent-mark-start]
74.014: [GC (Allocation Failure) 74.014: [ParNew (promotion failed): 2751K->3022K(3072K), 0.0197820 secs]74.034: [CMS74.038: [CMS-concurrent-mark: 0.003/0.023 secs] [Times: user=0.14 sys=0.00, real=0.02 secs] 
 (concurrent mode failure): 6326K->6324K(6848K), 0.0200883 secs] 9076K->9076K(9920K), [Metaspace: 3748K->3748K(1056768K)], 0.0399331 secs] [Times: user=0.16 sys=0.00, real=0.04 secs] 
74.055: [GC (Allocation Failure) 74.055: [ParNew (promotion failed): 2751K->3022K(3072K), 0.0222109 secs]74.077: [CMS: 6326K->6324K(6848K), 0.0165877 secs] 9076K->9076K(9920K), [Metaspace: 3748K->3748K(1056768K)], 0.0388705 secs] [Times: user=0.17 sys=0.00, real=0.04 secs] 
74.094: [GC (CMS Initial Mark) [1 CMS-initial-mark: 6324K(6848K)] 9076K(9920K), 0.0030875 secs] [Times: user=0.00 sys=0.00, real=0.00 secs] 
74.097: [CMS-concurrent-mark-start]
74.097: [GC (Allocation Failure) 74.097: [ParNew (promotion failed): 2751K->3071K(3072K), 0.0234044 secs]74.121: [CMS74.124: [CMS-concurrent-mark: 0.004/0.027 secs] [Times: user=0.19 sys=0.00, real=0.03 secs] 
 (concurrent mode failure): 6326K->6324K(6848K), 0.0200501 secs] 9076K->9076K(9920K), [Metaspace: 3748K->3748K(1056768K)], 0.0435275 secs] [Times: user=0.21 sys=0.00, real=0.05 secs] 
74.141: [GC (Allocation Failure) 74.141: [ParNew (promotion failed): 2751K->3022K(3072K), 0.0170355 secs]74.158: [CMS: 6326K->6324K(6848K), 0.0166435 secs] 9076K->9076K(9920K), [Metaspace: 3748K->3748K(1056768K)], 0.0337473 secs] [Times: user=0.14 sys=0.00, real=0.03 secs] 
74.176: [GC (CMS Initial Mark) [1 CMS-initial-mark: 6324K(6848K)] 9076K(9920K), 0.0030467 secs] [Times: user=0.00 sys=0.00, real=0.01 secs] 
74.179: [CMS-concurrent-mark-start]
74.179: [GC (Allocation Failure) 74.179: [ParNew (promotion failed): 2751K->3022K(3072K), 0.0144295 secs]74.193: [CMS74.197: [CMS-concurrent-mark: 0.003/0.018 secs] [Times: user=0.11 sys=0.01, real=0.01 secs] 
 (concurrent mode failure): 6326K->6324K(6848K), 0.0199667 secs] 9076K->9076K(9920K), [Metaspace: 3748K->3748K(1056768K)], 0.0344550 secs] [Times: user=0.13 sys=0.01, real=0.03 secs] 
74.214: [GC (Allocation Failure) 74.214: [ParNew (promotion failed): 2751K->2997K(3072K), 0.0160167 secs]74.230: [CMS: 6326K->6324K(6848K), 0.0165354 secs] 9076K->9076K(9920K), [Metaspace: 3748K->3748K(1056768K)], 0.0326232 secs] [Times: user=0.13 sys=0.00, real=0.03 secs] 
74.247: [GC (CMS Initial Mark) [1 CMS-initial-mark: 6324K(6848K)] 9076K(9920K), 0.0030745 secs] [Times: user=0.01 sys=0.00, real=0.01 secs] 
74.250: [CMS-concurrent-mark-start]
74.251: [GC (Allocation Failure) 74.251: [ParNew (promotion failed): 2751K->3022K(3072K), 0.0143202 secs]74.265: [CMS74.268: [CMS-concurrent-mark: 0.004/0.018 secs] [Times: user=0.11 sys=0.00, real=0.01 secs] 
 (concurrent mode failure): 6326K->6324K(6848K), 0.0197664 secs] 9076K->9076K(9920K), [Metaspace: 3748K->3748K(1056768K)], 0.0341530 secs] [Times: user=0.12 sys=0.00, real=0.03 secs] 
74.285: [GC (Allocation Failure) 74.285: [ParNew (promotion failed): 2751K->3022K(3072K), 0.0153237 secs]74.300: [CMS: 6326K->6324K(6848K), 0.0164982 secs] 9076K->9076K(9920K), [Metaspace: 3748K->3748K(1056768K)], 0.0318898 secs] [Times: user=0.13 sys=0.00, real=0.03 secs] 
74.317: [GC (CMS Initial Mark) [1 CMS-initial-mark: 6324K(6848K)] 9076K(9920K), 0.0030668 secs] [Times: user=0.01 sys=0.00, real=0.01 secs] 
74.320: [CMS-concurrent-mark-start]
74.320: [GC (Allocation Failure) 74.320: [ParNew (promotion failed): 2751K->2997K(3072K), 0.0149440 secs]74.335: [CMS74.339: [CMS-concurrent-mark: 0.003/0.018 secs] [Times: user=0.11 sys=0.00, real=0.02 secs] 
 (concurrent mode failure): 6326K->6324K(6848K), 0.0200301 secs] 9076K->9076K(9920K), [Metaspace: 3748K->3748K(1056768K)], 0.0350411 secs] [Times: user=0.13 sys=0.00, real=0.03 secs] 
74.356: [GC (Allocation Failure) 74.356: [ParNew (promotion failed): 2751K->3022K(3072K), 0.0161922 secs]74.372: [CMS: 6326K->6324K(6848K), 0.0165803 secs] 9076K->9076K(9920K), [Metaspace: 3748K->3748K(1056768K)], 0.0328374 secs] [Times: user=0.14 sys=0.00, real=0.04 secs] 
74.389: [GC (CMS Initial Mark) [1 CMS-initial-mark: 6324K(6848K)] 9076K(9920K), 0.0030407 secs] [Times: user=0.00 sys=0.00, real=0.00 secs] 
74.392: [CMS-concurrent-mark-start]
74.392: [GC (Allocation Failure) 74.392: [ParNew (promotion failed): 2751K->2997K(3072K), 0.0220872 secs]74.414: [CMS74.418: [CMS-concurrent-mark: 0.004/0.026 secs] [Times: user=0.17 sys=0.00, real=0.02 secs] 
 (concurrent mode failure): 6326K->6324K(6848K), 0.0201941 secs] 9076K->9076K(9920K), [Metaspace: 3748K->3748K(1056768K)], 0.0423440 secs] [Times: user=0.19 sys=0.00, real=0.04 secs] 
74.435: [GC (Allocation Failure) 74.435: [ParNew (promotion failed): 2751K->2997K(3072K), 0.0156259 secs]74.451: [CMS: 6326K->6324K(6848K), 0.0166951 secs] 9076K->9076K(9920K), [Metaspace: 3748K->3748K(1056768K)], 0.0323900 secs] [Times: user=0.13 sys=0.00, real=0.03 secs] 
74.468: [GC (CMS Initial Mark) [1 CMS-initial-mark: 6324K(6848K)] 9076K(9920K), 0.0030616 secs] [Times: user=0.00 sys=0.00, real=0.01 secs] 
74.471: [CMS-concurrent-mark-start]
74.472: [GC (Allocation Failure) 74.472: [ParNew (promotion failed): 2751K->3022K(3072K), 0.0178525 secs]74.490: [CMS74.493: [CMS-concurrent-mark: 0.004/0.022 secs] [Times: user=0.13 sys=0.00, real=0.02 secs] 
 (concurrent mode failure): 6326K->6324K(6848K), 0.0200610 secs] 9076K->9076K(9920K), [Metaspace: 3748K->3748K(1056768K)], 0.0379844 secs] [Times: user=0.14 sys=0.00, real=0.04 secs] 
74.510: [GC (Allocation Failure) 74.510: [ParNew (promotion failed): 2751K->3046K(3072K), 0.0170406 secs]74.527: [CMS: 6326K->6324K(6848K), 0.0167460 secs] 9076K->9076K(9920K), [Metaspace: 3748K->3748K(1056768K)], 0.0338572 secs] [Times: user=0.12 sys=0.01, real=0.03 secs] 
74.545: [GC (CMS Initial Mark) [1 CMS-initial-mark: 6324K(6848K)] 9076K(9920K), 0.0030462 secs] [Times: user=0.01 sys=0.00, real=0.00 secs] 
74.548: [CMS-concurrent-mark-start]
74.548: [GC (Allocation Failure) 74.548: [ParNew (promotion failed): 2751K->3022K(3072K), 0.0219527 secs]74.570: [CMS74.573: [CMS-concurrent-mark: 0.003/0.025 secs] [Times: user=0.17 sys=0.00, real=0.03 secs] 
 (concurrent mode failure): 6326K->6324K(6848K), 0.0198941 secs] 9076K->9076K(9920K), [Metaspace: 3748K->3748K(1056768K)], 0.0419159 secs] [Times: user=0.18 sys=0.00, real=0.05 secs] 
74.590: [GC (Allocation Failure) 74.590: [ParNew (promotion failed): 2751K->3022K(3072K), 0.0229498 secs]74.613: [CMS: 6326K->6324K(6848K), 0.0165255 secs] 9076K->9076K(9920K), [Metaspace: 3748K->3748K(1056768K)], 0.0395348 secs] [Times: user=0.18 sys=0.00, real=0.04 secs] 
74.630: [GC (CMS Initial Mark) [1 CMS-initial-mark: 6324K(6848K)] 9076K(9920K), 0.0030327 secs] [Times: user=0.01 sys=0.00, real=0.00 secs] 
74.633: [CMS-concurrent-mark-start]
74.633: [GC (Allocation Failure) 74.633: [ParNew (promotion failed): 2751K->3022K(3072K), 0.0179781 secs]74.651: [CMS74.654: [CMS-concurrent-mark: 0.004/0.022 secs] [Times: user=0.13 sys=0.00, real=0.02 secs] 
 (concurrent mode failure): 6326K->6324K(6848K), 0.0201533 secs] 9076K->9076K(9920K), [Metaspace: 3748K->3748K(1056768K)], 0.0382000 secs] [Times: user=0.15 sys=0.00, real=0.04 secs] 
74.672: [GC (Allocation Failure) 74.672: [ParNew (promotion failed): 2751K->2997K(3072K), 0.0142622 secs]74.686: [CMS: 6326K->6324K(6848K), 0.0165954 secs] 9076K->9076K(9920K), [Metaspace: 3748K->3748K(1056768K)], 0.0309260 secs] [Times: user=0.11 sys=0.00, real=0.03 secs] 
74.703: [GC (CMS Initial Mark) [1 CMS-initial-mark: 6324K(6848K)] 9076K(9920K), 0.0030513 secs] [Times: user=0.01 sys=0.00, real=0.00 secs] 
74.706: [CMS-concurrent-mark-start]
74.706: [GC (Allocation Failure) 74.706: [ParNew (promotion failed): 2751K->2997K(3072K), 0.0223913 secs]74.729: [CMS74.732: [CMS-concurrent-mark: 0.004/0.026 secs] [Times: user=0.17 sys=0.00, real=0.03 secs] 
 (concurrent mode failure): 6326K->6324K(6848K), 0.0201332 secs] 9076K->9076K(9920K), [Metaspace: 3748K->3748K(1056768K)], 0.0425902 secs] [Times: user=0.19 sys=0.00, real=0.05 secs] 
74.750: [GC (Allocation Failure) 74.750: [ParNew (promotion failed): 2751K->2997K(3072K), 0.0168793 secs]74.767: [CMS: 6326K->6324K(6848K), 0.0171169 secs] 9076K->9076K(9920K), [Metaspace: 3748K->3748K(1056768K)], 0.0340799 secs] [Times: user=0.13 sys=0.00, real=0.03 secs] 
74.784: [GC (CMS Initial Mark) [1 CMS-initial-mark: 6324K(6848K)] 9076K(9920K), 0.0030564 secs] [Times: user=0.00 sys=0.00, real=0.00 secs] 
74.787: [CMS-concurrent-mark-start]
74.788: [GC (Allocation Failure) 74.788: [ParNew (promotion failed): 2751K->3046K(3072K), 0.0212958 secs]74.809: [CMS74.812: [CMS-concurrent-mark: 0.004/0.025 secs] [Times: user=0.16 sys=0.01, real=0.03 secs] 
 (concurrent mode failure): 6326K->6324K(6848K), 0.0201633 secs] 9076K->9076K(9920K), [Metaspace: 3748K->3748K(1056768K)], 0.0415249 secs] [Times: user=0.17 sys=0.01, real=0.05 secs] 
74.830: [GC (Allocation Failure) 74.830: [ParNew (promotion failed): 2751K->2997K(3072K), 0.0195364 secs]74.849: [CMS: 6326K->6324K(6848K), 0.0166064 secs] 9076K->9076K(9920K), [Metaspace: 3748K->3748K(1056768K)], 0.0362082 secs] [Times: user=0.16 sys=0.00, real=0.03 secs] 
74.866: [GC (CMS Initial Mark) [1 CMS-initial-mark: 6324K(6848K)] 9076K(9920K), 0.0030825 secs] [Times: user=0.01 sys=0.00, real=0.01 secs] 
74.869: [CMS-concurrent-mark-start]
74.869: [GC (Allocation Failure) 74.869: [ParNew (promotion failed): 2751K->3022K(3072K), 0.0149029 secs]74.884: [CMS74.887: [CMS-concurrent-mark: 0.003/0.018 secs] [Times: user=0.11 sys=0.00, real=0.01 secs] 
 (concurrent mode failure): 6326K->6324K(6848K), 0.0200230 secs] 9076K->9076K(9920K), [Metaspace: 3748K->3748K(1056768K)], 0.0349935 secs] [Times: user=0.13 sys=0.00, real=0.03 secs] 
74.905: [GC (Allocation Failure) 74.905: [ParNew (promotion failed): 2751K->2997K(3072K), 0.0228007 secs]74.927: [CMS: 6326K->6324K(6848K), 0.0165829 secs] 9076K->9076K(9920K), [Metaspace: 3748K->3748K(1056768K)], 0.0394535 secs] [Times: user=0.19 sys=0.00, real=0.04 secs] 
74.944: [GC (CMS Initial Mark) [1 CMS-initial-mark: 6324K(6848K)] 9076K(9920K), 0.0030427 secs] [Times: user=0.00 sys=0.00, real=0.00 secs] 
74.947: [CMS-concurrent-mark-start]
74.948: [GC (Allocation Failure) 74.948: [ParNew (promotion failed): 2751K->3022K(3072K), 0.0146478 secs]74.962: [CMS74.966: [CMS-concurrent-mark: 0.004/0.018 secs] [Times: user=0.11 sys=0.00, real=0.02 secs] 
 (concurrent mode failure): 6326K->6324K(6848K), 0.0201332 secs] 9076K->9076K(9920K), [Metaspace: 3748K->3748K(1056768K)], 0.0348505 secs] [Times: user=0.13 sys=0.00, real=0.04 secs] 
74.983: [GC (Allocation Failure) 74.983: [ParNew (promotion failed): 2751K->3022K(3072K), 0.0146775 secs]74.998: [CMS: 6326K->6324K(6848K), 0.0165922 secs] 9076K->9076K(9920K), [Metaspace: 3748K->3748K(1056768K)], 0.0313431 secs] [Times: user=0.13 sys=0.00, real=0.03 secs] 
75.015: [GC (CMS Initial Mark) [1 CMS-initial-mark: 6324K(6848K)] 9076K(9920K), 0.0031000 secs] [Times: user=0.00 sys=0.00, real=0.00 secs] 
75.018: [CMS-concurrent-mark-start]
75.019: [GC (Allocation Failure) 75.019: [ParNew (promotion failed): 2751K->2997K(3072K), 0.0183663 secs]75.037: [CMS75.040: [CMS-concurrent-mark: 0.004/0.022 secs] [Times: user=0.15 sys=0.00, real=0.03 secs] 
 (concurrent mode failure): 6326K->6324K(6848K), 0.0196195 secs] 9076K->9076K(9920K), [Metaspace: 3748K->3748K(1056768K)], 0.0380435 secs] [Times: user=0.16 sys=0.00, real=0.03 secs] 
75.057: [GC (Allocation Failure) 75.057: [ParNew (promotion failed): 2751K->3022K(3072K), 0.0140948 secs]75.071: [CMS: 6326K->6324K(6848K), 0.0168051 secs] 9076K->9076K(9920K), [Metaspace: 3748K->3748K(1056768K)], 0.0309718 secs] [Times: user=0.12 sys=0.00, real=0.03 secs] 
75.089: [GC (CMS Initial Mark) [1 CMS-initial-mark: 6324K(6848K)] 9076K(9920K), 0.0030401 secs] [Times: user=0.01 sys=0.00, real=0.00 secs] 
75.092: [CMS-concurrent-mark-start]
75.092: [GC (Allocation Failure) 75.092: [ParNew (promotion failed): 2751K->3071K(3072K), 0.0160266 secs]75.108: [CMS75.111: [CMS-concurrent-mark: 0.003/0.020 secs] [Times: user=0.12 sys=0.00, real=0.02 secs] 
 (concurrent mode failure): 6326K->6324K(6848K), 0.0201125 secs] 9076K->9076K(9920K), [Metaspace: 3748K->3748K(1056768K)], 0.0362011 secs] [Times: user=0.14 sys=0.00, real=0.03 secs] 
75.128: [GC (Allocation Failure) 75.128: [ParNew (promotion failed): 2751K->2997K(3072K), 0.0163593 secs]75.144: [CMS: 6326K->6324K(6848K), 0.0166340 secs] 9076K->9076K(9920K), [Metaspace: 3748K->3748K(1056768K)], 0.0330526 secs] [Times: user=0.14 sys=0.00, real=0.04 secs] 
75.162: [GC (CMS Initial Mark) [1 CMS-initial-mark: 6324K(6848K)] 9076K(9920K), 0.0030497 secs] [Times: user=0.00 sys=0.00, real=0.00 secs] 
75.165: [CMS-concurrent-mark-start]
75.165: [GC (Allocation Failure) 75.165: [ParNew (promotion failed): 2751K->2997K(3072K), 0.0159253 secs]75.181: [CMS75.184: [CMS-concurrent-mark: 0.004/0.020 secs] [Times: user=0.13 sys=0.00, real=0.02 secs] 
 (concurrent mode failure): 6326K->6324K(6848K), 0.0199680 secs] 9076K->9076K(9920K), [Metaspace: 3748K->3748K(1056768K)], 0.0359626 secs] [Times: user=0.14 sys=0.01, real=0.04 secs] 
75.201: [GC (Allocation Failure) 75.201: [ParNew (promotion failed): 2751K->3022K(3072K), 0.0185156 secs]75.220: [CMS: 6326K->6324K(6848K), 0.0169863 secs] 9076K->9076K(9920K), [Metaspace: 3748K->3748K(1056768K)], 0.0355647 secs] [Times: user=0.16 sys=0.00, real=0.03 secs] 
75.238: [GC (CMS Initial Mark) [1 CMS-initial-mark: 6324K(6848K)] 9076K(9920K), 0.0030458 secs] [Times: user=0.00 sys=0.00, real=0.01 secs] 
75.241: [CMS-concurrent-mark-start]
75.241: [GC (Allocation Failure) 75.241: [ParNew (promotion failed): 2751K->3022K(3072K), 0.0151623 secs]75.256: [CMS75.259: [CMS-concurrent-mark: 0.003/0.019 secs] [Times: user=0.12 sys=0.00, real=0.02 secs] 
 (concurrent mode failure): 6326K->6324K(6848K), 0.0200016 secs] 9076K->9076K(9920K), [Metaspace: 3748K->3748K(1056768K)], 0.0352277 secs] [Times: user=0.13 sys=0.00, real=0.03 secs] 
75.277: [GC (Allocation Failure) 75.277: [ParNew (promotion failed): 2751K->2997K(3072K), 0.0147078 secs]75.291: [CMS: 6326K->6324K(6848K), 0.0166496 secs] 9076K->9076K(9920K), [Metaspace: 3748K->3748K(1056768K)], 0.0314192 secs] [Times: user=0.13 sys=0.00, real=0.03 secs] 
75.309: [GC (CMS Initial Mark) [1 CMS-initial-mark: 6324K(6848K)] 9076K(9920K), 0.0030938 secs] [Times: user=0.00 sys=0.00, real=0.00 secs] 
75.312: [CMS-concurrent-mark-start]
75.312: [GC (Allocation Failure) 75.312: [ParNew (promotion failed): 2751K->2997K(3072K), 0.0201035 secs]75.332: [CMS75.335: [CMS-concurrent-mark: 0.003/0.024 secs] [Times: user=0.15 sys=0.00, real=0.02 secs] 
 (concurrent mode failure): 6326K->6324K(6848K), 0.0197802 secs] 9076K->9076K(9920K), [Metaspace: 3748K->3748K(1056768K)], 0.0399544 secs] [Times: user=0.17 sys=0.00, real=0.04 secs] 
75.352: [GC (Allocation Failure) 75.352: [ParNew (promotion failed): 2751K->3022K(3072K), 0.0155862 secs]75.368: [CMS: 6326K->6324K(6848K), 0.0165384 secs] 9076K->9076K(9920K), [Metaspace: 3748K->3748K(1056768K)], 0.0321957 secs] [Times: user=0.13 sys=0.00, real=0.03 secs] 
75.385: [GC (CMS Initial Mark) [1 CMS-initial-mark: 6324K(6848K)] 9076K(9920K), 0.0030672 secs] [Times: user=0.00 sys=0.00, real=0.00 secs] 
75.388: [CMS-concurrent-mark-start]
75.388: [GC (Allocation Failure) 75.388: [ParNew (promotion failed): 2751K->2997K(3072K), 0.0172512 secs]75.405: [CMS75.409: [CMS-concurrent-mark: 0.003/0.021 secs] [Times: user=0.14 sys=0.00, real=0.03 secs] 
 (concurrent mode failure): 6326K->6324K(6848K), 0.0202342 secs] 9076K->9076K(9920K), [Metaspace: 3748K->3748K(1056768K)], 0.0375675 secs] [Times: user=0.15 sys=0.00, real=0.04 secs] 
75.426: [GC (Allocation Failure) 75.426: [ParNew (promotion failed): 2751K->2997K(3072K), 0.0150498 secs]75.441: [CMS: 6326K->6324K(6848K), 0.0170061 secs] 9076K->9076K(9920K), [Metaspace: 3748K->3748K(1056768K)], 0.0321289 secs] [Times: user=0.13 sys=0.00, real=0.03 secs] 
75.458: [GC (CMS Initial Mark) [1 CMS-initial-mark: 6324K(6848K)] 9076K(9920K), 0.0030813 secs] [Times: user=0.00 sys=0.00, real=0.00 secs] 
75.462: [CMS-concurrent-mark-start]
75.462: [GC (Allocation Failure) 75.462: [ParNew (promotion failed): 2751K->2997K(3072K), 0.0222995 secs]75.484: [CMS75.488: [CMS-concurrent-mark: 0.004/0.026 secs] [Times: user=0.18 sys=0.00, real=0.02 secs] 
 (concurrent mode failure): 6326K->6324K(6848K), 0.0204124 secs] 9076K->9076K(9920K), [Metaspace: 3748K->3748K(1056768K)], 0.0427718 secs] [Times: user=0.19 sys=0.00, real=0.04 secs] 
75.505: [GC (Allocation Failure) 75.505: [ParNew (promotion failed): 2751K->3022K(3072K), 0.0177730 secs]75.523: [CMS: 6326K->6324K(6848K), 0.0168127 secs] 9076K->9076K(9920K), [Metaspace: 3748K->3748K(1056768K)], 0.0346591 secs] [Times: user=0.14 sys=0.00, real=0.04 secs] 
75.540: [GC (CMS Initial Mark) [1 CMS-initial-mark: 6324K(6848K)] 9076K(9920K), 0.0030532 secs] [Times: user=0.00 sys=0.00, real=0.00 secs] 
75.543: [CMS-concurrent-mark-start]
75.544: [GC (Allocation Failure) 75.544: [ParNew (promotion failed): 2751K->3022K(3072K), 0.0228049 secs]75.567: [CMS75.570: [CMS-concurrent-mark: 0.004/0.026 secs] [Times: user=0.18 sys=0.00, real=0.03 secs] 
 (concurrent mode failure): 6326K->6324K(6848K), 0.0195397 secs] 9076K->9076K(9920K), [Metaspace: 3748K->3748K(1056768K)], 0.0424172 secs] [Times: user=0.20 sys=0.00, real=0.04 secs] 
75.587: [GC (Allocation Failure) 75.587: [ParNew (promotion failed): 2751K->3022K(3072K), 0.0177722 secs]75.605: [CMS: 6326K->6324K(6848K), 0.0167208 secs] 9076K->9076K(9920K), [Metaspace: 3748K->3748K(1056768K)], 0.0345559 secs] [Times: user=0.15 sys=0.00, real=0.04 secs] 
75.622: [GC (CMS Initial Mark) [1 CMS-initial-mark: 6324K(6848K)] 9076K(9920K), 0.0030455 secs] [Times: user=0.00 sys=0.00, real=0.00 secs] 
75.625: [CMS-concurrent-mark-start]
75.625: [GC (Allocation Failure) 75.625: [ParNew (promotion failed): 2751K->3022K(3072K), 0.0225710 secs]75.647: [CMS75.651: [CMS-concurrent-mark: 0.003/0.026 secs] [Times: user=0.18 sys=0.00, real=0.03 secs] 
 (concurrent mode failure): 6326K->6324K(6848K), 0.0199662 secs] 9076K->9076K(9920K), [Metaspace: 3748K->3748K(1056768K)], 0.0426108 secs] [Times: user=0.19 sys=0.00, real=0.04 secs] 
75.668: [GC (Allocation Failure) 75.668: [ParNew (promotion failed): 2751K->3022K(3072K), 0.0141123 secs]75.682: [CMS: 6326K->6324K(6848K), 0.0165375 secs] 9076K->9076K(9920K), [Metaspace: 3748K->3748K(1056768K)], 0.0307138 secs] [Times: user=0.12 sys=0.00, real=0.04 secs] 
75.699: [GC (CMS Initial Mark) [1 CMS-initial-mark: 6324K(6848K)] 9076K(9920K), 0.0031247 secs] [Times: user=0.00 sys=0.00, real=0.00 secs] 
75.702: [CMS-concurrent-mark-start]
75.702: [GC (Allocation Failure) 75.702: [ParNew (promotion failed): 2751K->2972K(3072K), 0.0209807 secs]75.723: [CMS75.727: [CMS-concurrent-mark: 0.004/0.025 secs] [Times: user=0.07 sys=0.00, real=0.02 secs] 
 (concurrent mode failure): 6326K->6324K(6848K), 0.0261380 secs] 9076K->9076K(9920K), [Metaspace: 3748K->3748K(1056768K)], 0.0472040 secs] [Times: user=0.08 sys=0.00, real=0.05 secs] 
75.750: [GC (Allocation Failure) 75.750: [ParNew (promotion failed): 2751K->2997K(3072K), 0.0154844 secs]75.766: [CMS: 6326K->6324K(6848K), 0.0237000 secs] 9076K->9076K(9920K), [Metaspace: 3748K->3748K(1056768K)], 0.0393517 secs] [Times: user=0.08 sys=0.00, real=0.04 secs] 
75.791: [GC (CMS Initial Mark) [1 CMS-initial-mark: 6324K(6848K)] 9076K(9920K), 0.0120061 secs] [Times: user=0.01 sys=0.00, real=0.01 secs] 
75.803: [CMS-concurrent-mark-start]
75.803: [GC (Allocation Failure) 75.803: [ParNew (promotion failed): 2751K->3022K(3072K), 0.0190355 secs]75.822: [CMS75.829: [CMS-concurrent-mark: 0.007/0.027 secs] [Times: user=0.08 sys=0.00, real=0.03 secs] 
 (concurrent mode failure): 6326K->6324K(6848K), 0.0301780 secs] 9076K->9076K(9920K), [Metaspace: 3748K->3748K(1056768K)], 0.0493542 secs] [Times: user=0.10 sys=0.00, real=0.05 secs] 
75.853: [GC (Allocation Failure) 75.853: [ParNew (promotion failed): 2751K->3071K(3072K), 0.0205837 secs]75.874: [CMS: 6326K->6324K(6848K), 0.0198525 secs] 9076K->9076K(9920K), [Metaspace: 3748K->3748K(1056768K)], 0.0405213 secs] [Times: user=0.13 sys=0.00, real=0.04 secs] 
75.894: [GC (CMS Initial Mark) [1 CMS-initial-mark: 6324K(6848K)] 9076K(9920K), 0.0036194 secs] [Times: user=0.01 sys=0.00, real=0.00 secs] 
75.898: [CMS-concurrent-mark-start]
75.898: [GC (Allocation Failure) 75.898: [ParNew (promotion failed): 2751K->2997K(3072K), 0.0167132 secs]75.915: [CMS75.918: [CMS-concurrent-mark: 0.004/0.020 secs] [Times: user=0.13 sys=0.01, real=0.02 secs] 
 (concurrent mode failure): 6326K->6324K(6848K), 0.0201727 secs] 9076K->9076K(9920K), [Metaspace: 3748K->3748K(1056768K)], 0.0369670 secs] [Times: user=0.14 sys=0.00, real=0.04 secs] 
75.935: [GC (Allocation Failure) 75.935: [ParNew (promotion failed): 2751K->3022K(3072K), 0.0171781 secs]75.952: [CMS: 6326K->6324K(6848K), 0.0164960 secs] 9076K->9076K(9920K), [Metaspace: 3748K->3748K(1056768K)], 0.0337473 secs] [Times: user=0.15 sys=0.00, real=0.04 secs] 
75.969: [GC (CMS Initial Mark) [1 CMS-initial-mark: 6324K(6848K)] 9076K(9920K), 0.0030812 secs] [Times: user=0.00 sys=0.00, real=0.00 secs] 
75.972: [CMS-concurrent-mark-start]
75.972: [GC (Allocation Failure) 75.972: [ParNew (promotion failed): 2751K->2997K(3072K), 0.0146330 secs]75.987: [CMS75.991: [CMS-concurrent-mark: 0.004/0.018 secs] [Times: user=0.11 sys=0.00, real=0.02 secs] 
 (concurrent mode failure): 6326K->6324K(6848K), 0.0200680 secs] 9076K->9076K(9920K), [Metaspace: 3748K->3748K(1056768K)], 0.0347725 secs] [Times: user=0.13 sys=0.00, real=0.03 secs] 
76.008: [GC (Allocation Failure) 76.008: [ParNew (promotion failed): 2751K->2997K(3072K), 0.0144684 secs]76.022: [CMS: 6326K->6324K(6848K), 0.0165540 secs] 9076K->9076K(9920K), [Metaspace: 3748K->3748K(1056768K)], 0.0310932 secs] [Times: user=0.12 sys=0.00, real=0.04 secs] 
76.039: [GC (CMS Initial Mark) [1 CMS-initial-mark: 6324K(6848K)] 9076K(9920K), 0.0030651 secs] [Times: user=0.01 sys=0.00, real=0.00 secs] 
76.042: [CMS-concurrent-mark-start]
76.042: [GC (Allocation Failure) 76.042: [ParNew (promotion failed): 2751K->3022K(3072K), 0.0154961 secs]76.058: [CMS76.061: [CMS-concurrent-mark: 0.004/0.019 secs] [Times: user=0.11 sys=0.00, real=0.02 secs] 
 (concurrent mode failure): 6326K->6324K(6848K), 0.0203793 secs] 9076K->9076K(9920K), [Metaspace: 3748K->3748K(1056768K)], 0.0359475 secs] [Times: user=0.12 sys=0.00, real=0.03 secs] 
76.079: [GC (Allocation Failure) 76.079: [ParNew (promotion failed): 2751K->3022K(3072K), 0.0182912 secs]76.097: [CMS: 6326K->6324K(6848K), 0.0165397 secs] 9076K->9076K(9920K), [Metaspace: 3748K->3748K(1056768K)], 0.0349105 secs] [Times: user=0.16 sys=0.00, real=0.03 secs] 
76.114: [GC (CMS Initial Mark) [1 CMS-initial-mark: 6324K(6848K)] 9076K(9920K), 0.0030650 secs] [Times: user=0.00 sys=0.00, real=0.00 secs] 
76.117: [CMS-concurrent-mark-start]
76.118: [GC (Allocation Failure) 76.118: [ParNew (promotion failed): 2751K->3022K(3072K), 0.0152918 secs]76.133: [CMS76.136: [CMS-concurrent-mark: 0.004/0.019 secs] [Times: user=0.12 sys=0.00, real=0.02 secs] 
 (concurrent mode failure): 6326K->6324K(6848K), 0.0195750 secs] 9076K->9076K(9920K), [Metaspace: 3748K->3748K(1056768K)], 0.0349382 secs] [Times: user=0.14 sys=0.00, real=0.04 secs] 
76.154: [GC (Allocation Failure) 76.154: [ParNew (promotion failed): 2751K->3022K(3072K), 0.0247973 secs]76.178: [CMS: 6326K->6324K(6848K), 0.0165872 secs] 9076K->9076K(9920K), [Metaspace: 3748K->3748K(1056768K)], 0.0414531 secs] [Times: user=0.20 sys=0.00, real=0.04 secs] 
76.195: [GC (CMS Initial Mark) [1 CMS-initial-mark: 6324K(6848K)] 9076K(9920K), 0.0030598 secs] [Times: user=0.00 sys=0.00, real=0.01 secs] 
76.198: [CMS-concurrent-mark-start]
76.198: [GC (Allocation Failure) 76.198: [ParNew (promotion failed): 2751K->3022K(3072K), 0.0146771 secs]76.213: [CMS76.217: [CMS-concurrent-mark: 0.003/0.018 secs] [Times: user=0.12 sys=0.00, real=0.01 secs] 
 (concurrent mode failure): 6326K->6324K(6848K), 0.0199004 secs] 9076K->9076K(9920K), [Metaspace: 3748K->3748K(1056768K)], 0.0346383 secs] [Times: user=0.14 sys=0.00, real=0.03 secs] 
76.233: [GC (Allocation Failure) 76.233: [ParNew (promotion failed): 2751K->2997K(3072K), 0.0176577 secs]76.251: [CMS: 6326K->6324K(6848K), 0.0171678 secs] 9076K->9076K(9920K), [Metaspace: 3748K->3748K(1056768K)], 0.0348896 secs] [Times: user=0.13 sys=0.01, real=0.03 secs] 
76.269: [GC (CMS Initial Mark) [1 CMS-initial-mark: 6324K(6848K)] 9076K(9920K), 0.0030954 secs] [Times: user=0.00 sys=0.00, real=0.00 secs] 
76.272: [CMS-concurrent-mark-start]
76.272: [GC (Allocation Failure) 76.272: [ParNew (promotion failed): 2751K->3022K(3072K), 0.0211751 secs]76.293: [CMS76.297: [CMS-concurrent-mark: 0.004/0.025 secs] [Times: user=0.17 sys=0.00, real=0.02 secs] 
 (concurrent mode failure): 6326K->6324K(6848K), 0.0198184 secs] 9076K->9076K(9920K), [Metaspace: 3748K->3748K(1056768K)], 0.0410657 secs] [Times: user=0.18 sys=0.00, real=0.04 secs] 
76.313: [GC (Allocation Failure) 76.313: [ParNew (promotion failed): 2751K->2997K(3072K), 0.0164375 secs]76.330: [CMS: 6326K->6324K(6848K), 0.0167191 secs] 9076K->9076K(9920K), [Metaspace: 3748K->3748K(1056768K)], 0.0332192 secs] [Times: user=0.13 sys=0.00, real=0.03 secs] 
76.348: [GC (CMS Initial Mark) [1 CMS-initial-mark: 6324K(6848K)] 9076K(9920K), 0.0030454 secs] [Times: user=0.01 sys=0.00, real=0.01 secs] 
76.351: [CMS-concurrent-mark-start]
76.351: [GC (Allocation Failure) 76.351: [ParNew (promotion failed): 2751K->2997K(3072K), 0.0161895 secs]76.367: [CMS76.370: [CMS-concurrent-mark: 0.003/0.020 secs] [Times: user=0.12 sys=0.00, real=0.02 secs] 
 (concurrent mode failure): 6326K->6324K(6848K), 0.0200163 secs] 9076K->9076K(9920K), [Metaspace: 3748K->3748K(1056768K)], 0.0362795 secs] [Times: user=0.14 sys=0.00, real=0.03 secs] 
76.388: [GC (Allocation Failure) 76.388: [ParNew (promotion failed): 2751K->3022K(3072K), 0.0153684 secs]76.403: [CMS: 6326K->6324K(6848K), 0.0165914 secs] 9076K->9076K(9920K), [Metaspace: 3748K->3748K(1056768K)], 0.0320303 secs] [Times: user=0.13 sys=0.00, real=0.04 secs] 
76.420: [GC (CMS Initial Mark) [1 CMS-initial-mark: 6324K(6848K)] 9076K(9920K), 0.0030569 secs] [Times: user=0.00 sys=0.00, real=0.00 secs] 
76.423: [CMS-concurrent-mark-start]
76.424: [GC (Allocation Failure) 76.424: [ParNew (promotion failed): 2751K->3022K(3072K), 0.0137165 secs]76.437: [CMS76.441: [CMS-concurrent-mark: 0.004/0.017 secs] [Times: user=0.10 sys=0.00, real=0.02 secs] 
 (concurrent mode failure): 6326K->6324K(6848K), 0.0198189 secs] 9076K->9076K(9920K), [Metaspace: 3748K->3748K(1056768K)], 0.0336061 secs] [Times: user=0.12 sys=0.00, real=0.03 secs] 
76.458: [GC (Allocation Failure) 76.458: [ParNew (promotion failed): 2751K->2997K(3072K), 0.0217453 secs]76.479: [CMS: 6326K->6324K(6848K), 0.0166041 secs] 9076K->9076K(9920K), [Metaspace: 3748K->3748K(1056768K)], 0.0384152 secs] [Times: user=0.17 sys=0.00, real=0.04 secs] 
76.496: [GC (CMS Initial Mark) [1 CMS-initial-mark: 6324K(6848K)] 9076K(9920K), 0.0030627 secs] [Times: user=0.01 sys=0.00, real=0.01 secs] 
76.499: [CMS-concurrent-mark-start]
76.499: [GC (Allocation Failure) 76.499: [ParNew (promotion failed): 2751K->3022K(3072K), 0.0144108 secs]76.514: [CMS76.517: [CMS-concurrent-mark: 0.003/0.018 secs] [Times: user=0.10 sys=0.00, real=0.01 secs] 
 (concurrent mode failure): 6326K->6324K(6848K), 0.0202317 secs] 9076K->9076K(9920K), [Metaspace: 3748K->3748K(1056768K)], 0.0347134 secs] [Times: user=0.12 sys=0.00, real=0.03 secs] 
76.535: [GC (Allocation Failure) 76.535: [ParNew (promotion failed): 2751K->3022K(3072K), 0.0159616 secs]76.551: [CMS: 6326K->6324K(6848K), 0.0166610 secs] 9076K->9076K(9920K), [Metaspace: 3748K->3748K(1056768K)], 0.0326948 secs] [Times: user=0.13 sys=0.01, real=0.03 secs] 
76.568: [GC (CMS Initial Mark) [1 CMS-initial-mark: 6324K(6848K)] 9076K(9920K), 0.0031235 secs] [Times: user=0.01 sys=0.00, real=0.01 secs] 
76.571: [CMS-concurrent-mark-start]
76.571: [GC (Allocation Failure) 76.571: [ParNew (promotion failed): 2751K->3022K(3072K), 0.0165075 secs]76.587: [CMS76.591: [CMS-concurrent-mark: 0.004/0.020 secs] [Times: user=0.13 sys=0.00, real=0.02 secs] 
 (concurrent mode failure): 6326K->6324K(6848K), 0.0203499 secs] 9076K->9076K(9920K), [Metaspace: 3748K->3748K(1056768K)], 0.0369298 secs] [Times: user=0.14 sys=0.00, real=0.03 secs] 
76.609: [GC (Allocation Failure) 76.609: [ParNew (promotion failed): 2751K->3022K(3072K), 0.0145734 secs]76.623: [CMS: 6326K->6324K(6848K), 0.0167675 secs] 9076K->9076K(9920K), [Metaspace: 3748K->3748K(1056768K)], 0.0314103 secs] [Times: user=0.12 sys=0.00, real=0.03 secs] 
76.640: [GC (CMS Initial Mark) [1 CMS-initial-mark: 6324K(6848K)] 9076K(9920K), 0.0030667 secs] [Times: user=0.00 sys=0.00, real=0.00 secs] 
76.643: [CMS-concurrent-mark-start]
76.644: [GC (Allocation Failure) 76.644: [ParNew (promotion failed): 2751K->2997K(3072K), 0.0215709 secs]76.666: [CMS76.669: [CMS-concurrent-mark: 0.004/0.025 secs] [Times: user=0.18 sys=0.00, real=0.03 secs] 
 (concurrent mode failure): 6326K->6324K(6848K), 0.0195665 secs] 9076K->9076K(9920K), [Metaspace: 3748K->3748K(1056768K)], 0.0412020 secs] [Times: user=0.18 sys=0.00, real=0.04 secs] 
76.686: [GC (Allocation Failure) 76.686: [ParNew (promotion failed): 2751K->2972K(3072K), 0.0173844 secs]76.703: [CMS: 6326K->6324K(6848K), 0.0166590 secs] 9076K->9076K(9920K), [Metaspace: 3748K->3748K(1056768K)], 0.0341033 secs] [Times: user=0.15 sys=0.00, real=0.04 secs] 
76.720: [GC (CMS Initial Mark) [1 CMS-initial-mark: 6324K(6848K)] 9076K(9920K), 0.0030445 secs] [Times: user=0.00 sys=0.00, real=0.00 secs] 
76.723: [CMS-concurrent-mark-start]
76.723: [GC (Allocation Failure) 76.723: [ParNew (promotion failed): 2751K->2972K(3072K), 0.0207260 secs]76.744: [CMS76.748: [CMS-concurrent-mark: 0.003/0.024 secs] [Times: user=0.16 sys=0.00, real=0.02 secs] 
 (concurrent mode failure): 6326K->6324K(6848K), 0.0201138 secs] 9076K->9076K(9920K), [Metaspace: 3748K->3748K(1056768K)], 0.0409023 secs] [Times: user=0.18 sys=0.00, real=0.04 secs] 
76.765: [GC (Allocation Failure) 76.765: [ParNew (promotion failed): 2751K->2997K(3072K), 0.0228954 secs]76.787: [CMS: 6326K->6324K(6848K), 0.0164875 secs] 9076K->9076K(9920K), [Metaspace: 3748K->3748K(1056768K)], 0.0394482 secs] [Times: user=0.19 sys=0.00, real=0.04 secs] 
76.804: [GC (CMS Initial Mark) [1 CMS-initial-mark: 6324K(6848K)] 9076K(9920K), 0.0030359 secs] [Times: user=0.00 sys=0.00, real=0.00 secs] 
76.807: [CMS-concurrent-mark-start]
76.808: [GC (Allocation Failure) 76.808: [ParNew (promotion failed): 2751K->2997K(3072K), 0.0160307 secs]76.824: [CMS76.827: [CMS-concurrent-mark: 0.003/0.020 secs] [Times: user=0.13 sys=0.00, real=0.02 secs] 
 (concurrent mode failure): 6326K->6324K(6848K), 0.0199667 secs] 9076K->9076K(9920K), [Metaspace: 3748K->3748K(1056768K)], 0.0360609 secs] [Times: user=0.14 sys=0.00, real=0.04 secs] 
76.844: [GC (Allocation Failure) 76.844: [ParNew (promotion failed): 2751K->2997K(3072K), 0.0140218 secs]76.858: [CMS: 6326K->6324K(6848K), 0.0165923 secs] 9076K->9076K(9920K), [Metaspace: 3748K->3748K(1056768K)], 0.0306900 secs] [Times: user=0.11 sys=0.00, real=0.03 secs] 
76.876: [GC (CMS Initial Mark) [1 CMS-initial-mark: 6324K(6848K)] 9076K(9920K), 0.0030518 secs] [Times: user=0.01 sys=0.00, real=0.01 secs] 
76.879: [CMS-concurrent-mark-start]
76.879: [GC (Allocation Failure) 76.879: [ParNew (promotion failed): 2751K->2997K(3072K), 0.0162340 secs]76.895: [CMS76.899: [CMS-concurrent-mark: 0.003/0.020 secs] [Times: user=0.12 sys=0.00, real=0.02 secs] 
 (concurrent mode failure): 6326K->6324K(6848K), 0.0200273 secs] 9076K->9076K(9920K), [Metaspace: 3748K->3748K(1056768K)], 0.0363340 secs] [Times: user=0.14 sys=0.00, real=0.03 secs] 
76.916: [GC (Allocation Failure) 76.916: [ParNew (promotion failed): 2751K->3022K(3072K), 0.0167355 secs]76.933: [CMS: 6326K->6324K(6848K), 0.0164894 secs] 9076K->9076K(9920K), [Metaspace: 3748K->3748K(1056768K)], 0.0332983 secs] [Times: user=0.14 sys=0.01, real=0.04 secs] 
76.950: [GC (CMS Initial Mark) [1 CMS-initial-mark: 6324K(6848K)] 9076K(9920K), 0.0030788 secs] [Times: user=0.01 sys=0.00, real=0.00 secs] 
76.953: [CMS-concurrent-mark-start]
76.953: [GC (Allocation Failure) 76.953: [ParNew (promotion failed): 2751K->2997K(3072K), 0.0155593 secs]76.969: [CMS76.972: [CMS-concurrent-mark: 0.004/0.019 secs] [Times: user=0.12 sys=0.00, real=0.02 secs] 
 (concurrent mode failure): 6326K->6324K(6848K), 0.0201464 secs] 9076K->9076K(9920K), [Metaspace: 3748K->3748K(1056768K)], 0.0357820 secs] [Times: user=0.14 sys=0.00, real=0.04 secs] 
76.989: [GC (Allocation Failure) 76.989: [ParNew (promotion failed): 2751K->3022K(3072K), 0.0164513 secs]77.006: [CMS: 6326K->6324K(6848K), 0.0166575 secs] 9076K->9076K(9920K), [Metaspace: 3748K->3748K(1056768K)], 0.0331807 secs] [Times: user=0.13 sys=0.00, real=0.03 secs] 
77.023: [GC (CMS Initial Mark) [1 CMS-initial-mark: 6324K(6848K)] 9076K(9920K), 0.0030600 secs] [Times: user=0.01 sys=0.00, real=0.00 secs] 
77.026: [CMS-concurrent-mark-start]
77.026: [GC (Allocation Failure) 77.026: [ParNew (promotion failed): 2751K->2997K(3072K), 0.0157724 secs]77.042: [CMS77.045: [CMS-concurrent-mark: 0.004/0.019 secs] [Times: user=0.12 sys=0.00, real=0.02 secs] 
 (concurrent mode failure): 6326K->6324K(6848K), 0.0200839 secs] 9076K->9076K(9920K), [Metaspace: 3748K->3748K(1056768K)], 0.0359239 secs] [Times: user=0.14 sys=0.00, real=0.04 secs] 
77.062: [GC (Allocation Failure) 77.062: [ParNew (promotion failed): 2751K->2997K(3072K), 0.0210015 secs]77.083: [CMS: 6326K->6324K(6848K), 0.0166366 secs] 9076K->9076K(9920K), [Metaspace: 3748K->3748K(1056768K)], 0.0377026 secs] [Times: user=0.16 sys=0.00, real=0.04 secs] 
77.100: [GC (CMS Initial Mark) [1 CMS-initial-mark: 6324K(6848K)] 9076K(9920K), 0.0030745 secs] [Times: user=0.01 sys=0.00, real=0.00 secs] 
77.103: [CMS-concurrent-mark-start]
77.103: [GC (Allocation Failure) 77.103: [ParNew (promotion failed): 2751K->2997K(3072K), 0.0162818 secs]77.120: [CMS77.123: [CMS-concurrent-mark: 0.004/0.020 secs] [Times: user=0.13 sys=0.00, real=0.02 secs] 
 (concurrent mode failure): 6326K->6324K(6848K), 0.0201985 secs] 9076K->9076K(9920K), [Metaspace: 3748K->3748K(1056768K)], 0.0365505 secs] [Times: user=0.14 sys=0.00, real=0.04 secs] 
77.141: [GC (Allocation Failure) 77.141: [ParNew (promotion failed): 2751K->2997K(3072K), 0.0185122 secs]77.159: [CMS: 6326K->6324K(6848K), 0.0164997 secs] 9076K->9076K(9920K), [Metaspace: 3748K->3748K(1056768K)], 0.0350725 secs] [Times: user=0.16 sys=0.00, real=0.03 secs] 
77.176: [GC (CMS Initial Mark) [1 CMS-initial-mark: 6324K(6848K)] 9076K(9920K), 0.0030681 secs] [Times: user=0.00 sys=0.00, real=0.01 secs] 
77.179: [CMS-concurrent-mark-start]
77.180: [GC (Allocation Failure) 77.180: [ParNew (promotion failed): 2751K->3022K(3072K), 0.0244536 secs]77.204: [CMS77.207: [CMS-concurrent-mark: 0.003/0.028 secs] [Times: user=0.20 sys=0.00, real=0.02 secs] 
 (concurrent mode failure): 6326K->6324K(6848K), 0.0195335 secs] 9076K->9076K(9920K), [Metaspace: 3748K->3748K(1056768K)], 0.0440583 secs] [Times: user=0.21 sys=0.00, real=0.04 secs] 
77.225: [GC (Allocation Failure) 77.225: [ParNew (promotion failed): 2751K->3022K(3072K), 0.0171646 secs]77.242: [CMS: 6326K->6324K(6848K), 0.0165526 secs] 9076K->9076K(9920K), [Metaspace: 3748K->3748K(1056768K)], 0.0337836 secs] [Times: user=0.15 sys=0.00, real=0.04 secs] 
77.259: [GC (CMS Initial Mark) [1 CMS-initial-mark: 6324K(6848K)] 9076K(9920K), 0.0030246 secs] [Times: user=0.00 sys=0.00, real=0.00 secs] 
77.262: [CMS-concurrent-mark-start]
77.262: [GC (Allocation Failure) 77.262: [ParNew (promotion failed): 2751K->3046K(3072K), 0.0139747 secs]77.276: [CMS77.279: [CMS-concurrent-mark: 0.004/0.018 secs] [Times: user=0.11 sys=0.01, real=0.02 secs] 
 (concurrent mode failure): 6326K->6324K(6848K), 0.0199579 secs] 9076K->9076K(9920K), [Metaspace: 3748K->3748K(1056768K)], 0.0339993 secs] [Times: user=0.12 sys=0.01, real=0.03 secs] 
77.296: [GC (Allocation Failure) 77.296: [ParNew (promotion failed): 2751K->3022K(3072K), 0.0230430 secs]77.319: [CMS: 6326K->6324K(6848K), 0.0166528 secs] 9076K->9076K(9920K), [Metaspace: 3748K->3748K(1056768K)], 0.0397718 secs] [Times: user=0.20 sys=0.00, real=0.04 secs] 
77.336: [GC (CMS Initial Mark) [1 CMS-initial-mark: 6324K(6848K)] 9076K(9920K), 0.0030654 secs] [Times: user=0.00 sys=0.00, real=0.01 secs] 
77.339: [CMS-concurrent-mark-start]
77.340: [GC (Allocation Failure) 77.340: [ParNew (promotion failed): 2751K->2997K(3072K), 0.0163518 secs]77.356: [CMS77.359: [CMS-concurrent-mark: 0.004/0.020 secs] [Times: user=0.13 sys=0.00, real=0.02 secs] 
 (concurrent mode failure): 6326K->6324K(6848K), 0.0199081 secs] 9076K->9076K(9920K), [Metaspace: 3748K->3748K(1056768K)], 0.0363231 secs] [Times: user=0.15 sys=0.00, real=0.03 secs] 
77.376: [GC (Allocation Failure) 77.376: [ParNew (promotion failed): 2751K->3022K(3072K), 0.0154403 secs]77.392: [CMS: 6326K->6324K(6848K), 0.0166918 secs] 9076K->9076K(9920K), [Metaspace: 3748K->3748K(1056768K)], 0.0322124 secs] [Times: user=0.13 sys=0.00, real=0.04 secs] 
77.409: [GC (CMS Initial Mark) [1 CMS-initial-mark: 6324K(6848K)] 9076K(9920K), 0.0030836 secs] [Times: user=0.00 sys=0.00, real=0.00 secs] 
77.412: [CMS-concurrent-mark-start]
77.413: [GC (Allocation Failure) 77.413: [ParNew (promotion failed): 2751K->3022K(3072K), 0.0235192 secs]77.436: [CMS77.440: [CMS-concurrent-mark: 0.004/0.027 secs] [Times: user=0.17 sys=0.00, real=0.03 secs] 
 (concurrent mode failure): 6326K->6324K(6848K), 0.0204118 secs] 9076K->9076K(9920K), [Metaspace: 3748K->3748K(1056768K)], 0.0439944 secs] [Times: user=0.19 sys=0.00, real=0.04 secs] 
77.457: [GC (Allocation Failure) 77.457: [ParNew (promotion failed): 2751K->2997K(3072K), 0.0204606 secs]77.478: [CMS: 6326K->6324K(6848K), 0.0167852 secs] 9076K->9076K(9920K), [Metaspace: 3748K->3748K(1056768K)], 0.0373121 secs] [Times: user=0.15 sys=0.00, real=0.04 secs] 
77.495: [GC (CMS Initial Mark) [1 CMS-initial-mark: 6324K(6848K)] 9076K(9920K), 0.0030675 secs] [Times: user=0.01 sys=0.00, real=0.00 secs] 
77.498: [CMS-concurrent-mark-start]
77.498: [GC (Allocation Failure) 77.498: [ParNew (promotion failed): 2751K->2997K(3072K), 0.0203814 secs]77.519: [CMS77.522: [CMS-concurrent-mark: 0.003/0.024 secs] [Times: user=0.14 sys=0.00, real=0.03 secs] 
 (concurrent mode failure): 6326K->6324K(6848K), 0.0200335 secs] 9076K->9076K(9920K), [Metaspace: 3748K->3748K(1056768K)], 0.0404845 secs] [Times: user=0.16 sys=0.00, real=0.04 secs] 
77.539: [GC (Allocation Failure) 77.539: [ParNew (promotion failed): 2751K->2997K(3072K), 0.0156143 secs]77.555: [CMS: 6326K->6324K(6848K), 0.0166669 secs] 9076K->9076K(9920K), [Metaspace: 3748K->3748K(1056768K)], 0.0323587 secs] [Times: user=0.13 sys=0.00, real=0.03 secs] 
77.572: [GC (CMS Initial Mark) [1 CMS-initial-mark: 6324K(6848K)] 9076K(9920K), 0.0030501 secs] [Times: user=0.00 sys=0.00, real=0.00 secs] 
77.575: [CMS-concurrent-mark-start]
77.575: [GC (Allocation Failure) 77.575: [ParNew (promotion failed): 2751K->2997K(3072K), 0.0199022 secs]77.595: [CMS77.598: [CMS-concurrent-mark: 0.003/0.023 secs] [Times: user=0.15 sys=0.00, real=0.02 secs] 
 (concurrent mode failure): 6326K->6324K(6848K), 0.0198893 secs] 9076K->9076K(9920K), [Metaspace: 3748K->3748K(1056768K)], 0.0398619 secs] [Times: user=0.17 sys=0.00, real=0.04 secs] 
77.615: [GC (Allocation Failure) 77.615: [ParNew (promotion failed): 2751K->2997K(3072K), 0.0143385 secs]77.630: [CMS: 6326K->6324K(6848K), 0.0165295 secs] 9076K->9076K(9920K), [Metaspace: 3748K->3748K(1056768K)], 0.0309394 secs] [Times: user=0.12 sys=0.01, real=0.03 secs] 
77.647: [GC (CMS Initial Mark) [1 CMS-initial-mark: 6324K(6848K)] 9076K(9920K), 0.0030411 secs] [Times: user=0.00 sys=0.00, real=0.01 secs] 
77.650: [CMS-concurrent-mark-start]
77.650: [GC (Allocation Failure) 77.650: [ParNew (promotion failed): 2751K->2997K(3072K), 0.0192293 secs]77.669: [CMS77.673: [CMS-concurrent-mark: 0.004/0.023 secs] [Times: user=0.15 sys=0.00, real=0.02 secs] 
 (concurrent mode failure): 6326K->6324K(6848K), 0.0203032 secs] 9076K->9076K(9920K), [Metaspace: 3748K->3748K(1056768K)], 0.0395964 secs] [Times: user=0.17 sys=0.00, real=0.04 secs] 
77.690: [GC (Allocation Failure) 77.690: [ParNew (promotion failed): 2751K->3022K(3072K), 0.0186495 secs]77.709: [CMS: 6326K->6324K(6848K), 0.0165655 secs] 9076K->9076K(9920K), [Metaspace: 3748K->3748K(1056768K)], 0.0352849 secs] [Times: user=0.15 sys=0.00, real=0.03 secs] 
77.726: [GC (CMS Initial Mark) [1 CMS-initial-mark: 6324K(6848K)] 9076K(9920K), 0.0030669 secs] [Times: user=0.00 sys=0.00, real=0.01 secs] 
77.729: [CMS-concurrent-mark-start]
77.730: [GC (Allocation Failure) 77.730: [ParNew (promotion failed): 2751K->3022K(3072K), 0.0143882 secs]77.744: [CMS77.747: [CMS-concurrent-mark: 0.004/0.018 secs] [Times: user=0.12 sys=0.00, real=0.01 secs] 
 (concurrent mode failure): 6326K->6324K(6848K), 0.0195605 secs] 9076K->9076K(9920K), [Metaspace: 3748K->3748K(1056768K)], 0.0340110 secs] [Times: user=0.12 sys=0.00, real=0.03 secs] 
77.764: [GC (Allocation Failure) 77.764: [ParNew (promotion failed): 2751K->2972K(3072K), 0.0230182 secs]77.787: [CMS: 6326K->6324K(6848K), 0.0166054 secs] 9076K->9076K(9920K), [Metaspace: 3748K->3748K(1056768K)], 0.0396945 secs] [Times: user=0.19 sys=0.00, real=0.04 secs] 
77.804: [GC (CMS Initial Mark) [1 CMS-initial-mark: 6324K(6848K)] 9076K(9920K), 0.0030525 secs] [Times: user=0.01 sys=0.00, real=0.00 secs] 
77.807: [CMS-concurrent-mark-start]
77.807: [GC (Allocation Failure) 77.807: [ParNew (promotion failed): 2751K->3022K(3072K), 0.0150425 secs]77.822: [CMS77.826: [CMS-concurrent-mark: 0.003/0.019 secs] [Times: user=0.12 sys=0.00, real=0.02 secs] 
 (concurrent mode failure): 6326K->6324K(6848K), 0.0200003 secs] 9076K->9076K(9920K), [Metaspace: 3748K->3748K(1056768K)], 0.0351181 secs] [Times: user=0.13 sys=0.00, real=0.04 secs] 
77.843: [GC (Allocation Failure) 77.843: [ParNew (promotion failed): 2751K->2997K(3072K), 0.0228172 secs]77.865: [CMS: 6326K->6324K(6848K), 0.0164821 secs] 9076K->9076K(9920K), [Metaspace: 3748K->3748K(1056768K)], 0.0393619 secs] [Times: user=0.19 sys=0.00, real=0.04 secs] 
77.882: [GC (CMS Initial Mark) [1 CMS-initial-mark: 6324K(6848K)] 9076K(9920K), 0.0030351 secs] [Times: user=0.01 sys=0.00, real=0.00 secs] 
77.885: [CMS-concurrent-mark-start]
77.886: [GC (Allocation Failure) 77.886: [ParNew (promotion failed): 2751K->2997K(3072K), 0.0167443 secs]77.902: [CMS77.906: [CMS-concurrent-mark: 0.004/0.020 secs] [Times: user=0.13 sys=0.00, real=0.02 secs] 
 (concurrent mode failure): 6326K->6324K(6848K), 0.0199649 secs] 9076K->9076K(9920K), [Metaspace: 3748K->3748K(1056768K)], 0.0367774 secs] [Times: user=0.15 sys=0.00, real=0.04 secs] 
77.923: [GC (Allocation Failure) 77.923: [ParNew (promotion failed): 2751K->2997K(3072K), 0.0223662 secs]77.945: [CMS: 6326K->6324K(6848K), 0.0166912 secs] 9076K->9076K(9920K), [Metaspace: 3748K->3748K(1056768K)], 0.0391419 secs] [Times: user=0.17 sys=0.00, real=0.04 secs] 
77.963: [GC (CMS Initial Mark) [1 CMS-initial-mark: 6324K(6848K)] 9076K(9920K), 0.0030409 secs] [Times: user=0.00 sys=0.00, real=0.00 secs] 
77.966: [CMS-concurrent-mark-start]
77.966: [GC (Allocation Failure) 77.966: [ParNew (promotion failed): 2751K->2997K(3072K), 0.0155988 secs]77.982: [CMS77.985: [CMS-concurrent-mark: 0.003/0.019 secs] [Times: user=0.12 sys=0.00, real=0.02 secs] 
 (concurrent mode failure): 6326K->6324K(6848K), 0.0201609 secs] 9076K->9076K(9920K), [Metaspace: 3748K->3748K(1056768K)], 0.0358353 secs] [Times: user=0.14 sys=0.00, real=0.04 secs] 
78.003: [GC (Allocation Failure) 78.003: [ParNew (promotion failed): 2751K->3022K(3072K), 0.0219740 secs]78.025: [CMS: 6326K->6324K(6848K), 0.0168470 secs] 9076K->9076K(9920K), [Metaspace: 3748K->3748K(1056768K)], 0.0388882 secs] [Times: user=0.17 sys=0.01, real=0.04 secs] 
78.042: [GC (CMS Initial Mark) [1 CMS-initial-mark: 6324K(6848K)] 9076K(9920K), 0.0030709 secs] [Times: user=0.01 sys=0.00, real=0.00 secs] 
78.045: [CMS-concurrent-mark-start]
78.045: [GC (Allocation Failure) 78.045: [ParNew (promotion failed): 2751K->2997K(3072K), 0.0133065 secs]78.059: [CMS78.062: [CMS-concurrent-mark: 0.003/0.017 secs] [Times: user=0.09 sys=0.00, real=0.02 secs] 
 (concurrent mode failure): 6326K->6324K(6848K), 0.0197161 secs] 9076K->9076K(9920K), [Metaspace: 3748K->3748K(1056768K)], 0.0330945 secs] [Times: user=0.11 sys=0.00, real=0.04 secs] 
78.079: [GC (Allocation Failure) 78.079: [ParNew (promotion failed): 2751K->2997K(3072K), 0.0162741 secs]78.095: [CMS: 6326K->6324K(6848K), 0.0165390 secs] 9076K->9076K(9920K), [Metaspace: 3748K->3748K(1056768K)], 0.0328778 secs] [Times: user=0.14 sys=0.00, real=0.03 secs] 
78.112: [GC (CMS Initial Mark) [1 CMS-initial-mark: 6324K(6848K)] 9076K(9920K), 0.0030703 secs] [Times: user=0.00 sys=0.00, real=0.00 secs] 
78.115: [CMS-concurrent-mark-start]
78.115: [GC (Allocation Failure) 78.115: [ParNew (promotion failed): 2751K->2997K(3072K), 0.0228686 secs]78.138: [CMS78.141: [CMS-concurrent-mark: 0.003/0.026 secs] [Times: user=0.18 sys=0.00, real=0.03 secs] 
 (concurrent mode failure): 6326K->6324K(6848K), 0.0199120 secs] 9076K->9076K(9920K), [Metaspace: 3748K->3748K(1056768K)], 0.0428434 secs] [Times: user=0.19 sys=0.00, real=0.04 secs] 
78.158: [GC (Allocation Failure) 78.158: [ParNew (promotion failed): 2751K->2972K(3072K), 0.0208925 secs]78.179: [CMS: 6326K->6324K(6848K), 0.0166150 secs] 9076K->9076K(9920K), [Metaspace: 3748K->3748K(1056768K)], 0.0375753 secs] [Times: user=0.18 sys=0.00, real=0.04 secs] 
78.196: [GC (CMS Initial Mark) [1 CMS-initial-mark: 6324K(6848K)] 9076K(9920K), 0.0030389 secs] [Times: user=0.00 sys=0.00, real=0.01 secs] 
78.199: [CMS-concurrent-mark-start]
78.199: [GC (Allocation Failure) 78.199: [ParNew (promotion failed): 2751K->3022K(3072K), 0.0158920 secs]78.215: [CMS78.219: [CMS-concurrent-mark: 0.004/0.020 secs] [Times: user=0.12 sys=0.00, real=0.02 secs] 
 (concurrent mode failure): 6326K->6324K(6848K), 0.0204151 secs] 9076K->9076K(9920K), [Metaspace: 3748K->3748K(1056768K)], 0.0363775 secs] [Times: user=0.13 sys=0.00, real=0.03 secs] 
78.237: [GC (Allocation Failure) 78.237: [ParNew (promotion failed): 2751K->2997K(3072K), 0.0149605 secs]78.252: [CMS: 6326K->6324K(6848K), 0.0167882 secs] 9076K->9076K(9920K), [Metaspace: 3748K->3748K(1056768K)], 0.0318204 secs] [Times: user=0.13 sys=0.00, real=0.03 secs] 
78.269: [GC (CMS Initial Mark) [1 CMS-initial-mark: 6324K(6848K)] 9076K(9920K), 0.0030828 secs] [Times: user=0.00 sys=0.00, real=0.00 secs] 
78.272: [CMS-concurrent-mark-start]
78.273: [GC (Allocation Failure) 78.273: [ParNew (promotion failed): 2751K->3022K(3072K), 0.0139208 secs]78.286: [CMS78.290: [CMS-concurrent-mark: 0.004/0.018 secs] [Times: user=0.10 sys=0.01, real=0.02 secs] 
 (concurrent mode failure): 6326K->6324K(6848K), 0.0198012 secs] 9076K->9076K(9920K), [Metaspace: 3748K->3748K(1056768K)], 0.0337903 secs] [Times: user=0.12 sys=0.01, real=0.03 secs] 
78.307: [GC (Allocation Failure) 78.307: [ParNew (promotion failed): 2751K->3071K(3072K), 0.0230574 secs]78.330: [CMS: 6326K->6324K(6848K), 0.0168673 secs] 9076K->9076K(9920K), [Metaspace: 3748K->3748K(1056768K)], 0.0399821 secs] [Times: user=0.18 sys=0.00, real=0.04 secs] 
78.347: [GC (CMS Initial Mark) [1 CMS-initial-mark: 6324K(6848K)] 9076K(9920K), 0.0030692 secs] [Times: user=0.00 sys=0.00, real=0.01 secs] 
78.350: [CMS-concurrent-mark-start]
78.350: [GC (Allocation Failure) 78.350: [ParNew (promotion failed): 2751K->2994K(3072K), 0.0209119 secs]78.371: [CMS78.375: [CMS-concurrent-mark: 0.004/0.025 secs] [Times: user=0.16 sys=0.00, real=0.02 secs] 
 (concurrent mode failure): 6326K->6324K(6848K), 0.0202070 secs] 9076K->9076K(9920K), [Metaspace: 3748K->3748K(1056768K)], 0.0411999 secs] [Times: user=0.17 sys=0.00, real=0.04 secs] 
78.392: [GC (Allocation Failure) 78.392: [ParNew (promotion failed): 2751K->3015K(3072K), 0.0167240 secs]78.409: [CMS: 6326K->6324K(6848K), 0.0167317 secs] 9076K->9076K(9920K), [Metaspace: 3748K->3748K(1056768K)], 0.0335290 secs] [Times: user=0.14 sys=0.00, real=0.03 secs] 
78.426: [GC (CMS Initial Mark) [1 CMS-initial-mark: 6324K(6848K)] 9076K(9920K), 0.0030739 secs] [Times: user=0.00 sys=0.00, real=0.01 secs] 
78.429: [CMS-concurrent-mark-start]
78.429: [GC (Allocation Failure) 78.429: [ParNew (promotion failed): 2751K->2990K(3072K), 0.0213415 secs]78.450: [CMS78.454: [CMS-concurrent-mark: 0.004/0.025 secs] [Times: user=0.16 sys=0.00, real=0.02 secs] 
 (concurrent mode failure): 6326K->6324K(6848K), 0.0201340 secs] 9076K->9076K(9920K), [Metaspace: 3748K->3748K(1056768K)], 0.0415394 secs] [Times: user=0.18 sys=0.00, real=0.04 secs] 
78.471: [GC (Allocation Failure) 78.471: [ParNew (promotion failed): 2751K->3020K(3072K), 0.0139697 secs]78.485: [CMS: 6326K->6324K(6848K), 0.0170280 secs] 9076K->9076K(9920K), [Metaspace: 3748K->3748K(1056768K)], 0.0310670 secs] [Times: user=0.10 sys=0.00, real=0.03 secs] 
78.503: [GC (CMS Initial Mark) [1 CMS-initial-mark: 6324K(6848K)] 9076K(9920K), 0.0032215 secs] [Times: user=0.00 sys=0.00, real=0.00 secs] 
78.506: [CMS-concurrent-mark-start]
78.506: [GC (Allocation Failure) 78.506: [ParNew (promotion failed): 2751K->3021K(3072K), 0.0213344 secs]78.528: [CMS78.531: [CMS-concurrent-mark: 0.004/0.025 secs] [Times: user=0.14 sys=0.01, real=0.03 secs] 
 (concurrent mode failure): 6326K->6324K(6848K), 0.0213646 secs] 9076K->9076K(9920K), [Metaspace: 3748K->3748K(1056768K)], 0.0427892 secs] [Times: user=0.16 sys=0.01, real=0.05 secs] 
78.550: [GC (Allocation Failure) 78.550: [ParNew (promotion failed): 2751K->3022K(3072K), 0.0141418 secs]78.564: [CMS: 6326K->6324K(6848K), 0.0169124 secs] 9076K->9076K(9920K), [Metaspace: 3748K->3748K(1056768K)], 0.0311308 secs] [Times: user=0.08 sys=0.00, real=0.03 secs] 
78.582: [GC (CMS Initial Mark) [1 CMS-initial-mark: 6324K(6848K)] 9076K(9920K), 0.0030613 secs] [Times: user=0.01 sys=0.00, real=0.00 secs] 
78.585: [CMS-concurrent-mark-start]
78.585: [GC (Allocation Failure) 78.585: [ParNew (promotion failed): 2751K->2997K(3072K), 0.0116623 secs]78.597: [CMS78.600: [CMS-concurrent-mark: 0.004/0.016 secs] [Times: user=0.06 sys=0.00, real=0.02 secs] 
 (concurrent mode failure): 6326K->6324K(6848K), 0.0203640 secs] 9076K->9076K(9920K), [Metaspace: 3748K->3748K(1056768K)], 0.0322492 secs] [Times: user=0.08 sys=0.00, real=0.03 secs] 
78.618: [GC (Allocation Failure) 78.618: [ParNew (promotion failed): 2751K->3022K(3072K), 0.0184165 secs]78.636: [CMS: 6326K->6324K(6848K), 0.0168454 secs] 9076K->9076K(9920K), [Metaspace: 3748K->3748K(1056768K)], 0.0353330 secs] [Times: user=0.14 sys=0.00, real=0.04 secs] 
78.653: [GC (CMS Initial Mark) [1 CMS-initial-mark: 6324K(6848K)] 9076K(9920K), 0.0030711 secs] [Times: user=0.00 sys=0.00, real=0.00 secs] 
78.657: [CMS-concurrent-mark-start]
78.657: [GC (Allocation Failure) 78.657: [ParNew (promotion failed): 2751K->3022K(3072K), 0.0176551 secs]78.674: [CMS78.678: [CMS-concurrent-mark: 0.004/0.021 secs] [Times: user=0.13 sys=0.00, real=0.02 secs] 
 (concurrent mode failure): 6326K->6324K(6848K), 0.0203275 secs] 9076K->9076K(9920K), [Metaspace: 3748K->3748K(1056768K)], 0.0380470 secs] [Times: user=0.15 sys=0.00, real=0.04 secs] 
78.695: [GC (Allocation Failure) 78.695: [ParNew (promotion failed): 2751K->3022K(3072K), 0.0212576 secs]78.716: [CMS: 6326K->6324K(6848K), 0.0169222 secs] 9076K->9076K(9920K), [Metaspace: 3748K->3748K(1056768K)], 0.0382595 secs] [Times: user=0.16 sys=0.00, real=0.04 secs] 
78.734: [GC (CMS Initial Mark) [1 CMS-initial-mark: 6324K(6848K)] 9076K(9920K), 0.0030987 secs] [Times: user=0.01 sys=0.00, real=0.00 secs] 
78.737: [CMS-concurrent-mark-start]
78.737: [GC (Allocation Failure) 78.737: [ParNew (promotion failed): 2751K->2997K(3072K), 0.0207748 secs]78.758: [CMS78.761: [CMS-concurrent-mark: 0.004/0.024 secs] [Times: user=0.15 sys=0.01, real=0.03 secs] 
 (concurrent mode failure): 6326K->6324K(6848K), 0.0204744 secs] 9076K->9076K(9920K), [Metaspace: 3748K->3748K(1056768K)], 0.0413244 secs] [Times: user=0.17 sys=0.01, real=0.04 secs] 
78.779: [GC (Allocation Failure) 78.779: [ParNew (promotion failed): 2751K->3022K(3072K), 0.0166139 secs]78.796: [CMS: 6326K->6324K(6848K), 0.0166883 secs] 9076K->9076K(9920K), [Metaspace: 3748K->3748K(1056768K)], 0.0333803 secs] [Times: user=0.13 sys=0.00, real=0.03 secs] 
78.813: [GC (CMS Initial Mark) [1 CMS-initial-mark: 6324K(6848K)] 9076K(9920K), 0.0030754 secs] [Times: user=0.00 sys=0.00, real=0.00 secs] 
78.816: [CMS-concurrent-mark-start]
78.817: [GC (Allocation Failure) 78.817: [ParNew (promotion failed): 2751K->3022K(3072K), 0.0148360 secs]78.832: [CMS78.835: [CMS-concurrent-mark: 0.004/0.019 secs] [Times: user=0.11 sys=0.00, real=0.02 secs] 
 (concurrent mode failure): 6326K->6324K(6848K), 0.0197511 secs] 9076K->9076K(9920K), [Metaspace: 3748K->3748K(1056768K)], 0.0346526 secs] [Times: user=0.13 sys=0.00, real=0.04 secs] 
78.852: [GC (Allocation Failure) 78.852: [ParNew (promotion failed): 2751K->3022K(3072K), 0.0196637 secs]78.872: [CMS: 6326K->6324K(6848K), 0.0167815 secs] 9076K->9076K(9920K), [Metaspace: 3748K->3748K(1056768K)], 0.0365191 secs] [Times: user=0.16 sys=0.00, real=0.03 secs] 
78.889: [GC (CMS Initial Mark) [1 CMS-initial-mark: 6324K(6848K)] 9076K(9920K), 0.0031107 secs] [Times: user=0.00 sys=0.00, real=0.00 secs] 
78.892: [CMS-concurrent-mark-start]
78.892: [GC (Allocation Failure) 78.892: [ParNew (promotion failed): 2751K->2997K(3072K), 0.0139022 secs]78.906: [CMS78.909: [CMS-concurrent-mark: 0.004/0.018 secs] [Times: user=0.11 sys=0.00, real=0.02 secs] 
 (concurrent mode failure): 6326K->6324K(6848K), 0.0199842 secs] 9076K->9076K(9920K), [Metaspace: 3748K->3748K(1056768K)], 0.0339555 secs] [Times: user=0.12 sys=0.00, real=0.03 secs] 
78.926: [GC (Allocation Failure) 78.926: [ParNew (promotion failed): 2751K->2972K(3072K), 0.0210756 secs]78.947: [CMS: 6326K->6324K(6848K), 0.0169648 secs] 9076K->9076K(9920K), [Metaspace: 3748K->3748K(1056768K)], 0.0381093 secs] [Times: user=0.18 sys=0.00, real=0.04 secs] 
78.965: [GC (CMS Initial Mark) [1 CMS-initial-mark: 6324K(6848K)] 9076K(9920K), 0.0030578 secs] [Times: user=0.01 sys=0.00, real=0.00 secs] 
78.968: [CMS-concurrent-mark-start]
78.968: [GC (Allocation Failure) 78.968: [ParNew (promotion failed): 2751K->3022K(3072K), 0.0146595 secs]78.983: [CMS78.986: [CMS-concurrent-mark: 0.004/0.018 secs] [Times: user=0.10 sys=0.00, real=0.02 secs] 
 (concurrent mode failure): 6326K->6324K(6848K), 0.0201834 secs] 9076K->9076K(9920K), [Metaspace: 3748K->3748K(1056768K)], 0.0349080 secs] [Times: user=0.12 sys=0.00, real=0.04 secs] 
79.003: [GC (Allocation Failure) 79.003: [ParNew (promotion failed): 2751K->3022K(3072K), 0.0172436 secs]79.020: [CMS: 6326K->6324K(6848K), 0.0167212 secs] 9076K->9076K(9920K), [Metaspace: 3748K->3748K(1056768K)], 0.0340323 secs] [Times: user=0.15 sys=0.00, real=0.03 secs] 
79.038: [GC (CMS Initial Mark) [1 CMS-initial-mark: 6324K(6848K)] 9076K(9920K), 0.0030771 secs] [Times: user=0.00 sys=0.00, real=0.01 secs] 
79.041: [CMS-concurrent-mark-start]
79.041: [GC (Allocation Failure) 79.041: [ParNew (promotion failed): 2751K->3046K(3072K), 0.0177327 secs]79.059: [CMS79.062: [CMS-concurrent-mark: 0.004/0.021 secs] [Times: user=0.14 sys=0.00, real=0.02 secs] 
 (concurrent mode failure): 6326K->6324K(6848K), 0.0201260 secs] 9076K->9076K(9920K), [Metaspace: 3748K->3748K(1056768K)], 0.0379277 secs] [Times: user=0.16 sys=0.00, real=0.04 secs] 
79.080: [GC (Allocation Failure) 79.080: [ParNew (promotion failed): 2751K->2997K(3072K), 0.0147768 secs]79.095: [CMS: 6326K->6324K(6848K), 0.0166145 secs] 9076K->9076K(9920K), [Metaspace: 3748K->3748K(1056768K)], 0.0314598 secs] [Times: user=0.13 sys=0.00, real=0.03 secs] 
79.112: [GC (CMS Initial Mark) [1 CMS-initial-mark: 6324K(6848K)] 9076K(9920K), 0.0030801 secs] [Times: user=0.00 sys=0.00, real=0.00 secs] 
79.115: [CMS-concurrent-mark-start]
79.115: [GC (Allocation Failure) 79.115: [ParNew (promotion failed): 2751K->2997K(3072K), 0.0165088 secs]79.132: [CMS79.135: [CMS-concurrent-mark: 0.003/0.020 secs] [Times: user=0.13 sys=0.00, real=0.02 secs] 
 (concurrent mode failure): 6326K->6324K(6848K), 0.0197065 secs] 9076K->9076K(9920K), [Metaspace: 3748K->3748K(1056768K)], 0.0362754 secs] [Times: user=0.15 sys=0.00, real=0.04 secs] 
79.152: [GC (Allocation Failure) 79.152: [ParNew (promotion failed): 2751K->2997K(3072K), 0.0164286 secs]79.168: [CMS: 6326K->6324K(6848K), 0.0165089 secs] 9076K->9076K(9920K), [Metaspace: 3748K->3748K(1056768K)], 0.0329925 secs] [Times: user=0.14 sys=0.00, real=0.03 secs] 
79.185: [GC (CMS Initial Mark) [1 CMS-initial-mark: 6324K(6848K)] 9076K(9920K), 0.0030613 secs] [Times: user=0.00 sys=0.00, real=0.00 secs] 
79.188: [CMS-concurrent-mark-start]
79.188: [GC (Allocation Failure) 79.188: [ParNew (promotion failed): 2751K->2997K(3072K), 0.0177963 secs]79.206: [CMS79.209: [CMS-concurrent-mark: 0.003/0.021 secs] [Times: user=0.14 sys=0.00, real=0.03 secs] 
 (concurrent mode failure): 6326K->6324K(6848K), 0.0200844 secs] 9076K->9076K(9920K), [Metaspace: 3748K->3748K(1056768K)], 0.0379319 secs] [Times: user=0.15 sys=0.00, real=0.04 secs] 
79.227: [GC (Allocation Failure) 79.227: [ParNew (promotion failed): 2751K->2997K(3072K), 0.0141848 secs]79.241: [CMS: 6326K->6324K(6848K), 0.0167153 secs] 9076K->9076K(9920K), [Metaspace: 3748K->3748K(1056768K)], 0.0309521 secs] [Times: user=0.12 sys=0.00, real=0.03 secs] 
79.258: [GC (CMS Initial Mark) [1 CMS-initial-mark: 6324K(6848K)] 9076K(9920K), 0.0030407 secs] [Times: user=0.00 sys=0.00, real=0.01 secs] 
79.261: [CMS-concurrent-mark-start]
79.261: [GC (Allocation Failure) 79.261: [ParNew (promotion failed): 2751K->3022K(3072K), 0.0228564 secs]79.284: [CMS79.287: [CMS-concurrent-mark: 0.004/0.026 secs] [Times: user=0.18 sys=0.00, real=0.02 secs] 
 (concurrent mode failure): 6326K->6324K(6848K), 0.0203279 secs] 9076K->9076K(9920K), [Metaspace: 3748K->3748K(1056768K)], 0.0432395 secs] [Times: user=0.20 sys=0.00, real=0.04 secs] 
79.305: [GC (Allocation Failure) 79.305: [ParNew (promotion failed): 2751K->3022K(3072K), 0.0175725 secs]79.323: [CMS: 6326K->6324K(6848K), 0.0164882 secs] 9076K->9076K(9920K), [Metaspace: 3748K->3748K(1056768K)], 0.0341197 secs] [Times: user=0.15 sys=0.00, real=0.04 secs] 
79.340: [GC (CMS Initial Mark) [1 CMS-initial-mark: 6324K(6848K)] 9076K(9920K), 0.0030819 secs] [Times: user=0.00 sys=0.00, real=0.00 secs] 
79.343: [CMS-concurrent-mark-start]
79.343: [GC (Allocation Failure) 79.343: [ParNew (promotion failed): 2751K->2997K(3072K), 0.0218348 secs]79.365: [CMS79.368: [CMS-concurrent-mark: 0.003/0.025 secs] [Times: user=0.17 sys=0.00, real=0.02 secs] 
 (concurrent mode failure): 6326K->6324K(6848K), 0.0196813 secs] 9076K->9076K(9920K), [Metaspace: 3748K->3748K(1056768K)], 0.0415711 secs] [Times: user=0.18 sys=0.00, real=0.04 secs] 
79.386: [GC (Allocation Failure) 79.386: [ParNew (promotion failed): 2751K->2997K(3072K), 0.0210507 secs]79.407: [CMS: 6326K->6324K(6848K), 0.0168968 secs] 9076K->9076K(9920K), [Metaspace: 3748K->3748K(1056768K)], 0.0380149 secs] [Times: user=0.17 sys=0.01, real=0.04 secs] 
79.424: [GC (CMS Initial Mark) [1 CMS-initial-mark: 6324K(6848K)] 9076K(9920K), 0.0030666 secs] [Times: user=0.00 sys=0.00, real=0.00 secs] 
79.427: [CMS-concurrent-mark-start]
79.427: [GC (Allocation Failure) 79.427: [ParNew (promotion failed): 2751K->2997K(3072K), 0.0217612 secs]79.449: [CMS79.452: [CMS-concurrent-mark: 0.004/0.025 secs] [Times: user=0.17 sys=0.00, real=0.03 secs] 
 (concurrent mode failure): 6326K->6324K(6848K), 0.0201925 secs] 9076K->9076K(9920K), [Metaspace: 3748K->3748K(1056768K)], 0.0420200 secs] [Times: user=0.19 sys=0.00, real=0.05 secs] 
79.469: [GC (Allocation Failure) 79.469: [ParNew (promotion failed): 2751K->3022K(3072K), 0.0173663 secs]79.487: [CMS: 6326K->6324K(6848K), 0.0172182 secs] 9076K->9076K(9920K), [Metaspace: 3748K->3748K(1056768K)], 0.0346449 secs] [Times: user=0.13 sys=0.00, real=0.03 secs] 
79.504: [GC (CMS Initial Mark) [1 CMS-initial-mark: 6324K(6848K)] 9076K(9920K), 0.0032955 secs] [Times: user=0.00 sys=0.00, real=0.00 secs] 
79.508: [CMS-concurrent-mark-start]
79.508: [GC (Allocation Failure) 79.508: [ParNew (promotion failed): 2751K->2997K(3072K), 0.0196304 secs]79.528: [CMS79.531: [CMS-concurrent-mark: 0.004/0.023 secs] [Times: user=0.13 sys=0.00, real=0.03 secs] 
 (concurrent mode failure): 6326K->6324K(6848K), 0.0213774 secs] 9076K->9076K(9920K), [Metaspace: 3748K->3748K(1056768K)], 0.0410799 secs] [Times: user=0.15 sys=0.00, real=0.05 secs] 
79.549: [GC (Allocation Failure) 79.549: [ParNew (promotion failed): 2751K->3022K(3072K), 0.0121943 secs]79.562: [CMS: 6326K->6324K(6848K), 0.0166945 secs] 9076K->9076K(9920K), [Metaspace: 3748K->3748K(1056768K)], 0.0289560 secs] [Times: user=0.09 sys=0.00, real=0.02 secs] 
79.579: [GC (CMS Initial Mark) [1 CMS-initial-mark: 6324K(6848K)] 9076K(9920K), 0.0030425 secs] [Times: user=0.01 sys=0.00, real=0.00 secs] 
79.582: [CMS-concurrent-mark-start]
79.582: [GC (Allocation Failure) 79.582: [ParNew (promotion failed): 2751K->2997K(3072K), 0.0212526 secs]79.604: [CMS79.607: [CMS-concurrent-mark: 0.003/0.025 secs] [Times: user=0.15 sys=0.00, real=0.02 secs] 
 (concurrent mode failure): 6326K->6324K(6848K), 0.0201072 secs] 9076K->9076K(9920K), [Metaspace: 3748K->3748K(1056768K)], 0.0414230 secs] [Times: user=0.17 sys=0.00, real=0.04 secs] 
79.625: [GC (Allocation Failure) 79.625: [ParNew (promotion failed): 2751K->2997K(3072K), 0.0176623 secs]79.642: [CMS: 6326K->6324K(6848K), 0.0168652 secs] 9076K->9076K(9920K), [Metaspace: 3748K->3748K(1056768K)], 0.0346022 secs] [Times: user=0.14 sys=0.01, real=0.04 secs] 
79.660: [GC (CMS Initial Mark) [1 CMS-initial-mark: 6324K(6848K)] 9076K(9920K), 0.0030596 secs] [Times: user=0.01 sys=0.00, real=0.00 secs] 
79.663: [CMS-concurrent-mark-start]
79.663: [GC (Allocation Failure) 79.663: [ParNew (promotion failed): 2751K->2997K(3072K), 0.0225457 secs]79.686: [CMS79.689: [CMS-concurrent-mark: 0.003/0.026 secs] [Times: user=0.17 sys=0.00, real=0.03 secs] 
 (concurrent mode failure): 6326K->6324K(6848K), 0.0197352 secs] 9076K->9076K(9920K), [Metaspace: 3748K->3748K(1056768K)], 0.0423403 secs] [Times: user=0.19 sys=0.00, real=0.04 secs] 
79.706: [GC (Allocation Failure) 79.706: [ParNew (promotion failed): 2751K->3022K(3072K), 0.0160917 secs]79.722: [CMS: 6326K->6324K(6848K), 0.0166223 secs] 9076K->9076K(9920K), [Metaspace: 3748K->3748K(1056768K)], 0.0327687 secs] [Times: user=0.14 sys=0.00, real=0.04 secs] 
79.739: [GC (CMS Initial Mark) [1 CMS-initial-mark: 6324K(6848K)] 9076K(9920K), 0.0030522 secs] [Times: user=0.00 sys=0.00, real=0.00 secs] 
79.742: [CMS-concurrent-mark-start]
79.742: [GC (Allocation Failure) 79.742: [ParNew (promotion failed): 2751K->2997K(3072K), 0.0209303 secs]79.763: [CMS79.767: [CMS-concurrent-mark: 0.004/0.025 secs] [Times: user=0.16 sys=0.00, real=0.02 secs] 
 (concurrent mode failure): 6326K->6324K(6848K), 0.0210320 secs] 9076K->9076K(9920K), [Metaspace: 3748K->3748K(1056768K)], 0.0420251 secs] [Times: user=0.18 sys=0.00, real=0.04 secs] 
79.784: [GC (Allocation Failure) 79.784: [ParNew (promotion failed): 2751K->2997K(3072K), 0.0138619 secs]79.798: [CMS: 6326K->6324K(6848K), 0.0167562 secs] 9076K->9076K(9920K), [Metaspace: 3748K->3748K(1056768K)], 0.0306929 secs] [Times: user=0.11 sys=0.00, real=0.03 secs] 
79.815: [GC (CMS Initial Mark) [1 CMS-initial-mark: 6324K(6848K)] 9076K(9920K), 0.0031060 secs] [Times: user=0.01 sys=0.00, real=0.01 secs] 
79.819: [CMS-concurrent-mark-start]
79.819: [GC (Allocation Failure) 79.819: [ParNew (promotion failed): 2751K->2997K(3072K), 0.0149010 secs]79.834: [CMS79.837: [CMS-concurrent-mark: 0.004/0.019 secs] [Times: user=0.11 sys=0.00, real=0.01 secs] 
 (concurrent mode failure): 6326K->6324K(6848K), 0.0202689 secs] 9076K->9076K(9920K), [Metaspace: 3748K->3748K(1056768K)], 0.0352285 secs] [Times: user=0.12 sys=0.00, real=0.03 secs] 
79.855: [GC (Allocation Failure) 79.855: [ParNew (promotion failed): 2751K->2997K(3072K), 0.0170599 secs]79.872: [CMS: 6326K->6324K(6848K), 0.0168150 secs] 9076K->9076K(9920K), [Metaspace: 3748K->3748K(1056768K)], 0.0339360 secs] [Times: user=0.13 sys=0.00, real=0.04 secs] 
79.889: [GC (CMS Initial Mark) [1 CMS-initial-mark: 6324K(6848K)] 9076K(9920K), 0.0031319 secs] [Times: user=0.00 sys=0.00, real=0.00 secs] 
79.892: [CMS-concurrent-mark-start]
79.893: [GC (Allocation Failure) 79.893: [ParNew (promotion failed): 2751K->3022K(3072K), 0.0247352 secs]79.918: [CMS79.921: [CMS-concurrent-mark: 0.004/0.029 secs] [Times: user=0.20 sys=0.00, real=0.03 secs] 
 (concurrent mode failure): 6326K->6324K(6848K), 0.0199863 secs] 9076K->9076K(9920K), [Metaspace: 3748K->3748K(1056768K)], 0.0447815 secs] [Times: user=0.21 sys=0.01, real=0.04 secs] 
79.938: [GC (Allocation Failure) 79.938: [ParNew (promotion failed): 2751K->3022K(3072K), 0.0178018 secs]79.956: [CMS: 6326K->6324K(6848K), 0.0168217 secs] 9076K->9076K(9920K), [Metaspace: 3748K->3748K(1056768K)], 0.0346946 secs] [Times: user=0.14 sys=0.00, real=0.04 secs] 
79.973: [GC (CMS Initial Mark) [1 CMS-initial-mark: 6324K(6848K)] 9076K(9920K), 0.0030413 secs] [Times: user=0.00 sys=0.00, real=0.00 secs] 
79.976: [CMS-concurrent-mark-start]
79.976: [GC (Allocation Failure) 79.976: [ParNew (promotion failed): 2751K->3022K(3072K), 0.0158461 secs]79.992: [CMS79.996: [CMS-concurrent-mark: 0.004/0.019 secs] [Times: user=0.13 sys=0.00, real=0.02 secs] 
 (concurrent mode failure): 6326K->6324K(6848K), 0.0201370 secs] 9076K->9076K(9920K), [Metaspace: 3748K->3748K(1056768K)], 0.0360503 secs] [Times: user=0.15 sys=0.00, real=0.04 secs] 
80.013: [GC (Allocation Failure) 80.013: [ParNew (promotion failed): 2751K->2997K(3072K), 0.0156251 secs]80.028: [CMS: 6326K->6324K(6848K), 0.0169708 secs] 9076K->9076K(9920K), [Metaspace: 3748K->3748K(1056768K)], 0.0326549 secs] [Times: user=0.12 sys=0.00, real=0.03 secs] 
80.046: [GC (CMS Initial Mark) [1 CMS-initial-mark: 6324K(6848K)] 9076K(9920K), 0.0030813 secs] [Times: user=0.00 sys=0.00, real=0.01 secs] 
80.049: [CMS-concurrent-mark-start]
80.049: [GC (Allocation Failure) 80.049: [ParNew (promotion failed): 2751K->2997K(3072K), 0.0187647 secs]80.068: [CMS80.071: [CMS-concurrent-mark: 0.004/0.022 secs] [Times: user=0.14 sys=0.00, real=0.02 secs] 
 (concurrent mode failure): 6326K->6324K(6848K), 0.0199403 secs] 9076K->9076K(9920K), [Metaspace: 3748K->3748K(1056768K)], 0.0387673 secs] [Times: user=0.16 sys=0.00, real=0.03 secs] 
80.088: [GC (Allocation Failure) 80.088: [ParNew (promotion failed): 2751K->2997K(3072K), 0.0144435 secs]80.103: [CMS: 6326K->6324K(6848K), 0.0166951 secs] 9076K->9076K(9920K), [Metaspace: 3748K->3748K(1056768K)], 0.0311943 secs] [Times: user=0.12 sys=0.00, real=0.04 secs] 
80.120: [GC (CMS Initial Mark) [1 CMS-initial-mark: 6324K(6848K)] 9076K(9920K), 0.0030664 secs] [Times: user=0.01 sys=0.00, real=0.00 secs] 
80.123: [CMS-concurrent-mark-start]
80.123: [GC (Allocation Failure) 80.123: [ParNew (promotion failed): 2751K->3022K(3072K), 0.0159958 secs]80.139: [CMS80.143: [CMS-concurrent-mark: 0.004/0.020 secs] [Times: user=0.12 sys=0.00, real=0.02 secs] 
 (concurrent mode failure): 6326K->6324K(6848K), 0.0200815 secs] 9076K->9076K(9920K), [Metaspace: 3748K->3748K(1056768K)], 0.0361358 secs] [Times: user=0.14 sys=0.00, real=0.04 secs] 
80.160: [GC (Allocation Failure) 80.160: [ParNew (promotion failed): 2751K->2997K(3072K), 0.0219350 secs]80.182: [CMS: 6326K->6324K(6848K), 0.0166234 secs] 9076K->9076K(9920K), [Metaspace: 3748K->3748K(1056768K)], 0.0386332 secs] [Times: user=0.17 sys=0.00, real=0.04 secs] 
80.199: [GC (CMS Initial Mark) [1 CMS-initial-mark: 6324K(6848K)] 9076K(9920K), 0.0030944 secs] [Times: user=0.01 sys=0.00, real=0.00 secs] 
80.203: [CMS-concurrent-mark-start]
80.203: [GC (Allocation Failure) 80.203: [ParNew (promotion failed): 2751K->2997K(3072K), 0.0148478 secs]80.218: [CMS80.221: [CMS-concurrent-mark: 0.004/0.018 secs] [Times: user=0.12 sys=0.00, real=0.02 secs] 
 (concurrent mode failure): 6326K->6324K(6848K), 0.0198639 secs] 9076K->9076K(9920K), [Metaspace: 3748K->3748K(1056768K)], 0.0347638 secs] [Times: user=0.13 sys=0.00, real=0.03 secs] 
80.238: [GC (Allocation Failure) 80.238: [ParNew (promotion failed): 2751K->2997K(3072K), 0.0184062 secs]80.256: [CMS: 6326K->6324K(6848K), 0.0165187 secs] 9076K->9076K(9920K), [Metaspace: 3748K->3748K(1056768K)], 0.0349933 secs] [Times: user=0.16 sys=0.01, real=0.04 secs] 
80.273: [GC (CMS Initial Mark) [1 CMS-initial-mark: 6324K(6848K)] 9076K(9920K), 0.0030705 secs] [Times: user=0.00 sys=0.00, real=0.00 secs] 
80.276: [CMS-concurrent-mark-start]
80.276: [GC (Allocation Failure) 80.276: [ParNew (promotion failed): 2751K->2997K(3072K), 0.0163666 secs]80.293: [CMS80.296: [CMS-concurrent-mark: 0.003/0.020 secs] [Times: user=0.13 sys=0.00, real=0.02 secs] 
 (concurrent mode failure): 6326K->6324K(6848K), 0.0199020 secs] 9076K->9076K(9920K), [Metaspace: 3748K->3748K(1056768K)], 0.0363233 secs] [Times: user=0.15 sys=0.00, real=0.04 secs] 
80.313: [GC (Allocation Failure) 80.313: [ParNew (promotion failed): 2751K->3022K(3072K), 0.0170783 secs]80.330: [CMS: 6326K->6324K(6848K), 0.0165478 secs] 9076K->9076K(9920K), [Metaspace: 3748K->3748K(1056768K)], 0.0336915 secs] [Times: user=0.14 sys=0.00, real=0.03 secs] 
80.347: [GC (CMS Initial Mark) [1 CMS-initial-mark: 6324K(6848K)] 9076K(9920K), 0.0030344 secs] [Times: user=0.00 sys=0.00, real=0.01 secs] 
80.350: [CMS-concurrent-mark-start]
80.350: [GC (Allocation Failure) 80.350: [ParNew (promotion failed): 2751K->3046K(3072K), 0.0156362 secs]80.366: [CMS80.370: [CMS-concurrent-mark: 0.004/0.019 secs] [Times: user=0.13 sys=0.00, real=0.02 secs] 
 (concurrent mode failure): 6326K->6324K(6848K), 0.0227994 secs] 9076K->9076K(9920K), [Metaspace: 3748K->3748K(1056768K)], 0.0384892 secs] [Times: user=0.15 sys=0.00, real=0.04 secs] 
80.390: [GC (Allocation Failure) 80.390: [ParNew (promotion failed): 2751K->2997K(3072K), 0.0168540 secs]80.406: [CMS: 6326K->6324K(6848K), 0.0167583 secs] 9076K->9076K(9920K), [Metaspace: 3748K->3748K(1056768K)], 0.0336718 secs] [Times: user=0.14 sys=0.00, real=0.03 secs] 
80.424: [GC (CMS Initial Mark) [1 CMS-initial-mark: 6324K(6848K)] 9076K(9920K), 0.0030965 secs] [Times: user=0.00 sys=0.00, real=0.00 secs] 
80.427: [CMS-concurrent-mark-start]
80.427: [GC (Allocation Failure) 80.427: [ParNew (promotion failed): 2751K->2997K(3072K), 0.0163105 secs]80.444: [CMS80.447: [CMS-concurrent-mark: 0.004/0.020 secs] [Times: user=0.13 sys=0.00, real=0.02 secs] 
 (concurrent mode failure): 6326K->6324K(6848K), 0.0196731 secs] 9076K->9076K(9920K), [Metaspace: 3748K->3748K(1056768K)], 0.0360467 secs] [Times: user=0.15 sys=0.00, real=0.04 secs] 
80.464: [GC (Allocation Failure) 80.464: [ParNew (promotion failed): 2751K->2997K(3072K), 0.0146277 secs]80.479: [CMS: 6326K->6324K(6848K), 0.0166363 secs] 9076K->9076K(9920K), [Metaspace: 3748K->3748K(1056768K)], 0.0313217 secs] [Times: user=0.13 sys=0.00, real=0.03 secs] 
80.496: [GC (CMS Initial Mark) [1 CMS-initial-mark: 6324K(6848K)] 9076K(9920K), 0.0030575 secs] [Times: user=0.00 sys=0.00, real=0.01 secs] 
80.499: [CMS-concurrent-mark-start]
80.499: [GC (Allocation Failure) 80.499: [ParNew (promotion failed): 2751K->2997K(3072K), 0.0209235 secs]80.520: [CMS80.523: [CMS-concurrent-mark: 0.003/0.024 secs] [Times: user=0.15 sys=0.00, real=0.02 secs] 
 (concurrent mode failure): 6326K->6324K(6848K), 0.0200748 secs] 9076K->9076K(9920K), [Metaspace: 3748K->3748K(1056768K)], 0.0410540 secs] [Times: user=0.17 sys=0.00, real=0.04 secs] 
80.540: [GC (Allocation Failure) 80.540: [ParNew (promotion failed): 2751K->3022K(3072K), 0.0141406 secs]80.554: [CMS: 6326K->6324K(6848K), 0.0165548 secs] 9076K->9076K(9920K), [Metaspace: 3748K->3748K(1056768K)], 0.0307555 secs] [Times: user=0.11 sys=0.01, real=0.03 secs] 
80.571: [GC (CMS Initial Mark) [1 CMS-initial-mark: 6324K(6848K)] 9076K(9920K), 0.0030475 secs] [Times: user=0.01 sys=0.00, real=0.00 secs] 
80.574: [CMS-concurrent-mark-start]
80.575: [GC (Allocation Failure) 80.575: [ParNew (promotion failed): 2751K->2997K(3072K), 0.0223267 secs]80.597: [CMS80.600: [CMS-concurrent-mark: 0.004/0.026 secs] [Times: user=0.17 sys=0.00, real=0.03 secs] 
 (concurrent mode failure): 6326K->6324K(6848K), 0.0199320 secs] 9076K->9076K(9920K), [Metaspace: 3748K->3748K(1056768K)], 0.0423146 secs] [Times: user=0.19 sys=0.00, real=0.04 secs] 
80.617: [GC (Allocation Failure) 80.617: [ParNew (promotion failed): 2751K->2997K(3072K), 0.0248933 secs]80.642: [CMS: 6326K->6324K(6848K), 0.0167276 secs] 9076K->9076K(9920K), [Metaspace: 3748K->3748K(1056768K)], 0.0416920 secs] [Times: user=0.20 sys=0.00, real=0.05 secs] 
80.660: [GC (CMS Initial Mark) [1 CMS-initial-mark: 6324K(6848K)] 9076K(9920K), 0.0030915 secs] [Times: user=0.00 sys=0.00, real=0.00 secs] 
80.663: [CMS-concurrent-mark-start]
80.663: [GC (Allocation Failure) 80.663: [ParNew (promotion failed): 2751K->2997K(3072K), 0.0144233 secs]80.677: [CMS80.681: [CMS-concurrent-mark: 0.003/0.018 secs] [Times: user=0.12 sys=0.00, real=0.02 secs] 
 (concurrent mode failure): 6326K->6324K(6848K), 0.0199753 secs] 9076K->9076K(9920K), [Metaspace: 3748K->3748K(1056768K)], 0.0344555 secs] [Times: user=0.13 sys=0.00, real=0.03 secs] 
80.698: [GC (Allocation Failure) 80.698: [ParNew (promotion failed): 2751K->3022K(3072K), 0.0182260 secs]80.716: [CMS: 6326K->6324K(6848K), 0.0166718 secs] 9076K->9076K(9920K), [Metaspace: 3748K->3748K(1056768K)], 0.0349545 secs] [Times: user=0.16 sys=0.00, real=0.04 secs] 
80.734: [GC (CMS Initial Mark) [1 CMS-initial-mark: 6324K(6848K)] 9076K(9920K), 0.0030682 secs] [Times: user=0.00 sys=0.00, real=0.00 secs] 
80.737: [CMS-concurrent-mark-start]
80.737: [GC (Allocation Failure) 80.737: [ParNew (promotion failed): 2751K->2997K(3072K), 0.0153507 secs]80.752: [CMS80.756: [CMS-concurrent-mark: 0.003/0.019 secs] [Times: user=0.12 sys=0.00, real=0.02 secs] 
 (concurrent mode failure): 6326K->6324K(6848K), 0.0199419 secs] 9076K->9076K(9920K), [Metaspace: 3748K->3748K(1056768K)], 0.0353474 secs] [Times: user=0.14 sys=0.00, real=0.04 secs] 
80.773: [GC (Allocation Failure) 80.773: [ParNew (promotion failed): 2751K->3022K(3072K), 0.0183945 secs]80.791: [CMS: 6326K->6324K(6848K), 0.0164596 secs] 9076K->9076K(9920K), [Metaspace: 3748K->3748K(1056768K)], 0.0349169 secs] [Times: user=0.16 sys=0.00, real=0.03 secs] 
80.808: [GC (CMS Initial Mark) [1 CMS-initial-mark: 6324K(6848K)] 9076K(9920K), 0.0030473 secs] [Times: user=0.00 sys=0.00, real=0.01 secs] 
80.811: [CMS-concurrent-mark-start]
80.811: [GC (Allocation Failure) 80.811: [ParNew (promotion failed): 2751K->3022K(3072K), 0.0189316 secs]80.830: [CMS80.833: [CMS-concurrent-mark: 0.004/0.023 secs] [Times: user=0.15 sys=0.00, real=0.02 secs] 
 (concurrent mode failure): 6326K->6324K(6848K), 0.0200874 secs] 9076K->9076K(9920K), [Metaspace: 3748K->3748K(1056768K)], 0.0390719 secs] [Times: user=0.17 sys=0.00, real=0.04 secs] 
80.850: [GC (Allocation Failure) 80.850: [ParNew (promotion failed): 2751K->2997K(3072K), 0.0144568 secs]80.865: [CMS: 6326K->6324K(6848K), 0.0165739 secs] 9076K->9076K(9920K), [Metaspace: 3748K->3748K(1056768K)], 0.0310929 secs] [Times: user=0.12 sys=0.00, real=0.03 secs] 
80.882: [GC (CMS Initial Mark) [1 CMS-initial-mark: 6324K(6848K)] 9076K(9920K), 0.0030846 secs] [Times: user=0.00 sys=0.00, real=0.00 secs] 
80.885: [CMS-concurrent-mark-start]
80.885: [GC (Allocation Failure) 80.885: [ParNew (promotion failed): 2751K->2997K(3072K), 0.0183579 secs]80.903: [CMS80.907: [CMS-concurrent-mark: 0.004/0.022 secs] [Times: user=0.15 sys=0.00, real=0.02 secs] 
 (concurrent mode failure): 6326K->6324K(6848K), 0.0202710 secs] 9076K->9076K(9920K), [Metaspace: 3748K->3748K(1056768K)], 0.0386930 secs] [Times: user=0.16 sys=0.00, real=0.04 secs] 
80.925: [GC (Allocation Failure) 80.925: [ParNew (promotion failed): 2751K->3022K(3072K), 0.0160463 secs]80.941: [CMS: 6326K->6324K(6848K), 0.0165684 secs] 9076K->9076K(9920K), [Metaspace: 3748K->3748K(1056768K)], 0.0326839 secs] [Times: user=0.14 sys=0.01, real=0.03 secs] 
80.958: [GC (CMS Initial Mark) [1 CMS-initial-mark: 6324K(6848K)] 9076K(9920K), 0.0030973 secs] [Times: user=0.01 sys=0.00, real=0.01 secs] 
80.961: [CMS-concurrent-mark-start]
80.961: [GC (Allocation Failure) 80.961: [ParNew (promotion failed): 2751K->2997K(3072K), 0.0222262 secs]80.984: [CMS80.987: [CMS-concurrent-mark: 0.004/0.026 secs] [Times: user=0.17 sys=0.00, real=0.02 secs] 
 (concurrent mode failure): 6326K->6324K(6848K), 0.0197268 secs] 9076K->9076K(9920K), [Metaspace: 3748K->3748K(1056768K)], 0.0420068 secs] [Times: user=0.19 sys=0.00, real=0.04 secs] 
81.004: [GC (Allocation Failure) 81.004: [ParNew (promotion failed): 2751K->2997K(3072K), 0.0218589 secs]81.026: [CMS: 6326K->6324K(6848K), 0.0166965 secs] 9076K->9076K(9920K), [Metaspace: 3748K->3748K(1056768K)], 0.0386185 secs] [Times: user=0.18 sys=0.00, real=0.04 secs] 
81.043: [GC (CMS Initial Mark) [1 CMS-initial-mark: 6324K(6848K)] 9076K(9920K), 0.0030638 secs] [Times: user=0.00 sys=0.00, real=0.00 secs] 
81.046: [CMS-concurrent-mark-start]
81.046: [GC (Allocation Failure) 81.046: [ParNew (promotion failed): 2751K->3022K(3072K), 0.0134341 secs]81.059: [CMS81.063: [CMS-concurrent-mark: 0.004/0.017 secs] [Times: user=0.10 sys=0.00, real=0.02 secs] 
 (concurrent mode failure): 6326K->6324K(6848K), 0.0201071 secs] 9076K->9076K(9920K), [Metaspace: 3748K->3748K(1056768K)], 0.0336031 secs] [Times: user=0.11 sys=0.00, real=0.04 secs] 
81.080: [GC (Allocation Failure) 81.080: [ParNew (promotion failed): 2751K->2997K(3072K), 0.0165118 secs]81.096: [CMS: 6326K->6324K(6848K), 0.0164485 secs] 9076K->9076K(9920K), [Metaspace: 3748K->3748K(1056768K)], 0.0330145 secs] [Times: user=0.13 sys=0.00, real=0.03 secs] 
81.113: [GC (CMS Initial Mark) [1 CMS-initial-mark: 6324K(6848K)] 9076K(9920K), 0.0030624 secs] [Times: user=0.00 sys=0.00, real=0.00 secs] 
81.116: [CMS-concurrent-mark-start]
81.117: [GC (Allocation Failure) 81.117: [ParNew (promotion failed): 2751K->3022K(3072K), 0.0153288 secs]81.132: [CMS81.135: [CMS-concurrent-mark: 0.004/0.019 secs] [Times: user=0.12 sys=0.00, real=0.02 secs] 
 (concurrent mode failure): 6326K->6324K(6848K), 0.0199803 secs] 9076K->9076K(9920K), [Metaspace: 3748K->3748K(1056768K)], 0.0353700 secs] [Times: user=0.14 sys=0.00, real=0.04 secs] 
81.152: [GC (Allocation Failure) 81.152: [ParNew (promotion failed): 2751K->2997K(3072K), 0.0170969 secs]81.169: [CMS: 6326K->6324K(6848K), 0.0167142 secs] 9076K->9076K(9920K), [Metaspace: 3748K->3748K(1056768K)], 0.0338786 secs] [Times: user=0.14 sys=0.00, real=0.03 secs] 
81.187: [GC (CMS Initial Mark) [1 CMS-initial-mark: 6324K(6848K)] 9076K(9920K), 0.0030582 secs] [Times: user=0.00 sys=0.00, real=0.01 secs] 
81.190: [CMS-concurrent-mark-start]
81.190: [GC (Allocation Failure) 81.190: [ParNew (promotion failed): 2751K->2997K(3072K), 0.0170399 secs]81.207: [CMS81.211: [CMS-concurrent-mark: 0.004/0.021 secs] [Times: user=0.14 sys=0.00, real=0.02 secs] 
 (concurrent mode failure): 6327K->6324K(6848K), 0.0200824 secs] 9076K->9076K(9920K), [Metaspace: 3748K->3748K(1056768K)], 0.0371762 secs] [Times: user=0.15 sys=0.00, real=0.03 secs] 
81.228: [GC (Allocation Failure) 81.228: [ParNew (promotion failed): 2751K->3022K(3072K), 0.0164281 secs]81.245: [CMS: 6327K->6324K(6848K), 0.0166090 secs] 9076K->9076K(9920K), [Metaspace: 3748K->3748K(1056768K)], 0.0330939 secs] [Times: user=0.13 sys=0.00, real=0.04 secs] 
81.262: [GC (CMS Initial Mark) [1 CMS-initial-mark: 6324K(6848K)] 9076K(9920K), 0.0030593 secs] [Times: user=0.01 sys=0.00, real=0.00 secs] 
81.265: [CMS-concurrent-mark-start]
81.265: [GC (Allocation Failure) 81.265: [ParNew (promotion failed): 2751K->2997K(3072K), 0.0146678 secs]81.280: [CMS81.283: [CMS-concurrent-mark: 0.003/0.018 secs] [Times: user=0.11 sys=0.00, real=0.02 secs] 
 (concurrent mode failure): 6326K->6324K(6848K), 0.0198222 secs] 9076K->9076K(9920K), [Metaspace: 3748K->3748K(1056768K)], 0.0345824 secs] [Times: user=0.13 sys=0.00, real=0.04 secs] 
81.300: [GC (Allocation Failure) 81.300: [ParNew (promotion failed): 2751K->3022K(3072K), 0.0182402 secs]81.318: [CMS: 6326K->6324K(6848K), 0.0164815 secs] 9076K->9076K(9920K), [Metaspace: 3748K->3748K(1056768K)], 0.0347775 secs] [Times: user=0.15 sys=0.01, real=0.03 secs] 
81.335: [GC (CMS Initial Mark) [1 CMS-initial-mark: 6324K(6848K)] 9076K(9920K), 0.0030644 secs] [Times: user=0.01 sys=0.00, real=0.00 secs] 
81.338: [CMS-concurrent-mark-start]
81.338: [GC (Allocation Failure) 81.338: [ParNew (promotion failed): 2751K->3046K(3072K), 0.0172377 secs]81.355: [CMS81.359: [CMS-concurrent-mark: 0.004/0.021 secs] [Times: user=0.12 sys=0.00, real=0.03 secs] 
 (concurrent mode failure): 6326K->6324K(6848K), 0.0200253 secs] 9076K->9076K(9920K), [Metaspace: 3748K->3748K(1056768K)], 0.0373124 secs] [Times: user=0.13 sys=0.00, real=0.04 secs] 
81.376: [GC (Allocation Failure) 81.376: [ParNew (promotion failed): 2751K->3022K(3072K), 0.0144756 secs]81.390: [CMS: 6326K->6324K(6848K), 0.0167775 secs] 9076K->9076K(9920K), [Metaspace: 3748K->3748K(1056768K)], 0.0313130 secs] [Times: user=0.13 sys=0.00, real=0.03 secs] 
81.408: [GC (CMS Initial Mark) [1 CMS-initial-mark: 6324K(6848K)] 9076K(9920K), 0.0030338 secs] [Times: user=0.00 sys=0.00, real=0.01 secs] 
81.411: [CMS-concurrent-mark-start]
81.411: [GC (Allocation Failure) 81.411: [ParNew (promotion failed): 2751K->3046K(3072K), 0.0221056 secs]81.433: [CMS81.436: [CMS-concurrent-mark: 0.004/0.026 secs] [Times: user=0.17 sys=0.00, real=0.02 secs] 
 (concurrent mode failure): 6327K->6324K(6848K), 0.0202242 secs] 9076K->9076K(9920K), [Metaspace: 3748K->3748K(1056768K)], 0.0423917 secs] [Times: user=0.19 sys=0.00, real=0.04 secs] 
81.454: [GC (Allocation Failure) 81.454: [ParNew (promotion failed): 2751K->2997K(3072K), 0.0209238 secs]81.475: [CMS: 6327K->6324K(6848K), 0.0165848 secs] 9076K->9076K(9920K), [Metaspace: 3748K->3748K(1056768K)], 0.0375655 secs] [Times: user=0.18 sys=0.00, real=0.04 secs] 
81.492: [GC (CMS Initial Mark) [1 CMS-initial-mark: 6324K(6848K)] 9076K(9920K), 0.0030540 secs] [Times: user=0.00 sys=0.00, real=0.00 secs] 
81.495: [CMS-concurrent-mark-start]
81.496: [GC (Allocation Failure) 81.496: [ParNew (promotion failed): 2751K->2997K(3072K), 0.0145193 secs]81.510: [CMS81.513: [CMS-concurrent-mark: 0.004/0.018 secs] [Times: user=0.10 sys=0.00, real=0.02 secs] 
 (concurrent mode failure): 6327K->6324K(6848K), 0.0197464 secs] 9076K->9076K(9920K), [Metaspace: 3748K->3748K(1056768K)], 0.0343301 secs] [Times: user=0.12 sys=0.00, real=0.04 secs] 
81.530: [GC (Allocation Failure) 81.530: [ParNew (promotion failed): 2751K->2997K(3072K), 0.0231209 secs]81.554: [CMS: 6326K->6324K(6848K), 0.0166066 secs] 9076K->9076K(9920K), [Metaspace: 3748K->3748K(1056768K)], 0.0397987 secs] [Times: user=0.19 sys=0.00, real=0.04 secs] 
81.570: [GC (CMS Initial Mark) [1 CMS-initial-mark: 6324K(6848K)] 9076K(9920K), 0.0030750 secs] [Times: user=0.00 sys=0.00, real=0.00 secs] 
81.574: [CMS-concurrent-mark-start]
81.574: [GC (Allocation Failure) 81.574: [ParNew (promotion failed): 2751K->3022K(3072K), 0.0149568 secs]81.589: [CMS81.592: [CMS-concurrent-mark: 0.003/0.018 secs] [Times: user=0.12 sys=0.00, real=0.02 secs] 
 (concurrent mode failure): 6326K->6324K(6848K), 0.0201276 secs] 9076K->9076K(9920K), [Metaspace: 3748K->3748K(1056768K)], 0.0351366 secs] [Times: user=0.14 sys=0.00, real=0.04 secs] 
81.609: [GC (Allocation Failure) 81.609: [ParNew (promotion failed): 2751K->3022K(3072K), 0.0150615 secs]81.624: [CMS: 6326K->6324K(6848K), 0.0164959 secs] 9076K->9076K(9920K), [Metaspace: 3748K->3748K(1056768K)], 0.0316275 secs] [Times: user=0.12 sys=0.00, real=0.03 secs] 
81.641: [GC (CMS Initial Mark) [1 CMS-initial-mark: 6324K(6848K)] 9076K(9920K), 0.0030837 secs] [Times: user=0.01 sys=0.00, real=0.00 secs] 
81.644: [CMS-concurrent-mark-start]
81.644: [GC (Allocation Failure) 81.644: [ParNew (promotion failed): 2751K->3022K(3072K), 0.0245134 secs]81.669: [CMS81.672: [CMS-concurrent-mark: 0.004/0.028 secs] [Times: user=0.18 sys=0.01, real=0.03 secs] 
 (concurrent mode failure): 6327K->6324K(6848K), 0.0200124 secs] 9076K->9076K(9920K), [Metaspace: 3748K->3748K(1056768K)], 0.0445880 secs] [Times: user=0.20 sys=0.01, real=0.05 secs] 
81.689: [GC (Allocation Failure) 81.689: [ParNew (promotion failed): 2751K->3022K(3072K), 0.0156793 secs]81.705: [CMS: 6327K->6324K(6848K), 0.0168295 secs] 9076K->9076K(9920K), [Metaspace: 3748K->3748K(1056768K)], 0.0325742 secs] [Times: user=0.13 sys=0.00, real=0.03 secs] 
81.723: [GC (CMS Initial Mark) [1 CMS-initial-mark: 6325K(6848K)] 9077K(9920K), 0.0030322 secs] [Times: user=0.00 sys=0.00, real=0.00 secs] 
81.726: [CMS-concurrent-mark-start]
81.726: [GC (Allocation Failure) 81.726: [ParNew (promotion failed): 2751K->2997K(3072K), 0.0173729 secs]81.743: [CMS81.747: [CMS-concurrent-mark: 0.003/0.021 secs] [Times: user=0.14 sys=0.00, real=0.02 secs] 
 (concurrent mode failure): 6327K->6324K(6848K), 0.0199872 secs] 9077K->9076K(9920K), [Metaspace: 3748K->3748K(1056768K)], 0.0374141 secs] [Times: user=0.16 sys=0.00, real=0.04 secs] 
81.764: [GC (Allocation Failure) 81.764: [ParNew (promotion failed): 2751K->2997K(3072K), 0.0214327 secs]81.786: [CMS: 6327K->6324K(6848K), 0.0167404 secs] 9077K->9076K(9920K), [Metaspace: 3748K->3748K(1056768K)], 0.0382323 secs] [Times: user=0.17 sys=0.00, real=0.04 secs] 
81.803: [GC (CMS Initial Mark) [1 CMS-initial-mark: 6324K(6848K)] 9076K(9920K), 0.0030923 secs] [Times: user=0.00 sys=0.00, real=0.00 secs] 
81.806: [CMS-concurrent-mark-start]
81.806: [GC (Allocation Failure) 81.806: [ParNew (promotion failed): 2751K->3022K(3072K), 0.0184960 secs]81.825: [CMS81.828: [CMS-concurrent-mark: 0.004/0.022 secs] [Times: user=0.14 sys=0.00, real=0.02 secs] 
 (concurrent mode failure): 6326K->6324K(6848K), 0.0201320 secs] 9076K->9076K(9920K), [Metaspace: 3748K->3748K(1056768K)], 0.0386980 secs] [Times: user=0.16 sys=0.00, real=0.04 secs] 
81.845: [GC (Allocation Failure) 81.845: [ParNew (promotion failed): 2751K->2997K(3072K), 0.0221792 secs]81.868: [CMS: 6326K->6324K(6848K), 0.0167529 secs] 9076K->9076K(9920K), [Metaspace: 3748K->3748K(1056768K)], 0.0389915 secs] [Times: user=0.17 sys=0.00, real=0.04 secs] 
81.885: [GC (CMS Initial Mark) [1 CMS-initial-mark: 6324K(6848K)] 9076K(9920K), 0.0030826 secs] [Times: user=0.01 sys=0.00, real=0.00 secs] 
81.888: [CMS-concurrent-mark-start]
81.888: [GC (Allocation Failure) 81.888: [ParNew (promotion failed): 2751K->3022K(3072K), 0.0147410 secs]81.903: [CMS81.906: [CMS-concurrent-mark: 0.004/0.018 secs] [Times: user=0.11 sys=0.00, real=0.02 secs] 
 (concurrent mode failure): 6326K->6324K(6848K), 0.0202332 secs] 9076K->9076K(9920K), [Metaspace: 3748K->3748K(1056768K)], 0.0350306 secs] [Times: user=0.12 sys=0.00, real=0.04 secs] 
81.923: [GC (Allocation Failure) 81.923: [ParNew (promotion failed): 2751K->2997K(3072K), 0.0214626 secs]81.945: [CMS: 6327K->6324K(6848K), 0.0166475 secs] 9076K->9076K(9920K), [Metaspace: 3748K->3748K(1056768K)], 0.0381779 secs] [Times: user=0.17 sys=0.01, real=0.04 secs] 
81.962: [GC (CMS Initial Mark) [1 CMS-initial-mark: 6325K(6848K)] 9077K(9920K), 0.0030479 secs] [Times: user=0.01 sys=0.00, real=0.00 secs] 
81.965: [CMS-concurrent-mark-start]
81.965: [GC (Allocation Failure) 81.965: [ParNew (promotion failed): 2751K->3022K(3072K), 0.0219055 secs]81.987: [CMS81.990: [CMS-concurrent-mark: 0.003/0.025 secs] [Times: user=0.16 sys=0.00, real=0.03 secs] 
 (concurrent mode failure): 6327K->6324K(6848K), 0.0199070 secs] 9077K->9076K(9920K), [Metaspace: 3748K->3748K(1056768K)], 0.0418738 secs] [Times: user=0.17 sys=0.00, real=0.04 secs] 
82.008: [GC (Allocation Failure) 82.008: [ParNew (promotion failed): 2751K->2997K(3072K), 0.0146790 secs]82.022: [CMS: 6327K->6324K(6848K), 0.0168885 secs] 9077K->9076K(9920K), [Metaspace: 3748K->3748K(1056768K)], 0.0316253 secs] [Times: user=0.12 sys=0.00, real=0.04 secs] 
82.040: [GC (CMS Initial Mark) [1 CMS-initial-mark: 6325K(6848K)] 9077K(9920K), 0.0031102 secs] [Times: user=0.01 sys=0.00, real=0.00 secs] 
82.043: [CMS-concurrent-mark-start]
82.044: [GC (Allocation Failure) 82.044: [ParNew (promotion failed): 2751K->2997K(3072K), 0.0193920 secs]82.063: [CMS82.066: [CMS-concurrent-mark: 0.004/0.023 secs] [Times: user=0.13 sys=0.00, real=0.02 secs] 
 (concurrent mode failure): 6327K->6324K(6848K), 0.0196678 secs] 9077K->9076K(9920K), [Metaspace: 3748K->3748K(1056768K)], 0.0391173 secs] [Times: user=0.15 sys=0.00, real=0.04 secs] 
82.083: [GC (Allocation Failure) 82.083: [ParNew (promotion failed): 2751K->2997K(3072K), 0.0174337 secs]82.101: [CMS: 6327K->6324K(6848K), 0.0166615 secs] 9076K->9076K(9920K), [Metaspace: 3748K->3748K(1056768K)], 0.0341551 secs] [Times: user=0.15 sys=0.00, real=0.03 secs] 
82.118: [GC (CMS Initial Mark) [1 CMS-initial-mark: 6324K(6848K)] 9076K(9920K), 0.0030457 secs] [Times: user=0.00 sys=0.00, real=0.01 secs] 
82.121: [CMS-concurrent-mark-start]
82.121: [GC (Allocation Failure) 82.121: [ParNew (promotion failed): 2751K->3022K(3072K), 0.0183862 secs]82.139: [CMS82.143: [CMS-concurrent-mark: 0.004/0.022 secs] [Times: user=0.14 sys=0.00, real=0.02 secs] 
 (concurrent mode failure): 6326K->6324K(6848K), 0.0201188 secs] 9076K->9076K(9920K), [Metaspace: 3748K->3748K(1056768K)], 0.0385588 secs] [Times: user=0.16 sys=0.00, real=0.04 secs] 
82.160: [GC (Allocation Failure) 82.160: [ParNew (promotion failed): 2751K->3022K(3072K), 0.0198411 secs]82.179: [CMS: 6327K->6324K(6848K), 0.0164929 secs] 9076K->9076K(9920K), [Metaspace: 3748K->3748K(1056768K)], 0.0363953 secs] [Times: user=0.17 sys=0.00, real=0.03 secs] 
82.196: [GC (CMS Initial Mark) [1 CMS-initial-mark: 6325K(6848K)] 9077K(9920K), 0.0030507 secs] [Times: user=0.00 sys=0.00, real=0.01 secs] 
82.199: [CMS-concurrent-mark-start]
82.200: [GC (Allocation Failure) 82.200: [ParNew (promotion failed): 2751K->2997K(3072K), 0.0222875 secs]82.222: [CMS82.225: [CMS-concurrent-mark: 0.004/0.026 secs] [Times: user=0.18 sys=0.00, real=0.02 secs] 
 (concurrent mode failure): 6327K->6325K(6848K), 0.0201467 secs] 9077K->9077K(9920K), [Metaspace: 3748K->3748K(1056768K)], 0.0424924 secs] [Times: user=0.19 sys=0.00, real=0.04 secs] 
82.243: [GC (Allocation Failure) 82.243: [ParNew (promotion failed): 2751K->2997K(3072K), 0.0157007 secs]82.258: [CMS: 6327K->6325K(6848K), 0.0166102 secs] 9077K->9077K(9920K), [Metaspace: 3748K->3748K(1056768K)], 0.0323846 secs] [Times: user=0.13 sys=0.00, real=0.03 secs] 
82.276: [GC (CMS Initial Mark) [1 CMS-initial-mark: 6325K(6848K)] 9077K(9920K), 0.0030507 secs] [Times: user=0.00 sys=0.00, real=0.01 secs] 
82.279: [CMS-concurrent-mark-start]
82.279: [GC (Allocation Failure) 82.279: [ParNew (promotion failed): 2751K->2997K(3072K), 0.0131880 secs]82.292: [CMS82.296: [CMS-concurrent-mark: 0.003/0.017 secs] [Times: user=0.09 sys=0.01, real=0.01 secs] 
 (concurrent mode failure): 6327K->6325K(6848K), 0.0199761 secs] 9077K->9077K(9920K), [Metaspace: 3748K->3748K(1056768K)], 0.0332324 secs] [Times: user=0.11 sys=0.01, real=0.03 secs] 
82.313: [GC (Allocation Failure) 82.313: [ParNew (promotion failed): 2751K->3046K(3072K), 0.0143124 secs]82.327: [CMS: 6327K->6324K(6848K), 0.0165455 secs] 9077K->9076K(9920K), [Metaspace: 3748K->3748K(1056768K)], 0.0309154 secs] [Times: user=0.12 sys=0.00, real=0.03 secs] 
82.344: [GC (CMS Initial Mark) [1 CMS-initial-mark: 6324K(6848K)] 9076K(9920K), 0.0030875 secs] [Times: user=0.01 sys=0.00, real=0.00 secs] 
82.347: [CMS-concurrent-mark-start]
82.348: [GC (Allocation Failure) 82.348: [ParNew (promotion failed): 2751K->3022K(3072K), 0.0160066 secs]82.364: [CMS82.367: [CMS-concurrent-mark: 0.004/0.020 secs] [Times: user=0.12 sys=0.00, real=0.02 secs] 
 (concurrent mode failure): 6327K->6324K(6848K), 0.0199826 secs] 9076K->9076K(9920K), [Metaspace: 3748K->3748K(1056768K)], 0.0360524 secs] [Times: user=0.14 sys=0.00, real=0.04 secs] 
82.384: [GC (Allocation Failure) 82.384: [ParNew (promotion failed): 2751K->2997K(3072K), 0.0216335 secs]82.406: [CMS: 6327K->6324K(6848K), 0.0165743 secs] 9076K->9076K(9920K), [Metaspace: 3748K->3748K(1056768K)], 0.0382692 secs] [Times: user=0.18 sys=0.00, real=0.04 secs] 
82.423: [GC (CMS Initial Mark) [1 CMS-initial-mark: 6324K(6848K)] 9076K(9920K), 0.0030752 secs] [Times: user=0.00 sys=0.00, real=0.00 secs] 
82.426: [CMS-concurrent-mark-start]
82.426: [GC (Allocation Failure) 82.426: [ParNew (promotion failed): 2751K->3022K(3072K), 0.0172395 secs]82.443: [CMS82.446: [CMS-concurrent-mark: 0.003/0.021 secs] [Times: user=0.14 sys=0.00, real=0.02 secs] 
 (concurrent mode failure): 6327K->6324K(6848K), 0.0201117 secs] 9076K->9076K(9920K), [Metaspace: 3748K->3748K(1056768K)], 0.0374032 secs] [Times: user=0.15 sys=0.00, real=0.04 secs] 
82.464: [GC (Allocation Failure) 82.464: [ParNew (promotion failed): 2751K->2997K(3072K), 0.0163716 secs]82.480: [CMS: 6327K->6325K(6848K), 0.0166546 secs] 9077K->9077K(9920K), [Metaspace: 3748K->3748K(1056768K)], 0.0330840 secs] [Times: user=0.14 sys=0.00, real=0.03 secs] 
82.498: [GC (CMS Initial Mark) [1 CMS-initial-mark: 6325K(6848K)] 9077K(9920K), 0.0030935 secs] [Times: user=0.01 sys=0.00, real=0.01 secs] 
82.501: [CMS-concurrent-mark-start]
82.501: [GC (Allocation Failure) 82.501: [ParNew (promotion failed): 2751K->2997K(3072K), 0.0140532 secs]82.515: [CMS82.519: [CMS-concurrent-mark: 0.004/0.018 secs] [Times: user=0.10 sys=0.00, real=0.02 secs] 
 (concurrent mode failure): 6327K->6325K(6848K), 0.0204021 secs] 9077K->9077K(9920K), [Metaspace: 3748K->3748K(1056768K)], 0.0345200 secs] [Times: user=0.11 sys=0.00, real=0.03 secs] 
82.537: [GC (Allocation Failure) 82.537: [ParNew (promotion failed): 2751K->2997K(3072K), 0.0141767 secs]82.551: [CMS: 6327K->6325K(6848K), 0.0166983 secs] 9077K->9077K(9920K), [Metaspace: 3748K->3748K(1056768K)], 0.0309339 secs] [Times: user=0.12 sys=0.00, real=0.03 secs] 
82.568: [GC (CMS Initial Mark) [1 CMS-initial-mark: 6325K(6848K)] 9077K(9920K), 0.0030800 secs] [Times: user=0.00 sys=0.00, real=0.01 secs] 
82.571: [CMS-concurrent-mark-start]
82.572: [GC (Allocation Failure) 82.572: [ParNew (promotion failed): 2751K->3022K(3072K), 0.0162588 secs]82.588: [CMS82.591: [CMS-concurrent-mark: 0.004/0.020 secs] [Times: user=0.13 sys=0.00, real=0.02 secs] 
 (concurrent mode failure): 6327K->6324K(6848K), 0.0197545 secs] 9077K->9076K(9920K), [Metaspace: 3748K->3748K(1056768K)], 0.0360767 secs] [Times: user=0.14 sys=0.00, real=0.03 secs] 
82.608: [GC (Allocation Failure) 82.608: [ParNew (promotion failed): 2751K->2997K(3072K), 0.0226562 secs]82.631: [CMS: 6327K->6324K(6848K), 0.0165857 secs] 9077K->9076K(9920K), [Metaspace: 3748K->3748K(1056768K)], 0.0392983 secs] [Times: user=0.19 sys=0.00, real=0.04 secs] 
82.648: [GC (CMS Initial Mark) [1 CMS-initial-mark: 6324K(6848K)] 9076K(9920K), 0.0030370 secs] [Times: user=0.01 sys=0.00, real=0.01 secs] 
82.651: [CMS-concurrent-mark-start]
82.651: [GC (Allocation Failure) 82.651: [ParNew (promotion failed): 2751K->2997K(3072K), 0.0164055 secs]82.667: [CMS82.671: [CMS-concurrent-mark: 0.003/0.020 secs] [Times: user=0.13 sys=0.01, real=0.02 secs] 
 (concurrent mode failure): 6327K->6324K(6848K), 0.0202459 secs] 9076K->9076K(9920K), [Metaspace: 3748K->3748K(1056768K)], 0.0367025 secs] [Times: user=0.14 sys=0.01, real=0.03 secs] 
82.688: [GC (Allocation Failure) 82.688: [ParNew (promotion failed): 2751K->3022K(3072K), 0.0151027 secs]82.703: [CMS: 6327K->6325K(6848K), 0.0165073 secs] 9077K->9077K(9920K), [Metaspace: 3748K->3748K(1056768K)], 0.0316692 secs] [Times: user=0.13 sys=0.00, real=0.04 secs] 
82.720: [GC (CMS Initial Mark) [1 CMS-initial-mark: 6325K(6848K)] 9077K(9920K), 0.0030363 secs] [Times: user=0.01 sys=0.00, real=0.00 secs] 
82.723: [CMS-concurrent-mark-start]
82.723: [GC (Allocation Failure) 82.723: [ParNew (promotion failed): 2751K->3022K(3072K), 0.0234239 secs]82.747: [CMS82.750: [CMS-concurrent-mark: 0.004/0.027 secs] [Times: user=0.18 sys=0.00, real=0.03 secs] 
 (concurrent mode failure): 6327K->6325K(6848K), 0.0198864 secs] 9077K->9077K(9920K), [Metaspace: 3748K->3748K(1056768K)], 0.0433765 secs] [Times: user=0.20 sys=0.00, real=0.04 secs] 
82.767: [GC (Allocation Failure) 82.767: [ParNew (promotion failed): 2751K->3022K(3072K), 0.0150341 secs]82.782: [CMS: 6327K->6325K(6848K), 0.0167683 secs] 9077K->9077K(9920K), [Metaspace: 3748K->3748K(1056768K)], 0.0318600 secs] [Times: user=0.13 sys=0.00, real=0.04 secs] 
82.800: [GC (CMS Initial Mark) [1 CMS-initial-mark: 6325K(6848K)] 9077K(9920K), 0.0030316 secs] [Times: user=0.00 sys=0.00, real=0.00 secs] 
82.803: [CMS-concurrent-mark-start]
82.803: [GC (Allocation Failure) 82.803: [ParNew (promotion failed): 2751K->3022K(3072K), 0.0163745 secs]82.819: [CMS82.823: [CMS-concurrent-mark: 0.004/0.020 secs] [Times: user=0.13 sys=0.00, real=0.02 secs] 
 (concurrent mode failure): 6327K->6325K(6848K), 0.0201053 secs] 9077K->9077K(9920K), [Metaspace: 3748K->3748K(1056768K)], 0.0365398 secs] [Times: user=0.15 sys=0.00, real=0.04 secs] 
82.840: [GC (Allocation Failure) 82.840: [ParNew (promotion failed): 2751K->3022K(3072K), 0.0229690 secs]82.863: [CMS: 6327K->6324K(6848K), 0.0165785 secs] 9077K->9076K(9920K), [Metaspace: 3748K->3748K(1056768K)], 0.0396060 secs] [Times: user=0.19 sys=0.00, real=0.04 secs] 
82.880: [GC (CMS Initial Mark) [1 CMS-initial-mark: 6325K(6848K)] 9077K(9920K), 0.0030411 secs] [Times: user=0.00 sys=0.00, real=0.00 secs] 
82.883: [CMS-concurrent-mark-start]
82.884: [GC (Allocation Failure) 82.884: [ParNew (promotion failed): 2751K->3046K(3072K), 0.0170800 secs]82.901: [CMS82.904: [CMS-concurrent-mark: 0.004/0.021 secs] [Times: user=0.14 sys=0.00, real=0.02 secs] 
 (concurrent mode failure): 6327K->6324K(6848K), 0.0197218 secs] 9077K->9076K(9920K), [Metaspace: 3748K->3748K(1056768K)], 0.0368567 secs] [Times: user=0.15 sys=0.00, real=0.04 secs] 
82.921: [GC (Allocation Failure) 82.921: [ParNew (promotion failed): 2751K->2997K(3072K), 0.0145276 secs]82.935: [CMS: 6327K->6325K(6848K), 0.0164913 secs] 9077K->9077K(9920K), [Metaspace: 3748K->3748K(1056768K)], 0.0310655 secs] [Times: user=0.12 sys=0.00, real=0.03 secs] 
82.952: [GC (CMS Initial Mark) [1 CMS-initial-mark: 6325K(6848K)] 9077K(9920K), 0.0030532 secs] [Times: user=0.01 sys=0.00, real=0.00 secs] 
82.955: [CMS-concurrent-mark-start]
82.955: [GC (Allocation Failure) 82.955: [ParNew (promotion failed): 2751K->2997K(3072K), 0.0139520 secs]82.969: [CMS82.973: [CMS-concurrent-mark: 0.003/0.018 secs] [Times: user=0.10 sys=0.00, real=0.02 secs] 
 (concurrent mode failure): 6327K->6325K(6848K), 0.0199000 secs] 9077K->9077K(9920K), [Metaspace: 3748K->3748K(1056768K)], 0.0339081 secs] [Times: user=0.12 sys=0.00, real=0.04 secs] 
82.989: [GC (Allocation Failure) 82.989: [ParNew (promotion failed): 2751K->2997K(3072K), 0.0140250 secs]83.004: [CMS: 6327K->6325K(6848K), 0.0165864 secs] 9077K->9077K(9920K), [Metaspace: 3748K->3748K(1056768K)], 0.0306768 secs] [Times: user=0.11 sys=0.00, real=0.03 secs] 
83.021: [GC (CMS Initial Mark) [1 CMS-initial-mark: 6325K(6848K)] 9077K(9920K), 0.0030611 secs] [Times: user=0.01 sys=0.00, real=0.00 secs] 
83.024: [CMS-concurrent-mark-start]
83.024: [GC (Allocation Failure) 83.024: [ParNew (promotion failed): 2751K->3022K(3072K), 0.0197306 secs]83.043: [CMS83.047: [CMS-concurrent-mark: 0.004/0.023 secs] [Times: user=0.14 sys=0.01, real=0.02 secs] 
 (concurrent mode failure): 6327K->6325K(6848K), 0.0203172 secs] 9077K->9077K(9920K), [Metaspace: 3748K->3748K(1056768K)], 0.0401132 secs] [Times: user=0.16 sys=0.01, real=0.04 secs] 
83.065: [GC (Allocation Failure) 83.065: [ParNew (promotion failed): 2751K->2997K(3072K), 0.0224242 secs]83.087: [CMS: 6327K->6325K(6848K), 0.0166204 secs] 9077K->9077K(9920K), [Metaspace: 3748K->3748K(1056768K)], 0.0391075 secs] [Times: user=0.18 sys=0.00, real=0.04 secs] 
83.104: [GC (CMS Initial Mark) [1 CMS-initial-mark: 6325K(6848K)] 9077K(9920K), 0.0030468 secs] [Times: user=0.01 sys=0.00, real=0.00 secs] 
83.107: [CMS-concurrent-mark-start]
83.108: [GC (Allocation Failure) 83.108: [ParNew (promotion failed): 2751K->3022K(3072K), 0.0146025 secs]83.123: [CMS83.126: [CMS-concurrent-mark: 0.004/0.018 secs] [Times: user=0.11 sys=0.00, real=0.02 secs] 
 (concurrent mode failure): 6327K->6325K(6848K), 0.0195542 secs] 9077K->9077K(9920K), [Metaspace: 3748K->3748K(1056768K)], 0.0342162 secs] [Times: user=0.12 sys=0.00, real=0.04 secs] 
83.143: [GC (Allocation Failure) 83.143: [ParNew (promotion failed): 2751K->2997K(3072K), 0.0185254 secs]83.161: [CMS: 6327K->6325K(6848K), 0.0165995 secs] 9077K->9077K(9920K), [Metaspace: 3748K->3748K(1056768K)], 0.0351783 secs] [Times: user=0.16 sys=0.00, real=0.03 secs] 
83.178: [GC (CMS Initial Mark) [1 CMS-initial-mark: 6325K(6848K)] 9077K(9920K), 0.0030496 secs] [Times: user=0.00 sys=0.00, real=0.01 secs] 
83.181: [CMS-concurrent-mark-start]
83.181: [GC (Allocation Failure) 83.181: [ParNew (promotion failed): 2751K->3022K(3072K), 0.0258046 secs]83.207: [CMS83.211: [CMS-concurrent-mark: 0.004/0.029 secs] [Times: user=0.21 sys=0.00, real=0.03 secs] 
 (concurrent mode failure): 6327K->6325K(6848K), 0.0199841 secs] 9077K->9077K(9920K), [Metaspace: 3748K->3748K(1056768K)], 0.0458390 secs] [Times: user=0.22 sys=0.00, real=0.04 secs] 
83.227: [GC (Allocation Failure) 83.227: [ParNew (promotion failed): 2751K->3022K(3072K), 0.0192687 secs]83.247: [CMS: 6327K->6325K(6848K), 0.0164824 secs] 9077K->9077K(9920K), [Metaspace: 3748K->3748K(1056768K)], 0.0358013 secs] [Times: user=0.15 sys=0.00, real=0.04 secs] 
83.263: [GC (CMS Initial Mark) [1 CMS-initial-mark: 6325K(6848K)] 9077K(9920K), 0.0030551 secs] [Times: user=0.00 sys=0.00, real=0.00 secs] 
83.267: [CMS-concurrent-mark-start]
83.267: [GC (Allocation Failure) 83.267: [ParNew (promotion failed): 2751K->2997K(3072K), 0.0143127 secs]83.281: [CMS83.285: [CMS-concurrent-mark: 0.004/0.018 secs] [Times: user=0.11 sys=0.00, real=0.02 secs] 
 (concurrent mode failure): 6327K->6325K(6848K), 0.0199516 secs] 9077K->9077K(9920K), [Metaspace: 3748K->3748K(1056768K)], 0.0343137 secs] [Times: user=0.13 sys=0.00, real=0.04 secs] 
83.301: [GC (Allocation Failure) 83.301: [ParNew (promotion failed): 2751K->3022K(3072K), 0.0168880 secs]83.318: [CMS: 6327K->6325K(6848K), 0.0167933 secs] 9077K->9077K(9920K), [Metaspace: 3748K->3748K(1056768K)], 0.0337408 secs] [Times: user=0.14 sys=0.00, real=0.03 secs] 
83.336: [GC (CMS Initial Mark) [1 CMS-initial-mark: 6325K(6848K)] 9077K(9920K), 0.0030649 secs] [Times: user=0.00 sys=0.00, real=0.01 secs] 
83.339: [CMS-concurrent-mark-start]
83.339: [GC (Allocation Failure) 83.339: [ParNew (promotion failed): 2751K->2997K(3072K), 0.0163220 secs]83.355: [CMS83.359: [CMS-concurrent-mark: 0.003/0.020 secs] [Times: user=0.13 sys=0.00, real=0.02 secs] 
 (concurrent mode failure): 6327K->6325K(6848K), 0.0199690 secs] 9077K->9077K(9920K), [Metaspace: 3748K->3748K(1056768K)], 0.0363349 secs] [Times: user=0.15 sys=0.00, real=0.03 secs] 
83.376: [GC (Allocation Failure) 83.376: [ParNew (promotion failed): 2751K->2997K(3072K), 0.0151624 secs]83.391: [CMS: 6327K->6325K(6848K), 0.0166463 secs] 9077K->9077K(9920K), [Metaspace: 3748K->3748K(1056768K)], 0.0318655 secs] [Times: user=0.13 sys=0.00, real=0.03 secs] 
83.409: [GC (CMS Initial Mark) [1 CMS-initial-mark: 6325K(6848K)] 9077K(9920K), 0.0030371 secs] [Times: user=0.00 sys=0.00, real=0.00 secs] 
83.412: [CMS-concurrent-mark-start]
83.412: [GC (Allocation Failure) 83.412: [ParNew (promotion failed): 2751K->2997K(3072K), 0.0143669 secs]83.427: [CMS83.430: [CMS-concurrent-mark: 0.004/0.018 secs] [Times: user=0.12 sys=0.00, real=0.02 secs] 
 (concurrent mode failure): 6327K->6325K(6848K), 0.0197607 secs] 9077K->9077K(9920K), [Metaspace: 3748K->3748K(1056768K)], 0.0341762 secs] [Times: user=0.13 sys=0.00, real=0.03 secs] 
83.447: [GC (Allocation Failure) 83.447: [ParNew (promotion failed): 2751K->3022K(3072K), 0.0150584 secs]83.462: [CMS: 6327K->6325K(6848K), 0.0164415 secs] 9077K->9077K(9920K), [Metaspace: 3748K->3748K(1056768K)], 0.0315556 secs] [Times: user=0.13 sys=0.00, real=0.03 secs] 
83.478: [GC (CMS Initial Mark) [1 CMS-initial-mark: 6325K(6848K)] 9077K(9920K), 0.0030524 secs] [Times: user=0.00 sys=0.00, real=0.01 secs] 
83.481: [CMS-concurrent-mark-start]
83.481: [GC (Allocation Failure) 83.481: [ParNew (promotion failed): 2751K->2997K(3072K), 0.0207864 secs]83.502: [CMS83.506: [CMS-concurrent-mark: 0.003/0.024 secs] [Times: user=0.15 sys=0.00, real=0.02 secs] 
 (concurrent mode failure): 6327K->6325K(6848K), 0.0201252 secs] 9077K->9077K(9920K), [Metaspace: 3748K->3748K(1056768K)], 0.0409709 secs] [Times: user=0.17 sys=0.00, real=0.04 secs] 
83.523: [GC (Allocation Failure) 83.523: [ParNew (promotion failed): 2751K->2997K(3072K), 0.0228147 secs]83.546: [CMS: 6327K->6325K(6848K), 0.0167940 secs] 9077K->9077K(9920K), [Metaspace: 3748K->3748K(1056768K)], 0.0396652 secs] [Times: user=0.19 sys=0.00, real=0.04 secs] 
83.563: [GC (CMS Initial Mark) [1 CMS-initial-mark: 6325K(6848K)] 9077K(9920K), 0.0030778 secs] [Times: user=0.00 sys=0.00, real=0.00 secs] 
83.566: [CMS-concurrent-mark-start]
83.566: [GC (Allocation Failure) 83.566: [ParNew (promotion failed): 2751K->3022K(3072K), 0.0120598 secs]83.578: [CMS83.582: [CMS-concurrent-mark: 0.004/0.016 secs] [Times: user=0.07 sys=0.00, real=0.02 secs] 
 (concurrent mode failure): 6327K->6325K(6848K), 0.0208958 secs] 9077K->9077K(9920K), [Metaspace: 3748K->3748K(1056768K)], 0.0330153 secs] [Times: user=0.09 sys=0.00, real=0.04 secs] 
83.605: [GC (Allocation Failure) 83.605: [ParNew (promotion failed): 2751K->2997K(3072K), 0.0204912 secs]83.625: [CMS: 6327K->6325K(6848K), 0.0177007 secs] 9077K->9077K(9920K), [Metaspace: 3748K->3748K(1056768K)], 0.0382538 secs] [Times: user=0.15 sys=0.00, real=0.04 secs] 
83.646: [GC (CMS Initial Mark) [1 CMS-initial-mark: 6325K(6848K)] 9077K(9920K), 0.0032670 secs] [Times: user=0.00 sys=0.00, real=0.01 secs] 
83.650: [CMS-concurrent-mark-start]
83.651: [GC (Allocation Failure) 83.651: [ParNew (promotion failed): 2751K->2972K(3072K), 0.0211150 secs]83.672: [CMS83.675: [CMS-concurrent-mark: 0.004/0.025 secs] [Times: user=0.15 sys=0.00, real=0.02 secs] 
 (concurrent mode failure): 6327K->6325K(6848K), 0.0200679 secs] 9077K->9077K(9920K), [Metaspace: 3748K->3748K(1056768K)], 0.0412370 secs] [Times: user=0.15 sys=0.00, real=0.04 secs] 
83.692: [GC (Allocation Failure) 83.692: [ParNew (promotion failed): 2751K->2997K(3072K), 0.0147133 secs]83.707: [CMS: 6327K->6325K(6848K), 0.0168113 secs] 9077K->9077K(9920K), [Metaspace: 3748K->3748K(1056768K)], 0.0315893 secs] [Times: user=0.13 sys=0.00, real=0.03 secs] 
83.724: [GC (CMS Initial Mark) [1 CMS-initial-mark: 6325K(6848K)] 9077K(9920K), 0.0030964 secs] [Times: user=0.00 sys=0.00, real=0.00 secs] 
83.727: [CMS-concurrent-mark-start]
83.728: [GC (Allocation Failure) 83.728: [ParNew (promotion failed): 2751K->3022K(3072K), 0.0153374 secs]83.743: [CMS83.746: [CMS-concurrent-mark: 0.004/0.019 secs] [Times: user=0.12 sys=0.00, real=0.02 secs] 
 (concurrent mode failure): 6327K->6325K(6848K), 0.0201168 secs] 9077K->9077K(9920K), [Metaspace: 3748K->3748K(1056768K)], 0.0355129 secs] [Times: user=0.14 sys=0.00, real=0.04 secs] 
83.763: [GC (Allocation Failure) 83.763: [ParNew (promotion failed): 2751K->3022K(3072K), 0.0164623 secs]83.780: [CMS: 6327K->6325K(6848K), 0.0172820 secs] 9077K->9077K(9920K), [Metaspace: 3748K->3748K(1056768K)], 0.0337966 secs] [Times: user=0.12 sys=0.00, real=0.03 secs] 
83.798: [GC (CMS Initial Mark) [1 CMS-initial-mark: 6325K(6848K)] 9077K(9920K), 0.0030319 secs] [Times: user=0.00 sys=0.00, real=0.01 secs] 
83.801: [CMS-concurrent-mark-start]
83.801: [GC (Allocation Failure) 83.801: [ParNew (promotion failed): 2751K->3022K(3072K), 0.0147304 secs]83.816: [CMS83.819: [CMS-concurrent-mark: 0.004/0.018 secs] [Times: user=0.12 sys=0.00, real=0.02 secs] 
 (concurrent mode failure): 6327K->6325K(6848K), 0.0201401 secs] 9077K->9077K(9920K), [Metaspace: 3748K->3748K(1056768K)], 0.0349312 secs] [Times: user=0.14 sys=0.00, real=0.03 secs] 
83.836: [GC (Allocation Failure) 83.836: [ParNew (promotion failed): 2751K->2997K(3072K), 0.0182299 secs]83.854: [CMS: 6327K->6325K(6848K), 0.0166975 secs] 9077K->9077K(9920K), [Metaspace: 3748K->3748K(1056768K)], 0.0349780 secs] [Times: user=0.15 sys=0.00, real=0.04 secs] 
83.872: [GC (CMS Initial Mark) [1 CMS-initial-mark: 6325K(6848K)] 9077K(9920K), 0.0030439 secs] [Times: user=0.00 sys=0.00, real=0.00 secs] 
83.875: [CMS-concurrent-mark-start]
83.875: [GC (Allocation Failure) 83.875: [ParNew (promotion failed): 2751K->2997K(3072K), 0.0214176 secs]83.896: [CMS83.900: [CMS-concurrent-mark: 0.003/0.025 secs] [Times: user=0.17 sys=0.00, real=0.03 secs] 
 (concurrent mode failure): 6327K->6325K(6848K), 0.0199883 secs] 9077K->9077K(9920K), [Metaspace: 3748K->3748K(1056768K)], 0.0414637 secs] [Times: user=0.19 sys=0.00, real=0.04 secs] 
83.917: [GC (Allocation Failure) 83.917: [ParNew (promotion failed): 2751K->3071K(3072K), 0.0183198 secs]83.936: [CMS: 6327K->6325K(6848K), 0.0166540 secs] 9077K->9077K(9920K), [Metaspace: 3748K->3748K(1056768K)], 0.0350295 secs] [Times: user=0.16 sys=0.00, real=0.04 secs] 
83.953: [GC (CMS Initial Mark) [1 CMS-initial-mark: 6325K(6848K)] 9077K(9920K), 0.0030836 secs] [Times: user=0.00 sys=0.00, real=0.00 secs] 
83.956: [CMS-concurrent-mark-start]
83.956: [GC (Allocation Failure) 83.956: [ParNew (promotion failed): 2751K->2997K(3072K), 0.0232095 secs]83.980: [CMS83.983: [CMS-concurrent-mark: 0.003/0.027 secs] [Times: user=0.18 sys=0.00, real=0.03 secs] 
 (concurrent mode failure): 6327K->6325K(6848K), 0.0197028 secs] 9077K->9077K(9920K), [Metaspace: 3748K->3748K(1056768K)], 0.0429603 secs] [Times: user=0.20 sys=0.00, real=0.05 secs] 
84.000: [GC (Allocation Failure) 84.000: [ParNew (promotion failed): 2751K->2997K(3072K), 0.0166749 secs]84.016: [CMS: 6327K->6325K(6848K), 0.0168755 secs] 9077K->9077K(9920K), [Metaspace: 3748K->3748K(1056768K)], 0.0336113 secs] [Times: user=0.14 sys=0.00, real=0.03 secs] 
84.033: [GC (CMS Initial Mark) [1 CMS-initial-mark: 6325K(6848K)] 9077K(9920K), 0.0030904 secs] [Times: user=0.00 sys=0.00, real=0.00 secs] 
84.037: [CMS-concurrent-mark-start]
84.037: [GC (Allocation Failure) 84.037: [ParNew (promotion failed): 2751K->2997K(3072K), 0.0166956 secs]84.053: [CMS84.057: [CMS-concurrent-mark: 0.003/0.020 secs] [Times: user=0.13 sys=0.00, real=0.02 secs] 
 (concurrent mode failure): 6327K->6325K(6848K), 0.0201835 secs] 9077K->9077K(9920K), [Metaspace: 3748K->3748K(1056768K)], 0.0369375 secs] [Times: user=0.14 sys=0.00, real=0.04 secs] 
84.074: [GC (Allocation Failure) 84.074: [ParNew (promotion failed): 2751K->2997K(3072K), 0.0186424 secs]84.093: [CMS: 6327K->6325K(6848K), 0.0164950 secs] 9077K->9077K(9920K), [Metaspace: 3748K->3748K(1056768K)], 0.0351975 secs] [Times: user=0.16 sys=0.01, real=0.04 secs] 
84.110: [GC (CMS Initial Mark) [1 CMS-initial-mark: 6325K(6848K)] 9077K(9920K), 0.0030766 secs] [Times: user=0.00 sys=0.00, real=0.00 secs] 
84.113: [CMS-concurrent-mark-start]
84.113: [GC (Allocation Failure) 84.113: [ParNew (promotion failed): 2751K->2997K(3072K), 0.0233685 secs]84.136: [CMS84.140: [CMS-concurrent-mark: 0.004/0.027 secs] [Times: user=0.18 sys=0.00, real=0.03 secs] 
 (concurrent mode failure): 6327K->6325K(6848K), 0.0200972 secs] 9077K->9077K(9920K), [Metaspace: 3748K->3748K(1056768K)], 0.0435217 secs] [Times: user=0.20 sys=0.00, real=0.04 secs] 
84.157: [GC (Allocation Failure) 84.157: [ParNew (promotion failed): 2751K->2997K(3072K), 0.0173898 secs]84.174: [CMS: 6327K->6325K(6848K), 0.0165842 secs] 9077K->9077K(9920K), [Metaspace: 3748K->3748K(1056768K)], 0.0340264 secs] [Times: user=0.14 sys=0.00, real=0.04 secs] 
84.191: [GC (CMS Initial Mark) [1 CMS-initial-mark: 6325K(6848K)] 9077K(9920K), 0.0030366 secs] [Times: user=0.00 sys=0.00, real=0.00 secs] 
84.195: [CMS-concurrent-mark-start]
84.195: [GC (Allocation Failure) 84.195: [ParNew (promotion failed): 2751K->3022K(3072K), 0.0173482 secs]84.212: [CMS84.216: [CMS-concurrent-mark: 0.004/0.021 secs] [Times: user=0.14 sys=0.00, real=0.02 secs] 
 (concurrent mode failure): 6327K->6325K(6848K), 0.0195650 secs] 9077K->9077K(9920K), [Metaspace: 3748K->3748K(1056768K)], 0.0369751 secs] [Times: user=0.14 sys=0.00, real=0.04 secs] 
84.233: [GC (Allocation Failure) 84.233: [ParNew (promotion failed): 2751K->3046K(3072K), 0.0226465 secs]84.255: [CMS: 6327K->6325K(6848K), 0.0166223 secs] 9077K->9077K(9920K), [Metaspace: 3748K->3748K(1056768K)], 0.0393337 secs] [Times: user=0.19 sys=0.00, real=0.04 secs] 
84.272: [GC (CMS Initial Mark) [1 CMS-initial-mark: 6325K(6848K)] 9077K(9920K), 0.0030435 secs] [Times: user=0.01 sys=0.00, real=0.00 secs] 
84.275: [CMS-concurrent-mark-start]
84.275: [GC (Allocation Failure) 84.275: [ParNew (promotion failed): 2751K->2997K(3072K), 0.0224743 secs]84.298: [CMS84.301: [CMS-concurrent-mark: 0.003/0.026 secs] [Times: user=0.17 sys=0.00, real=0.03 secs] 
 (concurrent mode failure): 6327K->6325K(6848K), 0.0200032 secs] 9077K->9077K(9920K), [Metaspace: 3748K->3748K(1056768K)], 0.0425364 secs] [Times: user=0.19 sys=0.00, real=0.04 secs] 
84.318: [GC (Allocation Failure) 84.318: [ParNew (promotion failed): 2751K->3022K(3072K), 0.0182353 secs]84.336: [CMS: 6327K->6325K(6848K), 0.0164653 secs] 9077K->9077K(9920K), [Metaspace: 3748K->3748K(1056768K)], 0.0347616 secs] [Times: user=0.15 sys=0.00, real=0.04 secs] 
84.353: [GC (CMS Initial Mark) [1 CMS-initial-mark: 6325K(6848K)] 9077K(9920K), 0.0031063 secs] [Times: user=0.01 sys=0.00, real=0.00 secs] 
84.357: [CMS-concurrent-mark-start]
84.357: [GC (Allocation Failure) 84.357: [ParNew (promotion failed): 2751K->2997K(3072K), 0.0170147 secs]84.374: [CMS84.377: [CMS-concurrent-mark: 0.003/0.021 secs] [Times: user=0.13 sys=0.00, real=0.02 secs] 
 (concurrent mode failure): 6327K->6325K(6848K), 0.0198876 secs] 9077K->9077K(9920K), [Metaspace: 3748K->3748K(1056768K)], 0.0369506 secs] [Times: user=0.15 sys=0.00, real=0.04 secs] 
84.394: [GC (Allocation Failure) 84.394: [ParNew (promotion failed): 2751K->3022K(3072K), 0.0173265 secs]84.411: [CMS: 6327K->6325K(6848K), 0.0165203 secs] 9077K->9077K(9920K), [Metaspace: 3748K->3748K(1056768K)], 0.0339139 secs] [Times: user=0.13 sys=0.00, real=0.03 secs] 
84.429: [GC (CMS Initial Mark) [1 CMS-initial-mark: 6325K(6848K)] 9077K(9920K), 0.0030573 secs] [Times: user=0.01 sys=0.00, real=0.00 secs] 
84.432: [CMS-concurrent-mark-start]
84.432: [GC (Allocation Failure) 84.432: [ParNew (promotion failed): 2751K->3022K(3072K), 0.0212475 secs]84.453: [CMS84.457: [CMS-concurrent-mark: 0.003/0.025 secs] [Times: user=0.16 sys=0.00, real=0.02 secs] 
 (concurrent mode failure): 6327K->6325K(6848K), 0.0199670 secs] 9077K->9077K(9920K), [Metaspace: 3748K->3748K(1056768K)], 0.0412740 secs] [Times: user=0.18 sys=0.00, real=0.04 secs] 
84.474: [GC (Allocation Failure) 84.474: [ParNew (promotion failed): 2751K->3022K(3072K), 0.0158856 secs]84.490: [CMS: 6327K->6325K(6848K), 0.0166122 secs] 9077K->9077K(9920K), [Metaspace: 3748K->3748K(1056768K)], 0.0325510 secs] [Times: user=0.14 sys=0.01, real=0.03 secs] 
84.507: [GC (CMS Initial Mark) [1 CMS-initial-mark: 6325K(6848K)] 9077K(9920K), 0.0031207 secs] [Times: user=0.00 sys=0.00, real=0.01 secs] 
84.510: [CMS-concurrent-mark-start]
84.510: [GC (Allocation Failure) 84.510: [ParNew (promotion failed): 2751K->3022K(3072K), 0.0201852 secs]84.531: [CMS84.534: [CMS-concurrent-mark: 0.004/0.024 secs] [Times: user=0.14 sys=0.00, real=0.02 secs] 
 (concurrent mode failure): 6327K->6325K(6848K), 0.0197209 secs] 9077K->9077K(9920K), [Metaspace: 3748K->3748K(1056768K)], 0.0399785 secs] [Times: user=0.16 sys=0.00, real=0.04 secs] 
84.551: [GC (Allocation Failure) 84.551: [ParNew (promotion failed): 2751K->3022K(3072K), 0.0155485 secs]84.566: [CMS: 6327K->6325K(6848K), 0.0165998 secs] 9077K->9077K(9920K), [Metaspace: 3748K->3748K(1056768K)], 0.0322230 secs] [Times: user=0.12 sys=0.00, real=0.03 secs] 
84.583: [GC (CMS Initial Mark) [1 CMS-initial-mark: 6325K(6848K)] 9077K(9920K), 0.0030711 secs] [Times: user=0.01 sys=0.00, real=0.00 secs] 
84.586: [CMS-concurrent-mark-start]
84.586: [GC (Allocation Failure) 84.586: [ParNew (promotion failed): 2751K->2997K(3072K), 0.0146379 secs]84.601: [CMS84.604: [CMS-concurrent-mark: 0.004/0.018 secs] [Times: user=0.11 sys=0.00, real=0.02 secs] 
 (concurrent mode failure): 6327K->6325K(6848K), 0.0202207 secs] 9077K->9077K(9920K), [Metaspace: 3748K->3748K(1056768K)], 0.0349250 secs] [Times: user=0.13 sys=0.00, real=0.04 secs] 
84.622: [GC (Allocation Failure) 84.622: [ParNew (promotion failed): 2751K->2997K(3072K), 0.0165940 secs]84.638: [CMS: 6327K->6325K(6848K), 0.0165070 secs] 9077K->9077K(9920K), [Metaspace: 3748K->3748K(1056768K)], 0.0331707 secs] [Times: user=0.14 sys=0.00, real=0.03 secs] 
84.655: [GC (CMS Initial Mark) [1 CMS-initial-mark: 6325K(6848K)] 9077K(9920K), 0.0030383 secs] [Times: user=0.01 sys=0.00, real=0.00 secs] 
84.658: [CMS-concurrent-mark-start]
84.658: [GC (Allocation Failure) 84.658: [ParNew (promotion failed): 2751K->2997K(3072K), 0.0228462 secs]84.681: [CMS84.685: [CMS-concurrent-mark: 0.004/0.027 secs] [Times: user=0.18 sys=0.00, real=0.03 secs] 
 (concurrent mode failure): 6327K->6325K(6848K), 0.0204601 secs] 9077K->9077K(9920K), [Metaspace: 3748K->3748K(1056768K)], 0.0433746 secs] [Times: user=0.19 sys=0.00, real=0.05 secs] 
84.703: [GC (Allocation Failure) 84.703: [ParNew (promotion failed): 2751K->2997K(3072K), 0.0264796 secs]84.729: [CMS: 6327K->6325K(6848K), 0.0166232 secs] 9077K->9077K(9920K), [Metaspace: 3748K->3748K(1056768K)], 0.0431762 secs] [Times: user=0.22 sys=0.00, real=0.04 secs] 
84.746: [GC (CMS Initial Mark) [1 CMS-initial-mark: 6325K(6848K)] 9077K(9920K), 0.0030613 secs] [Times: user=0.01 sys=0.00, real=0.01 secs] 
84.749: [CMS-concurrent-mark-start]
84.750: [GC (Allocation Failure) 84.750: [ParNew (promotion failed): 2751K->2997K(3072K), 0.0235666 secs]84.774: [CMS84.777: [CMS-concurrent-mark: 0.004/0.027 secs] [Times: user=0.17 sys=0.00, real=0.02 secs] 
 (concurrent mode failure): 6327K->6325K(6848K), 0.0199426 secs] 9077K->9077K(9920K), [Metaspace: 3748K->3748K(1056768K)], 0.0435936 secs] [Times: user=0.19 sys=0.00, real=0.04 secs] 
84.794: [GC (Allocation Failure) 84.794: [ParNew (promotion failed): 2751K->2997K(3072K), 0.0184106 secs]84.812: [CMS: 6327K->6325K(6848K), 0.0165628 secs] 9077K->9077K(9920K), [Metaspace: 3748K->3748K(1056768K)], 0.0350494 secs] [Times: user=0.16 sys=0.00, real=0.04 secs] 
84.829: [GC (CMS Initial Mark) [1 CMS-initial-mark: 6325K(6848K)] 9077K(9920K), 0.0030782 secs] [Times: user=0.00 sys=0.01, real=0.00 secs] 
84.832: [CMS-concurrent-mark-start]
84.833: [GC (Allocation Failure) 84.833: [ParNew (promotion failed): 2751K->2997K(3072K), 0.0157802 secs]84.848: [CMS84.852: [CMS-concurrent-mark: 0.003/0.019 secs] [Times: user=0.13 sys=0.00, real=0.02 secs] 
 (concurrent mode failure): 6327K->6325K(6848K), 0.0200538 secs] 9077K->9077K(9920K), [Metaspace: 3748K->3748K(1056768K)], 0.0359066 secs] [Times: user=0.14 sys=0.00, real=0.03 secs] 
84.869: [GC (Allocation Failure) 84.869: [ParNew (promotion failed): 2751K->2997K(3072K), 0.0198795 secs]84.889: [CMS: 6327K->6325K(6848K), 0.0164799 secs] 9077K->9077K(9920K), [Metaspace: 3748K->3748K(1056768K)], 0.0364346 secs] [Times: user=0.17 sys=0.00, real=0.03 secs] 
84.906: [GC (CMS Initial Mark) [1 CMS-initial-mark: 6325K(6848K)] 9077K(9920K), 0.0030530 secs] [Times: user=0.00 sys=0.00, real=0.01 secs] 
84.909: [CMS-concurrent-mark-start]
84.909: [GC (Allocation Failure) 84.909: [ParNew (promotion failed): 2751K->3022K(3072K), 0.0183948 secs]84.927: [CMS84.931: [CMS-concurrent-mark: 0.003/0.022 secs] [Times: user=0.15 sys=0.00, real=0.02 secs] 
 (concurrent mode failure): 6327K->6325K(6848K), 0.0198759 secs] 9077K->9077K(9920K), [Metaspace: 3748K->3748K(1056768K)], 0.0383391 secs] [Times: user=0.16 sys=0.00, real=0.03 secs] 
84.948: [GC (Allocation Failure) 84.948: [ParNew (promotion failed): 2751K->3071K(3072K), 0.0170075 secs]84.965: [CMS: 6327K->6325K(6848K), 0.0166130 secs] 9077K->9077K(9920K), [Metaspace: 3748K->3748K(1056768K)], 0.0336880 secs] [Times: user=0.14 sys=0.00, real=0.04 secs] 
84.982: [GC (CMS Initial Mark) [1 CMS-initial-mark: 6325K(6848K)] 9077K(9920K), 0.0030687 secs] [Times: user=0.01 sys=0.00, real=0.00 secs] 
84.985: [CMS-concurrent-mark-start]
84.985: [GC (Allocation Failure) 84.985: [ParNew (promotion failed): 2751K->2997K(3072K), 0.0225873 secs]85.008: [CMS85.011: [CMS-concurrent-mark: 0.003/0.026 secs] [Times: user=0.18 sys=0.00, real=0.03 secs] 
 (concurrent mode failure): 6327K->6325K(6848K), 0.0201303 secs] 9077K->9077K(9920K), [Metaspace: 3748K->3748K(1056768K)], 0.0427894 secs] [Times: user=0.19 sys=0.00, real=0.04 secs] 
85.029: [GC (Allocation Failure) 85.029: [ParNew (promotion failed): 2751K->3046K(3072K), 0.0199350 secs]85.049: [CMS: 6327K->6325K(6848K), 0.0167401 secs] 9077K->9077K(9920K), [Metaspace: 3748K->3748K(1056768K)], 0.0367420 secs] [Times: user=0.16 sys=0.00, real=0.03 secs] 
85.066: [GC (CMS Initial Mark) [1 CMS-initial-mark: 6325K(6848K)] 9077K(9920K), 0.0030451 secs] [Times: user=0.00 sys=0.00, real=0.01 secs] 
85.069: [CMS-concurrent-mark-start]
85.069: [GC (Allocation Failure) 85.069: [ParNew (promotion failed): 2751K->2997K(3072K), 0.0231367 secs]85.093: [CMS85.096: [CMS-concurrent-mark: 0.004/0.027 secs] [Times: user=0.19 sys=0.00, real=0.02 secs] 
 (concurrent mode failure): 6327K->6325K(6848K), 0.0199362 secs] 9077K->9077K(9920K), [Metaspace: 3748K->3748K(1056768K)], 0.0431499 secs] [Times: user=0.20 sys=0.00, real=0.04 secs] 
85.113: [GC (Allocation Failure) 85.113: [ParNew (promotion failed): 2751K->3022K(3072K), 0.0160775 secs]85.129: [CMS: 6327K->6325K(6848K), 0.0165688 secs] 9077K->9077K(9920K), [Metaspace: 3748K->3748K(1056768K)], 0.0327023 secs] [Times: user=0.14 sys=0.00, real=0.03 secs] 
85.146: [GC (CMS Initial Mark) [1 CMS-initial-mark: 6325K(6848K)] 9077K(9920K), 0.0030323 secs] [Times: user=0.00 sys=0.00, real=0.01 secs] 
85.149: [CMS-concurrent-mark-start]
85.149: [GC (Allocation Failure) 85.149: [ParNew (promotion failed): 2751K->2997K(3072K), 0.0152245 secs]85.164: [CMS85.168: [CMS-concurrent-mark: 0.003/0.019 secs] [Times: user=0.12 sys=0.00, real=0.01 secs] 
 (concurrent mode failure): 6327K->6325K(6848K), 0.0201995 secs] 9077K->9077K(9920K), [Metaspace: 3748K->3748K(1056768K)], 0.0355010 secs] [Times: user=0.14 sys=0.00, real=0.03 secs] 
85.185: [GC (Allocation Failure) 85.185: [ParNew (promotion failed): 2751K->2997K(3072K), 0.0174935 secs]85.202: [CMS: 6327K->6325K(6848K), 0.0165335 secs] 9077K->9077K(9920K), [Metaspace: 3748K->3748K(1056768K)], 0.0340838 secs] [Times: user=0.15 sys=0.01, real=0.04 secs] 
85.219: [GC (CMS Initial Mark) [1 CMS-initial-mark: 6325K(6848K)] 9077K(9920K), 0.0030621 secs] [Times: user=0.00 sys=0.00, real=0.00 secs] 
85.222: [CMS-concurrent-mark-start]
85.222: [GC (Allocation Failure) 85.222: [ParNew (promotion failed): 2751K->2997K(3072K), 0.0143919 secs]85.237: [CMS85.240: [CMS-concurrent-mark: 0.004/0.018 secs] [Times: user=0.11 sys=0.00, real=0.02 secs] 
 (concurrent mode failure): 6327K->6325K(6848K), 0.0201936 secs] 9077K->9077K(9920K), [Metaspace: 3748K->3748K(1056768K)], 0.0346505 secs] [Times: user=0.13 sys=0.00, real=0.03 secs] 
85.258: [GC (Allocation Failure) 85.258: [ParNew (promotion failed): 2751K->2997K(3072K), 0.0168735 secs]85.275: [CMS: 6327K->6325K(6848K), 0.0166436 secs] 9077K->9077K(9920K), [Metaspace: 3748K->3748K(1056768K)], 0.0335845 secs] [Times: user=0.14 sys=0.00, real=0.04 secs] 
85.292: [GC (CMS Initial Mark) [1 CMS-initial-mark: 6325K(6848K)] 9077K(9920K), 0.0032058 secs] [Times: user=0.00 sys=0.00, real=0.00 secs] 
85.295: [CMS-concurrent-mark-start]
85.296: [GC (Allocation Failure) 85.296: [ParNew (promotion failed): 2751K->2997K(3072K), 0.0158947 secs]85.312: [CMS85.315: [CMS-concurrent-mark: 0.004/0.020 secs] [Times: user=0.13 sys=0.00, real=0.02 secs] 
 (concurrent mode failure): 6327K->6325K(6848K), 0.0196035 secs] 9077K->9077K(9920K), [Metaspace: 3748K->3748K(1056768K)], 0.0355715 secs] [Times: user=0.14 sys=0.00, real=0.04 secs] 
85.332: [GC (Allocation Failure) 85.332: [ParNew (promotion failed): 2751K->2997K(3072K), 0.0230213 secs]85.355: [CMS: 6327K->6325K(6848K), 0.0165965 secs] 9077K->9077K(9920K), [Metaspace: 3748K->3748K(1056768K)], 0.0396858 secs] [Times: user=0.20 sys=0.00, real=0.04 secs] 
85.372: [GC (CMS Initial Mark) [1 CMS-initial-mark: 6325K(6848K)] 9077K(9920K), 0.0030600 secs] [Times: user=0.00 sys=0.00, real=0.00 secs] 
85.375: [CMS-concurrent-mark-start]
85.375: [GC (Allocation Failure) 85.375: [ParNew (promotion failed): 2751K->2997K(3072K), 0.0149107 secs]85.390: [CMS85.394: [CMS-concurrent-mark: 0.004/0.019 secs] [Times: user=0.12 sys=0.00, real=0.02 secs] 
 (concurrent mode failure): 6327K->6325K(6848K), 0.0200499 secs] 9077K->9077K(9920K), [Metaspace: 3748K->3748K(1056768K)], 0.0350275 secs] [Times: user=0.13 sys=0.00, real=0.04 secs] 
85.410: [GC (Allocation Failure) 85.410: [ParNew (promotion failed): 2751K->3022K(3072K), 0.0226127 secs]85.433: [CMS: 6327K->6325K(6848K), 0.0164893 secs] 9077K->9077K(9920K), [Metaspace: 3748K->3748K(1056768K)], 0.0391705 secs] [Times: user=0.19 sys=0.00, real=0.04 secs] 
85.450: [GC (CMS Initial Mark) [1 CMS-initial-mark: 6325K(6848K)] 9077K(9920K), 0.0030560 secs] [Times: user=0.00 sys=0.00, real=0.00 secs] 
85.453: [CMS-concurrent-mark-start]
85.453: [GC (Allocation Failure) 85.453: [ParNew (promotion failed): 2751K->2997K(3072K), 0.0159246 secs]85.469: [CMS85.473: [CMS-concurrent-mark: 0.004/0.020 secs] [Times: user=0.13 sys=0.00, real=0.02 secs] 
 (concurrent mode failure): 6327K->6325K(6848K), 0.0199829 secs] 9077K->9077K(9920K), [Metaspace: 3748K->3748K(1056768K)], 0.0359650 secs] [Times: user=0.14 sys=0.00, real=0.04 secs] 
85.490: [GC (Allocation Failure) 85.490: [ParNew (promotion failed): 2751K->3046K(3072K), 0.0203833 secs]85.510: [CMS: 6327K->6325K(6848K), 0.0169338 secs] 9077K->9077K(9920K), [Metaspace: 3748K->3748K(1056768K)], 0.0373922 secs] [Times: user=0.14 sys=0.00, real=0.03 secs] 
85.528: [GC (CMS Initial Mark) [1 CMS-initial-mark: 6325K(6848K)] 9077K(9920K), 0.0030666 secs] [Times: user=0.01 sys=0.00, real=0.01 secs] 
85.531: [CMS-concurrent-mark-start]
85.531: [GC (Allocation Failure) 85.531: [ParNew (promotion failed): 2751K->2997K(3072K), 0.0218354 secs]85.553: [CMS85.556: [CMS-concurrent-mark: 0.004/0.025 secs] [Times: user=0.16 sys=0.00, real=0.02 secs] 
 (concurrent mode failure): 6327K->6325K(6848K), 0.0202946 secs] 9077K->9077K(9920K), [Metaspace: 3748K->3748K(1056768K)], 0.0422013 secs] [Times: user=0.18 sys=0.00, real=0.04 secs] 
85.574: [GC (Allocation Failure) 85.574: [ParNew (promotion failed): 2751K->3022K(3072K), 0.0178184 secs]85.592: [CMS: 6327K->6325K(6848K), 0.0165742 secs] 9077K->9077K(9920K), [Metaspace: 3748K->3748K(1056768K)], 0.0344605 secs] [Times: user=0.15 sys=0.00, real=0.03 secs] 
85.609: [GC (CMS Initial Mark) [1 CMS-initial-mark: 6325K(6848K)] 9077K(9920K), 0.0030797 secs] [Times: user=0.01 sys=0.00, real=0.00 secs] 
85.612: [CMS-concurrent-mark-start]
85.612: [GC (Allocation Failure) 85.612: [ParNew (promotion failed): 2751K->3022K(3072K), 0.0164836 secs]85.629: [CMS85.632: [CMS-concurrent-mark: 0.004/0.020 secs] [Times: user=0.13 sys=0.00, real=0.02 secs] 
 (concurrent mode failure): 6327K->6325K(6848K), 0.0197638 secs] 9077K->9077K(9920K), [Metaspace: 3748K->3748K(1056768K)], 0.0363101 secs] [Times: user=0.14 sys=0.00, real=0.04 secs] 
85.649: [GC (Allocation Failure) 85.649: [ParNew (promotion failed): 2751K->3022K(3072K), 0.0175497 secs]85.667: [CMS: 6327K->6325K(6848K), 0.0165598 secs] 9077K->9077K(9920K), [Metaspace: 3748K->3748K(1056768K)], 0.0341694 secs] [Times: user=0.15 sys=0.00, real=0.03 secs] 
85.683: [GC (CMS Initial Mark) [1 CMS-initial-mark: 6325K(6848K)] 9077K(9920K), 0.0030729 secs] [Times: user=0.00 sys=0.00, real=0.00 secs] 
85.686: [CMS-concurrent-mark-start]
85.686: [GC (Allocation Failure) 85.686: [ParNew (promotion failed): 2751K->3022K(3072K), 0.0146749 secs]85.701: [CMS85.705: [CMS-concurrent-mark: 0.004/0.018 secs] [Times: user=0.11 sys=0.00, real=0.02 secs] 
 (concurrent mode failure): 6327K->6325K(6848K), 0.0213572 secs] 9077K->9077K(9920K), [Metaspace: 3748K->3748K(1056768K)], 0.0361088 secs] [Times: user=0.12 sys=0.00, real=0.04 secs] 
85.723: [GC (Allocation Failure) 85.723: [ParNew (promotion failed): 2751K->3022K(3072K), 0.0226077 secs]85.746: [CMS: 6327K->6325K(6848K), 0.0166258 secs] 9077K->9077K(9920K), [Metaspace: 3748K->3748K(1056768K)], 0.0393214 secs] [Times: user=0.18 sys=0.00, real=0.04 secs] 
85.763: [GC (CMS Initial Mark) [1 CMS-initial-mark: 6325K(6848K)] 9077K(9920K), 0.0030565 secs] [Times: user=0.00 sys=0.00, real=0.00 secs] 
85.766: [CMS-concurrent-mark-start]
85.766: [GC (Allocation Failure) 85.766: [ParNew (promotion failed): 2751K->3022K(3072K), 0.0177890 secs]85.784: [CMS85.787: [CMS-concurrent-mark: 0.004/0.021 secs] [Times: user=0.14 sys=0.00, real=0.02 secs] 
 (concurrent mode failure): 6327K->6325K(6848K), 0.0201600 secs] 9077K->9077K(9920K), [Metaspace: 3748K->3748K(1056768K)], 0.0380196 secs] [Times: user=0.16 sys=0.00, real=0.04 secs] 
85.805: [GC (Allocation Failure) 85.805: [ParNew (promotion failed): 2751K->3022K(3072K), 0.0229482 secs]85.828: [CMS: 6327K->6325K(6848K), 0.0166997 secs] 9077K->9077K(9920K), [Metaspace: 3748K->3748K(1056768K)], 0.0397325 secs] [Times: user=0.19 sys=0.00, real=0.04 secs] 
85.845: [GC (CMS Initial Mark) [1 CMS-initial-mark: 6325K(6848K)] 9077K(9920K), 0.0030549 secs] [Times: user=0.00 sys=0.00, real=0.00 secs] 
85.848: [CMS-concurrent-mark-start]
85.849: [GC (Allocation Failure) 85.849: [ParNew (promotion failed): 2751K->3022K(3072K), 0.0176693 secs]85.866: [CMS85.869: [CMS-concurrent-mark: 0.004/0.021 secs] [Times: user=0.14 sys=0.00, real=0.03 secs] 
 (concurrent mode failure): 6327K->6325K(6848K), 0.0195522 secs] 9077K->9077K(9920K), [Metaspace: 3748K->3748K(1056768K)], 0.0372924 secs] [Times: user=0.16 sys=0.00, real=0.03 secs] 
85.887: [GC (Allocation Failure) 85.887: [ParNew (promotion failed): 2751K->2997K(3072K), 0.0232141 secs]85.910: [CMS: 6327K->6325K(6848K), 0.0165821 secs] 9077K->9077K(9920K), [Metaspace: 3748K->3748K(1056768K)], 0.0398689 secs] [Times: user=0.19 sys=0.00, real=0.04 secs] 
85.927: [GC (CMS Initial Mark) [1 CMS-initial-mark: 6325K(6848K)] 9077K(9920K), 0.0030719 secs] [Times: user=0.00 sys=0.00, real=0.01 secs] 
85.930: [CMS-concurrent-mark-start]
85.930: [GC (Allocation Failure) 85.930: [ParNew (promotion failed): 2751K->2997K(3072K), 0.0196404 secs]85.949: [CMS85.953: [CMS-concurrent-mark: 0.003/0.023 secs] [Times: user=0.16 sys=0.01, real=0.02 secs] 
 (concurrent mode failure): 6327K->6325K(6848K), 0.0198970 secs] 9077K->9077K(9920K), [Metaspace: 3748K->3748K(1056768K)], 0.0395972 secs] [Times: user=0.17 sys=0.01, real=0.04 secs] 
85.970: [GC (Allocation Failure) 85.970: [ParNew (promotion failed): 2751K->3022K(3072K), 0.0145030 secs]85.984: [CMS: 6327K->6325K(6848K), 0.0165497 secs] 9077K->9077K(9920K), [Metaspace: 3748K->3748K(1056768K)], 0.0311207 secs] [Times: user=0.13 sys=0.00, real=0.03 secs] 
86.001: [GC (CMS Initial Mark) [1 CMS-initial-mark: 6325K(6848K)] 9077K(9920K), 0.0030743 secs] [Times: user=0.00 sys=0.00, real=0.00 secs] 
86.004: [CMS-concurrent-mark-start]
86.005: [GC (Allocation Failure) 86.005: [ParNew (promotion failed): 2751K->3022K(3072K), 0.0147259 secs]86.019: [CMS86.023: [CMS-concurrent-mark: 0.003/0.018 secs] [Times: user=0.12 sys=0.00, real=0.02 secs] 
 (concurrent mode failure): 6327K->6325K(6848K), 0.0199140 secs] 9077K->9077K(9920K), [Metaspace: 3748K->3748K(1056768K)], 0.0347015 secs] [Times: user=0.14 sys=0.00, real=0.04 secs] 
86.040: [GC (Allocation Failure) 86.040: [ParNew (promotion failed): 2751K->2997K(3072K), 0.0223878 secs]86.062: [CMS: 6327K->6325K(6848K), 0.0168285 secs] 9077K->9077K(9920K), [Metaspace: 3748K->3748K(1056768K)], 0.0392945 secs] [Times: user=0.18 sys=0.00, real=0.04 secs] 
86.080: [GC (CMS Initial Mark) [1 CMS-initial-mark: 6325K(6848K)] 9077K(9920K), 0.0030690 secs] [Times: user=0.00 sys=0.00, real=0.00 secs] 
86.083: [CMS-concurrent-mark-start]
86.083: [GC (Allocation Failure) 86.083: [ParNew (promotion failed): 2751K->2997K(3072K), 0.0157458 secs]86.099: [CMS86.102: [CMS-concurrent-mark: 0.004/0.019 secs] [Times: user=0.13 sys=0.00, real=0.02 secs] 
 (concurrent mode failure): 6327K->6325K(6848K), 0.0202476 secs] 9077K->9077K(9920K), [Metaspace: 3748K->3748K(1056768K)], 0.0360690 secs] [Times: user=0.14 sys=0.00, real=0.04 secs] 
86.120: [GC (Allocation Failure) 86.120: [ParNew (promotion failed): 2751K->3022K(3072K), 0.0152141 secs]86.135: [CMS: 6327K->6325K(6848K), 0.0166965 secs] 9077K->9077K(9920K), [Metaspace: 3748K->3748K(1056768K)], 0.0319876 secs] [Times: user=0.13 sys=0.00, real=0.03 secs] 
86.152: [GC (CMS Initial Mark) [1 CMS-initial-mark: 6325K(6848K)] 9077K(9920K), 0.0030700 secs] [Times: user=0.00 sys=0.00, real=0.00 secs] 
86.155: [CMS-concurrent-mark-start]
86.156: [GC (Allocation Failure) 86.156: [ParNew (promotion failed): 2751K->3022K(3072K), 0.0147522 secs]86.170: [CMS86.174: [CMS-concurrent-mark: 0.004/0.018 secs] [Times: user=0.12 sys=0.00, real=0.02 secs] 
 (concurrent mode failure): 6327K->6325K(6848K), 0.0199173 secs] 9077K->9077K(9920K), [Metaspace: 3748K->3748K(1056768K)], 0.0347436 secs] [Times: user=0.13 sys=0.00, real=0.04 secs] 
86.191: [GC (Allocation Failure) 86.191: [ParNew (promotion failed): 2751K->2997K(3072K), 0.0232458 secs]86.214: [CMS: 6327K->6325K(6848K), 0.0165089 secs] 9077K->9077K(9920K), [Metaspace: 3748K->3748K(1056768K)], 0.0398313 secs] [Times: user=0.20 sys=0.00, real=0.04 secs] 
86.231: [GC (CMS Initial Mark) [1 CMS-initial-mark: 6325K(6848K)] 9077K(9920K), 0.0030461 secs] [Times: user=0.00 sys=0.00, real=0.00 secs] 
86.234: [CMS-concurrent-mark-start]
86.234: [GC (Allocation Failure) 86.234: [ParNew (promotion failed): 2751K->2997K(3072K), 0.0148080 secs]86.249: [CMS86.252: [CMS-concurrent-mark: 0.004/0.018 secs] [Times: user=0.12 sys=0.00, real=0.02 secs] 
 (concurrent mode failure): 6327K->6325K(6848K), 0.0201989 secs] 9077K->9077K(9920K), [Metaspace: 3748K->3748K(1056768K)], 0.0350667 secs] [Times: user=0.13 sys=0.00, real=0.04 secs] 
86.269: [GC (Allocation Failure) 86.269: [ParNew (promotion failed): 2751K->3022K(3072K), 0.0170675 secs]86.286: [CMS: 6327K->6325K(6848K), 0.0165453 secs] 9077K->9077K(9920K), [Metaspace: 3748K->3748K(1056768K)], 0.0336795 secs] [Times: user=0.14 sys=0.00, real=0.03 secs] 
86.303: [GC (CMS Initial Mark) [1 CMS-initial-mark: 6325K(6848K)] 9077K(9920K), 0.0030660 secs] [Times: user=0.00 sys=0.00, real=0.00 secs] 
86.307: [CMS-concurrent-mark-start]
86.307: [GC (Allocation Failure) 86.307: [ParNew (promotion failed): 2751K->3022K(3072K), 0.0173969 secs]86.324: [CMS86.328: [CMS-concurrent-mark: 0.004/0.021 secs] [Times: user=0.14 sys=0.00, real=0.02 secs] 
 (concurrent mode failure): 6327K->6325K(6848K), 0.0202396 secs] 9077K->9077K(9920K), [Metaspace: 3748K->3748K(1056768K)], 0.0377010 secs] [Times: user=0.15 sys=0.00, real=0.04 secs] 
86.345: [GC (Allocation Failure) 86.345: [ParNew (promotion failed): 2751K->2997K(3072K), 0.0233624 secs]86.369: [CMS: 6327K->6325K(6848K), 0.0168033 secs] 9077K->9077K(9920K), [Metaspace: 3748K->3748K(1056768K)], 0.0402394 secs] [Times: user=0.20 sys=0.00, real=0.04 secs] 
86.386: [GC (CMS Initial Mark) [1 CMS-initial-mark: 6325K(6848K)] 9077K(9920K), 0.0030765 secs] [Times: user=0.00 sys=0.00, real=0.01 secs] 
86.389: [CMS-concurrent-mark-start]
86.389: [GC (Allocation Failure) 86.390: [ParNew (promotion failed): 2751K->3046K(3072K), 0.0153805 secs]86.405: [CMS86.408: [CMS-concurrent-mark: 0.003/0.019 secs] [Times: user=0.12 sys=0.00, real=0.01 secs] 
 (concurrent mode failure): 6327K->6325K(6848K), 0.0194710 secs] 9077K->9077K(9920K), [Metaspace: 3748K->3748K(1056768K)], 0.0349144 secs] [Times: user=0.14 sys=0.00, real=0.03 secs] 
86.425: [GC (Allocation Failure) 86.425: [ParNew (promotion failed): 2751K->2997K(3072K), 0.0180592 secs]86.443: [CMS: 6327K->6325K(6848K), 0.0165895 secs] 9077K->9077K(9920K), [Metaspace: 3748K->3748K(1056768K)], 0.0347070 secs] [Times: user=0.15 sys=0.00, real=0.04 secs] 
86.460: [GC (CMS Initial Mark) [1 CMS-initial-mark: 6325K(6848K)] 9077K(9920K), 0.0030626 secs] [Times: user=0.01 sys=0.00, real=0.00 secs] 
86.463: [CMS-concurrent-mark-start]
86.463: [GC (Allocation Failure) 86.463: [ParNew (promotion failed): 2751K->2997K(3072K), 0.0217803 secs]86.485: [CMS86.488: [CMS-concurrent-mark: 0.003/0.025 secs] [Times: user=0.17 sys=0.00, real=0.02 secs] 
 (concurrent mode failure): 6327K->6325K(6848K), 0.0201631 secs] 9077K->9077K(9920K), [Metaspace: 3748K->3748K(1056768K)], 0.0420035 secs] [Times: user=0.18 sys=0.00, real=0.04 secs] 
86.505: [GC (Allocation Failure) 86.505: [ParNew (promotion failed): 2751K->3022K(3072K), 0.0132755 secs]86.519: [CMS: 6327K->6325K(6848K), 0.0165643 secs] 9077K->9077K(9920K), [Metaspace: 3748K->3748K(1056768K)], 0.0299007 secs] [Times: user=0.11 sys=0.00, real=0.03 secs] 
86.536: [GC (CMS Initial Mark) [1 CMS-initial-mark: 6325K(6848K)] 9077K(9920K), 0.0030568 secs] [Times: user=0.00 sys=0.00, real=0.01 secs] 
86.539: [CMS-concurrent-mark-start]
86.539: [GC (Allocation Failure) 86.539: [ParNew (promotion failed): 2751K->2997K(3072K), 0.0143400 secs]86.553: [CMS86.557: [CMS-concurrent-mark: 0.004/0.018 secs] [Times: user=0.11 sys=0.00, real=0.01 secs] 
 (concurrent mode failure): 6327K->6325K(6848K), 0.0200025 secs] 9077K->9077K(9920K), [Metaspace: 3748K->3748K(1056768K)], 0.0343982 secs] [Times: user=0.13 sys=0.00, real=0.03 secs] 
86.574: [GC (Allocation Failure) 86.574: [ParNew (promotion failed): 2751K->3022K(3072K), 0.0187773 secs]86.593: [CMS: 6327K->6325K(6848K), 0.0166758 secs] 9077K->9077K(9920K), [Metaspace: 3748K->3748K(1056768K)], 0.0355260 secs] [Times: user=0.16 sys=0.00, real=0.04 secs] 
86.610: [GC (CMS Initial Mark) [1 CMS-initial-mark: 6325K(6848K)] 9077K(9920K), 0.0030702 secs] [Times: user=0.00 sys=0.00, real=0.00 secs] 
86.613: [CMS-concurrent-mark-start]
86.613: [GC (Allocation Failure) 86.613: [ParNew (promotion failed): 2751K->2997K(3072K), 0.0144420 secs]86.628: [CMS86.631: [CMS-concurrent-mark: 0.003/0.018 secs] [Times: user=0.11 sys=0.00, real=0.02 secs] 
 (concurrent mode failure): 6327K->6325K(6848K), 0.0199181 secs] 9077K->9077K(9920K), [Metaspace: 3748K->3748K(1056768K)], 0.0344211 secs] [Times: user=0.13 sys=0.00, real=0.03 secs] 
86.648: [GC (Allocation Failure) 86.648: [ParNew (promotion failed): 2751K->3022K(3072K), 0.0145795 secs]86.663: [CMS: 6327K->6325K(6848K), 0.0166497 secs] 9077K->9077K(9920K), [Metaspace: 3748K->3748K(1056768K)], 0.0313001 secs] [Times: user=0.13 sys=0.00, real=0.04 secs] 
86.680: [GC (CMS Initial Mark) [1 CMS-initial-mark: 6325K(6848K)] 9077K(9920K), 0.0030722 secs] [Times: user=0.00 sys=0.00, real=0.00 secs] 
86.683: [CMS-concurrent-mark-start]
86.684: [GC (Allocation Failure) 86.684: [ParNew (promotion failed): 2751K->2997K(3072K), 0.0170400 secs]86.701: [CMS86.704: [CMS-concurrent-mark: 0.004/0.021 secs] [Times: user=0.13 sys=0.01, real=0.02 secs] 
 (concurrent mode failure): 6327K->6325K(6848K), 0.0198489 secs] 9077K->9077K(9920K), [Metaspace: 3748K->3748K(1056768K)], 0.0369543 secs] [Times: user=0.15 sys=0.01, real=0.04 secs] 
86.721: [GC (Allocation Failure) 86.721: [ParNew (promotion failed): 2751K->3071K(3072K), 0.0178881 secs]86.739: [CMS: 6327K->6325K(6848K), 0.0166178 secs] 9077K->9077K(9920K), [Metaspace: 3748K->3748K(1056768K)], 0.0345726 secs] [Times: user=0.15 sys=0.00, real=0.03 secs] 
86.756: [GC (CMS Initial Mark) [1 CMS-initial-mark: 6325K(6848K)] 9077K(9920K), 0.0030693 secs] [Times: user=0.00 sys=0.00, real=0.01 secs] 
86.759: [CMS-concurrent-mark-start]
86.759: [GC (Allocation Failure) 86.759: [ParNew (promotion failed): 2751K->2997K(3072K), 0.0203007 secs]86.779: [CMS86.783: [CMS-concurrent-mark: 0.004/0.024 secs] [Times: user=0.17 sys=0.00, real=0.02 secs] 
 (concurrent mode failure): 6327K->6325K(6848K), 0.0200076 secs] 9077K->9077K(9920K), [Metaspace: 3748K->3748K(1056768K)], 0.0403748 secs] [Times: user=0.18 sys=0.00, real=0.04 secs] 
86.800: [GC (Allocation Failure) 86.800: [ParNew (promotion failed): 2751K->3022K(3072K), 0.0168621 secs]86.816: [CMS: 6327K->6325K(6848K), 0.0167505 secs] 9077K->9077K(9920K), [Metaspace: 3748K->3748K(1056768K)], 0.0336848 secs] [Times: user=0.15 sys=0.00, real=0.03 secs] 
86.834: [GC (CMS Initial Mark) [1 CMS-initial-mark: 6325K(6848K)] 9077K(9920K), 0.0030794 secs] [Times: user=0.00 sys=0.00, real=0.00 secs] 
86.837: [CMS-concurrent-mark-start]
86.837: [GC (Allocation Failure) 86.837: [ParNew (promotion failed): 2751K->2997K(3072K), 0.0162676 secs]86.853: [CMS86.857: [CMS-concurrent-mark: 0.004/0.020 secs] [Times: user=0.13 sys=0.00, real=0.02 secs] 
 (concurrent mode failure): 6327K->6325K(6848K), 0.0203205 secs] 9077K->9077K(9920K), [Metaspace: 3748K->3748K(1056768K)], 0.0366473 secs] [Times: user=0.14 sys=0.00, real=0.04 secs] 
86.874: [GC (Allocation Failure) 86.874: [ParNew (promotion failed): 2751K->3022K(3072K), 0.0162568 secs]86.891: [CMS: 6327K->6325K(6848K), 0.0165053 secs] 9077K->9077K(9920K), [Metaspace: 3748K->3748K(1056768K)], 0.0328237 secs] [Times: user=0.13 sys=0.00, real=0.03 secs] 
86.908: [GC (CMS Initial Mark) [1 CMS-initial-mark: 6325K(6848K)] 9077K(9920K), 0.0030949 secs] [Times: user=0.01 sys=0.00, real=0.01 secs] 
86.911: [CMS-concurrent-mark-start]
86.911: [GC (Allocation Failure) 86.911: [ParNew (promotion failed): 2751K->2997K(3072K), 0.0145491 secs]86.926: [CMS86.929: [CMS-concurrent-mark: 0.003/0.018 secs] [Times: user=0.11 sys=0.00, real=0.02 secs] 
 (concurrent mode failure): 6327K->6325K(6848K), 0.0195324 secs] 9077K->9077K(9920K), [Metaspace: 3748K->3748K(1056768K)], 0.0341402 secs] [Times: user=0.13 sys=0.00, real=0.03 secs] 
86.946: [GC (Allocation Failure) 86.946: [ParNew (promotion failed): 2751K->2997K(3072K), 0.0163636 secs]86.962: [CMS: 6327K->6325K(6848K), 0.0166272 secs] 9077K->9077K(9920K), [Metaspace: 3748K->3748K(1056768K)], 0.0330624 secs] [Times: user=0.14 sys=0.00, real=0.04 secs] 
86.979: [GC (CMS Initial Mark) [1 CMS-initial-mark: 6325K(6848K)] 9077K(9920K), 0.0030666 secs] [Times: user=0.00 sys=0.00, real=0.00 secs] 
86.982: [CMS-concurrent-mark-start]
86.983: [GC (Allocation Failure) 86.983: [ParNew (promotion failed): 2751K->2997K(3072K), 0.0142183 secs]86.997: [CMS87.000: [CMS-concurrent-mark: 0.003/0.018 secs] [Times: user=0.11 sys=0.00, real=0.02 secs] 
 (concurrent mode failure): 6327K->6325K(6848K), 0.0198704 secs] 9077K->9077K(9920K), [Metaspace: 3748K->3748K(1056768K)], 0.0341538 secs] [Times: user=0.13 sys=0.00, real=0.03 secs] 
87.017: [GC (Allocation Failure) 87.017: [ParNew (promotion failed): 2751K->2997K(3072K), 0.0188943 secs]87.036: [CMS: 6327K->6325K(6848K), 0.0165300 secs] 9077K->9077K(9920K), [Metaspace: 3748K->3748K(1056768K)], 0.0354853 secs] [Times: user=0.15 sys=0.00, real=0.04 secs] 
87.053: [GC (CMS Initial Mark) [1 CMS-initial-mark: 6325K(6848K)] 9077K(9920K), 0.0031136 secs] [Times: user=0.00 sys=0.00, real=0.00 secs] 
87.056: [CMS-concurrent-mark-start]
87.056: [GC (Allocation Failure) 87.056: [ParNew (promotion failed): 2751K->3022K(3072K), 0.0145322 secs]87.071: [CMS87.074: [CMS-concurrent-mark: 0.004/0.018 secs] [Times: user=0.12 sys=0.01, real=0.02 secs] 
 (concurrent mode failure): 6327K->6325K(6848K), 0.0200371 secs] 9077K->9077K(9920K), [Metaspace: 3748K->3748K(1056768K)], 0.0346431 secs] [Times: user=0.13 sys=0.01, real=0.04 secs] 
87.091: [GC (Allocation Failure) 87.091: [ParNew (promotion failed): 2751K->2997K(3072K), 0.0232873 secs]87.115: [CMS: 6327K->6325K(6848K), 0.0166807 secs] 9077K->9077K(9920K), [Metaspace: 3748K->3748K(1056768K)], 0.0400275 secs] [Times: user=0.20 sys=0.00, real=0.04 secs] 
87.132: [GC (CMS Initial Mark) [1 CMS-initial-mark: 6325K(6848K)] 9077K(9920K), 0.0030606 secs] [Times: user=0.00 sys=0.00, real=0.00 secs] 
87.135: [CMS-concurrent-mark-start]
87.135: [GC (Allocation Failure) 87.135: [ParNew (promotion failed): 2751K->2997K(3072K), 0.0150828 secs]87.150: [CMS87.154: [CMS-concurrent-mark: 0.003/0.019 secs] [Times: user=0.12 sys=0.00, real=0.02 secs] 
 (concurrent mode failure): 6327K->6325K(6848K), 0.0200051 secs] 9077K->9077K(9920K), [Metaspace: 3748K->3748K(1056768K)], 0.0351436 secs] [Times: user=0.14 sys=0.00, real=0.04 secs] 
87.171: [GC (Allocation Failure) 87.171: [ParNew (promotion failed): 2751K->3022K(3072K), 0.0160943 secs]87.187: [CMS: 6327K->6325K(6848K), 0.0165241 secs] 9077K->9077K(9920K), [Metaspace: 3748K->3748K(1056768K)], 0.0326779 secs] [Times: user=0.13 sys=0.00, real=0.03 secs] 
87.204: [GC (CMS Initial Mark) [1 CMS-initial-mark: 6325K(6848K)] 9077K(9920K), 0.0030798 secs] [Times: user=0.01 sys=0.00, real=0.00 secs] 
87.207: [CMS-concurrent-mark-start]
87.208: [GC (Allocation Failure) 87.208: [ParNew (promotion failed): 2751K->3022K(3072K), 0.0144391 secs]87.222: [CMS87.225: [CMS-concurrent-mark: 0.004/0.018 secs] [Times: user=0.11 sys=0.00, real=0.02 secs] 
 (concurrent mode failure): 6327K->6325K(6848K), 0.0199248 secs] 9077K->9077K(9920K), [Metaspace: 3748K->3748K(1056768K)], 0.0344279 secs] [Times: user=0.13 sys=0.00, real=0.04 secs] 
87.242: [GC (Allocation Failure) 87.242: [ParNew (promotion failed): 2751K->2997K(3072K), 0.0206449 secs]87.263: [CMS: 6327K->6325K(6848K), 0.0164192 secs] 9077K->9077K(9920K), [Metaspace: 3748K->3748K(1056768K)], 0.0371263 secs] [Times: user=0.17 sys=0.00, real=0.04 secs] 
87.280: [GC (CMS Initial Mark) [1 CMS-initial-mark: 6325K(6848K)] 9077K(9920K), 0.0030607 secs] [Times: user=0.00 sys=0.00, real=0.00 secs] 
87.283: [CMS-concurrent-mark-start]
87.283: [GC (Allocation Failure) 87.283: [ParNew (promotion failed): 2751K->2997K(3072K), 0.0158961 secs]87.299: [CMS87.302: [CMS-concurrent-mark: 0.003/0.019 secs] [Times: user=0.13 sys=0.00, real=0.02 secs] 
 (concurrent mode failure): 6327K->6325K(6848K), 0.0200900 secs] 9077K->9077K(9920K), [Metaspace: 3748K->3748K(1056768K)], 0.0360615 secs] [Times: user=0.15 sys=0.00, real=0.04 secs] 
87.319: [GC (Allocation Failure) 87.319: [ParNew (promotion failed): 2751K->2997K(3072K), 0.0150256 secs]87.334: [CMS: 6327K->6325K(6848K), 0.0165494 secs] 9077K->9077K(9920K), [Metaspace: 3748K->3748K(1056768K)], 0.0316360 secs] [Times: user=0.12 sys=0.00, real=0.03 secs] 
87.351: [GC (CMS Initial Mark) [1 CMS-initial-mark: 6325K(6848K)] 9077K(9920K), 0.0030609 secs] [Times: user=0.01 sys=0.00, real=0.00 secs] 
87.354: [CMS-concurrent-mark-start]
87.354: [GC (Allocation Failure) 87.354: [ParNew (promotion failed): 2751K->3046K(3072K), 0.0149183 secs]87.369: [CMS87.373: [CMS-concurrent-mark: 0.003/0.018 secs] [Times: user=0.10 sys=0.00, real=0.02 secs] 
 (concurrent mode failure): 6327K->6325K(6848K), 0.0204485 secs] 9077K->9077K(9920K), [Metaspace: 3748K->3748K(1056768K)], 0.0354320 secs] [Times: user=0.12 sys=0.00, real=0.04 secs] 
87.391: [GC (Allocation Failure) 87.391: [ParNew (promotion failed): 2751K->2997K(3072K), 0.0255774 secs]87.416: [CMS: 6327K->6325K(6848K), 0.0166997 secs] 9077K->9077K(9920K), [Metaspace: 3748K->3748K(1056768K)], 0.0423486 secs] [Times: user=0.21 sys=0.00, real=0.04 secs] 
87.434: [GC (CMS Initial Mark) [1 CMS-initial-mark: 6325K(6848K)] 9077K(9920K), 0.0030587 secs] [Times: user=0.01 sys=0.00, real=0.00 secs] 
87.437: [CMS-concurrent-mark-start]
87.437: [GC (Allocation Failure) 87.437: [ParNew (promotion failed): 2751K->2997K(3072K), 0.0157266 secs]87.453: [CMS87.456: [CMS-concurrent-mark: 0.004/0.019 secs] [Times: user=0.12 sys=0.01, real=0.02 secs] 
 (concurrent mode failure): 6327K->6325K(6848K), 0.0197289 secs] 9077K->9077K(9920K), [Metaspace: 3748K->3748K(1056768K)], 0.0355202 secs] [Times: user=0.14 sys=0.01, real=0.04 secs] 
87.473: [GC (Allocation Failure) 87.473: [ParNew (promotion failed): 2751K->3022K(3072K), 0.0227043 secs]87.496: [CMS: 6327K->6325K(6848K), 0.0166426 secs] 9077K->9077K(9920K), [Metaspace: 3748K->3748K(1056768K)], 0.0394100 secs] [Times: user=0.18 sys=0.00, real=0.04 secs] 
87.513: [GC (CMS Initial Mark) [1 CMS-initial-mark: 6325K(6848K)] 9077K(9920K), 0.0031098 secs] [Times: user=0.01 sys=0.00, real=0.00 secs] 
87.516: [CMS-concurrent-mark-start]
87.516: [GC (Allocation Failure) 87.516: [ParNew (promotion failed): 2751K->2997K(3072K), 0.0177972 secs]87.534: [CMS87.537: [CMS-concurrent-mark: 0.003/0.021 secs] [Times: user=0.12 sys=0.00, real=0.02 secs] 
 (concurrent mode failure): 6327K->6325K(6848K), 0.0201257 secs] 9077K->9077K(9920K), [Metaspace: 3748K->3748K(1056768K)], 0.0379975 secs] [Times: user=0.14 sys=0.00, real=0.04 secs] 
87.554: [GC (Allocation Failure) 87.554: [ParNew (promotion failed): 2751K->2997K(3072K), 0.0162230 secs]87.571: [CMS: 6327K->6325K(6848K), 0.0165573 secs] 9077K->9077K(9920K), [Metaspace: 3748K->3748K(1056768K)], 0.0328475 secs] [Times: user=0.13 sys=0.00, real=0.03 secs] 
87.588: [GC (CMS Initial Mark) [1 CMS-initial-mark: 6325K(6848K)] 9077K(9920K), 0.0030749 secs] [Times: user=0.01 sys=0.00, real=0.01 secs] 
87.591: [CMS-concurrent-mark-start]
87.591: [GC (Allocation Failure) 87.591: [ParNew (promotion failed): 2751K->3022K(3072K), 0.0241702 secs]87.615: [CMS87.619: [CMS-concurrent-mark: 0.004/0.028 secs] [Times: user=0.19 sys=0.00, real=0.03 secs] 
 (concurrent mode failure): 6327K->6325K(6848K), 0.0199466 secs] 9077K->9077K(9920K), [Metaspace: 3748K->3748K(1056768K)], 0.0441845 secs] [Times: user=0.20 sys=0.00, real=0.04 secs] 
87.636: [GC (Allocation Failure) 87.636: [ParNew (promotion failed): 2751K->3046K(3072K), 0.0212906 secs]87.657: [CMS: 6327K->6325K(6848K), 0.0165642 secs] 9077K->9077K(9920K), [Metaspace: 3748K->3748K(1056768K)], 0.0379273 secs] [Times: user=0.17 sys=0.00, real=0.04 secs] 
87.674: [GC (CMS Initial Mark) [1 CMS-initial-mark: 6325K(6848K)] 9077K(9920K), 0.0030557 secs] [Times: user=0.00 sys=0.00, real=0.00 secs] 
87.677: [CMS-concurrent-mark-start]
87.677: [GC (Allocation Failure) 87.677: [ParNew (promotion failed): 2751K->2997K(3072K), 0.0163073 secs]87.694: [CMS87.697: [CMS-concurrent-mark: 0.003/0.020 secs] [Times: user=0.13 sys=0.00, real=0.02 secs] 
 (concurrent mode failure): 6327K->6325K(6848K), 0.0201042 secs] 9077K->9077K(9920K), [Metaspace: 3748K->3748K(1056768K)], 0.0364811 secs] [Times: user=0.15 sys=0.00, real=0.04 secs] 
87.715: [GC (Allocation Failure) 87.715: [ParNew (promotion failed): 2751K->2997K(3072K), 0.0146278 secs]87.729: [CMS: 6327K->6325K(6848K), 0.0169048 secs] 9077K->9077K(9920K), [Metaspace: 3748K->3748K(1056768K)], 0.0315942 secs] [Times: user=0.12 sys=0.00, real=0.03 secs] 
87.747: [GC (CMS Initial Mark) [1 CMS-initial-mark: 6325K(6848K)] 9077K(9920K), 0.0030935 secs] [Times: user=0.01 sys=0.00, real=0.01 secs] 
87.750: [CMS-concurrent-mark-start]
87.750: [GC (Allocation Failure) 87.750: [ParNew (promotion failed): 2751K->2997K(3072K), 0.0147058 secs]87.765: [CMS87.768: [CMS-concurrent-mark: 0.004/0.018 secs] [Times: user=0.11 sys=0.00, real=0.01 secs] 
 (concurrent mode failure): 6327K->6325K(6848K), 0.0197713 secs] 9077K->9077K(9920K), [Metaspace: 3748K->3748K(1056768K)], 0.0345415 secs] [Times: user=0.13 sys=0.00, real=0.03 secs] 
87.785: [GC (Allocation Failure) 87.785: [ParNew (promotion failed): 2751K->3022K(3072K), 0.0155111 secs]87.801: [CMS: 6327K->6325K(6848K), 0.0168255 secs] 9077K->9077K(9920K), [Metaspace: 3748K->3748K(1056768K)], 0.0324004 secs] [Times: user=0.14 sys=0.00, real=0.03 secs] 
87.818: [GC (CMS Initial Mark) [1 CMS-initial-mark: 6325K(6848K)] 9077K(9920K), 0.0030440 secs] [Times: user=0.00 sys=0.00, real=0.01 secs] 
87.821: [CMS-concurrent-mark-start]
87.821: [GC (Allocation Failure) 87.821: [ParNew (promotion failed): 2751K->3022K(3072K), 0.0195621 secs]87.840: [CMS87.844: [CMS-concurrent-mark: 0.004/0.023 secs] [Times: user=0.15 sys=0.01, real=0.02 secs] 
 (concurrent mode failure): 6327K->6325K(6848K), 0.0200352 secs] 9077K->9077K(9920K), [Metaspace: 3748K->3748K(1056768K)], 0.0396609 secs] [Times: user=0.17 sys=0.01, real=0.04 secs] 
87.861: [GC (Allocation Failure) 87.861: [ParNew (promotion failed): 2751K->3022K(3072K), 0.0154830 secs]87.876: [CMS: 6327K->6325K(6848K), 0.0165887 secs] 9077K->9077K(9920K), [Metaspace: 3748K->3748K(1056768K)], 0.0321316 secs] [Times: user=0.13 sys=0.00, real=0.03 secs] 
87.893: [GC (CMS Initial Mark) [1 CMS-initial-mark: 6325K(6848K)] 9077K(9920K), 0.0030326 secs] [Times: user=0.00 sys=0.00, real=0.00 secs] 
87.896: [CMS-concurrent-mark-start]
87.897: [GC (Allocation Failure) 87.897: [ParNew (promotion failed): 2751K->2997K(3072K), 0.0223111 secs]87.919: [CMS87.922: [CMS-concurrent-mark: 0.004/0.026 secs] [Times: user=0.18 sys=0.00, real=0.03 secs] 
 (concurrent mode failure): 6327K->6325K(6848K), 0.0202752 secs] 9077K->9077K(9920K), [Metaspace: 3748K->3748K(1056768K)], 0.0426490 secs] [Times: user=0.20 sys=0.00, real=0.05 secs] 
87.940: [GC (Allocation Failure) 87.940: [ParNew (promotion failed): 2751K->3022K(3072K), 0.0147539 secs]87.955: [CMS: 6327K->6325K(6848K), 0.0167576 secs] 9077K->9077K(9920K), [Metaspace: 3748K->3748K(1056768K)], 0.0315825 secs] [Times: user=0.13 sys=0.00, real=0.03 secs] 
87.972: [GC (CMS Initial Mark) [1 CMS-initial-mark: 6325K(6848K)] 9077K(9920K), 0.0030415 secs] [Times: user=0.00 sys=0.00, real=0.00 secs] 
87.975: [CMS-concurrent-mark-start]
87.976: [GC (Allocation Failure) 87.976: [ParNew (promotion failed): 2751K->3022K(3072K), 0.0169685 secs]87.993: [CMS87.996: [CMS-concurrent-mark: 0.004/0.021 secs] [Times: user=0.13 sys=0.00, real=0.02 secs] 
 (concurrent mode failure): 6327K->6325K(6848K), 0.0196620 secs] 9077K->9077K(9920K), [Metaspace: 3748K->3748K(1056768K)], 0.0367067 secs] [Times: user=0.15 sys=0.00, real=0.04 secs] 
88.013: [GC (Allocation Failure) 88.013: [ParNew (promotion failed): 2751K->2997K(3072K), 0.0163287 secs]88.029: [CMS: 6327K->6325K(6848K), 0.0166062 secs] 9077K->9077K(9920K), [Metaspace: 3748K->3748K(1056768K)], 0.0330038 secs] [Times: user=0.13 sys=0.00, real=0.03 secs] 
88.046: [GC (CMS Initial Mark) [1 CMS-initial-mark: 6325K(6848K)] 9077K(9920K), 0.0030636 secs] [Times: user=0.00 sys=0.00, real=0.01 secs] 
88.049: [CMS-concurrent-mark-start]
88.049: [GC (Allocation Failure) 88.049: [ParNew (promotion failed): 2751K->3071K(3072K), 0.0217103 secs]88.071: [CMS88.075: [CMS-concurrent-mark: 0.004/0.025 secs] [Times: user=0.16 sys=0.00, real=0.02 secs] 
 (concurrent mode failure): 6327K->6325K(6848K), 0.0201193 secs] 9077K->9077K(9920K), [Metaspace: 3748K->3748K(1056768K)], 0.0418975 secs] [Times: user=0.18 sys=0.00, real=0.04 secs] 
88.092: [GC (Allocation Failure) 88.092: [ParNew (promotion failed): 2751K->2997K(3072K), 0.0235833 secs]88.115: [CMS: 6327K->6325K(6848K), 0.0164641 secs] 9077K->9077K(9920K), [Metaspace: 3748K->3748K(1056768K)], 0.0401101 secs] [Times: user=0.19 sys=0.00, real=0.04 secs] 
88.132: [GC (CMS Initial Mark) [1 CMS-initial-mark: 6325K(6848K)] 9077K(9920K), 0.0030500 secs] [Times: user=0.00 sys=0.00, real=0.00 secs] 
88.135: [CMS-concurrent-mark-start]
88.135: [GC (Allocation Failure) 88.135: [ParNew (promotion failed): 2751K->2997K(3072K), 0.0165363 secs]88.152: [CMS88.155: [CMS-concurrent-mark: 0.003/0.020 secs] [Times: user=0.13 sys=0.00, real=0.02 secs] 
 (concurrent mode failure): 6327K->6325K(6848K), 0.0199544 secs] 9077K->9077K(9920K), [Metaspace: 3748K->3748K(1056768K)], 0.0365563 secs] [Times: user=0.14 sys=0.00, real=0.04 secs] 
88.172: [GC (Allocation Failure) 88.172: [ParNew (promotion failed): 2751K->2997K(3072K), 0.0224824 secs]88.195: [CMS: 6327K->6325K(6848K), 0.0165050 secs] 9077K->9077K(9920K), [Metaspace: 3748K->3748K(1056768K)], 0.0390613 secs] [Times: user=0.18 sys=0.00, real=0.04 secs] 
88.212: [GC (CMS Initial Mark) [1 CMS-initial-mark: 6325K(6848K)] 9077K(9920K), 0.0030337 secs] [Times: user=0.01 sys=0.00, real=0.00 secs] 
88.215: [CMS-concurrent-mark-start]
88.215: [GC (Allocation Failure) 88.215: [ParNew (promotion failed): 2751K->3022K(3072K), 0.0144430 secs]88.230: [CMS88.233: [CMS-concurrent-mark: 0.004/0.018 secs] [Times: user=0.11 sys=0.00, real=0.02 secs] 
 (concurrent mode failure): 6327K->6325K(6848K), 0.0200905 secs] 9077K->9077K(9920K), [Metaspace: 3748K->3748K(1056768K)], 0.0346030 secs] [Times: user=0.13 sys=0.00, real=0.04 secs] 
88.251: [GC (Allocation Failure) 88.251: [ParNew (promotion failed): 2751K->2997K(3072K), 0.0149799 secs]88.266: [CMS: 6327K->6325K(6848K), 0.0166240 secs] 9077K->9077K(9920K), [Metaspace: 3748K->3748K(1056768K)], 0.0316744 secs] [Times: user=0.13 sys=0.00, real=0.03 secs] 
88.283: [GC (CMS Initial Mark) [1 CMS-initial-mark: 6325K(6848K)] 9077K(9920K), 0.0030370 secs] [Times: user=0.00 sys=0.00, real=0.00 secs] 
88.286: [CMS-concurrent-mark-start]
88.286: [GC (Allocation Failure) 88.286: [ParNew (promotion failed): 2751K->3071K(3072K), 0.0234692 secs]88.310: [CMS88.313: [CMS-concurrent-mark: 0.004/0.027 secs] [Times: user=0.19 sys=0.00, real=0.03 secs] 
 (concurrent mode failure): 6327K->6325K(6848K), 0.0197775 secs] 9077K->9077K(9920K), [Metaspace: 3748K->3748K(1056768K)], 0.0433072 secs] [Times: user=0.20 sys=0.00, real=0.05 secs] 
88.330: [GC (Allocation Failure) 88.330: [ParNew (promotion failed): 2751K->3022K(3072K), 0.0152052 secs]88.345: [CMS: 6327K->6325K(6848K), 0.0165557 secs] 9077K->9077K(9920K), [Metaspace: 3748K->3748K(1056768K)], 0.0318172 secs] [Times: user=0.13 sys=0.00, real=0.03 secs] 
88.362: [GC (CMS Initial Mark) [1 CMS-initial-mark: 6325K(6848K)] 9077K(9920K), 0.0030409 secs] [Times: user=0.01 sys=0.00, real=0.00 secs] 
88.365: [CMS-concurrent-mark-start]
88.365: [GC (Allocation Failure) 88.365: [ParNew (promotion failed): 2751K->3022K(3072K), 0.0163767 secs]88.381: [CMS88.385: [CMS-concurrent-mark: 0.003/0.020 secs] [Times: user=0.12 sys=0.00, real=0.02 secs] 
 (concurrent mode failure): 6327K->6325K(6848K), 0.0199093 secs] 9077K->9077K(9920K), [Metaspace: 3748K->3748K(1056768K)], 0.0363607 secs] [Times: user=0.14 sys=0.00, real=0.04 secs] 
88.402: [GC (Allocation Failure) 88.402: [ParNew (promotion failed): 2751K->2997K(3072K), 0.0162885 secs]88.418: [CMS: 6327K->6325K(6848K), 0.0169452 secs] 9077K->9077K(9920K), [Metaspace: 3748K->3748K(1056768K)], 0.0332992 secs] [Times: user=0.14 sys=0.00, real=0.03 secs] 
88.435: [GC (CMS Initial Mark) [1 CMS-initial-mark: 6325K(6848K)] 9077K(9920K), 0.0031660 secs] [Times: user=0.01 sys=0.00, real=0.01 secs] 
88.439: [CMS-concurrent-mark-start]
88.439: [GC (Allocation Failure) 88.439: [ParNew (promotion failed): 2751K->3046K(3072K), 0.0157228 secs]88.454: [CMS88.458: [CMS-concurrent-mark: 0.004/0.019 secs] [Times: user=0.11 sys=0.00, real=0.01 secs] 
 (concurrent mode failure): 6327K->6325K(6848K), 0.0204071 secs] 9077K->9077K(9920K), [Metaspace: 3748K->3748K(1056768K)], 0.0361955 secs] [Times: user=0.12 sys=0.00, real=0.03 secs] 
88.476: [GC (Allocation Failure) 88.476: [ParNew (promotion failed): 2751K->2997K(3072K), 0.0203276 secs]88.496: [CMS: 6327K->6325K(6848K), 0.0171548 secs] 9077K->9077K(9920K), [Metaspace: 3748K->3748K(1056768K)], 0.0375592 secs] [Times: user=0.16 sys=0.00, real=0.04 secs] 
88.514: [GC (CMS Initial Mark) [1 CMS-initial-mark: 6325K(6848K)] 9077K(9920K), 0.0031220 secs] [Times: user=0.00 sys=0.00, real=0.00 secs] 
88.517: [CMS-concurrent-mark-start]
88.518: [GC (Allocation Failure) 88.518: [ParNew (promotion failed): 2751K->2997K(3072K), 0.0212611 secs]88.539: [CMS88.542: [CMS-concurrent-mark: 0.004/0.025 secs] [Times: user=0.15 sys=0.00, real=0.03 secs] 
 (concurrent mode failure): 6327K->6325K(6848K), 0.0197423 secs] 9077K->9077K(9920K), [Metaspace: 3748K->3748K(1056768K)], 0.0410730 secs] [Times: user=0.16 sys=0.00, real=0.05 secs] 
88.559: [GC (Allocation Failure) 88.559: [ParNew (promotion failed): 2751K->2997K(3072K), 0.0181361 secs]88.577: [CMS: 6327K->6325K(6848K), 0.0167617 secs] 9077K->9077K(9920K), [Metaspace: 3748K->3748K(1056768K)], 0.0349689 secs] [Times: user=0.15 sys=0.01, real=0.03 secs] 
88.594: [GC (CMS Initial Mark) [1 CMS-initial-mark: 6325K(6848K)] 9077K(9920K), 0.0030741 secs] [Times: user=0.00 sys=0.00, real=0.00 secs] 
88.598: [CMS-concurrent-mark-start]
88.598: [GC (Allocation Failure) 88.598: [ParNew (promotion failed): 2751K->2997K(3072K), 0.0160013 secs]88.614: [CMS88.617: [CMS-concurrent-mark: 0.004/0.020 secs] [Times: user=0.13 sys=0.00, real=0.02 secs] 
 (concurrent mode failure): 6327K->6325K(6848K), 0.0200072 secs] 9077K->9077K(9920K), [Metaspace: 3748K->3748K(1056768K)], 0.0360762 secs] [Times: user=0.15 sys=0.00, real=0.04 secs] 
88.634: [GC (Allocation Failure) 88.634: [ParNew (promotion failed): 2751K->3022K(3072K), 0.0166339 secs]88.651: [CMS: 6327K->6325K(6848K), 0.0165194 secs] 9077K->9077K(9920K), [Metaspace: 3748K->3748K(1056768K)], 0.0332195 secs] [Times: user=0.14 sys=0.00, real=0.03 secs] 
88.668: [GC (CMS Initial Mark) [1 CMS-initial-mark: 6325K(6848K)] 9077K(9920K), 0.0030831 secs] [Times: user=0.00 sys=0.00, real=0.01 secs] 
88.671: [CMS-concurrent-mark-start]
88.671: [GC (Allocation Failure) 88.671: [ParNew (promotion failed): 2751K->2997K(3072K), 0.0185863 secs]88.690: [CMS88.693: [CMS-concurrent-mark: 0.004/0.022 secs] [Times: user=0.15 sys=0.00, real=0.02 secs] 
 (concurrent mode failure): 6327K->6325K(6848K), 0.0197917 secs] 9077K->9077K(9920K), [Metaspace: 3748K->3748K(1056768K)], 0.0384429 secs] [Times: user=0.16 sys=0.00, real=0.04 secs] 
88.710: [GC (Allocation Failure) 88.710: [ParNew (promotion failed): 2751K->3022K(3072K), 0.0182746 secs]88.728: [CMS: 6327K->6325K(6848K), 0.0168409 secs] 9077K->9077K(9920K), [Metaspace: 3748K->3748K(1056768K)], 0.0351962 secs] [Times: user=0.15 sys=0.00, real=0.03 secs] 
88.746: [GC (CMS Initial Mark) [1 CMS-initial-mark: 6325K(6848K)] 9077K(9920K), 0.0030603 secs] [Times: user=0.01 sys=0.00, real=0.01 secs] 
88.749: [CMS-concurrent-mark-start]
88.749: [GC (Allocation Failure) 88.749: [ParNew (promotion failed): 2751K->2997K(3072K), 0.0164096 secs]88.765: [CMS88.769: [CMS-concurrent-mark: 0.003/0.020 secs] [Times: user=0.13 sys=0.00, real=0.02 secs] 
 (concurrent mode failure): 6327K->6325K(6848K), 0.0202507 secs] 9077K->9077K(9920K), [Metaspace: 3748K->3748K(1056768K)], 0.0367237 secs] [Times: user=0.14 sys=0.00, real=0.03 secs] 
88.786: [GC (Allocation Failure) 88.786: [ParNew (promotion failed): 2751K->3022K(3072K), 0.0170764 secs]88.804: [CMS: 6327K->6325K(6848K), 0.0167106 secs] 9077K->9077K(9920K), [Metaspace: 3748K->3748K(1056768K)], 0.0338495 secs] [Times: user=0.15 sys=0.00, real=0.04 secs] 
88.821: [GC (CMS Initial Mark) [1 CMS-initial-mark: 6325K(6848K)] 9077K(9920K), 0.0030530 secs] [Times: user=0.00 sys=0.00, real=0.00 secs] 
88.824: [CMS-concurrent-mark-start]
88.824: [GC (Allocation Failure) 88.824: [ParNew (promotion failed): 2751K->3022K(3072K), 0.0149444 secs]88.839: [CMS88.842: [CMS-concurrent-mark: 0.004/0.019 secs] [Times: user=0.12 sys=0.00, real=0.02 secs] 
 (concurrent mode failure): 6327K->6325K(6848K), 0.0198295 secs] 9077K->9077K(9920K), [Metaspace: 3748K->3748K(1056768K)], 0.0348403 secs] [Times: user=0.14 sys=0.00, real=0.04 secs] 
88.859: [GC (Allocation Failure) 88.859: [ParNew (promotion failed): 2751K->3022K(3072K), 0.0191967 secs]88.879: [CMS: 6327K->6325K(6848K), 0.0167076 secs] 9077K->9077K(9920K), [Metaspace: 3748K->3748K(1056768K)], 0.0359747 secs] [Times: user=0.16 sys=0.00, real=0.03 secs] 
88.896: [GC (CMS Initial Mark) [1 CMS-initial-mark: 6325K(6848K)] 9077K(9920K), 0.0030638 secs] [Times: user=0.00 sys=0.00, real=0.01 secs] 
88.899: [CMS-concurrent-mark-start]
88.899: [GC (Allocation Failure) 88.899: [ParNew (promotion failed): 2751K->2997K(3072K), 0.0145979 secs]88.913: [CMS88.917: [CMS-concurrent-mark: 0.003/0.018 secs] [Times: user=0.12 sys=0.00, real=0.01 secs] 
 (concurrent mode failure): 6327K->6325K(6848K), 0.0200501 secs] 9077K->9077K(9920K), [Metaspace: 3748K->3748K(1056768K)], 0.0347043 secs] [Times: user=0.13 sys=0.00, real=0.03 secs] 
88.934: [GC (Allocation Failure) 88.934: [ParNew (promotion failed): 2751K->3022K(3072K), 0.0164892 secs]88.950: [CMS: 6327K->6325K(6848K), 0.0165162 secs] 9077K->9077K(9920K), [Metaspace: 3748K->3748K(1056768K)], 0.0330737 secs] [Times: user=0.14 sys=0.01, real=0.03 secs] 
88.967: [GC (CMS Initial Mark) [1 CMS-initial-mark: 6325K(6848K)] 9077K(9920K), 0.0030735 secs] [Times: user=0.01 sys=0.00, real=0.01 secs] 
88.970: [CMS-concurrent-mark-start]
88.970: [GC (Allocation Failure) 88.970: [ParNew (promotion failed): 2751K->2997K(3072K), 0.0150500 secs]88.986: [CMS88.989: [CMS-concurrent-mark: 0.003/0.019 secs] [Times: user=0.12 sys=0.00, real=0.02 secs] 
 (concurrent mode failure): 6327K->6325K(6848K), 0.0201477 secs] 9077K->9077K(9920K), [Metaspace: 3748K->3748K(1056768K)], 0.0352640 secs] [Times: user=0.13 sys=0.00, real=0.03 secs] 
89.007: [GC (Allocation Failure) 89.007: [ParNew (promotion failed): 2751K->3022K(3072K), 0.0172210 secs]89.024: [CMS: 6327K->6325K(6848K), 0.0166000 secs] 9077K->9077K(9920K), [Metaspace: 3748K->3748K(1056768K)], 0.0338918 secs] [Times: user=0.15 sys=0.00, real=0.04 secs] 
89.041: [GC (CMS Initial Mark) [1 CMS-initial-mark: 6325K(6848K)] 9077K(9920K), 0.0030938 secs] [Times: user=0.00 sys=0.00, real=0.00 secs] 
89.044: [CMS-concurrent-mark-start]
89.045: [GC (Allocation Failure) 89.045: [ParNew (promotion failed): 2751K->3022K(3072K), 0.0145438 secs]89.059: [CMS89.062: [CMS-concurrent-mark: 0.004/0.018 secs] [Times: user=0.11 sys=0.00, real=0.02 secs] 
 (concurrent mode failure): 6327K->6325K(6848K), 0.0196563 secs] 9077K->9077K(9920K), [Metaspace: 3748K->3748K(1056768K)], 0.0342698 secs] [Times: user=0.13 sys=0.00, real=0.04 secs] 
89.080: [GC (Allocation Failure) 89.080: [ParNew (promotion failed): 2751K->3022K(3072K), 0.0211765 secs]89.101: [CMS: 6327K->6325K(6848K), 0.0166389 secs] 9077K->9077K(9920K), [Metaspace: 3748K->3748K(1056768K)], 0.0378791 secs] [Times: user=0.17 sys=0.00, real=0.03 secs] 
89.118: [GC (CMS Initial Mark) [1 CMS-initial-mark: 6325K(6848K)] 9077K(9920K), 0.0030806 secs] [Times: user=0.00 sys=0.00, real=0.01 secs] 
89.121: [CMS-concurrent-mark-start]
89.121: [GC (Allocation Failure) 89.121: [ParNew (promotion failed): 2751K->2997K(3072K), 0.0212978 secs]89.142: [CMS89.146: [CMS-concurrent-mark: 0.003/0.025 secs] [Times: user=0.17 sys=0.00, real=0.02 secs] 
 (concurrent mode failure): 6327K->6325K(6848K), 0.0201312 secs] 9077K->9077K(9920K), [Metaspace: 3748K->3748K(1056768K)], 0.0415002 secs] [Times: user=0.19 sys=0.00, real=0.04 secs] 
89.163: [GC (Allocation Failure) 89.163: [ParNew (promotion failed): 2751K->2997K(3072K), 0.0204821 secs]89.183: [CMS: 6327K->6325K(6848K), 0.0164720 secs] 9077K->9077K(9920K), [Metaspace: 3748K->3748K(1056768K)], 0.0370145 secs] [Times: user=0.17 sys=0.00, real=0.04 secs] 
89.200: [GC (CMS Initial Mark) [1 CMS-initial-mark: 6325K(6848K)] 9077K(9920K), 0.0030393 secs] [Times: user=0.00 sys=0.00, real=0.00 secs] 
89.203: [CMS-concurrent-mark-start]
89.203: [GC (Allocation Failure) 89.203: [ParNew (promotion failed): 2751K->3046K(3072K), 0.0147440 secs]89.218: [CMS89.222: [CMS-concurrent-mark: 0.004/0.018 secs] [Times: user=0.12 sys=0.00, real=0.02 secs] 
 (concurrent mode failure): 6327K->6325K(6848K), 0.0200701 secs] 9077K->9077K(9920K), [Metaspace: 3748K->3748K(1056768K)], 0.0348791 secs] [Times: user=0.13 sys=0.00, real=0.03 secs] 
89.239: [GC (Allocation Failure) 89.239: [ParNew (promotion failed): 2751K->2997K(3072K), 0.0161419 secs]89.255: [CMS: 6327K->6325K(6848K), 0.0166943 secs] 9077K->9077K(9920K), [Metaspace: 3748K->3748K(1056768K)], 0.0329006 secs] [Times: user=0.14 sys=0.00, real=0.03 secs] 
89.272: [GC (CMS Initial Mark) [1 CMS-initial-mark: 6325K(6848K)] 9077K(9920K), 0.0030683 secs] [Times: user=0.00 sys=0.00, real=0.00 secs] 
89.275: [CMS-concurrent-mark-start]
89.275: [GC (Allocation Failure) 89.275: [ParNew (promotion failed): 2751K->3022K(3072K), 0.0167094 secs]89.292: [CMS89.296: [CMS-concurrent-mark: 0.004/0.020 secs] [Times: user=0.14 sys=0.00, real=0.02 secs] 
 (concurrent mode failure): 6327K->6325K(6848K), 0.0201117 secs] 9077K->9077K(9920K), [Metaspace: 3748K->3748K(1056768K)], 0.0368895 secs] [Times: user=0.15 sys=0.00, real=0.04 secs] 
89.313: [GC (Allocation Failure) 89.313: [ParNew (promotion failed): 2751K->2997K(3072K), 0.0201366 secs]89.333: [CMS: 6327K->6325K(6848K), 0.0165117 secs] 9077K->9077K(9920K), [Metaspace: 3748K->3748K(1056768K)], 0.0367068 secs] [Times: user=0.17 sys=0.01, real=0.04 secs] 
89.350: [GC (CMS Initial Mark) [1 CMS-initial-mark: 6325K(6848K)] 9077K(9920K), 0.0030721 secs] [Times: user=0.01 sys=0.00, real=0.00 secs] 
89.353: [CMS-concurrent-mark-start]
89.354: [GC (Allocation Failure) 89.354: [ParNew (promotion failed): 2751K->3071K(3072K), 0.0236660 secs]89.377: [CMS89.381: [CMS-concurrent-mark: 0.003/0.027 secs] [Times: user=0.18 sys=0.00, real=0.03 secs] 
 (concurrent mode failure): 6327K->6325K(6848K), 0.0200373 secs] 9077K->9077K(9920K), [Metaspace: 3748K->3748K(1056768K)], 0.0437636 secs] [Times: user=0.20 sys=0.00, real=0.04 secs] 
89.398: [GC (Allocation Failure) 89.398: [ParNew (promotion failed): 2751K->2997K(3072K), 0.0166007 secs]89.414: [CMS: 6327K->6325K(6848K), 0.0165388 secs] 9077K->9077K(9920K), [Metaspace: 3748K->3748K(1056768K)], 0.0331981 secs] [Times: user=0.14 sys=0.00, real=0.04 secs] 
89.431: [GC (CMS Initial Mark) [1 CMS-initial-mark: 6325K(6848K)] 9077K(9920K), 0.0030592 secs] [Times: user=0.00 sys=0.00, real=0.00 secs] 
89.434: [CMS-concurrent-mark-start]
89.434: [GC (Allocation Failure) 89.434: [ParNew (promotion failed): 2751K->2997K(3072K), 0.0220465 secs]89.456: [CMS89.460: [CMS-concurrent-mark: 0.003/0.026 secs] [Times: user=0.18 sys=0.00, real=0.03 secs] 
 (concurrent mode failure): 6327K->6325K(6848K), 0.0199453 secs] 9077K->9077K(9920K), [Metaspace: 3748K->3748K(1056768K)], 0.0420500 secs] [Times: user=0.20 sys=0.00, real=0.04 secs] 
89.477: [GC (Allocation Failure) 89.477: [ParNew (promotion failed): 2751K->2997K(3072K), 0.0166673 secs]89.494: [CMS: 6327K->6325K(6848K), 0.0167745 secs] 9077K->9077K(9920K), [Metaspace: 3748K->3748K(1056768K)], 0.0335118 secs] [Times: user=0.13 sys=0.00, real=0.04 secs] 
89.511: [GC (CMS Initial Mark) [1 CMS-initial-mark: 6325K(6848K)] 9077K(9920K), 0.0030857 secs] [Times: user=0.00 sys=0.00, real=0.00 secs] 
89.514: [CMS-concurrent-mark-start]
89.514: [GC (Allocation Failure) 89.514: [ParNew (promotion failed): 2751K->2997K(3072K), 0.0186881 secs]89.533: [CMS89.536: [CMS-concurrent-mark: 0.004/0.022 secs] [Times: user=0.12 sys=0.00, real=0.02 secs] 
 (concurrent mode failure): 6327K->6325K(6848K), 0.0200997 secs] 9077K->9077K(9920K), [Metaspace: 3748K->3748K(1056768K)], 0.0388549 secs] [Times: user=0.14 sys=0.00, real=0.04 secs] 
89.554: [GC (Allocation Failure) 89.554: [ParNew (promotion failed): 2751K->2997K(3072K), 0.0202137 secs]89.574: [CMS: 6327K->6325K(6848K), 0.0167032 secs] 9077K->9077K(9920K), [Metaspace: 3748K->3748K(1056768K)], 0.0369874 secs] [Times: user=0.16 sys=0.00, real=0.04 secs] 
89.591: [GC (CMS Initial Mark) [1 CMS-initial-mark: 6325K(6848K)] 9077K(9920K), 0.0030917 secs] [Times: user=0.01 sys=0.00, real=0.00 secs] 
89.594: [CMS-concurrent-mark-start]
89.595: [GC (Allocation Failure) 89.595: [ParNew (promotion failed): 2751K->2997K(3072K), 0.0204887 secs]89.615: [CMS89.618: [CMS-concurrent-mark: 0.004/0.024 secs] [Times: user=0.16 sys=0.00, real=0.02 secs] 
 (concurrent mode failure): 6327K->6325K(6848K), 0.0196900 secs] 9077K->9077K(9920K), [Metaspace: 3748K->3748K(1056768K)], 0.0402415 secs] [Times: user=0.17 sys=0.00, real=0.04 secs] 
89.636: [GC (Allocation Failure) 89.636: [ParNew (promotion failed): 2751K->3022K(3072K), 0.0159085 secs]89.651: [CMS: 6327K->6325K(6848K), 0.0167769 secs] 9077K->9077K(9920K), [Metaspace: 3748K->3748K(1056768K)], 0.0327563 secs] [Times: user=0.14 sys=0.00, real=0.03 secs] 
89.669: [GC (CMS Initial Mark) [1 CMS-initial-mark: 6325K(6848K)] 9077K(9920K), 0.0030481 secs] [Times: user=0.00 sys=0.00, real=0.01 secs] 
89.672: [CMS-concurrent-mark-start]
89.672: [GC (Allocation Failure) 89.672: [ParNew (promotion failed): 2751K->2997K(3072K), 0.0153277 secs]89.687: [CMS89.690: [CMS-concurrent-mark: 0.004/0.019 secs] [Times: user=0.13 sys=0.00, real=0.02 secs] 
 (concurrent mode failure): 6327K->6325K(6848K), 0.0200232 secs] 9077K->9077K(9920K), [Metaspace: 3748K->3748K(1056768K)], 0.0354197 secs] [Times: user=0.14 sys=0.00, real=0.03 secs] 
89.707: [GC (Allocation Failure) 89.707: [ParNew (promotion failed): 2751K->3022K(3072K), 0.0178209 secs]89.725: [CMS: 6327K->6325K(6848K), 0.0164335 secs] 9077K->9077K(9920K), [Metaspace: 3748K->3748K(1056768K)], 0.0343120 secs] [Times: user=0.15 sys=0.01, real=0.04 secs] 
89.742: [GC (CMS Initial Mark) [1 CMS-initial-mark: 6325K(6848K)] 9077K(9920K), 0.0030883 secs] [Times: user=0.01 sys=0.00, real=0.00 secs] 
89.745: [CMS-concurrent-mark-start]
89.745: [GC (Allocation Failure) 89.745: [ParNew (promotion failed): 2751K->2997K(3072K), 0.0223137 secs]89.768: [CMS89.771: [CMS-concurrent-mark: 0.004/0.026 secs] [Times: user=0.17 sys=0.00, real=0.03 secs] 
 (concurrent mode failure): 6327K->6325K(6848K), 0.0203208 secs] 9077K->9077K(9920K), [Metaspace: 3748K->3748K(1056768K)], 0.0427445 secs] [Times: user=0.19 sys=0.00, real=0.04 secs] 
89.789: [GC (Allocation Failure) 89.789: [ParNew (promotion failed): 2751K->3022K(3072K), 0.0167477 secs]89.805: [CMS: 6327K->6325K(6848K), 0.0166462 secs] 9077K->9077K(9920K), [Metaspace: 3748K->3748K(1056768K)], 0.0334790 secs] [Times: user=0.13 sys=0.00, real=0.04 secs] 
89.823: [GC (CMS Initial Mark) [1 CMS-initial-mark: 6325K(6848K)] 9077K(9920K), 0.0030734 secs] [Times: user=0.01 sys=0.00, real=0.00 secs] 
89.826: [CMS-concurrent-mark-start]
89.826: [GC (Allocation Failure) 89.826: [ParNew (promotion failed): 2751K->2997K(3072K), 0.0154415 secs]89.841: [CMS89.845: [CMS-concurrent-mark: 0.003/0.019 secs] [Times: user=0.11 sys=0.00, real=0.02 secs] 
 (concurrent mode failure): 6327K->6325K(6848K), 0.0201528 secs] 9077K->9077K(9920K), [Metaspace: 3748K->3748K(1056768K)], 0.0356583 secs] [Times: user=0.13 sys=0.00, real=0.04 secs] 
89.862: [GC (Allocation Failure) 89.862: [ParNew (promotion failed): 2751K->2997K(3072K), 0.0144614 secs]89.877: [CMS: 6327K->6325K(6848K), 0.0167757 secs] 9077K->9077K(9920K), [Metaspace: 3748K->3748K(1056768K)], 0.0313112 secs] [Times: user=0.12 sys=0.00, real=0.03 secs] 
89.894: [GC (CMS Initial Mark) [1 CMS-initial-mark: 6325K(6848K)] 9077K(9920K), 0.0030905 secs] [Times: user=0.00 sys=0.00, real=0.00 secs] 
89.897: [CMS-concurrent-mark-start]
89.898: [GC (Allocation Failure) 89.898: [ParNew (promotion failed): 2751K->3022K(3072K), 0.0151030 secs]89.913: [CMS89.916: [CMS-concurrent-mark: 0.004/0.019 secs] [Times: user=0.12 sys=0.00, real=0.02 secs] 
 (concurrent mode failure): 6327K->6325K(6848K), 0.0198744 secs] 9077K->9077K(9920K), [Metaspace: 3748K->3748K(1056768K)], 0.0350403 secs] [Times: user=0.14 sys=0.00, real=0.04 secs] 
89.933: [GC (Allocation Failure) 89.933: [ParNew (promotion failed): 2751K->2997K(3072K), 0.0152517 secs]89.948: [CMS: 6327K->6325K(6848K), 0.0166695 secs] 9077K->9077K(9920K), [Metaspace: 3748K->3748K(1056768K)], 0.0319993 secs] [Times: user=0.13 sys=0.00, real=0.03 secs] 
89.965: [GC (CMS Initial Mark) [1 CMS-initial-mark: 6325K(6848K)] 9077K(9920K), 0.0030678 secs] [Times: user=0.00 sys=0.00, real=0.00 secs] 
89.968: [CMS-concurrent-mark-start]
89.968: [GC (Allocation Failure) 89.968: [ParNew (promotion failed): 2751K->3022K(3072K), 0.0146482 secs]89.983: [CMS89.987: [CMS-concurrent-mark: 0.003/0.018 secs] [Times: user=0.12 sys=0.00, real=0.02 secs] 
 (concurrent mode failure): 6327K->6325K(6848K), 0.0200365 secs] 9077K->9077K(9920K), [Metaspace: 3748K->3748K(1056768K)], 0.0347428 secs] [Times: user=0.13 sys=0.00, real=0.04 secs] 
90.004: [GC (Allocation Failure) 90.004: [ParNew (promotion failed): 2751K->3022K(3072K), 0.0236075 secs]90.027: [CMS: 6327K->6325K(6848K), 0.0165990 secs] 9077K->9077K(9920K), [Metaspace: 3748K->3748K(1056768K)], 0.0402747 secs] [Times: user=0.19 sys=0.00, real=0.04 secs] 
90.044: [GC (CMS Initial Mark) [1 CMS-initial-mark: 6325K(6848K)] 9077K(9920K), 0.0030539 secs] [Times: user=0.00 sys=0.00, real=0.00 secs] 
90.047: [CMS-concurrent-mark-start]
90.047: [GC (Allocation Failure) 90.047: [ParNew (promotion failed): 2751K->3022K(3072K), 0.0206227 secs]90.068: [CMS90.072: [CMS-concurrent-mark: 0.004/0.024 secs] [Times: user=0.15 sys=0.01, real=0.03 secs] 
 (concurrent mode failure): 6327K->6325K(6848K), 0.0202134 secs] 9077K->9077K(9920K), [Metaspace: 3748K->3748K(1056768K)], 0.0409137 secs] [Times: user=0.17 sys=0.01, real=0.04 secs] 
90.089: [GC (Allocation Failure) 90.089: [ParNew (promotion failed): 2751K->2972K(3072K), 0.0221261 secs]90.111: [CMS: 6327K->6325K(6848K), 0.0166247 secs] 9077K->9077K(9920K), [Metaspace: 3748K->3748K(1056768K)], 0.0388299 secs] [Times: user=0.18 sys=0.00, real=0.03 secs] 
90.128: [GC (CMS Initial Mark) [1 CMS-initial-mark: 6325K(6848K)] 9077K(9920K), 0.0030720 secs] [Times: user=0.01 sys=0.00, real=0.01 secs] 
90.131: [CMS-concurrent-mark-start]
90.132: [GC (Allocation Failure) 90.132: [ParNew (promotion failed): 2751K->3022K(3072K), 0.0163509 secs]90.149: [CMS90.152: [CMS-concurrent-mark: 0.004/0.020 secs] [Times: user=0.12 sys=0.00, real=0.02 secs] 
 (concurrent mode failure): 6327K->6325K(6848K), 0.0195542 secs] 9077K->9077K(9920K), [Metaspace: 3748K->3748K(1056768K)], 0.0359723 secs] [Times: user=0.14 sys=0.00, real=0.03 secs] 
90.169: [GC (Allocation Failure) 90.169: [ParNew (promotion failed): 2751K->2997K(3072K), 0.0174290 secs]90.186: [CMS: 6327K->6325K(6848K), 0.0167640 secs] 9077K->9077K(9920K), [Metaspace: 3748K->3748K(1056768K)], 0.0342503 secs] [Times: user=0.15 sys=0.00, real=0.03 secs] 
90.203: [GC (CMS Initial Mark) [1 CMS-initial-mark: 6325K(6848K)] 9077K(9920K), 0.0030357 secs] [Times: user=0.00 sys=0.00, real=0.00 secs] 
90.206: [CMS-concurrent-mark-start]
90.206: [GC (Allocation Failure) 90.206: [ParNew (promotion failed): 2751K->2997K(3072K), 0.0252470 secs]90.232: [CMS90.235: [CMS-concurrent-mark: 0.003/0.029 secs] [Times: user=0.20 sys=0.00, real=0.03 secs] 
 (concurrent mode failure): 6327K->6325K(6848K), 0.0199948 secs] 9077K->9077K(9920K), [Metaspace: 3748K->3748K(1056768K)], 0.0453032 secs] [Times: user=0.22 sys=0.00, real=0.05 secs] 
90.252: [GC (Allocation Failure) 90.252: [ParNew (promotion failed): 2751K->2997K(3072K), 0.0194018 secs]90.271: [CMS: 6327K->6325K(6848K), 0.0164930 secs] 9077K->9077K(9920K), [Metaspace: 3748K->3748K(1056768K)], 0.0359593 secs] [Times: user=0.16 sys=0.00, real=0.03 secs] 
90.288: [GC (CMS Initial Mark) [1 CMS-initial-mark: 6325K(6848K)] 9077K(9920K), 0.0030547 secs] [Times: user=0.00 sys=0.00, real=0.01 secs] 
90.291: [CMS-concurrent-mark-start]
90.292: [GC (Allocation Failure) 90.292: [ParNew (promotion failed): 2751K->3046K(3072K), 0.0146665 secs]90.306: [CMS90.310: [CMS-concurrent-mark: 0.004/0.018 secs] [Times: user=0.12 sys=0.00, real=0.02 secs] 
 (concurrent mode failure): 6327K->6325K(6848K), 0.0201357 secs] 9077K->9077K(9920K), [Metaspace: 3748K->3748K(1056768K)], 0.0348613 secs] [Times: user=0.13 sys=0.00, real=0.03 secs] 
90.327: [GC (Allocation Failure) 90.327: [ParNew (promotion failed): 2751K->2997K(3072K), 0.0221922 secs]90.349: [CMS: 6327K->6325K(6848K), 0.0166512 secs] 9077K->9077K(9920K), [Metaspace: 3748K->3748K(1056768K)], 0.0389103 secs] [Times: user=0.18 sys=0.00, real=0.04 secs] 
90.367: [GC (CMS Initial Mark) [1 CMS-initial-mark: 6325K(6848K)] 9077K(9920K), 0.0030464 secs] [Times: user=0.00 sys=0.00, real=0.01 secs] 
90.370: [CMS-concurrent-mark-start]
90.370: [GC (Allocation Failure) 90.370: [ParNew (promotion failed): 2751K->3022K(3072K), 0.0167043 secs]90.386: [CMS90.390: [CMS-concurrent-mark: 0.003/0.020 secs] [Times: user=0.13 sys=0.00, real=0.02 secs] 
 (concurrent mode failure): 6327K->6325K(6848K), 0.0199701 secs] 9077K->9077K(9920K), [Metaspace: 3748K->3748K(1056768K)], 0.0367357 secs] [Times: user=0.15 sys=0.00, real=0.03 secs] 
90.407: [GC (Allocation Failure) 90.407: [ParNew (promotion failed): 2751K->2997K(3072K), 0.0176852 secs]90.425: [CMS: 6327K->6325K(6848K), 0.0166077 secs] 9077K->9077K(9920K), [Metaspace: 3748K->3748K(1056768K)], 0.0343615 secs] [Times: user=0.15 sys=0.00, real=0.04 secs] 
90.442: [GC (CMS Initial Mark) [1 CMS-initial-mark: 6325K(6848K)] 9077K(9920K), 0.0030431 secs] [Times: user=0.00 sys=0.00, real=0.00 secs] 
90.445: [CMS-concurrent-mark-start]
90.445: [GC (Allocation Failure) 90.445: [ParNew (promotion failed): 2751K->3022K(3072K), 0.0230365 secs]90.469: [CMS90.472: [CMS-concurrent-mark: 0.004/0.027 secs] [Times: user=0.19 sys=0.01, real=0.03 secs] 
 (concurrent mode failure): 6327K->6325K(6848K), 0.0197154 secs] 9077K->9077K(9920K), [Metaspace: 3748K->3748K(1056768K)], 0.0428144 secs] [Times: user=0.19 sys=0.00, real=0.04 secs] 
90.489: [GC (Allocation Failure) 90.489: [ParNew (promotion failed): 2751K->2997K(3072K), 0.0173350 secs]90.506: [CMS: 6327K->6325K(6848K), 0.0166684 secs] 9077K->9077K(9920K), [Metaspace: 3748K->3748K(1056768K)], 0.0340651 secs] [Times: user=0.13 sys=0.00, real=0.04 secs] 
90.523: [GC (CMS Initial Mark) [1 CMS-initial-mark: 6325K(6848K)] 9077K(9920K), 0.0030562 secs] [Times: user=0.01 sys=0.00, real=0.00 secs] 
90.526: [CMS-concurrent-mark-start]
90.526: [GC (Allocation Failure) 90.526: [ParNew (promotion failed): 2751K->3022K(3072K), 0.0242535 secs]90.550: [CMS90.554: [CMS-concurrent-mark: 0.003/0.028 secs] [Times: user=0.19 sys=0.00, real=0.03 secs] 
 (concurrent mode failure): 6327K->6325K(6848K), 0.0200272 secs] 9077K->9077K(9920K), [Metaspace: 3748K->3748K(1056768K)], 0.0443476 secs] [Times: user=0.20 sys=0.00, real=0.05 secs] 
90.571: [GC (Allocation Failure) 90.571: [ParNew (promotion failed): 2751K->3022K(3072K), 0.0164080 secs]90.587: [CMS: 6327K->6325K(6848K), 0.0165221 secs] 9077K->9077K(9920K), [Metaspace: 3748K->3748K(1056768K)], 0.0329938 secs] [Times: user=0.14 sys=0.00, real=0.03 secs] 
90.604: [GC (CMS Initial Mark) [1 CMS-initial-mark: 6325K(6848K)] 9077K(9920K), 0.0030629 secs] [Times: user=0.00 sys=0.00, real=0.00 secs] 
90.607: [CMS-concurrent-mark-start]
90.607: [GC (Allocation Failure) 90.607: [ParNew (promotion failed): 2751K->2997K(3072K), 0.0138527 secs]90.621: [CMS90.625: [CMS-concurrent-mark: 0.004/0.017 secs] [Times: user=0.11 sys=0.00, real=0.02 secs] 
 (concurrent mode failure): 6327K->6325K(6848K), 0.0200533 secs] 9077K->9077K(9920K), [Metaspace: 3748K->3748K(1056768K)], 0.0339772 secs] [Times: user=0.12 sys=0.00, real=0.04 secs] 
90.642: [GC (Allocation Failure) 90.642: [ParNew (promotion failed): 2751K->2997K(3072K), 0.0155039 secs]90.658: [CMS: 6327K->6325K(6848K), 0.0166398 secs] 9077K->9077K(9920K), [Metaspace: 3748K->3748K(1056768K)], 0.0322125 secs] [Times: user=0.14 sys=0.00, real=0.03 secs] 
90.675: [GC (CMS Initial Mark) [1 CMS-initial-mark: 6325K(6848K)] 9077K(9920K), 0.0031022 secs] [Times: user=0.00 sys=0.00, real=0.00 secs] 
90.678: [CMS-concurrent-mark-start]
90.678: [GC (Allocation Failure) 90.678: [ParNew (promotion failed): 2751K->2997K(3072K), 0.0184257 secs]90.697: [CMS90.700: [CMS-concurrent-mark: 0.004/0.022 secs] [Times: user=0.15 sys=0.00, real=0.03 secs] 
 (concurrent mode failure): 6327K->6325K(6848K), 0.0196507 secs] 9077K->9077K(9920K), [Metaspace: 3748K->3748K(1056768K)], 0.0381423 secs] [Times: user=0.16 sys=0.00, real=0.04 secs] 
90.717: [GC (Allocation Failure) 90.717: [ParNew (promotion failed): 2751K->2997K(3072K), 0.0182517 secs]90.735: [CMS: 6327K->6325K(6848K), 0.0165881 secs] 9077K->9077K(9920K), [Metaspace: 3748K->3748K(1056768K)], 0.0349050 secs] [Times: user=0.16 sys=0.00, real=0.04 secs] 
90.752: [GC (CMS Initial Mark) [1 CMS-initial-mark: 6325K(6848K)] 9077K(9920K), 0.0031298 secs] [Times: user=0.00 sys=0.00, real=0.00 secs] 
90.755: [CMS-concurrent-mark-start]
90.756: [GC (Allocation Failure) 90.756: [ParNew (promotion failed): 2751K->2997K(3072K), 0.0216325 secs]90.777: [CMS90.781: [CMS-concurrent-mark: 0.003/0.025 secs] [Times: user=0.17 sys=0.00, real=0.03 secs] 
 (concurrent mode failure): 6327K->6325K(6848K), 0.0199069 secs] 9077K->9077K(9920K), [Metaspace: 3748K->3748K(1056768K)], 0.0416085 secs] [Times: user=0.19 sys=0.00, real=0.04 secs] 
90.797: [GC (Allocation Failure) 90.797: [ParNew (promotion failed): 2751K->2997K(3072K), 0.0207148 secs]90.818: [CMS: 6327K->6325K(6848K), 0.0164814 secs] 9077K->9077K(9920K), [Metaspace: 3748K->3748K(1056768K)], 0.0372656 secs] [Times: user=0.17 sys=0.01, real=0.04 secs] 
90.835: [GC (CMS Initial Mark) [1 CMS-initial-mark: 6325K(6848K)] 9077K(9920K), 0.0030653 secs] [Times: user=0.00 sys=0.00, real=0.00 secs] 
90.838: [CMS-concurrent-mark-start]
90.838: [GC (Allocation Failure) 90.838: [ParNew (promotion failed): 2751K->3022K(3072K), 0.0221310 secs]90.861: [CMS90.864: [CMS-concurrent-mark: 0.003/0.026 secs] [Times: user=0.17 sys=0.00, real=0.03 secs] 
 (concurrent mode failure): 6327K->6325K(6848K), 0.0199650 secs] 9077K->9077K(9920K), [Metaspace: 3748K->3748K(1056768K)], 0.0421604 secs] [Times: user=0.19 sys=0.00, real=0.05 secs] 
90.881: [GC (Allocation Failure) 90.881: [ParNew (promotion failed): 2751K->2997K(3072K), 0.0174739 secs]90.898: [CMS: 6327K->6325K(6848K), 0.0165925 secs] 9077K->9077K(9920K), [Metaspace: 3748K->3748K(1056768K)], 0.0341380 secs] [Times: user=0.14 sys=0.00, real=0.03 secs] 
90.916: [GC (CMS Initial Mark) [1 CMS-initial-mark: 6325K(6848K)] 9077K(9920K), 0.0030574 secs] [Times: user=0.01 sys=0.00, real=0.01 secs] 
90.919: [CMS-concurrent-mark-start]
90.919: [GC (Allocation Failure) 90.919: [ParNew (promotion failed): 2751K->3022K(3072K), 0.0228010 secs]90.942: [CMS90.945: [CMS-concurrent-mark: 0.003/0.026 secs] [Times: user=0.18 sys=0.00, real=0.02 secs] 
 (concurrent mode failure): 6327K->6325K(6848K), 0.0200714 secs] 9077K->9077K(9920K), [Metaspace: 3748K->3748K(1056768K)], 0.0429402 secs] [Times: user=0.19 sys=0.00, real=0.04 secs] 
90.963: [GC (Allocation Failure) 90.963: [ParNew (promotion failed): 2751K->3022K(3072K), 0.0171617 secs]90.980: [CMS: 6327K->6325K(6848K), 0.0165426 secs] 9077K->9077K(9920K), [Metaspace: 3748K->3748K(1056768K)], 0.0337717 secs] [Times: user=0.15 sys=0.00, real=0.03 secs] 
90.997: [GC (CMS Initial Mark) [1 CMS-initial-mark: 6325K(6848K)] 9077K(9920K), 0.0030412 secs] [Times: user=0.00 sys=0.00, real=0.01 secs] 
91.000: [CMS-concurrent-mark-start]
91.000: [GC (Allocation Failure) 91.000: [ParNew (promotion failed): 2751K->2997K(3072K), 0.0223525 secs]91.023: [CMS91.026: [CMS-concurrent-mark: 0.003/0.026 secs] [Times: user=0.18 sys=0.00, real=0.02 secs] 
 (concurrent mode failure): 6327K->6325K(6848K), 0.0197673 secs] 9077K->9077K(9920K), [Metaspace: 3748K->3748K(1056768K)], 0.0421890 secs] [Times: user=0.20 sys=0.00, real=0.04 secs] 
91.043: [GC (Allocation Failure) 91.043: [ParNew (promotion failed): 2751K->2997K(3072K), 0.0126091 secs]91.056: [CMS: 6327K->6325K(6848K), 0.0166492 secs] 9077K->9077K(9920K), [Metaspace: 3748K->3748K(1056768K)], 0.0293296 secs] [Times: user=0.10 sys=0.00, real=0.03 secs] 
91.072: [GC (CMS Initial Mark) [1 CMS-initial-mark: 6325K(6848K)] 9077K(9920K), 0.0030635 secs] [Times: user=0.00 sys=0.00, real=0.00 secs] 
91.076: [CMS-concurrent-mark-start]
91.076: [GC (Allocation Failure) 91.076: [ParNew (promotion failed): 2751K->3046K(3072K), 0.0225948 secs]91.098: [CMS91.102: [CMS-concurrent-mark: 0.003/0.026 secs] [Times: user=0.18 sys=0.00, real=0.03 secs] 
 (concurrent mode failure): 6327K->6325K(6848K), 0.0198457 secs] 9077K->9077K(9920K), [Metaspace: 3748K->3748K(1056768K)], 0.0425171 secs] [Times: user=0.19 sys=0.00, real=0.04 secs] 
91.119: [GC (Allocation Failure) 91.119: [ParNew (promotion failed): 2751K->3022K(3072K), 0.0156590 secs]91.134: [CMS: 6327K->6325K(6848K), 0.0165357 secs] 9077K->9077K(9920K), [Metaspace: 3748K->3748K(1056768K)], 0.0322692 secs] [Times: user=0.14 sys=0.00, real=0.03 secs] 
91.151: [GC (CMS Initial Mark) [1 CMS-initial-mark: 6325K(6848K)] 9077K(9920K), 0.0030559 secs] [Times: user=0.00 sys=0.00, real=0.00 secs] 
91.154: [CMS-concurrent-mark-start]
91.154: [GC (Allocation Failure) 91.154: [ParNew (promotion failed): 2751K->2997K(3072K), 0.0216906 secs]91.176: [CMS91.180: [CMS-concurrent-mark: 0.004/0.025 secs] [Times: user=0.17 sys=0.00, real=0.03 secs] 
 (concurrent mode failure): 6327K->6325K(6848K), 0.0200630 secs] 9077K->9077K(9920K), [Metaspace: 3748K->3748K(1056768K)], 0.0418177 secs] [Times: user=0.18 sys=0.00, real=0.04 secs] 
91.197: [GC (Allocation Failure) 91.197: [ParNew (promotion failed): 2751K->3022K(3072K), 0.0231492 secs]91.220: [CMS: 6327K->6325K(6848K), 0.0165240 secs] 9077K->9077K(9920K), [Metaspace: 3748K->3748K(1056768K)], 0.0397269 secs] [Times: user=0.20 sys=0.01, real=0.04 secs] 
91.237: [GC (CMS Initial Mark) [1 CMS-initial-mark: 6325K(6848K)] 9077K(9920K), 0.0030455 secs] [Times: user=0.00 sys=0.00, real=0.01 secs] 
91.240: [CMS-concurrent-mark-start]
91.241: [GC (Allocation Failure) 91.241: [ParNew (promotion failed): 2751K->3022K(3072K), 0.0228925 secs]91.264: [CMS91.267: [CMS-concurrent-mark: 0.003/0.026 secs] [Times: user=0.18 sys=0.00, real=0.02 secs] 
 (concurrent mode failure): 6327K->6325K(6848K), 0.0195752 secs] 9077K->9077K(9920K), [Metaspace: 3748K->3748K(1056768K)], 0.0425277 secs] [Times: user=0.20 sys=0.00, real=0.04 secs] 
91.284: [GC (Allocation Failure) 91.284: [ParNew (promotion failed): 2751K->2997K(3072K), 0.0225467 secs]91.307: [CMS: 6327K->6325K(6848K), 0.0166347 secs] 9077K->9077K(9920K), [Metaspace: 3748K->3748K(1056768K)], 0.0392377 secs] [Times: user=0.19 sys=0.00, real=0.04 secs] 
91.324: [GC (CMS Initial Mark) [1 CMS-initial-mark: 6325K(6848K)] 9077K(9920K), 0.0030546 secs] [Times: user=0.00 sys=0.00, real=0.00 secs] 
91.327: [CMS-concurrent-mark-start]
91.327: [GC (Allocation Failure) 91.327: [ParNew (promotion failed): 2751K->2997K(3072K), 0.0160708 secs]91.343: [CMS91.346: [CMS-concurrent-mark: 0.003/0.020 secs] [Times: user=0.13 sys=0.00, real=0.02 secs] 
 (concurrent mode failure): 6327K->6325K(6848K), 0.0199125 secs] 9077K->9077K(9920K), [Metaspace: 3748K->3748K(1056768K)], 0.0360557 secs] [Times: user=0.14 sys=0.00, real=0.04 secs] 
91.363: [GC (Allocation Failure) 91.363: [ParNew (promotion failed): 2751K->3022K(3072K), 0.0148405 secs]91.378: [CMS: 6327K->6325K(6848K), 0.0165135 secs] 9077K->9077K(9920K), [Metaspace: 3748K->3748K(1056768K)], 0.0314078 secs] [Times: user=0.13 sys=0.00, real=0.03 secs] 
91.395: [GC (CMS Initial Mark) [1 CMS-initial-mark: 6325K(6848K)] 9077K(9920K), 0.0030786 secs] [Times: user=0.00 sys=0.00, real=0.00 secs] 
91.398: [CMS-concurrent-mark-start]
91.398: [GC (Allocation Failure) 91.398: [ParNew (promotion failed): 2751K->3022K(3072K), 0.0156168 secs]91.414: [CMS91.417: [CMS-concurrent-mark: 0.003/0.019 secs] [Times: user=0.13 sys=0.00, real=0.02 secs] 
 (concurrent mode failure): 6327K->6325K(6848K), 0.0199014 secs] 9077K->9077K(9920K), [Metaspace: 3748K->3748K(1056768K)], 0.0355705 secs] [Times: user=0.14 sys=0.00, real=0.04 secs] 
91.434: [GC (Allocation Failure) 91.434: [ParNew (promotion failed): 2751K->2997K(3072K), 0.0173424 secs]91.451: [CMS: 6327K->6325K(6848K), 0.0165885 secs] 9077K->9077K(9920K), [Metaspace: 3748K->3748K(1056768K)], 0.0339885 secs] [Times: user=0.15 sys=0.00, real=0.03 secs] 
91.469: [GC (CMS Initial Mark) [1 CMS-initial-mark: 6325K(6848K)] 9077K(9920K), 0.0030910 secs] [Times: user=0.00 sys=0.00, real=0.00 secs] 
91.472: [CMS-concurrent-mark-start]
91.472: [GC (Allocation Failure) 91.472: [ParNew (promotion failed): 2751K->2997K(3072K), 0.0216163 secs]91.494: [CMS91.497: [CMS-concurrent-mark: 0.003/0.025 secs] [Times: user=0.17 sys=0.00, real=0.02 secs] 
 (concurrent mode failure): 6327K->6325K(6848K), 0.0201309 secs] 9077K->9077K(9920K), [Metaspace: 3748K->3748K(1056768K)], 0.0417999 secs] [Times: user=0.18 sys=0.00, real=0.04 secs] 
91.515: [GC (Allocation Failure) 91.515: [ParNew (promotion failed): 2751K->3046K(3072K), 0.0197760 secs]91.535: [CMS: 6327K->6325K(6848K), 0.0165008 secs] 9077K->9077K(9920K), [Metaspace: 3748K->3748K(1056768K)], 0.0363300 secs] [Times: user=0.16 sys=0.00, real=0.04 secs] 
91.552: [GC (CMS Initial Mark) [1 CMS-initial-mark: 6325K(6848K)] 9077K(9920K), 0.0030973 secs] [Times: user=0.00 sys=0.00, real=0.00 secs] 
91.555: [CMS-concurrent-mark-start]
91.555: [GC (Allocation Failure) 91.555: [ParNew (promotion failed): 2751K->3022K(3072K), 0.0255975 secs]91.581: [CMS91.584: [CMS-concurrent-mark: 0.004/0.029 secs] [Times: user=0.20 sys=0.01, real=0.03 secs] 
 (concurrent mode failure): 6327K->6325K(6848K), 0.0199110 secs] 9077K->9077K(9920K), [Metaspace: 3748K->3748K(1056768K)], 0.0455718 secs] [Times: user=0.22 sys=0.01, real=0.05 secs] 
91.601: [GC (Allocation Failure) 91.601: [ParNew (promotion failed): 2751K->3022K(3072K), 0.0186558 secs]91.620: [CMS: 6327K->6325K(6848K), 0.0164923 secs] 9077K->9077K(9920K), [Metaspace: 3748K->3748K(1056768K)], 0.0351966 secs] [Times: user=0.15 sys=0.00, real=0.03 secs] 
91.636: [GC (CMS Initial Mark) [1 CMS-initial-mark: 6325K(6848K)] 9077K(9920K), 0.0030506 secs] [Times: user=0.01 sys=0.00, real=0.01 secs] 
91.639: [CMS-concurrent-mark-start]
91.639: [GC (Allocation Failure) 91.639: [ParNew (promotion failed): 2751K->2997K(3072K), 0.0152598 secs]91.655: [CMS91.658: [CMS-concurrent-mark: 0.004/0.019 secs] [Times: user=0.12 sys=0.00, real=0.01 secs] 
 (concurrent mode failure): 6327K->6325K(6848K), 0.0199774 secs] 9077K->9077K(9920K), [Metaspace: 3748K->3748K(1056768K)], 0.0352918 secs] [Times: user=0.13 sys=0.00, real=0.03 secs] 
91.675: [GC (Allocation Failure) 91.675: [ParNew (promotion failed): 2751K->3022K(3072K), 0.0167226 secs]91.692: [CMS: 6327K->6325K(6848K), 0.0165533 secs] 9077K->9077K(9920K), [Metaspace: 3748K->3748K(1056768K)], 0.0333344 secs] [Times: user=0.15 sys=0.00, real=0.03 secs] 
91.709: [GC (CMS Initial Mark) [1 CMS-initial-mark: 6325K(6848K)] 9077K(9920K), 0.0030613 secs] [Times: user=0.00 sys=0.00, real=0.00 secs] 
91.712: [CMS-concurrent-mark-start]
91.712: [GC (Allocation Failure) 91.712: [ParNew (promotion failed): 2751K->2997K(3072K), 0.0135353 secs]91.726: [CMS91.729: [CMS-concurrent-mark: 0.004/0.017 secs] [Times: user=0.10 sys=0.00, real=0.02 secs] 
 (concurrent mode failure): 6327K->6325K(6848K), 0.0201155 secs] 9077K->9077K(9920K), [Metaspace: 3748K->3748K(1056768K)], 0.0337119 secs] [Times: user=0.12 sys=0.00, real=0.03 secs] 
91.747: [GC (Allocation Failure) 91.747: [ParNew (promotion failed): 2751K->2997K(3072K), 0.0208702 secs]91.767: [CMS: 6327K->6325K(6848K), 0.0165793 secs] 9077K->9077K(9920K), [Metaspace: 3748K->3748K(1056768K)], 0.0375112 secs] [Times: user=0.17 sys=0.00, real=0.04 secs] 
91.784: [GC (CMS Initial Mark) [1 CMS-initial-mark: 6325K(6848K)] 9077K(9920K), 0.0030552 secs] [Times: user=0.00 sys=0.00, real=0.00 secs] 
91.788: [CMS-concurrent-mark-start]
91.788: [GC (Allocation Failure) 91.788: [ParNew (promotion failed): 2751K->3022K(3072K), 0.0248505 secs]91.813: [CMS91.816: [CMS-concurrent-mark: 0.004/0.028 secs] [Times: user=0.20 sys=0.00, real=0.03 secs] 
 (concurrent mode failure): 6327K->6325K(6848K), 0.0194864 secs] 9077K->9077K(9920K), [Metaspace: 3748K->3748K(1056768K)], 0.0443897 secs] [Times: user=0.21 sys=0.00, real=0.05 secs] 
91.833: [GC (Allocation Failure) 91.833: [ParNew (promotion failed): 2751K->3022K(3072K), 0.0167277 secs]91.850: [CMS: 6327K->6325K(6848K), 0.0167483 secs] 9077K->9077K(9920K), [Metaspace: 3748K->3748K(1056768K)], 0.0335318 secs] [Times: user=0.14 sys=0.00, real=0.03 secs] 
91.867: [GC (CMS Initial Mark) [1 CMS-initial-mark: 6325K(6848K)] 9077K(9920K), 0.0030615 secs] [Times: user=0.00 sys=0.00, real=0.01 secs] 
91.870: [CMS-concurrent-mark-start]
91.870: [GC (Allocation Failure) 91.870: [ParNew (promotion failed): 2751K->3022K(3072K), 0.0170733 secs]91.887: [CMS91.891: [CMS-concurrent-mark: 0.003/0.021 secs] [Times: user=0.14 sys=0.00, real=0.02 secs] 
 (concurrent mode failure): 6327K->6325K(6848K), 0.0199424 secs] 9077K->9077K(9920K), [Metaspace: 3748K->3748K(1056768K)], 0.0370742 secs] [Times: user=0.15 sys=0.00, real=0.03 secs] 
91.907: [GC (Allocation Failure) 91.907: [ParNew (promotion failed): 2751K->3046K(3072K), 0.0166294 secs]91.924: [CMS: 6327K->6325K(6848K), 0.0165488 secs] 9077K->9077K(9920K), [Metaspace: 3748K->3748K(1056768K)], 0.0332389 secs] [Times: user=0.15 sys=0.00, real=0.04 secs] 
91.941: [GC (CMS Initial Mark) [1 CMS-initial-mark: 6325K(6848K)] 9077K(9920K), 0.0030675 secs] [Times: user=0.00 sys=0.00, real=0.00 secs] 
91.944: [CMS-concurrent-mark-start]
91.944: [GC (Allocation Failure) 91.944: [ParNew (promotion failed): 2751K->2997K(3072K), 0.0149273 secs]91.959: [CMS91.963: [CMS-concurrent-mark: 0.003/0.018 secs] [Times: user=0.12 sys=0.01, real=0.02 secs] 
 (concurrent mode failure): 6327K->6325K(6848K), 0.0199532 secs] 9077K->9077K(9920K), [Metaspace: 3748K->3748K(1056768K)], 0.0349343 secs] [Times: user=0.14 sys=0.01, real=0.04 secs] 
91.980: [GC (Allocation Failure) 91.980: [ParNew (promotion failed): 2751K->2997K(3072K), 0.0164553 secs]91.996: [CMS: 6327K->6325K(6848K), 0.0167120 secs] 9077K->9077K(9920K), [Metaspace: 3748K->3748K(1056768K)], 0.0332349 secs] [Times: user=0.13 sys=0.00, real=0.03 secs] 
92.014: [GC (CMS Initial Mark) [1 CMS-initial-mark: 6325K(6848K)] 9077K(9920K), 0.0030821 secs] [Times: user=0.01 sys=0.00, real=0.00 secs] 
92.017: [CMS-concurrent-mark-start]
92.017: [GC (Allocation Failure) 92.017: [ParNew (promotion failed): 2751K->2997K(3072K), 0.0145161 secs]92.031: [CMS92.035: [CMS-concurrent-mark: 0.003/0.018 secs] [Times: user=0.10 sys=0.00, real=0.02 secs] 
 (concurrent mode failure): 6327K->6325K(6848K), 0.0200475 secs] 9077K->9077K(9920K), [Metaspace: 3748K->3748K(1056768K)], 0.0346220 secs] [Times: user=0.12 sys=0.00, real=0.04 secs] 
92.052: [GC (Allocation Failure) 92.052: [ParNew (promotion failed): 2751K->3022K(3072K), 0.0162290 secs]92.068: [CMS: 6327K->6325K(6848K), 0.0165520 secs] 9077K->9077K(9920K), [Metaspace: 3748K->3748K(1056768K)], 0.0328346 secs] [Times: user=0.14 sys=0.00, real=0.03 secs] 
92.085: [GC (CMS Initial Mark) [1 CMS-initial-mark: 6325K(6848K)] 9077K(9920K), 0.0030509 secs] [Times: user=0.00 sys=0.00, real=0.00 secs] 
92.089: [CMS-concurrent-mark-start]
92.089: [GC (Allocation Failure) 92.089: [ParNew (promotion failed): 2751K->3046K(3072K), 0.0160063 secs]92.105: [CMS92.108: [CMS-concurrent-mark: 0.003/0.020 secs] [Times: user=0.13 sys=0.00, real=0.02 secs] 
 (concurrent mode failure): 6327K->6325K(6848K), 0.0197880 secs] 9077K->9077K(9920K), [Metaspace: 3748K->3748K(1056768K)], 0.0358559 secs] [Times: user=0.14 sys=0.00, real=0.03 secs] 
92.125: [GC (Allocation Failure) 92.125: [ParNew (promotion failed): 2751K->3022K(3072K), 0.0268747 secs]92.152: [CMS: 6327K->6325K(6848K), 0.0165236 secs] 9077K->9077K(9920K), [Metaspace: 3748K->3748K(1056768K)], 0.0434584 secs] [Times: user=0.22 sys=0.00, real=0.04 secs] 
92.169: [GC (CMS Initial Mark) [1 CMS-initial-mark: 6325K(6848K)] 9077K(9920K), 0.0030609 secs] [Times: user=0.01 sys=0.00, real=0.00 secs] 
92.172: [CMS-concurrent-mark-start]
92.172: [GC (Allocation Failure) 92.172: [ParNew (promotion failed): 2751K->3022K(3072K), 0.0144276 secs]92.186: [CMS92.190: [CMS-concurrent-mark: 0.003/0.018 secs] [Times: user=0.11 sys=0.00, real=0.02 secs] 
 (concurrent mode failure): 6327K->6325K(6848K), 0.0198037 secs] 9077K->9077K(9920K), [Metaspace: 3748K->3748K(1056768K)], 0.0342820 secs] [Times: user=0.13 sys=0.00, real=0.03 secs] 
92.207: [GC (Allocation Failure) 92.207: [ParNew (promotion failed): 2751K->3022K(3072K), 0.0231853 secs]92.230: [CMS: 6327K->6325K(6848K), 0.0164688 secs] 9077K->9077K(9920K), [Metaspace: 3748K->3748K(1056768K)], 0.0397170 secs] [Times: user=0.19 sys=0.00, real=0.04 secs] 
92.247: [GC (CMS Initial Mark) [1 CMS-initial-mark: 6325K(6848K)] 9077K(9920K), 0.0030685 secs] [Times: user=0.00 sys=0.00, real=0.01 secs] 
92.250: [CMS-concurrent-mark-start]
92.250: [GC (Allocation Failure) 92.250: [ParNew (promotion failed): 2751K->3022K(3072K), 0.0130532 secs]92.263: [CMS92.267: [CMS-concurrent-mark: 0.004/0.017 secs] [Times: user=0.10 sys=0.00, real=0.01 secs] 
 (concurrent mode failure): 6327K->6325K(6848K), 0.0200730 secs] 9077K->9077K(9920K), [Metaspace: 3748K->3748K(1056768K)], 0.0331871 secs] [Times: user=0.11 sys=0.00, real=0.03 secs] 
92.284: [GC (Allocation Failure) 92.284: [ParNew (promotion failed): 2751K->3022K(3072K), 0.0184225 secs]92.302: [CMS: 6327K->6325K(6848K), 0.0165798 secs] 9077K->9077K(9920K), [Metaspace: 3748K->3748K(1056768K)], 0.0350610 secs] [Times: user=0.16 sys=0.00, real=0.04 secs] 
92.319: [GC (CMS Initial Mark) [1 CMS-initial-mark: 6325K(6848K)] 9077K(9920K), 0.0030413 secs] [Times: user=0.00 sys=0.00, real=0.00 secs] 
92.322: [CMS-concurrent-mark-start]
92.323: [GC (Allocation Failure) 92.323: [ParNew (promotion failed): 2751K->2997K(3072K), 0.0225178 secs]92.345: [CMS92.349: [CMS-concurrent-mark: 0.004/0.026 secs] [Times: user=0.18 sys=0.01, real=0.02 secs] 
 (concurrent mode failure): 6327K->6325K(6848K), 0.0196500 secs] 9077K->9077K(9920K), [Metaspace: 3748K->3748K(1056768K)], 0.0422315 secs] [Times: user=0.20 sys=0.01, real=0.04 secs] 
92.366: [GC (Allocation Failure) 92.366: [ParNew (promotion failed): 2751K->3022K(3072K), 0.0154648 secs]92.381: [CMS: 6327K->6325K(6848K), 0.0166094 secs] 9077K->9077K(9920K), [Metaspace: 3748K->3748K(1056768K)], 0.0321310 secs] [Times: user=0.13 sys=0.00, real=0.03 secs] 
92.398: [GC (CMS Initial Mark) [1 CMS-initial-mark: 6325K(6848K)] 9077K(9920K), 0.0030807 secs] [Times: user=0.00 sys=0.00, real=0.01 secs] 
92.401: [CMS-concurrent-mark-start]
92.401: [GC (Allocation Failure) 92.401: [ParNew (promotion failed): 2751K->2997K(3072K), 0.0179203 secs]92.419: [CMS92.423: [CMS-concurrent-mark: 0.003/0.021 secs] [Times: user=0.14 sys=0.00, real=0.02 secs] 
 (concurrent mode failure): 6327K->6325K(6848K), 0.0199509 secs] 9077K->9077K(9920K), [Metaspace: 3748K->3748K(1056768K)], 0.0379258 secs] [Times: user=0.16 sys=0.00, real=0.04 secs] 
92.439: [GC (Allocation Failure) 92.439: [ParNew (promotion failed): 2751K->3022K(3072K), 0.0232553 secs]92.463: [CMS: 6327K->6325K(6848K), 0.0166430 secs] 9077K->9077K(9920K), [Metaspace: 3748K->3748K(1056768K)], 0.0399572 secs] [Times: user=0.19 sys=0.00, real=0.04 secs] 
92.480: [GC (CMS Initial Mark) [1 CMS-initial-mark: 6325K(6848K)] 9077K(9920K), 0.0030689 secs] [Times: user=0.00 sys=0.00, real=0.00 secs] 
92.483: [CMS-concurrent-mark-start]
92.483: [GC (Allocation Failure) 92.483: [ParNew (promotion failed): 2751K->2997K(3072K), 0.0134254 secs]92.497: [CMS92.500: [CMS-concurrent-mark: 0.004/0.017 secs] [Times: user=0.09 sys=0.00, real=0.02 secs] 
 (concurrent mode failure): 6327K->6325K(6848K), 0.0201837 secs] 9077K->9077K(9920K), [Metaspace: 3748K->3748K(1056768K)], 0.0336687 secs] [Times: user=0.11 sys=0.00, real=0.03 secs] 
92.517: [GC (Allocation Failure) 92.517: [ParNew (promotion failed): 2751K->2997K(3072K), 0.0172320 secs]92.534: [CMS: 6327K->6325K(6848K), 0.0168180 secs] 9077K->9077K(9920K), [Metaspace: 3748K->3748K(1056768K)], 0.0341147 secs] [Times: user=0.13 sys=0.00, real=0.04 secs] 
92.552: [GC (CMS Initial Mark) [1 CMS-initial-mark: 6325K(6848K)] 9077K(9920K), 0.0031599 secs] [Times: user=0.00 sys=0.00, real=0.00 secs] 
92.555: [CMS-concurrent-mark-start]
92.555: [GC (Allocation Failure) 92.555: [ParNew (promotion failed): 2751K->3046K(3072K), 0.0186516 secs]92.574: [CMS92.578: [CMS-concurrent-mark: 0.003/0.022 secs] [Times: user=0.14 sys=0.00, real=0.02 secs] 
 (concurrent mode failure): 6328K->6325K(6848K), 0.0200500 secs] 9077K->9077K(9920K), [Metaspace: 3748K->3748K(1056768K)], 0.0387549 secs] [Times: user=0.16 sys=0.00, real=0.04 secs] 
92.595: [GC (Allocation Failure) 92.595: [ParNew (promotion failed): 2751K->2997K(3072K), 0.0156460 secs]92.611: [CMS: 6328K->6325K(6848K), 0.0167512 secs] 9077K->9077K(9920K), [Metaspace: 3748K->3748K(1056768K)], 0.0324568 secs] [Times: user=0.13 sys=0.00, real=0.03 secs] 
92.628: [GC (CMS Initial Mark) [1 CMS-initial-mark: 6325K(6848K)] 9077K(9920K), 0.0030622 secs] [Times: user=0.01 sys=0.00, real=0.01 secs] 
92.631: [CMS-concurrent-mark-start]
92.631: [GC (Allocation Failure) 92.631: [ParNew (promotion failed): 2751K->2997K(3072K), 0.0227105 secs]92.654: [CMS92.657: [CMS-concurrent-mark: 0.003/0.026 secs] [Times: user=0.18 sys=0.00, real=0.02 secs] 
 (concurrent mode failure): 6327K->6325K(6848K), 0.0196997 secs] 9077K->9077K(9920K), [Metaspace: 3748K->3748K(1056768K)], 0.0424688 secs] [Times: user=0.19 sys=0.00, real=0.04 secs] 
92.674: [GC (Allocation Failure) 92.674: [ParNew (promotion failed): 2751K->3022K(3072K), 0.0148717 secs]92.689: [CMS: 6327K->6325K(6848K), 0.0166433 secs] 9077K->9077K(9920K), [Metaspace: 3748K->3748K(1056768K)], 0.0315819 secs] [Times: user=0.13 sys=0.00, real=0.03 secs] 
92.706: [GC (CMS Initial Mark) [1 CMS-initial-mark: 6325K(6848K)] 9077K(9920K), 0.0030726 secs] [Times: user=0.00 sys=0.00, real=0.01 secs] 
92.709: [CMS-concurrent-mark-start]
92.709: [GC (Allocation Failure) 92.709: [ParNew (promotion failed): 2751K->2997K(3072K), 0.0196390 secs]92.729: [CMS92.732: [CMS-concurrent-mark: 0.003/0.023 secs] [Times: user=0.16 sys=0.01, real=0.02 secs] 
 (concurrent mode failure): 6327K->6325K(6848K), 0.0200513 secs] 9077K->9077K(9920K), [Metaspace: 3748K->3748K(1056768K)], 0.0397471 secs] [Times: user=0.17 sys=0.01, real=0.04 secs] 
92.749: [GC (Allocation Failure) 92.749: [ParNew (promotion failed): 2751K->2997K(3072K), 0.0153203 secs]92.764: [CMS: 6327K->6325K(6848K), 0.0167961 secs] 9077K->9077K(9920K), [Metaspace: 3748K->3748K(1056768K)], 0.0321725 secs] [Times: user=0.14 sys=0.00, real=0.03 secs] 
92.782: [GC (CMS Initial Mark) [1 CMS-initial-mark: 6325K(6848K)] 9077K(9920K), 0.0030534 secs] [Times: user=0.00 sys=0.00, real=0.00 secs] 
92.785: [CMS-concurrent-mark-start]
92.785: [GC (Allocation Failure) 92.785: [ParNew (promotion failed): 2751K->2997K(3072K), 0.0234919 secs]92.808: [CMS92.812: [CMS-concurrent-mark: 0.003/0.027 secs] [Times: user=0.18 sys=0.00, real=0.03 secs] 
 (concurrent mode failure): 6328K->6325K(6848K), 0.0199749 secs] 9077K->9077K(9920K), [Metaspace: 3748K->3748K(1056768K)], 0.0435252 secs] [Times: user=0.20 sys=0.00, real=0.04 secs] 
92.829: [GC (Allocation Failure) 92.829: [ParNew (promotion failed): 2751K->2997K(3072K), 0.0174702 secs]92.847: [CMS: 6328K->6325K(6848K), 0.0165541 secs] 9077K->9077K(9920K), [Metaspace: 3748K->3748K(1056768K)], 0.0340864 secs] [Times: user=0.14 sys=0.00, real=0.03 secs] 
92.864: [GC (CMS Initial Mark) [1 CMS-initial-mark: 6325K(6848K)] 9077K(9920K), 0.0030532 secs] [Times: user=0.01 sys=0.00, real=0.00 secs] 
92.867: [CMS-concurrent-mark-start]
92.867: [GC (Allocation Failure) 92.867: [ParNew (promotion failed): 2751K->3071K(3072K), 0.0178419 secs]92.885: [CMS92.888: [CMS-concurrent-mark: 0.004/0.022 secs] [Times: user=0.14 sys=0.00, real=0.02 secs] 
 (concurrent mode failure): 6328K->6325K(6848K), 0.0196056 secs] 9077K->9077K(9920K), [Metaspace: 3748K->3748K(1056768K)], 0.0375127 secs] [Times: user=0.16 sys=0.00, real=0.04 secs] 
92.905: [GC (Allocation Failure) 92.905: [ParNew (promotion failed): 2751K->2997K(3072K), 0.0156015 secs]92.921: [CMS: 6327K->6325K(6848K), 0.0167725 secs] 9077K->9077K(9920K), [Metaspace: 3748K->3748K(1056768K)], 0.0324270 secs] [Times: user=0.13 sys=0.00, real=0.03 secs] 
92.938: [GC (CMS Initial Mark) [1 CMS-initial-mark: 6325K(6848K)] 9077K(9920K), 0.0030492 secs] [Times: user=0.00 sys=0.00, real=0.01 secs] 
92.941: [CMS-concurrent-mark-start]
92.941: [GC (Allocation Failure) 92.941: [ParNew (promotion failed): 2751K->3022K(3072K), 0.0156238 secs]92.957: [CMS92.960: [CMS-concurrent-mark: 0.003/0.019 secs] [Times: user=0.13 sys=0.00, real=0.02 secs] 
 (concurrent mode failure): 6327K->6325K(6848K), 0.0200751 secs] 9077K->9077K(9920K), [Metaspace: 3748K->3748K(1056768K)], 0.0357620 secs] [Times: user=0.14 sys=0.00, real=0.03 secs] 
92.977: [GC (Allocation Failure) 92.977: [ParNew (promotion failed): 2751K->3022K(3072K), 0.0161148 secs]92.993: [CMS: 6327K->6325K(6848K), 0.0164569 secs] 9077K->9077K(9920K), [Metaspace: 3748K->3748K(1056768K)], 0.0326285 secs] [Times: user=0.14 sys=0.00, real=0.04 secs] 
93.010: [GC (CMS Initial Mark) [1 CMS-initial-mark: 6325K(6848K)] 9077K(9920K), 0.0030811 secs] [Times: user=0.00 sys=0.00, real=0.00 secs] 
93.014: [CMS-concurrent-mark-start]
93.014: [GC (Allocation Failure) 93.014: [ParNew (promotion failed): 2751K->2997K(3072K), 0.0215453 secs]93.035: [CMS93.039: [CMS-concurrent-mark: 0.004/0.025 secs] [Times: user=0.16 sys=0.00, real=0.03 secs] 
 (concurrent mode failure): 6328K->6325K(6848K), 0.0199980 secs] 9077K->9077K(9920K), [Metaspace: 3748K->3748K(1056768K)], 0.0415959 secs] [Times: user=0.18 sys=0.00, real=0.04 secs] 
93.056: [GC (Allocation Failure) 93.056: [ParNew (promotion failed): 2751K->2997K(3072K), 0.0225192 secs]93.078: [CMS: 6328K->6325K(6848K), 0.0167069 secs] 9077K->9077K(9920K), [Metaspace: 3748K->3748K(1056768K)], 0.0392902 secs] [Times: user=0.18 sys=0.00, real=0.04 secs] 
93.096: [GC (CMS Initial Mark) [1 CMS-initial-mark: 6326K(6848K)] 9077K(9920K), 0.0030672 secs] [Times: user=0.00 sys=0.00, real=0.01 secs] 
93.099: [CMS-concurrent-mark-start]
93.099: [GC (Allocation Failure) 93.099: [ParNew (promotion failed): 2751K->3022K(3072K), 0.0191639 secs]93.118: [CMS93.122: [CMS-concurrent-mark: 0.003/0.023 secs] [Times: user=0.15 sys=0.00, real=0.02 secs] 
 (concurrent mode failure): 6328K->6325K(6848K), 0.0201680 secs] 9077K->9077K(9920K), [Metaspace: 3748K->3748K(1056768K)], 0.0393955 secs] [Times: user=0.17 sys=0.00, real=0.03 secs] 
93.139: [GC (Allocation Failure) 93.139: [ParNew (promotion failed): 2751K->2997K(3072K), 0.0144088 secs]93.154: [CMS: 6328K->6325K(6848K), 0.0167257 secs] 9077K->9077K(9920K), [Metaspace: 3748K->3748K(1056768K)], 0.0311929 secs] [Times: user=0.12 sys=0.00, real=0.03 secs] 
93.171: [GC (CMS Initial Mark) [1 CMS-initial-mark: 6325K(6848K)] 9077K(9920K), 0.0030964 secs] [Times: user=0.01 sys=0.00, real=0.00 secs] 
93.174: [CMS-concurrent-mark-start]
93.174: [GC (Allocation Failure) 93.174: [ParNew (promotion failed): 2751K->2997K(3072K), 0.0161212 secs]93.190: [CMS93.194: [CMS-concurrent-mark: 0.004/0.020 secs] [Times: user=0.13 sys=0.00, real=0.02 secs] 
 (concurrent mode failure): 6327K->6325K(6848K), 0.0198142 secs] 9077K->9077K(9920K), [Metaspace: 3748K->3748K(1056768K)], 0.0359993 secs] [Times: user=0.14 sys=0.00, real=0.04 secs] 
93.210: [GC (Allocation Failure) 93.210: [ParNew (promotion failed): 2751K->3022K(3072K), 0.0165204 secs]93.227: [CMS: 6327K->6325K(6848K), 0.0165544 secs] 9077K->9077K(9920K), [Metaspace: 3748K->3748K(1056768K)], 0.0331330 secs] [Times: user=0.14 sys=0.00, real=0.03 secs] 
93.244: [GC (CMS Initial Mark) [1 CMS-initial-mark: 6325K(6848K)] 9077K(9920K), 0.0030540 secs] [Times: user=0.01 sys=0.00, real=0.00 secs] 
93.247: [CMS-concurrent-mark-start]
93.247: [GC (Allocation Failure) 93.247: [ParNew (promotion failed): 2751K->3022K(3072K), 0.0149019 secs]93.262: [CMS93.265: [CMS-concurrent-mark: 0.003/0.018 secs] [Times: user=0.11 sys=0.00, real=0.02 secs] 
 (concurrent mode failure): 6327K->6325K(6848K), 0.0199928 secs] 9077K->9077K(9920K), [Metaspace: 3748K->3748K(1056768K)], 0.0349500 secs] [Times: user=0.13 sys=0.00, real=0.04 secs] 
93.282: [GC (Allocation Failure) 93.282: [ParNew (promotion failed): 2751K->2997K(3072K), 0.0178127 secs]93.300: [CMS: 6328K->6325K(6848K), 0.0166277 secs] 9077K->9077K(9920K), [Metaspace: 3748K->3748K(1056768K)], 0.0344993 secs] [Times: user=0.15 sys=0.00, real=0.03 secs] 
93.317: [GC (CMS Initial Mark) [1 CMS-initial-mark: 6326K(6848K)] 9077K(9920K), 0.0030620 secs] [Times: user=0.01 sys=0.00, real=0.01 secs] 
93.320: [CMS-concurrent-mark-start]
93.320: [GC (Allocation Failure) 93.320: [ParNew (promotion failed): 2751K->2997K(3072K), 0.0174517 secs]93.338: [CMS93.341: [CMS-concurrent-mark: 0.003/0.021 secs] [Times: user=0.13 sys=0.00, real=0.02 secs] 
 (concurrent mode failure): 6328K->6325K(6848K), 0.0201010 secs] 9077K->9077K(9920K), [Metaspace: 3748K->3748K(1056768K)], 0.0376075 secs] [Times: user=0.15 sys=0.00, real=0.03 secs] 
93.359: [GC (Allocation Failure) 93.359: [ParNew (promotion failed): 2751K->3046K(3072K), 0.0168530 secs]93.376: [CMS: 6328K->6325K(6848K), 0.0166067 secs] 9078K->9077K(9920K), [Metaspace: 3748K->3748K(1056768K)], 0.0335220 secs] [Times: user=0.13 sys=0.00, real=0.03 secs] 
93.393: [GC (CMS Initial Mark) [1 CMS-initial-mark: 6326K(6848K)] 9078K(9920K), 0.0030757 secs] [Times: user=0.00 sys=0.00, real=0.00 secs] 
93.396: [CMS-concurrent-mark-start]
93.396: [GC (Allocation Failure) 93.397: [ParNew (promotion failed): 2751K->3022K(3072K), 0.0148448 secs]93.411: [CMS93.414: [CMS-concurrent-mark: 0.004/0.018 secs] [Times: user=0.12 sys=0.00, real=0.02 secs] 
 (concurrent mode failure): 6328K->6325K(6848K), 0.0196269 secs] 9078K->9077K(9920K), [Metaspace: 3748K->3748K(1056768K)], 0.0345228 secs] [Times: user=0.14 sys=0.00, real=0.04 secs] 
93.432: [GC (Allocation Failure) 93.432: [ParNew (promotion failed): 2751K->2997K(3072K), 0.0143015 secs]93.446: [CMS: 6328K->6325K(6848K), 0.0166265 secs] 9077K->9077K(9920K), [Metaspace: 3748K->3748K(1056768K)], 0.0309882 secs] [Times: user=0.12 sys=0.00, real=0.03 secs] 
93.463: [GC (CMS Initial Mark) [1 CMS-initial-mark: 6325K(6848K)] 9077K(9920K), 0.0030681 secs] [Times: user=0.00 sys=0.00, real=0.00 secs] 
93.466: [CMS-concurrent-mark-start]
93.466: [GC (Allocation Failure) 93.466: [ParNew (promotion failed): 2751K->3022K(3072K), 0.0166499 secs]93.483: [CMS93.486: [CMS-concurrent-mark: 0.003/0.020 secs] [Times: user=0.13 sys=0.01, real=0.02 secs] 
 (concurrent mode failure): 6327K->6325K(6848K), 0.0200770 secs] 9077K->9077K(9920K), [Metaspace: 3748K->3748K(1056768K)], 0.0367835 secs] [Times: user=0.15 sys=0.01, real=0.04 secs] 
93.503: [GC (Allocation Failure) 93.503: [ParNew (promotion failed): 2751K->2997K(3072K), 0.0215344 secs]93.525: [CMS: 6328K->6325K(6848K), 0.0165332 secs] 9077K->9077K(9920K), [Metaspace: 3748K->3748K(1056768K)], 0.0381305 secs] [Times: user=0.16 sys=0.00, real=0.04 secs] 
93.542: [GC (CMS Initial Mark) [1 CMS-initial-mark: 6326K(6848K)] 9077K(9920K), 0.0030443 secs] [Times: user=0.01 sys=0.00, real=0.00 secs] 
93.545: [CMS-concurrent-mark-start]
93.545: [GC (Allocation Failure) 93.545: [ParNew (promotion failed): 2751K->2997K(3072K), 0.0155805 secs]93.560: [CMS93.564: [CMS-concurrent-mark: 0.004/0.019 secs] [Times: user=0.12 sys=0.00, real=0.02 secs] 
 (concurrent mode failure): 6328K->6326K(6848K), 0.0200057 secs] 9077K->9077K(9920K), [Metaspace: 3748K->3748K(1056768K)], 0.0356451 secs] [Times: user=0.13 sys=0.00, real=0.04 secs] 
93.581: [GC (Allocation Failure) 93.581: [ParNew (promotion failed): 2751K->2997K(3072K), 0.0146534 secs]93.596: [CMS: 6328K->6326K(6848K), 0.0169134 secs] 9078K->9077K(9920K), [Metaspace: 3748K->3748K(1056768K)], 0.0316232 secs] [Times: user=0.13 sys=0.00, real=0.03 secs] 
93.613: [GC (CMS Initial Mark) [1 CMS-initial-mark: 6326K(6848K)] 9078K(9920K), 0.0030510 secs] [Times: user=0.00 sys=0.00, real=0.00 secs] 
93.616: [CMS-concurrent-mark-start]
93.616: [GC (Allocation Failure) 93.616: [ParNew (promotion failed): 2751K->2997K(3072K), 0.0224079 secs]93.639: [CMS93.642: [CMS-concurrent-mark: 0.003/0.026 secs] [Times: user=0.18 sys=0.00, real=0.03 secs] 
 (concurrent mode failure): 6328K->6326K(6848K), 0.0201155 secs] 9078K->9077K(9920K), [Metaspace: 3748K->3748K(1056768K)], 0.0425868 secs] [Times: user=0.20 sys=0.00, real=0.05 secs] 
93.660: [GC (Allocation Failure) 93.660: [ParNew (promotion failed): 2751K->3022K(3072K), 0.0188010 secs]93.679: [CMS: 6328K->6325K(6848K), 0.0166760 secs] 9078K->9077K(9920K), [Metaspace: 3748K->3748K(1056768K)], 0.0355394 secs] [Times: user=0.15 sys=0.00, real=0.03 secs] 
93.696: [GC (CMS Initial Mark) [1 CMS-initial-mark: 6325K(6848K)] 9077K(9920K), 0.0030355 secs] [Times: user=0.00 sys=0.00, real=0.01 secs] 
93.699: [CMS-concurrent-mark-start]
93.699: [GC (Allocation Failure) 93.699: [ParNew (promotion failed): 2751K->3022K(3072K), 0.0163225 secs]93.716: [CMS93.719: [CMS-concurrent-mark: 0.003/0.020 secs] [Times: user=0.13 sys=0.00, real=0.02 secs] 
 (concurrent mode failure): 6328K->6325K(6848K), 0.0197388 secs] 9077K->9077K(9920K), [Metaspace: 3748K->3748K(1056768K)], 0.0361265 secs] [Times: user=0.14 sys=0.00, real=0.03 secs] 
93.736: [GC (Allocation Failure) 93.736: [ParNew (promotion failed): 2751K->2997K(3072K), 0.0147507 secs]93.750: [CMS: 6328K->6325K(6848K), 0.0166440 secs] 9077K->9077K(9920K), [Metaspace: 3748K->3748K(1056768K)], 0.0314543 secs] [Times: user=0.13 sys=0.00, real=0.03 secs] 
93.767: [GC (CMS Initial Mark) [1 CMS-initial-mark: 6325K(6848K)] 9077K(9920K), 0.0030783 secs] [Times: user=0.01 sys=0.00, real=0.01 secs] 
93.770: [CMS-concurrent-mark-start]
93.770: [GC (Allocation Failure) 93.770: [ParNew (promotion failed): 2751K->2997K(3072K), 0.0159180 secs]93.786: [CMS93.790: [CMS-concurrent-mark: 0.003/0.019 secs] [Times: user=0.12 sys=0.00, real=0.02 secs] 
 (concurrent mode failure): 6328K->6325K(6848K), 0.0199831 secs] 9077K->9077K(9920K), [Metaspace: 3748K->3748K(1056768K)], 0.0359565 secs] [Times: user=0.14 sys=0.00, real=0.03 secs] 
93.807: [GC (Allocation Failure) 93.807: [ParNew (promotion failed): 2751K->3022K(3072K), 0.0147463 secs]93.822: [CMS: 6328K->6326K(6848K), 0.0166896 secs] 9078K->9078K(9920K), [Metaspace: 3748K->3748K(1056768K)], 0.0314941 secs] [Times: user=0.12 sys=0.00, real=0.03 secs] 
93.839: [GC (CMS Initial Mark) [1 CMS-initial-mark: 6326K(6848K)] 9078K(9920K), 0.0030372 secs] [Times: user=0.01 sys=0.00, real=0.00 secs] 
93.842: [CMS-concurrent-mark-start]
93.842: [GC (Allocation Failure) 93.842: [ParNew (promotion failed): 2751K->2997K(3072K), 0.0147755 secs]93.857: [CMS93.860: [CMS-concurrent-mark: 0.003/0.018 secs] [Times: user=0.11 sys=0.00, real=0.02 secs] 
 (concurrent mode failure): 6328K->6326K(6848K), 0.0203066 secs] 9078K->9078K(9920K), [Metaspace: 3748K->3748K(1056768K)], 0.0351397 secs] [Times: user=0.13 sys=0.00, real=0.03 secs] 
93.878: [GC (Allocation Failure) 93.878: [ParNew (promotion failed): 2751K->3022K(3072K), 0.0235097 secs]93.901: [CMS: 6328K->6326K(6848K), 0.0165681 secs] 9078K->9078K(9920K), [Metaspace: 3748K->3748K(1056768K)], 0.0401378 secs] [Times: user=0.20 sys=0.00, real=0.04 secs] 
93.918: [GC (CMS Initial Mark) [1 CMS-initial-mark: 6326K(6848K)] 9078K(9920K), 0.0030651 secs] [Times: user=0.00 sys=0.00, real=0.01 secs] 
93.921: [CMS-concurrent-mark-start]
93.922: [GC (Allocation Failure) 93.922: [ParNew (promotion failed): 2751K->3046K(3072K), 0.0218050 secs]93.944: [CMS93.947: [CMS-concurrent-mark: 0.004/0.026 secs] [Times: user=0.16 sys=0.00, real=0.02 secs] 
 (concurrent mode failure): 6328K->6325K(6848K), 0.0196095 secs] 9078K->9077K(9920K), [Metaspace: 3748K->3748K(1056768K)], 0.0414698 secs] [Times: user=0.17 sys=0.00, real=0.04 secs] 
93.964: [GC (Allocation Failure) 93.964: [ParNew (promotion failed): 2751K->3022K(3072K), 0.0221388 secs]93.986: [CMS: 6328K->6325K(6848K), 0.0165712 secs] 9077K->9077K(9920K), [Metaspace: 3748K->3748K(1056768K)], 0.0387606 secs] [Times: user=0.17 sys=0.00, real=0.04 secs] 
94.003: [GC (CMS Initial Mark) [1 CMS-initial-mark: 6325K(6848K)] 9077K(9920K), 0.0030607 secs] [Times: user=0.00 sys=0.00, real=0.00 secs] 
94.006: [CMS-concurrent-mark-start]
94.006: [GC (Allocation Failure) 94.006: [ParNew (promotion failed): 2751K->2997K(3072K), 0.0181332 secs]94.024: [CMS94.028: [CMS-concurrent-mark: 0.003/0.022 secs] [Times: user=0.14 sys=0.00, real=0.02 secs] 
 (concurrent mode failure): 6328K->6325K(6848K), 0.0201120 secs] 9077K->9077K(9920K), [Metaspace: 3748K->3748K(1056768K)], 0.0382992 secs] [Times: user=0.16 sys=0.00, real=0.04 secs] 
94.045: [GC (Allocation Failure) 94.045: [ParNew (promotion failed): 2751K->3022K(3072K), 0.0148604 secs]94.060: [CMS: 6328K->6326K(6848K), 0.0165213 secs] 9077K->9077K(9920K), [Metaspace: 3748K->3748K(1056768K)], 0.0314436 secs] [Times: user=0.12 sys=0.00, real=0.03 secs] 
94.077: [GC (CMS Initial Mark) [1 CMS-initial-mark: 6326K(6848K)] 9078K(9920K), 0.0030778 secs] [Times: user=0.00 sys=0.00, real=0.01 secs] 
94.080: [CMS-concurrent-mark-start]
94.080: [GC (Allocation Failure) 94.080: [ParNew (promotion failed): 2751K->2997K(3072K), 0.0225970 secs]94.103: [CMS94.106: [CMS-concurrent-mark: 0.004/0.026 secs] [Times: user=0.18 sys=0.00, real=0.02 secs] 
 (concurrent mode failure): 6328K->6326K(6848K), 0.0199589 secs] 9078K->9078K(9920K), [Metaspace: 3748K->3748K(1056768K)], 0.0426114 secs] [Times: user=0.20 sys=0.00, real=0.04 secs] 
94.123: [GC (Allocation Failure) 94.123: [ParNew (promotion failed): 2751K->2997K(3072K), 0.0191116 secs]94.142: [CMS: 6328K->6326K(6848K), 0.0165456 secs] 9078K->9078K(9920K), [Metaspace: 3748K->3748K(1056768K)], 0.0357167 secs] [Times: user=0.15 sys=0.00, real=0.04 secs] 
94.160: [GC (CMS Initial Mark) [1 CMS-initial-mark: 6326K(6848K)] 9078K(9920K), 0.0030295 secs] [Times: user=0.00 sys=0.00, real=0.00 secs] 
94.163: [CMS-concurrent-mark-start]
94.163: [GC (Allocation Failure) 94.163: [ParNew (promotion failed): 2751K->3022K(3072K), 0.0202952 secs]94.183: [CMS94.186: [CMS-concurrent-mark: 0.003/0.024 secs] [Times: user=0.16 sys=0.01, real=0.02 secs] 
 (concurrent mode failure): 6328K->6326K(6848K), 0.0199028 secs] 9078K->9078K(9920K), [Metaspace: 3748K->3748K(1056768K)], 0.0402495 secs] [Times: user=0.17 sys=0.01, real=0.04 secs] 
94.204: [GC (Allocation Failure) 94.204: [ParNew (promotion failed): 2751K->2997K(3072K), 0.0163062 secs]94.220: [CMS: 6328K->6325K(6848K), 0.0165654 secs] 9078K->9077K(9920K), [Metaspace: 3748K->3748K(1056768K)], 0.0329400 secs] [Times: user=0.14 sys=0.00, real=0.03 secs] 
94.237: [GC (CMS Initial Mark) [1 CMS-initial-mark: 6326K(6848K)] 9078K(9920K), 0.0030657 secs] [Times: user=0.00 sys=0.00, real=0.01 secs] 
94.240: [CMS-concurrent-mark-start]
94.241: [GC (Allocation Failure) 94.241: [ParNew (promotion failed): 2751K->3022K(3072K), 0.0177115 secs]94.258: [CMS94.261: [CMS-concurrent-mark: 0.003/0.021 secs] [Times: user=0.14 sys=0.00, real=0.02 secs] 
 (concurrent mode failure): 6328K->6325K(6848K), 0.0197445 secs] 9078K->9077K(9920K), [Metaspace: 3748K->3748K(1056768K)], 0.0375094 secs] [Times: user=0.16 sys=0.00, real=0.03 secs] 
94.278: [GC (Allocation Failure) 94.278: [ParNew (promotion failed): 2751K->2997K(3072K), 0.0223220 secs]94.301: [CMS: 6328K->6326K(6848K), 0.0166922 secs] 9077K->9077K(9920K), [Metaspace: 3748K->3748K(1056768K)], 0.0390750 secs] [Times: user=0.19 sys=0.00, real=0.04 secs] 
94.318: [GC (CMS Initial Mark) [1 CMS-initial-mark: 6326K(6848K)] 9078K(9920K), 0.0030878 secs] [Times: user=0.00 sys=0.00, real=0.01 secs] 
94.321: [CMS-concurrent-mark-start]
94.321: [GC (Allocation Failure) 94.321: [ParNew (promotion failed): 2751K->3022K(3072K), 0.0168782 secs]94.338: [CMS94.341: [CMS-concurrent-mark: 0.003/0.020 secs] [Times: user=0.13 sys=0.00, real=0.02 secs] 
 (concurrent mode failure): 6328K->6326K(6848K), 0.0199455 secs] 9078K->9078K(9920K), [Metaspace: 3748K->3748K(1056768K)], 0.0368816 secs] [Times: user=0.15 sys=0.00, real=0.03 secs] 
94.358: [GC (Allocation Failure) 94.358: [ParNew (promotion failed): 2751K->3022K(3072K), 0.0186110 secs]94.377: [CMS: 6328K->6326K(6848K), 0.0166472 secs] 9078K->9078K(9920K), [Metaspace: 3748K->3748K(1056768K)], 0.0353158 secs] [Times: user=0.15 sys=0.00, real=0.04 secs] 
94.394: [GC (CMS Initial Mark) [1 CMS-initial-mark: 6326K(6848K)] 9078K(9920K), 0.0030532 secs] [Times: user=0.00 sys=0.00, real=0.00 secs] 
94.397: [CMS-concurrent-mark-start]
94.397: [GC (Allocation Failure) 94.397: [ParNew (promotion failed): 2751K->3022K(3072K), 0.0160629 secs]94.413: [CMS94.417: [CMS-concurrent-mark: 0.004/0.020 secs] [Times: user=0.12 sys=0.00, real=0.02 secs] 
 (concurrent mode failure): 6328K->6326K(6848K), 0.0200070 secs] 9078K->9078K(9920K), [Metaspace: 3748K->3748K(1056768K)], 0.0361309 secs] [Times: user=0.14 sys=0.00, real=0.04 secs] 
94.434: [GC (Allocation Failure) 94.434: [ParNew (promotion failed): 2751K->2997K(3072K), 0.0153105 secs]94.449: [CMS: 6328K->6326K(6848K), 0.0166022 secs] 9078K->9078K(9920K), [Metaspace: 3748K->3748K(1056768K)], 0.0319672 secs] [Times: user=0.13 sys=0.00, real=0.03 secs] 
94.466: [GC (CMS Initial Mark) [1 CMS-initial-mark: 6326K(6848K)] 9078K(9920K), 0.0030704 secs] [Times: user=0.00 sys=0.00, real=0.01 secs] 
94.469: [CMS-concurrent-mark-start]
94.470: [GC (Allocation Failure) 94.470: [ParNew (promotion failed): 2751K->3022K(3072K), 0.0150020 secs]94.485: [CMS94.488: [CMS-concurrent-mark: 0.004/0.019 secs] [Times: user=0.12 sys=0.00, real=0.01 secs] 
 (concurrent mode failure): 6328K->6326K(6848K), 0.0198725 secs] 9078K->9077K(9920K), [Metaspace: 3748K->3748K(1056768K)], 0.0349310 secs] [Times: user=0.14 sys=0.00, real=0.03 secs] 
94.506: [GC (Allocation Failure) 94.506: [ParNew (promotion failed): 2751K->3022K(3072K), 0.0194807 secs]94.525: [CMS: 6328K->6326K(6848K), 0.0165850 secs] 9078K->9077K(9920K), [Metaspace: 3748K->3748K(1056768K)], 0.0361303 secs] [Times: user=0.15 sys=0.00, real=0.04 secs] 
94.542: [GC (CMS Initial Mark) [1 CMS-initial-mark: 6326K(6848K)] 9078K(9920K), 0.0030573 secs] [Times: user=0.00 sys=0.00, real=0.00 secs] 
94.545: [CMS-concurrent-mark-start]
94.545: [GC (Allocation Failure) 94.545: [ParNew (promotion failed): 2751K->3071K(3072K), 0.0218992 secs]94.567: [CMS94.570: [CMS-concurrent-mark: 0.003/0.025 secs] [Times: user=0.17 sys=0.01, real=0.03 secs] 
 (concurrent mode failure): 6328K->6326K(6848K), 0.0200000 secs] 9078K->9078K(9920K), [Metaspace: 3748K->3748K(1056768K)], 0.0419577 secs] [Times: user=0.19 sys=0.01, real=0.04 secs] 
94.587: [GC (Allocation Failure) 94.587: [ParNew (promotion failed): 2751K->2977K(3072K), 0.0185777 secs]94.606: [CMS: 6328K->6326K(6848K), 0.0164743 secs] 9078K->9078K(9920K), [Metaspace: 3748K->3748K(1056768K)], 0.0351083 secs] [Times: user=0.15 sys=0.00, real=0.04 secs] 
94.623: [GC (CMS Initial Mark) [1 CMS-initial-mark: 6326K(6848K)] 9078K(9920K), 0.0030762 secs] [Times: user=0.01 sys=0.00, real=0.00 secs] 
94.626: [CMS-concurrent-mark-start]
94.627: [GC (Allocation Failure) 94.627: [ParNew (promotion failed): 2751K->2995K(3072K), 0.0156666 secs]94.643: [CMS94.646: [CMS-concurrent-mark: 0.004/0.020 secs] [Times: user=0.12 sys=0.00, real=0.02 secs] 
 (concurrent mode failure): 6328K->6326K(6848K), 0.0195761 secs] 9078K->9078K(9920K), [Metaspace: 3748K->3748K(1056768K)], 0.0356501 secs] [Times: user=0.13 sys=0.00, real=0.04 secs] 
94.663: [GC (Allocation Failure) 94.663: [ParNew (promotion failed): 2751K->2991K(3072K), 0.0134665 secs]94.676: [CMS: 6328K->6326K(6848K), 0.0166011 secs] 9078K->9078K(9920K), [Metaspace: 3748K->3748K(1056768K)], 0.0301438 secs] [Times: user=0.10 sys=0.00, real=0.03 secs] 
94.694: [GC (CMS Initial Mark) [1 CMS-initial-mark: 6326K(6848K)] 9078K(9920K), 0.0030281 secs] [Times: user=0.00 sys=0.00, real=0.00 secs] 
94.697: [CMS-concurrent-mark-start]
94.697: [GC (Allocation Failure) 94.697: [ParNew (promotion failed): 2751K->3044K(3072K), 0.0195810 secs]94.717: [CMS94.720: [CMS-concurrent-mark: 0.004/0.023 secs] [Times: user=0.15 sys=0.00, real=0.03 secs] 
 (concurrent mode failure): 6328K->6326K(6848K), 0.0200757 secs] 9078K->9078K(9920K), [Metaspace: 3748K->3748K(1056768K)], 0.0397202 secs] [Times: user=0.17 sys=0.00, real=0.04 secs] 
94.737: [GC (Allocation Failure) 94.737: [ParNew (promotion failed): 2751K->2997K(3072K), 0.0187764 secs]94.756: [CMS: 6328K->6326K(6848K), 0.0165581 secs] 9078K->9078K(9920K), [Metaspace: 3748K->3748K(1056768K)], 0.0353982 secs] [Times: user=0.16 sys=0.00, real=0.04 secs] 
94.773: [GC (CMS Initial Mark) [1 CMS-initial-mark: 6326K(6848K)] 9078K(9920K), 0.0034275 secs] [Times: user=0.00 sys=0.00, real=0.00 secs] 
94.777: [CMS-concurrent-mark-start]
94.778: [GC (Allocation Failure) 94.778: [ParNew (promotion failed): 2751K->2997K(3072K), 0.0224135 secs]94.800: [CMS94.803: [CMS-concurrent-mark: 0.003/0.026 secs] [Times: user=0.17 sys=0.00, real=0.03 secs] 
 (concurrent mode failure): 6328K->6326K(6848K), 0.0197613 secs] 9078K->9078K(9920K), [Metaspace: 3748K->3748K(1056768K)], 0.0422525 secs] [Times: user=0.19 sys=0.00, real=0.05 secs] 
94.820: [GC (Allocation Failure) 94.820: [ParNew (promotion failed): 2751K->3046K(3072K), 0.0211484 secs]94.842: [CMS: 6328K->6326K(6848K), 0.0165083 secs] 9078K->9078K(9920K), [Metaspace: 3748K->3748K(1056768K)], 0.0377301 secs] [Times: user=0.18 sys=0.00, real=0.03 secs] 
94.858: [GC (CMS Initial Mark) [1 CMS-initial-mark: 6326K(6848K)] 9078K(9920K), 0.0030463 secs] [Times: user=0.00 sys=0.00, real=0.01 secs] 
94.861: [CMS-concurrent-mark-start]
94.861: [GC (Allocation Failure) 94.861: [ParNew (promotion failed): 2751K->2997K(3072K), 0.0224449 secs]94.884: [CMS94.887: [CMS-concurrent-mark: 0.003/0.026 secs] [Times: user=0.18 sys=0.00, real=0.02 secs] 
 (concurrent mode failure): 6328K->6326K(6848K), 0.0200313 secs] 9078K->9078K(9920K), [Metaspace: 3748K->3748K(1056768K)], 0.0425472 secs] [Times: user=0.19 sys=0.00, real=0.04 secs] 
94.904: [GC (Allocation Failure) 94.904: [ParNew (promotion failed): 2751K->3022K(3072K), 0.0177488 secs]94.922: [CMS: 6328K->6326K(6848K), 0.0165368 secs] 9078K->9078K(9920K), [Metaspace: 3748K->3748K(1056768K)], 0.0343426 secs] [Times: user=0.14 sys=0.00, real=0.04 secs] 
94.939: [GC (CMS Initial Mark) [1 CMS-initial-mark: 6326K(6848K)] 9078K(9920K), 0.0031379 secs] [Times: user=0.00 sys=0.00, real=0.00 secs] 
94.942: [CMS-concurrent-mark-start]
94.942: [GC (Allocation Failure) 94.942: [ParNew (promotion failed): 2751K->3022K(3072K), 0.0167659 secs]94.959: [CMS94.963: [CMS-concurrent-mark: 0.003/0.020 secs] [Times: user=0.14 sys=0.00, real=0.02 secs] 
 (concurrent mode failure): 6328K->6326K(6848K), 0.0199468 secs] 9078K->9078K(9920K), [Metaspace: 3748K->3748K(1056768K)], 0.0367928 secs] [Times: user=0.15 sys=0.00, real=0.04 secs] 
94.980: [GC (Allocation Failure) 94.980: [ParNew (promotion failed): 2751K->2997K(3072K), 0.0172664 secs]94.997: [CMS: 6328K->6326K(6848K), 0.0165098 secs] 9078K->9078K(9920K), [Metaspace: 3748K->3748K(1056768K)], 0.0338483 secs] [Times: user=0.15 sys=0.00, real=0.03 secs] 
95.014: [GC (CMS Initial Mark) [1 CMS-initial-mark: 6326K(6848K)] 9078K(9920K), 0.0030916 secs] [Times: user=0.00 sys=0.00, real=0.00 secs] 
95.017: [CMS-concurrent-mark-start]
95.018: [GC (Allocation Failure) 95.018: [ParNew (promotion failed): 2751K->2997K(3072K), 0.0133810 secs]95.031: [CMS95.034: [CMS-concurrent-mark: 0.003/0.017 secs] [Times: user=0.10 sys=0.00, real=0.02 secs] 
 (concurrent mode failure): 6328K->6326K(6848K), 0.0196690 secs] 9078K->9078K(9920K), [Metaspace: 3748K->3748K(1056768K)], 0.0331163 secs] [Times: user=0.12 sys=0.00, real=0.04 secs] 
95.052: [GC (Allocation Failure) 95.052: [ParNew (promotion failed): 2751K->3022K(3072K), 0.0147174 secs]95.066: [CMS: 6328K->6326K(6848K), 0.0166472 secs] 9078K->9078K(9920K), [Metaspace: 3748K->3748K(1056768K)], 0.0314305 secs] [Times: user=0.11 sys=0.00, real=0.03 secs] 
95.083: [GC (CMS Initial Mark) [1 CMS-initial-mark: 6326K(6848K)] 9078K(9920K), 0.0030711 secs] [Times: user=0.01 sys=0.00, real=0.00 secs] 
95.087: [CMS-concurrent-mark-start]
95.087: [GC (Allocation Failure) 95.087: [ParNew (promotion failed): 2751K->3022K(3072K), 0.0226641 secs]95.109: [CMS95.113: [CMS-concurrent-mark: 0.003/0.026 secs] [Times: user=0.17 sys=0.00, real=0.03 secs] 
 (concurrent mode failure): 6328K->6326K(6848K), 0.0199930 secs] 9078K->9078K(9920K), [Metaspace: 3748K->3748K(1056768K)], 0.0427244 secs] [Times: user=0.19 sys=0.00, real=0.05 secs] 
95.130: [GC (Allocation Failure) 95.130: [ParNew (promotion failed): 2751K->2997K(3072K), 0.0159596 secs]95.146: [CMS: 6328K->6326K(6848K), 0.0165456 secs] 9078K->9078K(9920K), [Metaspace: 3748K->3748K(1056768K)], 0.0325697 secs] [Times: user=0.14 sys=0.00, real=0.03 secs] 
95.163: [GC (CMS Initial Mark) [1 CMS-initial-mark: 6326K(6848K)] 9078K(9920K), 0.0030504 secs] [Times: user=0.00 sys=0.00, real=0.00 secs] 
95.166: [CMS-concurrent-mark-start]
95.166: [GC (Allocation Failure) 95.166: [ParNew (promotion failed): 2751K->2997K(3072K), 0.0214177 secs]95.187: [CMS95.191: [CMS-concurrent-mark: 0.004/0.025 secs] [Times: user=0.17 sys=0.00, real=0.03 secs] 
 (concurrent mode failure): 6328K->6326K(6848K), 0.0199717 secs] 9078K->9078K(9920K), [Metaspace: 3748K->3748K(1056768K)], 0.0414552 secs] [Times: user=0.18 sys=0.00, real=0.04 secs] 
95.208: [GC (Allocation Failure) 95.208: [ParNew (promotion failed): 2751K->2997K(3072K), 0.0221050 secs]95.230: [CMS: 6328K->6326K(6848K), 0.0168230 secs] 9078K->9078K(9920K), [Metaspace: 3748K->3748K(1056768K)], 0.0390010 secs] [Times: user=0.18 sys=0.00, real=0.04 secs] 
95.247: [GC (CMS Initial Mark) [1 CMS-initial-mark: 6326K(6848K)] 9078K(9920K), 0.0030661 secs] [Times: user=0.00 sys=0.00, real=0.01 secs] 
95.251: [CMS-concurrent-mark-start]
95.251: [GC (Allocation Failure) 95.251: [ParNew (promotion failed): 2751K->2997K(3072K), 0.0149450 secs]95.266: [CMS95.269: [CMS-concurrent-mark: 0.003/0.018 secs] [Times: user=0.12 sys=0.00, real=0.02 secs] 
 (concurrent mode failure): 6328K->6326K(6848K), 0.0202312 secs] 9078K->9078K(9920K), [Metaspace: 3748K->3748K(1056768K)], 0.0352459 secs] [Times: user=0.14 sys=0.00, real=0.03 secs] 
95.287: [GC (Allocation Failure) 95.287: [ParNew (promotion failed): 2751K->2997K(3072K), 0.0168041 secs]95.304: [CMS: 6328K->6326K(6848K), 0.0166055 secs] 9078K->9078K(9920K), [Metaspace: 3748K->3748K(1056768K)], 0.0334726 secs] [Times: user=0.14 sys=0.01, real=0.04 secs] 
95.321: [GC (CMS Initial Mark) [1 CMS-initial-mark: 6326K(6848K)] 9078K(9920K), 0.0030760 secs] [Times: user=0.01 sys=0.00, real=0.00 secs] 
95.324: [CMS-concurrent-mark-start]
95.324: [GC (Allocation Failure) 95.324: [ParNew (promotion failed): 2751K->2997K(3072K), 0.0207335 secs]95.345: [CMS95.348: [CMS-concurrent-mark: 0.004/0.024 secs] [Times: user=0.16 sys=0.00, real=0.02 secs] 
 (concurrent mode failure): 6328K->6326K(6848K), 0.0198168 secs] 9078K->9078K(9920K), [Metaspace: 3748K->3748K(1056768K)], 0.0406122 secs] [Times: user=0.18 sys=0.00, real=0.04 secs] 
95.365: [GC (Allocation Failure) 95.365: [ParNew (promotion failed): 2751K->3022K(3072K), 0.0190326 secs]95.384: [CMS: 6328K->6326K(6848K), 0.0165563 secs] 9078K->9078K(9920K), [Metaspace: 3748K->3748K(1056768K)], 0.0356521 secs] [Times: user=0.16 sys=0.00, real=0.04 secs] 
95.401: [GC (CMS Initial Mark) [1 CMS-initial-mark: 6326K(6848K)] 9078K(9920K), 0.0030699 secs] [Times: user=0.00 sys=0.00, real=0.00 secs] 
95.404: [CMS-concurrent-mark-start]
95.404: [GC (Allocation Failure) 95.404: [ParNew (promotion failed): 2751K->3022K(3072K), 0.0175302 secs]95.421: [CMS95.425: [CMS-concurrent-mark: 0.003/0.021 secs] [Times: user=0.14 sys=0.00, real=0.02 secs] 
 (concurrent mode failure): 6328K->6326K(6848K), 0.0200382 secs] 9078K->9078K(9920K), [Metaspace: 3748K->3748K(1056768K)], 0.0376276 secs] [Times: user=0.15 sys=0.00, real=0.04 secs] 
95.442: [GC (Allocation Failure) 95.442: [ParNew (promotion failed): 2751K->3022K(3072K), 0.0264494 secs]95.469: [CMS: 6328K->6326K(6848K), 0.0165944 secs] 9078K->9078K(9920K), [Metaspace: 3748K->3748K(1056768K)], 0.0431110 secs] [Times: user=0.22 sys=0.00, real=0.04 secs] 
95.486: [GC (CMS Initial Mark) [1 CMS-initial-mark: 6326K(6848K)] 9078K(9920K), 0.0030980 secs] [Times: user=0.00 sys=0.00, real=0.00 secs] 
95.489: [CMS-concurrent-mark-start]
95.489: [GC (Allocation Failure) 95.489: [ParNew (promotion failed): 2751K->2972K(3072K), 0.0159680 secs]95.505: [CMS95.508: [CMS-concurrent-mark: 0.003/0.020 secs] [Times: user=0.10 sys=0.00, real=0.02 secs] 
 (concurrent mode failure): 6328K->6326K(6848K), 0.0201576 secs] 9078K->9078K(9920K), [Metaspace: 3748K->3748K(1056768K)], 0.0362060 secs] [Times: user=0.12 sys=0.00, real=0.03 secs] 
95.526: [GC (Allocation Failure) 95.526: [ParNew (promotion failed): 2751K->3046K(3072K), 0.0144923 secs]95.540: [CMS: 6328K->6326K(6848K), 0.0167529 secs] 9078K->9078K(9920K), [Metaspace: 3748K->3748K(1056768K)], 0.0313180 secs] [Times: user=0.12 sys=0.00, real=0.03 secs] 
95.557: [GC (CMS Initial Mark) [1 CMS-initial-mark: 6326K(6848K)] 9078K(9920K), 0.0030588 secs] [Times: user=0.00 sys=0.00, real=0.01 secs] 
95.561: [CMS-concurrent-mark-start]
95.561: [GC (Allocation Failure) 95.561: [ParNew (promotion failed): 2751K->3022K(3072K), 0.0228978 secs]95.584: [CMS95.587: [CMS-concurrent-mark: 0.004/0.027 secs] [Times: user=0.18 sys=0.00, real=0.02 secs] 
 (concurrent mode failure): 6328K->6326K(6848K), 0.0196165 secs] 9078K->9078K(9920K), [Metaspace: 3748K->3748K(1056768K)], 0.0425849 secs] [Times: user=0.20 sys=0.00, real=0.04 secs] 
95.604: [GC (Allocation Failure) 95.604: [ParNew (promotion failed): 2751K->3022K(3072K), 0.0252768 secs]95.630: [CMS: 6328K->6326K(6848K), 0.0166188 secs] 9078K->9078K(9920K), [Metaspace: 3748K->3748K(1056768K)], 0.0419585 secs] [Times: user=0.21 sys=0.00, real=0.04 secs] 
95.647: [GC (CMS Initial Mark) [1 CMS-initial-mark: 6326K(6848K)] 9078K(9920K), 0.0030665 secs] [Times: user=0.00 sys=0.00, real=0.01 secs] 
95.650: [CMS-concurrent-mark-start]
95.650: [GC (Allocation Failure) 95.650: [ParNew (promotion failed): 2751K->3022K(3072K), 0.0176567 secs]95.667: [CMS95.671: [CMS-concurrent-mark: 0.003/0.021 secs] [Times: user=0.14 sys=0.00, real=0.02 secs] 
 (concurrent mode failure): 6328K->6326K(6848K), 0.0199622 secs] 9078K->9078K(9920K), [Metaspace: 3748K->3748K(1056768K)], 0.0376739 secs] [Times: user=0.16 sys=0.00, real=0.03 secs] 
95.688: [GC (Allocation Failure) 95.688: [ParNew (promotion failed): 2751K->3046K(3072K), 0.0199432 secs]95.708: [CMS: 6328K->6326K(6848K), 0.0164527 secs] 9078K->9078K(9920K), [Metaspace: 3748K->3748K(1056768K)], 0.0364544 secs] [Times: user=0.15 sys=0.01, real=0.04 secs] 
95.724: [GC (CMS Initial Mark) [1 CMS-initial-mark: 6326K(6848K)] 9078K(9920K), 0.0030816 secs] [Times: user=0.00 sys=0.00, real=0.00 secs] 
95.728: [CMS-concurrent-mark-start]
95.728: [GC (Allocation Failure) 95.728: [ParNew (promotion failed): 2751K->3022K(3072K), 0.0162573 secs]95.744: [CMS95.747: [CMS-concurrent-mark: 0.004/0.020 secs] [Times: user=0.13 sys=0.00, real=0.02 secs] 
 (concurrent mode failure): 6328K->6326K(6848K), 0.0199882 secs] 9078K->9078K(9920K), [Metaspace: 3748K->3748K(1056768K)], 0.0363070 secs] [Times: user=0.13 sys=0.00, real=0.04 secs] 
95.765: [GC (Allocation Failure) 95.765: [ParNew (promotion failed): 2751K->3022K(3072K), 0.0149626 secs]95.780: [CMS: 6328K->6326K(6848K), 0.0167435 secs] 9078K->9078K(9920K), [Metaspace: 3748K->3748K(1056768K)], 0.0317862 secs] [Times: user=0.13 sys=0.00, real=0.03 secs] 
95.797: [GC (CMS Initial Mark) [1 CMS-initial-mark: 6326K(6848K)] 9078K(9920K), 0.0030923 secs] [Times: user=0.00 sys=0.00, real=0.01 secs] 
95.800: [CMS-concurrent-mark-start]
95.800: [GC (Allocation Failure) 95.800: [ParNew (promotion failed): 2751K->2997K(3072K), 0.0156483 secs]95.816: [CMS95.819: [CMS-concurrent-mark: 0.003/0.019 secs] [Times: user=0.12 sys=0.00, real=0.02 secs] 
 (concurrent mode failure): 6328K->6326K(6848K), 0.0200146 secs] 9078K->9078K(9920K), [Metaspace: 3748K->3748K(1056768K)], 0.0357265 secs] [Times: user=0.14 sys=0.00, real=0.03 secs] 
95.837: [GC (Allocation Failure) 95.837: [ParNew (promotion failed): 2751K->3022K(3072K), 0.0139222 secs]95.851: [CMS: 6328K->6326K(6848K), 0.0165692 secs] 9078K->9078K(9920K), [Metaspace: 3748K->3748K(1056768K)], 0.0305615 secs] [Times: user=0.12 sys=0.00, real=0.03 secs] 
95.868: [GC (CMS Initial Mark) [1 CMS-initial-mark: 6326K(6848K)] 9078K(9920K), 0.0030627 secs] [Times: user=0.00 sys=0.00, real=0.01 secs] 
95.871: [CMS-concurrent-mark-start]
95.871: [GC (Allocation Failure) 95.871: [ParNew (promotion failed): 2751K->3022K(3072K), 0.0164035 secs]95.888: [CMS95.891: [CMS-concurrent-mark: 0.004/0.020 secs] [Times: user=0.13 sys=0.00, real=0.02 secs] 
 (concurrent mode failure): 6328K->6326K(6848K), 0.0197769 secs] 9078K->9078K(9920K), [Metaspace: 3748K->3748K(1056768K)], 0.0362511 secs] [Times: user=0.15 sys=0.00, real=0.03 secs] 
95.908: [GC (Allocation Failure) 95.908: [ParNew (promotion failed): 2751K->3022K(3072K), 0.0146429 secs]95.922: [CMS: 6328K->6326K(6848K), 0.0166985 secs] 9078K->9078K(9920K), [Metaspace: 3748K->3748K(1056768K)], 0.0314090 secs] [Times: user=0.12 sys=0.00, real=0.04 secs] 
95.939: [GC (CMS Initial Mark) [1 CMS-initial-mark: 6326K(6848K)] 9078K(9920K), 0.0030675 secs] [Times: user=0.01 sys=0.00, real=0.00 secs] 
95.943: [CMS-concurrent-mark-start]
95.943: [GC (Allocation Failure) 95.943: [ParNew (promotion failed): 2751K->2997K(3072K), 0.0154047 secs]95.958: [CMS95.961: [CMS-concurrent-mark: 0.003/0.019 secs] [Times: user=0.12 sys=0.00, real=0.02 secs] 
 (concurrent mode failure): 6328K->6326K(6848K), 0.0199382 secs] 9078K->9078K(9920K), [Metaspace: 3748K->3748K(1056768K)], 0.0354043 secs] [Times: user=0.13 sys=0.00, real=0.03 secs] 
95.978: [GC (Allocation Failure) 95.978: [ParNew (promotion failed): 2751K->3022K(3072K), 0.0155502 secs]95.994: [CMS: 6328K->6326K(6848K), 0.0167002 secs] 9078K->9078K(9920K), [Metaspace: 3748K->3748K(1056768K)], 0.0323169 secs] [Times: user=0.14 sys=0.00, real=0.04 secs] 
96.011: [GC (CMS Initial Mark) [1 CMS-initial-mark: 6326K(6848K)] 9078K(9920K), 0.0030408 secs] [Times: user=0.00 sys=0.00, real=0.00 secs] 
96.014: [CMS-concurrent-mark-start]
96.014: [GC (Allocation Failure) 96.014: [ParNew (promotion failed): 2751K->3022K(3072K), 0.0244364 secs]96.039: [CMS96.042: [CMS-concurrent-mark: 0.004/0.028 secs] [Times: user=0.19 sys=0.01, real=0.03 secs] 
 (concurrent mode failure): 6328K->6326K(6848K), 0.0203033 secs] 9078K->9078K(9920K), [Metaspace: 3748K->3748K(1056768K)], 0.0448029 secs] [Times: user=0.21 sys=0.01, real=0.05 secs] 
96.060: [GC (Allocation Failure) 96.060: [ParNew (promotion failed): 2751K->3022K(3072K), 0.0204405 secs]96.080: [CMS: 6328K->6326K(6848K), 0.0165336 secs] 9078K->9078K(9920K), [Metaspace: 3748K->3748K(1056768K)], 0.0370398 secs] [Times: user=0.17 sys=0.00, real=0.03 secs] 
96.097: [GC (CMS Initial Mark) [1 CMS-initial-mark: 6326K(6848K)] 9078K(9920K), 0.0031016 secs] [Times: user=0.00 sys=0.00, real=0.01 secs] 
96.100: [CMS-concurrent-mark-start]
96.101: [GC (Allocation Failure) 96.101: [ParNew (promotion failed): 2751K->2997K(3072K), 0.0164172 secs]96.118: [CMS96.121: [CMS-concurrent-mark: 0.003/0.020 secs] [Times: user=0.13 sys=0.00, real=0.02 secs] 
 (concurrent mode failure): 6328K->6326K(6848K), 0.0195689 secs] 9078K->9078K(9920K), [Metaspace: 3748K->3748K(1056768K)], 0.0360571 secs] [Times: user=0.15 sys=0.00, real=0.03 secs] 
96.138: [GC (Allocation Failure) 96.138: [ParNew (promotion failed): 2751K->3022K(3072K), 0.0143764 secs]96.152: [CMS: 6328K->6326K(6848K), 0.0166227 secs] 9078K->9078K(9920K), [Metaspace: 3748K->3748K(1056768K)], 0.0310720 secs] [Times: user=0.13 sys=0.00, real=0.04 secs] 
96.169: [GC (CMS Initial Mark) [1 CMS-initial-mark: 6326K(6848K)] 9078K(9920K), 0.0030621 secs] [Times: user=0.00 sys=0.00, real=0.00 secs] 
96.172: [CMS-concurrent-mark-start]
96.172: [GC (Allocation Failure) 96.172: [ParNew (promotion failed): 2751K->3022K(3072K), 0.0161202 secs]96.188: [CMS96.192: [CMS-concurrent-mark: 0.003/0.020 secs] [Times: user=0.13 sys=0.00, real=0.02 secs] 
 (concurrent mode failure): 6328K->6326K(6848K), 0.0199864 secs] 9078K->9078K(9920K), [Metaspace: 3748K->3748K(1056768K)], 0.0361676 secs] [Times: user=0.14 sys=0.00, real=0.03 secs] 
96.209: [GC (Allocation Failure) 96.209: [ParNew (promotion failed): 2751K->2997K(3072K), 0.0165924 secs]96.225: [CMS: 6328K->6326K(6848K), 0.0164947 secs] 9078K->9078K(9920K), [Metaspace: 3748K->3748K(1056768K)], 0.0331429 secs] [Times: user=0.14 sys=0.00, real=0.03 secs] 
96.242: [GC (CMS Initial Mark) [1 CMS-initial-mark: 6326K(6848K)] 9078K(9920K), 0.0030778 secs] [Times: user=0.01 sys=0.00, real=0.00 secs] 
96.245: [CMS-concurrent-mark-start]
96.246: [GC (Allocation Failure) 96.246: [ParNew (promotion failed): 2751K->3022K(3072K), 0.0142039 secs]96.260: [CMS96.263: [CMS-concurrent-mark: 0.004/0.018 secs] [Times: user=0.11 sys=0.00, real=0.02 secs] 
 (concurrent mode failure): 6328K->6326K(6848K), 0.0201073 secs] 9078K->9078K(9920K), [Metaspace: 3748K->3748K(1056768K)], 0.0343743 secs] [Times: user=0.13 sys=0.00, real=0.04 secs] 
96.280: [GC (Allocation Failure) 96.280: [ParNew (promotion failed): 2751K->3022K(3072K), 0.0197193 secs]96.300: [CMS: 6328K->6326K(6848K), 0.0167113 secs] 9078K->9078K(9920K), [Metaspace: 3748K->3748K(1056768K)], 0.0365065 secs] [Times: user=0.14 sys=0.00, real=0.03 secs] 
96.318: [GC (CMS Initial Mark) [1 CMS-initial-mark: 6326K(6848K)] 9078K(9920K), 0.0030695 secs] [Times: user=0.01 sys=0.00, real=0.01 secs] 
96.321: [CMS-concurrent-mark-start]
96.321: [GC (Allocation Failure) 96.321: [ParNew (promotion failed): 2751K->3022K(3072K), 0.0181353 secs]96.339: [CMS96.342: [CMS-concurrent-mark: 0.003/0.022 secs] [Times: user=0.14 sys=0.00, real=0.02 secs] 
 (concurrent mode failure): 6328K->6326K(6848K), 0.0199863 secs] 9078K->9078K(9920K), [Metaspace: 3748K->3748K(1056768K)], 0.0381845 secs] [Times: user=0.16 sys=0.00, real=0.04 secs] 
96.360: [GC (Allocation Failure) 96.360: [ParNew (promotion failed): 2751K->3046K(3072K), 0.0219820 secs]96.382: [CMS: 6328K->6326K(6848K), 0.0166563 secs] 9078K->9078K(9920K), [Metaspace: 3748K->3748K(1056768K)], 0.0387194 secs] [Times: user=0.18 sys=0.00, real=0.03 secs] 
96.399: [GC (CMS Initial Mark) [1 CMS-initial-mark: 6326K(6848K)] 9078K(9920K), 0.0030615 secs] [Times: user=0.00 sys=0.00, real=0.00 secs] 
96.402: [CMS-concurrent-mark-start]
96.402: [GC (Allocation Failure) 96.402: [ParNew (promotion failed): 2751K->2997K(3072K), 0.0214537 secs]96.424: [CMS96.427: [CMS-concurrent-mark: 0.004/0.025 secs] [Times: user=0.17 sys=0.01, real=0.02 secs] 
 (concurrent mode failure): 6328K->6326K(6848K), 0.0197910 secs] 9078K->9078K(9920K), [Metaspace: 3748K->3748K(1056768K)], 0.0413133 secs] [Times: user=0.19 sys=0.01, real=0.04 secs] 
96.444: [GC (Allocation Failure) 96.444: [ParNew (promotion failed): 2751K->3046K(3072K), 0.0232108 secs]96.467: [CMS: 6328K->6326K(6848K), 0.0165522 secs] 9078K->9078K(9920K), [Metaspace: 3748K->3748K(1056768K)], 0.0398274 secs] [Times: user=0.19 sys=0.00, real=0.04 secs] 
96.484: [GC (CMS Initial Mark) [1 CMS-initial-mark: 6326K(6848K)] 9078K(9920K), 0.0030468 secs] [Times: user=0.00 sys=0.00, real=0.00 secs] 
96.487: [CMS-concurrent-mark-start]
96.487: [GC (Allocation Failure) 96.487: [ParNew (promotion failed): 2751K->2997K(3072K), 0.0131394 secs]96.500: [CMS96.504: [CMS-concurrent-mark: 0.004/0.017 secs] [Times: user=0.09 sys=0.00, real=0.02 secs] 
 (concurrent mode failure): 6328K->6326K(6848K), 0.0212116 secs] 9078K->9078K(9920K), [Metaspace: 3748K->3748K(1056768K)], 0.0344129 secs] [Times: user=0.11 sys=0.00, real=0.04 secs] 
96.522: [GC (Allocation Failure) 96.522: [ParNew (promotion failed): 2751K->2997K(3072K), 0.0216681 secs]96.544: [CMS: 6328K->6326K(6848K), 0.0166680 secs] 9078K->9078K(9920K), [Metaspace: 3748K->3748K(1056768K)], 0.0383985 secs] [Times: user=0.17 sys=0.00, real=0.04 secs] 
96.561: [GC (CMS Initial Mark) [1 CMS-initial-mark: 6326K(6848K)] 9078K(9920K), 0.0031363 secs] [Times: user=0.00 sys=0.00, real=0.00 secs] 
96.564: [CMS-concurrent-mark-start]
96.564: [GC (Allocation Failure) 96.564: [ParNew (promotion failed): 2751K->2997K(3072K), 0.0216678 secs]96.586: [CMS96.589: [CMS-concurrent-mark: 0.003/0.025 secs] [Times: user=0.17 sys=0.00, real=0.03 secs] 
 (concurrent mode failure): 6328K->6326K(6848K), 0.0201165 secs] 9078K->9078K(9920K), [Metaspace: 3748K->3748K(1056768K)], 0.0418592 secs] [Times: user=0.19 sys=0.00, real=0.04 secs] 
96.607: [GC (Allocation Failure) 96.607: [ParNew (promotion failed): 2751K->2997K(3072K), 0.0150942 secs]96.622: [CMS: 6328K->6326K(6848K), 0.0164987 secs] 9078K->9078K(9920K), [Metaspace: 3748K->3748K(1056768K)], 0.0316685 secs] [Times: user=0.12 sys=0.00, real=0.03 secs] 
96.639: [GC (CMS Initial Mark) [1 CMS-initial-mark: 6326K(6848K)] 9078K(9920K), 0.0030790 secs] [Times: user=0.01 sys=0.00, real=0.00 secs] 
96.642: [CMS-concurrent-mark-start]
96.643: [GC (Allocation Failure) 96.643: [ParNew (promotion failed): 2751K->2997K(3072K), 0.0171564 secs]96.660: [CMS96.663: [CMS-concurrent-mark: 0.004/0.021 secs] [Times: user=0.13 sys=0.00, real=0.02 secs] 
 (concurrent mode failure): 6328K->6326K(6848K), 0.0196410 secs] 9078K->9078K(9920K), [Metaspace: 3748K->3748K(1056768K)], 0.0368585 secs] [Times: user=0.15 sys=0.00, real=0.04 secs] 
96.680: [GC (Allocation Failure) 96.680: [ParNew (promotion failed): 2751K->2997K(3072K), 0.0226556 secs]96.703: [CMS: 6328K->6326K(6848K), 0.0166142 secs] 9078K->9078K(9920K), [Metaspace: 3748K->3748K(1056768K)], 0.0393371 secs] [Times: user=0.19 sys=0.00, real=0.04 secs] 
96.720: [GC (CMS Initial Mark) [1 CMS-initial-mark: 6326K(6848K)] 9078K(9920K), 0.0030551 secs] [Times: user=0.00 sys=0.00, real=0.00 secs] 
96.723: [CMS-concurrent-mark-start]
96.723: [GC (Allocation Failure) 96.723: [ParNew (promotion failed): 2751K->3022K(3072K), 0.0145463 secs]96.737: [CMS96.741: [CMS-concurrent-mark: 0.004/0.018 secs] [Times: user=0.12 sys=0.00, real=0.02 secs] 
 (concurrent mode failure): 6328K->6326K(6848K), 0.0200528 secs] 9078K->9078K(9920K), [Metaspace: 3748K->3748K(1056768K)], 0.0346654 secs] [Times: user=0.13 sys=0.00, real=0.03 secs] 
96.758: [GC (Allocation Failure) 96.758: [ParNew (promotion failed): 2751K->3022K(3072K), 0.0174484 secs]96.775: [CMS: 6328K->6326K(6848K), 0.0164818 secs] 9078K->9078K(9920K), [Metaspace: 3748K->3748K(1056768K)], 0.0340073 secs] [Times: user=0.15 sys=0.01, real=0.04 secs] 
96.792: [GC (CMS Initial Mark) [1 CMS-initial-mark: 6326K(6848K)] 9078K(9920K), 0.0030730 secs] [Times: user=0.01 sys=0.00, real=0.00 secs] 
96.795: [CMS-concurrent-mark-start]
96.795: [GC (Allocation Failure) 96.795: [ParNew (promotion failed): 2751K->2997K(3072K), 0.0230444 secs]96.818: [CMS96.822: [CMS-concurrent-mark: 0.004/0.027 secs] [Times: user=0.18 sys=0.00, real=0.03 secs] 
 (concurrent mode failure): 6328K->6326K(6848K), 0.0198591 secs] 9078K->9078K(9920K), [Metaspace: 3748K->3748K(1056768K)], 0.0429733 secs] [Times: user=0.20 sys=0.00, real=0.04 secs] 
96.839: [GC (Allocation Failure) 96.839: [ParNew (promotion failed): 2751K->2997K(3072K), 0.0238686 secs]96.863: [CMS: 6328K->6326K(6848K), 0.0166705 secs] 9078K->9078K(9920K), [Metaspace: 3748K->3748K(1056768K)], 0.0406142 secs] [Times: user=0.18 sys=0.00, real=0.04 secs] 
96.880: [GC (CMS Initial Mark) [1 CMS-initial-mark: 6326K(6848K)] 9078K(9920K), 0.0030319 secs] [Times: user=0.00 sys=0.00, real=0.00 secs] 
96.883: [CMS-concurrent-mark-start]
96.883: [GC (Allocation Failure) 96.883: [ParNew (promotion failed): 2751K->2997K(3072K), 0.0184287 secs]96.902: [CMS96.905: [CMS-concurrent-mark: 0.003/0.022 secs] [Times: user=0.14 sys=0.00, real=0.02 secs] 
 (concurrent mode failure): 6328K->6326K(6848K), 0.0200178 secs] 9078K->9078K(9920K), [Metaspace: 3748K->3748K(1056768K)], 0.0385097 secs] [Times: user=0.16 sys=0.00, real=0.04 secs] 
96.923: [GC (Allocation Failure) 96.923: [ParNew (promotion failed): 2751K->2997K(3072K), 0.0174209 secs]96.940: [CMS: 6328K->6326K(6848K), 0.0167280 secs] 9078K->9078K(9920K), [Metaspace: 3748K->3748K(1056768K)], 0.0342209 secs] [Times: user=0.15 sys=0.00, real=0.03 secs] 
96.957: [GC (CMS Initial Mark) [1 CMS-initial-mark: 6326K(6848K)] 9078K(9920K), 0.0030713 secs] [Times: user=0.00 sys=0.00, real=0.01 secs] 
96.960: [CMS-concurrent-mark-start]
96.961: [GC (Allocation Failure) 96.961: [ParNew (promotion failed): 2751K->2997K(3072K), 0.0215375 secs]96.982: [CMS96.985: [CMS-concurrent-mark: 0.003/0.025 secs] [Times: user=0.17 sys=0.00, real=0.02 secs] 
 (concurrent mode failure): 6328K->6326K(6848K), 0.0197218 secs] 9078K->9078K(9920K), [Metaspace: 3748K->3748K(1056768K)], 0.0413230 secs] [Times: user=0.19 sys=0.00, real=0.04 secs] 
97.002: [GC (Allocation Failure) 97.002: [ParNew (promotion failed): 2751K->3022K(3072K), 0.0164707 secs]97.019: [CMS: 6328K->6326K(6848K), 0.0165014 secs] 9078K->9078K(9920K), [Metaspace: 3748K->3748K(1056768K)], 0.0330424 secs] [Times: user=0.14 sys=0.00, real=0.03 secs] 
97.035: [GC (CMS Initial Mark) [1 CMS-initial-mark: 6326K(6848K)] 9078K(9920K), 0.0030781 secs] [Times: user=0.00 sys=0.00, real=0.00 secs] 
97.039: [CMS-concurrent-mark-start]
97.039: [GC (Allocation Failure) 97.039: [ParNew (promotion failed): 2751K->3022K(3072K), 0.0180905 secs]97.057: [CMS97.060: [CMS-concurrent-mark: 0.003/0.022 secs] [Times: user=0.14 sys=0.00, real=0.03 secs] 
 (concurrent mode failure): 6328K->6326K(6848K), 0.0200193 secs] 9078K->9078K(9920K), [Metaspace: 3748K->3748K(1056768K)], 0.0381658 secs] [Times: user=0.16 sys=0.00, real=0.04 secs] 
97.077: [GC (Allocation Failure) 97.077: [ParNew (promotion failed): 2751K->2997K(3072K), 0.0163122 secs]97.094: [CMS: 6328K->6326K(6848K), 0.0165454 secs] 9078K->9078K(9920K), [Metaspace: 3748K->3748K(1056768K)], 0.0329253 secs] [Times: user=0.14 sys=0.00, real=0.04 secs] 
97.111: [GC (CMS Initial Mark) [1 CMS-initial-mark: 6326K(6848K)] 9078K(9920K), 0.0030495 secs] [Times: user=0.00 sys=0.00, real=0.00 secs] 
97.114: [CMS-concurrent-mark-start]
97.114: [GC (Allocation Failure) 97.114: [ParNew (promotion failed): 2751K->3022K(3072K), 0.0185808 secs]97.132: [CMS97.136: [CMS-concurrent-mark: 0.004/0.022 secs] [Times: user=0.14 sys=0.00, real=0.02 secs] 
 (concurrent mode failure): 6328K->6326K(6848K), 0.0200907 secs] 9078K->9078K(9920K), [Metaspace: 3748K->3748K(1056768K)], 0.0387581 secs] [Times: user=0.16 sys=0.00, real=0.04 secs] 
97.153: [GC (Allocation Failure) 97.153: [ParNew (promotion failed): 2751K->2997K(3072K), 0.0172717 secs]97.171: [CMS: 6328K->6326K(6848K), 0.0171740 secs] 9078K->9078K(9920K), [Metaspace: 3748K->3748K(1056768K)], 0.0345019 secs] [Times: user=0.14 sys=0.01, real=0.03 secs] 
97.188: [GC (CMS Initial Mark) [1 CMS-initial-mark: 6326K(6848K)] 9078K(9920K), 0.0030769 secs] [Times: user=0.00 sys=0.00, real=0.01 secs] 
97.191: [CMS-concurrent-mark-start]
97.192: [GC (Allocation Failure) 97.192: [ParNew (promotion failed): 2751K->2997K(3072K), 0.0228079 secs]97.215: [CMS97.218: [CMS-concurrent-mark: 0.003/0.026 secs] [Times: user=0.18 sys=0.00, real=0.02 secs] 
 (concurrent mode failure): 6328K->6326K(6848K), 0.0195149 secs] 9078K->9078K(9920K), [Metaspace: 3748K->3748K(1056768K)], 0.0423816 secs] [Times: user=0.19 sys=0.00, real=0.04 secs] 
97.235: [GC (Allocation Failure) 97.235: [ParNew (promotion failed): 2751K->3022K(3072K), 0.0152932 secs]97.250: [CMS: 6328K->6326K(6848K), 0.0166345 secs] 9078K->9078K(9920K), [Metaspace: 3748K->3748K(1056768K)], 0.0319857 secs] [Times: user=0.14 sys=0.00, real=0.03 secs] 
97.267: [GC (CMS Initial Mark) [1 CMS-initial-mark: 6326K(6848K)] 9078K(9920K), 0.0030726 secs] [Times: user=0.00 sys=0.00, real=0.01 secs] 
97.270: [CMS-concurrent-mark-start]
97.270: [GC (Allocation Failure) 97.270: [ParNew (promotion failed): 2751K->2997K(3072K), 0.0221052 secs]97.292: [CMS97.296: [CMS-concurrent-mark: 0.003/0.026 secs] [Times: user=0.17 sys=0.00, real=0.02 secs] 
 (concurrent mode failure): 6328K->6326K(6848K), 0.0200235 secs] 9078K->9078K(9920K), [Metaspace: 3748K->3748K(1056768K)], 0.0421935 secs] [Times: user=0.19 sys=0.00, real=0.04 secs] 
97.313: [GC (Allocation Failure) 97.313: [ParNew (promotion failed): 2751K->3022K(3072K), 0.0146227 secs]97.327: [CMS: 6328K->6326K(6848K), 0.0165645 secs] 9078K->9078K(9920K), [Metaspace: 3748K->3748K(1056768K)], 0.0312528 secs] [Times: user=0.12 sys=0.00, real=0.03 secs] 
97.344: [GC (CMS Initial Mark) [1 CMS-initial-mark: 6326K(6848K)] 9078K(9920K), 0.0030539 secs] [Times: user=0.01 sys=0.00, real=0.00 secs] 
97.347: [CMS-concurrent-mark-start]
97.348: [GC (Allocation Failure) 97.348: [ParNew (promotion failed): 2751K->2997K(3072K), 0.0145193 secs]97.362: [CMS97.366: [CMS-concurrent-mark: 0.003/0.018 secs] [Times: user=0.11 sys=0.00, real=0.02 secs] 
 (concurrent mode failure): 6328K->6326K(6848K), 0.0200258 secs] 9078K->9078K(9920K), [Metaspace: 3748K->3748K(1056768K)], 0.0346085 secs] [Times: user=0.13 sys=0.00, real=0.04 secs] 
97.383: [GC (Allocation Failure) 97.383: [ParNew (promotion failed): 2751K->3022K(3072K), 0.0181101 secs]97.401: [CMS: 6328K->6326K(6848K), 0.0167211 secs] 9078K->9078K(9920K), [Metaspace: 3748K->3748K(1056768K)], 0.0348898 secs] [Times: user=0.15 sys=0.00, real=0.03 secs] 
97.418: [GC (CMS Initial Mark) [1 CMS-initial-mark: 6326K(6848K)] 9078K(9920K), 0.0030257 secs] [Times: user=0.00 sys=0.00, real=0.01 secs] 
97.421: [CMS-concurrent-mark-start]
97.421: [GC (Allocation Failure) 97.421: [ParNew (promotion failed): 2751K->3022K(3072K), 0.0229832 secs]97.444: [CMS97.448: [CMS-concurrent-mark: 0.003/0.027 secs] [Times: user=0.19 sys=0.00, real=0.02 secs] 
 (concurrent mode failure): 6328K->6326K(6848K), 0.0200953 secs] 9078K->9078K(9920K), [Metaspace: 3748K->3748K(1056768K)], 0.0431439 secs] [Times: user=0.20 sys=0.00, real=0.04 secs] 
97.465: [GC (Allocation Failure) 97.465: [ParNew (promotion failed): 2751K->2997K(3072K), 0.0148301 secs]97.480: [CMS: 6328K->6326K(6848K), 0.0165729 secs] 9078K->9078K(9920K), [Metaspace: 3748K->3748K(1056768K)], 0.0314589 secs] [Times: user=0.13 sys=0.00, real=0.03 secs] 
97.497: [GC (CMS Initial Mark) [1 CMS-initial-mark: 6326K(6848K)] 9078K(9920K), 0.0030576 secs] [Times: user=0.00 sys=0.00, real=0.01 secs] 
97.500: [CMS-concurrent-mark-start]
97.501: [GC (Allocation Failure) 97.501: [ParNew (promotion failed): 2751K->2997K(3072K), 0.0191395 secs]97.520: [CMS97.523: [CMS-concurrent-mark: 0.004/0.023 secs] [Times: user=0.14 sys=0.00, real=0.02 secs] 
 (concurrent mode failure): 6328K->6326K(6848K), 0.0200809 secs] 9078K->9078K(9920K), [Metaspace: 3748K->3748K(1056768K)], 0.0392816 secs] [Times: user=0.16 sys=0.01, real=0.04 secs] 
97.540: [GC (Allocation Failure) 97.540: [ParNew (promotion failed): 2751K->2997K(3072K), 0.0137185 secs]97.554: [CMS: 6328K->6326K(6848K), 0.0167141 secs] 9078K->9078K(9920K), [Metaspace: 3748K->3748K(1056768K)], 0.0304967 secs] [Times: user=0.11 sys=0.00, real=0.03 secs] 
97.571: [GC (CMS Initial Mark) [1 CMS-initial-mark: 6326K(6848K)] 9078K(9920K), 0.0030920 secs] [Times: user=0.00 sys=0.00, real=0.00 secs] 
97.574: [CMS-concurrent-mark-start]
97.574: [GC (Allocation Failure) 97.574: [ParNew (promotion failed): 2751K->2997K(3072K), 0.0148089 secs]97.589: [CMS97.592: [CMS-concurrent-mark: 0.003/0.018 secs] [Times: user=0.12 sys=0.00, real=0.02 secs] 
 (concurrent mode failure): 6328K->6326K(6848K), 0.0200700 secs] 9078K->9078K(9920K), [Metaspace: 3748K->3748K(1056768K)], 0.0349309 secs] [Times: user=0.13 sys=0.00, real=0.04 secs] 
97.610: [GC (Allocation Failure) 97.610: [ParNew (promotion failed): 2751K->3022K(3072K), 0.0221030 secs]97.632: [CMS: 6328K->6326K(6848K), 0.0166016 secs] 9078K->9078K(9920K), [Metaspace: 3748K->3748K(1056768K)], 0.0387618 secs] [Times: user=0.19 sys=0.00, real=0.03 secs] 
97.649: [GC (CMS Initial Mark) [1 CMS-initial-mark: 6326K(6848K)] 9078K(9920K), 0.0031019 secs] [Times: user=0.00 sys=0.00, real=0.01 secs] 
97.652: [CMS-concurrent-mark-start]
97.652: [GC (Allocation Failure) 97.652: [ParNew (promotion failed): 2751K->2997K(3072K), 0.0172978 secs]97.669: [CMS97.673: [CMS-concurrent-mark: 0.004/0.021 secs] [Times: user=0.14 sys=0.00, real=0.02 secs] 
 (concurrent mode failure): 6328K->6326K(6848K), 0.0202542 secs] 9078K->9078K(9920K), [Metaspace: 3748K->3748K(1056768K)], 0.0376102 secs] [Times: user=0.15 sys=0.00, real=0.04 secs] 
97.690: [GC (Allocation Failure) 97.690: [ParNew (promotion failed): 2751K->2972K(3072K), 0.0235015 secs]97.714: [CMS: 6328K->6326K(6848K), 0.0166321 secs] 9078K->9078K(9920K), [Metaspace: 3748K->3748K(1056768K)], 0.0402002 secs] [Times: user=0.20 sys=0.00, real=0.04 secs] 
97.731: [GC (CMS Initial Mark) [1 CMS-initial-mark: 6326K(6848K)] 9078K(9920K), 0.0031007 secs] [Times: user=0.00 sys=0.00, real=0.00 secs] 
97.734: [CMS-concurrent-mark-start]
97.735: [GC (Allocation Failure) 97.735: [ParNew (promotion failed): 2751K->2997K(3072K), 0.0186712 secs]97.753: [CMS97.756: [CMS-concurrent-mark: 0.003/0.022 secs] [Times: user=0.15 sys=0.00, real=0.02 secs] 
 (concurrent mode failure): 6328K->6326K(6848K), 0.0194844 secs] 9078K->9078K(9920K), [Metaspace: 3748K->3748K(1056768K)], 0.0382173 secs] [Times: user=0.16 sys=0.00, real=0.04 secs] 
97.773: [GC (Allocation Failure) 97.773: [ParNew (promotion failed): 2751K->2997K(3072K), 0.0228118 secs]97.796: [CMS: 6328K->6326K(6848K), 0.0168540 secs] 9078K->9078K(9920K), [Metaspace: 3748K->3748K(1056768K)], 0.0397207 secs] [Times: user=0.19 sys=0.00, real=0.04 secs] 
97.813: [GC (CMS Initial Mark) [1 CMS-initial-mark: 6326K(6848K)] 9078K(9920K), 0.0031240 secs] [Times: user=0.00 sys=0.00, real=0.00 secs] 
97.817: [CMS-concurrent-mark-start]
97.817: [GC (Allocation Failure) 97.817: [ParNew (promotion failed): 2751K->3022K(3072K), 0.0158850 secs]97.832: [CMS97.836: [CMS-concurrent-mark: 0.003/0.019 secs] [Times: user=0.13 sys=0.00, real=0.02 secs] 
 (concurrent mode failure): 6328K->6326K(6848K), 0.0200493 secs] 9078K->9078K(9920K), [Metaspace: 3748K->3748K(1056768K)], 0.0359874 secs] [Times: user=0.15 sys=0.00, real=0.04 secs] 
97.853: [GC (Allocation Failure) 97.853: [ParNew (promotion failed): 2751K->3022K(3072K), 0.0176300 secs]97.870: [CMS: 6328K->6326K(6848K), 0.0165530 secs] 9078K->9078K(9920K), [Metaspace: 3748K->3748K(1056768K)], 0.0342438 secs] [Times: user=0.14 sys=0.00, real=0.03 secs] 
97.887: [GC (CMS Initial Mark) [1 CMS-initial-mark: 6326K(6848K)] 9078K(9920K), 0.0030657 secs] [Times: user=0.01 sys=0.00, real=0.01 secs] 
97.891: [CMS-concurrent-mark-start]
97.891: [GC (Allocation Failure) 97.891: [ParNew (promotion failed): 2751K->3022K(3072K), 0.0170737 secs]97.908: [CMS97.911: [CMS-concurrent-mark: 0.004/0.021 secs] [Times: user=0.13 sys=0.00, real=0.02 secs] 
 (concurrent mode failure): 6328K->6326K(6848K), 0.0198920 secs] 9078K->9078K(9920K), [Metaspace: 3748K->3748K(1056768K)], 0.0370263 secs] [Times: user=0.15 sys=0.00, real=0.03 secs] 
97.928: [GC (Allocation Failure) 97.928: [ParNew (promotion failed): 2751K->3022K(3072K), 0.0177135 secs]97.946: [CMS: 6328K->6326K(6848K), 0.0168323 secs] 9078K->9078K(9920K), [Metaspace: 3748K->3748K(1056768K)], 0.0346044 secs] [Times: user=0.14 sys=0.01, real=0.04 secs] 
97.964: [GC (CMS Initial Mark) [1 CMS-initial-mark: 6326K(6848K)] 9078K(9920K), 0.0030625 secs] [Times: user=0.01 sys=0.00, real=0.00 secs] 
97.967: [CMS-concurrent-mark-start]
97.967: [GC (Allocation Failure) 97.967: [ParNew (promotion failed): 2751K->3022K(3072K), 0.0261026 secs]97.993: [CMS97.996: [CMS-concurrent-mark: 0.003/0.030 secs] [Times: user=0.20 sys=0.00, real=0.03 secs] 
 (concurrent mode failure): 6328K->6326K(6848K), 0.0199110 secs] 9078K->9078K(9920K), [Metaspace: 3748K->3748K(1056768K)], 0.0460701 secs] [Times: user=0.22 sys=0.00, real=0.05 secs] 
98.014: [GC (Allocation Failure) 98.014: [ParNew (promotion failed): 2751K->2997K(3072K), 0.0135178 secs]98.027: [CMS: 6328K->6326K(6848K), 0.0166779 secs] 9078K->9078K(9920K), [Metaspace: 3748K->3748K(1056768K)], 0.0302588 secs] [Times: user=0.11 sys=0.00, real=0.03 secs] 
98.044: [GC (CMS Initial Mark) [1 CMS-initial-mark: 6326K(6848K)] 9078K(9920K), 0.0030528 secs] [Times: user=0.00 sys=0.00, real=0.00 secs] 
98.047: [CMS-concurrent-mark-start]
98.048: [GC (Allocation Failure) 98.048: [ParNew (promotion failed): 2751K->2997K(3072K), 0.0176693 secs]98.065: [CMS98.069: [CMS-concurrent-mark: 0.004/0.021 secs] [Times: user=0.14 sys=0.00, real=0.02 secs] 
 (concurrent mode failure): 6328K->6326K(6848K), 0.0198180 secs] 9078K->9078K(9920K), [Metaspace: 3748K->3748K(1056768K)], 0.0375477 secs] [Times: user=0.16 sys=0.00, real=0.04 secs] 
98.085: [GC (Allocation Failure) 98.086: [ParNew (promotion failed): 2751K->3022K(3072K), 0.0200111 secs]98.106: [CMS: 6328K->6326K(6848K), 0.0164868 secs] 9078K->9078K(9920K), [Metaspace: 3748K->3748K(1056768K)], 0.0365480 secs] [Times: user=0.17 sys=0.00, real=0.04 secs] 
98.122: [GC (CMS Initial Mark) [1 CMS-initial-mark: 6326K(6848K)] 9078K(9920K), 0.0030416 secs] [Times: user=0.00 sys=0.00, real=0.00 secs] 
98.125: [CMS-concurrent-mark-start]
98.125: [GC (Allocation Failure) 98.125: [ParNew (promotion failed): 2751K->2997K(3072K), 0.0168622 secs]98.142: [CMS98.146: [CMS-concurrent-mark: 0.003/0.020 secs] [Times: user=0.13 sys=0.00, real=0.02 secs] 
 (concurrent mode failure): 6328K->6326K(6848K), 0.0199851 secs] 9078K->9078K(9920K), [Metaspace: 3748K->3748K(1056768K)], 0.0368980 secs] [Times: user=0.15 sys=0.00, real=0.04 secs] 
98.163: [GC (Allocation Failure) 98.163: [ParNew (promotion failed): 2751K->2997K(3072K), 0.0178004 secs]98.181: [CMS: 6328K->6326K(6848K), 0.0166030 secs] 9078K->9078K(9920K), [Metaspace: 3748K->3748K(1056768K)], 0.0344612 secs] [Times: user=0.15 sys=0.00, real=0.03 secs] 
98.198: [GC (CMS Initial Mark) [1 CMS-initial-mark: 6326K(6848K)] 9078K(9920K), 0.0030364 secs] [Times: user=0.00 sys=0.00, real=0.01 secs] 
98.201: [CMS-concurrent-mark-start]
98.201: [GC (Allocation Failure) 98.201: [ParNew (promotion failed): 2751K->3046K(3072K), 0.0155760 secs]98.216: [CMS98.220: [CMS-concurrent-mark: 0.004/0.019 secs] [Times: user=0.13 sys=0.00, real=0.02 secs] 
 (concurrent mode failure): 6328K->6326K(6848K), 0.0202031 secs] 9078K->9078K(9920K), [Metaspace: 3748K->3748K(1056768K)], 0.0358340 secs] [Times: user=0.14 sys=0.00, real=0.03 secs] 
98.237: [GC (Allocation Failure) 98.237: [ParNew (promotion failed): 2751K->2997K(3072K), 0.0176426 secs]98.255: [CMS: 6328K->6326K(6848K), 0.0166212 secs] 9078K->9078K(9920K), [Metaspace: 3748K->3748K(1056768K)], 0.0343291 secs] [Times: user=0.15 sys=0.00, real=0.04 secs] 
98.272: [GC (CMS Initial Mark) [1 CMS-initial-mark: 6326K(6848K)] 9078K(9920K), 0.0030670 secs] [Times: user=0.01 sys=0.00, real=0.00 secs] 
98.275: [CMS-concurrent-mark-start]
98.276: [GC (Allocation Failure) 98.276: [ParNew (promotion failed): 2751K->3046K(3072K), 0.0163121 secs]98.292: [CMS98.295: [CMS-concurrent-mark: 0.004/0.020 secs] [Times: user=0.12 sys=0.00, real=0.02 secs] 
 (concurrent mode failure): 6328K->6326K(6848K), 0.0195550 secs] 9078K->9078K(9920K), [Metaspace: 3748K->3748K(1056768K)], 0.0359260 secs] [Times: user=0.14 sys=0.00, real=0.04 secs] 
98.312: [GC (Allocation Failure) 98.312: [ParNew (promotion failed): 2751K->3022K(3072K), 0.0151673 secs]98.327: [CMS: 6328K->6326K(6848K), 0.0167746 secs] 9078K->9078K(9920K), [Metaspace: 3748K->3748K(1056768K)], 0.0319960 secs] [Times: user=0.13 sys=0.01, real=0.03 secs] 
98.344: [GC (CMS Initial Mark) [1 CMS-initial-mark: 6326K(6848K)] 9078K(9920K), 0.0030564 secs] [Times: user=0.00 sys=0.00, real=0.00 secs] 
98.348: [CMS-concurrent-mark-start]
98.348: [GC (Allocation Failure) 98.348: [ParNew (promotion failed): 2751K->3022K(3072K), 0.0153056 secs]98.363: [CMS98.366: [CMS-concurrent-mark: 0.003/0.019 secs] [Times: user=0.13 sys=0.00, real=0.02 secs] 
 (concurrent mode failure): 6328K->6326K(6848K), 0.0199975 secs] 9078K->9078K(9920K), [Metaspace: 3748K->3748K(1056768K)], 0.0353507 secs] [Times: user=0.14 sys=0.00, real=0.04 secs] 
98.383: [GC (Allocation Failure) 98.383: [ParNew (promotion failed): 2751K->3022K(3072K), 0.0150972 secs]98.398: [CMS: 6328K->6326K(6848K), 0.0165008 secs] 9078K->9078K(9920K), [Metaspace: 3748K->3748K(1056768K)], 0.0316553 secs] [Times: user=0.13 sys=0.00, real=0.03 secs] 
98.415: [GC (CMS Initial Mark) [1 CMS-initial-mark: 6326K(6848K)] 9078K(9920K), 0.0030437 secs] [Times: user=0.00 sys=0.00, real=0.00 secs] 
98.418: [CMS-concurrent-mark-start]
98.419: [GC (Allocation Failure) 98.419: [ParNew (promotion failed): 2751K->2997K(3072K), 0.0176668 secs]98.436: [CMS98.440: [CMS-concurrent-mark: 0.004/0.021 secs] [Times: user=0.14 sys=0.00, real=0.03 secs] 
 (concurrent mode failure): 6328K->6326K(6848K), 0.0199122 secs] 9078K->9078K(9920K), [Metaspace: 3748K->3748K(1056768K)], 0.0376367 secs] [Times: user=0.15 sys=0.00, real=0.04 secs] 
98.457: [GC (Allocation Failure) 98.457: [ParNew (promotion failed): 2751K->2997K(3072K), 0.0229061 secs]98.480: [CMS: 6328K->6326K(6848K), 0.0167613 secs] 9078K->9078K(9920K), [Metaspace: 3748K->3748K(1056768K)], 0.0397245 secs] [Times: user=0.19 sys=0.00, real=0.04 secs] 
98.497: [GC (CMS Initial Mark) [1 CMS-initial-mark: 6326K(6848K)] 9078K(9920K), 0.0030708 secs] [Times: user=0.01 sys=0.00, real=0.01 secs] 
98.500: [CMS-concurrent-mark-start]
98.500: [GC (Allocation Failure) 98.500: [ParNew (promotion failed): 2751K->3046K(3072K), 0.0109245 secs]98.511: [CMS98.515: [CMS-concurrent-mark: 0.004/0.015 secs] [Times: user=0.06 sys=0.00, real=0.01 secs] 
 (concurrent mode failure): 6328K->6326K(6848K), 0.0201455 secs] 9078K->9078K(9920K), [Metaspace: 3748K->3748K(1056768K)], 0.0311285 secs] [Times: user=0.08 sys=0.00, real=0.03 secs] 
98.532: [GC (Allocation Failure) 98.532: [ParNew (promotion failed): 2751K->2997K(3072K), 0.0155962 secs]98.548: [CMS: 6328K->6326K(6848K), 0.0166651 secs] 9078K->9078K(9920K), [Metaspace: 3748K->3748K(1056768K)], 0.0323235 secs] [Times: user=0.14 sys=0.00, real=0.03 secs] 
98.565: [GC (CMS Initial Mark) [1 CMS-initial-mark: 6326K(6848K)] 9078K(9920K), 0.0030448 secs] [Times: user=0.00 sys=0.00, real=0.00 secs] 
98.568: [CMS-concurrent-mark-start]
98.568: [GC (Allocation Failure) 98.568: [ParNew (promotion failed): 2751K->3022K(3072K), 0.0165372 secs]98.585: [CMS98.588: [CMS-concurrent-mark: 0.004/0.020 secs] [Times: user=0.13 sys=0.00, real=0.02 secs] 
 (concurrent mode failure): 6328K->6326K(6848K), 0.0198565 secs] 9078K->9078K(9920K), [Metaspace: 3748K->3748K(1056768K)], 0.0364535 secs] [Times: user=0.15 sys=0.00, real=0.04 secs] 
98.605: [GC (Allocation Failure) 98.605: [ParNew (promotion failed): 2751K->3022K(3072K), 0.0235579 secs]98.629: [CMS: 6328K->6326K(6848K), 0.0165357 secs] 9078K->9078K(9920K), [Metaspace: 3748K->3748K(1056768K)], 0.0401538 secs] [Times: user=0.19 sys=0.00, real=0.04 secs] 
98.646: [GC (CMS Initial Mark) [1 CMS-initial-mark: 6326K(6848K)] 9078K(9920K), 0.0030315 secs] [Times: user=0.01 sys=0.00, real=0.00 secs] 
98.649: [CMS-concurrent-mark-start]
98.649: [GC (Allocation Failure) 98.649: [ParNew (promotion failed): 2751K->2997K(3072K), 0.0228891 secs]98.672: [CMS98.675: [CMS-concurrent-mark: 0.003/0.026 secs] [Times: user=0.18 sys=0.00, real=0.03 secs] 
 (concurrent mode failure): 6328K->6326K(6848K), 0.0199437 secs] 9078K->9078K(9920K), [Metaspace: 3748K->3748K(1056768K)], 0.0428890 secs] [Times: user=0.19 sys=0.00, real=0.05 secs] 
98.692: [GC (Allocation Failure) 98.692: [ParNew (promotion failed): 2751K->3022K(3072K), 0.0231257 secs]98.715: [CMS: 6328K->6326K(6848K), 0.0166305 secs] 9078K->9078K(9920K), [Metaspace: 3748K->3748K(1056768K)], 0.0398149 secs] [Times: user=0.20 sys=0.01, real=0.04 secs] 
98.732: [GC (CMS Initial Mark) [1 CMS-initial-mark: 6326K(6848K)] 9078K(9920K), 0.0030798 secs] [Times: user=0.00 sys=0.00, real=0.00 secs] 
98.735: [CMS-concurrent-mark-start]
98.735: [GC (Allocation Failure) 98.735: [ParNew (promotion failed): 2751K->3022K(3072K), 0.0147660 secs]98.750: [CMS98.754: [CMS-concurrent-mark: 0.004/0.018 secs] [Times: user=0.11 sys=0.00, real=0.02 secs] 
 (concurrent mode failure): 6328K->6326K(6848K), 0.0200625 secs] 9078K->9078K(9920K), [Metaspace: 3748K->3748K(1056768K)], 0.0348970 secs] [Times: user=0.13 sys=0.00, real=0.04 secs] 
98.771: [GC (Allocation Failure) 98.771: [ParNew (promotion failed): 2751K->3022K(3072K), 0.0218590 secs]98.793: [CMS: 6328K->6326K(6848K), 0.0166680 secs] 9078K->9078K(9920K), [Metaspace: 3748K->3748K(1056768K)], 0.0385930 secs] [Times: user=0.18 sys=0.00, real=0.04 secs] 
98.810: [GC (CMS Initial Mark) [1 CMS-initial-mark: 6326K(6848K)] 9078K(9920K), 0.0030414 secs] [Times: user=0.01 sys=0.00, real=0.00 secs] 
98.813: [CMS-concurrent-mark-start]
98.814: [GC (Allocation Failure) 98.814: [ParNew (promotion failed): 2751K->2997K(3072K), 0.0166418 secs]98.830: [CMS98.833: [CMS-concurrent-mark: 0.004/0.020 secs] [Times: user=0.13 sys=0.00, real=0.02 secs] 
 (concurrent mode failure): 6328K->6326K(6848K), 0.0195709 secs] 9078K->9078K(9920K), [Metaspace: 3748K->3748K(1056768K)], 0.0362624 secs] [Times: user=0.15 sys=0.00, real=0.04 secs] 
98.851: [GC (Allocation Failure) 98.851: [ParNew (promotion failed): 2751K->2997K(3072K), 0.0144517 secs]98.865: [CMS: 6328K->6326K(6848K), 0.0165715 secs] 9078K->9078K(9920K), [Metaspace: 3748K->3748K(1056768K)], 0.0310800 secs] [Times: user=0.12 sys=0.00, real=0.03 secs] 
98.882: [GC (CMS Initial Mark) [1 CMS-initial-mark: 6326K(6848K)] 9078K(9920K), 0.0030593 secs] [Times: user=0.00 sys=0.00, real=0.00 secs] 
98.885: [CMS-concurrent-mark-start]
98.885: [GC (Allocation Failure) 98.885: [ParNew (promotion failed): 2751K->2997K(3072K), 0.0185256 secs]98.904: [CMS98.907: [CMS-concurrent-mark: 0.003/0.022 secs] [Times: user=0.15 sys=0.00, real=0.02 secs] 
 (concurrent mode failure): 6328K->6326K(6848K), 0.0199556 secs] 9078K->9078K(9920K), [Metaspace: 3748K->3748K(1056768K)], 0.0385365 secs] [Times: user=0.17 sys=0.00, real=0.04 secs] 
98.924: [GC (Allocation Failure) 98.924: [ParNew (promotion failed): 2751K->2997K(3072K), 0.0178939 secs]98.942: [CMS: 6328K->6326K(6848K), 0.0163792 secs] 9078K->9078K(9920K), [Metaspace: 3748K->3748K(1056768K)], 0.0343269 secs] [Times: user=0.14 sys=0.00, real=0.03 secs] 
98.959: [GC (CMS Initial Mark) [1 CMS-initial-mark: 6326K(6848K)] 9078K(9920K), 0.0030387 secs] [Times: user=0.01 sys=0.00, real=0.01 secs] 
98.962: [CMS-concurrent-mark-start]
98.962: [GC (Allocation Failure) 98.962: [ParNew (promotion failed): 2751K->2997K(3072K), 0.0220746 secs]98.984: [CMS98.987: [CMS-concurrent-mark: 0.004/0.026 secs] [Times: user=0.17 sys=0.00, real=0.02 secs] 
 (concurrent mode failure): 6328K->6326K(6848K), 0.0199130 secs] 9078K->9078K(9920K), [Metaspace: 3748K->3748K(1056768K)], 0.0420370 secs] [Times: user=0.19 sys=0.00, real=0.04 secs] 
99.004: [GC (Allocation Failure) 99.004: [ParNew (promotion failed): 2751K->3022K(3072K), 0.0149842 secs]99.019: [CMS: 6328K->6326K(6848K), 0.0168153 secs] 9078K->9078K(9920K), [Metaspace: 3748K->3748K(1056768K)], 0.0318549 secs] [Times: user=0.13 sys=0.00, real=0.03 secs] 
99.037: [GC (CMS Initial Mark) [1 CMS-initial-mark: 6326K(6848K)] 9078K(9920K), 0.0030673 secs] [Times: user=0.00 sys=0.00, real=0.01 secs] 
99.040: [CMS-concurrent-mark-start]
99.040: [GC (Allocation Failure) 99.040: [ParNew (promotion failed): 2751K->3022K(3072K), 0.0134426 secs]99.054: [CMS99.057: [CMS-concurrent-mark: 0.004/0.017 secs] [Times: user=0.10 sys=0.00, real=0.01 secs] 
 (concurrent mode failure): 6328K->6326K(6848K), 0.0200752 secs] 9078K->9078K(9920K), [Metaspace: 3748K->3748K(1056768K)], 0.0335806 secs] [Times: user=0.12 sys=0.00, real=0.03 secs] 
99.075: [GC (Allocation Failure) 99.075: [ParNew (promotion failed): 2751K->3022K(3072K), 0.0151418 secs]99.090: [CMS: 6328K->6326K(6848K), 0.0166595 secs] 9078K->9078K(9920K), [Metaspace: 3748K->3748K(1056768K)], 0.0318642 secs] [Times: user=0.13 sys=0.01, real=0.03 secs] 
99.107: [GC (CMS Initial Mark) [1 CMS-initial-mark: 6326K(6848K)] 9078K(9920K), 0.0030751 secs] [Times: user=0.00 sys=0.00, real=0.01 secs] 
99.110: [CMS-concurrent-mark-start]
99.110: [GC (Allocation Failure) 99.110: [ParNew (promotion failed): 2751K->3022K(3072K), 0.0147445 secs]99.125: [CMS99.128: [CMS-concurrent-mark: 0.004/0.018 secs] [Times: user=0.12 sys=0.00, real=0.01 secs] 
 (concurrent mode failure): 6328K->6326K(6848K), 0.0197227 secs] 9078K->9078K(9920K), [Metaspace: 3748K->3748K(1056768K)], 0.0345243 secs] [Times: user=0.14 sys=0.00, real=0.03 secs] 
99.145: [GC (Allocation Failure) 99.145: [ParNew (promotion failed): 2751K->3022K(3072K), 0.0156514 secs]99.161: [CMS: 6328K->6326K(6848K), 0.0164565 secs] 9078K->9078K(9920K), [Metaspace: 3748K->3748K(1056768K)], 0.0321616 secs] [Times: user=0.13 sys=0.00, real=0.03 secs] 
99.178: [GC (CMS Initial Mark) [1 CMS-initial-mark: 6326K(6848K)] 9078K(9920K), 0.0030351 secs] [Times: user=0.00 sys=0.00, real=0.01 secs] 
99.181: [CMS-concurrent-mark-start]
99.181: [GC (Allocation Failure) 99.181: [ParNew (promotion failed): 2751K->3022K(3072K), 0.0146035 secs]99.195: [CMS99.199: [CMS-concurrent-mark: 0.003/0.018 secs] [Times: user=0.12 sys=0.00, real=0.02 secs] 
 (concurrent mode failure): 6328K->6326K(6848K), 0.0200216 secs] 9078K->9078K(9920K), [Metaspace: 3748K->3748K(1056768K)], 0.0346765 secs] [Times: user=0.13 sys=0.00, real=0.03 secs] 
99.216: [GC (Allocation Failure) 99.216: [ParNew (promotion failed): 2751K->2997K(3072K), 0.0155560 secs]99.231: [CMS: 6328K->6326K(6848K), 0.0165952 secs] 9078K->9078K(9920K), [Metaspace: 3748K->3748K(1056768K)], 0.0322146 secs] [Times: user=0.14 sys=0.00, real=0.03 secs] 
99.248: [GC (CMS Initial Mark) [1 CMS-initial-mark: 6326K(6848K)] 9078K(9920K), 0.0030437 secs] [Times: user=0.00 sys=0.00, real=0.01 secs] 
99.251: [CMS-concurrent-mark-start]
99.251: [GC (Allocation Failure) 99.251: [ParNew (promotion failed): 2751K->2997K(3072K), 0.0178983 secs]99.269: [CMS99.273: [CMS-concurrent-mark: 0.003/0.021 secs] [Times: user=0.14 sys=0.00, real=0.02 secs] 
 (concurrent mode failure): 6328K->6326K(6848K), 0.0200537 secs] 9078K->9078K(9920K), [Metaspace: 3748K->3748K(1056768K)], 0.0380120 secs] [Times: user=0.16 sys=0.00, real=0.04 secs] 
99.290: [GC (Allocation Failure) 99.290: [ParNew (promotion failed): 2751K->2997K(3072K), 0.0175765 secs]99.308: [CMS: 6328K->6326K(6848K), 0.0166390 secs] 9078K->9078K(9920K), [Metaspace: 3748K->3748K(1056768K)], 0.0342787 secs] [Times: user=0.15 sys=0.00, real=0.03 secs] 
99.325: [GC (CMS Initial Mark) [1 CMS-initial-mark: 6326K(6848K)] 9078K(9920K), 0.0030870 secs] [Times: user=0.00 sys=0.00, real=0.00 secs] 
99.328: [CMS-concurrent-mark-start]
99.329: [GC (Allocation Failure) 99.329: [ParNew (promotion failed): 2751K->2997K(3072K), 0.0179252 secs]99.347: [CMS99.350: [CMS-concurrent-mark: 0.004/0.022 secs] [Times: user=0.14 sys=0.00, real=0.03 secs] 
 (concurrent mode failure): 6328K->6326K(6848K), 0.0196379 secs] 9078K->9078K(9920K), [Metaspace: 3748K->3748K(1056768K)], 0.0376130 secs] [Times: user=0.16 sys=0.00, real=0.04 secs] 
99.367: [GC (Allocation Failure) 99.367: [ParNew (promotion failed): 2751K->3046K(3072K), 0.0192923 secs]99.386: [CMS: 6328K->6326K(6848K), 0.0165800 secs] 9078K->9078K(9920K), [Metaspace: 3748K->3748K(1056768K)], 0.0359253 secs] [Times: user=0.15 sys=0.00, real=0.04 secs] 
99.403: [GC (CMS Initial Mark) [1 CMS-initial-mark: 6326K(6848K)] 9078K(9920K), 0.0030371 secs] [Times: user=0.00 sys=0.00, real=0.00 secs] 
99.406: [CMS-concurrent-mark-start]
99.406: [GC (Allocation Failure) 99.406: [ParNew (promotion failed): 2751K->2997K(3072K), 0.0196952 secs]99.426: [CMS99.429: [CMS-concurrent-mark: 0.003/0.023 secs] [Times: user=0.15 sys=0.00, real=0.03 secs] 
 (concurrent mode failure): 6328K->6326K(6848K), 0.0199447 secs] 9078K->9078K(9920K), [Metaspace: 3748K->3748K(1056768K)], 0.0396833 secs] [Times: user=0.16 sys=0.00, real=0.04 secs] 
99.446: [GC (Allocation Failure) 99.446: [ParNew (promotion failed): 2751K->3022K(3072K), 0.0235931 secs]99.470: [CMS: 6328K->6326K(6848K), 0.0164155 secs] 9078K->9078K(9920K), [Metaspace: 3748K->3748K(1056768K)], 0.0400582 secs] [Times: user=0.19 sys=0.01, real=0.04 secs] 
99.486: [GC (CMS Initial Mark) [1 CMS-initial-mark: 6326K(6848K)] 9078K(9920K), 0.0030520 secs] [Times: user=0.00 sys=0.00, real=0.01 secs] 
99.490: [CMS-concurrent-mark-start]
99.490: [GC (Allocation Failure) 99.490: [ParNew (promotion failed): 2751K->2997K(3072K), 0.0124540 secs]99.502: [CMS99.506: [CMS-concurrent-mark: 0.003/0.016 secs] [Times: user=0.09 sys=0.00, real=0.01 secs] 
 (concurrent mode failure): 6328K->6326K(6848K), 0.0201683 secs] 9078K->9078K(9920K), [Metaspace: 3748K->3748K(1056768K)], 0.0326748 secs] [Times: user=0.10 sys=0.00, real=0.03 secs] 
99.523: [GC (Allocation Failure) 99.523: [ParNew (promotion failed): 2751K->2997K(3072K), 0.0215754 secs]99.545: [CMS: 6328K->6326K(6848K), 0.0168700 secs] 9078K->9078K(9920K), [Metaspace: 3748K->3748K(1056768K)], 0.0385196 secs] [Times: user=0.17 sys=0.00, real=0.04 secs] 
99.562: [GC (CMS Initial Mark) [1 CMS-initial-mark: 6326K(6848K)] 9078K(9920K), 0.0030460 secs] [Times: user=0.00 sys=0.00, real=0.00 secs] 
99.565: [CMS-concurrent-mark-start]
99.565: [GC (Allocation Failure) 99.565: [ParNew (promotion failed): 2751K->2997K(3072K), 0.0164570 secs]99.582: [CMS99.585: [CMS-concurrent-mark: 0.004/0.020 secs] [Times: user=0.13 sys=0.00, real=0.02 secs] 
 (concurrent mode failure): 6328K->6326K(6848K), 0.0200367 secs] 9078K->9078K(9920K), [Metaspace: 3748K->3748K(1056768K)], 0.0365549 secs] [Times: user=0.14 sys=0.00, real=0.04 secs] 
99.603: [GC (Allocation Failure) 99.603: [ParNew (promotion failed): 2751K->3022K(3072K), 0.0170397 secs]99.620: [CMS: 6328K->6326K(6848K), 0.0166679 secs] 9078K->9078K(9920K), [Metaspace: 3748K->3748K(1056768K)], 0.0337566 secs] [Times: user=0.14 sys=0.00, real=0.03 secs] 
99.637: [GC (CMS Initial Mark) [1 CMS-initial-mark: 6326K(6848K)] 9078K(9920K), 0.0030224 secs] [Times: user=0.00 sys=0.00, real=0.01 secs] 
99.640: [CMS-concurrent-mark-start]
99.640: [GC (Allocation Failure) 99.640: [ParNew (promotion failed): 2751K->2997K(3072K), 0.0233303 secs]99.664: [CMS99.667: [CMS-concurrent-mark: 0.004/0.027 secs] [Times: user=0.18 sys=0.00, real=0.02 secs] 
 (concurrent mode failure): 6328K->6326K(6848K), 0.0196835 secs] 9078K->9078K(9920K), [Metaspace: 3748K->3748K(1056768K)], 0.0430667 secs] [Times: user=0.20 sys=0.00, real=0.04 secs] 
99.684: [GC (Allocation Failure) 99.684: [ParNew (promotion failed): 2751K->3022K(3072K), 0.0277001 secs]99.711: [CMS: 6328K->6326K(6848K), 0.0165494 secs] 9078K->9078K(9920K), [Metaspace: 3748K->3748K(1056768K)], 0.0443076 secs] [Times: user=0.23 sys=0.00, real=0.04 secs] 
99.728: [GC (CMS Initial Mark) [1 CMS-initial-mark: 6326K(6848K)] 9078K(9920K), 0.0030591 secs] [Times: user=0.00 sys=0.00, real=0.01 secs] 
99.731: [CMS-concurrent-mark-start]
99.731: [GC (Allocation Failure) 99.731: [ParNew (promotion failed): 2751K->2997K(3072K), 0.0224869 secs]99.754: [CMS99.757: [CMS-concurrent-mark: 0.003/0.026 secs] [Times: user=0.18 sys=0.00, real=0.02 secs] 
 (concurrent mode failure): 6328K->6326K(6848K), 0.0200886 secs] 9078K->9078K(9920K), [Metaspace: 3748K->3748K(1056768K)], 0.0426279 secs] [Times: user=0.20 sys=0.00, real=0.04 secs] 
99.775: [GC (Allocation Failure) 99.775: [ParNew (promotion failed): 2751K->3022K(3072K), 0.0158313 secs]99.790: [CMS: 6328K->6326K(6848K), 0.0167302 secs] 9078K->9078K(9920K), [Metaspace: 3748K->3748K(1056768K)], 0.0326251 secs] [Times: user=0.10 sys=0.00, real=0.03 secs] 
99.808: [GC (CMS Initial Mark) [1 CMS-initial-mark: 6326K(6848K)] 9078K(9920K), 0.0031310 secs] [Times: user=0.01 sys=0.00, real=0.01 secs] 
99.811: [CMS-concurrent-mark-start]
99.811: [GC (Allocation Failure) 99.811: [ParNew (promotion failed): 2751K->3022K(3072K), 0.0155590 secs]99.826: [CMS99.830: [CMS-concurrent-mark: 0.004/0.019 secs] [Times: user=0.12 sys=0.01, real=0.02 secs] 
 (concurrent mode failure): 6328K->6326K(6848K), 0.0202998 secs] 9078K->9078K(9920K), [Metaspace: 3748K->3748K(1056768K)], 0.0359218 secs] [Times: user=0.13 sys=0.01, real=0.03 secs] 
99.848: [GC (Allocation Failure) 99.848: [ParNew (promotion failed): 2751K->3022K(3072K), 0.0162195 secs]99.864: [CMS: 6328K->6326K(6848K), 0.0166790 secs] 9078K->9078K(9920K), [Metaspace: 3748K->3748K(1056768K)], 0.0329580 secs] [Times: user=0.13 sys=0.00, real=0.04 secs] 
99.881: [GC (CMS Initial Mark) [1 CMS-initial-mark: 6326K(6848K)] 9078K(9920K), 0.0031040 secs] [Times: user=0.01 sys=0.00, real=0.00 secs] 
99.884: [CMS-concurrent-mark-start]
99.885: [GC (Allocation Failure) 99.885: [ParNew (promotion failed): 2751K->3022K(3072K), 0.0162523 secs]99.901: [CMS99.904: [CMS-concurrent-mark: 0.004/0.020 secs] [Times: user=0.12 sys=0.00, real=0.02 secs] 
 (concurrent mode failure): 6328K->6326K(6848K), 0.0196800 secs] 9078K->9078K(9920K), [Metaspace: 3748K->3748K(1056768K)], 0.0359787 secs] [Times: user=0.14 sys=0.00, real=0.04 secs] 
99.921: [GC (Allocation Failure) 99.921: [ParNew (promotion failed): 2751K->3022K(3072K), 0.0167125 secs]99.938: [CMS: 6328K->6326K(6848K), 0.0166235 secs] 9078K->9078K(9920K), [Metaspace: 3748K->3748K(1056768K)], 0.0333968 secs] [Times: user=0.14 sys=0.00, real=0.03 secs] 
99.955: [GC (CMS Initial Mark) [1 CMS-initial-mark: 6326K(6848K)] 9078K(9920K), 0.0030598 secs] [Times: user=0.01 sys=0.00, real=0.00 secs] 
99.958: [CMS-concurrent-mark-start]
99.958: [GC (Allocation Failure) 99.958: [ParNew (promotion failed): 2751K->2997K(3072K), 0.0176317 secs]99.976: [CMS99.979: [CMS-concurrent-mark: 0.003/0.021 secs] [Times: user=0.13 sys=0.00, real=0.03 secs] 
 (concurrent mode failure): 6328K->6326K(6848K), 0.0199550 secs] 9078K->9078K(9920K), [Metaspace: 3748K->3748K(1056768K)], 0.0376410 secs] [Times: user=0.15 sys=0.00, real=0.04 secs] 
99.996: [GC (Allocation Failure) 99.996: [ParNew (promotion failed): 2751K->3022K(3072K), 0.0150819 secs]100.011: [CMS: 6328K->6326K(6848K), 0.0165451 secs] 9078K->9078K(9920K), [Metaspace: 3748K->3748K(1056768K)], 0.0316855 secs] [Times: user=0.13 sys=0.00, real=0.03 secs] 
100.028: [GC (CMS Initial Mark) [1 CMS-initial-mark: 6326K(6848K)] 9078K(9920K), 0.0031583 secs] [Times: user=0.00 sys=0.00, real=0.01 secs] 
100.031: [CMS-concurrent-mark-start]
100.031: [GC (Allocation Failure) 100.031: [ParNew (promotion failed): 2751K->3022K(3072K), 0.0150263 secs]100.046: [CMS100.050: [CMS-concurrent-mark: 0.004/0.019 secs] [Times: user=0.11 sys=0.00, real=0.02 secs] 
 (concurrent mode failure): 6328K->6326K(6848K), 0.0200258 secs] 9078K->9078K(9920K), [Metaspace: 3748K->3748K(1056768K)], 0.0351131 secs] [Times: user=0.13 sys=0.00, real=0.03 secs] 
100.067: [GC (Allocation Failure) 100.067: [ParNew (promotion failed): 2751K->3046K(3072K), 0.0142092 secs]100.081: [CMS: 6328K->6326K(6848K), 0.0170419 secs] 9078K->9078K(9920K), [Metaspace: 3748K->3748K(1056768K)], 0.0313115 secs] [Times: user=0.12 sys=0.00, real=0.03 secs] 
100.099: [GC (CMS Initial Mark) [1 CMS-initial-mark: 6326K(6848K)] 9078K(9920K), 0.0030847 secs] [Times: user=0.01 sys=0.00, real=0.00 secs] 
100.102: [CMS-concurrent-mark-start]
100.102: [GC (Allocation Failure) 100.102: [ParNew (promotion failed): 2751K->2997K(3072K), 0.0188224 secs]100.121: [CMS100.124: [CMS-concurrent-mark: 0.004/0.022 secs] [Times: user=0.14 sys=0.00, real=0.02 secs] 
 (concurrent mode failure): 6328K->6326K(6848K), 0.0201999 secs] 9078K->9078K(9920K), [Metaspace: 3748K->3748K(1056768K)], 0.0390715 secs] [Times: user=0.16 sys=0.00, real=0.04 secs] 
100.142: [GC (Allocation Failure) 100.142: [ParNew (promotion failed): 2751K->2997K(3072K), 0.0177002 secs]100.160: [CMS: 6328K->6326K(6848K), 0.0166681 secs] 9078K->9078K(9920K), [Metaspace: 3748K->3748K(1056768K)], 0.0344321 secs] [Times: user=0.15 sys=0.00, real=0.03 secs] 
100.177: [GC (CMS Initial Mark) [1 CMS-initial-mark: 6326K(6848K)] 9078K(9920K), 0.0030716 secs] [Times: user=0.00 sys=0.00, real=0.01 secs] 
100.180: [CMS-concurrent-mark-start]
100.180: [GC (Allocation Failure) 100.180: [ParNew (promotion failed): 2751K->2997K(3072K), 0.0167470 secs]100.197: [CMS100.200: [CMS-concurrent-mark: 0.004/0.020 secs] [Times: user=0.14 sys=0.01, real=0.02 secs] 
 (concurrent mode failure): 6328K->6326K(6848K), 0.0199170 secs] 9078K->9078K(9920K), [Metaspace: 3748K->3748K(1056768K)], 0.0367101 secs] [Times: user=0.15 sys=0.01, real=0.03 secs] 
100.217: [GC (Allocation Failure) 100.217: [ParNew (promotion failed): 2751K->3022K(3072K), 0.0233382 secs]100.241: [CMS: 6328K->6326K(6848K), 0.0166521 secs] 9078K->9078K(9920K), [Metaspace: 3748K->3748K(1056768K)], 0.0400438 secs] [Times: user=0.20 sys=0.00, real=0.04 secs] 
100.257: [GC (CMS Initial Mark) [1 CMS-initial-mark: 6326K(6848K)] 9078K(9920K), 0.0030754 secs] [Times: user=0.00 sys=0.00, real=0.01 secs] 
100.261: [CMS-concurrent-mark-start]
100.261: [GC (Allocation Failure) 100.261: [ParNew (promotion failed): 2751K->2997K(3072K), 0.0220925 secs]100.283: [CMS100.286: [CMS-concurrent-mark: 0.003/0.026 secs] [Times: user=0.17 sys=0.00, real=0.02 secs] 
 (concurrent mode failure): 6328K->6326K(6848K), 0.0198951 secs] 9078K->9078K(9920K), [Metaspace: 3748K->3748K(1056768K)], 0.0420400 secs] [Times: user=0.19 sys=0.00, real=0.04 secs] 
100.303: [GC (Allocation Failure) 100.303: [ParNew (promotion failed): 2751K->3022K(3072K), 0.0147145 secs]100.318: [CMS: 6328K->6326K(6848K), 0.0166337 secs] 9078K->9078K(9920K), [Metaspace: 3748K->3748K(1056768K)], 0.0314092 secs] [Times: user=0.12 sys=0.00, real=0.03 secs] 
100.335: [GC (CMS Initial Mark) [1 CMS-initial-mark: 6326K(6848K)] 9078K(9920K), 0.0030429 secs] [Times: user=0.01 sys=0.00, real=0.00 secs] 
100.338: [CMS-concurrent-mark-start]
100.338: [GC (Allocation Failure) 100.338: [ParNew (promotion failed): 2751K->3022K(3072K), 0.0160861 secs]100.354: [CMS100.358: [CMS-concurrent-mark: 0.004/0.020 secs] [Times: user=0.12 sys=0.00, real=0.02 secs] 
 (concurrent mode failure): 6328K->6326K(6848K), 0.0200819 secs] 9078K->9078K(9920K), [Metaspace: 3748K->3748K(1056768K)], 0.0362285 secs] [Times: user=0.14 sys=0.00, real=0.04 secs] 
100.375: [GC (Allocation Failure) 100.375: [ParNew (promotion failed): 2751K->2997K(3072K), 0.0147802 secs]100.390: [CMS: 6328K->6326K(6848K), 0.0165463 secs] 9078K->9078K(9920K), [Metaspace: 3748K->3748K(1056768K)], 0.0313821 secs] [Times: user=0.12 sys=0.00, real=0.03 secs] 
100.407: [GC (CMS Initial Mark) [1 CMS-initial-mark: 6326K(6848K)] 9078K(9920K), 0.0030606 secs] [Times: user=0.01 sys=0.00, real=0.01 secs] 
100.410: [CMS-concurrent-mark-start]
100.411: [GC (Allocation Failure) 100.411: [ParNew (promotion failed): 2751K->2997K(3072K), 0.0180633 secs]100.429: [CMS100.432: [CMS-concurrent-mark: 0.004/0.022 secs] [Times: user=0.14 sys=0.00, real=0.02 secs] 
 (concurrent mode failure): 6328K->6326K(6848K), 0.0194384 secs] 9078K->9078K(9920K), [Metaspace: 3748K->3748K(1056768K)], 0.0375491 secs] [Times: user=0.15 sys=0.00, real=0.03 secs] 
100.449: [GC (Allocation Failure) 100.449: [ParNew (promotion failed): 2751K->2997K(3072K), 0.0222562 secs]100.471: [CMS: 6328K->6326K(6848K), 0.0166705 secs] 9078K->9078K(9920K), [Metaspace: 3748K->3748K(1056768K)], 0.0389908 secs] [Times: user=0.19 sys=0.00, real=0.04 secs] 
100.488: [GC (CMS Initial Mark) [1 CMS-initial-mark: 6326K(6848K)] 9078K(9920K), 0.0030652 secs] [Times: user=0.00 sys=0.00, real=0.01 secs] 
100.491: [CMS-concurrent-mark-start]
100.491: [GC (Allocation Failure) 100.491: [ParNew (promotion failed): 2751K->2997K(3072K), 0.0117938 secs]100.503: [CMS100.506: [CMS-concurrent-mark: 0.004/0.015 secs] [Times: user=0.08 sys=0.00, real=0.01 secs] 
 (concurrent mode failure): 6328K->6326K(6848K), 0.0201877 secs] 9078K->9078K(9920K), [Metaspace: 3748K->3748K(1056768K)], 0.0320341 secs] [Times: user=0.10 sys=0.00, real=0.03 secs] 
100.523: [GC (Allocation Failure) 100.523: [ParNew (promotion failed): 2751K->3046K(3072K), 0.0169335 secs]100.540: [CMS: 6328K->6326K(6848K), 0.0165248 secs] 9078K->9078K(9920K), [Metaspace: 3748K->3748K(1056768K)], 0.0335060 secs] [Times: user=0.14 sys=0.00, real=0.03 secs] 
100.557: [GC (CMS Initial Mark) [1 CMS-initial-mark: 6326K(6848K)] 9078K(9920K), 0.0030850 secs] [Times: user=0.00 sys=0.00, real=0.01 secs] 
100.560: [CMS-concurrent-mark-start]
100.560: [GC (Allocation Failure) 100.560: [ParNew (promotion failed): 2751K->3022K(3072K), 0.0182597 secs]100.579: [CMS100.582: [CMS-concurrent-mark: 0.004/0.022 secs] [Times: user=0.15 sys=0.01, real=0.02 secs] 
 (concurrent mode failure): 6328K->6326K(6848K), 0.0199877 secs] 9078K->9078K(9920K), [Metaspace: 3748K->3748K(1056768K)], 0.0382943 secs] [Times: user=0.15 sys=0.01, real=0.04 secs] 
100.599: [GC (Allocation Failure) 100.599: [ParNew (promotion failed): 2751K->2997K(3072K), 0.0148840 secs]100.614: [CMS: 6328K->6326K(6848K), 0.0167815 secs] 9078K->9078K(9920K), [Metaspace: 3748K->3748K(1056768K)], 0.0317352 secs] [Times: user=0.13 sys=0.00, real=0.03 secs] 
100.632: [GC (CMS Initial Mark) [1 CMS-initial-mark: 6326K(6848K)] 9078K(9920K), 0.0030770 secs] [Times: user=0.01 sys=0.00, real=0.00 secs] 
100.635: [CMS-concurrent-mark-start]
100.635: [GC (Allocation Failure) 100.635: [ParNew (promotion failed): 2751K->3022K(3072K), 0.0188598 secs]100.654: [CMS100.657: [CMS-concurrent-mark: 0.003/0.022 secs] [Times: user=0.14 sys=0.00, real=0.02 secs] 
 (concurrent mode failure): 6328K->6326K(6848K), 0.0200036 secs] 9078K->9078K(9920K), [Metaspace: 3748K->3748K(1056768K)], 0.0389275 secs] [Times: user=0.16 sys=0.00, real=0.04 secs] 
100.675: [GC (Allocation Failure) 100.675: [ParNew (promotion failed): 2751K->3022K(3072K), 0.0217846 secs]100.696: [CMS: 6328K->6326K(6848K), 0.0165765 secs] 9078K->9078K(9920K), [Metaspace: 3748K->3748K(1056768K)], 0.0384157 secs] [Times: user=0.18 sys=0.00, real=0.04 secs] 
100.713: [GC (CMS Initial Mark) [1 CMS-initial-mark: 6326K(6848K)] 9078K(9920K), 0.0030402 secs] [Times: user=0.00 sys=0.00, real=0.00 secs] 
100.716: [CMS-concurrent-mark-start]
100.717: [GC (Allocation Failure) 100.717: [ParNew (promotion failed): 2751K->3022K(3072K), 0.0143625 secs]100.731: [CMS100.734: [CMS-concurrent-mark: 0.004/0.018 secs] [Times: user=0.11 sys=0.00, real=0.02 secs] 
 (concurrent mode failure): 6328K->6326K(6848K), 0.0198214 secs] 9078K->9078K(9920K), [Metaspace: 3748K->3748K(1056768K)], 0.0342391 secs] [Times: user=0.13 sys=0.00, real=0.04 secs] 
100.751: [GC (Allocation Failure) 100.751: [ParNew (promotion failed): 2751K->3022K(3072K), 0.0160999 secs]100.767: [CMS: 6328K->6326K(6848K), 0.0167226 secs] 9078K->9078K(9920K), [Metaspace: 3748K->3748K(1056768K)], 0.0328751 secs] [Times: user=0.13 sys=0.00, real=0.03 secs] 
100.784: [GC (CMS Initial Mark) [1 CMS-initial-mark: 6326K(6848K)] 9078K(9920K), 0.0030415 secs] [Times: user=0.01 sys=0.00, real=0.00 secs] 
100.788: [CMS-concurrent-mark-start]
100.788: [GC (Allocation Failure) 100.788: [ParNew (promotion failed): 2751K->3022K(3072K), 0.0255647 secs]100.813: [CMS100.817: [CMS-concurrent-mark: 0.003/0.029 secs] [Times: user=0.20 sys=0.00, real=0.03 secs] 
 (concurrent mode failure): 6328K->6326K(6848K), 0.0199474 secs] 9078K->9078K(9920K), [Metaspace: 3748K->3748K(1056768K)], 0.0455683 secs] [Times: user=0.22 sys=0.00, real=0.05 secs] 
100.834: [GC (Allocation Failure) 100.834: [ParNew (promotion failed): 2751K->3022K(3072K), 0.0226502 secs]100.856: [CMS: 6328K->6326K(6848K), 0.0165039 secs] 9078K->9078K(9920K), [Metaspace: 3748K->3748K(1056768K)], 0.0392063 secs] [Times: user=0.18 sys=0.00, real=0.04 secs] 
100.873: [GC (CMS Initial Mark) [1 CMS-initial-mark: 6326K(6848K)] 9078K(9920K), 0.0030482 secs] [Times: user=0.00 sys=0.00, real=0.00 secs] 
100.876: [CMS-concurrent-mark-start]
100.876: [GC (Allocation Failure) 100.876: [ParNew (promotion failed): 2751K->3022K(3072K), 0.0215028 secs]100.898: [CMS100.901: [CMS-concurrent-mark: 0.003/0.025 secs] [Times: user=0.16 sys=0.00, real=0.03 secs] 
 (concurrent mode failure): 6328K->6326K(6848K), 0.0198931 secs] 9078K->9078K(9920K), [Metaspace: 3748K->3748K(1056768K)], 0.0414512 secs] [Times: user=0.18 sys=0.00, real=0.04 secs] 
100.919: [GC (Allocation Failure) 100.919: [ParNew (promotion failed): 2751K->3022K(3072K), 0.0152789 secs]100.934: [CMS: 6328K->6326K(6848K), 0.0165087 secs] 9078K->9078K(9920K), [Metaspace: 3748K->3748K(1056768K)], 0.0318569 secs] [Times: user=0.13 sys=0.00, real=0.04 secs] 
100.951: [GC (CMS Initial Mark) [1 CMS-initial-mark: 6326K(6848K)] 9078K(9920K), 0.0030828 secs] [Times: user=0.00 sys=0.00, real=0.00 secs] 
100.954: [CMS-concurrent-mark-start]
100.955: [GC (Allocation Failure) 100.955: [ParNew (promotion failed): 2751K->2997K(3072K), 0.0159030 secs]100.970: [CMS100.974: [CMS-concurrent-mark: 0.004/0.020 secs] [Times: user=0.13 sys=0.01, real=0.02 secs] 
 (concurrent mode failure): 6328K->6326K(6848K), 0.0195850 secs] 9078K->9078K(9920K), [Metaspace: 3748K->3748K(1056768K)], 0.0355499 secs] [Times: user=0.14 sys=0.01, real=0.04 secs] 
100.991: [GC (Allocation Failure) 100.991: [ParNew (promotion failed): 2751K->2997K(3072K), 0.0140610 secs]101.005: [CMS: 6328K->6326K(6848K), 0.0187672 secs] 9078K->9078K(9920K), [Metaspace: 3748K->3748K(1056768K)], 0.0328942 secs] [Times: user=0.12 sys=0.00, real=0.03 secs] 
101.024: [GC (CMS Initial Mark) [1 CMS-initial-mark: 6326K(6848K)] 9078K(9920K), 0.0032856 secs] [Times: user=0.00 sys=0.00, real=0.00 secs] 
101.027: [CMS-concurrent-mark-start]
101.027: [GC (Allocation Failure) 101.027: [ParNew (promotion failed): 2751K->2972K(3072K), 0.0175828 secs]101.045: [CMS101.051: [CMS-concurrent-mark: 0.006/0.024 secs] [Times: user=0.10 sys=0.00, real=0.03 secs] 
 (concurrent mode failure): 6328K->6326K(6848K), 0.0243633 secs] 9078K->9078K(9920K), [Metaspace: 3748K->3748K(1056768K)], 0.0420193 secs] [Times: user=0.12 sys=0.00, real=0.05 secs] 
101.070: [GC (Allocation Failure) 101.070: [ParNew (promotion failed): 2751K->3022K(3072K), 0.0210723 secs]101.091: [CMS: 6328K->6326K(6848K), 0.0171723 secs] 9078K->9078K(9920K), [Metaspace: 3748K->3748K(1056768K)], 0.0383113 secs] [Times: user=0.15 sys=0.00, real=0.03 secs] 
101.108: [GC (CMS Initial Mark) [1 CMS-initial-mark: 6326K(6848K)] 9078K(9920K), 0.0031012 secs] [Times: user=0.01 sys=0.00, real=0.01 secs] 
101.112: [CMS-concurrent-mark-start]
101.112: [GC (Allocation Failure) 101.112: [ParNew (promotion failed): 2751K->3046K(3072K), 0.0229260 secs]101.135: [CMS101.138: [CMS-concurrent-mark: 0.003/0.027 secs] [Times: user=0.18 sys=0.00, real=0.02 secs] 
 (concurrent mode failure): 6328K->6326K(6848K), 0.0197407 secs] 9078K->9078K(9920K), [Metaspace: 3748K->3748K(1056768K)], 0.0427388 secs] [Times: user=0.19 sys=0.00, real=0.04 secs] 
101.155: [GC (Allocation Failure) 101.155: [ParNew (promotion failed): 2751K->2997K(3072K), 0.0231913 secs]101.178: [CMS: 6328K->6326K(6848K), 0.0165842 secs] 9078K->9078K(9920K), [Metaspace: 3748K->3748K(1056768K)], 0.0398485 secs] [Times: user=0.19 sys=0.00, real=0.04 secs] 
101.196: [GC (CMS Initial Mark) [1 CMS-initial-mark: 6326K(6848K)] 9078K(9920K), 0.0030579 secs] [Times: user=0.00 sys=0.00, real=0.01 secs] 
101.199: [CMS-concurrent-mark-start]
101.199: [GC (Allocation Failure) 101.199: [ParNew (promotion failed): 2751K->2997K(3072K), 0.0152921 secs]101.214: [CMS101.218: [CMS-concurrent-mark: 0.004/0.019 secs] [Times: user=0.13 sys=0.00, real=0.01 secs] 
 (concurrent mode failure): 6328K->6326K(6848K), 0.0201092 secs] 9078K->9078K(9920K), [Metaspace: 3748K->3748K(1056768K)], 0.0354682 secs] [Times: user=0.14 sys=0.00, real=0.03 secs] 
101.235: [GC (Allocation Failure) 101.235: [ParNew (promotion failed): 2751K->3046K(3072K), 0.0168320 secs]101.252: [CMS: 6328K->6326K(6848K), 0.0167001 secs] 9078K->9078K(9920K), [Metaspace: 3748K->3748K(1056768K)], 0.0335990 secs] [Times: user=0.15 sys=0.00, real=0.04 secs] 
101.269: [GC (CMS Initial Mark) [1 CMS-initial-mark: 6326K(6848K)] 9078K(9920K), 0.0030383 secs] [Times: user=0.00 sys=0.00, real=0.00 secs] 
101.272: [CMS-concurrent-mark-start]
101.273: [GC (Allocation Failure) 101.273: [ParNew (promotion failed): 2751K->2997K(3072K), 0.0213769 secs]101.294: [CMS101.297: [CMS-concurrent-mark: 0.004/0.025 secs] [Times: user=0.16 sys=0.00, real=0.02 secs] 
 (concurrent mode failure): 6328K->6326K(6848K), 0.0197873 secs] 9078K->9078K(9920K), [Metaspace: 3748K->3748K(1056768K)], 0.0412291 secs] [Times: user=0.18 sys=0.00, real=0.04 secs] 
101.314: [GC (Allocation Failure) 101.314: [ParNew (promotion failed): 2751K->3022K(3072K), 0.0157212 secs]101.330: [CMS: 6328K->6326K(6848K), 0.0167170 secs] 9078K->9078K(9920K), [Metaspace: 3748K->3748K(1056768K)], 0.0324975 secs] [Times: user=0.13 sys=0.01, real=0.03 secs] 
101.347: [GC (CMS Initial Mark) [1 CMS-initial-mark: 6326K(6848K)] 9078K(9920K), 0.0030708 secs] [Times: user=0.01 sys=0.00, real=0.01 secs] 
101.350: [CMS-concurrent-mark-start]
101.350: [GC (Allocation Failure) 101.350: [ParNew (promotion failed): 2751K->2997K(3072K), 0.0170028 secs]101.367: [CMS101.371: [CMS-concurrent-mark: 0.004/0.021 secs] [Times: user=0.13 sys=0.00, real=0.02 secs] 
 (concurrent mode failure): 6328K->6326K(6848K), 0.0199750 secs] 9078K->9078K(9920K), [Metaspace: 3748K->3748K(1056768K)], 0.0370325 secs] [Times: user=0.15 sys=0.00, real=0.03 secs] 
101.387: [GC (Allocation Failure) 101.387: [ParNew (promotion failed): 2751K->3022K(3072K), 0.0182075 secs]101.406: [CMS: 6328K->6326K(6848K), 0.0165934 secs] 9078K->9078K(9920K), [Metaspace: 3748K->3748K(1056768K)], 0.0348590 secs] [Times: user=0.15 sys=0.00, real=0.04 secs] 
101.423: [GC (CMS Initial Mark) [1 CMS-initial-mark: 6326K(6848K)] 9078K(9920K), 0.0030613 secs] [Times: user=0.00 sys=0.00, real=0.00 secs] 
101.426: [CMS-concurrent-mark-start]
101.426: [GC (Allocation Failure) 101.426: [ParNew (promotion failed): 2751K->2997K(3072K), 0.0233813 secs]101.449: [CMS101.453: [CMS-concurrent-mark: 0.003/0.027 secs] [Times: user=0.18 sys=0.00, real=0.03 secs] 
 (concurrent mode failure): 6328K->6326K(6848K), 0.0199007 secs] 9078K->9078K(9920K), [Metaspace: 3748K->3748K(1056768K)], 0.0433436 secs] [Times: user=0.20 sys=0.00, real=0.05 secs] 
101.470: [GC (Allocation Failure) 101.470: [ParNew (promotion failed): 2751K->2997K(3072K), 0.0195239 secs]101.490: [CMS: 6328K->6326K(6848K), 0.0173286 secs] 9078K->9078K(9920K), [Metaspace: 3748K->3748K(1056768K)], 0.0369127 secs] [Times: user=0.16 sys=0.00, real=0.03 secs] 
101.507: [GC (CMS Initial Mark) [1 CMS-initial-mark: 6326K(6848K)] 9078K(9920K), 0.0030675 secs] [Times: user=0.00 sys=0.00, real=0.01 secs] 
101.510: [CMS-concurrent-mark-start]
101.511: [GC (Allocation Failure) 101.511: [ParNew (promotion failed): 2751K->3022K(3072K), 0.0131445 secs]101.525: [CMS101.527: [CMS-concurrent-mark: 0.004/0.017 secs] [Times: user=0.09 sys=0.00, real=0.01 secs] 
 (concurrent mode failure): 6328K->6326K(6848K), 0.0195402 secs] 9078K->9078K(9920K), [Metaspace: 3748K->3748K(1056768K)], 0.0327491 secs] [Times: user=0.10 sys=0.00, real=0.03 secs] 
101.545: [GC (Allocation Failure) 101.545: [ParNew (promotion failed): 2751K->3046K(3072K), 0.0152289 secs]101.560: [CMS: 6328K->6326K(6848K), 0.0167293 secs] 9078K->9078K(9920K), [Metaspace: 3748K->3748K(1056768K)], 0.0320218 secs] [Times: user=0.12 sys=0.00, real=0.03 secs] 
101.577: [GC (CMS Initial Mark) [1 CMS-initial-mark: 6326K(6848K)] 9078K(9920K), 0.0030690 secs] [Times: user=0.00 sys=0.00, real=0.01 secs] 
101.580: [CMS-concurrent-mark-start]
101.580: [GC (Allocation Failure) 101.580: [ParNew (promotion failed): 2751K->2997K(3072K), 0.0174696 secs]101.598: [CMS101.601: [CMS-concurrent-mark: 0.004/0.021 secs] [Times: user=0.14 sys=0.00, real=0.02 secs] 
 (concurrent mode failure): 6328K->6326K(6848K), 0.0199899 secs] 9078K->9078K(9920K), [Metaspace: 3748K->3748K(1056768K)], 0.0375145 secs] [Times: user=0.16 sys=0.00, real=0.03 secs] 
101.618: [GC (Allocation Failure) 101.618: [ParNew (promotion failed): 2751K->2997K(3072K), 0.0226265 secs]101.641: [CMS: 6328K->6326K(6848K), 0.0164556 secs] 9078K->9078K(9920K), [Metaspace: 3748K->3748K(1056768K)], 0.0391348 secs] [Times: user=0.19 sys=0.00, real=0.04 secs] 
101.657: [GC (CMS Initial Mark) [1 CMS-initial-mark: 6326K(6848K)] 9078K(9920K), 0.0030609 secs] [Times: user=0.00 sys=0.00, real=0.01 secs] 
101.661: [CMS-concurrent-mark-start]
101.661: [GC (Allocation Failure) 101.661: [ParNew (promotion failed): 2751K->2997K(3072K), 0.0145275 secs]101.675: [CMS101.679: [CMS-concurrent-mark: 0.004/0.018 secs] [Times: user=0.11 sys=0.00, real=0.01 secs] 
 (concurrent mode failure): 6328K->6326K(6848K), 0.0199791 secs] 9078K->9078K(9920K), [Metaspace: 3748K->3748K(1056768K)], 0.0345646 secs] [Times: user=0.13 sys=0.00, real=0.03 secs] 
101.696: [GC (Allocation Failure) 101.696: [ParNew (promotion failed): 2751K->3022K(3072K), 0.0226609 secs]101.718: [CMS: 6328K->6326K(6848K), 0.0167349 secs] 9078K->9078K(9920K), [Metaspace: 3748K->3748K(1056768K)], 0.0394607 secs] [Times: user=0.18 sys=0.01, real=0.04 secs] 
101.736: [GC (CMS Initial Mark) [1 CMS-initial-mark: 6326K(6848K)] 9078K(9920K), 0.0030646 secs] [Times: user=0.00 sys=0.00, real=0.01 secs] 
101.739: [CMS-concurrent-mark-start]
101.739: [GC (Allocation Failure) 101.739: [ParNew (promotion failed): 2751K->3022K(3072K), 0.0156473 secs]101.755: [CMS101.758: [CMS-concurrent-mark: 0.004/0.019 secs] [Times: user=0.12 sys=0.00, real=0.01 secs] 
 (concurrent mode failure): 6328K->6326K(6848K), 0.0201512 secs] 9078K->9078K(9920K), [Metaspace: 3748K->3748K(1056768K)], 0.0358520 secs] [Times: user=0.14 sys=0.00, real=0.03 secs] 
101.776: [GC (Allocation Failure) 101.776: [ParNew (promotion failed): 2751K->2997K(3072K), 0.0144287 secs]101.790: [CMS: 6328K->6326K(6848K), 0.0166850 secs] 9078K->9078K(9920K), [Metaspace: 3748K->3748K(1056768K)], 0.0311720 secs] [Times: user=0.12 sys=0.00, real=0.03 secs] 
101.807: [GC (CMS Initial Mark) [1 CMS-initial-mark: 6326K(6848K)] 9078K(9920K), 0.0030699 secs] [Times: user=0.01 sys=0.00, real=0.01 secs] 
101.811: [CMS-concurrent-mark-start]
101.811: [GC (Allocation Failure) 101.811: [ParNew (promotion failed): 2751K->2997K(3072K), 0.0226473 secs]101.834: [CMS101.837: [CMS-concurrent-mark: 0.004/0.026 secs] [Times: user=0.18 sys=0.00, real=0.02 secs] 
 (concurrent mode failure): 6328K->6326K(6848K), 0.0200114 secs] 9078K->9078K(9920K), [Metaspace: 3748K->3748K(1056768K)], 0.0427303 secs] [Times: user=0.19 sys=0.00, real=0.04 secs] 
101.854: [GC (Allocation Failure) 101.854: [ParNew (promotion failed): 2751K->2972K(3072K), 0.0222982 secs]101.876: [CMS: 6328K->6326K(6848K), 0.0165688 secs] 9078K->9078K(9920K), [Metaspace: 3748K->3748K(1056768K)], 0.0389235 secs] [Times: user=0.19 sys=0.00, real=0.04 secs] 
101.893: [GC (CMS Initial Mark) [1 CMS-initial-mark: 6326K(6848K)] 9078K(9920K), 0.0030477 secs] [Times: user=0.00 sys=0.00, real=0.00 secs] 
101.896: [CMS-concurrent-mark-start]
101.896: [GC (Allocation Failure) 101.896: [ParNew (promotion failed): 2751K->2997K(3072K), 0.0203552 secs]101.917: [CMS101.920: [CMS-concurrent-mark: 0.003/0.024 secs] [Times: user=0.16 sys=0.00, real=0.03 secs] 
 (concurrent mode failure): 6328K->6326K(6848K), 0.0201620 secs] 9078K->9078K(9920K), [Metaspace: 3748K->3748K(1056768K)], 0.0405773 secs] [Times: user=0.18 sys=0.00, real=0.04 secs] 
101.937: [GC (Allocation Failure) 101.937: [ParNew (promotion failed): 2751K->2997K(3072K), 0.0169512 secs]101.954: [CMS: 6328K->6326K(6848K), 0.0165837 secs] 9078K->9078K(9920K), [Metaspace: 3748K->3748K(1056768K)], 0.0335951 secs] [Times: user=0.14 sys=0.00, real=0.04 secs] 
101.971: [GC (CMS Initial Mark) [1 CMS-initial-mark: 6326K(6848K)] 9078K(9920K), 0.0030707 secs] [Times: user=0.00 sys=0.00, real=0.00 secs] 
101.974: [CMS-concurrent-mark-start]
101.974: [GC (Allocation Failure) 101.974: [ParNew (promotion failed): 2751K->2997K(3072K), 0.0179422 secs]101.992: [CMS101.996: [CMS-concurrent-mark: 0.003/0.021 secs] [Times: user=0.14 sys=0.00, real=0.02 secs] 
 (concurrent mode failure): 6328K->6326K(6848K), 0.0199542 secs] 9078K->9078K(9920K), [Metaspace: 3748K->3748K(1056768K)], 0.0379640 secs] [Times: user=0.15 sys=0.00, real=0.04 secs] 
102.013: [GC (Allocation Failure) 102.013: [ParNew (promotion failed): 2751K->2997K(3072K), 0.0179935 secs]102.031: [CMS: 6328K->6326K(6848K), 0.0166015 secs] 9078K->9078K(9920K), [Metaspace: 3748K->3748K(1056768K)], 0.0346536 secs] [Times: user=0.14 sys=0.00, real=0.03 secs] 
102.048: [GC (CMS Initial Mark) [1 CMS-initial-mark: 6326K(6848K)] 9078K(9920K), 0.0030708 secs] [Times: user=0.01 sys=0.00, real=0.01 secs] 
102.051: [CMS-concurrent-mark-start]
102.052: [GC (Allocation Failure) 102.052: [ParNew (promotion failed): 2751K->2997K(3072K), 0.0229165 secs]102.075: [CMS102.078: [CMS-concurrent-mark: 0.004/0.027 secs] [Times: user=0.18 sys=0.00, real=0.02 secs] 
 (concurrent mode failure): 6328K->6326K(6848K), 0.0195988 secs] 9078K->9078K(9920K), [Metaspace: 3748K->3748K(1056768K)], 0.0425705 secs] [Times: user=0.19 sys=0.01, real=0.04 secs] 
102.095: [GC (Allocation Failure) 102.095: [ParNew (promotion failed): 2751K->2997K(3072K), 0.0153597 secs]102.110: [CMS: 6328K->6326K(6848K), 0.0167834 secs] 9078K->9078K(9920K), [Metaspace: 3748K->3748K(1056768K)], 0.0322045 secs] [Times: user=0.13 sys=0.00, real=0.03 secs] 
102.128: [GC (CMS Initial Mark) [1 CMS-initial-mark: 6326K(6848K)] 9078K(9920K), 0.0030502 secs] [Times: user=0.01 sys=0.00, real=0.01 secs] 
102.131: [CMS-concurrent-mark-start]
102.131: [GC (Allocation Failure) 102.131: [ParNew (promotion failed): 2751K->3022K(3072K), 0.0146455 secs]102.145: [CMS102.149: [CMS-concurrent-mark: 0.003/0.018 secs] [Times: user=0.11 sys=0.00, real=0.02 secs] 
 (concurrent mode failure): 6328K->6326K(6848K), 0.0200456 secs] 9078K->9078K(9920K), [Metaspace: 3748K->3748K(1056768K)], 0.0347504 secs] [Times: user=0.13 sys=0.00, real=0.03 secs] 
102.166: [GC (Allocation Failure) 102.166: [ParNew (promotion failed): 2751K->2997K(3072K), 0.0168445 secs]102.183: [CMS: 6328K->6326K(6848K), 0.0165025 secs] 9078K->9078K(9920K), [Metaspace: 3748K->3748K(1056768K)], 0.0334070 secs] [Times: user=0.14 sys=0.00, real=0.04 secs] 
102.200: [GC (CMS Initial Mark) [1 CMS-initial-mark: 6326K(6848K)] 9078K(9920K), 0.0030531 secs] [Times: user=0.01 sys=0.00, real=0.00 secs] 
102.203: [CMS-concurrent-mark-start]
102.203: [GC (Allocation Failure) 102.203: [ParNew (promotion failed): 2751K->3022K(3072K), 0.0158121 secs]102.219: [CMS102.222: [CMS-concurrent-mark: 0.003/0.019 secs] [Times: user=0.12 sys=0.00, real=0.02 secs] 
 (concurrent mode failure): 6328K->6326K(6848K), 0.0199010 secs] 9078K->9078K(9920K), [Metaspace: 3748K->3748K(1056768K)], 0.0357657 secs] [Times: user=0.14 sys=0.00, real=0.03 secs] 
102.239: [GC (Allocation Failure) 102.239: [ParNew (promotion failed): 2751K->3022K(3072K), 0.0150745 secs]102.254: [CMS: 6328K->6326K(6848K), 0.0168633 secs] 9078K->9078K(9920K), [Metaspace: 3748K->3748K(1056768K)], 0.0319956 secs] [Times: user=0.13 sys=0.00, real=0.03 secs] 
102.272: [GC (CMS Initial Mark) [1 CMS-initial-mark: 6326K(6848K)] 9078K(9920K), 0.0030647 secs] [Times: user=0.00 sys=0.00, real=0.00 secs] 
102.275: [CMS-concurrent-mark-start]
102.275: [GC (Allocation Failure) 102.275: [ParNew (promotion failed): 2751K->2997K(3072K), 0.0169773 secs]102.292: [CMS102.295: [CMS-concurrent-mark: 0.003/0.021 secs] [Times: user=0.13 sys=0.00, real=0.02 secs] 
 (concurrent mode failure): 6328K->6326K(6848K), 0.0200103 secs] 9078K->9078K(9920K), [Metaspace: 3748K->3748K(1056768K)], 0.0370430 secs] [Times: user=0.15 sys=0.00, real=0.04 secs] 
102.313: [GC (Allocation Failure) 102.313: [ParNew (promotion failed): 2751K->2997K(3072K), 0.0229220 secs]102.336: [CMS: 6328K->6326K(6848K), 0.0166015 secs] 9078K->9078K(9920K), [Metaspace: 3748K->3748K(1056768K)], 0.0395839 secs] [Times: user=0.19 sys=0.00, real=0.04 secs] 
102.353: [GC (CMS Initial Mark) [1 CMS-initial-mark: 6326K(6848K)] 9078K(9920K), 0.0030706 secs] [Times: user=0.00 sys=0.00, real=0.00 secs] 
102.356: [CMS-concurrent-mark-start]
102.356: [GC (Allocation Failure) 102.356: [ParNew (promotion failed): 2751K->2997K(3072K), 0.0182917 secs]102.375: [CMS102.378: [CMS-concurrent-mark: 0.004/0.022 secs] [Times: user=0.14 sys=0.00, real=0.02 secs] 
 (concurrent mode failure): 6328K->6326K(6848K), 0.0199415 secs] 9078K->9078K(9920K), [Metaspace: 3748K->3748K(1056768K)], 0.0382847 secs] [Times: user=0.16 sys=0.00, real=0.04 secs] 
102.395: [GC (Allocation Failure) 102.395: [ParNew (promotion failed): 2751K->2997K(3072K), 0.0183243 secs]102.413: [CMS: 6328K->6326K(6848K), 0.0165196 secs] 9078K->9078K(9920K), [Metaspace: 3748K->3748K(1056768K)], 0.0348973 secs] [Times: user=0.15 sys=0.00, real=0.04 secs] 
102.430: [GC (CMS Initial Mark) [1 CMS-initial-mark: 6326K(6848K)] 9078K(9920K), 0.0030798 secs] [Times: user=0.00 sys=0.00, real=0.00 secs] 
102.433: [CMS-concurrent-mark-start]
102.433: [GC (Allocation Failure) 102.433: [ParNew (promotion failed): 2751K->3022K(3072K), 0.0168601 secs]102.450: [CMS102.453: [CMS-concurrent-mark: 0.003/0.020 secs] [Times: user=0.14 sys=0.00, real=0.02 secs] 
 (concurrent mode failure): 6328K->6326K(6848K), 0.0198948 secs] 9078K->9078K(9920K), [Metaspace: 3748K->3748K(1056768K)], 0.0368115 secs] [Times: user=0.15 sys=0.01, real=0.04 secs] 
102.470: [GC (Allocation Failure) 102.470: [ParNew (promotion failed): 2751K->2997K(3072K), 0.0173727 secs]102.488: [CMS: 6328K->6326K(6848K), 0.0166291 secs] 9078K->9078K(9920K), [Metaspace: 3748K->3748K(1056768K)], 0.0340627 secs] [Times: user=0.15 sys=0.00, real=0.03 secs] 
102.505: [GC (CMS Initial Mark) [1 CMS-initial-mark: 6326K(6848K)] 9078K(9920K), 0.0031191 secs] [Times: user=0.01 sys=0.00, real=0.00 secs] 
102.508: [CMS-concurrent-mark-start]
102.508: [GC (Allocation Failure) 102.508: [ParNew (promotion failed): 2751K->3022K(3072K), 0.0126614 secs]102.521: [CMS102.524: [CMS-concurrent-mark: 0.004/0.016 secs] [Times: user=0.08 sys=0.00, real=0.02 secs] 
 (concurrent mode failure): 6328K->6326K(6848K), 0.0204850 secs] 9078K->9078K(9920K), [Metaspace: 3748K->3748K(1056768K)], 0.0331970 secs] [Times: user=0.10 sys=0.00, real=0.04 secs] 
102.542: [GC (Allocation Failure) 102.542: [ParNew (promotion failed): 2751K->3046K(3072K), 0.0149182 secs]102.557: [CMS: 6328K->6326K(6848K), 0.0166606 secs] 9078K->9078K(9920K), [Metaspace: 3748K->3748K(1056768K)], 0.0316433 secs] [Times: user=0.12 sys=0.00, real=0.03 secs] 
102.574: [GC (CMS Initial Mark) [1 CMS-initial-mark: 6326K(6848K)] 9078K(9920K), 0.0030847 secs] [Times: user=0.00 sys=0.00, real=0.00 secs] 
102.577: [CMS-concurrent-mark-start]
102.578: [GC (Allocation Failure) 102.578: [ParNew (promotion failed): 2751K->3022K(3072K), 0.0151847 secs]102.593: [CMS102.596: [CMS-concurrent-mark: 0.004/0.019 secs] [Times: user=0.12 sys=0.00, real=0.02 secs] 
 (concurrent mode failure): 6328K->6326K(6848K), 0.0196563 secs] 9078K->9078K(9920K), [Metaspace: 3748K->3748K(1056768K)], 0.0349006 secs] [Times: user=0.14 sys=0.00, real=0.04 secs] 
102.613: [GC (Allocation Failure) 102.613: [ParNew (promotion failed): 2751K->2997K(3072K), 0.0174743 secs]102.631: [CMS: 6328K->6326K(6848K), 0.0167196 secs] 9078K->9078K(9920K), [Metaspace: 3748K->3748K(1056768K)], 0.0342469 secs] [Times: user=0.14 sys=0.00, real=0.03 secs] 
102.648: [GC (CMS Initial Mark) [1 CMS-initial-mark: 6326K(6848K)] 9078K(9920K), 0.0030645 secs] [Times: user=0.01 sys=0.00, real=0.01 secs] 
102.651: [CMS-concurrent-mark-start]
102.651: [GC (Allocation Failure) 102.651: [ParNew (promotion failed): 2751K->3022K(3072K), 0.0153383 secs]102.666: [CMS102.670: [CMS-concurrent-mark: 0.003/0.019 secs] [Times: user=0.12 sys=0.00, real=0.02 secs] 
 (concurrent mode failure): 6328K->6326K(6848K), 0.0198904 secs] 9078K->9078K(9920K), [Metaspace: 3748K->3748K(1056768K)], 0.0352954 secs] [Times: user=0.13 sys=0.00, real=0.03 secs] 
102.686: [GC (Allocation Failure) 102.686: [ParNew (promotion failed): 2751K->3022K(3072K), 0.0179522 secs]102.704: [CMS: 6328K->6326K(6848K), 0.0166408 secs] 9078K->9078K(9920K), [Metaspace: 3748K->3748K(1056768K)], 0.0346487 secs] [Times: user=0.16 sys=0.00, real=0.04 secs] 
102.721: [GC (CMS Initial Mark) [1 CMS-initial-mark: 6326K(6848K)] 9078K(9920K), 0.0030615 secs] [Times: user=0.00 sys=0.00, real=0.00 secs] 
102.725: [CMS-concurrent-mark-start]
102.725: [GC (Allocation Failure) 102.725: [ParNew (promotion failed): 2751K->2997K(3072K), 0.0155020 secs]102.740: [CMS102.744: [CMS-concurrent-mark: 0.004/0.019 secs] [Times: user=0.12 sys=0.00, real=0.02 secs] 
 (concurrent mode failure): 6328K->6326K(6848K), 0.0199182 secs] 9078K->9078K(9920K), [Metaspace: 3748K->3748K(1056768K)], 0.0354798 secs] [Times: user=0.14 sys=0.00, real=0.04 secs] 
102.761: [GC (Allocation Failure) 102.761: [ParNew (promotion failed): 2751K->3071K(3072K), 0.0175012 secs]102.778: [CMS: 6328K->6326K(6848K), 0.0169225 secs] 9078K->9078K(9920K), [Metaspace: 3748K->3748K(1056768K)], 0.0344849 secs] [Times: user=0.15 sys=0.00, real=0.03 secs] 
102.796: [GC (CMS Initial Mark) [1 CMS-initial-mark: 6326K(6848K)] 9078K(9920K), 0.0030691 secs] [Times: user=0.00 sys=0.00, real=0.01 secs] 
102.799: [CMS-concurrent-mark-start]
102.799: [GC (Allocation Failure) 102.799: [ParNew (promotion failed): 2751K->3022K(3072K), 0.0186522 secs]102.818: [CMS102.821: [CMS-concurrent-mark: 0.004/0.022 secs] [Times: user=0.15 sys=0.00, real=0.02 secs] 
 (concurrent mode failure): 6328K->6326K(6848K), 0.0201623 secs] 9078K->9078K(9920K), [Metaspace: 3748K->3748K(1056768K)], 0.0388763 secs] [Times: user=0.17 sys=0.00, real=0.03 secs] 
102.839: [GC (Allocation Failure) 102.839: [ParNew (promotion failed): 2751K->2997K(3072K), 0.0178162 secs]102.857: [CMS: 6328K->6326K(6848K), 0.0168017 secs] 9078K->9078K(9920K), [Metaspace: 3748K->3748K(1056768K)], 0.0346725 secs] [Times: user=0.15 sys=0.00, real=0.04 secs] 
102.874: [GC (CMS Initial Mark) [1 CMS-initial-mark: 6326K(6848K)] 9078K(9920K), 0.0030345 secs] [Times: user=0.00 sys=0.00, real=0.00 secs] 
102.877: [CMS-concurrent-mark-start]
102.877: [GC (Allocation Failure) 102.877: [ParNew (promotion failed): 2751K->3022K(3072K), 0.0145885 secs]102.892: [CMS102.895: [CMS-concurrent-mark: 0.004/0.018 secs] [Times: user=0.12 sys=0.00, real=0.02 secs] 
 (concurrent mode failure): 6328K->6326K(6848K), 0.0199318 secs] 9078K->9078K(9920K), [Metaspace: 3748K->3748K(1056768K)], 0.0345763 secs] [Times: user=0.14 sys=0.00, real=0.04 secs] 
102.912: [GC (Allocation Failure) 102.912: [ParNew (promotion failed): 2751K->2997K(3072K), 0.0220373 secs]102.934: [CMS: 6328K->6326K(6848K), 0.0165527 secs] 9078K->9078K(9920K), [Metaspace: 3748K->3748K(1056768K)], 0.0386483 secs] [Times: user=0.18 sys=0.00, real=0.04 secs] 
102.951: [GC (CMS Initial Mark) [1 CMS-initial-mark: 6326K(6848K)] 9078K(9920K), 0.0030688 secs] [Times: user=0.00 sys=0.00, real=0.00 secs] 
102.954: [CMS-concurrent-mark-start]
102.954: [GC (Allocation Failure) 102.954: [ParNew (promotion failed): 2751K->2997K(3072K), 0.0176016 secs]102.972: [CMS102.975: [CMS-concurrent-mark: 0.003/0.021 secs] [Times: user=0.14 sys=0.00, real=0.02 secs] 
 (concurrent mode failure): 6328K->6326K(6848K), 0.0200070 secs] 9078K->9078K(9920K), [Metaspace: 3748K->3748K(1056768K)], 0.0376698 secs] [Times: user=0.16 sys=0.00, real=0.04 secs] 
102.992: [GC (Allocation Failure) 102.992: [ParNew (promotion failed): 2751K->2997K(3072K), 0.0222198 secs]103.014: [CMS: 6328K->6326K(6848K), 0.0165107 secs] 9078K->9078K(9920K), [Metaspace: 3748K->3748K(1056768K)], 0.0387858 secs] [Times: user=0.18 sys=0.00, real=0.04 secs] 
103.032: [GC (CMS Initial Mark) [1 CMS-initial-mark: 6326K(6848K)] 9078K(9920K), 0.0030682 secs] [Times: user=0.00 sys=0.00, real=0.00 secs] 
103.035: [CMS-concurrent-mark-start]
103.035: [GC (Allocation Failure) 103.035: [ParNew (promotion failed): 2751K->3022K(3072K), 0.0168696 secs]103.052: [CMS103.055: [CMS-concurrent-mark: 0.004/0.021 secs] [Times: user=0.13 sys=0.00, real=0.02 secs] 
 (concurrent mode failure): 6328K->6326K(6848K), 0.0201502 secs] 9078K->9078K(9920K), [Metaspace: 3748K->3748K(1056768K)], 0.0370772 secs] [Times: user=0.14 sys=0.00, real=0.04 secs] 
103.073: [GC (Allocation Failure) 103.073: [ParNew (promotion failed): 2751K->2997K(3072K), 0.0144618 secs]103.087: [CMS: 6328K->6326K(6848K), 0.0166555 secs] 9078K->9078K(9920K), [Metaspace: 3748K->3748K(1056768K)], 0.0311770 secs] [Times: user=0.13 sys=0.00, real=0.03 secs] 
103.104: [GC (CMS Initial Mark) [1 CMS-initial-mark: 6326K(6848K)] 9078K(9920K), 0.0030480 secs] [Times: user=0.00 sys=0.00, real=0.00 secs] 
103.107: [CMS-concurrent-mark-start]
103.108: [GC (Allocation Failure) 103.108: [ParNew (promotion failed): 2751K->3022K(3072K), 0.0178178 secs]103.126: [CMS103.129: [CMS-concurrent-mark: 0.004/0.021 secs] [Times: user=0.14 sys=0.00, real=0.02 secs] 
 (concurrent mode failure): 6328K->6326K(6848K), 0.0195700 secs] 9078K->9078K(9920K), [Metaspace: 3748K->3748K(1056768K)], 0.0374397 secs] [Times: user=0.16 sys=0.00, real=0.04 secs] 
103.146: [GC (Allocation Failure) 103.146: [ParNew (promotion failed): 2751K->2997K(3072K), 0.0186161 secs]103.164: [CMS: 6328K->6326K(6848K), 0.0165635 secs] 9078K->9078K(9920K), [Metaspace: 3748K->3748K(1056768K)], 0.0352309 secs] [Times: user=0.16 sys=0.00, real=0.04 secs] 
103.181: [GC (CMS Initial Mark) [1 CMS-initial-mark: 6326K(6848K)] 9078K(9920K), 0.0030830 secs] [Times: user=0.00 sys=0.00, real=0.00 secs] 
103.184: [CMS-concurrent-mark-start]
103.185: [GC (Allocation Failure) 103.185: [ParNew (promotion failed): 2751K->2997K(3072K), 0.0165457 secs]103.201: [CMS103.205: [CMS-concurrent-mark: 0.003/0.020 secs] [Times: user=0.13 sys=0.00, real=0.02 secs] 
 (concurrent mode failure): 6328K->6326K(6848K), 0.0199927 secs] 9078K->9078K(9920K), [Metaspace: 3748K->3748K(1056768K)], 0.0366150 secs] [Times: user=0.15 sys=0.00, real=0.04 secs] 
103.221: [GC (Allocation Failure) 103.221: [ParNew (promotion failed): 2751K->2997K(3072K), 0.0180527 secs]103.239: [CMS: 6328K->6326K(6848K), 0.0164884 secs] 9078K->9078K(9920K), [Metaspace: 3748K->3748K(1056768K)], 0.0345998 secs] [Times: user=0.15 sys=0.00, real=0.03 secs] 
103.256: [GC (CMS Initial Mark) [1 CMS-initial-mark: 6326K(6848K)] 9078K(9920K), 0.0030760 secs] [Times: user=0.00 sys=0.00, real=0.01 secs] 
103.259: [CMS-concurrent-mark-start]
103.260: [GC (Allocation Failure) 103.260: [ParNew (promotion failed): 2751K->3022K(3072K), 0.0186886 secs]103.278: [CMS103.282: [CMS-concurrent-mark: 0.003/0.022 secs] [Times: user=0.15 sys=0.00, real=0.02 secs] 
 (concurrent mode failure): 6328K->6326K(6848K), 0.0198884 secs] 9078K->9078K(9920K), [Metaspace: 3748K->3748K(1056768K)], 0.0386380 secs] [Times: user=0.17 sys=0.00, real=0.03 secs] 
103.299: [GC (Allocation Failure) 103.299: [ParNew (promotion failed): 2751K->2997K(3072K), 0.0164971 secs]103.315: [CMS: 6328K->6326K(6848K), 0.0166879 secs] 9078K->9078K(9920K), [Metaspace: 3748K->3748K(1056768K)], 0.0332438 secs] [Times: user=0.14 sys=0.00, real=0.04 secs] 
103.333: [GC (CMS Initial Mark) [1 CMS-initial-mark: 6326K(6848K)] 9078K(9920K), 0.0030326 secs] [Times: user=0.00 sys=0.00, real=0.00 secs] 
103.336: [CMS-concurrent-mark-start]
103.336: [GC (Allocation Failure) 103.336: [ParNew (promotion failed): 2751K->2997K(3072K), 0.0151965 secs]103.351: [CMS103.355: [CMS-concurrent-mark: 0.004/0.019 secs] [Times: user=0.12 sys=0.00, real=0.02 secs] 
 (concurrent mode failure): 6328K->6326K(6848K), 0.0202386 secs] 9078K->9078K(9920K), [Metaspace: 3748K->3748K(1056768K)], 0.0355045 secs] [Times: user=0.14 sys=0.00, real=0.04 secs] 
103.372: [GC (Allocation Failure) 103.372: [ParNew (promotion failed): 2751K->3022K(3072K), 0.0218393 secs]103.394: [CMS: 6328K->6326K(6848K), 0.0165698 secs] 9078K->9078K(9920K), [Metaspace: 3748K->3748K(1056768K)], 0.0384878 secs] [Times: user=0.18 sys=0.00, real=0.04 secs] 
103.411: [GC (CMS Initial Mark) [1 CMS-initial-mark: 6326K(6848K)] 9078K(9920K), 0.0030890 secs] [Times: user=0.00 sys=0.00, real=0.00 secs] 
103.414: [CMS-concurrent-mark-start]
103.415: [GC (Allocation Failure) 103.415: [ParNew (promotion failed): 2751K->2997K(3072K), 0.0178421 secs]103.432: [CMS103.436: [CMS-concurrent-mark: 0.004/0.021 secs] [Times: user=0.14 sys=0.00, real=0.02 secs] 
 (concurrent mode failure): 6328K->6326K(6848K), 0.0196940 secs] 9078K->9078K(9920K), [Metaspace: 3748K->3748K(1056768K)], 0.0375999 secs] [Times: user=0.16 sys=0.00, real=0.04 secs] 
103.452: [GC (Allocation Failure) 103.453: [ParNew (promotion failed): 2751K->3022K(3072K), 0.0216737 secs]103.474: [CMS: 6328K->6326K(6848K), 0.0165657 secs] 9078K->9078K(9920K), [Metaspace: 3748K->3748K(1056768K)], 0.0383063 secs] [Times: user=0.18 sys=0.00, real=0.04 secs] 
103.491: [GC (CMS Initial Mark) [1 CMS-initial-mark: 6326K(6848K)] 9078K(9920K), 0.0030796 secs] [Times: user=0.00 sys=0.00, real=0.00 secs] 
103.494: [CMS-concurrent-mark-start]
103.494: [GC (Allocation Failure) 103.494: [ParNew (promotion failed): 2751K->2997K(3072K), 0.0137052 secs]103.508: [CMS103.511: [CMS-concurrent-mark: 0.003/0.017 secs] [Times: user=0.10 sys=0.00, real=0.02 secs] 
 (concurrent mode failure): 6328K->6326K(6848K), 0.0201197 secs] 9078K->9078K(9920K), [Metaspace: 3748K->3748K(1056768K)], 0.0338938 secs] [Times: user=0.11 sys=0.00, real=0.03 secs] 
103.529: [GC (Allocation Failure) 103.529: [ParNew (promotion failed): 2751K->3022K(3072K), 0.0183157 secs]103.547: [CMS: 6328K->6326K(6848K), 0.0165658 secs] 9078K->9078K(9920K), [Metaspace: 3748K->3748K(1056768K)], 0.0349511 secs] [Times: user=0.16 sys=0.00, real=0.04 secs] 
103.564: [GC (CMS Initial Mark) [1 CMS-initial-mark: 6326K(6848K)] 9078K(9920K), 0.0030449 secs] [Times: user=0.00 sys=0.00, real=0.00 secs] 
103.567: [CMS-concurrent-mark-start]
103.567: [GC (Allocation Failure) 103.567: [ParNew (promotion failed): 2751K->3022K(3072K), 0.0144820 secs]103.581: [CMS103.585: [CMS-concurrent-mark: 0.004/0.018 secs] [Times: user=0.11 sys=0.01, real=0.02 secs] 
 (concurrent mode failure): 6328K->6326K(6848K), 0.0203107 secs] 9078K->9078K(9920K), [Metaspace: 3748K->3748K(1056768K)], 0.0348633 secs] [Times: user=0.13 sys=0.01, real=0.04 secs] 
103.603: [GC (Allocation Failure) 103.603: [ParNew (promotion failed): 2751K->2997K(3072K), 0.0225924 secs]103.625: [CMS: 6328K->6326K(6848K), 0.0165759 secs] 9078K->9078K(9920K), [Metaspace: 3748K->3748K(1056768K)], 0.0392490 secs] [Times: user=0.19 sys=0.00, real=0.04 secs] 
103.642: [GC (CMS Initial Mark) [1 CMS-initial-mark: 6326K(6848K)] 9078K(9920K), 0.0030411 secs] [Times: user=0.00 sys=0.00, real=0.00 secs] 
103.645: [CMS-concurrent-mark-start]
103.646: [GC (Allocation Failure) 103.646: [ParNew (promotion failed): 2751K->3022K(3072K), 0.0251805 secs]103.671: [CMS103.674: [CMS-concurrent-mark: 0.004/0.029 secs] [Times: user=0.20 sys=0.00, real=0.03 secs] 
 (concurrent mode failure): 6328K->6326K(6848K), 0.0196638 secs] 9078K->9078K(9920K), [Metaspace: 3748K->3748K(1056768K)], 0.0449078 secs] [Times: user=0.21 sys=0.00, real=0.05 secs] 
103.691: [GC (Allocation Failure) 103.691: [ParNew (promotion failed): 2751K->2997K(3072K), 0.0192216 secs]103.711: [CMS: 6328K->6326K(6848K), 0.0166296 secs] 9078K->9078K(9920K), [Metaspace: 3748K->3748K(1056768K)], 0.0359238 secs] [Times: user=0.16 sys=0.00, real=0.03 secs] 
103.728: [GC (CMS Initial Mark) [1 CMS-initial-mark: 6326K(6848K)] 9078K(9920K), 0.0030356 secs] [Times: user=0.01 sys=0.00, real=0.01 secs] 
103.731: [CMS-concurrent-mark-start]
103.731: [GC (Allocation Failure) 103.731: [ParNew (promotion failed): 2751K->3022K(3072K), 0.0167761 secs]103.748: [CMS103.751: [CMS-concurrent-mark: 0.003/0.020 secs] [Times: user=0.13 sys=0.00, real=0.02 secs] 
 (concurrent mode failure): 6328K->6326K(6848K), 0.0201224 secs] 9078K->9078K(9920K), [Metaspace: 3748K->3748K(1056768K)], 0.0369726 secs] [Times: user=0.15 sys=0.00, real=0.03 secs] 
103.768: [GC (Allocation Failure) 103.768: [ParNew (promotion failed): 2751K->2997K(3072K), 0.0145667 secs]103.783: [CMS: 6328K->6326K(6848K), 0.0165461 secs] 9078K->9078K(9920K), [Metaspace: 3748K->3748K(1056768K)], 0.0311850 secs] [Times: user=0.12 sys=0.00, real=0.04 secs] 
103.800: [GC (CMS Initial Mark) [1 CMS-initial-mark: 6326K(6848K)] 9078K(9920K), 0.0030605 secs] [Times: user=0.00 sys=0.00, real=0.00 secs] 
103.803: [CMS-concurrent-mark-start]
103.803: [GC (Allocation Failure) 103.803: [ParNew (promotion failed): 2751K->2997K(3072K), 0.0153560 secs]103.818: [CMS103.822: [CMS-concurrent-mark: 0.004/0.019 secs] [Times: user=0.13 sys=0.00, real=0.02 secs] 
 (concurrent mode failure): 6328K->6326K(6848K), 0.0198820 secs] 9078K->9078K(9920K), [Metaspace: 3748K->3748K(1056768K)], 0.0353004 secs] [Times: user=0.14 sys=0.00, real=0.03 secs] 
103.839: [GC (Allocation Failure) 103.839: [ParNew (promotion failed): 2751K->2997K(3072K), 0.0217034 secs]103.860: [CMS: 6328K->6326K(6848K), 0.0166461 secs] 9078K->9078K(9920K), [Metaspace: 3748K->3748K(1056768K)], 0.0384151 secs] [Times: user=0.17 sys=0.00, real=0.04 secs] 
103.878: [GC (CMS Initial Mark) [1 CMS-initial-mark: 6326K(6848K)] 9078K(9920K), 0.0030528 secs] [Times: user=0.01 sys=0.00, real=0.01 secs] 
103.881: [CMS-concurrent-mark-start]
103.881: [GC (Allocation Failure) 103.881: [ParNew (promotion failed): 2751K->2997K(3072K), 0.0217391 secs]103.903: [CMS103.906: [CMS-concurrent-mark: 0.003/0.025 secs] [Times: user=0.16 sys=0.00, real=0.02 secs] 
 (concurrent mode failure): 6328K->6326K(6848K), 0.0199973 secs] 9078K->9078K(9920K), [Metaspace: 3748K->3748K(1056768K)], 0.0418007 secs] [Times: user=0.18 sys=0.00, real=0.04 secs] 
103.923: [GC (Allocation Failure) 103.923: [ParNew (promotion failed): 2751K->2997K(3072K), 0.0140193 secs]103.938: [CMS: 6328K->6326K(6848K), 0.0165933 secs] 9078K->9078K(9920K), [Metaspace: 3748K->3748K(1056768K)], 0.0306718 secs] [Times: user=0.12 sys=0.00, real=0.03 secs] 
103.955: [GC (CMS Initial Mark) [1 CMS-initial-mark: 6326K(6848K)] 9078K(9920K), 0.0030728 secs] [Times: user=0.00 sys=0.00, real=0.00 secs] 
103.958: [CMS-concurrent-mark-start]
103.958: [GC (Allocation Failure) 103.958: [ParNew (promotion failed): 2751K->3046K(3072K), 0.0174147 secs]103.975: [CMS103.979: [CMS-concurrent-mark: 0.003/0.021 secs] [Times: user=0.13 sys=0.01, real=0.02 secs] 
 (concurrent mode failure): 6328K->6326K(6848K), 0.0197015 secs] 9078K->9078K(9920K), [Metaspace: 3748K->3748K(1056768K)], 0.0371797 secs] [Times: user=0.14 sys=0.01, real=0.04 secs] 
103.995: [GC (Allocation Failure) 103.995: [ParNew (promotion failed): 2751K->2997K(3072K), 0.0148495 secs]104.010: [CMS: 6328K->6326K(6848K), 0.0164790 secs] 9078K->9078K(9920K), [Metaspace: 3748K->3748K(1056768K)], 0.0313895 secs] [Times: user=0.12 sys=0.00, real=0.03 secs] 
104.027: [GC (CMS Initial Mark) [1 CMS-initial-mark: 6326K(6848K)] 9078K(9920K), 0.0030435 secs] [Times: user=0.01 sys=0.00, real=0.01 secs] 
104.030: [CMS-concurrent-mark-start]
104.030: [GC (Allocation Failure) 104.030: [ParNew (promotion failed): 2751K->3022K(3072K), 0.0206792 secs]104.051: [CMS104.054: [CMS-concurrent-mark: 0.003/0.024 secs] [Times: user=0.15 sys=0.00, real=0.02 secs] 
 (concurrent mode failure): 6328K->6326K(6848K), 0.0199231 secs] 9078K->9078K(9920K), [Metaspace: 3748K->3748K(1056768K)], 0.0406696 secs] [Times: user=0.17 sys=0.00, real=0.04 secs] 
104.071: [GC (Allocation Failure) 104.071: [ParNew (promotion failed): 2751K->2997K(3072K), 0.0145531 secs]104.086: [CMS: 6328K->6326K(6848K), 0.0166191 secs] 9078K->9078K(9920K), [Metaspace: 3748K->3748K(1056768K)], 0.0312480 secs] [Times: user=0.12 sys=0.00, real=0.03 secs] 
104.103: [GC (CMS Initial Mark) [1 CMS-initial-mark: 6326K(6848K)] 9078K(9920K), 0.0030633 secs] [Times: user=0.00 sys=0.00, real=0.00 secs] 
104.106: [CMS-concurrent-mark-start]
104.106: [GC (Allocation Failure) 104.106: [ParNew (promotion failed): 2751K->2997K(3072K), 0.0175467 secs]104.125: [CMS104.128: [CMS-concurrent-mark: 0.004/0.022 secs] [Times: user=0.14 sys=0.00, real=0.02 secs] 
 (concurrent mode failure): 6328K->6326K(6848K), 0.0202075 secs] 9078K->9078K(9920K), [Metaspace: 3748K->3748K(1056768K)], 0.0387814 secs] [Times: user=0.16 sys=0.00, real=0.04 secs] 
104.146: [GC (Allocation Failure) 104.146: [ParNew (promotion failed): 2751K->2997K(3072K), 0.0172600 secs]104.163: [CMS: 6329K->6326K(6848K), 0.0166028 secs] 9078K->9078K(9920K), [Metaspace: 3748K->3748K(1056768K)], 0.0339185 secs] [Times: user=0.14 sys=0.00, real=0.04 secs] 
104.180: [GC (CMS Initial Mark) [1 CMS-initial-mark: 6326K(6848K)] 9078K(9920K), 0.0030476 secs] [Times: user=0.01 sys=0.00, real=0.00 secs] 
104.183: [CMS-concurrent-mark-start]
104.184: [GC (Allocation Failure) 104.184: [ParNew (promotion failed): 2751K->2997K(3072K), 0.0169574 secs]104.201: [CMS104.204: [CMS-concurrent-mark: 0.004/0.021 secs] [Times: user=0.13 sys=0.00, real=0.02 secs] 
 (concurrent mode failure): 6329K->6326K(6848K), 0.0194808 secs] 9078K->9078K(9920K), [Metaspace: 3748K->3748K(1056768K)], 0.0365059 secs] [Times: user=0.14 sys=0.00, real=0.04 secs] 
104.221: [GC (Allocation Failure) 104.221: [ParNew (promotion failed): 2751K->2997K(3072K), 0.0198015 secs]104.241: [CMS: 6328K->6326K(6848K), 0.0165176 secs] 9078K->9078K(9920K), [Metaspace: 3748K->3748K(1056768K)], 0.0363852 secs] [Times: user=0.16 sys=0.00, real=0.03 secs] 
104.257: [GC (CMS Initial Mark) [1 CMS-initial-mark: 6326K(6848K)] 9078K(9920K), 0.0030622 secs] [Times: user=0.00 sys=0.00, real=0.01 secs] 
104.260: [CMS-concurrent-mark-start]
104.261: [GC (Allocation Failure) 104.261: [ParNew (promotion failed): 2751K->2997K(3072K), 0.0148040 secs]104.275: [CMS104.279: [CMS-concurrent-mark: 0.004/0.018 secs] [Times: user=0.12 sys=0.00, real=0.02 secs] 
 (concurrent mode failure): 6328K->6326K(6848K), 0.0200113 secs] 9078K->9078K(9920K), [Metaspace: 3748K->3748K(1056768K)], 0.0348800 secs] [Times: user=0.14 sys=0.00, real=0.03 secs] 
104.296: [GC (Allocation Failure) 104.296: [ParNew (promotion failed): 2751K->2997K(3072K), 0.0143734 secs]104.310: [CMS: 6328K->6326K(6848K), 0.0165868 secs] 9078K->9078K(9920K), [Metaspace: 3748K->3748K(1056768K)], 0.0310232 secs] [Times: user=0.12 sys=0.00, real=0.03 secs] 
104.327: [GC (CMS Initial Mark) [1 CMS-initial-mark: 6326K(6848K)] 9078K(9920K), 0.0030876 secs] [Times: user=0.00 sys=0.00, real=0.01 secs] 
104.330: [CMS-concurrent-mark-start]
104.330: [GC (Allocation Failure) 104.330: [ParNew (promotion failed): 2751K->2997K(3072K), 0.0173148 secs]104.348: [CMS104.351: [CMS-concurrent-mark: 0.004/0.021 secs] [Times: user=0.14 sys=0.01, real=0.02 secs] 
 (concurrent mode failure): 6328K->6326K(6848K), 0.0199780 secs] 9078K->9078K(9920K), [Metaspace: 3748K->3748K(1056768K)], 0.0373529 secs] [Times: user=0.16 sys=0.01, real=0.03 secs] 
104.368: [GC (Allocation Failure) 104.368: [ParNew (promotion failed): 2751K->2997K(3072K), 0.0182126 secs]104.386: [CMS: 6329K->6326K(6848K), 0.0165817 secs] 9078K->9078K(9920K), [Metaspace: 3748K->3748K(1056768K)], 0.0348697 secs] [Times: user=0.15 sys=0.00, real=0.04 secs] 
104.404: [GC (CMS Initial Mark) [1 CMS-initial-mark: 6326K(6848K)] 9078K(9920K), 0.0030588 secs] [Times: user=0.01 sys=0.00, real=0.00 secs] 
104.407: [CMS-concurrent-mark-start]
104.407: [GC (Allocation Failure) 104.407: [ParNew (promotion failed): 2751K->3022K(3072K), 0.0152372 secs]104.422: [CMS104.426: [CMS-concurrent-mark: 0.003/0.019 secs] [Times: user=0.12 sys=0.00, real=0.02 secs] 
 (concurrent mode failure): 6329K->6326K(6848K), 0.0200178 secs] 9078K->9078K(9920K), [Metaspace: 3748K->3748K(1056768K)], 0.0353231 secs] [Times: user=0.13 sys=0.00, real=0.04 secs] 
104.443: [GC (Allocation Failure) 104.443: [ParNew (promotion failed): 2751K->2997K(3072K), 0.0259990 secs]104.469: [CMS: 6329K->6326K(6848K), 0.0164847 secs] 9078K->9078K(9920K), [Metaspace: 3748K->3748K(1056768K)], 0.0425539 secs] [Times: user=0.22 sys=0.00, real=0.04 secs] 
104.486: [GC (CMS Initial Mark) [1 CMS-initial-mark: 6326K(6848K)] 9078K(9920K), 0.0030665 secs] [Times: user=0.00 sys=0.00, real=0.01 secs] 
104.489: [CMS-concurrent-mark-start]
104.490: [GC (Allocation Failure) 104.490: [ParNew (promotion failed): 2751K->2997K(3072K), 0.0177755 secs]104.507: [CMS104.511: [CMS-concurrent-mark: 0.004/0.021 secs] [Times: user=0.12 sys=0.00, real=0.02 secs] 
 (concurrent mode failure): 6328K->6326K(6848K), 0.0199125 secs] 9078K->9078K(9920K), [Metaspace: 3748K->3748K(1056768K)], 0.0377558 secs] [Times: user=0.14 sys=0.00, real=0.03 secs] 
104.528: [GC (Allocation Failure) 104.528: [ParNew (promotion failed): 2751K->3022K(3072K), 0.0184206 secs]104.546: [CMS: 6328K->6326K(6848K), 0.0165782 secs] 9078K->9078K(9920K), [Metaspace: 3748K->3748K(1056768K)], 0.0350704 secs] [Times: user=0.16 sys=0.00, real=0.04 secs] 
104.563: [GC (CMS Initial Mark) [1 CMS-initial-mark: 6326K(6848K)] 9078K(9920K), 0.0030591 secs] [Times: user=0.00 sys=0.00, real=0.00 secs] 
104.566: [CMS-concurrent-mark-start]
104.566: [GC (Allocation Failure) 104.566: [ParNew (promotion failed): 2751K->3022K(3072K), 0.0243228 secs]104.590: [CMS104.594: [CMS-concurrent-mark: 0.003/0.028 secs] [Times: user=0.19 sys=0.00, real=0.03 secs] 
 (concurrent mode failure): 6328K->6326K(6848K), 0.0198873 secs] 9078K->9078K(9920K), [Metaspace: 3748K->3748K(1056768K)], 0.0442766 secs] [Times: user=0.21 sys=0.00, real=0.05 secs] 
104.611: [GC (Allocation Failure) 104.611: [ParNew (promotion failed): 2751K->2997K(3072K), 0.0146510 secs]104.625: [CMS: 6329K->6326K(6848K), 0.0166322 secs] 9078K->9078K(9920K), [Metaspace: 3748K->3748K(1056768K)], 0.0313357 secs] [Times: user=0.12 sys=0.00, real=0.03 secs] 
104.642: [GC (CMS Initial Mark) [1 CMS-initial-mark: 6326K(6848K)] 9078K(9920K), 0.0031005 secs] [Times: user=0.01 sys=0.00, real=0.00 secs] 
104.646: [CMS-concurrent-mark-start]
104.646: [GC (Allocation Failure) 104.646: [ParNew (promotion failed): 2751K->2972K(3072K), 0.0226569 secs]104.668: [CMS104.672: [CMS-concurrent-mark: 0.003/0.026 secs] [Times: user=0.16 sys=0.01, real=0.03 secs] 
 (concurrent mode failure): 6329K->6326K(6848K), 0.0201863 secs] 9078K->9078K(9920K), [Metaspace: 3748K->3748K(1056768K)], 0.0429256 secs] [Times: user=0.18 sys=0.01, real=0.04 secs] 
104.689: [GC (Allocation Failure) 104.689: [ParNew (promotion failed): 2751K->2997K(3072K), 0.0243626 secs]104.714: [CMS: 6329K->6326K(6848K), 0.0167590 secs] 9079K->9078K(9920K), [Metaspace: 3748K->3748K(1056768K)], 0.0411890 secs] [Times: user=0.19 sys=0.00, real=0.04 secs] 
104.731: [GC (CMS Initial Mark) [1 CMS-initial-mark: 6327K(6848K)] 9079K(9920K), 0.0030665 secs] [Times: user=0.00 sys=0.00, real=0.00 secs] 
104.734: [CMS-concurrent-mark-start]
104.735: [GC (Allocation Failure) 104.735: [ParNew (promotion failed): 2751K->3022K(3072K), 0.0168397 secs]104.752: [CMS104.755: [CMS-concurrent-mark: 0.004/0.021 secs] [Times: user=0.13 sys=0.00, real=0.02 secs] 
 (concurrent mode failure): 6329K->6326K(6848K), 0.0196941 secs] 9079K->9078K(9920K), [Metaspace: 3748K->3748K(1056768K)], 0.0366000 secs] [Times: user=0.14 sys=0.00, real=0.04 secs] 
104.772: [GC (Allocation Failure) 104.772: [ParNew (promotion failed): 2751K->2997K(3072K), 0.0175210 secs]104.789: [CMS: 6328K->6326K(6848K), 0.0174295 secs] 9078K->9078K(9920K), [Metaspace: 3748K->3748K(1056768K)], 0.0350312 secs] [Times: user=0.13 sys=0.00, real=0.03 secs] 
104.807: [GC (CMS Initial Mark) [1 CMS-initial-mark: 6326K(6848K)] 9078K(9920K), 0.0031232 secs] [Times: user=0.01 sys=0.00, real=0.01 secs] 
104.810: [CMS-concurrent-mark-start]
104.810: [GC (Allocation Failure) 104.811: [ParNew (promotion failed): 2751K->3046K(3072K), 0.0232021 secs]104.834: [CMS104.837: [CMS-concurrent-mark: 0.003/0.027 secs] [Times: user=0.17 sys=0.00, real=0.02 secs] 
 (concurrent mode failure): 6328K->6326K(6848K), 0.0202457 secs] 9078K->9078K(9920K), [Metaspace: 3748K->3748K(1056768K)], 0.0435182 secs] [Times: user=0.19 sys=0.00, real=0.04 secs] 
104.854: [GC (Allocation Failure) 104.854: [ParNew (promotion failed): 2751K->3022K(3072K), 0.0188182 secs]104.873: [CMS: 6328K->6326K(6848K), 0.0167200 secs] 9078K->9078K(9920K), [Metaspace: 3748K->3748K(1056768K)], 0.0356035 secs] [Times: user=0.15 sys=0.00, real=0.04 secs] 
104.890: [GC (CMS Initial Mark) [1 CMS-initial-mark: 6326K(6848K)] 9078K(9920K), 0.0030785 secs] [Times: user=0.00 sys=0.00, real=0.00 secs] 
104.893: [CMS-concurrent-mark-start]
104.894: [GC (Allocation Failure) 104.894: [ParNew (promotion failed): 2751K->2997K(3072K), 0.0216016 secs]104.915: [CMS104.919: [CMS-concurrent-mark: 0.004/0.025 secs] [Times: user=0.17 sys=0.01, real=0.02 secs] 
 (concurrent mode failure): 6329K->6326K(6848K), 0.0198688 secs] 9078K->9078K(9920K), [Metaspace: 3748K->3748K(1056768K)], 0.0415381 secs] [Times: user=0.19 sys=0.01, real=0.04 secs] 
104.936: [GC (Allocation Failure) 104.936: [ParNew (promotion failed): 2751K->3022K(3072K), 0.0235278 secs]104.959: [CMS: 6329K->6326K(6848K), 0.0166221 secs] 9079K->9078K(9920K), [Metaspace: 3748K->3748K(1056768K)], 0.0402294 secs] [Times: user=0.17 sys=0.00, real=0.04 secs] 
104.977: [GC (CMS Initial Mark) [1 CMS-initial-mark: 6327K(6848K)] 9079K(9920K), 0.0030932 secs] [Times: user=0.01 sys=0.00, real=0.01 secs] 
104.980: [CMS-concurrent-mark-start]
104.980: [GC (Allocation Failure) 104.980: [ParNew (promotion failed): 2751K->2997K(3072K), 0.0185993 secs]104.998: [CMS105.002: [CMS-concurrent-mark: 0.003/0.022 secs] [Times: user=0.14 sys=0.00, real=0.02 secs] 
 (concurrent mode failure): 6329K->6326K(6848K), 0.0200205 secs] 9079K->9078K(9920K), [Metaspace: 3748K->3748K(1056768K)], 0.0386834 secs] [Times: user=0.16 sys=0.00, real=0.03 secs] 
105.019: [GC (Allocation Failure) 105.019: [ParNew (promotion failed): 2751K->3022K(3072K), 0.0196417 secs]105.039: [CMS: 6329K->6326K(6848K), 0.0168266 secs] 9079K->9078K(9920K), [Metaspace: 3748K->3748K(1056768K)], 0.0365446 secs] [Times: user=0.14 sys=0.00, real=0.03 secs] 
105.056: [GC (CMS Initial Mark) [1 CMS-initial-mark: 6326K(6848K)] 9078K(9920K), 0.0030822 secs] [Times: user=0.01 sys=0.00, real=0.01 secs] 
105.059: [CMS-concurrent-mark-start]
105.060: [GC (Allocation Failure) 105.060: [ParNew (promotion failed): 2751K->3022K(3072K), 0.0141846 secs]105.074: [CMS105.077: [CMS-concurrent-mark: 0.004/0.018 secs] [Times: user=0.11 sys=0.00, real=0.01 secs] 
 (concurrent mode failure): 6329K->6326K(6848K), 0.0197839 secs] 9078K->9078K(9920K), [Metaspace: 3748K->3748K(1056768K)], 0.0340414 secs] [Times: user=0.12 sys=0.00, real=0.03 secs] 
105.094: [GC (Allocation Failure) 105.094: [ParNew (promotion failed): 2751K->2997K(3072K), 0.0254770 secs]105.120: [CMS: 6328K->6326K(6848K), 0.0166377 secs] 9078K->9078K(9920K), [Metaspace: 3748K->3748K(1056768K)], 0.0421738 secs] [Times: user=0.21 sys=0.00, real=0.04 secs] 
105.137: [GC (CMS Initial Mark) [1 CMS-initial-mark: 6326K(6848K)] 9078K(9920K), 0.0030378 secs] [Times: user=0.01 sys=0.00, real=0.01 secs] 
105.140: [CMS-concurrent-mark-start]
105.140: [GC (Allocation Failure) 105.140: [ParNew (promotion failed): 2751K->2997K(3072K), 0.0230519 secs]105.163: [CMS105.166: [CMS-concurrent-mark: 0.003/0.027 secs] [Times: user=0.18 sys=0.00, real=0.02 secs] 
 (concurrent mode failure): 6329K->6326K(6848K), 0.0198888 secs] 9078K->9078K(9920K), [Metaspace: 3748K->3748K(1056768K)], 0.0430106 secs] [Times: user=0.19 sys=0.00, real=0.04 secs] 
105.183: [GC (Allocation Failure) 105.183: [ParNew (promotion failed): 2751K->3022K(3072K), 0.0180777 secs]105.201: [CMS: 6329K->6327K(6848K), 0.0165949 secs] 9079K->9079K(9920K), [Metaspace: 3748K->3748K(1056768K)], 0.0347324 secs] [Times: user=0.15 sys=0.00, real=0.03 secs] 
105.218: [GC (CMS Initial Mark) [1 CMS-initial-mark: 6327K(6848K)] 9079K(9920K), 0.0031246 secs] [Times: user=0.00 sys=0.00, real=0.01 secs] 
105.221: [CMS-concurrent-mark-start]
105.221: [GC (Allocation Failure) 105.221: [ParNew (promotion failed): 2751K->3022K(3072K), 0.0159448 secs]105.237: [CMS105.241: [CMS-concurrent-mark: 0.003/0.020 secs] [Times: user=0.12 sys=0.01, real=0.02 secs] 
 (concurrent mode failure): 6329K->6327K(6848K), 0.0201790 secs] 9079K->9079K(9920K), [Metaspace: 3748K->3748K(1056768K)], 0.0361950 secs] [Times: user=0.13 sys=0.01, real=0.03 secs] 
105.258: [GC (Allocation Failure) 105.259: [ParNew (promotion failed): 2751K->2997K(3072K), 0.0212430 secs]105.280: [CMS: 6329K->6327K(6848K), 0.0168672 secs] 9079K->9079K(9920K), [Metaspace: 3748K->3748K(1056768K)], 0.0381867 secs] [Times: user=0.17 sys=0.00, real=0.04 secs] 
105.297: [GC (CMS Initial Mark) [1 CMS-initial-mark: 6327K(6848K)] 9079K(9920K), 0.0031119 secs] [Times: user=0.00 sys=0.00, real=0.01 secs] 
105.300: [CMS-concurrent-mark-start]
105.301: [GC (Allocation Failure) 105.301: [ParNew (promotion failed): 2751K->2997K(3072K), 0.0164630 secs]105.317: [CMS105.320: [CMS-concurrent-mark: 0.004/0.020 secs] [Times: user=0.13 sys=0.00, real=0.02 secs] 
 (concurrent mode failure): 6329K->6326K(6848K), 0.0200746 secs] 9079K->9078K(9920K), [Metaspace: 3748K->3748K(1056768K)], 0.0384463 secs] [Times: user=0.14 sys=0.00, real=0.04 secs] 
105.341: [GC (Allocation Failure) 105.341: [ParNew (promotion failed): 2751K->2972K(3072K), 0.0198893 secs]105.361: [CMS: 6329K->6326K(6848K), 0.0173926 secs] 9078K->9078K(9920K), [Metaspace: 3748K->3748K(1056768K)], 0.0373757 secs] [Times: user=0.14 sys=0.00, real=0.03 secs] 
105.379: [GC (CMS Initial Mark) [1 CMS-initial-mark: 6326K(6848K)] 9078K(9920K), 0.0030946 secs] [Times: user=0.00 sys=0.00, real=0.00 secs] 
105.382: [CMS-concurrent-mark-start]
105.382: [GC (Allocation Failure) 105.382: [ParNew (promotion failed): 2751K->2997K(3072K), 0.0180438 secs]105.400: [CMS105.404: [CMS-concurrent-mark: 0.004/0.022 secs] [Times: user=0.12 sys=0.00, real=0.02 secs] 
 (concurrent mode failure): 6329K->6326K(6848K), 0.0203717 secs] 9078K->9078K(9920K), [Metaspace: 3748K->3748K(1056768K)], 0.0384952 secs] [Times: user=0.14 sys=0.00, real=0.04 secs] 
105.421: [GC (Allocation Failure) 105.421: [ParNew (promotion failed): 2751K->3022K(3072K), 0.0170363 secs]105.438: [CMS: 6329K->6326K(6848K), 0.0166660 secs] 9078K->9078K(9920K), [Metaspace: 3748K->3748K(1056768K)], 0.0337764 secs] [Times: user=0.14 sys=0.00, real=0.03 secs] 
105.455: [GC (CMS Initial Mark) [1 CMS-initial-mark: 6327K(6848K)] 9079K(9920K), 0.0030836 secs] [Times: user=0.00 sys=0.00, real=0.00 secs] 
105.458: [CMS-concurrent-mark-start]
105.458: [GC (Allocation Failure) 105.458: [ParNew (promotion failed): 2751K->3071K(3072K), 0.0198121 secs]105.478: [CMS105.482: [CMS-concurrent-mark: 0.004/0.023 secs] [Times: user=0.15 sys=0.00, real=0.03 secs] 
 (concurrent mode failure): 6329K->6327K(6848K), 0.0199349 secs] 9079K->9079K(9920K), [Metaspace: 3748K->3748K(1056768K)], 0.0398103 secs] [Times: user=0.17 sys=0.00, real=0.04 secs] 
105.499: [GC (Allocation Failure) 105.499: [ParNew (promotion failed): 2751K->2997K(3072K), 0.0158530 secs]105.514: [CMS: 6329K->6327K(6848K), 0.0172526 secs] 9079K->9079K(9920K), [Metaspace: 3748K->3748K(1056768K)], 0.0332122 secs] [Times: user=0.10 sys=0.01, real=0.04 secs] 
105.533: [GC (CMS Initial Mark) [1 CMS-initial-mark: 6327K(6848K)] 9079K(9920K), 0.0030991 secs] [Times: user=0.00 sys=0.00, real=0.00 secs] 
105.536: [CMS-concurrent-mark-start]
105.536: [GC (Allocation Failure) 105.536: [ParNew (promotion failed): 2751K->2972K(3072K), 0.0219427 secs]105.558: [CMS105.561: [CMS-concurrent-mark: 0.003/0.026 secs] [Times: user=0.17 sys=0.00, real=0.03 secs] 
 (concurrent mode failure): 6329K->6327K(6848K), 0.0202103 secs] 9079K->9079K(9920K), [Metaspace: 3748K->3748K(1056768K)], 0.0422346 secs] [Times: user=0.18 sys=0.00, real=0.04 secs] 
105.579: [GC (Allocation Failure) 105.579: [ParNew (promotion failed): 2751K->3022K(3072K), 0.0158419 secs]105.595: [CMS: 6329K->6326K(6848K), 0.0166521 secs] 9079K->9078K(9920K), [Metaspace: 3748K->3748K(1056768K)], 0.0325698 secs] [Times: user=0.13 sys=0.00, real=0.03 secs] 
105.612: [GC (CMS Initial Mark) [1 CMS-initial-mark: 6327K(6848K)] 9079K(9920K), 0.0030721 secs] [Times: user=0.00 sys=0.00, real=0.00 secs] 
105.615: [CMS-concurrent-mark-start]
105.615: [GC (Allocation Failure) 105.615: [ParNew (promotion failed): 2751K->2997K(3072K), 0.0145489 secs]105.630: [CMS105.633: [CMS-concurrent-mark: 0.004/0.018 secs] [Times: user=0.12 sys=0.00, real=0.02 secs] 
 (concurrent mode failure): 6329K->6326K(6848K), 0.0197053 secs] 9079K->9078K(9920K), [Metaspace: 3748K->3748K(1056768K)], 0.0343161 secs] [Times: user=0.13 sys=0.00, real=0.04 secs] 
105.650: [GC (Allocation Failure) 105.650: [ParNew (promotion failed): 2751K->3022K(3072K), 0.0227976 secs]105.673: [CMS: 6329K->6326K(6848K), 0.0166487 secs] 9078K->9078K(9920K), [Metaspace: 3748K->3748K(1056768K)], 0.0395153 secs] [Times: user=0.19 sys=0.00, real=0.04 secs] 
105.690: [GC (CMS Initial Mark) [1 CMS-initial-mark: 6327K(6848K)] 9079K(9920K), 0.0030474 secs] [Times: user=0.00 sys=0.00, real=0.00 secs] 
105.693: [CMS-concurrent-mark-start]
105.693: [GC (Allocation Failure) 105.693: [ParNew (promotion failed): 2751K->3022K(3072K), 0.0214807 secs]105.714: [CMS105.718: [CMS-concurrent-mark: 0.003/0.025 secs] [Times: user=0.16 sys=0.00, real=0.02 secs] 
 (concurrent mode failure): 6329K->6327K(6848K), 0.0200449 secs] 9079K->9079K(9920K), [Metaspace: 3748K->3748K(1056768K)], 0.0416022 secs] [Times: user=0.18 sys=0.00, real=0.04 secs] 
105.735: [GC (Allocation Failure) 105.735: [ParNew (promotion failed): 2751K->3022K(3072K), 0.0188766 secs]105.754: [CMS: 6329K->6327K(6848K), 0.0167334 secs] 9079K->9079K(9920K), [Metaspace: 3748K->3748K(1056768K)], 0.0356767 secs] [Times: user=0.15 sys=0.00, real=0.04 secs] 
105.771: [GC (CMS Initial Mark) [1 CMS-initial-mark: 6327K(6848K)] 9079K(9920K), 0.0030535 secs] [Times: user=0.00 sys=0.00, real=0.00 secs] 
105.774: [CMS-concurrent-mark-start]
105.774: [GC (Allocation Failure) 105.774: [ParNew (promotion failed): 2751K->3071K(3072K), 0.0229524 secs]105.797: [CMS105.801: [CMS-concurrent-mark: 0.003/0.027 secs] [Times: user=0.17 sys=0.01, real=0.03 secs] 
 (concurrent mode failure): 6329K->6327K(6848K), 0.0201100 secs] 9079K->9079K(9920K), [Metaspace: 3748K->3748K(1056768K)], 0.0431401 secs] [Times: user=0.19 sys=0.01, real=0.04 secs] 
105.818: [GC (Allocation Failure) 105.818: [ParNew (promotion failed): 2751K->2997K(3072K), 0.0218009 secs]105.840: [CMS: 6329K->6327K(6848K), 0.0166952 secs] 9079K->9079K(9920K), [Metaspace: 3748K->3748K(1056768K)], 0.0385700 secs] [Times: user=0.17 sys=0.00, real=0.04 secs] 
105.857: [GC (CMS Initial Mark) [1 CMS-initial-mark: 6327K(6848K)] 9079K(9920K), 0.0030900 secs] [Times: user=0.00 sys=0.00, real=0.01 secs] 
105.860: [CMS-concurrent-mark-start]
105.861: [GC (Allocation Failure) 105.861: [ParNew (promotion failed): 2751K->2997K(3072K), 0.0223190 secs]105.883: [CMS105.886: [CMS-concurrent-mark: 0.004/0.026 secs] [Times: user=0.17 sys=0.00, real=0.02 secs] 
 (concurrent mode failure): 6329K->6326K(6848K), 0.0198757 secs] 9079K->9078K(9920K), [Metaspace: 3748K->3748K(1056768K)], 0.0422694 secs] [Times: user=0.18 sys=0.00, real=0.04 secs] 
105.904: [GC (Allocation Failure) 105.904: [ParNew (promotion failed): 2751K->3022K(3072K), 0.0171394 secs]105.921: [CMS: 6329K->6326K(6848K), 0.0167275 secs] 9079K->9078K(9920K), [Metaspace: 3748K->3748K(1056768K)], 0.0339365 secs] [Times: user=0.14 sys=0.00, real=0.03 secs] 
105.938: [GC (CMS Initial Mark) [1 CMS-initial-mark: 6327K(6848K)] 9079K(9920K), 0.0031047 secs] [Times: user=0.00 sys=0.00, real=0.01 secs] 
105.941: [CMS-concurrent-mark-start]
105.941: [GC (Allocation Failure) 105.941: [ParNew (promotion failed): 2751K->3022K(3072K), 0.0151568 secs]105.956: [CMS105.960: [CMS-concurrent-mark: 0.003/0.019 secs] [Times: user=0.12 sys=0.00, real=0.02 secs] 
 (concurrent mode failure): 6329K->6327K(6848K), 0.0200735 secs] 9079K->9079K(9920K), [Metaspace: 3748K->3748K(1056768K)], 0.0353079 secs] [Times: user=0.13 sys=0.00, real=0.03 secs] 
105.977: [GC (Allocation Failure) 105.977: [ParNew (promotion failed): 2751K->3022K(3072K), 0.0191444 secs]105.996: [CMS: 6329K->6327K(6848K), 0.0168136 secs] 9079K->9079K(9920K), [Metaspace: 3748K->3748K(1056768K)], 0.0360281 secs] [Times: user=0.16 sys=0.00, real=0.04 secs] 
106.013: [GC (CMS Initial Mark) [1 CMS-initial-mark: 6327K(6848K)] 9079K(9920K), 0.0031038 secs] [Times: user=0.00 sys=0.00, real=0.00 secs] 
106.016: [CMS-concurrent-mark-start]
106.016: [GC (Allocation Failure) 106.016: [ParNew (promotion failed): 2751K->3022K(3072K), 0.0169403 secs]106.033: [CMS106.037: [CMS-concurrent-mark: 0.004/0.021 secs] [Times: user=0.13 sys=0.00, real=0.02 secs] 
 (concurrent mode failure): 6329K->6327K(6848K), 0.0202313 secs] 9079K->9079K(9920K), [Metaspace: 3748K->3748K(1056768K)], 0.0372398 secs] [Times: user=0.14 sys=0.00, real=0.04 secs] 
106.054: [GC (Allocation Failure) 106.054: [ParNew (promotion failed): 2751K->3022K(3072K), 0.0193715 secs]106.073: [CMS: 6329K->6327K(6848K), 0.0173003 secs] 9079K->9079K(9920K), [Metaspace: 3748K->3748K(1056768K)], 0.0367420 secs] [Times: user=0.14 sys=0.00, real=0.04 secs] 
106.091: [GC (CMS Initial Mark) [1 CMS-initial-mark: 6327K(6848K)] 9079K(9920K), 0.0030770 secs] [Times: user=0.01 sys=0.00, real=0.00 secs] 
106.095: [CMS-concurrent-mark-start]
106.095: [GC (Allocation Failure) 106.095: [ParNew (promotion failed): 2751K->2997K(3072K), 0.0148214 secs]106.109: [CMS106.113: [CMS-concurrent-mark: 0.003/0.018 secs] [Times: user=0.11 sys=0.00, real=0.02 secs] 
 (concurrent mode failure): 6329K->6327K(6848K), 0.0201112 secs] 9079K->9079K(9920K), [Metaspace: 3748K->3748K(1056768K)], 0.0350042 secs] [Times: user=0.12 sys=0.00, real=0.04 secs] 
106.130: [GC (Allocation Failure) 106.130: [ParNew (promotion failed): 2751K->2997K(3072K), 0.0187484 secs]106.149: [CMS: 6329K->6327K(6848K), 0.0167421 secs] 9079K->9079K(9920K), [Metaspace: 3748K->3748K(1056768K)], 0.0355630 secs] [Times: user=0.16 sys=0.00, real=0.03 secs] 
106.166: [GC (CMS Initial Mark) [1 CMS-initial-mark: 6327K(6848K)] 9079K(9920K), 0.0030739 secs] [Times: user=0.00 sys=0.00, real=0.01 secs] 
106.170: [CMS-concurrent-mark-start]
106.170: [GC (Allocation Failure) 106.170: [ParNew (promotion failed): 2751K->3022K(3072K), 0.0155969 secs]106.186: [CMS106.189: [CMS-concurrent-mark: 0.004/0.019 secs] [Times: user=0.12 sys=0.00, real=0.01 secs] 
 (concurrent mode failure): 6329K->6327K(6848K), 0.0197605 secs] 9079K->9079K(9920K), [Metaspace: 3748K->3748K(1056768K)], 0.0354276 secs] [Times: user=0.14 sys=0.00, real=0.03 secs] 
106.206: [GC (Allocation Failure) 106.206: [ParNew (promotion failed): 2751K->2997K(3072K), 0.0183490 secs]106.224: [CMS: 6329K->6327K(6848K), 0.0166348 secs] 9079K->9079K(9920K), [Metaspace: 3748K->3748K(1056768K)], 0.0350616 secs] [Times: user=0.15 sys=0.00, real=0.04 secs] 
106.241: [GC (CMS Initial Mark) [1 CMS-initial-mark: 6327K(6848K)] 9079K(9920K), 0.0030448 secs] [Times: user=0.00 sys=0.00, real=0.00 secs] 
106.244: [CMS-concurrent-mark-start]
106.244: [GC (Allocation Failure) 106.244: [ParNew (promotion failed): 2751K->2997K(3072K), 0.0198895 secs]106.264: [CMS106.267: [CMS-concurrent-mark: 0.003/0.023 secs] [Times: user=0.16 sys=0.00, real=0.02 secs] 
 (concurrent mode failure): 6329K->6327K(6848K), 0.0199066 secs] 9079K->9079K(9920K), [Metaspace: 3748K->3748K(1056768K)], 0.0398587 secs] [Times: user=0.18 sys=0.00, real=0.04 secs] 
106.284: [GC (Allocation Failure) 106.284: [ParNew (promotion failed): 2751K->3022K(3072K), 0.0174559 secs]106.302: [CMS: 6329K->6327K(6848K), 0.0166100 secs] 9079K->9079K(9920K), [Metaspace: 3748K->3748K(1056768K)], 0.0341244 secs] [Times: user=0.14 sys=0.01, real=0.03 secs] 
106.319: [GC (CMS Initial Mark) [1 CMS-initial-mark: 6327K(6848K)] 9079K(9920K), 0.0030442 secs] [Times: user=0.00 sys=0.00, real=0.00 secs] 
106.322: [CMS-concurrent-mark-start]
106.322: [GC (Allocation Failure) 106.322: [ParNew (promotion failed): 2751K->2997K(3072K), 0.0211660 secs]106.343: [CMS106.347: [CMS-concurrent-mark: 0.004/0.025 secs] [Times: user=0.17 sys=0.00, real=0.02 secs] 
 (concurrent mode failure): 6329K->6327K(6848K), 0.0200486 secs] 9079K->9079K(9920K), [Metaspace: 3748K->3748K(1056768K)], 0.0412850 secs] [Times: user=0.18 sys=0.00, real=0.04 secs] 
106.364: [GC (Allocation Failure) 106.364: [ParNew (promotion failed): 2751K->3022K(3072K), 0.0162210 secs]106.380: [CMS: 6329K->6327K(6848K), 0.0165156 secs] 9079K->9079K(9920K), [Metaspace: 3748K->3748K(1056768K)], 0.0328114 secs] [Times: user=0.14 sys=0.00, real=0.03 secs] 
106.397: [GC (CMS Initial Mark) [1 CMS-initial-mark: 6327K(6848K)] 9079K(9920K), 0.0030630 secs] [Times: user=0.00 sys=0.00, real=0.01 secs] 
106.400: [CMS-concurrent-mark-start]
106.401: [GC (Allocation Failure) 106.401: [ParNew (promotion failed): 2751K->3022K(3072K), 0.0212116 secs]106.422: [CMS106.425: [CMS-concurrent-mark: 0.004/0.025 secs] [Times: user=0.17 sys=0.00, real=0.02 secs] 
 (concurrent mode failure): 6329K->6327K(6848K), 0.0195476 secs] 9079K->9079K(9920K), [Metaspace: 3748K->3748K(1056768K)], 0.0408232 secs] [Times: user=0.18 sys=0.00, real=0.04 secs] 
106.442: [GC (Allocation Failure) 106.442: [ParNew (promotion failed): 2751K->3022K(3072K), 0.0222130 secs]106.465: [CMS: 6329K->6327K(6848K), 0.0166055 secs] 9079K->9079K(9920K), [Metaspace: 3748K->3748K(1056768K)], 0.0388884 secs] [Times: user=0.18 sys=0.00, real=0.04 secs] 
106.482: [GC (CMS Initial Mark) [1 CMS-initial-mark: 6327K(6848K)] 9079K(9920K), 0.0030723 secs] [Times: user=0.01 sys=0.00, real=0.00 secs] 
106.485: [CMS-concurrent-mark-start]
106.485: [GC (Allocation Failure) 106.485: [ParNew (promotion failed): 2751K->2997K(3072K), 0.0171571 secs]106.502: [CMS106.505: [CMS-concurrent-mark: 0.004/0.021 secs] [Times: user=0.12 sys=0.00, real=0.02 secs] 
 (concurrent mode failure): 6329K->6327K(6848K), 0.0205831 secs] 9079K->9079K(9920K), [Metaspace: 3748K->3748K(1056768K)], 0.0378085 secs] [Times: user=0.13 sys=0.00, real=0.04 secs] 
106.523: [GC (Allocation Failure) 106.523: [ParNew (promotion failed): 2751K->2997K(3072K), 0.0196455 secs]106.542: [CMS: 6329K->6327K(6848K), 0.0165702 secs] 9079K->9079K(9920K), [Metaspace: 3748K->3748K(1056768K)], 0.0362869 secs] [Times: user=0.16 sys=0.00, real=0.04 secs] 
106.559: [GC (CMS Initial Mark) [1 CMS-initial-mark: 6327K(6848K)] 9079K(9920K), 0.0030532 secs] [Times: user=0.00 sys=0.00, real=0.00 secs] 
106.563: [CMS-concurrent-mark-start]
106.563: [GC (Allocation Failure) 106.563: [ParNew (promotion failed): 2751K->3022K(3072K), 0.0227897 secs]106.586: [CMS106.589: [CMS-concurrent-mark: 0.003/0.026 secs] [Times: user=0.18 sys=0.00, real=0.03 secs] 
 (concurrent mode failure): 6329K->6327K(6848K), 0.0200619 secs] 9079K->9079K(9920K), [Metaspace: 3748K->3748K(1056768K)], 0.0429266 secs] [Times: user=0.19 sys=0.00, real=0.04 secs] 
106.606: [GC (Allocation Failure) 106.606: [ParNew (promotion failed): 2751K->3022K(3072K), 0.0159010 secs]106.622: [CMS: 6329K->6327K(6848K), 0.0169165 secs] 9079K->9079K(9920K), [Metaspace: 3748K->3748K(1056768K)], 0.0328975 secs] [Times: user=0.13 sys=0.00, real=0.04 secs] 
106.640: [GC (CMS Initial Mark) [1 CMS-initial-mark: 6327K(6848K)] 9079K(9920K), 0.0030733 secs] [Times: user=0.00 sys=0.00, real=0.00 secs] 
106.643: [CMS-concurrent-mark-start]
106.643: [GC (Allocation Failure) 106.643: [ParNew (promotion failed): 2751K->2997K(3072K), 0.0203978 secs]106.663: [CMS106.667: [CMS-concurrent-mark: 0.004/0.024 secs] [Times: user=0.16 sys=0.01, real=0.02 secs] 
 (concurrent mode failure): 6329K->6327K(6848K), 0.0201314 secs] 9079K->9079K(9920K), [Metaspace: 3748K->3748K(1056768K)], 0.0406012 secs] [Times: user=0.18 sys=0.01, real=0.04 secs] 
106.684: [GC (Allocation Failure) 106.684: [ParNew (promotion failed): 2751K->2997K(3072K), 0.0229708 secs]106.707: [CMS: 6329K->6327K(6848K), 0.0166717 secs] 9079K->9079K(9920K), [Metaspace: 3748K->3748K(1056768K)], 0.0397093 secs] [Times: user=0.18 sys=0.00, real=0.04 secs] 
106.724: [GC (CMS Initial Mark) [1 CMS-initial-mark: 6327K(6848K)] 9079K(9920K), 0.0030396 secs] [Times: user=0.00 sys=0.00, real=0.00 secs] 
106.727: [CMS-concurrent-mark-start]
106.728: [GC (Allocation Failure) 106.728: [ParNew (promotion failed): 2751K->3022K(3072K), 0.0167551 secs]106.745: [CMS106.748: [CMS-concurrent-mark: 0.004/0.020 secs] [Times: user=0.13 sys=0.00, real=0.02 secs] 
 (concurrent mode failure): 6329K->6327K(6848K), 0.0197659 secs] 9079K->9079K(9920K), [Metaspace: 3748K->3748K(1056768K)], 0.0365847 secs] [Times: user=0.15 sys=0.00, real=0.04 secs] 
106.765: [GC (Allocation Failure) 106.765: [ParNew (promotion failed): 2751K->2997K(3072K), 0.0209381 secs]106.786: [CMS: 6329K->6327K(6848K), 0.0163981 secs] 9079K->9079K(9920K), [Metaspace: 3748K->3748K(1056768K)], 0.0373995 secs] [Times: user=0.17 sys=0.00, real=0.04 secs] 
106.802: [GC (CMS Initial Mark) [1 CMS-initial-mark: 6327K(6848K)] 9079K(9920K), 0.0030575 secs] [Times: user=0.00 sys=0.00, real=0.00 secs] 
106.805: [CMS-concurrent-mark-start]
106.805: [GC (Allocation Failure) 106.805: [ParNew (promotion failed): 2751K->3022K(3072K), 0.0174702 secs]106.823: [CMS106.826: [CMS-concurrent-mark: 0.003/0.021 secs] [Times: user=0.14 sys=0.00, real=0.02 secs] 
 (concurrent mode failure): 6329K->6327K(6848K), 0.0199010 secs] 9079K->9079K(9920K), [Metaspace: 3748K->3748K(1056768K)], 0.0374303 secs] [Times: user=0.15 sys=0.00, real=0.04 secs] 
106.843: [GC (Allocation Failure) 106.843: [ParNew (promotion failed): 2751K->2997K(3072K), 0.0161435 secs]106.860: [CMS: 6329K->6327K(6848K), 0.0164334 secs] 9079K->9079K(9920K), [Metaspace: 3748K->3748K(1056768K)], 0.0326354 secs] [Times: user=0.14 sys=0.00, real=0.03 secs] 
106.876: [GC (CMS Initial Mark) [1 CMS-initial-mark: 6327K(6848K)] 9079K(9920K), 0.0030520 secs] [Times: user=0.01 sys=0.00, real=0.01 secs] 
106.879: [CMS-concurrent-mark-start]
106.880: [GC (Allocation Failure) 106.880: [ParNew (promotion failed): 2751K->2997K(3072K), 0.0161671 secs]106.896: [CMS106.899: [CMS-concurrent-mark: 0.004/0.020 secs] [Times: user=0.12 sys=0.00, real=0.02 secs] 
 (concurrent mode failure): 6329K->6327K(6848K), 0.0205201 secs] 9079K->9079K(9920K), [Metaspace: 3748K->3748K(1056768K)], 0.0367645 secs] [Times: user=0.13 sys=0.00, real=0.03 secs] 
106.917: [GC (Allocation Failure) 106.917: [ParNew (promotion failed): 2751K->3022K(3072K), 0.0174464 secs]106.935: [CMS: 6329K->6327K(6848K), 0.0165321 secs] 9079K->9079K(9920K), [Metaspace: 3748K->3748K(1056768K)], 0.0340498 secs] [Times: user=0.15 sys=0.00, real=0.04 secs] 
106.952: [GC (CMS Initial Mark) [1 CMS-initial-mark: 6327K(6848K)] 9079K(9920K), 0.0030567 secs] [Times: user=0.00 sys=0.00, real=0.00 secs] 
106.955: [CMS-concurrent-mark-start]
106.955: [GC (Allocation Failure) 106.955: [ParNew (promotion failed): 2751K->2997K(3072K), 0.0154272 secs]106.971: [CMS106.974: [CMS-concurrent-mark: 0.004/0.019 secs] [Times: user=0.13 sys=0.01, real=0.02 secs] 
 (concurrent mode failure): 6329K->6327K(6848K), 0.0194448 secs] 9079K->9079K(9920K), [Metaspace: 3748K->3748K(1056768K)], 0.0349342 secs] [Times: user=0.13 sys=0.01, real=0.04 secs] 
106.991: [GC (Allocation Failure) 106.991: [ParNew (promotion failed): 2751K->2997K(3072K), 0.0215827 secs]107.012: [CMS: 6329K->6327K(6848K), 0.0166786 secs] 9079K->9079K(9920K), [Metaspace: 3748K->3748K(1056768K)], 0.0383350 secs] [Times: user=0.18 sys=0.00, real=0.04 secs] 
107.029: [GC (CMS Initial Mark) [1 CMS-initial-mark: 6327K(6848K)] 9079K(9920K), 0.0030604 secs] [Times: user=0.01 sys=0.00, real=0.00 secs] 
107.032: [CMS-concurrent-mark-start]
107.032: [GC (Allocation Failure) 107.032: [ParNew (promotion failed): 2751K->3022K(3072K), 0.0226408 secs]107.055: [CMS107.059: [CMS-concurrent-mark: 0.004/0.026 secs] [Times: user=0.16 sys=0.00, real=0.02 secs] 
 (concurrent mode failure): 6329K->6327K(6848K), 0.0200858 secs] 9079K->9079K(9920K), [Metaspace: 3748K->3748K(1056768K)], 0.0427884 secs] [Times: user=0.18 sys=0.00, real=0.04 secs] 
107.076: [GC (Allocation Failure) 107.076: [ParNew (promotion failed): 2751K->3022K(3072K), 0.0228353 secs]107.098: [CMS: 6329K->6327K(6848K), 0.0164533 secs] 9079K->9079K(9920K), [Metaspace: 3748K->3748K(1056768K)], 0.0393507 secs] [Times: user=0.18 sys=0.00, real=0.04 secs] 
107.115: [GC (CMS Initial Mark) [1 CMS-initial-mark: 6327K(6848K)] 9079K(9920K), 0.0030755 secs] [Times: user=0.01 sys=0.00, real=0.00 secs] 
107.118: [CMS-concurrent-mark-start]
107.119: [GC (Allocation Failure) 107.119: [ParNew (promotion failed): 2751K->3022K(3072K), 0.0157789 secs]107.134: [CMS107.138: [CMS-concurrent-mark: 0.004/0.019 secs] [Times: user=0.12 sys=0.00, real=0.02 secs] 
 (concurrent mode failure): 6329K->6327K(6848K), 0.0199077 secs] 9079K->9079K(9920K), [Metaspace: 3748K->3748K(1056768K)], 0.0357529 secs] [Times: user=0.14 sys=0.00, real=0.04 secs] 
107.155: [GC (Allocation Failure) 107.155: [ParNew (promotion failed): 2751K->2997K(3072K), 0.0202514 secs]107.175: [CMS: 6329K->6327K(6848K), 0.0165147 secs] 9079K->9079K(9920K), [Metaspace: 3748K->3748K(1056768K)], 0.0368425 secs] [Times: user=0.15 sys=0.00, real=0.04 secs] 
107.192: [GC (CMS Initial Mark) [1 CMS-initial-mark: 6327K(6848K)] 9079K(9920K), 0.0030733 secs] [Times: user=0.00 sys=0.00, real=0.00 secs] 
107.196: [CMS-concurrent-mark-start]
107.196: [GC (Allocation Failure) 107.196: [ParNew (promotion failed): 2751K->3022K(3072K), 0.0160630 secs]107.212: [CMS107.215: [CMS-concurrent-mark: 0.003/0.020 secs] [Times: user=0.13 sys=0.00, real=0.02 secs] 
 (concurrent mode failure): 6329K->6327K(6848K), 0.0200077 secs] 9079K->9079K(9920K), [Metaspace: 3748K->3748K(1056768K)], 0.0361408 secs] [Times: user=0.14 sys=0.00, real=0.04 secs] 
107.233: [GC (Allocation Failure) 107.233: [ParNew (promotion failed): 2751K->3022K(3072K), 0.0184918 secs]107.251: [CMS: 6329K->6327K(6848K), 0.0165725 secs] 9079K->9079K(9920K), [Metaspace: 3748K->3748K(1056768K)], 0.0351330 secs] [Times: user=0.16 sys=0.00, real=0.03 secs] 
107.268: [GC (CMS Initial Mark) [1 CMS-initial-mark: 6327K(6848K)] 9079K(9920K), 0.0030424 secs] [Times: user=0.00 sys=0.00, real=0.01 secs] 
107.271: [CMS-concurrent-mark-start]
107.271: [GC (Allocation Failure) 107.272: [ParNew (promotion failed): 2751K->2997K(3072K), 0.0150740 secs]107.287: [CMS107.290: [CMS-concurrent-mark: 0.004/0.019 secs] [Times: user=0.12 sys=0.00, real=0.02 secs] 
 (concurrent mode failure): 6329K->6327K(6848K), 0.0198050 secs] 9079K->9079K(9920K), [Metaspace: 3748K->3748K(1056768K)], 0.0349413 secs] [Times: user=0.14 sys=0.00, real=0.03 secs] 
107.307: [GC (Allocation Failure) 107.307: [ParNew (promotion failed): 2751K->3022K(3072K), 0.0223535 secs]107.329: [CMS: 6329K->6327K(6848K), 0.0166142 secs] 9079K->9079K(9920K), [Metaspace: 3748K->3748K(1056768K)], 0.0390222 secs] [Times: user=0.18 sys=0.01, real=0.04 secs] 
107.346: [GC (CMS Initial Mark) [1 CMS-initial-mark: 6327K(6848K)] 9079K(9920K), 0.0030620 secs] [Times: user=0.01 sys=0.00, real=0.01 secs] 
107.349: [CMS-concurrent-mark-start]
107.349: [GC (Allocation Failure) 107.349: [ParNew (promotion failed): 2751K->2997K(3072K), 0.0230634 secs]107.372: [CMS107.376: [CMS-concurrent-mark: 0.003/0.027 secs] [Times: user=0.18 sys=0.00, real=0.02 secs] 
 (concurrent mode failure): 6329K->6327K(6848K), 0.0199022 secs] 9079K->9079K(9920K), [Metaspace: 3748K->3748K(1056768K)], 0.0430260 secs] [Times: user=0.20 sys=0.00, real=0.04 secs] 
107.393: [GC (Allocation Failure) 107.393: [ParNew (promotion failed): 2751K->2997K(3072K), 0.0163036 secs]107.409: [CMS: 6329K->6327K(6848K), 0.0165989 secs] 9079K->9079K(9920K), [Metaspace: 3748K->3748K(1056768K)], 0.0329676 secs] [Times: user=0.14 sys=0.00, real=0.03 secs] 
107.426: [GC (CMS Initial Mark) [1 CMS-initial-mark: 6327K(6848K)] 9079K(9920K), 0.0030855 secs] [Times: user=0.00 sys=0.00, real=0.01 secs] 
107.429: [CMS-concurrent-mark-start]
107.429: [GC (Allocation Failure) 107.429: [ParNew (promotion failed): 2751K->3022K(3072K), 0.0163724 secs]107.445: [CMS107.449: [CMS-concurrent-mark: 0.004/0.020 secs] [Times: user=0.12 sys=0.00, real=0.02 secs] 
 (concurrent mode failure): 6329K->6327K(6848K), 0.0202812 secs] 9079K->9079K(9920K), [Metaspace: 3748K->3748K(1056768K)], 0.0367156 secs] [Times: user=0.14 sys=0.00, real=0.03 secs] 
107.467: [GC (Allocation Failure) 107.467: [ParNew (promotion failed): 2751K->2997K(3072K), 0.0163677 secs]107.483: [CMS: 6329K->6327K(6848K), 0.0166265 secs] 9079K->9079K(9920K), [Metaspace: 3748K->3748K(1056768K)], 0.0330464 secs] [Times: user=0.14 sys=0.00, real=0.04 secs] 
107.500: [GC (CMS Initial Mark) [1 CMS-initial-mark: 6327K(6848K)] 9079K(9920K), 0.0031096 secs] [Times: user=0.00 sys=0.00, real=0.00 secs] 
107.503: [CMS-concurrent-mark-start]
107.504: [GC (Allocation Failure) 107.504: [ParNew (promotion failed): 2751K->3022K(3072K), 0.0165971 secs]107.520: [CMS107.523: [CMS-concurrent-mark: 0.004/0.020 secs] [Times: user=0.13 sys=0.00, real=0.02 secs] 
 (concurrent mode failure): 6329K->6327K(6848K), 0.0198194 secs] 9079K->9079K(9920K), [Metaspace: 3748K->3748K(1056768K)], 0.0364842 secs] [Times: user=0.13 sys=0.00, real=0.04 secs] 
107.541: [GC (Allocation Failure) 107.541: [ParNew (promotion failed): 2751K->2997K(3072K), 0.0160522 secs]107.557: [CMS: 6329K->6327K(6848K), 0.0166916 secs] 9079K->9079K(9920K), [Metaspace: 3748K->3748K(1056768K)], 0.0328114 secs] [Times: user=0.14 sys=0.00, real=0.03 secs] 
107.574: [GC (CMS Initial Mark) [1 CMS-initial-mark: 6327K(6848K)] 9079K(9920K), 0.0030632 secs] [Times: user=0.00 sys=0.00, real=0.00 secs] 
107.577: [CMS-concurrent-mark-start]
107.577: [GC (Allocation Failure) 107.577: [ParNew (promotion failed): 2751K->3022K(3072K), 0.0231356 secs]107.600: [CMS107.604: [CMS-concurrent-mark: 0.003/0.027 secs] [Times: user=0.19 sys=0.00, real=0.03 secs] 
 (concurrent mode failure): 6329K->6327K(6848K), 0.0201687 secs] 9079K->9079K(9920K), [Metaspace: 3748K->3748K(1056768K)], 0.0433730 secs] [Times: user=0.20 sys=0.00, real=0.05 secs] 
107.621: [GC (Allocation Failure) 107.621: [ParNew (promotion failed): 2751K->3022K(3072K), 0.0186237 secs]107.639: [CMS: 6329K->6327K(6848K), 0.0165866 secs] 9079K->9079K(9920K), [Metaspace: 3748K->3748K(1056768K)], 0.0352672 secs] [Times: user=0.16 sys=0.00, real=0.03 secs] 
107.656: [GC (CMS Initial Mark) [1 CMS-initial-mark: 6327K(6848K)] 9079K(9920K), 0.0030780 secs] [Times: user=0.01 sys=0.00, real=0.01 secs] 
107.659: [CMS-concurrent-mark-start]
107.660: [GC (Allocation Failure) 107.660: [ParNew (promotion failed): 2751K->3022K(3072K), 0.0163415 secs]107.676: [CMS107.679: [CMS-concurrent-mark: 0.004/0.020 secs] [Times: user=0.13 sys=0.00, real=0.02 secs] 
 (concurrent mode failure): 6329K->6327K(6848K), 0.0198816 secs] 9079K->9079K(9920K), [Metaspace: 3748K->3748K(1056768K)], 0.0362846 secs] [Times: user=0.14 sys=0.00, real=0.03 secs] 
107.696: [GC (Allocation Failure) 107.696: [ParNew (promotion failed): 2751K->2997K(3072K), 0.0220397 secs]107.718: [CMS: 6329K->6327K(6848K), 0.0165919 secs] 9079K->9079K(9920K), [Metaspace: 3748K->3748K(1056768K)], 0.0386963 secs] [Times: user=0.18 sys=0.01, real=0.04 secs] 
107.736: [GC (CMS Initial Mark) [1 CMS-initial-mark: 6327K(6848K)] 9079K(9920K), 0.0030684 secs] [Times: user=0.00 sys=0.00, real=0.01 secs] 
107.739: [CMS-concurrent-mark-start]
107.739: [GC (Allocation Failure) 107.739: [ParNew (promotion failed): 2751K->3022K(3072K), 0.0147191 secs]107.754: [CMS107.757: [CMS-concurrent-mark: 0.004/0.018 secs] [Times: user=0.12 sys=0.00, real=0.01 secs] 
 (concurrent mode failure): 6329K->6327K(6848K), 0.0202602 secs] 9079K->9079K(9920K), [Metaspace: 3748K->3748K(1056768K)], 0.0350473 secs] [Times: user=0.13 sys=0.00, real=0.03 secs] 
107.775: [GC (Allocation Failure) 107.775: [ParNew (promotion failed): 2751K->3022K(3072K), 0.0235210 secs]107.798: [CMS: 6329K->6327K(6848K), 0.0165545 secs] 9079K->9079K(9920K), [Metaspace: 3748K->3748K(1056768K)], 0.0401495 secs] [Times: user=0.20 sys=0.00, real=0.04 secs] 
107.815: [GC (CMS Initial Mark) [1 CMS-initial-mark: 6327K(6848K)] 9079K(9920K), 0.0030740 secs] [Times: user=0.01 sys=0.00, real=0.00 secs] 
107.819: [CMS-concurrent-mark-start]
107.819: [GC (Allocation Failure) 107.819: [ParNew (promotion failed): 2751K->3022K(3072K), 0.0155457 secs]107.834: [CMS107.838: [CMS-concurrent-mark: 0.004/0.019 secs] [Times: user=0.12 sys=0.00, real=0.02 secs] 
 (concurrent mode failure): 6329K->6327K(6848K), 0.0199042 secs] 9079K->9079K(9920K), [Metaspace: 3748K->3748K(1056768K)], 0.0355149 secs] [Times: user=0.14 sys=0.00, real=0.03 secs] 
107.855: [GC (Allocation Failure) 107.855: [ParNew (promotion failed): 2751K->2997K(3072K), 0.0152876 secs]107.870: [CMS: 6329K->6327K(6848K), 0.0166600 secs] 9079K->9079K(9920K), [Metaspace: 3748K->3748K(1056768K)], 0.0320097 secs] [Times: user=0.13 sys=0.00, real=0.03 secs] 
107.887: [GC (CMS Initial Mark) [1 CMS-initial-mark: 6327K(6848K)] 9079K(9920K), 0.0030375 secs] [Times: user=0.00 sys=0.00, real=0.01 secs] 
107.890: [CMS-concurrent-mark-start]
107.890: [GC (Allocation Failure) 107.890: [ParNew (promotion failed): 2751K->3022K(3072K), 0.0161504 secs]107.906: [CMS107.910: [CMS-concurrent-mark: 0.003/0.020 secs] [Times: user=0.13 sys=0.00, real=0.02 secs] 
 (concurrent mode failure): 6329K->6327K(6848K), 0.0201410 secs] 9079K->9079K(9920K), [Metaspace: 3748K->3748K(1056768K)], 0.0363553 secs] [Times: user=0.15 sys=0.00, real=0.03 secs] 
107.927: [GC (Allocation Failure) 107.927: [ParNew (promotion failed): 2751K->3022K(3072K), 0.0233475 secs]107.950: [CMS: 6329K->6327K(6848K), 0.0165994 secs] 9079K->9079K(9920K), [Metaspace: 3748K->3748K(1056768K)], 0.0400077 secs] [Times: user=0.19 sys=0.00, real=0.04 secs] 
107.967: [GC (CMS Initial Mark) [1 CMS-initial-mark: 6327K(6848K)] 9079K(9920K), 0.0030369 secs] [Times: user=0.00 sys=0.00, real=0.01 secs] 
107.970: [CMS-concurrent-mark-start]
107.970: [GC (Allocation Failure) 107.970: [ParNew (promotion failed): 2751K->3046K(3072K), 0.0135450 secs]107.984: [CMS107.988: [CMS-concurrent-mark: 0.004/0.017 secs] [Times: user=0.09 sys=0.00, real=0.01 secs] 
 (concurrent mode failure): 6329K->6327K(6848K), 0.0212849 secs] 9079K->9079K(9920K), [Metaspace: 3748K->3748K(1056768K)], 0.0349125 secs] [Times: user=0.11 sys=0.00, real=0.03 secs] 
108.006: [GC (Allocation Failure) 108.006: [ParNew (promotion failed): 2751K->2972K(3072K), 0.0157690 secs]108.022: [CMS: 6329K->6327K(6848K), 0.0178260 secs] 9079K->9079K(9920K), [Metaspace: 3748K->3748K(1056768K)], 0.0336836 secs] [Times: user=0.10 sys=0.00, real=0.04 secs] 
108.040: [GC (CMS Initial Mark) [1 CMS-initial-mark: 6327K(6848K)] 9079K(9920K), 0.0032142 secs] [Times: user=0.01 sys=0.00, real=0.00 secs] 
108.044: [CMS-concurrent-mark-start]
108.044: [GC (Allocation Failure) 108.044: [ParNew (promotion failed): 2751K->2972K(3072K), 0.0224915 secs]108.067: [CMS108.070: [CMS-concurrent-mark: 0.004/0.027 secs] [Times: user=0.14 sys=0.01, real=0.03 secs] 
 (concurrent mode failure): 6329K->6327K(6848K), 0.0222851 secs] 9079K->9079K(9920K), [Metaspace: 3748K->3748K(1056768K)], 0.0448790 secs] [Times: user=0.16 sys=0.01, real=0.05 secs] 
108.090: [GC (Allocation Failure) 108.090: [ParNew (promotion failed): 2751K->2997K(3072K), 0.0167920 secs]108.107: [CMS: 6329K->6327K(6848K), 0.0173095 secs] 9079K->9079K(9920K), [Metaspace: 3748K->3748K(1056768K)], 0.0341907 secs] [Times: user=0.14 sys=0.00, real=0.03 secs] 
108.124: [GC (CMS Initial Mark) [1 CMS-initial-mark: 6327K(6848K)] 9079K(9920K), 0.0031107 secs] [Times: user=0.00 sys=0.00, real=0.00 secs] 
108.127: [CMS-concurrent-mark-start]
108.128: [GC (Allocation Failure) 108.128: [ParNew (promotion failed): 2751K->2997K(3072K), 0.0229804 secs]108.151: [CMS108.154: [CMS-concurrent-mark: 0.004/0.027 secs] [Times: user=0.18 sys=0.00, real=0.03 secs] 
 (concurrent mode failure): 6329K->6327K(6848K), 0.0201385 secs] 9079K->9079K(9920K), [Metaspace: 3748K->3748K(1056768K)], 0.0431881 secs] [Times: user=0.20 sys=0.00, real=0.05 secs] 
108.171: [GC (Allocation Failure) 108.171: [ParNew (promotion failed): 2751K->2997K(3072K), 0.0225249 secs]108.194: [CMS: 6329K->6327K(6848K), 0.0166021 secs] 9079K->9079K(9920K), [Metaspace: 3748K->3748K(1056768K)], 0.0392013 secs] [Times: user=0.19 sys=0.00, real=0.04 secs] 
108.211: [GC (CMS Initial Mark) [1 CMS-initial-mark: 6327K(6848K)] 9079K(9920K), 0.0030527 secs] [Times: user=0.00 sys=0.00, real=0.00 secs] 
108.214: [CMS-concurrent-mark-start]
108.214: [GC (Allocation Failure) 108.214: [ParNew (promotion failed): 2751K->2997K(3072K), 0.0218123 secs]108.236: [CMS108.239: [CMS-concurrent-mark: 0.004/0.025 secs] [Times: user=0.17 sys=0.00, real=0.03 secs] 
 (concurrent mode failure): 6329K->6327K(6848K), 0.0201950 secs] 9079K->9079K(9920K), [Metaspace: 3748K->3748K(1056768K)], 0.0420853 secs] [Times: user=0.19 sys=0.00, real=0.04 secs] 
108.256: [GC (Allocation Failure) 108.256: [ParNew (promotion failed): 2751K->3022K(3072K), 0.0242164 secs]108.281: [CMS: 6329K->6327K(6848K), 0.0165183 secs] 9079K->9079K(9920K), [Metaspace: 3748K->3748K(1056768K)], 0.0408041 secs] [Times: user=0.20 sys=0.00, real=0.04 secs] 
108.298: [GC (CMS Initial Mark) [1 CMS-initial-mark: 6327K(6848K)] 9079K(9920K), 0.0030501 secs] [Times: user=0.01 sys=0.00, real=0.01 secs] 
108.301: [CMS-concurrent-mark-start]
108.301: [GC (Allocation Failure) 108.301: [ParNew (promotion failed): 2751K->2997K(3072K), 0.0171155 secs]108.318: [CMS108.322: [CMS-concurrent-mark: 0.003/0.021 secs] [Times: user=0.13 sys=0.00, real=0.02 secs] 
 (concurrent mode failure): 6329K->6327K(6848K), 0.0200819 secs] 9079K->9079K(9920K), [Metaspace: 3748K->3748K(1056768K)], 0.0372665 secs] [Times: user=0.15 sys=0.00, real=0.03 secs] 
108.339: [GC (Allocation Failure) 108.339: [ParNew (promotion failed): 2751K->3071K(3072K), 0.0289771 secs]108.368: [CMS: 6329K->6327K(6848K), 0.0164438 secs] 9079K->9079K(9920K), [Metaspace: 3748K->3748K(1056768K)], 0.0454830 secs] [Times: user=0.24 sys=0.00, real=0.04 secs] 
108.385: [GC (CMS Initial Mark) [1 CMS-initial-mark: 6327K(6848K)] 9079K(9920K), 0.0031207 secs] [Times: user=0.00 sys=0.00, real=0.00 secs] 
108.388: [CMS-concurrent-mark-start]
108.389: [GC (Allocation Failure) 108.389: [ParNew (promotion failed): 2751K->2997K(3072K), 0.0150010 secs]108.404: [CMS108.407: [CMS-concurrent-mark: 0.004/0.019 secs] [Times: user=0.12 sys=0.01, real=0.02 secs] 
 (concurrent mode failure): 6329K->6327K(6848K), 0.0197266 secs] 9079K->9079K(9920K), [Metaspace: 3748K->3748K(1056768K)], 0.0347934 secs] [Times: user=0.14 sys=0.01, real=0.04 secs] 
108.424: [GC (Allocation Failure) 108.424: [ParNew (promotion failed): 2751K->3022K(3072K), 0.0169075 secs]108.441: [CMS: 6329K->6327K(6848K), 0.0165587 secs] 9079K->9079K(9920K), [Metaspace: 3748K->3748K(1056768K)], 0.0335317 secs] [Times: user=0.14 sys=0.00, real=0.03 secs] 
108.458: [GC (CMS Initial Mark) [1 CMS-initial-mark: 6327K(6848K)] 9079K(9920K), 0.0030287 secs] [Times: user=0.00 sys=0.00, real=0.01 secs] 
108.461: [CMS-concurrent-mark-start]
108.461: [GC (Allocation Failure) 108.461: [ParNew (promotion failed): 2751K->3022K(3072K), 0.0147017 secs]108.475: [CMS108.479: [CMS-concurrent-mark: 0.003/0.018 secs] [Times: user=0.12 sys=0.00, real=0.02 secs] 
 (concurrent mode failure): 6329K->6327K(6848K), 0.0200766 secs] 9079K->9079K(9920K), [Metaspace: 3748K->3748K(1056768K)], 0.0348499 secs] [Times: user=0.14 sys=0.00, real=0.03 secs] 
108.496: [GC (Allocation Failure) 108.496: [ParNew (promotion failed): 2751K->2997K(3072K), 0.0215039 secs]108.518: [CMS: 6329K->6327K(6848K), 0.0167907 secs] 9079K->9079K(9920K), [Metaspace: 3748K->3748K(1056768K)], 0.0383695 secs] [Times: user=0.16 sys=0.00, real=0.04 secs] 
108.535: [GC (CMS Initial Mark) [1 CMS-initial-mark: 6327K(6848K)] 9079K(9920K), 0.0030676 secs] [Times: user=0.01 sys=0.00, real=0.00 secs] 
108.538: [CMS-concurrent-mark-start]
108.538: [GC (Allocation Failure) 108.538: [ParNew (promotion failed): 2751K->3022K(3072K), 0.0176630 secs]108.556: [CMS108.559: [CMS-concurrent-mark: 0.003/0.021 secs] [Times: user=0.13 sys=0.00, real=0.03 secs] 
 (concurrent mode failure): 6329K->6327K(6848K), 0.0200076 secs] 9079K->9079K(9920K), [Metaspace: 3748K->3748K(1056768K)], 0.0377400 secs] [Times: user=0.15 sys=0.00, real=0.04 secs] 
108.576: [GC (Allocation Failure) 108.576: [ParNew (promotion failed): 2751K->3022K(3072K), 0.0186616 secs]108.595: [CMS: 6329K->6327K(6848K), 0.0165321 secs] 9079K->9079K(9920K), [Metaspace: 3748K->3748K(1056768K)], 0.0352545 secs] [Times: user=0.15 sys=0.00, real=0.04 secs] 
108.612: [GC (CMS Initial Mark) [1 CMS-initial-mark: 6327K(6848K)] 9079K(9920K), 0.0030494 secs] [Times: user=0.01 sys=0.00, real=0.00 secs] 
108.615: [CMS-concurrent-mark-start]
108.616: [GC (Allocation Failure) 108.616: [ParNew (promotion failed): 2751K->2997K(3072K), 0.0216718 secs]108.637: [CMS108.640: [CMS-concurrent-mark: 0.003/0.025 secs] [Times: user=0.17 sys=0.00, real=0.03 secs] 
 (concurrent mode failure): 6329K->6327K(6848K), 0.0196579 secs] 9079K->9079K(9920K), [Metaspace: 3748K->3748K(1056768K)], 0.0413927 secs] [Times: user=0.19 sys=0.00, real=0.04 secs] 
108.658: [GC (Allocation Failure) 108.658: [ParNew (promotion failed): 2751K->3022K(3072K), 0.0148735 secs]108.673: [CMS: 6329K->6327K(6848K), 0.0165859 secs] 9079K->9079K(9920K), [Metaspace: 3748K->3748K(1056768K)], 0.0315238 secs] [Times: user=0.12 sys=0.00, real=0.04 secs] 
108.690: [GC (CMS Initial Mark) [1 CMS-initial-mark: 6327K(6848K)] 9079K(9920K), 0.0030935 secs] [Times: user=0.01 sys=0.00, real=0.00 secs] 
108.693: [CMS-concurrent-mark-start]
108.693: [GC (Allocation Failure) 108.693: [ParNew (promotion failed): 2751K->3022K(3072K), 0.0149938 secs]108.708: [CMS108.711: [CMS-concurrent-mark: 0.003/0.019 secs] [Times: user=0.12 sys=0.00, real=0.02 secs] 
 (concurrent mode failure): 6329K->6327K(6848K), 0.0199175 secs] 9079K->9079K(9920K), [Metaspace: 3748K->3748K(1056768K)], 0.0349843 secs] [Times: user=0.13 sys=0.00, real=0.03 secs] 
108.728: [GC (Allocation Failure) 108.728: [ParNew (promotion failed): 2751K->3022K(3072K), 0.0160341 secs]108.744: [CMS: 6329K->6327K(6848K), 0.0165534 secs] 9079K->9079K(9920K), [Metaspace: 3748K->3748K(1056768K)], 0.0326468 secs] [Times: user=0.14 sys=0.00, real=0.04 secs] 
108.761: [GC (CMS Initial Mark) [1 CMS-initial-mark: 6327K(6848K)] 9079K(9920K), 0.0030540 secs] [Times: user=0.00 sys=0.01, real=0.00 secs] 
108.764: [CMS-concurrent-mark-start]
108.764: [GC (Allocation Failure) 108.764: [ParNew (promotion failed): 2751K->3022K(3072K), 0.0179976 secs]108.782: [CMS108.786: [CMS-concurrent-mark: 0.004/0.022 secs] [Times: user=0.14 sys=0.00, real=0.02 secs] 
 (concurrent mode failure): 6329K->6327K(6848K), 0.0200017 secs] 9079K->9079K(9920K), [Metaspace: 3748K->3748K(1056768K)], 0.0380648 secs] [Times: user=0.14 sys=0.00, real=0.04 secs] 
108.803: [GC (Allocation Failure) 108.803: [ParNew (promotion failed): 2751K->2997K(3072K), 0.0230154 secs]108.826: [CMS: 6329K->6327K(6848K), 0.0165052 secs] 9079K->9079K(9920K), [Metaspace: 3748K->3748K(1056768K)], 0.0395771 secs] [Times: user=0.20 sys=0.00, real=0.04 secs] 
108.843: [GC (CMS Initial Mark) [1 CMS-initial-mark: 6327K(6848K)] 9079K(9920K), 0.0030632 secs] [Times: user=0.00 sys=0.00, real=0.00 secs] 
108.846: [CMS-concurrent-mark-start]
108.846: [GC (Allocation Failure) 108.846: [ParNew (promotion failed): 2751K->3022K(3072K), 0.0172786 secs]108.864: [CMS108.867: [CMS-concurrent-mark: 0.003/0.021 secs] [Times: user=0.14 sys=0.00, real=0.02 secs] 
 (concurrent mode failure): 6329K->6327K(6848K), 0.0199653 secs] 9079K->9079K(9920K), [Metaspace: 3748K->3748K(1056768K)], 0.0373090 secs] [Times: user=0.15 sys=0.00, real=0.04 secs] 
108.884: [GC (Allocation Failure) 108.884: [ParNew (promotion failed): 2751K->2997K(3072K), 0.0167297 secs]108.901: [CMS: 6329K->6327K(6848K), 0.0166185 secs] 9079K->9079K(9920K), [Metaspace: 3748K->3748K(1056768K)], 0.0334107 secs] [Times: user=0.15 sys=0.00, real=0.03 secs] 
108.918: [GC (CMS Initial Mark) [1 CMS-initial-mark: 6327K(6848K)] 9079K(9920K), 0.0030628 secs] [Times: user=0.00 sys=0.00, real=0.01 secs] 
108.921: [CMS-concurrent-mark-start]
108.922: [GC (Allocation Failure) 108.922: [ParNew (promotion failed): 2751K->2997K(3072K), 0.0174924 secs]108.939: [CMS108.943: [CMS-concurrent-mark: 0.004/0.021 secs] [Times: user=0.14 sys=0.00, real=0.02 secs] 
 (concurrent mode failure): 6329K->6327K(6848K), 0.0197868 secs] 9079K->9079K(9920K), [Metaspace: 3748K->3748K(1056768K)], 0.0373469 secs] [Times: user=0.16 sys=0.00, real=0.04 secs] 
108.959: [GC (Allocation Failure) 108.959: [ParNew (promotion failed): 2751K->2997K(3072K), 0.0183048 secs]108.978: [CMS: 6329K->6327K(6848K), 0.0165926 secs] 9079K->9079K(9920K), [Metaspace: 3748K->3748K(1056768K)], 0.0349513 secs] [Times: user=0.15 sys=0.00, real=0.03 secs] 
108.995: [GC (CMS Initial Mark) [1 CMS-initial-mark: 6327K(6848K)] 9079K(9920K), 0.0030548 secs] [Times: user=0.00 sys=0.00, real=0.00 secs] 
108.998: [CMS-concurrent-mark-start]
108.998: [GC (Allocation Failure) 108.998: [ParNew (promotion failed): 2751K->3022K(3072K), 0.0149484 secs]109.013: [CMS109.016: [CMS-concurrent-mark: 0.003/0.018 secs] [Times: user=0.12 sys=0.00, real=0.02 secs] 
 (concurrent mode failure): 6329K->6327K(6848K), 0.0199025 secs] 9079K->9079K(9920K), [Metaspace: 3748K->3748K(1056768K)], 0.0349065 secs] [Times: user=0.13 sys=0.00, real=0.04 secs] 
109.033: [GC (Allocation Failure) 109.033: [ParNew (promotion failed): 2751K->2997K(3072K), 0.0171741 secs]109.050: [CMS: 6329K->6327K(6848K), 0.0166208 secs] 9079K->9079K(9920K), [Metaspace: 3748K->3748K(1056768K)], 0.0338553 secs] [Times: user=0.15 sys=0.00, real=0.03 secs] 
109.067: [GC (CMS Initial Mark) [1 CMS-initial-mark: 6327K(6848K)] 9079K(9920K), 0.0030622 secs] [Times: user=0.00 sys=0.00, real=0.01 secs] 
109.070: [CMS-concurrent-mark-start]
109.070: [GC (Allocation Failure) 109.070: [ParNew (promotion failed): 2751K->3022K(3072K), 0.0145029 secs]109.085: [CMS109.088: [CMS-concurrent-mark: 0.003/0.018 secs] [Times: user=0.12 sys=0.00, real=0.01 secs] 
 (concurrent mode failure): 6329K->6327K(6848K), 0.0198959 secs] 9079K->9079K(9920K), [Metaspace: 3748K->3748K(1056768K)], 0.0344524 secs] [Times: user=0.13 sys=0.00, real=0.03 secs] 
109.106: [GC (Allocation Failure) 109.106: [ParNew (promotion failed): 2751K->3022K(3072K), 0.0229252 secs]109.129: [CMS: 6329K->6327K(6848K), 0.0164581 secs] 9079K->9079K(9920K), [Metaspace: 3748K->3748K(1056768K)], 0.0394455 secs] [Times: user=0.19 sys=0.01, real=0.04 secs] 
109.145: [GC (CMS Initial Mark) [1 CMS-initial-mark: 6327K(6848K)] 9079K(9920K), 0.0030431 secs] [Times: user=0.01 sys=0.00, real=0.00 secs] 
109.149: [CMS-concurrent-mark-start]
109.149: [GC (Allocation Failure) 109.149: [ParNew (promotion failed): 2751K->2997K(3072K), 0.0215463 secs]109.171: [CMS109.174: [CMS-concurrent-mark: 0.003/0.025 secs] [Times: user=0.17 sys=0.00, real=0.03 secs] 
 (concurrent mode failure): 6329K->6327K(6848K), 0.0195504 secs] 9079K->9079K(9920K), [Metaspace: 3748K->3748K(1056768K)], 0.0411518 secs] [Times: user=0.18 sys=0.00, real=0.04 secs] 
109.191: [GC (Allocation Failure) 109.191: [ParNew (promotion failed): 2751K->3022K(3072K), 0.0139620 secs]109.205: [CMS: 6329K->6327K(6848K), 0.0168635 secs] 9079K->9079K(9920K), [Metaspace: 3748K->3748K(1056768K)], 0.0309023 secs] [Times: user=0.11 sys=0.00, real=0.03 secs] 
109.222: [GC (CMS Initial Mark) [1 CMS-initial-mark: 6327K(6848K)] 9079K(9920K), 0.0030783 secs] [Times: user=0.00 sys=0.00, real=0.00 secs] 
109.225: [CMS-concurrent-mark-start]
109.225: [GC (Allocation Failure) 109.225: [ParNew (promotion failed): 2751K->3022K(3072K), 0.0163866 secs]109.242: [CMS109.245: [CMS-concurrent-mark: 0.003/0.020 secs] [Times: user=0.13 sys=0.00, real=0.02 secs] 
 (concurrent mode failure): 6329K->6327K(6848K), 0.0199540 secs] 9079K->9079K(9920K), [Metaspace: 3748K->3748K(1056768K)], 0.0364080 secs] [Times: user=0.14 sys=0.00, real=0.04 secs] 
109.262: [GC (Allocation Failure) 109.262: [ParNew (promotion failed): 2751K->3046K(3072K), 0.0248127 secs]109.287: [CMS: 6329K->6327K(6848K), 0.0165728 secs] 9079K->9079K(9920K), [Metaspace: 3748K->3748K(1056768K)], 0.0414497 secs] [Times: user=0.19 sys=0.00, real=0.04 secs] 
109.304: [GC (CMS Initial Mark) [1 CMS-initial-mark: 6327K(6848K)] 9079K(9920K), 0.0030677 secs] [Times: user=0.01 sys=0.00, real=0.00 secs] 
109.307: [CMS-concurrent-mark-start]
109.307: [GC (Allocation Failure) 109.307: [ParNew (promotion failed): 2751K->3022K(3072K), 0.0147594 secs]109.322: [CMS109.325: [CMS-concurrent-mark: 0.003/0.018 secs] [Times: user=0.11 sys=0.00, real=0.02 secs] 
 (concurrent mode failure): 6329K->6327K(6848K), 0.0198667 secs] 9079K->9079K(9920K), [Metaspace: 3748K->3748K(1056768K)], 0.0347015 secs] [Times: user=0.12 sys=0.00, real=0.04 secs] 
109.342: [GC (Allocation Failure) 109.342: [ParNew (promotion failed): 2751K->3022K(3072K), 0.0164256 secs]109.359: [CMS: 6329K->6327K(6848K), 0.0164815 secs] 9079K->9079K(9920K), [Metaspace: 3748K->3748K(1056768K)], 0.0329634 secs] [Times: user=0.14 sys=0.00, real=0.03 secs] 
109.376: [GC (CMS Initial Mark) [1 CMS-initial-mark: 6327K(6848K)] 9079K(9920K), 0.0030332 secs] [Times: user=0.01 sys=0.00, real=0.01 secs] 
109.379: [CMS-concurrent-mark-start]
109.379: [GC (Allocation Failure) 109.379: [ParNew (promotion failed): 2751K->3022K(3072K), 0.0217431 secs]109.401: [CMS109.404: [CMS-concurrent-mark: 0.003/0.025 secs] [Times: user=0.15 sys=0.00, real=0.02 secs] 
 (concurrent mode failure): 6329K->6327K(6848K), 0.0199139 secs] 9079K->9079K(9920K), [Metaspace: 3748K->3748K(1056768K)], 0.0417244 secs] [Times: user=0.17 sys=0.00, real=0.04 secs] 
109.422: [GC (Allocation Failure) 109.422: [ParNew (promotion failed): 2751K->2997K(3072K), 0.0169771 secs]109.439: [CMS: 6329K->6327K(6848K), 0.0166079 secs] 9079K->9079K(9920K), [Metaspace: 3748K->3748K(1056768K)], 0.0336517 secs] [Times: user=0.14 sys=0.00, real=0.03 secs] 
109.456: [GC (CMS Initial Mark) [1 CMS-initial-mark: 6327K(6848K)] 9079K(9920K), 0.0030480 secs] [Times: user=0.00 sys=0.00, real=0.00 secs] 
109.459: [CMS-concurrent-mark-start]
109.459: [GC (Allocation Failure) 109.459: [ParNew (promotion failed): 2751K->3046K(3072K), 0.0216243 secs]109.481: [CMS109.484: [CMS-concurrent-mark: 0.004/0.025 secs] [Times: user=0.17 sys=0.01, real=0.03 secs] 
 (concurrent mode failure): 6329K->6327K(6848K), 0.0197734 secs] 9079K->9079K(9920K), [Metaspace: 3748K->3748K(1056768K)], 0.0414625 secs] [Times: user=0.19 sys=0.01, real=0.04 secs] 
109.501: [GC (Allocation Failure) 109.501: [ParNew (promotion failed): 2751K->2997K(3072K), 0.0191330 secs]109.520: [CMS: 6329K->6327K(6848K), 0.0167269 secs] 9079K->9079K(9920K), [Metaspace: 3748K->3748K(1056768K)], 0.0359390 secs] [Times: user=0.15 sys=0.00, real=0.03 secs] 
109.537: [GC (CMS Initial Mark) [1 CMS-initial-mark: 6327K(6848K)] 9079K(9920K), 0.0030790 secs] [Times: user=0.00 sys=0.00, real=0.01 secs] 
109.540: [CMS-concurrent-mark-start]
109.540: [GC (Allocation Failure) 109.540: [ParNew (promotion failed): 2751K->2997K(3072K), 0.0222528 secs]109.562: [CMS109.566: [CMS-concurrent-mark: 0.003/0.026 secs] [Times: user=0.17 sys=0.00, real=0.02 secs] 
 (concurrent mode failure): 6329K->6327K(6848K), 0.0200057 secs] 9079K->9079K(9920K), [Metaspace: 3748K->3748K(1056768K)], 0.0423226 secs] [Times: user=0.19 sys=0.00, real=0.04 secs] 
109.583: [GC (Allocation Failure) 109.583: [ParNew (promotion failed): 2751K->3071K(3072K), 0.0209998 secs]109.604: [CMS: 6329K->6327K(6848K), 0.0166673 secs] 9079K->9079K(9920K), [Metaspace: 3748K->3748K(1056768K)], 0.0377280 secs] [Times: user=0.17 sys=0.00, real=0.04 secs] 
109.621: [GC (CMS Initial Mark) [1 CMS-initial-mark: 6327K(6848K)] 9079K(9920K), 0.0030414 secs] [Times: user=0.01 sys=0.00, real=0.00 secs] 
109.624: [CMS-concurrent-mark-start]
109.624: [GC (Allocation Failure) 109.624: [ParNew (promotion failed): 2751K->3046K(3072K), 0.0144128 secs]109.639: [CMS109.642: [CMS-concurrent-mark: 0.003/0.018 secs] [Times: user=0.11 sys=0.00, real=0.02 secs] 
 (concurrent mode failure): 6329K->6327K(6848K), 0.0198883 secs] 9079K->9079K(9920K), [Metaspace: 3748K->3748K(1056768K)], 0.0343561 secs] [Times: user=0.12 sys=0.00, real=0.03 secs] 
109.659: [GC (Allocation Failure) 109.659: [ParNew (promotion failed): 2751K->2997K(3072K), 0.0164400 secs]109.676: [CMS: 6329K->6327K(6848K), 0.0166243 secs] 9079K->9079K(9920K), [Metaspace: 3748K->3748K(1056768K)], 0.0331280 secs] [Times: user=0.14 sys=0.00, real=0.03 secs] 
109.693: [GC (CMS Initial Mark) [1 CMS-initial-mark: 6327K(6848K)] 9079K(9920K), 0.0030605 secs] [Times: user=0.00 sys=0.00, real=0.00 secs] 
109.696: [CMS-concurrent-mark-start]
109.696: [GC (Allocation Failure) 109.696: [ParNew (promotion failed): 2751K->2997K(3072K), 0.0250686 secs]109.722: [CMS109.725: [CMS-concurrent-mark: 0.004/0.029 secs] [Times: user=0.20 sys=0.00, real=0.03 secs] 
 (concurrent mode failure): 6329K->6327K(6848K), 0.0194612 secs] 9079K->9079K(9920K), [Metaspace: 3748K->3748K(1056768K)], 0.0445897 secs] [Times: user=0.21 sys=0.00, real=0.05 secs] 
109.742: [GC (Allocation Failure) 109.742: [ParNew (promotion failed): 2751K->2997K(3072K), 0.0183859 secs]109.760: [CMS: 6329K->6327K(6848K), 0.0165297 secs] 9079K->9079K(9920K), [Metaspace: 3748K->3748K(1056768K)], 0.0349749 secs] [Times: user=0.15 sys=0.00, real=0.03 secs] 
109.777: [GC (CMS Initial Mark) [1 CMS-initial-mark: 6327K(6848K)] 9079K(9920K), 0.0030569 secs] [Times: user=0.00 sys=0.00, real=0.01 secs] 
109.780: [CMS-concurrent-mark-start]
109.780: [GC (Allocation Failure) 109.780: [ParNew (promotion failed): 2751K->3022K(3072K), 0.0171310 secs]109.797: [CMS109.801: [CMS-concurrent-mark: 0.003/0.021 secs] [Times: user=0.14 sys=0.00, real=0.02 secs] 
 (concurrent mode failure): 6329K->6327K(6848K), 0.0198288 secs] 9079K->9079K(9920K), [Metaspace: 3748K->3748K(1056768K)], 0.0370154 secs] [Times: user=0.16 sys=0.00, real=0.03 secs] 
109.817: [GC (Allocation Failure) 109.817: [ParNew (promotion failed): 2751K->3022K(3072K), 0.0163629 secs]109.834: [CMS: 6329K->6327K(6848K), 0.0164967 secs] 9079K->9079K(9920K), [Metaspace: 3748K->3748K(1056768K)], 0.0329179 secs] [Times: user=0.13 sys=0.00, real=0.04 secs] 
109.851: [GC (CMS Initial Mark) [1 CMS-initial-mark: 6327K(6848K)] 9079K(9920K), 0.0030467 secs] [Times: user=0.01 sys=0.00, real=0.00 secs] 
109.854: [CMS-concurrent-mark-start]
109.854: [GC (Allocation Failure) 109.854: [ParNew (promotion failed): 2751K->3046K(3072K), 0.0229910 secs]109.877: [CMS109.880: [CMS-concurrent-mark: 0.004/0.027 secs] [Times: user=0.18 sys=0.00, real=0.03 secs] 
 (concurrent mode failure): 6329K->6327K(6848K), 0.0197275 secs] 9079K->9079K(9920K), [Metaspace: 3748K->3748K(1056768K)], 0.0427776 secs] [Times: user=0.20 sys=0.00, real=0.04 secs] 
109.897: [GC (Allocation Failure) 109.897: [ParNew (promotion failed): 2751K->2997K(3072K), 0.0165695 secs]109.914: [CMS: 6329K->6327K(6848K), 0.0164760 secs] 9079K->9079K(9920K), [Metaspace: 3748K->3748K(1056768K)], 0.0331106 secs] [Times: user=0.13 sys=0.00, real=0.04 secs] 
109.931: [GC (CMS Initial Mark) [1 CMS-initial-mark: 6327K(6848K)] 9079K(9920K), 0.0031060 secs] [Times: user=0.00 sys=0.00, real=0.00 secs] 
109.934: [CMS-concurrent-mark-start]
109.934: [GC (Allocation Failure) 109.934: [ParNew (promotion failed): 2751K->2997K(3072K), 0.0255754 secs]109.960: [CMS109.963: [CMS-concurrent-mark: 0.003/0.029 secs] [Times: user=0.21 sys=0.00, real=0.03 secs] 
 (concurrent mode failure): 6329K->6327K(6848K), 0.0200648 secs] 9079K->9079K(9920K), [Metaspace: 3748K->3748K(1056768K)], 0.0456929 secs] [Times: user=0.22 sys=0.00, real=0.05 secs] 
109.981: [GC (Allocation Failure) 109.981: [ParNew (promotion failed): 2751K->3022K(3072K), 0.0231514 secs]110.004: [CMS: 6329K->6327K(6848K), 0.0165492 secs] 9079K->9079K(9920K), [Metaspace: 3748K->3748K(1056768K)], 0.0397658 secs] [Times: user=0.19 sys=0.00, real=0.04 secs] 
110.021: [GC (CMS Initial Mark) [1 CMS-initial-mark: 6327K(6848K)] 9079K(9920K), 0.0030375 secs] [Times: user=0.01 sys=0.00, real=0.00 secs] 
110.024: [CMS-concurrent-mark-start]
110.024: [GC (Allocation Failure) 110.024: [ParNew (promotion failed): 2751K->2997K(3072K), 0.0217538 secs]110.046: [CMS110.049: [CMS-concurrent-mark: 0.004/0.025 secs] [Times: user=0.16 sys=0.00, real=0.03 secs] 
 (concurrent mode failure): 6329K->6327K(6848K), 0.0199358 secs] 9079K->9079K(9920K), [Metaspace: 3748K->3748K(1056768K)], 0.0417477 secs] [Times: user=0.18 sys=0.00, real=0.04 secs] 
110.066: [GC (Allocation Failure) 110.066: [ParNew (promotion failed): 2751K->3022K(3072K), 0.0150440 secs]110.081: [CMS: 6329K->6327K(6848K), 0.0164156 secs] 9079K->9079K(9920K), [Metaspace: 3748K->3748K(1056768K)], 0.0315265 secs] [Times: user=0.13 sys=0.00, real=0.03 secs] 
110.098: [GC (CMS Initial Mark) [1 CMS-initial-mark: 6327K(6848K)] 9079K(9920K), 0.0030728 secs] [Times: user=0.00 sys=0.00, real=0.01 secs] 
110.101: [CMS-concurrent-mark-start]
110.101: [GC (Allocation Failure) 110.101: [ParNew (promotion failed): 2751K->2997K(3072K), 0.0181943 secs]110.119: [CMS110.123: [CMS-concurrent-mark: 0.003/0.022 secs] [Times: user=0.15 sys=0.00, real=0.02 secs] 
 (concurrent mode failure): 6329K->6327K(6848K), 0.0199205 secs] 9079K->9079K(9920K), [Metaspace: 3748K->3748K(1056768K)], 0.0381841 secs] [Times: user=0.16 sys=0.00, real=0.04 secs] 
110.140: [GC (Allocation Failure) 110.140: [ParNew (promotion failed): 2751K->2997K(3072K), 0.0185459 secs]110.158: [CMS: 6329K->6327K(6848K), 0.0165917 secs] 9079K->9079K(9920K), [Metaspace: 3748K->3748K(1056768K)], 0.0351928 secs] [Times: user=0.16 sys=0.00, real=0.03 secs] 
110.175: [GC (CMS Initial Mark) [1 CMS-initial-mark: 6327K(6848K)] 9079K(9920K), 0.0030382 secs] [Times: user=0.00 sys=0.00, real=0.00 secs] 
110.178: [CMS-concurrent-mark-start]
110.178: [GC (Allocation Failure) 110.178: [ParNew (promotion failed): 2751K->2997K(3072K), 0.0234958 secs]110.202: [CMS110.205: [CMS-concurrent-mark: 0.003/0.027 secs] [Times: user=0.19 sys=0.00, real=0.03 secs] 
 (concurrent mode failure): 6329K->6327K(6848K), 0.0200419 secs] 9079K->9079K(9920K), [Metaspace: 3748K->3748K(1056768K)], 0.0435967 secs] [Times: user=0.20 sys=0.00, real=0.05 secs] 
110.223: [GC (Allocation Failure) 110.223: [ParNew (promotion failed): 2751K->2997K(3072K), 0.0165430 secs]110.239: [CMS: 6329K->6327K(6848K), 0.0164967 secs] 9079K->9079K(9920K), [Metaspace: 3748K->3748K(1056768K)], 0.0330989 secs] [Times: user=0.11 sys=0.01, real=0.03 secs] 
110.256: [GC (CMS Initial Mark) [1 CMS-initial-mark: 6327K(6848K)] 9079K(9920K), 0.0030567 secs] [Times: user=0.00 sys=0.00, real=0.01 secs] 
110.259: [CMS-concurrent-mark-start]
110.260: [GC (Allocation Failure) 110.260: [ParNew (promotion failed): 2751K->2997K(3072K), 0.0164139 secs]110.276: [CMS110.279: [CMS-concurrent-mark: 0.004/0.020 secs] [Times: user=0.13 sys=0.00, real=0.02 secs] 
 (concurrent mode failure): 6329K->6327K(6848K), 0.0194730 secs] 9079K->9079K(9920K), [Metaspace: 3748K->3748K(1056768K)], 0.0359526 secs] [Times: user=0.14 sys=0.00, real=0.03 secs] 
110.296: [GC (Allocation Failure) 110.296: [ParNew (promotion failed): 2751K->2997K(3072K), 0.0172938 secs]110.314: [CMS: 6329K->6327K(6848K), 0.0166956 secs] 9079K->9079K(9920K), [Metaspace: 3748K->3748K(1056768K)], 0.0340576 secs] [Times: user=0.14 sys=0.00, real=0.04 secs] 
110.331: [GC (CMS Initial Mark) [1 CMS-initial-mark: 6327K(6848K)] 9079K(9920K), 0.0030398 secs] [Times: user=0.00 sys=0.00, real=0.00 secs] 
110.334: [CMS-concurrent-mark-start]
110.334: [GC (Allocation Failure) 110.334: [ParNew (promotion failed): 2751K->3022K(3072K), 0.0119659 secs]110.346: [CMS110.349: [CMS-concurrent-mark: 0.004/0.016 secs] [Times: user=0.08 sys=0.00, real=0.02 secs] 
 (concurrent mode failure): 6329K->6327K(6848K), 0.0206750 secs] 9079K->9079K(9920K), [Metaspace: 3748K->3748K(1056768K)], 0.0327004 secs] [Times: user=0.10 sys=0.00, real=0.03 secs] 
110.367: [GC (Allocation Failure) 110.367: [ParNew (promotion failed): 2751K->3022K(3072K), 0.0206821 secs]110.387: [CMS: 6329K->6327K(6848K), 0.0177549 secs] 9079K->9079K(9920K), [Metaspace: 3748K->3748K(1056768K)], 0.0384888 secs] [Times: user=0.12 sys=0.00, real=0.04 secs] 
110.406: [GC (CMS Initial Mark) [1 CMS-initial-mark: 6327K(6848K)] 9079K(9920K), 0.0036663 secs] [Times: user=0.01 sys=0.00, real=0.01 secs] 
110.409: [CMS-concurrent-mark-start]
110.410: [GC (Allocation Failure) 110.410: [ParNew (promotion failed): 2751K->3046K(3072K), 0.0142161 secs]110.424: [CMS110.428: [CMS-concurrent-mark: 0.004/0.018 secs] [Times: user=0.06 sys=0.00, real=0.01 secs] 
 (concurrent mode failure): 6329K->6327K(6848K), 0.0203375 secs] 9079K->9079K(9920K), [Metaspace: 3748K->3748K(1056768K)], 0.0346289 secs] [Times: user=0.08 sys=0.00, real=0.03 secs] 
110.445: [GC (Allocation Failure) 110.445: [ParNew (promotion failed): 2751K->3022K(3072K), 0.0156943 secs]110.461: [CMS: 6329K->6327K(6848K), 0.0165318 secs] 9079K->9079K(9920K), [Metaspace: 3748K->3748K(1056768K)], 0.0322870 secs] [Times: user=0.13 sys=0.00, real=0.03 secs] 
110.478: [GC (CMS Initial Mark) [1 CMS-initial-mark: 6327K(6848K)] 9079K(9920K), 0.0030928 secs] [Times: user=0.00 sys=0.00, real=0.01 secs] 
110.481: [CMS-concurrent-mark-start]
110.481: [GC (Allocation Failure) 110.481: [ParNew (promotion failed): 2751K->2997K(3072K), 0.0140420 secs]110.495: [CMS110.499: [CMS-concurrent-mark: 0.003/0.018 secs] [Times: user=0.10 sys=0.00, real=0.01 secs] 
 (concurrent mode failure): 6329K->6327K(6848K), 0.0202616 secs] 9079K->9079K(9920K), [Metaspace: 3748K->3748K(1056768K)], 0.0343731 secs] [Times: user=0.12 sys=0.00, real=0.03 secs] 
110.516: [GC (Allocation Failure) 110.516: [ParNew (promotion failed): 2751K->2997K(3072K), 0.0149067 secs]110.531: [CMS: 6329K->6327K(6848K), 0.0168958 secs] 9079K->9079K(9920K), [Metaspace: 3748K->3748K(1056768K)], 0.0318755 secs] [Times: user=0.10 sys=0.00, real=0.03 secs] 
110.549: [GC (CMS Initial Mark) [1 CMS-initial-mark: 6327K(6848K)] 9079K(9920K), 0.0030922 secs] [Times: user=0.01 sys=0.00, real=0.01 secs] 
110.552: [CMS-concurrent-mark-start]
110.552: [GC (Allocation Failure) 110.552: [ParNew (promotion failed): 2751K->2997K(3072K), 0.0183336 secs]110.570: [CMS110.574: [CMS-concurrent-mark: 0.004/0.022 secs] [Times: user=0.12 sys=0.00, real=0.02 secs] 
 (concurrent mode failure): 6329K->6327K(6848K), 0.0199217 secs] 9079K->9079K(9920K), [Metaspace: 3748K->3748K(1056768K)], 0.0383261 secs] [Times: user=0.13 sys=0.00, real=0.04 secs] 
110.591: [GC (Allocation Failure) 110.591: [ParNew (promotion failed): 2751K->3022K(3072K), 0.0149667 secs]110.606: [CMS: 6329K->6327K(6848K), 0.0165616 secs] 9079K->9079K(9920K), [Metaspace: 3748K->3748K(1056768K)], 0.0315908 secs] [Times: user=0.12 sys=0.00, real=0.03 secs] 
110.623: [GC (CMS Initial Mark) [1 CMS-initial-mark: 6327K(6848K)] 9079K(9920K), 0.0030338 secs] [Times: user=0.01 sys=0.00, real=0.00 secs] 
110.626: [CMS-concurrent-mark-start]
110.626: [GC (Allocation Failure) 110.626: [ParNew (promotion failed): 2751K->2997K(3072K), 0.0156977 secs]110.641: [CMS110.645: [CMS-concurrent-mark: 0.004/0.019 secs] [Times: user=0.12 sys=0.00, real=0.02 secs] 
 (concurrent mode failure): 6329K->6327K(6848K), 0.0203753 secs] 9079K->9079K(9920K), [Metaspace: 3748K->3748K(1056768K)], 0.0361343 secs] [Times: user=0.14 sys=0.00, real=0.04 secs] 
110.662: [GC (Allocation Failure) 110.662: [ParNew (promotion failed): 2751K->3022K(3072K), 0.0212236 secs]110.683: [CMS: 6329K->6327K(6848K), 0.0167155 secs] 9079K->9079K(9920K), [Metaspace: 3748K->3748K(1056768K)], 0.0380127 secs] [Times: user=0.16 sys=0.00, real=0.04 secs] 
110.701: [GC (CMS Initial Mark) [1 CMS-initial-mark: 6327K(6848K)] 9079K(9920K), 0.0030793 secs] [Times: user=0.00 sys=0.00, real=0.00 secs] 
110.704: [CMS-concurrent-mark-start]
110.704: [GC (Allocation Failure) 110.704: [ParNew (promotion failed): 2751K->3022K(3072K), 0.0173150 secs]110.721: [CMS110.725: [CMS-concurrent-mark: 0.004/0.021 secs] [Times: user=0.14 sys=0.00, real=0.02 secs] 
 (concurrent mode failure): 6329K->6327K(6848K), 0.0200101 secs] 9079K->9079K(9920K), [Metaspace: 3748K->3748K(1056768K)], 0.0373816 secs] [Times: user=0.16 sys=0.00, real=0.04 secs] 
110.742: [GC (Allocation Failure) 110.742: [ParNew (promotion failed): 2751K->3022K(3072K), 0.0162928 secs]110.758: [CMS: 6329K->6327K(6848K), 0.0164886 secs] 9079K->9079K(9920K), [Metaspace: 3748K->3748K(1056768K)], 0.0328364 secs] [Times: user=0.14 sys=0.00, real=0.03 secs] 
110.775: [GC (CMS Initial Mark) [1 CMS-initial-mark: 6327K(6848K)] 9079K(9920K), 0.0030790 secs] [Times: user=0.00 sys=0.00, real=0.00 secs] 
110.778: [CMS-concurrent-mark-start]
110.779: [GC (Allocation Failure) 110.779: [ParNew (promotion failed): 2751K->3022K(3072K), 0.0132498 secs]110.792: [CMS110.795: [CMS-concurrent-mark: 0.004/0.017 secs] [Times: user=0.09 sys=0.00, real=0.02 secs] 
 (concurrent mode failure): 6329K->6327K(6848K), 0.0196907 secs] 9079K->9079K(9920K), [Metaspace: 3748K->3748K(1056768K)], 0.0330080 secs] [Times: user=0.11 sys=0.00, real=0.03 secs] 
110.813: [GC (Allocation Failure) 110.813: [ParNew (promotion failed): 2751K->3022K(3072K), 0.0137242 secs]110.826: [CMS: 6329K->6327K(6848K), 0.0165493 secs] 9079K->9079K(9920K), [Metaspace: 3748K->3748K(1056768K)], 0.0303384 secs] [Times: user=0.11 sys=0.00, real=0.03 secs] 
110.843: [GC (CMS Initial Mark) [1 CMS-initial-mark: 6327K(6848K)] 9079K(9920K), 0.0030324 secs] [Times: user=0.00 sys=0.00, real=0.00 secs] 
110.846: [CMS-concurrent-mark-start]
110.846: [GC (Allocation Failure) 110.846: [ParNew (promotion failed): 2751K->3022K(3072K), 0.0253652 secs]110.872: [CMS110.875: [CMS-concurrent-mark: 0.003/0.029 secs] [Times: user=0.20 sys=0.01, real=0.03 secs] 
 (concurrent mode failure): 6329K->6327K(6848K), 0.0199141 secs] 9079K->9079K(9920K), [Metaspace: 3748K->3748K(1056768K)], 0.0453426 secs] [Times: user=0.22 sys=0.01, real=0.05 secs] 
110.892: [GC (Allocation Failure) 110.892: [ParNew (promotion failed): 2751K->2997K(3072K), 0.0195338 secs]110.911: [CMS: 6329K->6327K(6848K), 0.0164856 secs] 9079K->9079K(9920K), [Metaspace: 3748K->3748K(1056768K)], 0.0360865 secs] [Times: user=0.16 sys=0.00, real=0.03 secs] 
110.928: [GC (CMS Initial Mark) [1 CMS-initial-mark: 6327K(6848K)] 9079K(9920K), 0.0030256 secs] [Times: user=0.00 sys=0.00, real=0.01 secs] 
110.931: [CMS-concurrent-mark-start]
110.932: [GC (Allocation Failure) 110.932: [ParNew (promotion failed): 2751K->3022K(3072K), 0.0167758 secs]110.948: [CMS110.952: [CMS-concurrent-mark: 0.003/0.020 secs] [Times: user=0.14 sys=0.00, real=0.02 secs] 
 (concurrent mode failure): 6329K->6327K(6848K), 0.0199212 secs] 9079K->9079K(9920K), [Metaspace: 3748K->3748K(1056768K)], 0.0367590 secs] [Times: user=0.15 sys=0.00, real=0.03 secs] 
110.969: [GC (Allocation Failure) 110.969: [ParNew (promotion failed): 2751K->3022K(3072K), 0.0240289 secs]110.993: [CMS: 6329K->6327K(6848K), 0.0165388 secs] 9079K->9079K(9920K), [Metaspace: 3748K->3748K(1056768K)], 0.0406220 secs] [Times: user=0.20 sys=0.00, real=0.05 secs] 
111.010: [GC (CMS Initial Mark) [1 CMS-initial-mark: 6327K(6848K)] 9079K(9920K), 0.0030491 secs] [Times: user=0.00 sys=0.00, real=0.00 secs] 
111.013: [CMS-concurrent-mark-start]
111.013: [GC (Allocation Failure) 111.013: [ParNew (promotion failed): 2751K->2997K(3072K), 0.0159725 secs]111.029: [CMS111.033: [CMS-concurrent-mark: 0.003/0.019 secs] [Times: user=0.13 sys=0.00, real=0.02 secs] 
 (concurrent mode failure): 6329K->6327K(6848K), 0.0199511 secs] 9079K->9079K(9920K), [Metaspace: 3748K->3748K(1056768K)], 0.0359795 secs] [Times: user=0.15 sys=0.00, real=0.04 secs] 
111.050: [GC (Allocation Failure) 111.050: [ParNew (promotion failed): 2751K->3071K(3072K), 0.0253577 secs]111.075: [CMS: 6329K->6327K(6848K), 0.0165458 secs] 9079K->9079K(9920K), [Metaspace: 3748K->3748K(1056768K)], 0.0419600 secs] [Times: user=0.20 sys=0.00, real=0.04 secs] 
111.092: [GC (CMS Initial Mark) [1 CMS-initial-mark: 6327K(6848K)] 9079K(9920K), 0.0030439 secs] [Times: user=0.00 sys=0.00, real=0.00 secs] 
111.095: [CMS-concurrent-mark-start]
111.096: [GC (Allocation Failure) 111.096: [ParNew (promotion failed): 2751K->2997K(3072K), 0.0156239 secs]111.111: [CMS111.115: [CMS-concurrent-mark: 0.004/0.019 secs] [Times: user=0.12 sys=0.00, real=0.02 secs] 
 (concurrent mode failure): 6329K->6327K(6848K), 0.0197122 secs] 9079K->9079K(9920K), [Metaspace: 3748K->3748K(1056768K)], 0.0353939 secs] [Times: user=0.14 sys=0.00, real=0.04 secs] 
111.131: [GC (Allocation Failure) 111.131: [ParNew (promotion failed): 2751K->2997K(3072K), 0.0223388 secs]111.154: [CMS: 6329K->6327K(6848K), 0.0165146 secs] 9079K->9079K(9920K), [Metaspace: 3748K->3748K(1056768K)], 0.0389137 secs] [Times: user=0.19 sys=0.00, real=0.04 secs] 
111.171: [GC (CMS Initial Mark) [1 CMS-initial-mark: 6327K(6848K)] 9079K(9920K), 0.0030608 secs] [Times: user=0.00 sys=0.00, real=0.00 secs] 
111.174: [CMS-concurrent-mark-start]
111.174: [GC (Allocation Failure) 111.174: [ParNew (promotion failed): 2751K->3022K(3072K), 0.0251726 secs]111.199: [CMS111.202: [CMS-concurrent-mark: 0.003/0.029 secs] [Times: user=0.20 sys=0.00, real=0.03 secs] 
 (concurrent mode failure): 6329K->6327K(6848K), 0.0198490 secs] 9079K->9079K(9920K), [Metaspace: 3748K->3748K(1056768K)], 0.0450737 secs] [Times: user=0.22 sys=0.00, real=0.04 secs] 
111.219: [GC (Allocation Failure) 111.219: [ParNew (promotion failed): 2751K->3046K(3072K), 0.0144858 secs]111.234: [CMS: 6329K->6327K(6848K), 0.0164635 secs] 9079K->9079K(9920K), [Metaspace: 3748K->3748K(1056768K)], 0.0310073 secs] [Times: user=0.12 sys=0.01, real=0.03 secs] 
111.251: [GC (CMS Initial Mark) [1 CMS-initial-mark: 6327K(6848K)] 9079K(9920K), 0.0030610 secs] [Times: user=0.00 sys=0.00, real=0.00 secs] 
111.254: [CMS-concurrent-mark-start]
111.254: [GC (Allocation Failure) 111.254: [ParNew (promotion failed): 2751K->2997K(3072K), 0.0206165 secs]111.274: [CMS111.278: [CMS-concurrent-mark: 0.003/0.024 secs] [Times: user=0.16 sys=0.00, real=0.02 secs] 
 (concurrent mode failure): 6329K->6327K(6848K), 0.0198203 secs] 9079K->9079K(9920K), [Metaspace: 3748K->3748K(1056768K)], 0.0404897 secs] [Times: user=0.17 sys=0.00, real=0.04 secs] 
111.295: [GC (Allocation Failure) 111.295: [ParNew (promotion failed): 2751K->2997K(3072K), 0.0148988 secs]111.310: [CMS: 6329K->6327K(6848K), 0.0164342 secs] 9079K->9079K(9920K), [Metaspace: 3748K->3748K(1056768K)], 0.0313903 secs] [Times: user=0.12 sys=0.00, real=0.03 secs] 
111.327: [GC (CMS Initial Mark) [1 CMS-initial-mark: 6327K(6848K)] 9079K(9920K), 0.0030348 secs] [Times: user=0.00 sys=0.00, real=0.01 secs] 
111.330: [CMS-concurrent-mark-start]
111.331: [GC (Allocation Failure) 111.331: [ParNew (promotion failed): 2751K->2997K(3072K), 0.0144846 secs]111.345: [CMS111.348: [CMS-concurrent-mark: 0.004/0.018 secs] [Times: user=0.12 sys=0.00, real=0.01 secs] 
 (concurrent mode failure): 6329K->6327K(6848K), 0.0196046 secs] 9079K->9079K(9920K), [Metaspace: 3748K->3748K(1056768K)], 0.0341547 secs] [Times: user=0.13 sys=0.00, real=0.03 secs] 
111.365: [GC (Allocation Failure) 111.365: [ParNew (promotion failed): 2751K->3022K(3072K), 0.0227198 secs]111.388: [CMS: 6329K->6327K(6848K), 0.0165245 secs] 9079K->9079K(9920K), [Metaspace: 3748K->3748K(1056768K)], 0.0393027 secs] [Times: user=0.17 sys=0.00, real=0.04 secs] 
111.405: [GC (CMS Initial Mark) [1 CMS-initial-mark: 6327K(6848K)] 9079K(9920K), 0.0030895 secs] [Times: user=0.01 sys=0.00, real=0.00 secs] 
111.408: [CMS-concurrent-mark-start]
111.408: [GC (Allocation Failure) 111.408: [ParNew (promotion failed): 2751K->2997K(3072K), 0.0209142 secs]111.429: [CMS111.432: [CMS-concurrent-mark: 0.003/0.024 secs] [Times: user=0.14 sys=0.00, real=0.03 secs] 
 (concurrent mode failure): 6329K->6327K(6848K), 0.0199700 secs] 9079K->9079K(9920K), [Metaspace: 3748K->3748K(1056768K)], 0.0409657 secs] [Times: user=0.16 sys=0.00, real=0.05 secs] 
111.449: [GC (Allocation Failure) 111.449: [ParNew (promotion failed): 2751K->2997K(3072K), 0.0218185 secs]111.471: [CMS: 6329K->6327K(6848K), 0.0168748 secs] 9079K->9079K(9920K), [Metaspace: 3748K->3748K(1056768K)], 0.0387588 secs] [Times: user=0.17 sys=0.00, real=0.03 secs] 
111.488: [GC (CMS Initial Mark) [1 CMS-initial-mark: 6327K(6848K)] 9079K(9920K), 0.0030534 secs] [Times: user=0.00 sys=0.00, real=0.01 secs] 
111.491: [CMS-concurrent-mark-start]
111.492: [GC (Allocation Failure) 111.492: [ParNew (promotion failed): 2751K->2997K(3072K), 0.0181700 secs]111.510: [CMS111.513: [CMS-concurrent-mark: 0.004/0.022 secs] [Times: user=0.12 sys=0.00, real=0.02 secs] 
 (concurrent mode failure): 6329K->6327K(6848K), 0.0201215 secs] 9079K->9079K(9920K), [Metaspace: 3748K->3748K(1056768K)], 0.0383595 secs] [Times: user=0.14 sys=0.00, real=0.04 secs] 
111.530: [GC (Allocation Failure) 111.530: [ParNew (promotion failed): 2751K->2997K(3072K), 0.0219013 secs]111.552: [CMS: 6329K->6327K(6848K), 0.0165045 secs] 9079K->9079K(9920K), [Metaspace: 3748K->3748K(1056768K)], 0.0384703 secs] [Times: user=0.17 sys=0.00, real=0.04 secs] 
111.570: [GC (CMS Initial Mark) [1 CMS-initial-mark: 6327K(6848K)] 9079K(9920K), 0.0030565 secs] [Times: user=0.01 sys=0.00, real=0.00 secs] 
111.573: [CMS-concurrent-mark-start]
111.573: [GC (Allocation Failure) 111.573: [ParNew (promotion failed): 2751K->2997K(3072K), 0.0169244 secs]111.590: [CMS111.593: [CMS-concurrent-mark: 0.003/0.020 secs] [Times: user=0.13 sys=0.00, real=0.02 secs] 
 (concurrent mode failure): 6329K->6327K(6848K), 0.0200804 secs] 9079K->9079K(9920K), [Metaspace: 3748K->3748K(1056768K)], 0.0370660 secs] [Times: user=0.15 sys=0.00, real=0.04 secs] 
111.611: [GC (Allocation Failure) 111.611: [ParNew (promotion failed): 2751K->3022K(3072K), 0.0202448 secs]111.631: [CMS: 6329K->6327K(6848K), 0.0166979 secs] 9079K->9079K(9920K), [Metaspace: 3748K->3748K(1056768K)], 0.0370047 secs] [Times: user=0.15 sys=0.00, real=0.03 secs] 
111.649: [GC (CMS Initial Mark) [1 CMS-initial-mark: 6327K(6848K)] 9079K(9920K), 0.0031007 secs] [Times: user=0.01 sys=0.00, real=0.01 secs] 
111.652: [CMS-concurrent-mark-start]
111.652: [GC (Allocation Failure) 111.652: [ParNew (promotion failed): 2751K->3046K(3072K), 0.0147108 secs]111.667: [CMS111.670: [CMS-concurrent-mark: 0.004/0.018 secs] [Times: user=0.11 sys=0.00, real=0.02 secs] 
 (concurrent mode failure): 6329K->6327K(6848K), 0.0197420 secs] 9079K->9079K(9920K), [Metaspace: 3748K->3748K(1056768K)], 0.0345172 secs] [Times: user=0.13 sys=0.00, real=0.03 secs] 
111.687: [GC (Allocation Failure) 111.687: [ParNew (promotion failed): 2751K->2997K(3072K), 0.0150915 secs]111.702: [CMS: 6329K->6327K(6848K), 0.0164775 secs] 9079K->9079K(9920K), [Metaspace: 3748K->3748K(1056768K)], 0.0316372 secs] [Times: user=0.13 sys=0.00, real=0.03 secs] 
111.719: [GC (CMS Initial Mark) [1 CMS-initial-mark: 6327K(6848K)] 9079K(9920K), 0.0030520 secs] [Times: user=0.00 sys=0.00, real=0.01 secs] 
111.722: [CMS-concurrent-mark-start]
111.722: [GC (Allocation Failure) 111.722: [ParNew (promotion failed): 2751K->3022K(3072K), 0.0176616 secs]111.740: [CMS111.743: [CMS-concurrent-mark: 0.003/0.021 secs] [Times: user=0.14 sys=0.00, real=0.02 secs] 
 (concurrent mode failure): 6329K->6327K(6848K), 0.0199005 secs] 9079K->9079K(9920K), [Metaspace: 3748K->3748K(1056768K)], 0.0376193 secs] [Times: user=0.16 sys=0.00, real=0.04 secs] 
111.760: [GC (Allocation Failure) 111.760: [ParNew (promotion failed): 2751K->3022K(3072K), 0.0157553 secs]111.776: [CMS: 6329K->6327K(6848K), 0.0164941 secs] 9079K->9079K(9920K), [Metaspace: 3748K->3748K(1056768K)], 0.0323189 secs] [Times: user=0.13 sys=0.00, real=0.03 secs] 
111.793: [GC (CMS Initial Mark) [1 CMS-initial-mark: 6327K(6848K)] 9079K(9920K), 0.0030543 secs] [Times: user=0.01 sys=0.00, real=0.00 secs] 
111.796: [CMS-concurrent-mark-start]
111.796: [GC (Allocation Failure) 111.796: [ParNew (promotion failed): 2751K->3022K(3072K), 0.0157890 secs]111.812: [CMS111.815: [CMS-concurrent-mark: 0.003/0.019 secs] [Times: user=0.12 sys=0.00, real=0.02 secs] 
 (concurrent mode failure): 6329K->6327K(6848K), 0.0200265 secs] 9079K->9079K(9920K), [Metaspace: 3748K->3748K(1056768K)], 0.0358768 secs] [Times: user=0.14 sys=0.00, real=0.04 secs] 
111.833: [GC (Allocation Failure) 111.833: [ParNew (promotion failed): 2751K->3022K(3072K), 0.0154371 secs]111.848: [CMS: 6329K->6327K(6848K), 0.0164363 secs] 9079K->9079K(9920K), [Metaspace: 3748K->3748K(1056768K)], 0.0319409 secs] [Times: user=0.13 sys=0.00, real=0.03 secs] 
111.865: [GC (CMS Initial Mark) [1 CMS-initial-mark: 6327K(6848K)] 9079K(9920K), 0.0030541 secs] [Times: user=0.01 sys=0.00, real=0.00 secs] 
111.868: [CMS-concurrent-mark-start]
111.869: [GC (Allocation Failure) 111.869: [ParNew (promotion failed): 2751K->2997K(3072K), 0.0162241 secs]111.885: [CMS111.888: [CMS-concurrent-mark: 0.004/0.020 secs] [Times: user=0.12 sys=0.00, real=0.02 secs] 
 (concurrent mode failure): 6329K->6327K(6848K), 0.0195127 secs] 9079K->9079K(9920K), [Metaspace: 3748K->3748K(1056768K)], 0.0358002 secs] [Times: user=0.14 sys=0.00, real=0.04 secs] 
111.905: [GC (Allocation Failure) 111.905: [ParNew (promotion failed): 2751K->2997K(3072K), 0.0225074 secs]111.927: [CMS: 6329K->6327K(6848K), 0.0165323 secs] 9079K->9079K(9920K), [Metaspace: 3748K->3748K(1056768K)], 0.0391079 secs] [Times: user=0.19 sys=0.01, real=0.04 secs] 
111.944: [GC (CMS Initial Mark) [1 CMS-initial-mark: 6327K(6848K)] 9079K(9920K), 0.0030980 secs] [Times: user=0.00 sys=0.00, real=0.00 secs] 
111.947: [CMS-concurrent-mark-start]
111.947: [GC (Allocation Failure) 111.947: [ParNew (promotion failed): 2751K->2997K(3072K), 0.0204017 secs]111.968: [CMS111.971: [CMS-concurrent-mark: 0.003/0.024 secs] [Times: user=0.16 sys=0.00, real=0.03 secs] 
 (concurrent mode failure): 6329K->6327K(6848K), 0.0198065 secs] 9079K->9079K(9920K), [Metaspace: 3748K->3748K(1056768K)], 0.0402653 secs] [Times: user=0.18 sys=0.00, real=0.04 secs] 
111.988: [GC (Allocation Failure) 111.988: [ParNew (promotion failed): 2751K->2997K(3072K), 0.0218325 secs]112.010: [CMS: 6329K->6327K(6848K), 0.0165532 secs] 9079K->9079K(9920K), [Metaspace: 3748K->3748K(1056768K)], 0.0384398 secs] [Times: user=0.18 sys=0.00, real=0.04 secs] 
112.027: [GC (CMS Initial Mark) [1 CMS-initial-mark: 6327K(6848K)] 9079K(9920K), 0.0030472 secs] [Times: user=0.00 sys=0.00, real=0.01 secs] 
112.030: [CMS-concurrent-mark-start]
112.030: [GC (Allocation Failure) 112.030: [ParNew (promotion failed): 2751K->2997K(3072K), 0.0218710 secs]112.052: [CMS112.055: [CMS-concurrent-mark: 0.003/0.025 secs] [Times: user=0.17 sys=0.00, real=0.02 secs] 
 (concurrent mode failure): 6329K->6327K(6848K), 0.0198507 secs] 9079K->9079K(9920K), [Metaspace: 3748K->3748K(1056768K)], 0.0417862 secs] [Times: user=0.18 sys=0.00, real=0.04 secs] 
112.072: [GC (Allocation Failure) 112.072: [ParNew (promotion failed): 2751K->2997K(3072K), 0.0161896 secs]112.088: [CMS: 6329K->6327K(6848K), 0.0166119 secs] 9079K->9079K(9920K), [Metaspace: 3748K->3748K(1056768K)], 0.0328680 secs] [Times: user=0.14 sys=0.00, real=0.03 secs] 
112.106: [GC (CMS Initial Mark) [1 CMS-initial-mark: 6327K(6848K)] 9079K(9920K), 0.0030912 secs] [Times: user=0.00 sys=0.00, real=0.01 secs] 
112.109: [CMS-concurrent-mark-start]
112.109: [GC (Allocation Failure) 112.109: [ParNew (promotion failed): 2751K->2997K(3072K), 0.0142957 secs]112.123: [CMS112.127: [CMS-concurrent-mark: 0.003/0.018 secs] [Times: user=0.11 sys=0.00, real=0.01 secs] 
 (concurrent mode failure): 6329K->6327K(6848K), 0.0201206 secs] 9079K->9079K(9920K), [Metaspace: 3748K->3748K(1056768K)], 0.0344748 secs] [Times: user=0.12 sys=0.00, real=0.03 secs] 
112.144: [GC (Allocation Failure) 112.144: [ParNew (promotion failed): 2751K->3046K(3072K), 0.0149412 secs]112.159: [CMS: 6329K->6327K(6848K), 0.0166213 secs] 9079K->9079K(9920K), [Metaspace: 3748K->3748K(1056768K)], 0.0316183 secs] [Times: user=0.12 sys=0.00, real=0.03 secs] 
112.176: [GC (CMS Initial Mark) [1 CMS-initial-mark: 6327K(6848K)] 9079K(9920K), 0.0030380 secs] [Times: user=0.00 sys=0.00, real=0.01 secs] 
112.179: [CMS-concurrent-mark-start]
112.180: [GC (Allocation Failure) 112.180: [ParNew (promotion failed): 2751K->2997K(3072K), 0.0200557 secs]112.200: [CMS112.203: [CMS-concurrent-mark: 0.004/0.024 secs] [Times: user=0.15 sys=0.00, real=0.02 secs] 
 (concurrent mode failure): 6329K->6327K(6848K), 0.0196454 secs] 9079K->9079K(9920K), [Metaspace: 3748K->3748K(1056768K)], 0.0397590 secs] [Times: user=0.16 sys=0.00, real=0.04 secs] 
112.220: [GC (Allocation Failure) 112.220: [ParNew (promotion failed): 2751K->3046K(3072K), 0.0234121 secs]112.243: [CMS: 6329K->6327K(6848K), 0.0164839 secs] 9079K->9079K(9920K), [Metaspace: 3748K->3748K(1056768K)], 0.0399495 secs] [Times: user=0.19 sys=0.00, real=0.04 secs] 
112.260: [GC (CMS Initial Mark) [1 CMS-initial-mark: 6327K(6848K)] 9079K(9920K), 0.0030387 secs] [Times: user=0.00 sys=0.00, real=0.00 secs] 
112.263: [CMS-concurrent-mark-start]
112.263: [GC (Allocation Failure) 112.263: [ParNew (promotion failed): 2751K->3022K(3072K), 0.0202396 secs]112.283: [CMS112.287: [CMS-concurrent-mark: 0.004/0.024 secs] [Times: user=0.16 sys=0.01, real=0.02 secs] 
 (concurrent mode failure): 6329K->6327K(6848K), 0.0199467 secs] 9079K->9079K(9920K), [Metaspace: 3748K->3748K(1056768K)], 0.0402522 secs] [Times: user=0.18 sys=0.01, real=0.04 secs] 
112.304: [GC (Allocation Failure) 112.304: [ParNew (promotion failed): 2751K->2997K(3072K), 0.0172647 secs]112.321: [CMS: 6329K->6327K(6848K), 0.0164637 secs] 9079K->9079K(9920K), [Metaspace: 3748K->3748K(1056768K)], 0.0337931 secs] [Times: user=0.14 sys=0.00, real=0.03 secs] 
112.338: [GC (CMS Initial Mark) [1 CMS-initial-mark: 6327K(6848K)] 9079K(9920K), 0.0030606 secs] [Times: user=0.01 sys=0.00, real=0.01 secs] 
112.341: [CMS-concurrent-mark-start]
112.341: [GC (Allocation Failure) 112.341: [ParNew (promotion failed): 2751K->3022K(3072K), 0.0150813 secs]112.356: [CMS112.360: [CMS-concurrent-mark: 0.003/0.019 secs] [Times: user=0.11 sys=0.00, real=0.02 secs] 
 (concurrent mode failure): 6329K->6327K(6848K), 0.0199210 secs] 9079K->9079K(9920K), [Metaspace: 3748K->3748K(1056768K)], 0.0350725 secs] [Times: user=0.12 sys=0.00, real=0.03 secs] 
112.377: [GC (Allocation Failure) 112.377: [ParNew (promotion failed): 2751K->2997K(3072K), 0.0182430 secs]112.395: [CMS: 6329K->6327K(6848K), 0.0165101 secs] 9079K->9079K(9920K), [Metaspace: 3748K->3748K(1056768K)], 0.0348260 secs] [Times: user=0.16 sys=0.00, real=0.04 secs] 
112.412: [GC (CMS Initial Mark) [1 CMS-initial-mark: 6327K(6848K)] 9079K(9920K), 0.0030656 secs] [Times: user=0.00 sys=0.00, real=0.00 secs] 
112.415: [CMS-concurrent-mark-start]
112.416: [GC (Allocation Failure) 112.416: [ParNew (promotion failed): 2751K->3022K(3072K), 0.0229337 secs]112.439: [CMS112.442: [CMS-concurrent-mark: 0.004/0.027 secs] [Times: user=0.18 sys=0.00, real=0.03 secs] 
 (concurrent mode failure): 6329K->6327K(6848K), 0.0195500 secs] 9079K->9079K(9920K), [Metaspace: 3748K->3748K(1056768K)], 0.0425388 secs] [Times: user=0.20 sys=0.00, real=0.04 secs] 
112.459: [GC (Allocation Failure) 112.459: [ParNew (promotion failed): 2751K->3022K(3072K), 0.0157731 secs]112.475: [CMS: 6329K->6327K(6848K), 0.0167088 secs] 9079K->9079K(9920K), [Metaspace: 3748K->3748K(1056768K)], 0.0325391 secs] [Times: user=0.14 sys=0.00, real=0.03 secs] 
112.492: [GC (CMS Initial Mark) [1 CMS-initial-mark: 6327K(6848K)] 9079K(9920K), 0.0030736 secs] [Times: user=0.00 sys=0.00, real=0.00 secs] 
112.495: [CMS-concurrent-mark-start]
112.495: [GC (Allocation Failure) 112.495: [ParNew (promotion failed): 2751K->2972K(3072K), 0.0192666 secs]112.514: [CMS112.518: [CMS-concurrent-mark: 0.003/0.023 secs] [Times: user=0.13 sys=0.00, real=0.02 secs] 
 (concurrent mode failure): 6329K->6327K(6848K), 0.0201006 secs] 9079K->9079K(9920K), [Metaspace: 3748K->3748K(1056768K)], 0.0394295 secs] [Times: user=0.15 sys=0.00, real=0.04 secs] 
112.535: [GC (Allocation Failure) 112.535: [ParNew (promotion failed): 2751K->2997K(3072K), 0.0157777 secs]112.550: [CMS: 6329K->6327K(6848K), 0.0165908 secs] 9079K->9079K(9920K), [Metaspace: 3748K->3748K(1056768K)], 0.0324352 secs] [Times: user=0.13 sys=0.00, real=0.03 secs] 
112.567: [GC (CMS Initial Mark) [1 CMS-initial-mark: 6327K(6848K)] 9079K(9920K), 0.0030765 secs] [Times: user=0.01 sys=0.00, real=0.01 secs] 
112.571: [CMS-concurrent-mark-start]
112.571: [GC (Allocation Failure) 112.571: [ParNew (promotion failed): 2751K->3022K(3072K), 0.0162528 secs]112.587: [CMS112.591: [CMS-concurrent-mark: 0.004/0.020 secs] [Times: user=0.13 sys=0.00, real=0.02 secs] 
 (concurrent mode failure): 6329K->6327K(6848K), 0.0200253 secs] 9079K->9079K(9920K), [Metaspace: 3748K->3748K(1056768K)], 0.0363453 secs] [Times: user=0.14 sys=0.00, real=0.03 secs] 
112.608: [GC (Allocation Failure) 112.608: [ParNew (promotion failed): 2751K->2997K(3072K), 0.0187095 secs]112.626: [CMS: 6329K->6327K(6848K), 0.0165559 secs] 9079K->9079K(9920K), [Metaspace: 3748K->3748K(1056768K)], 0.0353375 secs] [Times: user=0.16 sys=0.00, real=0.04 secs] 
112.644: [GC (CMS Initial Mark) [1 CMS-initial-mark: 6327K(6848K)] 9079K(9920K), 0.0030247 secs] [Times: user=0.00 sys=0.00, real=0.00 secs] 
112.647: [CMS-concurrent-mark-start]
112.647: [GC (Allocation Failure) 112.647: [ParNew (promotion failed): 2751K->2997K(3072K), 0.0152246 secs]112.662: [CMS112.665: [CMS-concurrent-mark: 0.003/0.019 secs] [Times: user=0.12 sys=0.01, real=0.02 secs] 
 (concurrent mode failure): 6329K->6327K(6848K), 0.0200798 secs] 9079K->9079K(9920K), [Metaspace: 3748K->3748K(1056768K)], 0.0353762 secs] [Times: user=0.14 sys=0.01, real=0.04 secs] 
112.683: [GC (Allocation Failure) 112.683: [ParNew (promotion failed): 2751K->2997K(3072K), 0.0160768 secs]112.699: [CMS: 6329K->6327K(6848K), 0.0167342 secs] 9079K->9079K(9920K), [Metaspace: 3748K->3748K(1056768K)], 0.0328844 secs] [Times: user=0.14 sys=0.00, real=0.03 secs] 
112.716: [GC (CMS Initial Mark) [1 CMS-initial-mark: 6327K(6848K)] 9079K(9920K), 0.0030686 secs] [Times: user=0.00 sys=0.00, real=0.01 secs] 
112.719: [CMS-concurrent-mark-start]
112.720: [GC (Allocation Failure) 112.720: [ParNew (promotion failed): 2751K->3022K(3072K), 0.0156162 secs]112.735: [CMS112.739: [CMS-concurrent-mark: 0.004/0.019 secs] [Times: user=0.12 sys=0.00, real=0.01 secs] 
 (concurrent mode failure): 6329K->6327K(6848K), 0.0199743 secs] 9079K->9079K(9920K), [Metaspace: 3748K->3748K(1056768K)], 0.0356502 secs] [Times: user=0.14 sys=0.00, real=0.03 secs] 
112.756: [GC (Allocation Failure) 112.756: [ParNew (promotion failed): 2751K->3022K(3072K), 0.0122992 secs]112.768: [CMS: 6329K->6327K(6848K), 0.0164852 secs] 9079K->9079K(9920K), [Metaspace: 3748K->3748K(1056768K)], 0.0288465 secs] [Times: user=0.08 sys=0.00, real=0.03 secs] 
112.785: [GC (CMS Initial Mark) [1 CMS-initial-mark: 6327K(6848K)] 9079K(9920K), 0.0031379 secs] [Times: user=0.01 sys=0.00, real=0.00 secs] 
112.788: [CMS-concurrent-mark-start]
112.788: [GC (Allocation Failure) 112.788: [ParNew (promotion failed): 2751K->2972K(3072K), 0.0090078 secs]112.797: [CMS112.801: [CMS-concurrent-mark: 0.003/0.013 secs] [Times: user=0.04 sys=0.00, real=0.02 secs] 
 (concurrent mode failure): 6329K->6327K(6848K), 0.0200539 secs] 9079K->9079K(9920K), [Metaspace: 3748K->3748K(1056768K)], 0.0291200 secs] [Times: user=0.06 sys=0.00, real=0.03 secs] 
112.818: [GC (Allocation Failure) 112.818: [ParNew (promotion failed): 2751K->3022K(3072K), 0.0126528 secs]112.831: [CMS: 6329K->6327K(6848K), 0.0165231 secs] 9079K->9079K(9920K), [Metaspace: 3748K->3748K(1056768K)], 0.0293498 secs] [Times: user=0.10 sys=0.00, real=0.03 secs] 
112.848: [GC (CMS Initial Mark) [1 CMS-initial-mark: 6327K(6848K)] 9079K(9920K), 0.0030557 secs] [Times: user=0.00 sys=0.00, real=0.01 secs] 
112.851: [CMS-concurrent-mark-start]
112.851: [GC (Allocation Failure) 112.851: [ParNew (promotion failed): 2751K->3022K(3072K), 0.0162160 secs]112.867: [CMS112.870: [CMS-concurrent-mark: 0.004/0.020 secs] [Times: user=0.13 sys=0.00, real=0.02 secs] 
 (concurrent mode failure): 6329K->6327K(6848K), 0.0200412 secs] 9079K->9079K(9920K), [Metaspace: 3748K->3748K(1056768K)], 0.0363197 secs] [Times: user=0.14 sys=0.00, real=0.03 secs] 
112.888: [GC (Allocation Failure) 112.888: [ParNew (promotion failed): 2751K->3022K(3072K), 0.0201838 secs]112.908: [CMS: 6329K->6327K(6848K), 0.0165682 secs] 9079K->9079K(9920K), [Metaspace: 3748K->3748K(1056768K)], 0.0368105 secs] [Times: user=0.16 sys=0.00, real=0.04 secs] 
112.925: [GC (CMS Initial Mark) [1 CMS-initial-mark: 6327K(6848K)] 9079K(9920K), 0.0030719 secs] [Times: user=0.00 sys=0.00, real=0.00 secs] 
112.928: [CMS-concurrent-mark-start]
112.929: [GC (Allocation Failure) 112.929: [ParNew (promotion failed): 2751K->3022K(3072K), 0.0164217 secs]112.945: [CMS112.948: [CMS-concurrent-mark: 0.004/0.020 secs] [Times: user=0.13 sys=0.00, real=0.02 secs] 
 (concurrent mode failure): 6329K->6327K(6848K), 0.0198854 secs] 9079K->9079K(9920K), [Metaspace: 3748K->3748K(1056768K)], 0.0363665 secs] [Times: user=0.15 sys=0.00, real=0.04 secs] 
112.966: [GC (Allocation Failure) 112.966: [ParNew (promotion failed): 2751K->2997K(3072K), 0.0220082 secs]112.988: [CMS: 6329K->6327K(6848K), 0.0166277 secs] 9079K->9079K(9920K), [Metaspace: 3748K->3748K(1056768K)], 0.0387005 secs] [Times: user=0.18 sys=0.01, real=0.04 secs] 
113.005: [GC (CMS Initial Mark) [1 CMS-initial-mark: 6327K(6848K)] 9079K(9920K), 0.0030445 secs] [Times: user=0.00 sys=0.00, real=0.00 secs] 
113.008: [CMS-concurrent-mark-start]
113.008: [GC (Allocation Failure) 113.008: [ParNew (promotion failed): 2751K->2997K(3072K), 0.0186805 secs]113.026: [CMS113.030: [CMS-concurrent-mark: 0.004/0.022 secs] [Times: user=0.15 sys=0.00, real=0.03 secs] 
 (concurrent mode failure): 6329K->6327K(6848K), 0.0199807 secs] 9079K->9079K(9920K), [Metaspace: 3748K->3748K(1056768K)], 0.0387150 secs] [Times: user=0.16 sys=0.00, real=0.04 secs] 
113.047: [GC (Allocation Failure) 113.047: [ParNew (promotion failed): 2751K->2997K(3072K), 0.0140628 secs]113.061: [CMS: 6329K->6327K(6848K), 0.0165530 secs] 9079K->9079K(9920K), [Metaspace: 3748K->3748K(1056768K)], 0.0306855 secs] [Times: user=0.12 sys=0.00, real=0.03 secs] 
113.078: [GC (CMS Initial Mark) [1 CMS-initial-mark: 6327K(6848K)] 9079K(9920K), 0.0030625 secs] [Times: user=0.01 sys=0.00, real=0.01 secs] 
113.081: [CMS-concurrent-mark-start]
113.081: [GC (Allocation Failure) 113.081: [ParNew (promotion failed): 2751K->2997K(3072K), 0.0226345 secs]113.104: [CMS113.107: [CMS-concurrent-mark: 0.003/0.026 secs] [Times: user=0.17 sys=0.00, real=0.02 secs] 
 (concurrent mode failure): 6329K->6327K(6848K), 0.0198150 secs] 9079K->9079K(9920K), [Metaspace: 3748K->3748K(1056768K)], 0.0425128 secs] [Times: user=0.19 sys=0.00, real=0.04 secs] 
113.124: [GC (Allocation Failure) 113.124: [ParNew (promotion failed): 2751K->2997K(3072K), 0.0145680 secs]113.139: [CMS: 6329K->6327K(6848K), 0.0165609 secs] 9079K->9079K(9920K), [Metaspace: 3748K->3748K(1056768K)], 0.0311922 secs] [Times: user=0.12 sys=0.00, real=0.03 secs] 
113.156: [GC (CMS Initial Mark) [1 CMS-initial-mark: 6327K(6848K)] 9079K(9920K), 0.0030347 secs] [Times: user=0.01 sys=0.00, real=0.01 secs] 
113.159: [CMS-concurrent-mark-start]
113.159: [GC (Allocation Failure) 113.159: [ParNew (promotion failed): 2751K->3022K(3072K), 0.0169273 secs]113.176: [CMS113.180: [CMS-concurrent-mark: 0.003/0.020 secs] [Times: user=0.12 sys=0.00, real=0.02 secs] 
 (concurrent mode failure): 6329K->6327K(6848K), 0.0199290 secs] 9079K->9079K(9920K), [Metaspace: 3748K->3748K(1056768K)], 0.0369248 secs] [Times: user=0.14 sys=0.00, real=0.03 secs] 
113.197: [GC (Allocation Failure) 113.197: [ParNew (promotion failed): 2751K->2997K(3072K), 0.0142777 secs]113.211: [CMS: 6329K->6327K(6848K), 0.0165695 secs] 9079K->9079K(9920K), [Metaspace: 3748K->3748K(1056768K)], 0.0309163 secs] [Times: user=0.12 sys=0.00, real=0.03 secs] 
113.228: [GC (CMS Initial Mark) [1 CMS-initial-mark: 6327K(6848K)] 9079K(9920K), 0.0030742 secs] [Times: user=0.00 sys=0.00, real=0.01 secs] 
113.231: [CMS-concurrent-mark-start]
113.232: [GC (Allocation Failure) 113.232: [ParNew (promotion failed): 2751K->3022K(3072K), 0.0163060 secs]113.248: [CMS113.251: [CMS-concurrent-mark: 0.004/0.020 secs] [Times: user=0.13 sys=0.00, real=0.02 secs] 
 (concurrent mode failure): 6329K->6327K(6848K), 0.0197471 secs] 9079K->9079K(9920K), [Metaspace: 3748K->3748K(1056768K)], 0.0361068 secs] [Times: user=0.15 sys=0.00, real=0.03 secs] 
113.268: [GC (Allocation Failure) 113.268: [ParNew (promotion failed): 2751K->2997K(3072K), 0.0216208 secs]113.290: [CMS: 6329K->6327K(6848K), 0.0164906 secs] 9079K->9079K(9920K), [Metaspace: 3748K->3748K(1056768K)], 0.0381676 secs] [Times: user=0.17 sys=0.01, real=0.04 secs] 
113.306: [GC (CMS Initial Mark) [1 CMS-initial-mark: 6327K(6848K)] 9079K(9920K), 0.0030395 secs] [Times: user=0.00 sys=0.00, real=0.01 secs] 
113.309: [CMS-concurrent-mark-start]
113.309: [GC (Allocation Failure) 113.309: [ParNew (promotion failed): 2751K->2997K(3072K), 0.0146447 secs]113.324: [CMS113.328: [CMS-concurrent-mark: 0.003/0.018 secs] [Times: user=0.11 sys=0.00, real=0.01 secs] 
 (concurrent mode failure): 6329K->6327K(6848K), 0.0198705 secs] 9079K->9079K(9920K), [Metaspace: 3748K->3748K(1056768K)], 0.0345797 secs] [Times: user=0.13 sys=0.00, real=0.03 secs] 
113.344: [GC (Allocation Failure) 113.344: [ParNew (promotion failed): 2751K->2997K(3072K), 0.0173011 secs]113.362: [CMS: 6329K->6327K(6848K), 0.0165472 secs] 9079K->9079K(9920K), [Metaspace: 3748K->3748K(1056768K)], 0.0339105 secs] [Times: user=0.13 sys=0.00, real=0.03 secs] 
113.379: [GC (CMS Initial Mark) [1 CMS-initial-mark: 6327K(6848K)] 9079K(9920K), 0.0030894 secs] [Times: user=0.01 sys=0.00, real=0.01 secs] 
113.382: [CMS-concurrent-mark-start]
113.382: [GC (Allocation Failure) 113.382: [ParNew (promotion failed): 2751K->2997K(3072K), 0.0161113 secs]113.398: [CMS113.402: [CMS-concurrent-mark: 0.003/0.020 secs] [Times: user=0.12 sys=0.00, real=0.02 secs] 
 (concurrent mode failure): 6329K->6327K(6848K), 0.0200713 secs] 9079K->9079K(9920K), [Metaspace: 3748K->3748K(1056768K)], 0.0362302 secs] [Times: user=0.13 sys=0.00, real=0.03 secs] 
113.419: [GC (Allocation Failure) 113.419: [ParNew (promotion failed): 2751K->3071K(3072K), 0.0158113 secs]113.435: [CMS: 6329K->6327K(6848K), 0.0167175 secs] 9079K->9079K(9920K), [Metaspace: 3748K->3748K(1056768K)], 0.0325846 secs] [Times: user=0.13 sys=0.00, real=0.04 secs] 
113.452: [GC (CMS Initial Mark) [1 CMS-initial-mark: 6327K(6848K)] 9079K(9920K), 0.0030746 secs] [Times: user=0.01 sys=0.00, real=0.00 secs] 
113.455: [CMS-concurrent-mark-start]
113.456: [GC (Allocation Failure) 113.456: [ParNew (promotion failed): 2751K->3046K(3072K), 0.0217880 secs]113.477: [CMS113.480: [CMS-concurrent-mark: 0.003/0.025 secs] [Times: user=0.17 sys=0.00, real=0.03 secs] 
 (concurrent mode failure): 6329K->6327K(6848K), 0.0194935 secs] 9079K->9079K(9920K), [Metaspace: 3748K->3748K(1056768K)], 0.0413382 secs] [Times: user=0.18 sys=0.00, real=0.04 secs] 
113.497: [GC (Allocation Failure) 113.497: [ParNew (promotion failed): 2751K->2997K(3072K), 0.0152089 secs]113.513: [CMS: 6329K->6327K(6848K), 0.0168750 secs] 9079K->9079K(9920K), [Metaspace: 3748K->3748K(1056768K)], 0.0321669 secs] [Times: user=0.10 sys=0.00, real=0.04 secs] 
113.530: [GC (CMS Initial Mark) [1 CMS-initial-mark: 6327K(6848K)] 9079K(9920K), 0.0030519 secs] [Times: user=0.00 sys=0.00, real=0.00 secs] 
113.533: [CMS-concurrent-mark-start]
113.533: [GC (Allocation Failure) 113.533: [ParNew (promotion failed): 2751K->2997K(3072K), 0.0212094 secs]113.554: [CMS113.558: [CMS-concurrent-mark: 0.003/0.025 secs] [Times: user=0.16 sys=0.00, real=0.02 secs] 
 (concurrent mode failure): 6329K->6327K(6848K), 0.0200510 secs] 9079K->9079K(9920K), [Metaspace: 3748K->3748K(1056768K)], 0.0413273 secs] [Times: user=0.17 sys=0.00, real=0.04 secs] 
113.575: [GC (Allocation Failure) 113.575: [ParNew (promotion failed): 2751K->2997K(3072K), 0.0174446 secs]113.592: [CMS: 6329K->6327K(6848K), 0.0166354 secs] 9079K->9079K(9920K), [Metaspace: 3748K->3748K(1056768K)], 0.0341496 secs] [Times: user=0.15 sys=0.00, real=0.03 secs] 
113.609: [GC (CMS Initial Mark) [1 CMS-initial-mark: 6327K(6848K)] 9079K(9920K), 0.0030303 secs] [Times: user=0.00 sys=0.00, real=0.00 secs] 
113.612: [CMS-concurrent-mark-start]
113.612: [GC (Allocation Failure) 113.612: [ParNew (promotion failed): 2751K->2997K(3072K), 0.0184522 secs]113.631: [CMS113.634: [CMS-concurrent-mark: 0.003/0.022 secs] [Times: user=0.14 sys=0.01, real=0.02 secs] 
 (concurrent mode failure): 6329K->6327K(6848K), 0.0198949 secs] 9079K->9079K(9920K), [Metaspace: 3748K->3748K(1056768K)], 0.0384113 secs] [Times: user=0.15 sys=0.01, real=0.04 secs] 
113.651: [GC (Allocation Failure) 113.651: [ParNew (promotion failed): 2751K->3046K(3072K), 0.0231294 secs]113.674: [CMS: 6329K->6327K(6848K), 0.0165310 secs] 9079K->9079K(9920K), [Metaspace: 3748K->3748K(1056768K)], 0.0397155 secs] [Times: user=0.19 sys=0.00, real=0.04 secs] 
113.692: [GC (CMS Initial Mark) [1 CMS-initial-mark: 6327K(6848K)] 9079K(9920K), 0.0030579 secs] [Times: user=0.00 sys=0.00, real=0.00 secs] 
113.695: [CMS-concurrent-mark-start]
113.695: [GC (Allocation Failure) 113.695: [ParNew (promotion failed): 2751K->2997K(3072K), 0.0211151 secs]113.716: [CMS113.719: [CMS-concurrent-mark: 0.003/0.025 secs] [Times: user=0.16 sys=0.00, real=0.03 secs] 
 (concurrent mode failure): 6329K->6327K(6848K), 0.0199778 secs] 9079K->9079K(9920K), [Metaspace: 3748K->3748K(1056768K)], 0.0411513 secs] [Times: user=0.18 sys=0.00, real=0.04 secs] 
113.737: [GC (Allocation Failure) 113.737: [ParNew (promotion failed): 2751K->2997K(3072K), 0.0223490 secs]113.759: [CMS: 6329K->6327K(6848K), 0.0165777 secs] 9079K->9079K(9920K), [Metaspace: 3748K->3748K(1056768K)], 0.0389845 secs] [Times: user=0.18 sys=0.00, real=0.04 secs] 
113.776: [GC (CMS Initial Mark) [1 CMS-initial-mark: 6327K(6848K)] 9079K(9920K), 0.0030727 secs] [Times: user=0.00 sys=0.00, real=0.01 secs] 
113.779: [CMS-concurrent-mark-start]
113.780: [GC (Allocation Failure) 113.780: [ParNew (promotion failed): 2751K->3022K(3072K), 0.0140110 secs]113.794: [CMS113.797: [CMS-concurrent-mark: 0.004/0.018 secs] [Times: user=0.11 sys=0.00, real=0.01 secs] 
 (concurrent mode failure): 6329K->6327K(6848K), 0.0199566 secs] 9079K->9079K(9920K), [Metaspace: 3748K->3748K(1056768K)], 0.0340275 secs] [Times: user=0.13 sys=0.00, real=0.03 secs] 
113.814: [GC (Allocation Failure) 113.814: [ParNew (promotion failed): 2751K->2997K(3072K), 0.0192645 secs]113.833: [CMS: 6329K->6327K(6848K), 0.0164793 secs] 9079K->9079K(9920K), [Metaspace: 3748K->3748K(1056768K)], 0.0358016 secs] [Times: user=0.15 sys=0.00, real=0.04 secs] 
113.850: [GC (CMS Initial Mark) [1 CMS-initial-mark: 6327K(6848K)] 9079K(9920K), 0.0030771 secs] [Times: user=0.00 sys=0.00, real=0.00 secs] 
113.853: [CMS-concurrent-mark-start]
113.853: [GC (Allocation Failure) 113.853: [ParNew (promotion failed): 2751K->2997K(3072K), 0.0139084 secs]113.867: [CMS113.870: [CMS-concurrent-mark: 0.003/0.017 secs] [Times: user=0.11 sys=0.00, real=0.02 secs] 
 (concurrent mode failure): 6329K->6327K(6848K), 0.0199677 secs] 9079K->9079K(9920K), [Metaspace: 3748K->3748K(1056768K)], 0.0339305 secs] [Times: user=0.12 sys=0.00, real=0.03 secs] 
113.887: [GC (Allocation Failure) 113.887: [ParNew (promotion failed): 2751K->2997K(3072K), 0.0150293 secs]113.903: [CMS: 6329K->6327K(6848K), 0.0167630 secs] 9079K->9079K(9920K), [Metaspace: 3748K->3748K(1056768K)], 0.0318553 secs] [Times: user=0.13 sys=0.01, real=0.04 secs] 
113.920: [GC (CMS Initial Mark) [1 CMS-initial-mark: 6327K(6848K)] 9079K(9920K), 0.0030463 secs] [Times: user=0.00 sys=0.00, real=0.00 secs] 
113.923: [CMS-concurrent-mark-start]
113.923: [GC (Allocation Failure) 113.923: [ParNew (promotion failed): 2751K->3022K(3072K), 0.0203949 secs]113.943: [CMS113.947: [CMS-concurrent-mark: 0.003/0.024 secs] [Times: user=0.16 sys=0.00, real=0.02 secs] 
 (concurrent mode failure): 6329K->6327K(6848K), 0.0199082 secs] 9079K->9079K(9920K), [Metaspace: 3748K->3748K(1056768K)], 0.0403638 secs] [Times: user=0.17 sys=0.00, real=0.04 secs] 
113.964: [GC (Allocation Failure) 113.964: [ParNew (promotion failed): 2751K->2997K(3072K), 0.0218826 secs]113.986: [CMS: 6329K->6327K(6848K), 0.0165549 secs] 9079K->9079K(9920K), [Metaspace: 3748K->3748K(1056768K)], 0.0384998 secs] [Times: user=0.18 sys=0.00, real=0.04 secs] 
114.003: [GC (CMS Initial Mark) [1 CMS-initial-mark: 6327K(6848K)] 9079K(9920K), 0.0030530 secs] [Times: user=0.00 sys=0.00, real=0.00 secs] 
114.006: [CMS-concurrent-mark-start]
114.007: [GC (Allocation Failure) 114.007: [ParNew (promotion failed): 2751K->2997K(3072K), 0.0187234 secs]114.025: [CMS114.028: [CMS-concurrent-mark: 0.004/0.022 secs] [Times: user=0.15 sys=0.00, real=0.02 secs] 
 (concurrent mode failure): 6329K->6327K(6848K), 0.0195312 secs] 9079K->9079K(9920K), [Metaspace: 3748K->3748K(1056768K)], 0.0383170 secs] [Times: user=0.16 sys=0.00, real=0.04 secs] 
114.045: [GC (Allocation Failure) 114.045: [ParNew (promotion failed): 2751K->2997K(3072K), 0.0154237 secs]114.061: [CMS: 6329K->6327K(6848K), 0.0166512 secs] 9079K->9079K(9920K), [Metaspace: 3748K->3748K(1056768K)], 0.0321451 secs] [Times: user=0.13 sys=0.00, real=0.03 secs] 
114.078: [GC (CMS Initial Mark) [1 CMS-initial-mark: 6327K(6848K)] 9079K(9920K), 0.0030857 secs] [Times: user=0.01 sys=0.00, real=0.01 secs] 
114.081: [CMS-concurrent-mark-start]
114.081: [GC (Allocation Failure) 114.081: [ParNew (promotion failed): 2751K->2997K(3072K), 0.0212910 secs]114.102: [CMS114.106: [CMS-concurrent-mark: 0.003/0.025 secs] [Times: user=0.15 sys=0.00, real=0.02 secs] 
 (concurrent mode failure): 6329K->6327K(6848K), 0.0200336 secs] 9079K->9079K(9920K), [Metaspace: 3748K->3748K(1056768K)], 0.0413842 secs] [Times: user=0.17 sys=0.00, real=0.04 secs] 
114.123: [GC (Allocation Failure) 114.123: [ParNew (promotion failed): 2751K->3071K(3072K), 0.0162245 secs]114.139: [CMS: 6329K->6327K(6848K), 0.0165792 secs] 9079K->9079K(9920K), [Metaspace: 3748K->3748K(1056768K)], 0.0328703 secs] [Times: user=0.14 sys=0.00, real=0.03 secs] 
114.156: [GC (CMS Initial Mark) [1 CMS-initial-mark: 6327K(6848K)] 9079K(9920K), 0.0030682 secs] [Times: user=0.00 sys=0.00, real=0.00 secs] 
114.159: [CMS-concurrent-mark-start]
114.159: [GC (Allocation Failure) 114.159: [ParNew (promotion failed): 2751K->3022K(3072K), 0.0219231 secs]114.181: [CMS114.184: [CMS-concurrent-mark: 0.004/0.026 secs] [Times: user=0.16 sys=0.00, real=0.02 secs] 
 (concurrent mode failure): 6329K->6327K(6848K), 0.0198242 secs] 9079K->9079K(9920K), [Metaspace: 3748K->3748K(1056768K)], 0.0418005 secs] [Times: user=0.18 sys=0.00, real=0.04 secs] 
114.201: [GC (Allocation Failure) 114.201: [ParNew (promotion failed): 2751K->3022K(3072K), 0.0206502 secs]114.222: [CMS: 6329K->6327K(6848K), 0.0166014 secs] 9079K->9079K(9920K), [Metaspace: 3748K->3748K(1056768K)], 0.0373106 secs] [Times: user=0.16 sys=0.01, real=0.03 secs] 
114.239: [GC (CMS Initial Mark) [1 CMS-initial-mark: 6327K(6848K)] 9079K(9920K), 0.0030361 secs] [Times: user=0.00 sys=0.00, real=0.00 secs] 
114.242: [CMS-concurrent-mark-start]
114.243: [GC (Allocation Failure) 114.243: [ParNew (promotion failed): 2751K->3071K(3072K), 0.0182085 secs]114.261: [CMS114.264: [CMS-concurrent-mark: 0.003/0.022 secs] [Times: user=0.14 sys=0.00, real=0.02 secs] 
 (concurrent mode failure): 6329K->6327K(6848K), 0.0199797 secs] 9079K->9079K(9920K), [Metaspace: 3748K->3748K(1056768K)], 0.0382458 secs] [Times: user=0.16 sys=0.00, real=0.04 secs] 
114.282: [GC (Allocation Failure) 114.282: [ParNew (promotion failed): 2751K->3007K(3072K), 0.0212605 secs]114.303: [CMS: 6329K->6327K(6848K), 0.0165554 secs] 9079K->9079K(9920K), [Metaspace: 3748K->3748K(1056768K)], 0.0378752 secs] [Times: user=0.17 sys=0.00, real=0.04 secs] 
114.320: [GC (CMS Initial Mark) [1 CMS-initial-mark: 6327K(6848K)] 9079K(9920K), 0.0030755 secs] [Times: user=0.00 sys=0.00, real=0.00 secs] 
114.323: [CMS-concurrent-mark-start]
114.323: [GC (Allocation Failure) 114.323: [ParNew (promotion failed): 2751K->2973K(3072K), 0.0145439 secs]114.338: [CMS114.341: [CMS-concurrent-mark: 0.004/0.018 secs] [Times: user=0.11 sys=0.00, real=0.02 secs] 
 (concurrent mode failure): 6329K->6327K(6848K), 0.0198254 secs] 9079K->9079K(9920K), [Metaspace: 3748K->3748K(1056768K)], 0.0344311 secs] [Times: user=0.13 sys=0.00, real=0.03 secs] 
114.358: [GC (Allocation Failure) 114.358: [ParNew (promotion failed): 2751K->2991K(3072K), 0.0184711 secs]114.376: [CMS: 6329K->6327K(6848K), 0.0164723 secs] 9079K->9079K(9920K), [Metaspace: 3748K->3748K(1056768K)], 0.0349960 secs] [Times: user=0.15 sys=0.00, real=0.04 secs] 
114.393: [GC (CMS Initial Mark) [1 CMS-initial-mark: 6327K(6848K)] 9079K(9920K), 0.0030359 secs] [Times: user=0.00 sys=0.00, real=0.00 secs] 
114.396: [CMS-concurrent-mark-start]
114.396: [GC (Allocation Failure) 114.396: [ParNew (promotion failed): 2751K->2996K(3072K), 0.0147185 secs]114.411: [CMS114.414: [CMS-concurrent-mark: 0.003/0.018 secs] [Times: user=0.12 sys=0.00, real=0.02 secs] 
 (concurrent mode failure): 6329K->6327K(6848K), 0.0200789 secs] 9079K->9079K(9920K), [Metaspace: 3748K->3748K(1056768K)], 0.0348477 secs] [Times: user=0.13 sys=0.00, real=0.04 secs] 
114.432: [GC (Allocation Failure) 114.432: [ParNew (promotion failed): 2751K->3021K(3072K), 0.0138782 secs]114.445: [CMS: 6329K->6327K(6848K), 0.0165756 secs] 9079K->9079K(9920K), [Metaspace: 3748K->3748K(1056768K)], 0.0305161 secs] [Times: user=0.12 sys=0.00, real=0.03 secs] 
114.462: [GC (CMS Initial Mark) [1 CMS-initial-mark: 6327K(6848K)] 9079K(9920K), 0.0030278 secs] [Times: user=0.00 sys=0.00, real=0.00 secs] 
114.466: [CMS-concurrent-mark-start]
114.466: [GC (Allocation Failure) 114.466: [ParNew (promotion failed): 2751K->3022K(3072K), 0.0221865 secs]114.488: [CMS114.491: [CMS-concurrent-mark: 0.003/0.026 secs] [Times: user=0.17 sys=0.00, real=0.03 secs] 
 (concurrent mode failure): 6329K->6327K(6848K), 0.0200544 secs] 9079K->9079K(9920K), [Metaspace: 3748K->3748K(1056768K)], 0.0423011 secs] [Times: user=0.19 sys=0.00, real=0.04 secs] 
114.509: [GC (Allocation Failure) 114.509: [ParNew (promotion failed): 2751K->3022K(3072K), 0.0134866 secs]114.522: [CMS: 6329K->6327K(6848K), 0.0167194 secs] 9079K->9079K(9920K), [Metaspace: 3748K->3748K(1056768K)], 0.0302661 secs] [Times: user=0.10 sys=0.00, real=0.04 secs] 
114.539: [GC (CMS Initial Mark) [1 CMS-initial-mark: 6327K(6848K)] 9079K(9920K), 0.0030743 secs] [Times: user=0.00 sys=0.00, real=0.00 secs] 
114.542: [CMS-concurrent-mark-start]
114.543: [GC (Allocation Failure) 114.543: [ParNew (promotion failed): 2751K->2997K(3072K), 0.0158130 secs]114.559: [CMS114.562: [CMS-concurrent-mark: 0.004/0.019 secs] [Times: user=0.12 sys=0.00, real=0.02 secs] 
 (concurrent mode failure): 6329K->6327K(6848K), 0.0195838 secs] 9079K->9079K(9920K), [Metaspace: 3748K->3748K(1056768K)], 0.0354648 secs] [Times: user=0.14 sys=0.00, real=0.03 secs] 
114.579: [GC (Allocation Failure) 114.579: [ParNew (promotion failed): 2751K->3022K(3072K), 0.0145792 secs]114.594: [CMS: 6329K->6327K(6848K), 0.0165888 secs] 9079K->9079K(9920K), [Metaspace: 3748K->3748K(1056768K)], 0.0312371 secs] [Times: user=0.11 sys=0.00, real=0.03 secs] 
114.611: [GC (CMS Initial Mark) [1 CMS-initial-mark: 6327K(6848K)] 9079K(9920K), 0.0030852 secs] [Times: user=0.01 sys=0.00, real=0.00 secs] 
114.614: [CMS-concurrent-mark-start]
114.614: [GC (Allocation Failure) 114.614: [ParNew (promotion failed): 2751K->2997K(3072K), 0.0145957 secs]114.628: [CMS114.632: [CMS-concurrent-mark: 0.003/0.018 secs] [Times: user=0.11 sys=0.00, real=0.02 secs] 
 (concurrent mode failure): 6329K->6327K(6848K), 0.0199246 secs] 9079K->9079K(9920K), [Metaspace: 3748K->3748K(1056768K)], 0.0345759 secs] [Times: user=0.13 sys=0.00, real=0.03 secs] 
114.648: [GC (Allocation Failure) 114.648: [ParNew (promotion failed): 2751K->2972K(3072K), 0.0200321 secs]114.669: [CMS: 6329K->6327K(6848K), 0.0165372 secs] 9079K->9079K(9920K), [Metaspace: 3748K->3748K(1056768K)], 0.0366348 secs] [Times: user=0.16 sys=0.00, real=0.04 secs] 
114.686: [GC (CMS Initial Mark) [1 CMS-initial-mark: 6327K(6848K)] 9079K(9920K), 0.0030692 secs] [Times: user=0.00 sys=0.00, real=0.00 secs] 
114.689: [CMS-concurrent-mark-start]
114.689: [GC (Allocation Failure) 114.689: [ParNew (promotion failed): 2751K->3022K(3072K), 0.0144790 secs]114.703: [CMS114.707: [CMS-concurrent-mark: 0.004/0.018 secs] [Times: user=0.11 sys=0.00, real=0.02 secs] 
 (concurrent mode failure): 6329K->6327K(6848K), 0.0198864 secs] 9079K->9079K(9920K), [Metaspace: 3748K->3748K(1056768K)], 0.0344249 secs] [Times: user=0.13 sys=0.00, real=0.04 secs] 
114.724: [GC (Allocation Failure) 114.724: [ParNew (promotion failed): 2751K->2997K(3072K), 0.0219433 secs]114.746: [CMS: 6329K->6327K(6848K), 0.0164136 secs] 9079K->9079K(9920K), [Metaspace: 3748K->3748K(1056768K)], 0.0384135 secs] [Times: user=0.18 sys=0.00, real=0.04 secs] 
114.763: [GC (CMS Initial Mark) [1 CMS-initial-mark: 6327K(6848K)] 9079K(9920K), 0.0030343 secs] [Times: user=0.00 sys=0.00, real=0.00 secs] 
114.766: [CMS-concurrent-mark-start]
114.766: [GC (Allocation Failure) 114.766: [ParNew (promotion failed): 2751K->2997K(3072K), 0.0193396 secs]114.785: [CMS114.789: [CMS-concurrent-mark: 0.004/0.023 secs] [Times: user=0.14 sys=0.00, real=0.02 secs] 
 (concurrent mode failure): 6329K->6327K(6848K), 0.0201461 secs] 9079K->9079K(9920K), [Metaspace: 3748K->3748K(1056768K)], 0.0395581 secs] [Times: user=0.16 sys=0.00, real=0.04 secs] 
114.806: [GC (Allocation Failure) 114.806: [ParNew (promotion failed): 2751K->3022K(3072K), 0.0149816 secs]114.821: [CMS: 6329K->6327K(6848K), 0.0167147 secs] 9079K->9079K(9920K), [Metaspace: 3748K->3748K(1056768K)], 0.0317651 secs] [Times: user=0.12 sys=0.00, real=0.03 secs] 
114.838: [GC (CMS Initial Mark) [1 CMS-initial-mark: 6327K(6848K)] 9079K(9920K), 0.0030806 secs] [Times: user=0.00 sys=0.00, real=0.01 secs] 
114.842: [CMS-concurrent-mark-start]
114.842: [GC (Allocation Failure) 114.842: [ParNew (promotion failed): 2751K->3046K(3072K), 0.0192804 secs]114.861: [CMS114.864: [CMS-concurrent-mark: 0.003/0.023 secs] [Times: user=0.15 sys=0.01, real=0.02 secs] 
 (concurrent mode failure): 6329K->6327K(6848K), 0.0197112 secs] 9079K->9079K(9920K), [Metaspace: 3748K->3748K(1056768K)], 0.0390488 secs] [Times: user=0.17 sys=0.00, real=0.04 secs] 
114.881: [GC (Allocation Failure) 114.881: [ParNew (promotion failed): 2751K->3022K(3072K), 0.0161412 secs]114.897: [CMS: 6329K->6327K(6848K), 0.0167561 secs] 9079K->9079K(9920K), [Metaspace: 3748K->3748K(1056768K)], 0.0329512 secs] [Times: user=0.11 sys=0.00, real=0.03 secs] 
114.914: [GC (CMS Initial Mark) [1 CMS-initial-mark: 6327K(6848K)] 9079K(9920K), 0.0030796 secs] [Times: user=0.00 sys=0.00, real=0.00 secs] 
114.917: [CMS-concurrent-mark-start]
114.918: [GC (Allocation Failure) 114.918: [ParNew (promotion failed): 2751K->2997K(3072K), 0.0207143 secs]114.938: [CMS114.942: [CMS-concurrent-mark: 0.003/0.024 secs] [Times: user=0.15 sys=0.00, real=0.03 secs] 
 (concurrent mode failure): 6329K->6327K(6848K), 0.0199294 secs] 9079K->9079K(9920K), [Metaspace: 3748K->3748K(1056768K)], 0.0407011 secs] [Times: user=0.17 sys=0.00, real=0.04 secs] 
114.959: [GC (Allocation Failure) 114.959: [ParNew (promotion failed): 2751K->3022K(3072K), 0.0172098 secs]114.976: [CMS: 6329K->6327K(6848K), 0.0164922 secs] 9079K->9079K(9920K), [Metaspace: 3748K->3748K(1056768K)], 0.0337614 secs] [Times: user=0.14 sys=0.00, real=0.04 secs] 
114.993: [GC (CMS Initial Mark) [1 CMS-initial-mark: 6327K(6848K)] 9079K(9920K), 0.0030670 secs] [Times: user=0.00 sys=0.00, real=0.00 secs] 
114.996: [CMS-concurrent-mark-start]
114.996: [GC (Allocation Failure) 114.996: [ParNew (promotion failed): 2751K->3022K(3072K), 0.0140171 secs]115.010: [CMS115.013: [CMS-concurrent-mark: 0.003/0.017 secs] [Times: user=0.11 sys=0.00, real=0.02 secs] 
 (concurrent mode failure): 6329K->6327K(6848K), 0.0201929 secs] 9079K->9079K(9920K), [Metaspace: 3748K->3748K(1056768K)], 0.0342650 secs] [Times: user=0.13 sys=0.00, real=0.04 secs] 
115.031: [GC (Allocation Failure) 115.031: [ParNew (promotion failed): 2751K->2997K(3072K), 0.0193554 secs]115.050: [CMS: 6329K->6327K(6848K), 0.0165378 secs] 9079K->9079K(9920K), [Metaspace: 3748K->3748K(1056768K)], 0.0359548 secs] [Times: user=0.15 sys=0.00, real=0.03 secs] 
115.067: [GC (CMS Initial Mark) [1 CMS-initial-mark: 6327K(6848K)] 9079K(9920K), 0.0030940 secs] [Times: user=0.00 sys=0.00, real=0.01 secs] 
115.071: [CMS-concurrent-mark-start]
115.071: [GC (Allocation Failure) 115.071: [ParNew (promotion failed): 2751K->3022K(3072K), 0.0138176 secs]115.085: [CMS115.088: [CMS-concurrent-mark: 0.004/0.018 secs] [Times: user=0.11 sys=0.00, real=0.01 secs] 
 (concurrent mode failure): 6329K->6327K(6848K), 0.0195927 secs] 9079K->9079K(9920K), [Metaspace: 3748K->3748K(1056768K)], 0.0334725 secs] [Times: user=0.12 sys=0.00, real=0.03 secs] 
115.105: [GC (Allocation Failure) 115.105: [ParNew (promotion failed): 2751K->3022K(3072K), 0.0145152 secs]115.120: [CMS: 6329K->6327K(6848K), 0.0165780 secs] 9079K->9079K(9920K), [Metaspace: 3748K->3748K(1056768K)], 0.0311564 secs] [Times: user=0.12 sys=0.00, real=0.03 secs] 
115.137: [GC (CMS Initial Mark) [1 CMS-initial-mark: 6327K(6848K)] 9079K(9920K), 0.0030784 secs] [Times: user=0.00 sys=0.01, real=0.01 secs] 
115.140: [CMS-concurrent-mark-start]
115.140: [GC (Allocation Failure) 115.140: [ParNew (promotion failed): 2751K->3071K(3072K), 0.0145174 secs]115.154: [CMS115.158: [CMS-concurrent-mark: 0.004/0.018 secs] [Times: user=0.12 sys=0.00, real=0.01 secs] 
 (concurrent mode failure): 6329K->6327K(6848K), 0.0200060 secs] 9079K->9079K(9920K), [Metaspace: 3748K->3748K(1056768K)], 0.0345835 secs] [Times: user=0.13 sys=0.00, real=0.03 secs] 
115.175: [GC (Allocation Failure) 115.175: [ParNew (promotion failed): 2751K->2997K(3072K), 0.0230054 secs]115.198: [CMS: 6329K->6327K(6848K), 0.0165082 secs] 9079K->9079K(9920K), [Metaspace: 3748K->3748K(1056768K)], 0.0395714 secs] [Times: user=0.19 sys=0.00, real=0.04 secs] 
115.215: [GC (CMS Initial Mark) [1 CMS-initial-mark: 6327K(6848K)] 9079K(9920K), 0.0030858 secs] [Times: user=0.00 sys=0.00, real=0.00 secs] 
115.218: [CMS-concurrent-mark-start]
115.218: [GC (Allocation Failure) 115.218: [ParNew (promotion failed): 2751K->3022K(3072K), 0.0143519 secs]115.232: [CMS115.236: [CMS-concurrent-mark: 0.004/0.018 secs] [Times: user=0.11 sys=0.00, real=0.02 secs] 
 (concurrent mode failure): 6329K->6327K(6848K), 0.0198730 secs] 9079K->9079K(9920K), [Metaspace: 3748K->3748K(1056768K)], 0.0342811 secs] [Times: user=0.12 sys=0.00, real=0.04 secs] 
115.253: [GC (Allocation Failure) 115.253: [ParNew (promotion failed): 2751K->2997K(3072K), 0.0155702 secs]115.268: [CMS: 6329K->6327K(6848K), 0.0165040 secs] 9079K->9079K(9920K), [Metaspace: 3748K->3748K(1056768K)], 0.0321395 secs] [Times: user=0.13 sys=0.00, real=0.03 secs] 
115.285: [GC (CMS Initial Mark) [1 CMS-initial-mark: 6327K(6848K)] 9079K(9920K), 0.0030685 secs] [Times: user=0.01 sys=0.00, real=0.00 secs] 
115.289: [CMS-concurrent-mark-start]
115.289: [GC (Allocation Failure) 115.289: [ParNew (promotion failed): 2751K->3022K(3072K), 0.0195667 secs]115.308: [CMS115.312: [CMS-concurrent-mark: 0.003/0.023 secs] [Times: user=0.14 sys=0.00, real=0.03 secs] 
 (concurrent mode failure): 6329K->6327K(6848K), 0.0200960 secs] 9079K->9079K(9920K), [Metaspace: 3748K->3748K(1056768K)], 0.0397307 secs] [Times: user=0.16 sys=0.00, real=0.04 secs] 
115.329: [GC (Allocation Failure) 115.329: [ParNew (promotion failed): 2751K->2997K(3072K), 0.0159903 secs]115.345: [CMS: 6329K->6327K(6848K), 0.0166410 secs] 9079K->9079K(9920K), [Metaspace: 3748K->3748K(1056768K)], 0.0326925 secs] [Times: user=0.13 sys=0.00, real=0.03 secs] 
115.362: [GC (CMS Initial Mark) [1 CMS-initial-mark: 6327K(6848K)] 9079K(9920K), 0.0030650 secs] [Times: user=0.01 sys=0.00, real=0.00 secs] 
115.365: [CMS-concurrent-mark-start]
115.366: [GC (Allocation Failure) 115.366: [ParNew (promotion failed): 2751K->3022K(3072K), 0.0204904 secs]115.386: [CMS115.389: [CMS-concurrent-mark: 0.004/0.024 secs] [Times: user=0.16 sys=0.00, real=0.03 secs] 
 (concurrent mode failure): 6329K->6327K(6848K), 0.0197860 secs] 9079K->9079K(9920K), [Metaspace: 3748K->3748K(1056768K)], 0.0403332 secs] [Times: user=0.17 sys=0.00, real=0.04 secs] 
115.406: [GC (Allocation Failure) 115.406: [ParNew (promotion failed): 2751K->3046K(3072K), 0.0186332 secs]115.425: [CMS: 6329K->6327K(6848K), 0.0173681 secs] 9079K->9079K(9920K), [Metaspace: 3748K->3748K(1056768K)], 0.0360654 secs] [Times: user=0.13 sys=0.00, real=0.04 secs] 
115.443: [GC (CMS Initial Mark) [1 CMS-initial-mark: 6327K(6848K)] 9079K(9920K), 0.0031233 secs] [Times: user=0.01 sys=0.00, real=0.00 secs] 
115.446: [CMS-concurrent-mark-start]
115.446: [GC (Allocation Failure) 115.446: [ParNew (promotion failed): 2751K->2997K(3072K), 0.0141598 secs]115.460: [CMS115.463: [CMS-concurrent-mark: 0.003/0.018 secs] [Times: user=0.10 sys=0.01, real=0.02 secs] 
 (concurrent mode failure): 6329K->6327K(6848K), 0.0199591 secs] 9079K->9079K(9920K), [Metaspace: 3748K->3748K(1056768K)], 0.0341832 secs] [Times: user=0.12 sys=0.01, real=0.04 secs] 
115.480: [GC (Allocation Failure) 115.480: [ParNew (promotion failed): 2751K->2972K(3072K), 0.0204521 secs]115.501: [CMS: 6329K->6327K(6848K), 0.0165759 secs] 9079K->9079K(9920K), [Metaspace: 3748K->3748K(1056768K)], 0.0370951 secs] [Times: user=0.15 sys=0.00, real=0.03 secs] 
115.518: [GC (CMS Initial Mark) [1 CMS-initial-mark: 6327K(6848K)] 9079K(9920K), 0.0030993 secs] [Times: user=0.00 sys=0.00, real=0.01 secs] 
115.521: [CMS-concurrent-mark-start]
115.521: [GC (Allocation Failure) 115.521: [ParNew (promotion failed): 2751K->2997K(3072K), 0.0197033 secs]115.541: [CMS115.544: [CMS-concurrent-mark: 0.003/0.023 secs] [Times: user=0.13 sys=0.00, real=0.02 secs] 
 (concurrent mode failure): 6329K->6327K(6848K), 0.0200134 secs] 9079K->9079K(9920K), [Metaspace: 3748K->3748K(1056768K)], 0.0397831 secs] [Times: user=0.15 sys=0.00, real=0.04 secs] 
115.562: [GC (Allocation Failure) 115.562: [ParNew (promotion failed): 2751K->3046K(3072K), 0.0151206 secs]115.577: [CMS: 6329K->6327K(6848K), 0.0165795 secs] 9079K->9079K(9920K), [Metaspace: 3748K->3748K(1056768K)], 0.0317591 secs] [Times: user=0.12 sys=0.00, real=0.03 secs] 
115.594: [GC (CMS Initial Mark) [1 CMS-initial-mark: 6327K(6848K)] 9079K(9920K), 0.0030534 secs] [Times: user=0.01 sys=0.00, real=0.00 secs] 
115.597: [CMS-concurrent-mark-start]
115.597: [GC (Allocation Failure) 115.597: [ParNew (promotion failed): 2751K->2997K(3072K), 0.0137778 secs]115.611: [CMS115.614: [CMS-concurrent-mark: 0.004/0.017 secs] [Times: user=0.10 sys=0.00, real=0.02 secs] 
 (concurrent mode failure): 6329K->6327K(6848K), 0.0195405 secs] 9079K->9079K(9920K), [Metaspace: 3748K->3748K(1056768K)], 0.0333723 secs] [Times: user=0.12 sys=0.00, real=0.04 secs] 
115.631: [GC (Allocation Failure) 115.631: [ParNew (promotion failed): 2751K->3022K(3072K), 0.0195300 secs]115.651: [CMS: 6329K->6327K(6848K), 0.0166310 secs] 9079K->9079K(9920K), [Metaspace: 3748K->3748K(1056768K)], 0.0362182 secs] [Times: user=0.15 sys=0.00, real=0.03 secs] 
115.668: [GC (CMS Initial Mark) [1 CMS-initial-mark: 6327K(6848K)] 9079K(9920K), 0.0030417 secs] [Times: user=0.00 sys=0.00, real=0.01 secs] 
115.671: [CMS-concurrent-mark-start]
115.671: [GC (Allocation Failure) 115.671: [ParNew (promotion failed): 2751K->3022K(3072K), 0.0144300 secs]115.685: [CMS115.689: [CMS-concurrent-mark: 0.004/0.018 secs] [Times: user=0.10 sys=0.00, real=0.02 secs] 
 (concurrent mode failure): 6329K->6327K(6848K), 0.0203855 secs] 9079K->9079K(9920K), [Metaspace: 3748K->3748K(1056768K)], 0.0348717 secs] [Times: user=0.11 sys=0.00, real=0.03 secs] 
115.706: [GC (Allocation Failure) 115.706: [ParNew (promotion failed): 2751K->3022K(3072K), 0.0126967 secs]115.719: [CMS: 6329K->6327K(6848K), 0.0167250 secs] 9079K->9079K(9920K), [Metaspace: 3748K->3748K(1056768K)], 0.0294912 secs] [Times: user=0.10 sys=0.00, real=0.03 secs] 
115.736: [GC (CMS Initial Mark) [1 CMS-initial-mark: 6327K(6848K)] 9079K(9920K), 0.0030598 secs] [Times: user=0.00 sys=0.00, real=0.01 secs] 
115.739: [CMS-concurrent-mark-start]
115.739: [GC (Allocation Failure) 115.739: [ParNew (promotion failed): 2751K->3071K(3072K), 0.0151523 secs]115.754: [CMS115.758: [CMS-concurrent-mark: 0.003/0.019 secs] [Times: user=0.12 sys=0.01, real=0.01 secs] 
 (concurrent mode failure): 6329K->6327K(6848K), 0.0198793 secs] 9079K->9079K(9920K), [Metaspace: 3748K->3748K(1056768K)], 0.0350997 secs] [Times: user=0.13 sys=0.01, real=0.03 secs] 
115.775: [GC (Allocation Failure) 115.775: [ParNew (promotion failed): 2751K->3022K(3072K), 0.0205029 secs]115.795: [CMS: 6329K->6327K(6848K), 0.0167288 secs] 9079K->9079K(9920K), [Metaspace: 3748K->3748K(1056768K)], 0.0372918 secs] [Times: user=0.17 sys=0.00, real=0.04 secs] 
115.813: [GC (CMS Initial Mark) [1 CMS-initial-mark: 6327K(6848K)] 9079K(9920K), 0.0030598 secs] [Times: user=0.00 sys=0.00, real=0.00 secs] 
115.816: [CMS-concurrent-mark-start]
115.816: [GC (Allocation Failure) 115.816: [ParNew (promotion failed): 2751K->2997K(3072K), 0.0195438 secs]115.836: [CMS115.839: [CMS-concurrent-mark: 0.003/0.023 secs] [Times: user=0.15 sys=0.00, real=0.03 secs] 
 (concurrent mode failure): 6330K->6327K(6848K), 0.0200391 secs] 9079K->9079K(9920K), [Metaspace: 3748K->3748K(1056768K)], 0.0396411 secs] [Times: user=0.17 sys=0.00, real=0.04 secs] 
115.856: [GC (Allocation Failure) 115.856: [ParNew (promotion failed): 2751K->2997K(3072K), 0.0152627 secs]115.872: [CMS: 6330K->6327K(6848K), 0.0165929 secs] 9079K->9079K(9920K), [Metaspace: 3748K->3748K(1056768K)], 0.0319239 secs] [Times: user=0.13 sys=0.00, real=0.03 secs] 
115.889: [GC (CMS Initial Mark) [1 CMS-initial-mark: 6327K(6848K)] 9079K(9920K), 0.0030485 secs] [Times: user=0.00 sys=0.00, real=0.01 secs] 
115.892: [CMS-concurrent-mark-start]
115.892: [GC (Allocation Failure) 115.892: [ParNew (promotion failed): 2751K->2997K(3072K), 0.0198618 secs]115.912: [CMS115.915: [CMS-concurrent-mark: 0.004/0.023 secs] [Times: user=0.15 sys=0.00, real=0.02 secs] 
 (concurrent mode failure): 6329K->6327K(6848K), 0.0197906 secs] 9079K->9079K(9920K), [Metaspace: 3748K->3748K(1056768K)], 0.0397145 secs] [Times: user=0.17 sys=0.00, real=0.04 secs] 
115.932: [GC (Allocation Failure) 115.932: [ParNew (promotion failed): 2751K->2997K(3072K), 0.0215448 secs]115.954: [CMS: 6329K->6327K(6848K), 0.0165050 secs] 9079K->9079K(9920K), [Metaspace: 3748K->3748K(1056768K)], 0.0381092 secs] [Times: user=0.17 sys=0.00, real=0.04 secs] 
115.970: [GC (CMS Initial Mark) [1 CMS-initial-mark: 6327K(6848K)] 9079K(9920K), 0.0030551 secs] [Times: user=0.00 sys=0.00, real=0.00 secs] 
115.974: [CMS-concurrent-mark-start]
115.974: [GC (Allocation Failure) 115.974: [ParNew (promotion failed): 2751K->2997K(3072K), 0.0138216 secs]115.987: [CMS115.991: [CMS-concurrent-mark: 0.003/0.017 secs] [Times: user=0.10 sys=0.00, real=0.02 secs] 
 (concurrent mode failure): 6329K->6327K(6848K), 0.0199593 secs] 9079K->9079K(9920K), [Metaspace: 3748K->3748K(1056768K)], 0.0338476 secs] [Times: user=0.12 sys=0.00, real=0.03 secs] 
116.008: [GC (Allocation Failure) 116.008: [ParNew (promotion failed): 2751K->3022K(3072K), 0.0140745 secs]116.022: [CMS: 6329K->6327K(6848K), 0.0165536 secs] 9079K->9079K(9920K), [Metaspace: 3748K->3748K(1056768K)], 0.0307080 secs] [Times: user=0.12 sys=0.00, real=0.03 secs] 
116.039: [GC (CMS Initial Mark) [1 CMS-initial-mark: 6327K(6848K)] 9079K(9920K), 0.0030503 secs] [Times: user=0.00 sys=0.00, real=0.00 secs] 
116.042: [CMS-concurrent-mark-start]
116.042: [GC (Allocation Failure) 116.042: [ParNew (promotion failed): 2751K->2997K(3072K), 0.0224341 secs]116.065: [CMS116.068: [CMS-concurrent-mark: 0.003/0.026 secs] [Times: user=0.18 sys=0.00, real=0.02 secs] 
 (concurrent mode failure): 6330K->6327K(6848K), 0.0199936 secs] 9079K->9079K(9920K), [Metaspace: 3748K->3748K(1056768K)], 0.0424899 secs] [Times: user=0.19 sys=0.00, real=0.04 secs] 
116.085: [GC (Allocation Failure) 116.085: [ParNew (promotion failed): 2751K->3022K(3072K), 0.0159600 secs]116.101: [CMS: 6330K->6327K(6848K), 0.0165787 secs] 9079K->9079K(9920K), [Metaspace: 3748K->3748K(1056768K)], 0.0326016 secs] [Times: user=0.13 sys=0.01, real=0.03 secs] 
116.118: [GC (CMS Initial Mark) [1 CMS-initial-mark: 6327K(6848K)] 9079K(9920K), 0.0030876 secs] [Times: user=0.01 sys=0.00, real=0.01 secs] 
116.122: [CMS-concurrent-mark-start]
116.122: [GC (Allocation Failure) 116.122: [ParNew (promotion failed): 2751K->2997K(3072K), 0.0141319 secs]116.136: [CMS116.139: [CMS-concurrent-mark: 0.004/0.018 secs] [Times: user=0.11 sys=0.00, real=0.02 secs] 
 (concurrent mode failure): 6330K->6327K(6848K), 0.0200142 secs] 9079K->9079K(9920K), [Metaspace: 3748K->3748K(1056768K)], 0.0342097 secs] [Times: user=0.12 sys=0.00, real=0.03 secs] 
116.157: [GC (Allocation Failure) 116.157: [ParNew (promotion failed): 2751K->2997K(3072K), 0.0145843 secs]116.171: [CMS: 6329K->6327K(6848K), 0.0165948 secs] 9079K->9079K(9920K), [Metaspace: 3748K->3748K(1056768K)], 0.0312382 secs] [Times: user=0.13 sys=0.00, real=0.03 secs] 
116.188: [GC (CMS Initial Mark) [1 CMS-initial-mark: 6327K(6848K)] 9079K(9920K), 0.0030699 secs] [Times: user=0.00 sys=0.00, real=0.01 secs] 
116.191: [CMS-concurrent-mark-start]
116.191: [GC (Allocation Failure) 116.191: [ParNew (promotion failed): 2751K->3022K(3072K), 0.0183269 secs]116.210: [CMS116.213: [CMS-concurrent-mark: 0.004/0.022 secs] [Times: user=0.14 sys=0.00, real=0.02 secs] 
 (concurrent mode failure): 6329K->6327K(6848K), 0.0199338 secs] 9079K->9079K(9920K), [Metaspace: 3748K->3748K(1056768K)], 0.0383172 secs] [Times: user=0.16 sys=0.00, real=0.04 secs] 
116.230: [GC (Allocation Failure) 116.230: [ParNew (promotion failed): 2751K->2997K(3072K), 0.0135420 secs]116.244: [CMS: 6329K->6327K(6848K), 0.0165473 secs] 9079K->9079K(9920K), [Metaspace: 3748K->3748K(1056768K)], 0.0301545 secs] [Times: user=0.11 sys=0.00, real=0.03 secs] 
116.261: [GC (CMS Initial Mark) [1 CMS-initial-mark: 6327K(6848K)] 9079K(9920K), 0.0030451 secs] [Times: user=0.00 sys=0.00, real=0.00 secs] 
116.264: [CMS-concurrent-mark-start]
116.264: [GC (Allocation Failure) 116.264: [ParNew (promotion failed): 2751K->2997K(3072K), 0.0224145 secs]116.286: [CMS116.290: [CMS-concurrent-mark: 0.004/0.026 secs] [Times: user=0.17 sys=0.00, real=0.03 secs] 
 (concurrent mode failure): 6330K->6327K(6848K), 0.0200279 secs] 9079K->9079K(9920K), [Metaspace: 3748K->3748K(1056768K)], 0.0425043 secs] [Times: user=0.19 sys=0.00, real=0.04 secs] 
116.307: [GC (Allocation Failure) 116.307: [ParNew (promotion failed): 2751K->3022K(3072K), 0.0184734 secs]116.325: [CMS: 6330K->6327K(6848K), 0.0165273 secs] 9079K->9079K(9920K), [Metaspace: 3748K->3748K(1056768K)], 0.0350577 secs] [Times: user=0.14 sys=0.00, real=0.04 secs] 
116.343: [GC (CMS Initial Mark) [1 CMS-initial-mark: 6328K(6848K)] 9080K(9920K), 0.0030704 secs] [Times: user=0.00 sys=0.00, real=0.00 secs] 
116.346: [CMS-concurrent-mark-start]
116.346: [GC (Allocation Failure) 116.346: [ParNew (promotion failed): 2751K->3022K(3072K), 0.0142578 secs]116.360: [CMS116.363: [CMS-concurrent-mark: 0.003/0.018 secs] [Times: user=0.11 sys=0.00, real=0.02 secs] 
 (concurrent mode failure): 6330K->6327K(6848K), 0.0201388 secs] 9080K->9079K(9920K), [Metaspace: 3748K->3748K(1056768K)], 0.0344609 secs] [Times: user=0.12 sys=0.00, real=0.04 secs] 
116.381: [GC (Allocation Failure) 116.381: [ParNew (promotion failed): 2751K->3022K(3072K), 0.0208101 secs]116.402: [CMS: 6330K->6327K(6848K), 0.0164658 secs] 9080K->9079K(9920K), [Metaspace: 3748K->3748K(1056768K)], 0.0373344 secs] [Times: user=0.17 sys=0.01, real=0.03 secs] 
116.419: [GC (CMS Initial Mark) [1 CMS-initial-mark: 6327K(6848K)] 9079K(9920K), 0.0030503 secs] [Times: user=0.00 sys=0.00, real=0.01 secs] 
116.422: [CMS-concurrent-mark-start]
116.422: [GC (Allocation Failure) 116.422: [ParNew (promotion failed): 2751K->3022K(3072K), 0.0141620 secs]116.436: [CMS116.439: [CMS-concurrent-mark: 0.003/0.018 secs] [Times: user=0.11 sys=0.00, real=0.02 secs] 
 (concurrent mode failure): 6329K->6327K(6848K), 0.0198171 secs] 9079K->9079K(9920K), [Metaspace: 3748K->3748K(1056768K)], 0.0340388 secs] [Times: user=0.13 sys=0.00, real=0.03 secs] 
116.456: [GC (Allocation Failure) 116.456: [ParNew (promotion failed): 2751K->2997K(3072K), 0.0141661 secs]116.471: [CMS: 6329K->6327K(6848K), 0.0164714 secs] 9079K->9079K(9920K), [Metaspace: 3748K->3748K(1056768K)], 0.0306968 secs] [Times: user=0.12 sys=0.00, real=0.03 secs] 
116.487: [GC (CMS Initial Mark) [1 CMS-initial-mark: 6327K(6848K)] 9079K(9920K), 0.0030471 secs] [Times: user=0.00 sys=0.00, real=0.01 secs] 
116.490: [CMS-concurrent-mark-start]
116.490: [GC (Allocation Failure) 116.490: [ParNew (promotion failed): 2751K->2997K(3072K), 0.0127895 secs]116.503: [CMS116.507: [CMS-concurrent-mark: 0.003/0.016 secs] [Times: user=0.09 sys=0.00, real=0.01 secs] 
 (concurrent mode failure): 6329K->6327K(6848K), 0.0200259 secs] 9079K->9079K(9920K), [Metaspace: 3748K->3748K(1056768K)], 0.0328738 secs] [Times: user=0.10 sys=0.00, real=0.03 secs] 
116.524: [GC (Allocation Failure) 116.524: [ParNew (promotion failed): 2751K->3022K(3072K), 0.0209011 secs]116.545: [CMS: 6330K->6327K(6848K), 0.0166324 secs] 9079K->9079K(9920K), [Metaspace: 3748K->3748K(1056768K)], 0.0375928 secs] [Times: user=0.16 sys=0.00, real=0.04 secs] 
116.562: [GC (CMS Initial Mark) [1 CMS-initial-mark: 6328K(6848K)] 9080K(9920K), 0.0030778 secs] [Times: user=0.01 sys=0.00, real=0.00 secs] 
116.565: [CMS-concurrent-mark-start]
116.565: [GC (Allocation Failure) 116.565: [ParNew (promotion failed): 2751K->2997K(3072K), 0.0216642 secs]116.587: [CMS116.590: [CMS-concurrent-mark: 0.003/0.025 secs] [Times: user=0.16 sys=0.00, real=0.03 secs] 
 (concurrent mode failure): 6330K->6327K(6848K), 0.0199259 secs] 9080K->9079K(9920K), [Metaspace: 3748K->3748K(1056768K)], 0.0416453 secs] [Times: user=0.18 sys=0.00, real=0.04 secs] 
116.607: [GC (Allocation Failure) 116.607: [ParNew (promotion failed): 2751K->3022K(3072K), 0.0174848 secs]116.625: [CMS: 6330K->6327K(6848K), 0.0164759 secs] 9080K->9079K(9920K), [Metaspace: 3748K->3748K(1056768K)], 0.0340204 secs] [Times: user=0.15 sys=0.00, real=0.04 secs] 
116.642: [GC (CMS Initial Mark) [1 CMS-initial-mark: 6328K(6848K)] 9080K(9920K), 0.0030573 secs] [Times: user=0.00 sys=0.00, real=0.00 secs] 
116.645: [CMS-concurrent-mark-start]
116.645: [GC (Allocation Failure) 116.645: [ParNew (promotion failed): 2751K->3022K(3072K), 0.0160430 secs]116.661: [CMS116.664: [CMS-concurrent-mark: 0.004/0.020 secs] [Times: user=0.12 sys=0.00, real=0.02 secs] 
 (concurrent mode failure): 6330K->6327K(6848K), 0.0195367 secs] 9080K->9079K(9920K), [Metaspace: 3748K->3748K(1056768K)], 0.0356451 secs] [Times: user=0.14 sys=0.00, real=0.04 secs] 
116.682: [GC (Allocation Failure) 116.682: [ParNew (promotion failed): 2751K->3046K(3072K), 0.0151044 secs]116.697: [CMS: 6330K->6327K(6848K), 0.0166519 secs] 9079K->9079K(9920K), [Metaspace: 3748K->3748K(1056768K)], 0.0318144 secs] [Times: user=0.12 sys=0.01, real=0.03 secs] 
116.714: [GC (CMS Initial Mark) [1 CMS-initial-mark: 6327K(6848K)] 9079K(9920K), 0.0030253 secs] [Times: user=0.01 sys=0.00, real=0.00 secs] 
116.717: [CMS-concurrent-mark-start]
116.717: [GC (Allocation Failure) 116.717: [ParNew (promotion failed): 2751K->2997K(3072K), 0.0160447 secs]116.733: [CMS116.736: [CMS-concurrent-mark: 0.003/0.020 secs] [Times: user=0.12 sys=0.00, real=0.02 secs] 
 (concurrent mode failure): 6329K->6327K(6848K), 0.0199398 secs] 9079K->9079K(9920K), [Metaspace: 3748K->3748K(1056768K)], 0.0360485 secs] [Times: user=0.14 sys=0.00, real=0.04 secs] 
116.753: [GC (Allocation Failure) 116.753: [ParNew (promotion failed): 2751K->3022K(3072K), 0.0140940 secs]116.767: [CMS: 6330K->6327K(6848K), 0.0164763 secs] 9079K->9079K(9920K), [Metaspace: 3748K->3748K(1056768K)], 0.0306485 secs] [Times: user=0.11 sys=0.00, real=0.03 secs] 
116.784: [GC (CMS Initial Mark) [1 CMS-initial-mark: 6328K(6848K)] 9080K(9920K), 0.0030433 secs] [Times: user=0.01 sys=0.00, real=0.00 secs] 
116.787: [CMS-concurrent-mark-start]
116.787: [GC (Allocation Failure) 116.787: [ParNew (promotion failed): 2751K->3022K(3072K), 0.0144589 secs]116.802: [CMS116.805: [CMS-concurrent-mark: 0.004/0.018 secs] [Times: user=0.11 sys=0.00, real=0.02 secs] 
 (concurrent mode failure): 6330K->6328K(6848K), 0.0199234 secs] 9080K->9080K(9920K), [Metaspace: 3748K->3748K(1056768K)], 0.0344481 secs] [Times: user=0.12 sys=0.00, real=0.04 secs] 
116.822: [GC (Allocation Failure) 116.822: [ParNew (promotion failed): 2751K->2997K(3072K), 0.0207500 secs]116.843: [CMS: 6330K->6328K(6848K), 0.0164719 secs] 9080K->9080K(9920K), [Metaspace: 3748K->3748K(1056768K)], 0.0372846 secs] [Times: user=0.17 sys=0.00, real=0.04 secs] 
116.860: [GC (CMS Initial Mark) [1 CMS-initial-mark: 6328K(6848K)] 9080K(9920K), 0.0030747 secs] [Times: user=0.00 sys=0.00, real=0.00 secs] 
116.863: [CMS-concurrent-mark-start]
116.863: [GC (Allocation Failure) 116.863: [ParNew (promotion failed): 2751K->3022K(3072K), 0.0141248 secs]116.878: [CMS116.881: [CMS-concurrent-mark: 0.003/0.018 secs] [Times: user=0.11 sys=0.00, real=0.02 secs] 
 (concurrent mode failure): 6330K->6328K(6848K), 0.0199157 secs] 9080K->9080K(9920K), [Metaspace: 3748K->3748K(1056768K)], 0.0340996 secs] [Times: user=0.13 sys=0.00, real=0.03 secs] 
116.898: [GC (Allocation Failure) 116.898: [ParNew (promotion failed): 2751K->3046K(3072K), 0.0223857 secs]116.921: [CMS: 6330K->6327K(6848K), 0.0166499 secs] 9080K->9079K(9920K), [Metaspace: 3748K->3748K(1056768K)], 0.0391021 secs] [Times: user=0.18 sys=0.00, real=0.04 secs] 
116.938: [GC (CMS Initial Mark) [1 CMS-initial-mark: 6327K(6848K)] 9079K(9920K), 0.0030447 secs] [Times: user=0.00 sys=0.00, real=0.01 secs] 
116.941: [CMS-concurrent-mark-start]
116.941: [GC (Allocation Failure) 116.941: [ParNew (promotion failed): 2751K->3022K(3072K), 0.0142644 secs]116.955: [CMS116.959: [CMS-concurrent-mark: 0.004/0.018 secs] [Times: user=0.11 sys=0.00, real=0.01 secs] 
 (concurrent mode failure): 6330K->6327K(6848K), 0.0198209 secs] 9079K->9079K(9920K), [Metaspace: 3748K->3748K(1056768K)], 0.0341423 secs] [Times: user=0.12 sys=0.00, real=0.03 secs] 
116.976: [GC (Allocation Failure) 116.976: [ParNew (promotion failed): 2751K->3071K(3072K), 0.0210770 secs]116.997: [CMS: 6330K->6327K(6848K), 0.0166120 secs] 9079K->9079K(9920K), [Metaspace: 3748K->3748K(1056768K)], 0.0377586 secs] [Times: user=0.17 sys=0.01, real=0.04 secs] 
117.014: [GC (CMS Initial Mark) [1 CMS-initial-mark: 6327K(6848K)] 9079K(9920K), 0.0030745 secs] [Times: user=0.01 sys=0.00, real=0.00 secs] 
117.017: [CMS-concurrent-mark-start]
117.017: [GC (Allocation Failure) 117.017: [ParNew (promotion failed): 2751K->3022K(3072K), 0.0216362 secs]117.038: [CMS117.042: [CMS-concurrent-mark: 0.003/0.025 secs] [Times: user=0.16 sys=0.00, real=0.03 secs] 
 (concurrent mode failure): 6330K->6327K(6848K), 0.0199232 secs] 9079K->9079K(9920K), [Metaspace: 3748K->3748K(1056768K)], 0.0416122 secs] [Times: user=0.18 sys=0.00, real=0.04 secs] 
117.059: [GC (Allocation Failure) 117.059: [ParNew (promotion failed): 2751K->2997K(3072K), 0.0191120 secs]117.078: [CMS: 6330K->6328K(6848K), 0.0167097 secs] 9080K->9080K(9920K), [Metaspace: 3748K->3748K(1056768K)], 0.0358879 secs] [Times: user=0.15 sys=0.00, real=0.04 secs] 
117.095: [GC (CMS Initial Mark) [1 CMS-initial-mark: 6328K(6848K)] 9080K(9920K), 0.0030554 secs] [Times: user=0.00 sys=0.00, real=0.00 secs] 
117.098: [CMS-concurrent-mark-start]
117.098: [GC (Allocation Failure) 117.098: [ParNew (promotion failed): 2751K->3022K(3072K), 0.0159010 secs]117.114: [CMS117.117: [CMS-concurrent-mark: 0.003/0.019 secs] [Times: user=0.12 sys=0.00, real=0.02 secs] 
 (concurrent mode failure): 6330K->6328K(6848K), 0.0199125 secs] 9080K->9080K(9920K), [Metaspace: 3748K->3748K(1056768K)], 0.0358692 secs] [Times: user=0.14 sys=0.00, real=0.04 secs] 
117.135: [GC (Allocation Failure) 117.135: [ParNew (promotion failed): 2751K->2997K(3072K), 0.0147758 secs]117.150: [CMS: 6330K->6328K(6848K), 0.0164955 secs] 9080K->9080K(9920K), [Metaspace: 3748K->3748K(1056768K)], 0.0313397 secs] [Times: user=0.12 sys=0.00, real=0.03 secs] 
117.167: [GC (CMS Initial Mark) [1 CMS-initial-mark: 6328K(6848K)] 9080K(9920K), 0.0030552 secs] [Times: user=0.01 sys=0.00, real=0.01 secs] 
117.170: [CMS-concurrent-mark-start]
117.170: [GC (Allocation Failure) 117.170: [ParNew (promotion failed): 2751K->2997K(3072K), 0.0136543 secs]117.184: [CMS117.187: [CMS-concurrent-mark: 0.004/0.017 secs] [Times: user=0.10 sys=0.00, real=0.01 secs] 
 (concurrent mode failure): 6330K->6327K(6848K), 0.0197496 secs] 9080K->9079K(9920K), [Metaspace: 3748K->3748K(1056768K)], 0.0334600 secs] [Times: user=0.12 sys=0.00, real=0.03 secs] 
117.204: [GC (Allocation Failure) 117.204: [ParNew (promotion failed): 2751K->2997K(3072K), 0.0136500 secs]117.218: [CMS: 6330K->6327K(6848K), 0.0166611 secs] 9080K->9079K(9920K), [Metaspace: 3748K->3748K(1056768K)], 0.0303709 secs] [Times: user=0.11 sys=0.00, real=0.03 secs] 
117.235: [GC (CMS Initial Mark) [1 CMS-initial-mark: 6327K(6848K)] 9079K(9920K), 0.0030697 secs] [Times: user=0.00 sys=0.00, real=0.00 secs] 
117.238: [CMS-concurrent-mark-start]
117.238: [GC (Allocation Failure) 117.238: [ParNew (promotion failed): 2751K->2997K(3072K), 0.0148044 secs]117.253: [CMS117.256: [CMS-concurrent-mark: 0.004/0.018 secs] [Times: user=0.11 sys=0.00, real=0.02 secs] 
 (concurrent mode failure): 6330K->6327K(6848K), 0.0201232 secs] 9079K->9079K(9920K), [Metaspace: 3748K->3748K(1056768K)], 0.0349813 secs] [Times: user=0.13 sys=0.00, real=0.04 secs] 
117.273: [GC (Allocation Failure) 117.273: [ParNew (promotion failed): 2751K->3022K(3072K), 0.0148903 secs]117.288: [CMS: 6330K->6328K(6848K), 0.0164790 secs] 9080K->9080K(9920K), [Metaspace: 3748K->3748K(1056768K)], 0.0314286 secs] [Times: user=0.12 sys=0.01, real=0.03 secs] 
117.305: [GC (CMS Initial Mark) [1 CMS-initial-mark: 6328K(6848K)] 9080K(9920K), 0.0030490 secs] [Times: user=0.01 sys=0.00, real=0.00 secs] 
117.308: [CMS-concurrent-mark-start]
117.308: [GC (Allocation Failure) 117.308: [ParNew (promotion failed): 2751K->2997K(3072K), 0.0198118 secs]117.328: [CMS117.332: [CMS-concurrent-mark: 0.004/0.023 secs] [Times: user=0.15 sys=0.00, real=0.03 secs] 
 (concurrent mode failure): 6330K->6328K(6848K), 0.0200308 secs] 9080K->9080K(9920K), [Metaspace: 3748K->3748K(1056768K)], 0.0398984 secs] [Times: user=0.16 sys=0.00, real=0.04 secs] 
117.349: [GC (Allocation Failure) 117.349: [ParNew (promotion failed): 2751K->2997K(3072K), 0.0223368 secs]117.371: [CMS: 6330K->6328K(6848K), 0.0164628 secs] 9080K->9080K(9920K), [Metaspace: 3748K->3748K(1056768K)], 0.0388616 secs] [Times: user=0.18 sys=0.00, real=0.04 secs] 
117.388: [GC (CMS Initial Mark) [1 CMS-initial-mark: 6328K(6848K)] 9080K(9920K), 0.0030524 secs] [Times: user=0.01 sys=0.00, real=0.01 secs] 
117.391: [CMS-concurrent-mark-start]
117.391: [GC (Allocation Failure) 117.391: [ParNew (promotion failed): 2751K->3022K(3072K), 0.0162170 secs]117.408: [CMS117.411: [CMS-concurrent-mark: 0.003/0.020 secs] [Times: user=0.11 sys=0.00, real=0.02 secs] 
 (concurrent mode failure): 6330K->6328K(6848K), 0.0199548 secs] 9080K->9080K(9920K), [Metaspace: 3748K->3748K(1056768K)], 0.0362302 secs] [Times: user=0.13 sys=0.00, real=0.03 secs] 
117.428: [GC (Allocation Failure) 117.428: [ParNew (promotion failed): 2751K->3022K(3072K), 0.0159613 secs]117.444: [CMS: 6330K->6327K(6848K), 0.0166593 secs] 9080K->9079K(9920K), [Metaspace: 3748K->3748K(1056768K)], 0.0326887 secs] [Times: user=0.13 sys=0.00, real=0.04 secs] 
117.461: [GC (CMS Initial Mark) [1 CMS-initial-mark: 6328K(6848K)] 9080K(9920K), 0.0030570 secs] [Times: user=0.00 sys=0.00, real=0.00 secs] 
117.465: [CMS-concurrent-mark-start]
117.465: [GC (Allocation Failure) 117.465: [ParNew (promotion failed): 2751K->3022K(3072K), 0.0155710 secs]117.481: [CMS117.484: [CMS-concurrent-mark: 0.004/0.019 secs] [Times: user=0.12 sys=0.00, real=0.02 secs] 
 (concurrent mode failure): 6330K->6327K(6848K), 0.0197941 secs] 9080K->9079K(9920K), [Metaspace: 3748K->3748K(1056768K)], 0.0354235 secs] [Times: user=0.14 sys=0.00, real=0.04 secs] 
117.501: [GC (Allocation Failure) 117.501: [ParNew (promotion failed): 2751K->2997K(3072K), 0.0158535 secs]117.516: [CMS: 6330K->6328K(6848K), 0.0166749 secs] 9080K->9080K(9920K), [Metaspace: 3748K->3748K(1056768K)], 0.0325975 secs] [Times: user=0.12 sys=0.00, real=0.03 secs] 
117.533: [GC (CMS Initial Mark) [1 CMS-initial-mark: 6328K(6848K)] 9080K(9920K), 0.0030764 secs] [Times: user=0.00 sys=0.00, real=0.00 secs] 
117.537: [CMS-concurrent-mark-start]
117.537: [GC (Allocation Failure) 117.537: [ParNew (promotion failed): 2751K->2997K(3072K), 0.0130718 secs]117.550: [CMS117.553: [CMS-concurrent-mark: 0.004/0.017 secs] [Times: user=0.10 sys=0.00, real=0.02 secs] 
 (concurrent mode failure): 6330K->6328K(6848K), 0.0201378 secs] 9080K->9080K(9920K), [Metaspace: 3748K->3748K(1056768K)], 0.0332770 secs] [Times: user=0.11 sys=0.00, real=0.04 secs] 
117.570: [GC (Allocation Failure) 117.570: [ParNew (promotion failed): 2751K->2997K(3072K), 0.0135728 secs]117.584: [CMS: 6330K->6328K(6848K), 0.0165364 secs] 9080K->9080K(9920K), [Metaspace: 3748K->3748K(1056768K)], 0.0301740 secs] [Times: user=0.11 sys=0.00, real=0.03 secs] 
117.601: [GC (CMS Initial Mark) [1 CMS-initial-mark: 6328K(6848K)] 9080K(9920K), 0.0030941 secs] [Times: user=0.00 sys=0.00, real=0.00 secs] 
117.604: [CMS-concurrent-mark-start]
117.604: [GC (Allocation Failure) 117.604: [ParNew (promotion failed): 2751K->2997K(3072K), 0.0174768 secs]117.622: [CMS117.625: [CMS-concurrent-mark: 0.003/0.021 secs] [Times: user=0.13 sys=0.00, real=0.02 secs] 
 (concurrent mode failure): 6330K->6328K(6848K), 0.0199112 secs] 9080K->9080K(9920K), [Metaspace: 3748K->3748K(1056768K)], 0.0374482 secs] [Times: user=0.15 sys=0.00, real=0.04 secs] 
117.642: [GC (Allocation Failure) 117.642: [ParNew (promotion failed): 2751K->3046K(3072K), 0.0208259 secs]117.663: [CMS: 6330K->6328K(6848K), 0.0165824 secs] 9080K->9080K(9920K), [Metaspace: 3748K->3748K(1056768K)], 0.0374709 secs] [Times: user=0.16 sys=0.00, real=0.04 secs] 
117.680: [GC (CMS Initial Mark) [1 CMS-initial-mark: 6328K(6848K)] 9080K(9920K), 0.0030873 secs] [Times: user=0.00 sys=0.00, real=0.00 secs] 
117.683: [CMS-concurrent-mark-start]
117.684: [GC (Allocation Failure) 117.684: [ParNew (promotion failed): 2751K->2997K(3072K), 0.0226605 secs]117.707: [CMS117.710: [CMS-concurrent-mark: 0.004/0.026 secs] [Times: user=0.18 sys=0.00, real=0.03 secs] 
 (concurrent mode failure): 6330K->6328K(6848K), 0.0194742 secs] 9080K->9080K(9920K), [Metaspace: 3748K->3748K(1056768K)], 0.0422067 secs] [Times: user=0.18 sys=0.00, real=0.04 secs] 
117.727: [GC (Allocation Failure) 117.727: [ParNew (promotion failed): 2751K->2997K(3072K), 0.0145503 secs]117.741: [CMS: 6330K->6328K(6848K), 0.0165444 secs] 9080K->9080K(9920K), [Metaspace: 3748K->3748K(1056768K)], 0.0311565 secs] [Times: user=0.11 sys=0.00, real=0.03 secs] 
117.758: [GC (CMS Initial Mark) [1 CMS-initial-mark: 6328K(6848K)] 9080K(9920K), 0.0030443 secs] [Times: user=0.00 sys=0.00, real=0.01 secs] 
117.761: [CMS-concurrent-mark-start]
117.761: [GC (Allocation Failure) 117.761: [ParNew (promotion failed): 2751K->3022K(3072K), 0.0155096 secs]117.777: [CMS117.780: [CMS-concurrent-mark: 0.003/0.019 secs] [Times: user=0.12 sys=0.00, real=0.02 secs] 
 (concurrent mode failure): 6330K->6328K(6848K), 0.0199511 secs] 9080K->9080K(9920K), [Metaspace: 3748K->3748K(1056768K)], 0.0355170 secs] [Times: user=0.14 sys=0.00, real=0.03 secs] 
117.797: [GC (Allocation Failure) 117.797: [ParNew (promotion failed): 2751K->3022K(3072K), 0.0153992 secs]117.812: [CMS: 6330K->6328K(6848K), 0.0164518 secs] 9080K->9080K(9920K), [Metaspace: 3748K->3748K(1056768K)], 0.0319121 secs] [Times: user=0.13 sys=0.00, real=0.03 secs] 
117.829: [GC (CMS Initial Mark) [1 CMS-initial-mark: 6328K(6848K)] 9080K(9920K), 0.0030528 secs] [Times: user=0.00 sys=0.00, real=0.00 secs] 
117.832: [CMS-concurrent-mark-start]
117.833: [GC (Allocation Failure) 117.833: [ParNew (promotion failed): 2751K->3046K(3072K), 0.0173932 secs]117.850: [CMS117.853: [CMS-concurrent-mark: 0.003/0.021 secs] [Times: user=0.14 sys=0.00, real=0.02 secs] 
 (concurrent mode failure): 6330K->6328K(6848K), 0.0197855 secs] 9080K->9080K(9920K), [Metaspace: 3748K->3748K(1056768K)], 0.0372473 secs] [Times: user=0.15 sys=0.00, real=0.04 secs] 
117.870: [GC (Allocation Failure) 117.870: [ParNew (promotion failed): 2751K->2997K(3072K), 0.0150806 secs]117.885: [CMS: 6330K->6328K(6848K), 0.0166427 secs] 9080K->9080K(9920K), [Metaspace: 3748K->3748K(1056768K)], 0.0317873 secs] [Times: user=0.13 sys=0.00, real=0.03 secs] 
117.903: [GC (CMS Initial Mark) [1 CMS-initial-mark: 6328K(6848K)] 9080K(9920K), 0.0030441 secs] [Times: user=0.00 sys=0.00, real=0.00 secs] 
117.906: [CMS-concurrent-mark-start]
117.906: [GC (Allocation Failure) 117.906: [ParNew (promotion failed): 2751K->3022K(3072K), 0.0218449 secs]117.928: [CMS117.931: [CMS-concurrent-mark: 0.003/0.025 secs] [Times: user=0.17 sys=0.01, real=0.03 secs] 
 (concurrent mode failure): 6330K->6328K(6848K), 0.0201794 secs] 9080K->9080K(9920K), [Metaspace: 3748K->3748K(1056768K)], 0.0420850 secs] [Times: user=0.19 sys=0.01, real=0.04 secs] 
117.949: [GC (Allocation Failure) 117.949: [ParNew (promotion failed): 2751K->3022K(3072K), 0.0146155 secs]117.963: [CMS: 6330K->6328K(6848K), 0.0164976 secs] 9080K->9080K(9920K), [Metaspace: 3748K->3748K(1056768K)], 0.0311803 secs] [Times: user=0.12 sys=0.00, real=0.04 secs] 
117.980: [GC (CMS Initial Mark) [1 CMS-initial-mark: 6328K(6848K)] 9080K(9920K), 0.0030685 secs] [Times: user=0.01 sys=0.00, real=0.00 secs] 
117.983: [CMS-concurrent-mark-start]
117.984: [GC (Allocation Failure) 117.984: [ParNew (promotion failed): 2751K->2997K(3072K), 0.0228668 secs]118.007: [CMS118.010: [CMS-concurrent-mark: 0.004/0.026 secs] [Times: user=0.17 sys=0.00, real=0.03 secs] 
 (concurrent mode failure): 6330K->6328K(6848K), 0.0197913 secs] 9080K->9080K(9920K), [Metaspace: 3748K->3748K(1056768K)], 0.0427149 secs] [Times: user=0.19 sys=0.00, real=0.04 secs] 
118.027: [GC (Allocation Failure) 118.027: [ParNew (promotion failed): 2751K->2997K(3072K), 0.0156549 secs]118.042: [CMS: 6330K->6328K(6848K), 0.0166062 secs] 9080K->9080K(9920K), [Metaspace: 3748K->3748K(1056768K)], 0.0323263 secs] [Times: user=0.12 sys=0.00, real=0.04 secs] 
118.059: [GC (CMS Initial Mark) [1 CMS-initial-mark: 6328K(6848K)] 9080K(9920K), 0.0031111 secs] [Times: user=0.00 sys=0.00, real=0.00 secs] 
118.062: [CMS-concurrent-mark-start]
118.063: [GC (Allocation Failure) 118.063: [ParNew (promotion failed): 2751K->2997K(3072K), 0.0101897 secs]118.073: [CMS118.078: [CMS-concurrent-mark: 0.005/0.015 secs] [Times: user=0.05 sys=0.00, real=0.01 secs] 
 (concurrent mode failure): 6330K->6328K(6848K), 0.0225945 secs] 9080K->9080K(9920K), [Metaspace: 3748K->3748K(1056768K)], 0.0328844 secs] [Times: user=0.07 sys=0.00, real=0.03 secs] 
118.096: [GC (Allocation Failure) 118.096: [ParNew (promotion failed): 2751K->2997K(3072K), 0.0161575 secs]118.112: [CMS: 6330K->6328K(6848K), 0.0166530 secs] 9080K->9080K(9920K), [Metaspace: 3748K->3748K(1056768K)], 0.0328745 secs] [Times: user=0.13 sys=0.00, real=0.03 secs] 
118.129: [GC (CMS Initial Mark) [1 CMS-initial-mark: 6328K(6848K)] 9080K(9920K), 0.0030817 secs] [Times: user=0.00 sys=0.00, real=0.00 secs] 
118.132: [CMS-concurrent-mark-start]
118.132: [GC (Allocation Failure) 118.132: [ParNew (promotion failed): 2751K->2997K(3072K), 0.0172973 secs]118.150: [CMS118.153: [CMS-concurrent-mark: 0.003/0.021 secs] [Times: user=0.13 sys=0.00, real=0.02 secs] 
 (concurrent mode failure): 6330K->6328K(6848K), 0.0202705 secs] 9080K->9080K(9920K), [Metaspace: 3748K->3748K(1056768K)], 0.0376289 secs] [Times: user=0.14 sys=0.00, real=0.04 secs] 
118.171: [GC (Allocation Failure) 118.171: [ParNew (promotion failed): 2751K->2997K(3072K), 0.0146575 secs]118.185: [CMS: 6330K->6328K(6848K), 0.0165414 secs] 9080K->9080K(9920K), [Metaspace: 3748K->3748K(1056768K)], 0.0312633 secs] [Times: user=0.13 sys=0.00, real=0.03 secs] 
118.202: [GC (CMS Initial Mark) [1 CMS-initial-mark: 6328K(6848K)] 9080K(9920K), 0.0030385 secs] [Times: user=0.00 sys=0.00, real=0.00 secs] 
118.205: [CMS-concurrent-mark-start]
118.206: [GC (Allocation Failure) 118.206: [ParNew (promotion failed): 2751K->2997K(3072K), 0.0165125 secs]118.223: [CMS118.226: [CMS-concurrent-mark: 0.003/0.020 secs] [Times: user=0.13 sys=0.00, real=0.02 secs] 
 (concurrent mode failure): 6330K->6328K(6848K), 0.0195157 secs] 9080K->9080K(9920K), [Metaspace: 3748K->3748K(1056768K)], 0.0360900 secs] [Times: user=0.14 sys=0.00, real=0.04 secs] 
118.243: [GC (Allocation Failure) 118.243: [ParNew (promotion failed): 2751K->3046K(3072K), 0.0225445 secs]118.265: [CMS: 6330K->6328K(6848K), 0.0167185 secs] 9080K->9080K(9920K), [Metaspace: 3748K->3748K(1056768K)], 0.0393206 secs] [Times: user=0.19 sys=0.01, real=0.04 secs] 
118.282: [GC (CMS Initial Mark) [1 CMS-initial-mark: 6328K(6848K)] 9080K(9920K), 0.0030636 secs] [Times: user=0.00 sys=0.00, real=0.00 secs] 
118.285: [CMS-concurrent-mark-start]
118.285: [GC (Allocation Failure) 118.285: [ParNew (promotion failed): 2751K->2997K(3072K), 0.0140421 secs]118.299: [CMS118.303: [CMS-concurrent-mark: 0.003/0.018 secs] [Times: user=0.11 sys=0.00, real=0.02 secs] 
 (concurrent mode failure): 6330K->6328K(6848K), 0.0199306 secs] 9080K->9080K(9920K), [Metaspace: 3748K->3748K(1056768K)], 0.0340303 secs] [Times: user=0.13 sys=0.00, real=0.04 secs] 
118.320: [GC (Allocation Failure) 118.320: [ParNew (promotion failed): 2751K->2997K(3072K), 0.0138631 secs]118.334: [CMS: 6330K->6328K(6848K), 0.0166327 secs] 9080K->9080K(9920K), [Metaspace: 3748K->3748K(1056768K)], 0.0305610 secs] [Times: user=0.11 sys=0.00, real=0.03 secs] 
118.351: [GC (CMS Initial Mark) [1 CMS-initial-mark: 6328K(6848K)] 9080K(9920K), 0.0030627 secs] [Times: user=0.01 sys=0.00, real=0.00 secs] 
118.354: [CMS-concurrent-mark-start]
118.354: [GC (Allocation Failure) 118.354: [ParNew (promotion failed): 2751K->2997K(3072K), 0.0205064 secs]118.374: [CMS118.378: [CMS-concurrent-mark: 0.004/0.024 secs] [Times: user=0.15 sys=0.00, real=0.02 secs] 
 (concurrent mode failure): 6330K->6328K(6848K), 0.0207497 secs] 9080K->9080K(9920K), [Metaspace: 3748K->3748K(1056768K)], 0.0413280 secs] [Times: user=0.16 sys=0.00, real=0.04 secs] 
118.396: [GC (Allocation Failure) 118.396: [ParNew (promotion failed): 2751K->2997K(3072K), 0.0180620 secs]118.414: [CMS: 6330K->6328K(6848K), 0.0166550 secs] 9080K->9080K(9920K), [Metaspace: 3748K->3748K(1056768K)], 0.0347768 secs] [Times: user=0.14 sys=0.00, real=0.04 secs] 
118.431: [GC (CMS Initial Mark) [1 CMS-initial-mark: 6328K(6848K)] 9080K(9920K), 0.0030873 secs] [Times: user=0.00 sys=0.00, real=0.00 secs] 
118.434: [CMS-concurrent-mark-start]
118.434: [GC (Allocation Failure) 118.434: [ParNew (promotion failed): 2751K->2997K(3072K), 0.0143865 secs]118.449: [CMS118.452: [CMS-concurrent-mark: 0.003/0.018 secs] [Times: user=0.11 sys=0.00, real=0.02 secs] 
 (concurrent mode failure): 6330K->6328K(6848K), 0.0199256 secs] 9080K->9080K(9920K), [Metaspace: 3748K->3748K(1056768K)], 0.0343789 secs] [Times: user=0.13 sys=0.00, real=0.03 secs] 
118.470: [GC (Allocation Failure) 118.470: [ParNew (promotion failed): 2751K->3022K(3072K), 0.0189026 secs]118.488: [CMS: 6330K->6328K(6848K), 0.0166183 secs] 9080K->9080K(9920K), [Metaspace: 3748K->3748K(1056768K)], 0.0355820 secs] [Times: user=0.15 sys=0.00, real=0.03 secs] 
118.506: [GC (CMS Initial Mark) [1 CMS-initial-mark: 6328K(6848K)] 9080K(9920K), 0.0030400 secs] [Times: user=0.01 sys=0.00, real=0.00 secs] 
118.509: [CMS-concurrent-mark-start]
118.509: [GC (Allocation Failure) 118.509: [ParNew (promotion failed): 2751K->2997K(3072K), 0.0158715 secs]118.525: [CMS118.528: [CMS-concurrent-mark: 0.004/0.019 secs] [Times: user=0.11 sys=0.00, real=0.02 secs] 
 (concurrent mode failure): 6330K->6328K(6848K), 0.0199097 secs] 9080K->9080K(9920K), [Metaspace: 3748K->3748K(1056768K)], 0.0358457 secs] [Times: user=0.12 sys=0.00, real=0.04 secs] 
118.545: [GC (Allocation Failure) 118.545: [ParNew (promotion failed): 2751K->3022K(3072K), 0.0199320 secs]118.565: [CMS: 6330K->6328K(6848K), 0.0167055 secs] 9080K->9080K(9920K), [Metaspace: 3748K->3748K(1056768K)], 0.0366957 secs] [Times: user=0.15 sys=0.00, real=0.04 secs] 
118.582: [GC (CMS Initial Mark) [1 CMS-initial-mark: 6328K(6848K)] 9080K(9920K), 0.0030960 secs] [Times: user=0.00 sys=0.00, real=0.00 secs] 
118.585: [CMS-concurrent-mark-start]
118.585: [GC (Allocation Failure) 118.585: [ParNew (promotion failed): 2751K->2997K(3072K), 0.0149730 secs]118.600: [CMS118.604: [CMS-concurrent-mark: 0.003/0.019 secs] [Times: user=0.12 sys=0.00, real=0.02 secs] 
 (concurrent mode failure): 6330K->6328K(6848K), 0.0199810 secs] 9080K->9080K(9920K), [Metaspace: 3748K->3748K(1056768K)], 0.0350128 secs] [Times: user=0.14 sys=0.00, real=0.04 secs] 
118.621: [GC (Allocation Failure) 118.621: [ParNew (promotion failed): 2751K->2997K(3072K), 0.0143523 secs]118.635: [CMS: 6330K->6328K(6848K), 0.0165500 secs] 9080K->9080K(9920K), [Metaspace: 3748K->3748K(1056768K)], 0.0309767 secs] [Times: user=0.12 sys=0.00, real=0.03 secs] 
118.652: [GC (CMS Initial Mark) [1 CMS-initial-mark: 6328K(6848K)] 9080K(9920K), 0.0030438 secs] [Times: user=0.00 sys=0.00, real=0.00 secs] 
118.655: [CMS-concurrent-mark-start]
118.655: [GC (Allocation Failure) 118.655: [ParNew (promotion failed): 2751K->3022K(3072K), 0.0229913 secs]118.678: [CMS118.682: [CMS-concurrent-mark: 0.004/0.027 secs] [Times: user=0.18 sys=0.00, real=0.03 secs] 
 (concurrent mode failure): 6330K->6328K(6848K), 0.0203085 secs] 9080K->9080K(9920K), [Metaspace: 3748K->3748K(1056768K)], 0.0433600 secs] [Times: user=0.20 sys=0.00, real=0.04 secs] 
118.699: [GC (Allocation Failure) 118.699: [ParNew (promotion failed): 2751K->3022K(3072K), 0.0170020 secs]118.716: [CMS: 6330K->6328K(6848K), 0.0164761 secs] 9080K->9080K(9920K), [Metaspace: 3748K->3748K(1056768K)], 0.0335340 secs] [Times: user=0.14 sys=0.00, real=0.03 secs] 
118.733: [GC (CMS Initial Mark) [1 CMS-initial-mark: 6328K(6848K)] 9080K(9920K), 0.0030668 secs] [Times: user=0.00 sys=0.00, real=0.00 secs] 
118.736: [CMS-concurrent-mark-start]
118.737: [GC (Allocation Failure) 118.737: [ParNew (promotion failed): 2751K->3022K(3072K), 0.0154007 secs]118.752: [CMS118.755: [CMS-concurrent-mark: 0.004/0.019 secs] [Times: user=0.12 sys=0.00, real=0.02 secs] 
 (concurrent mode failure): 6330K->6328K(6848K), 0.0195016 secs] 9080K->9080K(9920K), [Metaspace: 3748K->3748K(1056768K)], 0.0349621 secs] [Times: user=0.14 sys=0.00, real=0.04 secs] 
118.772: [GC (Allocation Failure) 118.772: [ParNew (promotion failed): 2751K->2997K(3072K), 0.0181835 secs]118.790: [CMS: 6330K->6328K(6848K), 0.0165233 secs] 9080K->9080K(9920K), [Metaspace: 3748K->3748K(1056768K)], 0.0347662 secs] [Times: user=0.15 sys=0.00, real=0.03 secs] 
118.807: [GC (CMS Initial Mark) [1 CMS-initial-mark: 6328K(6848K)] 9080K(9920K), 0.0030562 secs] [Times: user=0.00 sys=0.00, real=0.01 secs] 
118.810: [CMS-concurrent-mark-start]
118.810: [GC (Allocation Failure) 118.810: [ParNew (promotion failed): 2751K->2997K(3072K), 0.0165549 secs]118.827: [CMS118.830: [CMS-concurrent-mark: 0.003/0.020 secs] [Times: user=0.13 sys=0.00, real=0.02 secs] 
 (concurrent mode failure): 6330K->6328K(6848K), 0.0199189 secs] 9080K->9080K(9920K), [Metaspace: 3748K->3748K(1056768K)], 0.0365298 secs] [Times: user=0.15 sys=0.00, real=0.03 secs] 
118.847: [GC (Allocation Failure) 118.847: [ParNew (promotion failed): 2751K->2997K(3072K), 0.0215131 secs]118.869: [CMS: 6330K->6328K(6848K), 0.0165130 secs] 9080K->9080K(9920K), [Metaspace: 3748K->3748K(1056768K)], 0.0380855 secs] [Times: user=0.17 sys=0.00, real=0.04 secs] 
118.886: [GC (CMS Initial Mark) [1 CMS-initial-mark: 6328K(6848K)] 9080K(9920K), 0.0030548 secs] [Times: user=0.00 sys=0.00, real=0.00 secs] 
118.889: [CMS-concurrent-mark-start]
118.889: [GC (Allocation Failure) 118.889: [ParNew (promotion failed): 2751K->2997K(3072K), 0.0174790 secs]118.906: [CMS118.910: [CMS-concurrent-mark: 0.003/0.021 secs] [Times: user=0.14 sys=0.00, real=0.03 secs] 
 (concurrent mode failure): 6330K->6328K(6848K), 0.0198284 secs] 9080K->9080K(9920K), [Metaspace: 3748K->3748K(1056768K)], 0.0373595 secs] [Times: user=0.16 sys=0.01, real=0.04 secs] 
118.927: [GC (Allocation Failure) 118.927: [ParNew (promotion failed): 2751K->2997K(3072K), 0.0158663 secs]118.943: [CMS: 6330K->6328K(6848K), 0.0166284 secs] 9080K->9080K(9920K), [Metaspace: 3748K->3748K(1056768K)], 0.0325585 secs] [Times: user=0.13 sys=0.00, real=0.04 secs] 
118.960: [GC (CMS Initial Mark) [1 CMS-initial-mark: 6328K(6848K)] 9080K(9920K), 0.0030178 secs] [Times: user=0.00 sys=0.00, real=0.00 secs] 
118.963: [CMS-concurrent-mark-start]
118.963: [GC (Allocation Failure) 118.963: [ParNew (promotion failed): 2751K->2997K(3072K), 0.0216096 secs]118.985: [CMS118.988: [CMS-concurrent-mark: 0.003/0.025 secs] [Times: user=0.17 sys=0.00, real=0.02 secs] 
 (concurrent mode failure): 6330K->6328K(6848K), 0.0201259 secs] 9080K->9080K(9920K), [Metaspace: 3748K->3748K(1056768K)], 0.0417960 secs] [Times: user=0.19 sys=0.00, real=0.04 secs] 
119.006: [GC (Allocation Failure) 119.006: [ParNew (promotion failed): 2751K->3022K(3072K), 0.0170873 secs]119.023: [CMS: 6330K->6328K(6848K), 0.0167316 secs] 9080K->9080K(9920K), [Metaspace: 3748K->3748K(1056768K)], 0.0338781 secs] [Times: user=0.14 sys=0.00, real=0.04 secs] 
119.040: [GC (CMS Initial Mark) [1 CMS-initial-mark: 6328K(6848K)] 9080K(9920K), 0.0030417 secs] [Times: user=0.00 sys=0.00, real=0.00 secs] 
119.043: [CMS-concurrent-mark-start]
119.044: [GC (Allocation Failure) 119.044: [ParNew (promotion failed): 2751K->2997K(3072K), 0.0144124 secs]119.058: [CMS119.061: [CMS-concurrent-mark: 0.004/0.018 secs] [Times: user=0.11 sys=0.00, real=0.02 secs] 
 (concurrent mode failure): 6330K->6328K(6848K), 0.0197615 secs] 9080K->9080K(9920K), [Metaspace: 3748K->3748K(1056768K)], 0.0342330 secs] [Times: user=0.13 sys=0.00, real=0.03 secs] 
119.078: [GC (Allocation Failure) 119.078: [ParNew (promotion failed): 2751K->3022K(3072K), 0.0216708 secs]119.100: [CMS: 6330K->6328K(6848K), 0.0164797 secs] 9080K->9080K(9920K), [Metaspace: 3748K->3748K(1056768K)], 0.0382082 secs] [Times: user=0.18 sys=0.00, real=0.04 secs] 
119.117: [GC (CMS Initial Mark) [1 CMS-initial-mark: 6328K(6848K)] 9080K(9920K), 0.0031022 secs] [Times: user=0.00 sys=0.00, real=0.01 secs] 
119.120: [CMS-concurrent-mark-start]
119.120: [GC (Allocation Failure) 119.120: [ParNew (promotion failed): 2751K->3071K(3072K), 0.0144329 secs]119.134: [CMS119.138: [CMS-concurrent-mark: 0.003/0.018 secs] [Times: user=0.11 sys=0.00, real=0.01 secs] 
 (concurrent mode failure): 6330K->6328K(6848K), 0.0199085 secs] 9080K->9080K(9920K), [Metaspace: 3748K->3748K(1056768K)], 0.0344010 secs] [Times: user=0.13 sys=0.00, real=0.03 secs] 
119.155: [GC (Allocation Failure) 119.155: [ParNew (promotion failed): 2751K->3046K(3072K), 0.0170110 secs]119.172: [CMS: 6330K->6328K(6848K), 0.0164781 secs] 9080K->9080K(9920K), [Metaspace: 3748K->3748K(1056768K)], 0.0335432 secs] [Times: user=0.14 sys=0.00, real=0.03 secs] 
119.188: [GC (CMS Initial Mark) [1 CMS-initial-mark: 6328K(6848K)] 9080K(9920K), 0.0030275 secs] [Times: user=0.00 sys=0.00, real=0.01 secs] 
119.192: [CMS-concurrent-mark-start]
119.192: [GC (Allocation Failure) 119.192: [ParNew (promotion failed): 2751K->3022K(3072K), 0.0149545 secs]119.207: [CMS119.210: [CMS-concurrent-mark: 0.003/0.018 secs] [Times: user=0.11 sys=0.00, real=0.02 secs] 
 (concurrent mode failure): 6330K->6328K(6848K), 0.0198744 secs] 9080K->9080K(9920K), [Metaspace: 3748K->3748K(1056768K)], 0.0348901 secs] [Times: user=0.13 sys=0.00, real=0.03 secs] 
119.227: [GC (Allocation Failure) 119.227: [ParNew (promotion failed): 2751K->3022K(3072K), 0.0165858 secs]119.244: [CMS: 6330K->6328K(6848K), 0.0164695 secs] 9080K->9080K(9920K), [Metaspace: 3748K->3748K(1056768K)], 0.0331143 secs] [Times: user=0.14 sys=0.00, real=0.04 secs] 
119.261: [GC (CMS Initial Mark) [1 CMS-initial-mark: 6328K(6848K)] 9080K(9920K), 0.0030701 secs] [Times: user=0.00 sys=0.00, real=0.00 secs] 
119.264: [CMS-concurrent-mark-start]
119.264: [GC (Allocation Failure) 119.264: [ParNew (promotion failed): 2751K->2997K(3072K), 0.0149819 secs]119.279: [CMS119.283: [CMS-concurrent-mark: 0.004/0.019 secs] [Times: user=0.12 sys=0.01, real=0.02 secs] 
 (concurrent mode failure): 6330K->6328K(6848K), 0.0195757 secs] 9080K->9080K(9920K), [Metaspace: 3748K->3748K(1056768K)], 0.0346178 secs] [Times: user=0.13 sys=0.00, real=0.04 secs] 
119.300: [GC (Allocation Failure) 119.300: [ParNew (promotion failed): 2751K->3022K(3072K), 0.0178961 secs]119.318: [CMS: 6330K->6328K(6848K), 0.0166179 secs] 9080K->9080K(9920K), [Metaspace: 3748K->3748K(1056768K)], 0.0345719 secs] [Times: user=0.15 sys=0.00, real=0.03 secs] 
119.334: [GC (CMS Initial Mark) [1 CMS-initial-mark: 6328K(6848K)] 9080K(9920K), 0.0030534 secs] [Times: user=0.01 sys=0.00, real=0.00 secs] 
119.338: [CMS-concurrent-mark-start]
119.338: [GC (Allocation Failure) 119.338: [ParNew (promotion failed): 2751K->3022K(3072K), 0.0189307 secs]119.357: [CMS119.360: [CMS-concurrent-mark: 0.003/0.022 secs] [Times: user=0.14 sys=0.00, real=0.03 secs] 
 (concurrent mode failure): 6330K->6328K(6848K), 0.0199473 secs] 9080K->9080K(9920K), [Metaspace: 3748K->3748K(1056768K)], 0.0389371 secs] [Times: user=0.16 sys=0.00, real=0.04 secs] 
119.377: [GC (Allocation Failure) 119.377: [ParNew (promotion failed): 2751K->3046K(3072K), 0.0222599 secs]119.399: [CMS: 6330K->6328K(6848K), 0.0164186 secs] 9080K->9080K(9920K), [Metaspace: 3748K->3748K(1056768K)], 0.0387356 secs] [Times: user=0.18 sys=0.00, real=0.04 secs] 
119.416: [GC (CMS Initial Mark) [1 CMS-initial-mark: 6328K(6848K)] 9080K(9920K), 0.0030915 secs] [Times: user=0.00 sys=0.00, real=0.00 secs] 
119.419: [CMS-concurrent-mark-start]
119.419: [GC (Allocation Failure) 119.419: [ParNew (promotion failed): 2751K->3022K(3072K), 0.0235915 secs]119.443: [CMS119.446: [CMS-concurrent-mark: 0.003/0.027 secs] [Times: user=0.19 sys=0.00, real=0.03 secs] 
 (concurrent mode failure): 6330K->6328K(6848K), 0.0198339 secs] 9080K->9080K(9920K), [Metaspace: 3748K->3748K(1056768K)], 0.0434852 secs] [Times: user=0.20 sys=0.00, real=0.04 secs] 
119.463: [GC (Allocation Failure) 119.463: [ParNew (promotion failed): 2751K->3022K(3072K), 0.0139094 secs]119.477: [CMS: 6330K->6328K(6848K), 0.0165062 secs] 9080K->9080K(9920K), [Metaspace: 3748K->3748K(1056768K)], 0.0304687 secs] [Times: user=0.12 sys=0.00, real=0.03 secs] 
119.494: [GC (CMS Initial Mark) [1 CMS-initial-mark: 6328K(6848K)] 9080K(9920K), 0.0030744 secs] [Times: user=0.00 sys=0.00, real=0.00 secs] 
119.497: [CMS-concurrent-mark-start]
119.497: [GC (Allocation Failure) 119.497: [ParNew (promotion failed): 2751K->3022K(3072K), 0.0180637 secs]119.516: [CMS119.519: [CMS-concurrent-mark: 0.004/0.022 secs] [Times: user=0.12 sys=0.00, real=0.03 secs] 
 (concurrent mode failure): 6330K->6328K(6848K), 0.0201403 secs] 9080K->9080K(9920K), [Metaspace: 3748K->3748K(1056768K)], 0.0382684 secs] [Times: user=0.14 sys=0.00, real=0.04 secs] 
119.536: [GC (Allocation Failure) 119.536: [ParNew (promotion failed): 2751K->3022K(3072K), 0.0238002 secs]119.560: [CMS: 6330K->6328K(6848K), 0.0166232 secs] 9080K->9080K(9920K), [Metaspace: 3748K->3748K(1056768K)], 0.0404843 secs] [Times: user=0.20 sys=0.00, real=0.04 secs] 
119.577: [GC (CMS Initial Mark) [1 CMS-initial-mark: 6328K(6848K)] 9080K(9920K), 0.0030403 secs] [Times: user=0.00 sys=0.00, real=0.01 secs] 
119.580: [CMS-concurrent-mark-start]
119.581: [GC (Allocation Failure) 119.581: [ParNew (promotion failed): 2751K->3022K(3072K), 0.0175370 secs]119.598: [CMS119.601: [CMS-concurrent-mark: 0.004/0.021 secs] [Times: user=0.13 sys=0.01, real=0.02 secs] 
 (concurrent mode failure): 6330K->6328K(6848K), 0.0197084 secs] 9080K->9080K(9920K), [Metaspace: 3748K->3748K(1056768K)], 0.0373069 secs] [Times: user=0.15 sys=0.01, real=0.03 secs] 
119.618: [GC (Allocation Failure) 119.618: [ParNew (promotion failed): 2751K->2997K(3072K), 0.0143416 secs]119.633: [CMS: 6330K->6328K(6848K), 0.0164312 secs] 9080K->9080K(9920K), [Metaspace: 3748K->3748K(1056768K)], 0.0308352 secs] [Times: user=0.12 sys=0.00, real=0.04 secs] 
119.649: [GC (CMS Initial Mark) [1 CMS-initial-mark: 6328K(6848K)] 9080K(9920K), 0.0030868 secs] [Times: user=0.01 sys=0.00, real=0.00 secs] 
119.652: [CMS-concurrent-mark-start]
119.653: [GC (Allocation Failure) 119.653: [ParNew (promotion failed): 2751K->3022K(3072K), 0.0154628 secs]119.668: [CMS119.671: [CMS-concurrent-mark: 0.003/0.019 secs] [Times: user=0.12 sys=0.00, real=0.02 secs] 
 (concurrent mode failure): 6330K->6328K(6848K), 0.0199181 secs] 9080K->9080K(9920K), [Metaspace: 3748K->3748K(1056768K)], 0.0354389 secs] [Times: user=0.13 sys=0.00, real=0.03 secs] 
119.688: [GC (Allocation Failure) 119.688: [ParNew (promotion failed): 2751K->2972K(3072K), 0.0219264 secs]119.710: [CMS: 6330K->6328K(6848K), 0.0165016 secs] 9080K->9080K(9920K), [Metaspace: 3748K->3748K(1056768K)], 0.0384830 secs] [Times: user=0.18 sys=0.00, real=0.04 secs] 
119.727: [GC (CMS Initial Mark) [1 CMS-initial-mark: 6328K(6848K)] 9080K(9920K), 0.0030362 secs] [Times: user=0.00 sys=0.00, real=0.01 secs] 
119.730: [CMS-concurrent-mark-start]
119.730: [GC (Allocation Failure) 119.730: [ParNew (promotion failed): 2751K->2997K(3072K), 0.0201915 secs]119.751: [CMS119.754: [CMS-concurrent-mark: 0.003/0.024 secs] [Times: user=0.15 sys=0.00, real=0.02 secs] 
 (concurrent mode failure): 6330K->6328K(6848K), 0.0201092 secs] 9080K->9080K(9920K), [Metaspace: 3748K->3748K(1056768K)], 0.0403638 secs] [Times: user=0.16 sys=0.00, real=0.04 secs] 
119.772: [GC (Allocation Failure) 119.772: [ParNew (promotion failed): 2751K->3022K(3072K), 0.0140959 secs]119.786: [CMS: 6330K->6328K(6848K), 0.0166056 secs] 9080K->9080K(9920K), [Metaspace: 3748K->3748K(1056768K)], 0.0307618 secs] [Times: user=0.12 sys=0.00, real=0.03 secs] 
119.803: [GC (CMS Initial Mark) [1 CMS-initial-mark: 6328K(6848K)] 9080K(9920K), 0.0030392 secs] [Times: user=0.00 sys=0.00, real=0.00 secs] 
119.806: [CMS-concurrent-mark-start]
119.806: [GC (Allocation Failure) 119.806: [ParNew (promotion failed): 2751K->2997K(3072K), 0.0242853 secs]119.831: [CMS119.834: [CMS-concurrent-mark: 0.004/0.028 secs] [Times: user=0.19 sys=0.00, real=0.03 secs] 
 (concurrent mode failure): 6330K->6328K(6848K), 0.0194417 secs] 9080K->9080K(9920K), [Metaspace: 3748K->3748K(1056768K)], 0.0437825 secs] [Times: user=0.20 sys=0.00, real=0.05 secs] 
119.851: [GC (Allocation Failure) 119.851: [ParNew (promotion failed): 2751K->3071K(3072K), 0.0170621 secs]119.868: [CMS: 6330K->6328K(6848K), 0.0165871 secs] 9080K->9080K(9920K), [Metaspace: 3748K->3748K(1056768K)], 0.0337103 secs] [Times: user=0.14 sys=0.00, real=0.03 secs] 
119.885: [GC (CMS Initial Mark) [1 CMS-initial-mark: 6328K(6848K)] 9080K(9920K), 0.0030591 secs] [Times: user=0.01 sys=0.00, real=0.00 secs] 
119.888: [CMS-concurrent-mark-start]
119.888: [GC (Allocation Failure) 119.888: [ParNew (promotion failed): 2751K->2997K(3072K), 0.0152857 secs]119.903: [CMS119.907: [CMS-concurrent-mark: 0.003/0.019 secs] [Times: user=0.11 sys=0.00, real=0.02 secs] 
 (concurrent mode failure): 6330K->6328K(6848K), 0.0198900 secs] 9080K->9080K(9920K), [Metaspace: 3748K->3748K(1056768K)], 0.0352307 secs] [Times: user=0.13 sys=0.00, real=0.04 secs] 
119.923: [GC (Allocation Failure) 119.923: [ParNew (promotion failed): 2751K->3071K(3072K), 0.0253073 secs]119.949: [CMS: 6330K->6328K(6848K), 0.0163271 secs] 9080K->9080K(9920K), [Metaspace: 3748K->3748K(1056768K)], 0.0416866 secs] [Times: user=0.21 sys=0.01, real=0.04 secs] 
119.965: [GC (CMS Initial Mark) [1 CMS-initial-mark: 6328K(6848K)] 9080K(9920K), 0.0030714 secs] [Times: user=0.00 sys=0.00, real=0.00 secs] 
119.968: [CMS-concurrent-mark-start]
119.969: [GC (Allocation Failure) 119.969: [ParNew (promotion failed): 2751K->3022K(3072K), 0.0242784 secs]119.993: [CMS119.996: [CMS-concurrent-mark: 0.004/0.028 secs] [Times: user=0.19 sys=0.00, real=0.03 secs] 
 (concurrent mode failure): 6330K->6328K(6848K), 0.0198599 secs] 9080K->9080K(9920K), [Metaspace: 3748K->3748K(1056768K)], 0.0441970 secs] [Times: user=0.20 sys=0.00, real=0.05 secs] 
120.013: [GC (Allocation Failure) 120.013: [ParNew (promotion failed): 2751K->2997K(3072K), 0.0208555 secs]120.034: [CMS: 6330K->6328K(6848K), 0.0165148 secs] 9080K->9080K(9920K), [Metaspace: 3748K->3748K(1056768K)], 0.0374288 secs] [Times: user=0.17 sys=0.00, real=0.04 secs] 
120.051: [GC (CMS Initial Mark) [1 CMS-initial-mark: 6328K(6848K)] 9080K(9920K), 0.0030610 secs] [Times: user=0.00 sys=0.00, real=0.00 secs] 
120.054: [CMS-concurrent-mark-start]
120.055: [GC (Allocation Failure) 120.055: [ParNew (promotion failed): 2751K->2997K(3072K), 0.0214938 secs]120.076: [CMS120.080: [CMS-concurrent-mark: 0.004/0.025 secs] [Times: user=0.16 sys=0.00, real=0.03 secs] 
 (concurrent mode failure): 6330K->6328K(6848K), 0.0203751 secs] 9080K->9080K(9920K), [Metaspace: 3748K->3748K(1056768K)], 0.0419348 secs] [Times: user=0.17 sys=0.00, real=0.04 secs] 
120.097: [GC (Allocation Failure) 120.097: [ParNew (promotion failed): 2751K->2997K(3072K), 0.0181313 secs]120.116: [CMS: 6330K->6328K(6848K), 0.0168809 secs] 9080K->9080K(9920K), [Metaspace: 3748K->3748K(1056768K)], 0.0351897 secs] [Times: user=0.14 sys=0.00, real=0.04 secs] 
120.133: [GC (CMS Initial Mark) [1 CMS-initial-mark: 6328K(6848K)] 9080K(9920K), 0.0030609 secs] [Times: user=0.00 sys=0.00, real=0.00 secs] 
120.136: [CMS-concurrent-mark-start]
120.136: [GC (Allocation Failure) 120.136: [ParNew (promotion failed): 2751K->3022K(3072K), 0.0173739 secs]120.154: [CMS120.157: [CMS-concurrent-mark: 0.004/0.021 secs] [Times: user=0.13 sys=0.00, real=0.02 secs] 
 (concurrent mode failure): 6330K->6328K(6848K), 0.0202568 secs] 9080K->9080K(9920K), [Metaspace: 3748K->3748K(1056768K)], 0.0377069 secs] [Times: user=0.15 sys=0.00, real=0.04 secs] 
120.174: [GC (Allocation Failure) 120.174: [ParNew (promotion failed): 2751K->2997K(3072K), 0.0210556 secs]120.195: [CMS: 6330K->6328K(6848K), 0.0170292 secs] 9080K->9080K(9920K), [Metaspace: 3748K->3748K(1056768K)], 0.0381626 secs] [Times: user=0.16 sys=0.01, real=0.04 secs] 
120.213: [GC (CMS Initial Mark) [1 CMS-initial-mark: 6328K(6848K)] 9080K(9920K), 0.0031989 secs] [Times: user=0.00 sys=0.00, real=0.00 secs] 
120.216: [CMS-concurrent-mark-start]
120.216: [GC (Allocation Failure) 120.216: [ParNew (promotion failed): 2751K->2997K(3072K), 0.0165362 secs]120.233: [CMS120.236: [CMS-concurrent-mark: 0.004/0.020 secs] [Times: user=0.12 sys=0.00, real=0.02 secs] 
 (concurrent mode failure): 6330K->6328K(6848K), 0.0204942 secs] 9080K->9080K(9920K), [Metaspace: 3748K->3748K(1056768K)], 0.0371002 secs] [Times: user=0.14 sys=0.00, real=0.04 secs] 
120.254: [GC (Allocation Failure) 120.254: [ParNew (promotion failed): 2751K->2972K(3072K), 0.0217169 secs]120.275: [CMS: 6330K->6328K(6848K), 0.0167547 secs] 9080K->9080K(9920K), [Metaspace: 3748K->3748K(1056768K)], 0.0385464 secs] [Times: user=0.17 sys=0.00, real=0.04 secs] 
120.292: [GC (CMS Initial Mark) [1 CMS-initial-mark: 6328K(6848K)] 9080K(9920K), 0.0030365 secs] [Times: user=0.00 sys=0.00, real=0.00 secs] 
120.296: [CMS-concurrent-mark-start]
120.296: [GC (Allocation Failure) 120.296: [ParNew (promotion failed): 2751K->2997K(3072K), 0.0173064 secs]120.313: [CMS120.317: [CMS-concurrent-mark: 0.004/0.021 secs] [Times: user=0.12 sys=0.00, real=0.02 secs] 
 (concurrent mode failure): 6330K->6328K(6848K), 0.0206757 secs] 9080K->9080K(9920K), [Metaspace: 3748K->3748K(1056768K)], 0.0380594 secs] [Times: user=0.14 sys=0.00, real=0.04 secs] 
120.335: [GC (Allocation Failure) 120.335: [ParNew (promotion failed): 2751K->3022K(3072K), 0.0168758 secs]120.351: [CMS: 6330K->6328K(6848K), 0.0167125 secs] 9080K->9080K(9920K), [Metaspace: 3748K->3748K(1056768K)], 0.0336696 secs] [Times: user=0.13 sys=0.00, real=0.03 secs] 
120.369: [GC (CMS Initial Mark) [1 CMS-initial-mark: 6328K(6848K)] 9080K(9920K), 0.0030589 secs] [Times: user=0.00 sys=0.00, real=0.01 secs] 
120.372: [CMS-concurrent-mark-start]
120.372: [GC (Allocation Failure) 120.372: [ParNew (promotion failed): 2751K->3022K(3072K), 0.0207418 secs]120.393: [CMS120.396: [CMS-concurrent-mark: 0.004/0.024 secs] [Times: user=0.16 sys=0.00, real=0.02 secs] 
 (concurrent mode failure): 6330K->6328K(6848K), 0.0195639 secs] 9080K->9080K(9920K), [Metaspace: 3748K->3748K(1056768K)], 0.0403670 secs] [Times: user=0.16 sys=0.00, real=0.04 secs] 
120.413: [GC (Allocation Failure) 120.413: [ParNew (promotion failed): 2751K->2997K(3072K), 0.0142034 secs]120.427: [CMS: 6330K->6328K(6848K), 0.0165447 secs] 9080K->9080K(9920K), [Metaspace: 3748K->3748K(1056768K)], 0.0308233 secs] [Times: user=0.12 sys=0.01, real=0.03 secs] 
120.444: [GC (CMS Initial Mark) [1 CMS-initial-mark: 6328K(6848K)] 9080K(9920K), 0.0030499 secs] [Times: user=0.01 sys=0.00, real=0.00 secs] 
120.447: [CMS-concurrent-mark-start]
120.447: [GC (Allocation Failure) 120.447: [ParNew (promotion failed): 2751K->2997K(3072K), 0.0158236 secs]120.463: [CMS120.467: [CMS-concurrent-mark: 0.003/0.019 secs] [Times: user=0.12 sys=0.00, real=0.02 secs] 
 (concurrent mode failure): 6330K->6328K(6848K), 0.0199979 secs] 9080K->9080K(9920K), [Metaspace: 3748K->3748K(1056768K)], 0.0358776 secs] [Times: user=0.13 sys=0.00, real=0.04 secs] 
120.484: [GC (Allocation Failure) 120.484: [ParNew (promotion failed): 2751K->3022K(3072K), 0.0146217 secs]120.498: [CMS: 6330K->6328K(6848K), 0.0167554 secs] 9080K->9080K(9920K), [Metaspace: 3748K->3748K(1056768K)], 0.0314369 secs] [Times: user=0.12 sys=0.00, real=0.03 secs] 
120.515: [GC (CMS Initial Mark) [1 CMS-initial-mark: 6328K(6848K)] 9080K(9920K), 0.0031207 secs] [Times: user=0.00 sys=0.00, real=0.00 secs] 
120.519: [CMS-concurrent-mark-start]
120.519: [GC (Allocation Failure) 120.519: [ParNew (promotion failed): 2751K->3022K(3072K), 0.0142669 secs]120.533: [CMS120.537: [CMS-concurrent-mark: 0.004/0.018 secs] [Times: user=0.09 sys=0.00, real=0.02 secs] 
 (concurrent mode failure): 6330K->6328K(6848K), 0.0220296 secs] 9080K->9080K(9920K), [Metaspace: 3748K->3748K(1056768K)], 0.0363821 secs] [Times: user=0.11 sys=0.00, real=0.04 secs] 
120.556: [GC (Allocation Failure) 120.556: [ParNew (promotion failed): 2751K->2972K(3072K), 0.0169375 secs]120.573: [CMS: 6330K->6328K(6848K), 0.0177714 secs] 9080K->9080K(9920K), [Metaspace: 3748K->3748K(1056768K)], 0.0347914 secs] [Times: user=0.13 sys=0.00, real=0.04 secs] 
120.591: [GC (CMS Initial Mark) [1 CMS-initial-mark: 6328K(6848K)] 9080K(9920K), 0.0031171 secs] [Times: user=0.00 sys=0.00, real=0.00 secs] 
120.594: [CMS-concurrent-mark-start]
120.594: [GC (Allocation Failure) 120.594: [ParNew (promotion failed): 2751K->2997K(3072K), 0.0189488 secs]120.613: [CMS120.617: [CMS-concurrent-mark: 0.004/0.023 secs] [Times: user=0.14 sys=0.00, real=0.02 secs] 
 (concurrent mode failure): 6330K->6328K(6848K), 0.0203765 secs] 9080K->9080K(9920K), [Metaspace: 3748K->3748K(1056768K)], 0.0393922 secs] [Times: user=0.15 sys=0.00, real=0.04 secs] 
120.635: [GC (Allocation Failure) 120.635: [ParNew (promotion failed): 2751K->2997K(3072K), 0.0157087 secs]120.650: [CMS: 6330K->6328K(6848K), 0.0173237 secs] 9080K->9080K(9920K), [Metaspace: 3748K->3748K(1056768K)], 0.0331101 secs] [Times: user=0.13 sys=0.00, real=0.03 secs] 
120.668: [GC (CMS Initial Mark) [1 CMS-initial-mark: 6328K(6848K)] 9080K(9920K), 0.0033141 secs] [Times: user=0.00 sys=0.00, real=0.01 secs] 
120.671: [CMS-concurrent-mark-start]
120.672: [GC (Allocation Failure) 120.672: [ParNew (promotion failed): 2751K->2997K(3072K), 0.0222278 secs]120.694: [CMS120.697: [CMS-concurrent-mark: 0.004/0.026 secs] [Times: user=0.16 sys=0.01, real=0.02 secs] 
 (concurrent mode failure): 6330K->6328K(6848K), 0.0201920 secs] 9080K->9080K(9920K), [Metaspace: 3748K->3748K(1056768K)], 0.0424975 secs] [Times: user=0.18 sys=0.01, real=0.04 secs] 
120.715: [GC (Allocation Failure) 120.715: [ParNew (promotion failed): 2751K->2997K(3072K), 0.0168181 secs]120.732: [CMS: 6330K->6328K(6848K), 0.0166297 secs] 9080K->9080K(9920K), [Metaspace: 3748K->3748K(1056768K)], 0.0335157 secs] [Times: user=0.13 sys=0.00, real=0.03 secs] 
120.748: [GC (CMS Initial Mark) [1 CMS-initial-mark: 6328K(6848K)] 9080K(9920K), 0.0031090 secs] [Times: user=0.00 sys=0.00, real=0.01 secs] 
120.752: [CMS-concurrent-mark-start]
120.752: [GC (Allocation Failure) 120.752: [ParNew (promotion failed): 2751K->2997K(3072K), 0.0159619 secs]120.768: [CMS120.771: [CMS-concurrent-mark: 0.003/0.019 secs] [Times: user=0.12 sys=0.00, real=0.02 secs] 
 (concurrent mode failure): 6330K->6328K(6848K), 0.0199662 secs] 9080K->9080K(9920K), [Metaspace: 3748K->3748K(1056768K)], 0.0359922 secs] [Times: user=0.14 sys=0.00, real=0.03 secs] 
120.788: [GC (Allocation Failure) 120.788: [ParNew (promotion failed): 2751K->2997K(3072K), 0.0186725 secs]120.807: [CMS: 6330K->6328K(6848K), 0.0168550 secs] 9080K->9080K(9920K), [Metaspace: 3748K->3748K(1056768K)], 0.0356047 secs] [Times: user=0.15 sys=0.00, real=0.04 secs] 
120.824: [GC (CMS Initial Mark) [1 CMS-initial-mark: 6328K(6848K)] 9080K(9920K), 0.0030966 secs] [Times: user=0.00 sys=0.00, real=0.00 secs] 
120.827: [CMS-concurrent-mark-start]
120.827: [GC (Allocation Failure) 120.827: [ParNew (promotion failed): 2751K->3022K(3072K), 0.0157962 secs]120.843: [CMS120.847: [CMS-concurrent-mark: 0.004/0.019 secs] [Times: user=0.11 sys=0.00, real=0.02 secs] 
 (concurrent mode failure): 6330K->6328K(6848K), 0.0203751 secs] 9080K->9080K(9920K), [Metaspace: 3748K->3748K(1056768K)], 0.0362471 secs] [Times: user=0.13 sys=0.00, real=0.04 secs] 
120.864: [GC (Allocation Failure) 120.864: [ParNew (promotion failed): 2751K->3022K(3072K), 0.0216731 secs]120.886: [CMS: 6330K->6328K(6848K), 0.0167812 secs] 9080K->9080K(9920K), [Metaspace: 3748K->3748K(1056768K)], 0.0385334 secs] [Times: user=0.17 sys=0.00, real=0.04 secs] 
120.903: [GC (CMS Initial Mark) [1 CMS-initial-mark: 6328K(6848K)] 9080K(9920K), 0.0031142 secs] [Times: user=0.00 sys=0.00, real=0.00 secs] 
120.906: [CMS-concurrent-mark-start]
120.907: [GC (Allocation Failure) 120.907: [ParNew (promotion failed): 2751K->2997K(3072K), 0.0166348 secs]120.924: [CMS120.927: [CMS-concurrent-mark: 0.004/0.020 secs] [Times: user=0.12 sys=0.00, real=0.02 secs] 
 (concurrent mode failure): 6330K->6328K(6848K), 0.0198449 secs] 9080K->9080K(9920K), [Metaspace: 3748K->3748K(1056768K)], 0.0365492 secs] [Times: user=0.14 sys=0.00, real=0.04 secs] 
120.944: [GC (Allocation Failure) 120.944: [ParNew (promotion failed): 2751K->2997K(3072K), 0.0163716 secs]120.961: [CMS: 6330K->6328K(6848K), 0.0168283 secs] 9080K->9080K(9920K), [Metaspace: 3748K->3748K(1056768K)], 0.0332732 secs] [Times: user=0.13 sys=0.00, real=0.03 secs] 
120.978: [GC (CMS Initial Mark) [1 CMS-initial-mark: 6328K(6848K)] 9080K(9920K), 0.0031287 secs] [Times: user=0.00 sys=0.00, real=0.01 secs] 
120.981: [CMS-concurrent-mark-start]
120.981: [GC (Allocation Failure) 120.981: [ParNew (promotion failed): 2751K->3022K(3072K), 0.0207740 secs]121.002: [CMS121.005: [CMS-concurrent-mark: 0.004/0.025 secs] [Times: user=0.15 sys=0.00, real=0.02 secs] 
 (concurrent mode failure): 6330K->6328K(6848K), 0.0208874 secs] 9080K->9080K(9920K), [Metaspace: 3748K->3748K(1056768K)], 0.0417392 secs] [Times: user=0.16 sys=0.00, real=0.04 secs] 
121.023: [GC (Allocation Failure) 121.023: [ParNew (promotion failed): 2751K->3022K(3072K), 0.0145961 secs]121.038: [CMS: 6330K->6328K(6848K), 0.0166932 secs] 9080K->9080K(9920K), [Metaspace: 3748K->3748K(1056768K)], 0.0313594 secs] [Times: user=0.12 sys=0.00, real=0.03 secs] 
121.055: [GC (CMS Initial Mark) [1 CMS-initial-mark: 6328K(6848K)] 9080K(9920K), 0.0030439 secs] [Times: user=0.00 sys=0.00, real=0.00 secs] 
121.058: [CMS-concurrent-mark-start]
121.058: [GC (Allocation Failure) 121.058: [ParNew (promotion failed): 2751K->3022K(3072K), 0.0149130 secs]121.073: [CMS121.076: [CMS-concurrent-mark: 0.004/0.019 secs] [Times: user=0.12 sys=0.00, real=0.02 secs] 
 (concurrent mode failure): 6330K->6328K(6848K), 0.0200148 secs] 9080K->9080K(9920K), [Metaspace: 3748K->3748K(1056768K)], 0.0349913 secs] [Times: user=0.13 sys=0.00, real=0.04 secs] 
121.093: [GC (Allocation Failure) 121.093: [ParNew (promotion failed): 2751K->2997K(3072K), 0.0154715 secs]121.109: [CMS: 6330K->6328K(6848K), 0.0170975 secs] 9080K->9080K(9920K), [Metaspace: 3748K->3748K(1056768K)], 0.0326470 secs] [Times: user=0.13 sys=0.00, real=0.03 secs] 
121.127: [GC (CMS Initial Mark) [1 CMS-initial-mark: 6328K(6848K)] 9080K(9920K), 0.0031227 secs] [Times: user=0.00 sys=0.00, real=0.01 secs] 
121.130: [CMS-concurrent-mark-start]
121.130: [GC (Allocation Failure) 121.130: [ParNew (promotion failed): 2751K->3022K(3072K), 0.0152233 secs]121.145: [CMS121.149: [CMS-concurrent-mark: 0.004/0.019 secs] [Times: user=0.11 sys=0.00, real=0.01 secs] 
 (concurrent mode failure): 6330K->6328K(6848K), 0.0202894 secs] 9080K->9080K(9920K), [Metaspace: 3748K->3748K(1056768K)], 0.0355865 secs] [Times: user=0.13 sys=0.00, real=0.03 secs] 
121.167: [GC (Allocation Failure) 121.167: [ParNew (promotion failed): 2751K->3022K(3072K), 0.0233150 secs]121.190: [CMS: 6330K->6328K(6848K), 0.0166469 secs] 9080K->9080K(9920K), [Metaspace: 3748K->3748K(1056768K)], 0.0400346 secs] [Times: user=0.18 sys=0.00, real=0.04 secs] 
121.207: [GC (CMS Initial Mark) [1 CMS-initial-mark: 6328K(6848K)] 9080K(9920K), 0.0030554 secs] [Times: user=0.01 sys=0.00, real=0.01 secs] 
121.210: [CMS-concurrent-mark-start]
121.211: [GC (Allocation Failure) 121.211: [ParNew (promotion failed): 2751K->2997K(3072K), 0.0175789 secs]121.228: [CMS121.231: [CMS-concurrent-mark: 0.004/0.021 secs] [Times: user=0.13 sys=0.00, real=0.02 secs] 
 (concurrent mode failure): 6330K->6328K(6848K), 0.0197698 secs] 9080K->9080K(9920K), [Metaspace: 3748K->3748K(1056768K)], 0.0374135 secs] [Times: user=0.15 sys=0.00, real=0.03 secs] 
121.248: [GC (Allocation Failure) 121.248: [ParNew (promotion failed): 2751K->2997K(3072K), 0.0140030 secs]121.262: [CMS: 6330K->6328K(6848K), 0.0165432 secs] 9080K->9080K(9920K), [Metaspace: 3748K->3748K(1056768K)], 0.0306011 secs] [Times: user=0.12 sys=0.00, real=0.03 secs] 
121.279: [GC (CMS Initial Mark) [1 CMS-initial-mark: 6328K(6848K)] 9080K(9920K), 0.0030225 secs] [Times: user=0.00 sys=0.00, real=0.01 secs] 
121.282: [CMS-concurrent-mark-start]
121.282: [GC (Allocation Failure) 121.282: [ParNew (promotion failed): 2751K->3046K(3072K), 0.0173746 secs]121.299: [CMS121.303: [CMS-concurrent-mark: 0.003/0.021 secs] [Times: user=0.13 sys=0.00, real=0.02 secs] 
 (concurrent mode failure): 6330K->6328K(6848K), 0.0198863 secs] 9080K->9080K(9920K), [Metaspace: 3748K->3748K(1056768K)], 0.0373226 secs] [Times: user=0.15 sys=0.00, real=0.04 secs] 
121.320: [GC (Allocation Failure) 121.320: [ParNew (promotion failed): 2751K->3022K(3072K), 0.0226321 secs]121.343: [CMS: 6330K->6328K(6848K), 0.0166733 secs] 9080K->9080K(9920K), [Metaspace: 3748K->3748K(1056768K)], 0.0393683 secs] [Times: user=0.18 sys=0.00, real=0.04 secs] 
121.360: [GC (CMS Initial Mark) [1 CMS-initial-mark: 6328K(6848K)] 9080K(9920K), 0.0030505 secs] [Times: user=0.00 sys=0.00, real=0.00 secs] 
121.363: [CMS-concurrent-mark-start]
121.363: [GC (Allocation Failure) 121.363: [ParNew (promotion failed): 2751K->3022K(3072K), 0.0197061 secs]121.383: [CMS121.386: [CMS-concurrent-mark: 0.004/0.023 secs] [Times: user=0.13 sys=0.00, real=0.02 secs] 
 (concurrent mode failure): 6330K->6328K(6848K), 0.0203317 secs] 9080K->9080K(9920K), [Metaspace: 3748K->3748K(1056768K)], 0.0401063 secs] [Times: user=0.15 sys=0.00, real=0.04 secs] 
121.404: [GC (Allocation Failure) 121.404: [ParNew (promotion failed): 2751K->3022K(3072K), 0.0143950 secs]121.418: [CMS: 6330K->6328K(6848K), 0.0168185 secs] 9080K->9080K(9920K), [Metaspace: 3748K->3748K(1056768K)], 0.0312879 secs] [Times: user=0.11 sys=0.01, real=0.03 secs] 
121.435: [GC (CMS Initial Mark) [1 CMS-initial-mark: 6328K(6848K)] 9080K(9920K), 0.0030780 secs] [Times: user=0.01 sys=0.00, real=0.00 secs] 
121.438: [CMS-concurrent-mark-start]
121.439: [GC (Allocation Failure) 121.439: [ParNew (promotion failed): 2751K->3022K(3072K), 0.0141911 secs]121.453: [CMS121.456: [CMS-concurrent-mark: 0.004/0.018 secs] [Times: user=0.09 sys=0.00, real=0.02 secs] 
 (concurrent mode failure): 6330K->6328K(6848K), 0.0198214 secs] 9080K->9080K(9920K), [Metaspace: 3748K->3748K(1056768K)], 0.0340785 secs] [Times: user=0.11 sys=0.00, real=0.03 secs] 
121.474: [GC (Allocation Failure) 121.474: [ParNew (promotion failed): 2751K->3022K(3072K), 0.0175465 secs]121.491: [CMS: 6330K->6328K(6848K), 0.0172580 secs] 9080K->9080K(9920K), [Metaspace: 3748K->3748K(1056768K)], 0.0348805 secs] [Times: user=0.14 sys=0.00, real=0.03 secs] 
121.509: [GC (CMS Initial Mark) [1 CMS-initial-mark: 6328K(6848K)] 9080K(9920K), 0.0031444 secs] [Times: user=0.00 sys=0.00, real=0.01 secs] 
121.512: [CMS-concurrent-mark-start]
121.512: [GC (Allocation Failure) 121.512: [ParNew (promotion failed): 2751K->2997K(3072K), 0.0175168 secs]121.530: [CMS121.533: [CMS-concurrent-mark: 0.004/0.021 secs] [Times: user=0.12 sys=0.00, real=0.02 secs] 
 (concurrent mode failure): 6330K->6328K(6848K), 0.0218068 secs] 9080K->9080K(9920K), [Metaspace: 3748K->3748K(1056768K)], 0.0394133 secs] [Times: user=0.14 sys=0.00, real=0.04 secs] 
121.552: [GC (Allocation Failure) 121.552: [ParNew (promotion failed): 2751K->3022K(3072K), 0.0182518 secs]121.570: [CMS: 6330K->6328K(6848K), 0.0170872 secs] 9080K->9080K(9920K), [Metaspace: 3748K->3748K(1056768K)], 0.0354242 secs] [Times: user=0.15 sys=0.00, real=0.03 secs] 
121.588: [GC (CMS Initial Mark) [1 CMS-initial-mark: 6328K(6848K)] 9080K(9920K), 0.0030747 secs] [Times: user=0.00 sys=0.00, real=0.01 secs] 
121.591: [CMS-concurrent-mark-start]
121.591: [GC (Allocation Failure) 121.591: [ParNew (promotion failed): 2751K->2997K(3072K), 0.0169867 secs]121.608: [CMS121.612: [CMS-concurrent-mark: 0.004/0.021 secs] [Times: user=0.13 sys=0.00, real=0.02 secs] 
 (concurrent mode failure): 6330K->6328K(6848K), 0.0201100 secs] 9080K->9080K(9920K), [Metaspace: 3748K->3748K(1056768K)], 0.0371626 secs] [Times: user=0.14 sys=0.00, real=0.03 secs] 
121.629: [GC (Allocation Failure) 121.629: [ParNew (promotion failed): 2751K->3022K(3072K), 0.0139447 secs]121.643: [CMS: 6330K->6328K(6848K), 0.0172460 secs] 9080K->9080K(9920K), [Metaspace: 3748K->3748K(1056768K)], 0.0312768 secs] [Times: user=0.11 sys=0.01, real=0.04 secs] 
121.661: [GC (CMS Initial Mark) [1 CMS-initial-mark: 6328K(6848K)] 9080K(9920K), 0.0030885 secs] [Times: user=0.00 sys=0.00, real=0.00 secs] 
121.664: [CMS-concurrent-mark-start]
121.664: [GC (Allocation Failure) 121.664: [ParNew (promotion failed): 2751K->2997K(3072K), 0.0139992 secs]121.678: [CMS121.681: [CMS-concurrent-mark: 0.003/0.018 secs] [Times: user=0.10 sys=0.00, real=0.02 secs] 
 (concurrent mode failure): 6330K->6328K(6848K), 0.0201100 secs] 9080K->9080K(9920K), [Metaspace: 3748K->3748K(1056768K)], 0.0341774 secs] [Times: user=0.12 sys=0.00, real=0.03 secs] 
121.699: [GC (Allocation Failure) 121.699: [ParNew (promotion failed): 2751K->3046K(3072K), 0.0176197 secs]121.716: [CMS: 6330K->6328K(6848K), 0.0167889 secs] 9080K->9080K(9920K), [Metaspace: 3748K->3748K(1056768K)], 0.0344960 secs] [Times: user=0.13 sys=0.00, real=0.04 secs] 
121.734: [GC (CMS Initial Mark) [1 CMS-initial-mark: 6328K(6848K)] 9080K(9920K), 0.0030642 secs] [Times: user=0.01 sys=0.00, real=0.00 secs] 
121.737: [CMS-concurrent-mark-start]
121.737: [GC (Allocation Failure) 121.737: [ParNew (promotion failed): 2751K->2997K(3072K), 0.0140181 secs]121.751: [CMS121.754: [CMS-concurrent-mark: 0.004/0.018 secs] [Times: user=0.10 sys=0.00, real=0.02 secs] 
 (concurrent mode failure): 6330K->6328K(6848K), 0.0199639 secs] 9080K->9080K(9920K), [Metaspace: 3748K->3748K(1056768K)], 0.0340544 secs] [Times: user=0.12 sys=0.00, real=0.04 secs] 
121.772: [GC (Allocation Failure) 121.772: [ParNew (promotion failed): 2751K->3022K(3072K), 0.0221631 secs]121.794: [CMS: 6330K->6328K(6848K), 0.0166948 secs] 9080K->9080K(9920K), [Metaspace: 3748K->3748K(1056768K)], 0.0389240 secs] [Times: user=0.18 sys=0.00, real=0.04 secs] 
121.811: [GC (CMS Initial Mark) [1 CMS-initial-mark: 6328K(6848K)] 9080K(9920K), 0.0030890 secs] [Times: user=0.00 sys=0.00, real=0.00 secs] 
121.814: [CMS-concurrent-mark-start]
121.814: [GC (Allocation Failure) 121.814: [ParNew (promotion failed): 2751K->2997K(3072K), 0.0255149 secs]121.839: [CMS121.843: [CMS-concurrent-mark: 0.003/0.029 secs] [Times: user=0.19 sys=0.00, real=0.03 secs] 
 (concurrent mode failure): 6330K->6328K(6848K), 0.0200844 secs] 9080K->9080K(9920K), [Metaspace: 3748K->3748K(1056768K)], 0.0456746 secs] [Times: user=0.21 sys=0.00, real=0.05 secs] 
121.860: [GC (Allocation Failure) 121.860: [ParNew (promotion failed): 2751K->3071K(3072K), 0.0150167 secs]121.875: [CMS: 6330K->6328K(6848K), 0.0166229 secs] 9080K->9080K(9920K), [Metaspace: 3748K->3748K(1056768K)], 0.0317038 secs] [Times: user=0.13 sys=0.01, real=0.03 secs] 
121.892: [GC (CMS Initial Mark) [1 CMS-initial-mark: 6328K(6848K)] 9080K(9920K), 0.0030336 secs] [Times: user=0.00 sys=0.00, real=0.00 secs] 
121.895: [CMS-concurrent-mark-start]
121.895: [GC (Allocation Failure) 121.895: [ParNew (promotion failed): 2751K->3022K(3072K), 0.0202959 secs]121.916: [CMS121.919: [CMS-concurrent-mark: 0.004/0.024 secs] [Times: user=0.15 sys=0.00, real=0.03 secs] 
 (concurrent mode failure): 6330K->6328K(6848K), 0.0201043 secs] 9080K->9080K(9920K), [Metaspace: 3748K->3748K(1056768K)], 0.0404768 secs] [Times: user=0.17 sys=0.00, real=0.04 secs] 
121.937: [GC (Allocation Failure) 121.937: [ParNew (promotion failed): 2751K->2997K(3072K), 0.0225702 secs]121.959: [CMS: 6330K->6328K(6848K), 0.0164571 secs] 9080K->9080K(9920K), [Metaspace: 3748K->3748K(1056768K)], 0.0390927 secs] [Times: user=0.18 sys=0.00, real=0.04 secs] 
121.976: [GC (CMS Initial Mark) [1 CMS-initial-mark: 6328K(6848K)] 9080K(9920K), 0.0030890 secs] [Times: user=0.01 sys=0.00, real=0.01 secs] 
121.979: [CMS-concurrent-mark-start]
121.980: [GC (Allocation Failure) 121.980: [ParNew (promotion failed): 2751K->3022K(3072K), 0.0183283 secs]121.998: [CMS122.001: [CMS-concurrent-mark: 0.004/0.022 secs] [Times: user=0.14 sys=0.00, real=0.02 secs] 
 (concurrent mode failure): 6330K->6328K(6848K), 0.0195574 secs] 9080K->9080K(9920K), [Metaspace: 3748K->3748K(1056768K)], 0.0379496 secs] [Times: user=0.16 sys=0.00, real=0.03 secs] 
122.018: [GC (Allocation Failure) 122.018: [ParNew (promotion failed): 2751K->3022K(3072K), 0.0150639 secs]122.033: [CMS: 6330K->6328K(6848K), 0.0165360 secs] 9080K->9080K(9920K), [Metaspace: 3748K->3748K(1056768K)], 0.0316646 secs] [Times: user=0.13 sys=0.00, real=0.04 secs] 
122.050: [GC (CMS Initial Mark) [1 CMS-initial-mark: 6328K(6848K)] 9080K(9920K), 0.0030609 secs] [Times: user=0.00 sys=0.00, real=0.00 secs] 
122.053: [CMS-concurrent-mark-start]
122.053: [GC (Allocation Failure) 122.053: [ParNew (promotion failed): 2751K->3022K(3072K), 0.0200447 secs]122.073: [CMS122.077: [CMS-concurrent-mark: 0.003/0.024 secs] [Times: user=0.15 sys=0.00, real=0.02 secs] 
 (concurrent mode failure): 6330K->6328K(6848K), 0.0199393 secs] 9080K->9080K(9920K), [Metaspace: 3748K->3748K(1056768K)], 0.0400547 secs] [Times: user=0.17 sys=0.00, real=0.04 secs] 
122.094: [GC (Allocation Failure) 122.094: [ParNew (promotion failed): 2751K->2997K(3072K), 0.0183967 secs]122.112: [CMS: 6330K->6328K(6848K), 0.0164457 secs] 9080K->9080K(9920K), [Metaspace: 3748K->3748K(1056768K)], 0.0349026 secs] [Times: user=0.15 sys=0.00, real=0.03 secs] 
122.129: [GC (CMS Initial Mark) [1 CMS-initial-mark: 6328K(6848K)] 9080K(9920K), 0.0031012 secs] [Times: user=0.01 sys=0.00, real=0.01 secs] 
122.132: [CMS-concurrent-mark-start]
122.132: [GC (Allocation Failure) 122.132: [ParNew (promotion failed): 2751K->3022K(3072K), 0.0209685 secs]122.153: [CMS122.157: [CMS-concurrent-mark: 0.004/0.025 secs] [Times: user=0.16 sys=0.00, real=0.02 secs] 
 (concurrent mode failure): 6330K->6328K(6848K), 0.0199247 secs] 9080K->9080K(9920K), [Metaspace: 3748K->3748K(1056768K)], 0.0409548 secs] [Times: user=0.18 sys=0.00, real=0.04 secs] 
122.174: [GC (Allocation Failure) 122.174: [ParNew (promotion failed): 2751K->3071K(3072K), 0.0159695 secs]122.190: [CMS: 6330K->6328K(6848K), 0.0166400 secs] 9080K->9080K(9920K), [Metaspace: 3748K->3748K(1056768K)], 0.0326823 secs] [Times: user=0.13 sys=0.00, real=0.03 secs] 
122.207: [GC (CMS Initial Mark) [1 CMS-initial-mark: 6328K(6848K)] 9080K(9920K), 0.0030405 secs] [Times: user=0.00 sys=0.00, real=0.01 secs] 
122.210: [CMS-concurrent-mark-start]
122.210: [GC (Allocation Failure) 122.210: [ParNew (promotion failed): 2751K->3022K(3072K), 0.0177843 secs]122.228: [CMS122.232: [CMS-concurrent-mark: 0.003/0.021 secs] [Times: user=0.14 sys=0.00, real=0.02 secs] 
 (concurrent mode failure): 6330K->6328K(6848K), 0.0202268 secs] 9080K->9080K(9920K), [Metaspace: 3748K->3748K(1056768K)], 0.0380783 secs] [Times: user=0.16 sys=0.00, real=0.03 secs] 
122.249: [GC (Allocation Failure) 122.249: [ParNew (promotion failed): 2751K->2972K(3072K), 0.0201684 secs]122.269: [CMS: 6330K->6328K(6848K), 0.0167927 secs] 9080K->9080K(9920K), [Metaspace: 3748K->3748K(1056768K)], 0.0370346 secs] [Times: user=0.16 sys=0.00, real=0.03 secs] 
122.287: [GC (CMS Initial Mark) [1 CMS-initial-mark: 6328K(6848K)] 9080K(9920K), 0.0030650 secs] [Times: user=0.00 sys=0.00, real=0.01 secs] 
122.290: [CMS-concurrent-mark-start]
122.290: [GC (Allocation Failure) 122.290: [ParNew (promotion failed): 2751K->2972K(3072K), 0.0197486 secs]122.310: [CMS122.313: [CMS-concurrent-mark: 0.004/0.023 secs] [Times: user=0.15 sys=0.00, real=0.02 secs] 
 (concurrent mode failure): 6330K->6328K(6848K), 0.0200423 secs] 9080K->9080K(9920K), [Metaspace: 3748K->3748K(1056768K)], 0.0398612 secs] [Times: user=0.17 sys=0.00, real=0.04 secs] 
122.330: [GC (Allocation Failure) 122.330: [ParNew (promotion failed): 2751K->3022K(3072K), 0.0221908 secs]122.353: [CMS: 6330K->6328K(6848K), 0.0167665 secs] 9080K->9080K(9920K), [Metaspace: 3748K->3748K(1056768K)], 0.0390236 secs] [Times: user=0.17 sys=0.00, real=0.04 secs] 
122.370: [GC (CMS Initial Mark) [1 CMS-initial-mark: 6328K(6848K)] 9080K(9920K), 0.0030698 secs] [Times: user=0.00 sys=0.00, real=0.00 secs] 
122.373: [CMS-concurrent-mark-start]
122.373: [GC (Allocation Failure) 122.373: [ParNew (promotion failed): 2751K->2997K(3072K), 0.0211126 secs]122.394: [CMS122.397: [CMS-concurrent-mark: 0.004/0.025 secs] [Times: user=0.16 sys=0.00, real=0.02 secs] 
 (concurrent mode failure): 6330K->6328K(6848K), 0.0200939 secs] 9080K->9080K(9920K), [Metaspace: 3748K->3748K(1056768K)], 0.0412782 secs] [Times: user=0.18 sys=0.00, real=0.04 secs] 
122.414: [GC (Allocation Failure) 122.414: [ParNew (promotion failed): 2751K->2997K(3072K), 0.0181837 secs]122.433: [CMS: 6330K->6328K(6848K), 0.0167162 secs] 9080K->9080K(9920K), [Metaspace: 3748K->3748K(1056768K)], 0.0349690 secs] [Times: user=0.15 sys=0.00, real=0.04 secs] 
122.450: [GC (CMS Initial Mark) [1 CMS-initial-mark: 6328K(6848K)] 9080K(9920K), 0.0030991 secs] [Times: user=0.00 sys=0.00, real=0.00 secs] 
122.453: [CMS-concurrent-mark-start]
122.453: [GC (Allocation Failure) 122.453: [ParNew (promotion failed): 2751K->3022K(3072K), 0.0163020 secs]122.469: [CMS122.473: [CMS-concurrent-mark: 0.003/0.020 secs] [Times: user=0.12 sys=0.00, real=0.02 secs] 
 (concurrent mode failure): 6330K->6328K(6848K), 0.0202003 secs] 9080K->9080K(9920K), [Metaspace: 3748K->3748K(1056768K)], 0.0365806 secs] [Times: user=0.14 sys=0.00, real=0.04 secs] 
122.490: [GC (Allocation Failure) 122.490: [ParNew (promotion failed): 2751K->2997K(3072K), 0.0163273 secs]122.507: [CMS: 6330K->6328K(6848K), 0.0174123 secs] 9080K->9080K(9920K), [Metaspace: 3748K->3748K(1056768K)], 0.0338211 secs] [Times: user=0.11 sys=0.01, real=0.03 secs] 
122.525: [GC (CMS Initial Mark) [1 CMS-initial-mark: 6328K(6848K)] 9080K(9920K), 0.0033391 secs] [Times: user=0.00 sys=0.00, real=0.00 secs] 
122.528: [CMS-concurrent-mark-start]
122.529: [GC (Allocation Failure) 122.529: [ParNew (promotion failed): 2751K->3022K(3072K), 0.0205444 secs]122.549: [CMS122.552: [CMS-concurrent-mark: 0.004/0.024 secs] [Times: user=0.14 sys=0.00, real=0.03 secs] 
 (concurrent mode failure): 6330K->6328K(6848K), 0.0204100 secs] 9080K->9080K(9920K), [Metaspace: 3748K->3748K(1056768K)], 0.0410527 secs] [Times: user=0.16 sys=0.00, real=0.05 secs] 
122.571: [GC (Allocation Failure) 122.571: [ParNew (promotion failed): 2751K->2972K(3072K), 0.0194875 secs]122.590: [CMS: 6330K->6328K(6848K), 0.0168082 secs] 9080K->9080K(9920K), [Metaspace: 3748K->3748K(1056768K)], 0.0363775 secs] [Times: user=0.16 sys=0.00, real=0.03 secs] 
122.607: [GC (CMS Initial Mark) [1 CMS-initial-mark: 6328K(6848K)] 9080K(9920K), 0.0030805 secs] [Times: user=0.00 sys=0.00, real=0.01 secs] 
122.610: [CMS-concurrent-mark-start]
122.610: [GC (Allocation Failure) 122.610: [ParNew (promotion failed): 2751K->2997K(3072K), 0.0167223 secs]122.627: [CMS122.631: [CMS-concurrent-mark: 0.003/0.020 secs] [Times: user=0.12 sys=0.00, real=0.02 secs] 
 (concurrent mode failure): 6330K->6328K(6848K), 0.0202115 secs] 9080K->9080K(9920K), [Metaspace: 3748K->3748K(1056768K)], 0.0370119 secs] [Times: user=0.14 sys=0.00, real=0.03 secs] 
122.648: [GC (Allocation Failure) 122.648: [ParNew (promotion failed): 2751K->2997K(3072K), 0.0146009 secs]122.662: [CMS: 6330K->6328K(6848K), 0.0167735 secs] 9080K->9080K(9920K), [Metaspace: 3748K->3748K(1056768K)], 0.0314565 secs] [Times: user=0.12 sys=0.00, real=0.04 secs] 
122.679: [GC (CMS Initial Mark) [1 CMS-initial-mark: 6328K(6848K)] 9080K(9920K), 0.0031100 secs] [Times: user=0.00 sys=0.00, real=0.00 secs] 
122.683: [CMS-concurrent-mark-start]
122.683: [GC (Allocation Failure) 122.683: [ParNew (promotion failed): 2751K->3022K(3072K), 0.0135992 secs]122.696: [CMS122.700: [CMS-concurrent-mark: 0.004/0.017 secs] [Times: user=0.11 sys=0.00, real=0.02 secs] 
 (concurrent mode failure): 6330K->6328K(6848K), 0.0201630 secs] 9080K->9080K(9920K), [Metaspace: 3748K->3748K(1056768K)], 0.0338274 secs] [Times: user=0.12 sys=0.00, real=0.03 secs] 
122.717: [GC (Allocation Failure) 122.717: [ParNew (promotion failed): 2751K->3022K(3072K), 0.0145358 secs]122.732: [CMS: 6330K->6328K(6848K), 0.0168699 secs] 9080K->9080K(9920K), [Metaspace: 3748K->3748K(1056768K)], 0.0314799 secs] [Times: user=0.12 sys=0.01, real=0.03 secs] 
122.749: [GC (CMS Initial Mark) [1 CMS-initial-mark: 6328K(6848K)] 9080K(9920K), 0.0030698 secs] [Times: user=0.01 sys=0.00, real=0.00 secs] 
122.752: [CMS-concurrent-mark-start]
122.753: [GC (Allocation Failure) 122.753: [ParNew (promotion failed): 2751K->2997K(3072K), 0.0169328 secs]122.769: [CMS122.773: [CMS-concurrent-mark: 0.003/0.020 secs] [Times: user=0.13 sys=0.00, real=0.02 secs] 
 (concurrent mode failure): 6330K->6328K(6848K), 0.0200328 secs] 9080K->9080K(9920K), [Metaspace: 3748K->3748K(1056768K)], 0.0370272 secs] [Times: user=0.15 sys=0.00, real=0.04 secs] 
122.790: [GC (Allocation Failure) 122.790: [ParNew (promotion failed): 2751K->2997K(3072K), 0.0176615 secs]122.808: [CMS: 6330K->6328K(6848K), 0.0166539 secs] 9080K->9080K(9920K), [Metaspace: 3748K->3748K(1056768K)], 0.0343745 secs] [Times: user=0.15 sys=0.00, real=0.03 secs] 
122.825: [GC (CMS Initial Mark) [1 CMS-initial-mark: 6328K(6848K)] 9080K(9920K), 0.0030398 secs] [Times: user=0.00 sys=0.00, real=0.00 secs] 
122.828: [CMS-concurrent-mark-start]
122.829: [GC (Allocation Failure) 122.829: [ParNew (promotion failed): 2751K->2997K(3072K), 0.0222310 secs]122.851: [CMS122.854: [CMS-concurrent-mark: 0.004/0.026 secs] [Times: user=0.18 sys=0.00, real=0.03 secs] 
 (concurrent mode failure): 6330K->6328K(6848K), 0.0198422 secs] 9080K->9080K(9920K), [Metaspace: 3748K->3748K(1056768K)], 0.0421475 secs] [Times: user=0.19 sys=0.00, real=0.05 secs] 
122.871: [GC (Allocation Failure) 122.871: [ParNew (promotion failed): 2751K->2997K(3072K), 0.0165209 secs]122.888: [CMS: 6330K->6328K(6848K), 0.0165737 secs] 9080K->9080K(9920K), [Metaspace: 3748K->3748K(1056768K)], 0.0331538 secs] [Times: user=0.14 sys=0.00, real=0.03 secs] 
122.904: [GC (CMS Initial Mark) [1 CMS-initial-mark: 6328K(6848K)] 9080K(9920K), 0.0030518 secs] [Times: user=0.01 sys=0.00, real=0.00 secs] 
122.907: [CMS-concurrent-mark-start]
122.907: [GC (Allocation Failure) 122.907: [ParNew (promotion failed): 2751K->2997K(3072K), 0.0175728 secs]122.925: [CMS122.928: [CMS-concurrent-mark: 0.003/0.021 secs] [Times: user=0.13 sys=0.00, real=0.02 secs] 
 (concurrent mode failure): 6330K->6328K(6848K), 0.0200264 secs] 9080K->9080K(9920K), [Metaspace: 3748K->3748K(1056768K)], 0.0376638 secs] [Times: user=0.15 sys=0.00, real=0.04 secs] 
122.946: [GC (Allocation Failure) 122.946: [ParNew (promotion failed): 2751K->3022K(3072K), 0.0186394 secs]122.964: [CMS: 6330K->6328K(6848K), 0.0166866 secs] 9080K->9080K(9920K), [Metaspace: 3748K->3748K(1056768K)], 0.0354008 secs] [Times: user=0.15 sys=0.00, real=0.04 secs] 
122.981: [GC (CMS Initial Mark) [1 CMS-initial-mark: 6328K(6848K)] 9080K(9920K), 0.0030544 secs] [Times: user=0.01 sys=0.00, real=0.00 secs] 
122.984: [CMS-concurrent-mark-start]
122.985: [GC (Allocation Failure) 122.985: [ParNew (promotion failed): 2751K->3071K(3072K), 0.0177301 secs]123.002: [CMS123.006: [CMS-concurrent-mark: 0.003/0.021 secs] [Times: user=0.13 sys=0.00, real=0.02 secs] 
 (concurrent mode failure): 6330K->6328K(6848K), 0.0200024 secs] 9080K->9080K(9920K), [Metaspace: 3748K->3748K(1056768K)], 0.0377970 secs] [Times: user=0.14 sys=0.00, real=0.04 secs] 
123.023: [GC (Allocation Failure) 123.023: [ParNew (promotion failed): 2751K->2977K(3072K), 0.0196475 secs]123.043: [CMS: 6330K->6328K(6848K), 0.0166995 secs] 9080K->9080K(9920K), [Metaspace: 3748K->3748K(1056768K)], 0.0364228 secs] [Times: user=0.15 sys=0.00, real=0.04 secs] 
123.060: [GC (CMS Initial Mark) [1 CMS-initial-mark: 6328K(6848K)] 9080K(9920K), 0.0030478 secs] [Times: user=0.00 sys=0.00, real=0.00 secs] 
123.063: [CMS-concurrent-mark-start]
123.064: [GC (Allocation Failure) 123.064: [ParNew (promotion failed): 2751K->3000K(3072K), 0.0162776 secs]123.080: [CMS123.083: [CMS-concurrent-mark: 0.004/0.020 secs] [Times: user=0.12 sys=0.01, real=0.02 secs] 
 (concurrent mode failure): 6330K->6328K(6848K), 0.0196390 secs] 9080K->9080K(9920K), [Metaspace: 3748K->3748K(1056768K)], 0.0359845 secs] [Times: user=0.14 sys=0.01, real=0.04 secs] 
123.100: [GC (Allocation Failure) 123.100: [ParNew (promotion failed): 2751K->3010K(3072K), 0.0161051 secs]123.116: [CMS: 6330K->6328K(6848K), 0.0165715 secs] 9080K->9080K(9920K), [Metaspace: 3748K->3748K(1056768K)], 0.0327452 secs] [Times: user=0.14 sys=0.00, real=0.03 secs] 
123.133: [GC (CMS Initial Mark) [1 CMS-initial-mark: 6328K(6848K)] 9080K(9920K), 0.0030758 secs] [Times: user=0.00 sys=0.00, real=0.00 secs] 
123.136: [CMS-concurrent-mark-start]
123.136: [GC (Allocation Failure) 123.136: [ParNew (promotion failed): 2751K->2994K(3072K), 0.0176017 secs]123.154: [CMS123.157: [CMS-concurrent-mark: 0.004/0.021 secs] [Times: user=0.14 sys=0.00, real=0.02 secs] 
 (concurrent mode failure): 6330K->6328K(6848K), 0.0200093 secs] 9080K->9080K(9920K), [Metaspace: 3748K->3748K(1056768K)], 0.0376694 secs] [Times: user=0.16 sys=0.00, real=0.04 secs] 
123.174: [GC (Allocation Failure) 123.174: [ParNew (promotion failed): 2751K->2996K(3072K), 0.0160014 secs]123.190: [CMS: 6330K->6328K(6848K), 0.0164752 secs] 9080K->9080K(9920K), [Metaspace: 3748K->3748K(1056768K)], 0.0325430 secs] [Times: user=0.13 sys=0.00, real=0.03 secs] 
123.207: [GC (CMS Initial Mark) [1 CMS-initial-mark: 6328K(6848K)] 9080K(9920K), 0.0030633 secs] [Times: user=0.01 sys=0.00, real=0.01 secs] 
123.210: [CMS-concurrent-mark-start]
123.211: [GC (Allocation Failure) 123.211: [ParNew (promotion failed): 2751K->2997K(3072K), 0.0221875 secs]123.233: [CMS123.236: [CMS-concurrent-mark: 0.004/0.026 secs] [Times: user=0.17 sys=0.00, real=0.02 secs] 
 (concurrent mode failure): 6330K->6328K(6848K), 0.0199179 secs] 9080K->9080K(9920K), [Metaspace: 3748K->3748K(1056768K)], 0.0421712 secs] [Times: user=0.19 sys=0.00, real=0.04 secs] 
123.253: [GC (Allocation Failure) 123.253: [ParNew (promotion failed): 2751K->3022K(3072K), 0.0181400 secs]123.271: [CMS: 6330K->6328K(6848K), 0.0166750 secs] 9080K->9080K(9920K), [Metaspace: 3748K->3748K(1056768K)], 0.0348796 secs] [Times: user=0.15 sys=0.00, real=0.03 secs] 
123.289: [GC (CMS Initial Mark) [1 CMS-initial-mark: 6328K(6848K)] 9080K(9920K), 0.0030549 secs] [Times: user=0.01 sys=0.00, real=0.01 secs] 
123.292: [CMS-concurrent-mark-start]
123.292: [GC (Allocation Failure) 123.292: [ParNew (promotion failed): 2751K->2997K(3072K), 0.0162616 secs]123.308: [CMS123.312: [CMS-concurrent-mark: 0.003/0.020 secs] [Times: user=0.12 sys=0.00, real=0.02 secs] 
 (concurrent mode failure): 6330K->6328K(6848K), 0.0200628 secs] 9080K->9080K(9920K), [Metaspace: 3748K->3748K(1056768K)], 0.0363999 secs] [Times: user=0.14 sys=0.00, real=0.03 secs] 
123.329: [GC (Allocation Failure) 123.329: [ParNew (promotion failed): 2751K->3022K(3072K), 0.0150815 secs]123.344: [CMS: 6330K->6328K(6848K), 0.0166198 secs] 9080K->9080K(9920K), [Metaspace: 3748K->3748K(1056768K)], 0.0317644 secs] [Times: user=0.13 sys=0.00, real=0.03 secs] 
123.361: [GC (CMS Initial Mark) [1 CMS-initial-mark: 6328K(6848K)] 9080K(9920K), 0.0030800 secs] [Times: user=0.00 sys=0.00, real=0.00 secs] 
123.364: [CMS-concurrent-mark-start]
123.365: [GC (Allocation Failure) 123.365: [ParNew (promotion failed): 2751K->2997K(3072K), 0.0226110 secs]123.387: [CMS123.391: [CMS-concurrent-mark: 0.004/0.026 secs] [Times: user=0.18 sys=0.00, real=0.03 secs] 
 (concurrent mode failure): 6330K->6328K(6848K), 0.0197288 secs] 9080K->9080K(9920K), [Metaspace: 3748K->3748K(1056768K)], 0.0423955 secs] [Times: user=0.20 sys=0.00, real=0.04 secs] 
123.407: [GC (Allocation Failure) 123.407: [ParNew (promotion failed): 2751K->3022K(3072K), 0.0164198 secs]123.424: [CMS: 6330K->6328K(6848K), 0.0165845 secs] 9080K->9080K(9920K), [Metaspace: 3748K->3748K(1056768K)], 0.0330766 secs] [Times: user=0.14 sys=0.00, real=0.04 secs] 
123.441: [GC (CMS Initial Mark) [1 CMS-initial-mark: 6328K(6848K)] 9080K(9920K), 0.0030799 secs] [Times: user=0.00 sys=0.00, real=0.00 secs] 
123.444: [CMS-concurrent-mark-start]
123.444: [GC (Allocation Failure) 123.444: [ParNew (promotion failed): 2751K->3022K(3072K), 0.0172746 secs]123.461: [CMS123.465: [CMS-concurrent-mark: 0.003/0.021 secs] [Times: user=0.14 sys=0.01, real=0.02 secs] 
 (concurrent mode failure): 6330K->6328K(6848K), 0.0199068 secs] 9080K->9080K(9920K), [Metaspace: 3748K->3748K(1056768K)], 0.0372380 secs] [Times: user=0.15 sys=0.01, real=0.04 secs] 
123.482: [GC (Allocation Failure) 123.482: [ParNew (promotion failed): 2751K->3022K(3072K), 0.0208513 secs]123.502: [CMS: 6330K->6328K(6848K), 0.0177274 secs] 9080K->9080K(9920K), [Metaspace: 3748K->3748K(1056768K)], 0.0386512 secs] [Times: user=0.16 sys=0.00, real=0.04 secs] 
123.521: [GC (CMS Initial Mark) [1 CMS-initial-mark: 6328K(6848K)] 9080K(9920K), 0.0030838 secs] [Times: user=0.01 sys=0.00, real=0.00 secs] 
123.524: [CMS-concurrent-mark-start]
123.524: [GC (Allocation Failure) 123.524: [ParNew (promotion failed): 2751K->2997K(3072K), 0.0226800 secs]123.547: [CMS123.550: [CMS-concurrent-mark: 0.003/0.026 secs] [Times: user=0.15 sys=0.00, real=0.03 secs] 
 (concurrent mode failure): 6330K->6328K(6848K), 0.0209720 secs] 9080K->9080K(9920K), [Metaspace: 3748K->3748K(1056768K)], 0.0437288 secs] [Times: user=0.17 sys=0.00, real=0.04 secs] 
123.568: [GC (Allocation Failure) 123.568: [ParNew (promotion failed): 2751K->3022K(3072K), 0.0216562 secs]123.590: [CMS: 6330K->6328K(6848K), 0.0168416 secs] 9080K->9080K(9920K), [Metaspace: 3748K->3748K(1056768K)], 0.0385809 secs] [Times: user=0.17 sys=0.00, real=0.04 secs] 
123.607: [GC (CMS Initial Mark) [1 CMS-initial-mark: 6328K(6848K)] 9080K(9920K), 0.0031166 secs] [Times: user=0.00 sys=0.00, real=0.01 secs] 
123.611: [CMS-concurrent-mark-start]
123.611: [GC (Allocation Failure) 123.611: [ParNew (promotion failed): 2751K->3022K(3072K), 0.0163250 secs]123.628: [CMS123.631: [CMS-concurrent-mark: 0.004/0.020 secs] [Times: user=0.12 sys=0.00, real=0.02 secs] 
 (concurrent mode failure): 6330K->6328K(6848K), 0.0196696 secs] 9080K->9080K(9920K), [Metaspace: 3748K->3748K(1056768K)], 0.0360650 secs] [Times: user=0.14 sys=0.00, real=0.03 secs] 
123.648: [GC (Allocation Failure) 123.648: [ParNew (promotion failed): 2751K->3022K(3072K), 0.0216031 secs]123.669: [CMS: 6330K->6328K(6848K), 0.0167651 secs] 9080K->9080K(9920K), [Metaspace: 3748K->3748K(1056768K)], 0.0384453 secs] [Times: user=0.17 sys=0.00, real=0.04 secs] 
123.686: [GC (CMS Initial Mark) [1 CMS-initial-mark: 6328K(6848K)] 9080K(9920K), 0.0031160 secs] [Times: user=0.00 sys=0.00, real=0.01 secs] 
123.690: [CMS-concurrent-mark-start]
123.690: [GC (Allocation Failure) 123.690: [ParNew (promotion failed): 2751K->3022K(3072K), 0.0220509 secs]123.712: [CMS123.715: [CMS-concurrent-mark: 0.004/0.026 secs] [Times: user=0.17 sys=0.01, real=0.02 secs] 
 (concurrent mode failure): 6330K->6328K(6848K), 0.0204018 secs] 9080K->9080K(9920K), [Metaspace: 3748K->3748K(1056768K)], 0.0425270 secs] [Times: user=0.19 sys=0.01, real=0.04 secs] 
123.732: [GC (Allocation Failure) 123.732: [ParNew (promotion failed): 2751K->2997K(3072K), 0.0212380 secs]123.754: [CMS: 6330K->6328K(6848K), 0.0167024 secs] 9080K->9080K(9920K), [Metaspace: 3748K->3748K(1056768K)], 0.0380117 secs] [Times: user=0.17 sys=0.00, real=0.04 secs] 
123.771: [GC (CMS Initial Mark) [1 CMS-initial-mark: 6328K(6848K)] 9080K(9920K), 0.0030519 secs] [Times: user=0.00 sys=0.00, real=0.00 secs] 
123.774: [CMS-concurrent-mark-start]
123.774: [GC (Allocation Failure) 123.774: [ParNew (promotion failed): 2751K->3022K(3072K), 0.0150442 secs]123.789: [CMS123.793: [CMS-concurrent-mark: 0.004/0.019 secs] [Times: user=0.11 sys=0.00, real=0.02 secs] 
 (concurrent mode failure): 6330K->6328K(6848K), 0.0201369 secs] 9080K->9080K(9920K), [Metaspace: 3748K->3748K(1056768K)], 0.0352531 secs] [Times: user=0.13 sys=0.00, real=0.04 secs] 
123.810: [GC (Allocation Failure) 123.810: [ParNew (promotion failed): 2751K->2972K(3072K), 0.0207936 secs]123.831: [CMS: 6330K->6328K(6848K), 0.0167560 secs] 9080K->9080K(9920K), [Metaspace: 3748K->3748K(1056768K)], 0.0376228 secs] [Times: user=0.16 sys=0.00, real=0.03 secs] 
123.848: [GC (CMS Initial Mark) [1 CMS-initial-mark: 6328K(6848K)] 9080K(9920K), 0.0030983 secs] [Times: user=0.01 sys=0.00, real=0.01 secs] 
123.851: [CMS-concurrent-mark-start]
123.852: [GC (Allocation Failure) 123.852: [ParNew (promotion failed): 2751K->2997K(3072K), 0.0166816 secs]123.868: [CMS123.872: [CMS-concurrent-mark: 0.004/0.020 secs] [Times: user=0.12 sys=0.00, real=0.02 secs] 
 (concurrent mode failure): 6330K->6328K(6848K), 0.0202055 secs] 9080K->9080K(9920K), [Metaspace: 3748K->3748K(1056768K)], 0.0369515 secs] [Times: user=0.14 sys=0.00, real=0.03 secs] 
123.889: [GC (Allocation Failure) 123.889: [ParNew (promotion failed): 2751K->2972K(3072K), 0.0207970 secs]123.910: [CMS: 6330K->6328K(6848K), 0.0166974 secs] 9080K->9080K(9920K), [Metaspace: 3748K->3748K(1056768K)], 0.0375592 secs] [Times: user=0.16 sys=0.00, real=0.03 secs] 
123.927: [GC (CMS Initial Mark) [1 CMS-initial-mark: 6328K(6848K)] 9080K(9920K), 0.0031406 secs] [Times: user=0.01 sys=0.00, real=0.01 secs] 
123.930: [CMS-concurrent-mark-start]
123.931: [GC (Allocation Failure) 123.931: [ParNew (promotion failed): 2751K->2997K(3072K), 0.0149500 secs]123.946: [CMS123.949: [CMS-concurrent-mark: 0.004/0.019 secs] [Times: user=0.11 sys=0.00, real=0.01 secs] 
 (concurrent mode failure): 6330K->6328K(6848K), 0.0198830 secs] 9080K->9080K(9920K), [Metaspace: 3748K->3748K(1056768K)], 0.0349008 secs] [Times: user=0.13 sys=0.00, real=0.03 secs] 
123.966: [GC (Allocation Failure) 123.966: [ParNew (promotion failed): 2751K->2997K(3072K), 0.0212818 secs]123.987: [CMS: 6330K->6328K(6848K), 0.0167613 secs] 9080K->9080K(9920K), [Metaspace: 3748K->3748K(1056768K)], 0.0381304 secs] [Times: user=0.17 sys=0.01, real=0.04 secs] 
124.004: [GC (CMS Initial Mark) [1 CMS-initial-mark: 6328K(6848K)] 9080K(9920K), 0.0030460 secs] [Times: user=0.00 sys=0.00, real=0.00 secs] 
124.007: [CMS-concurrent-mark-start]
124.007: [GC (Allocation Failure) 124.008: [ParNew (promotion failed): 2751K->2997K(3072K), 0.0162703 secs]124.024: [CMS124.027: [CMS-concurrent-mark: 0.003/0.020 secs] [Times: user=0.12 sys=0.00, real=0.02 secs] 
 (concurrent mode failure): 6330K->6328K(6848K), 0.0203185 secs] 9080K->9080K(9920K), [Metaspace: 3748K->3748K(1056768K)], 0.0366525 secs] [Times: user=0.14 sys=0.00, real=0.04 secs] 
124.045: [GC (Allocation Failure) 124.045: [ParNew (promotion failed): 2751K->2997K(3072K), 0.0217925 secs]124.066: [CMS: 6330K->6328K(6848K), 0.0169655 secs] 9080K->9080K(9920K), [Metaspace: 3748K->3748K(1056768K)], 0.0388433 secs] [Times: user=0.16 sys=0.00, real=0.04 secs] 
124.084: [GC (CMS Initial Mark) [1 CMS-initial-mark: 6328K(6848K)] 9080K(9920K), 0.0030526 secs] [Times: user=0.00 sys=0.00, real=0.00 secs] 
124.087: [CMS-concurrent-mark-start]
124.087: [GC (Allocation Failure) 124.087: [ParNew (promotion failed): 2751K->2997K(3072K), 0.0136005 secs]124.101: [CMS124.104: [CMS-concurrent-mark: 0.004/0.017 secs] [Times: user=0.10 sys=0.00, real=0.02 secs] 
 (concurrent mode failure): 6330K->6328K(6848K), 0.0206091 secs] 9080K->9080K(9920K), [Metaspace: 3748K->3748K(1056768K)], 0.0342890 secs] [Times: user=0.11 sys=0.00, real=0.04 secs] 
124.122: [GC (Allocation Failure) 124.122: [ParNew (promotion failed): 2751K->3022K(3072K), 0.0174912 secs]124.140: [CMS: 6330K->6328K(6848K), 0.0167688 secs] 9080K->9080K(9920K), [Metaspace: 3748K->3748K(1056768K)], 0.0343374 secs] [Times: user=0.14 sys=0.00, real=0.03 secs] 
124.157: [GC (CMS Initial Mark) [1 CMS-initial-mark: 6328K(6848K)] 9080K(9920K), 0.0030761 secs] [Times: user=0.01 sys=0.00, real=0.01 secs] 
124.160: [CMS-concurrent-mark-start]
124.161: [GC (Allocation Failure) 124.161: [ParNew (promotion failed): 2751K->2972K(3072K), 0.0216708 secs]124.182: [CMS124.185: [CMS-concurrent-mark: 0.004/0.025 secs] [Times: user=0.15 sys=0.01, real=0.02 secs] 
 (concurrent mode failure): 6330K->6328K(6848K), 0.0196668 secs] 9080K->9080K(9920K), [Metaspace: 3748K->3748K(1056768K)], 0.0414010 secs] [Times: user=0.16 sys=0.01, real=0.04 secs] 
124.203: [GC (Allocation Failure) 124.203: [ParNew (promotion failed): 2751K->2997K(3072K), 0.0218071 secs]124.225: [CMS: 6330K->6328K(6848K), 0.0167740 secs] 9080K->9080K(9920K), [Metaspace: 3748K->3748K(1056768K)], 0.0386521 secs] [Times: user=0.18 sys=0.00, real=0.04 secs] 
124.242: [GC (CMS Initial Mark) [1 CMS-initial-mark: 6328K(6848K)] 9080K(9920K), 0.0030782 secs] [Times: user=0.00 sys=0.00, real=0.00 secs] 
124.245: [CMS-concurrent-mark-start]
124.245: [GC (Allocation Failure) 124.245: [ParNew (promotion failed): 2751K->3022K(3072K), 0.0149875 secs]124.260: [CMS124.263: [CMS-concurrent-mark: 0.003/0.019 secs] [Times: user=0.11 sys=0.00, real=0.02 secs] 
 (concurrent mode failure): 6330K->6328K(6848K), 0.0201516 secs] 9080K->9080K(9920K), [Metaspace: 3748K->3748K(1056768K)], 0.0352038 secs] [Times: user=0.13 sys=0.00, real=0.04 secs] 
124.280: [GC (Allocation Failure) 124.280: [ParNew (promotion failed): 2751K->2997K(3072K), 0.0204734 secs]124.301: [CMS: 6330K->6328K(6848K), 0.0168091 secs] 9080K->9080K(9920K), [Metaspace: 3748K->3748K(1056768K)], 0.0373542 secs] [Times: user=0.16 sys=0.00, real=0.03 secs] 
124.318: [GC (CMS Initial Mark) [1 CMS-initial-mark: 6328K(6848K)] 9080K(9920K), 0.0030396 secs] [Times: user=0.00 sys=0.00, real=0.01 secs] 
124.321: [CMS-concurrent-mark-start]
124.321: [GC (Allocation Failure) 124.321: [ParNew (promotion failed): 2751K->3022K(3072K), 0.0219469 secs]124.343: [CMS124.347: [CMS-concurrent-mark: 0.004/0.026 secs] [Times: user=0.17 sys=0.00, real=0.02 secs] 
 (concurrent mode failure): 6330K->6328K(6848K), 0.0201530 secs] 9080K->9080K(9920K), [Metaspace: 3748K->3748K(1056768K)], 0.0421740 secs] [Times: user=0.18 sys=0.00, real=0.04 secs] 
124.364: [GC (Allocation Failure) 124.364: [ParNew (promotion failed): 2751K->3022K(3072K), 0.0200281 secs]124.384: [CMS: 6330K->6328K(6848K), 0.0166688 secs] 9080K->9080K(9920K), [Metaspace: 3748K->3748K(1056768K)], 0.0367821 secs] [Times: user=0.16 sys=0.00, real=0.04 secs] 
124.402: [GC (CMS Initial Mark) [1 CMS-initial-mark: 6328K(6848K)] 9080K(9920K), 0.0031164 secs] [Times: user=0.00 sys=0.00, real=0.00 secs] 
124.405: [CMS-concurrent-mark-start]
124.405: [GC (Allocation Failure) 124.405: [ParNew (promotion failed): 2751K->2997K(3072K), 0.0164414 secs]124.421: [CMS124.425: [CMS-concurrent-mark: 0.003/0.020 secs] [Times: user=0.13 sys=0.00, real=0.02 secs] 
 (concurrent mode failure): 6330K->6328K(6848K), 0.0198936 secs] 9080K->9080K(9920K), [Metaspace: 3748K->3748K(1056768K)], 0.0363950 secs] [Times: user=0.15 sys=0.00, real=0.04 secs] 
124.442: [GC (Allocation Failure) 124.442: [ParNew (promotion failed): 2751K->2997K(3072K), 0.0176442 secs]124.460: [CMS: 6330K->6328K(6848K), 0.0165696 secs] 9080K->9080K(9920K), [Metaspace: 3748K->3748K(1056768K)], 0.0342869 secs] [Times: user=0.15 sys=0.01, real=0.03 secs] 
124.477: [GC (CMS Initial Mark) [1 CMS-initial-mark: 6328K(6848K)] 9080K(9920K), 0.0030762 secs] [Times: user=0.00 sys=0.00, real=0.01 secs] 
124.480: [CMS-concurrent-mark-start]
124.480: [GC (Allocation Failure) 124.480: [ParNew (promotion failed): 2751K->2997K(3072K), 0.0205149 secs]124.501: [CMS124.504: [CMS-concurrent-mark: 0.004/0.024 secs] [Times: user=0.15 sys=0.00, real=0.02 secs] 
 (concurrent mode failure): 6330K->6328K(6848K), 0.0199675 secs] 9080K->9080K(9920K), [Metaspace: 3748K->3748K(1056768K)], 0.0405484 secs] [Times: user=0.17 sys=0.00, real=0.04 secs] 
124.521: [GC (Allocation Failure) 124.521: [ParNew (promotion failed): 2751K->2997K(3072K), 0.0142500 secs]124.535: [CMS: 6330K->6328K(6848K), 0.0166442 secs] 9080K->9080K(9920K), [Metaspace: 3748K->3748K(1056768K)], 0.0309584 secs] [Times: user=0.11 sys=0.00, real=0.03 secs] 
124.552: [GC (CMS Initial Mark) [1 CMS-initial-mark: 6328K(6848K)] 9080K(9920K), 0.0031190 secs] [Times: user=0.01 sys=0.00, real=0.00 secs] 
124.555: [CMS-concurrent-mark-start]
124.555: [GC (Allocation Failure) 124.555: [ParNew (promotion failed): 2751K->2997K(3072K), 0.0247787 secs]124.580: [CMS124.584: [CMS-concurrent-mark: 0.003/0.028 secs] [Times: user=0.19 sys=0.00, real=0.03 secs] 
 (concurrent mode failure): 6330K->6328K(6848K), 0.0199291 secs] 9080K->9080K(9920K), [Metaspace: 3748K->3748K(1056768K)], 0.0447653 secs] [Times: user=0.20 sys=0.00, real=0.05 secs] 
124.601: [GC (Allocation Failure) 124.601: [ParNew (promotion failed): 2751K->2997K(3072K), 0.0173157 secs]124.618: [CMS: 6330K->6328K(6848K), 0.0165350 secs] 9080K->9080K(9920K), [Metaspace: 3748K->3748K(1056768K)], 0.0339195 secs] [Times: user=0.15 sys=0.00, real=0.03 secs] 
124.635: [GC (CMS Initial Mark) [1 CMS-initial-mark: 6328K(6848K)] 9080K(9920K), 0.0030372 secs] [Times: user=0.00 sys=0.00, real=0.00 secs] 
124.638: [CMS-concurrent-mark-start]
124.638: [GC (Allocation Failure) 124.638: [ParNew (promotion failed): 2751K->3022K(3072K), 0.0236596 secs]124.662: [CMS124.665: [CMS-concurrent-mark: 0.003/0.027 secs] [Times: user=0.18 sys=0.00, real=0.03 secs] 
 (concurrent mode failure): 6330K->6328K(6848K), 0.0200017 secs] 9080K->9080K(9920K), [Metaspace: 3748K->3748K(1056768K)], 0.0437375 secs] [Times: user=0.20 sys=0.00, real=0.05 secs] 
124.683: [GC (Allocation Failure) 124.683: [ParNew (promotion failed): 2751K->3022K(3072K), 0.0183366 secs]124.701: [CMS: 6330K->6328K(6848K), 0.0165114 secs] 9080K->9080K(9920K), [Metaspace: 3748K->3748K(1056768K)], 0.0349210 secs] [Times: user=0.16 sys=0.00, real=0.03 secs] 
124.718: [GC (CMS Initial Mark) [1 CMS-initial-mark: 6328K(6848K)] 9080K(9920K), 0.0030494 secs] [Times: user=0.00 sys=0.00, real=0.01 secs] 
124.721: [CMS-concurrent-mark-start]
124.722: [GC (Allocation Failure) 124.722: [ParNew (promotion failed): 2751K->2997K(3072K), 0.0158398 secs]124.737: [CMS124.741: [CMS-concurrent-mark: 0.004/0.020 secs] [Times: user=0.12 sys=0.00, real=0.02 secs] 
 (concurrent mode failure): 6330K->6328K(6848K), 0.0196594 secs] 9080K->9080K(9920K), [Metaspace: 3748K->3748K(1056768K)], 0.0355628 secs] [Times: user=0.14 sys=0.00, real=0.03 secs] 
124.758: [GC (Allocation Failure) 124.758: [ParNew (promotion failed): 2751K->3022K(3072K), 0.0155405 secs]124.773: [CMS: 6330K->6328K(6848K), 0.0166252 secs] 9080K->9080K(9920K), [Metaspace: 3748K->3748K(1056768K)], 0.0322421 secs] [Times: user=0.13 sys=0.00, real=0.04 secs] 
124.790: [GC (CMS Initial Mark) [1 CMS-initial-mark: 6328K(6848K)] 9080K(9920K), 0.0030616 secs] [Times: user=0.00 sys=0.00, real=0.00 secs] 
124.793: [CMS-concurrent-mark-start]
124.793: [GC (Allocation Failure) 124.793: [ParNew (promotion failed): 2751K->3022K(3072K), 0.0156341 secs]124.809: [CMS124.813: [CMS-concurrent-mark: 0.004/0.019 secs] [Times: user=0.12 sys=0.01, real=0.02 secs] 
 (concurrent mode failure): 6330K->6328K(6848K), 0.0201731 secs] 9080K->9080K(9920K), [Metaspace: 3748K->3748K(1056768K)], 0.0358773 secs] [Times: user=0.14 sys=0.01, real=0.04 secs] 
124.830: [GC (Allocation Failure) 124.830: [ParNew (promotion failed): 2751K->2997K(3072K), 0.0172174 secs]124.847: [CMS: 6330K->6328K(6848K), 0.0166089 secs] 9080K->9080K(9920K), [Metaspace: 3748K->3748K(1056768K)], 0.0338975 secs] [Times: user=0.14 sys=0.00, real=0.03 secs] 
124.864: [GC (CMS Initial Mark) [1 CMS-initial-mark: 6328K(6848K)] 9080K(9920K), 0.0030374 secs] [Times: user=0.01 sys=0.00, real=0.00 secs] 
124.867: [CMS-concurrent-mark-start]
124.867: [GC (Allocation Failure) 124.867: [ParNew (promotion failed): 2751K->3022K(3072K), 0.0174422 secs]124.885: [CMS124.888: [CMS-concurrent-mark: 0.003/0.021 secs] [Times: user=0.13 sys=0.00, real=0.02 secs] 
 (concurrent mode failure): 6330K->6328K(6848K), 0.0199612 secs] 9080K->9080K(9920K), [Metaspace: 3748K->3748K(1056768K)], 0.0374745 secs] [Times: user=0.14 sys=0.00, real=0.04 secs] 
124.905: [GC (Allocation Failure) 124.905: [ParNew (promotion failed): 2751K->3022K(3072K), 0.0161007 secs]124.921: [CMS: 6330K->6328K(6848K), 0.0167841 secs] 9080K->9080K(9920K), [Metaspace: 3748K->3748K(1056768K)], 0.0329483 secs] [Times: user=0.12 sys=0.00, real=0.03 secs] 
124.939: [GC (CMS Initial Mark) [1 CMS-initial-mark: 6328K(6848K)] 9080K(9920K), 0.0030616 secs] [Times: user=0.01 sys=0.00, real=0.01 secs] 
124.942: [CMS-concurrent-mark-start]
124.942: [GC (Allocation Failure) 124.942: [ParNew (promotion failed): 2751K->3022K(3072K), 0.0169235 secs]124.959: [CMS124.962: [CMS-concurrent-mark: 0.003/0.020 secs] [Times: user=0.12 sys=0.00, real=0.02 secs] 
 (concurrent mode failure): 6330K->6328K(6848K), 0.0200965 secs] 9080K->9080K(9920K), [Metaspace: 3748K->3748K(1056768K)], 0.0370877 secs] [Times: user=0.14 sys=0.00, real=0.03 secs] 
124.980: [GC (Allocation Failure) 124.980: [ParNew (promotion failed): 2751K->2997K(3072K), 0.0156177 secs]124.995: [CMS: 6330K->6328K(6848K), 0.0167853 secs] 9080K->9080K(9920K), [Metaspace: 3748K->3748K(1056768K)], 0.0324822 secs] [Times: user=0.13 sys=0.00, real=0.03 secs] 
125.013: [GC (CMS Initial Mark) [1 CMS-initial-mark: 6328K(6848K)] 9080K(9920K), 0.0030562 secs] [Times: user=0.00 sys=0.00, real=0.00 secs] 
125.016: [CMS-concurrent-mark-start]
125.016: [GC (Allocation Failure) 125.016: [ParNew (promotion failed): 2751K->2997K(3072K), 0.0196079 secs]125.036: [CMS125.039: [CMS-concurrent-mark: 0.004/0.023 secs] [Times: user=0.14 sys=0.00, real=0.02 secs] 
 (concurrent mode failure): 6330K->6328K(6848K), 0.0200245 secs] 9080K->9080K(9920K), [Metaspace: 3748K->3748K(1056768K)], 0.0396979 secs] [Times: user=0.16 sys=0.00, real=0.04 secs] 
125.056: [GC (Allocation Failure) 125.056: [ParNew (promotion failed): 2751K->2997K(3072K), 0.0191110 secs]125.075: [CMS: 6330K->6328K(6848K), 0.0166613 secs] 9080K->9080K(9920K), [Metaspace: 3748K->3748K(1056768K)], 0.0358362 secs] [Times: user=0.16 sys=0.01, real=0.04 secs] 
125.092: [GC (CMS Initial Mark) [1 CMS-initial-mark: 6328K(6848K)] 9080K(9920K), 0.0030469 secs] [Times: user=0.00 sys=0.00, real=0.00 secs] 
125.095: [CMS-concurrent-mark-start]
125.095: [GC (Allocation Failure) 125.095: [ParNew (promotion failed): 2751K->3022K(3072K), 0.0166019 secs]125.112: [CMS125.115: [CMS-concurrent-mark: 0.003/0.020 secs] [Times: user=0.13 sys=0.00, real=0.02 secs] 
 (concurrent mode failure): 6330K->6328K(6848K), 0.0199949 secs] 9080K->9080K(9920K), [Metaspace: 3748K->3748K(1056768K)], 0.0366660 secs] [Times: user=0.15 sys=0.00, real=0.04 secs] 
125.132: [GC (Allocation Failure) 125.132: [ParNew (promotion failed): 2751K->3022K(3072K), 0.0216025 secs]125.154: [CMS: 6330K->6328K(6848K), 0.0166813 secs] 9080K->9080K(9920K), [Metaspace: 3748K->3748K(1056768K)], 0.0383540 secs] [Times: user=0.18 sys=0.00, real=0.04 secs] 
125.171: [GC (CMS Initial Mark) [1 CMS-initial-mark: 6328K(6848K)] 9080K(9920K), 0.0030703 secs] [Times: user=0.00 sys=0.00, real=0.00 secs] 
125.174: [CMS-concurrent-mark-start]
125.174: [GC (Allocation Failure) 125.174: [ParNew (promotion failed): 2751K->2997K(3072K), 0.0172551 secs]125.192: [CMS125.195: [CMS-concurrent-mark: 0.004/0.021 secs] [Times: user=0.11 sys=0.00, real=0.02 secs] 
 (concurrent mode failure): 6330K->6328K(6848K), 0.0201046 secs] 9080K->9080K(9920K), [Metaspace: 3748K->3748K(1056768K)], 0.0374340 secs] [Times: user=0.13 sys=0.00, real=0.04 secs] 
125.213: [GC (Allocation Failure) 125.213: [ParNew (promotion failed): 2751K->3022K(3072K), 0.0146910 secs]125.227: [CMS: 6330K->6328K(6848K), 0.0165245 secs] 9080K->9080K(9920K), [Metaspace: 3748K->3748K(1056768K)], 0.0312882 secs] [Times: user=0.12 sys=0.00, real=0.03 secs] 
125.244: [GC (CMS Initial Mark) [1 CMS-initial-mark: 6328K(6848K)] 9080K(9920K), 0.0030608 secs] [Times: user=0.01 sys=0.00, real=0.00 secs] 
125.247: [CMS-concurrent-mark-start]
125.248: [GC (Allocation Failure) 125.248: [ParNew (promotion failed): 2751K->2997K(3072K), 0.0232450 secs]125.271: [CMS125.274: [CMS-concurrent-mark: 0.004/0.027 secs] [Times: user=0.18 sys=0.00, real=0.03 secs] 
 (concurrent mode failure): 6330K->6328K(6848K), 0.0196172 secs] 9080K->9080K(9920K), [Metaspace: 3748K->3748K(1056768K)], 0.0429397 secs] [Times: user=0.20 sys=0.00, real=0.05 secs] 
125.292: [GC (Allocation Failure) 125.292: [ParNew (promotion failed): 2751K->3022K(3072K), 0.0184305 secs]125.310: [CMS: 6330K->6328K(6848K), 0.0166038 secs] 9080K->9080K(9920K), [Metaspace: 3748K->3748K(1056768K)], 0.0350963 secs] [Times: user=0.15 sys=0.00, real=0.03 secs] 
125.327: [GC (CMS Initial Mark) [1 CMS-initial-mark: 6328K(6848K)] 9080K(9920K), 0.0030382 secs] [Times: user=0.00 sys=0.00, real=0.01 secs] 
125.330: [CMS-concurrent-mark-start]
125.330: [GC (Allocation Failure) 125.330: [ParNew (promotion failed): 2751K->2997K(3072K), 0.0169853 secs]125.347: [CMS125.350: [CMS-concurrent-mark: 0.004/0.021 secs] [Times: user=0.14 sys=0.00, real=0.02 secs] 
 (concurrent mode failure): 6330K->6328K(6848K), 0.0201678 secs] 9080K->9080K(9920K), [Metaspace: 3748K->3748K(1056768K)], 0.0372210 secs] [Times: user=0.16 sys=0.00, real=0.03 secs] 
125.367: [GC (Allocation Failure) 125.367: [ParNew (promotion failed): 2751K->2997K(3072K), 0.0178372 secs]125.385: [CMS: 6330K->6328K(6848K), 0.0165268 secs] 9080K->9080K(9920K), [Metaspace: 3748K->3748K(1056768K)], 0.0344390 secs] [Times: user=0.15 sys=0.00, real=0.04 secs] 
125.402: [GC (CMS Initial Mark) [1 CMS-initial-mark: 6328K(6848K)] 9080K(9920K), 0.0030560 secs] [Times: user=0.00 sys=0.00, real=0.00 secs] 
125.405: [CMS-concurrent-mark-start]
125.406: [GC (Allocation Failure) 125.406: [ParNew (promotion failed): 2751K->2997K(3072K), 0.0230862 secs]125.429: [CMS125.432: [CMS-concurrent-mark: 0.004/0.027 secs] [Times: user=0.18 sys=0.00, real=0.03 secs] 
 (concurrent mode failure): 6330K->6328K(6848K), 0.0198588 secs] 9080K->9080K(9920K), [Metaspace: 3748K->3748K(1056768K)], 0.0430089 secs] [Times: user=0.20 sys=0.00, real=0.04 secs] 
125.449: [GC (Allocation Failure) 125.449: [ParNew (promotion failed): 2751K->2997K(3072K), 0.0212776 secs]125.470: [CMS: 6330K->6328K(6848K), 0.0166772 secs] 9080K->9080K(9920K), [Metaspace: 3748K->3748K(1056768K)], 0.0380333 secs] [Times: user=0.17 sys=0.00, real=0.04 secs] 
125.488: [GC (CMS Initial Mark) [1 CMS-initial-mark: 6328K(6848K)] 9080K(9920K), 0.0030488 secs] [Times: user=0.00 sys=0.00, real=0.01 secs] 
125.491: [CMS-concurrent-mark-start]
125.491: [GC (Allocation Failure) 125.491: [ParNew (promotion failed): 2751K->3022K(3072K), 0.0171297 secs]125.508: [CMS125.512: [CMS-concurrent-mark: 0.003/0.021 secs] [Times: user=0.12 sys=0.00, real=0.02 secs] 
 (concurrent mode failure): 6330K->6328K(6848K), 0.0200694 secs] 9080K->9080K(9920K), [Metaspace: 3748K->3748K(1056768K)], 0.0372670 secs] [Times: user=0.13 sys=0.00, real=0.03 secs] 
125.529: [GC (Allocation Failure) 125.529: [ParNew (promotion failed): 2751K->2997K(3072K), 0.0149662 secs]125.544: [CMS: 6330K->6328K(6848K), 0.0166552 secs] 9080K->9080K(9920K), [Metaspace: 3748K->3748K(1056768K)], 0.0316932 secs] [Times: user=0.13 sys=0.00, real=0.04 secs] 
125.561: [GC (CMS Initial Mark) [1 CMS-initial-mark: 6328K(6848K)] 9080K(9920K), 0.0030467 secs] [Times: user=0.00 sys=0.00, real=0.00 secs] 
125.564: [CMS-concurrent-mark-start]
125.565: [GC (Allocation Failure) 125.565: [ParNew (promotion failed): 2751K->3022K(3072K), 0.0208608 secs]125.586: [CMS125.589: [CMS-concurrent-mark: 0.004/0.024 secs] [Times: user=0.17 sys=0.00, real=0.02 secs] 
 (concurrent mode failure): 6330K->6328K(6848K), 0.0198949 secs] 9080K->9080K(9920K), [Metaspace: 3748K->3748K(1056768K)], 0.0408191 secs] [Times: user=0.18 sys=0.00, real=0.04 secs] 
125.606: [GC (Allocation Failure) 125.606: [ParNew (promotion failed): 2751K->3046K(3072K), 0.0207491 secs]125.626: [CMS: 6330K->6328K(6848K), 0.0164754 secs] 9080K->9080K(9920K), [Metaspace: 3748K->3748K(1056768K)], 0.0372880 secs] [Times: user=0.18 sys=0.00, real=0.04 secs] 
125.643: [GC (CMS Initial Mark) [1 CMS-initial-mark: 6328K(6848K)] 9080K(9920K), 0.0030488 secs] [Times: user=0.00 sys=0.00, real=0.00 secs] 
125.646: [CMS-concurrent-mark-start]
125.646: [GC (Allocation Failure) 125.646: [ParNew (promotion failed): 2751K->2997K(3072K), 0.0153940 secs]125.662: [CMS125.665: [CMS-concurrent-mark: 0.004/0.019 secs] [Times: user=0.12 sys=0.00, real=0.02 secs] 
 (concurrent mode failure): 6330K->6328K(6848K), 0.0199640 secs] 9080K->9080K(9920K), [Metaspace: 3748K->3748K(1056768K)], 0.0354141 secs] [Times: user=0.14 sys=0.00, real=0.04 secs] 
125.682: [GC (Allocation Failure) 125.682: [ParNew (promotion failed): 2751K->3046K(3072K), 0.0141386 secs]125.696: [CMS: 6330K->6328K(6848K), 0.0165140 secs] 9080K->9080K(9920K), [Metaspace: 3748K->3748K(1056768K)], 0.0307173 secs] [Times: user=0.10 sys=0.00, real=0.03 secs] 
125.713: [GC (CMS Initial Mark) [1 CMS-initial-mark: 6328K(6848K)] 9080K(9920K), 0.0030604 secs] [Times: user=0.00 sys=0.00, real=0.00 secs] 
125.716: [CMS-concurrent-mark-start]
125.716: [GC (Allocation Failure) 125.716: [ParNew (promotion failed): 2751K->2997K(3072K), 0.0200910 secs]125.737: [CMS125.740: [CMS-concurrent-mark: 0.004/0.024 secs] [Times: user=0.16 sys=0.00, real=0.03 secs] 
 (concurrent mode failure): 6330K->6328K(6848K), 0.0202433 secs] 9080K->9080K(9920K), [Metaspace: 3748K->3748K(1056768K)], 0.0404017 secs] [Times: user=0.17 sys=0.00, real=0.04 secs] 
125.758: [GC (Allocation Failure) 125.758: [ParNew (promotion failed): 2751K->3046K(3072K), 0.0161773 secs]125.774: [CMS: 6330K->6328K(6848K), 0.0165226 secs] 9080K->9080K(9920K), [Metaspace: 3748K->3748K(1056768K)], 0.0327599 secs] [Times: user=0.14 sys=0.00, real=0.04 secs] 
125.791: [GC (CMS Initial Mark) [1 CMS-initial-mark: 6328K(6848K)] 9080K(9920K), 0.0030841 secs] [Times: user=0.00 sys=0.00, real=0.00 secs] 
125.794: [CMS-concurrent-mark-start]
125.795: [GC (Allocation Failure) 125.795: [ParNew (promotion failed): 2751K->2997K(3072K), 0.0204607 secs]125.815: [CMS125.818: [CMS-concurrent-mark: 0.004/0.024 secs] [Times: user=0.16 sys=0.01, real=0.02 secs] 
 (concurrent mode failure): 6330K->6328K(6848K), 0.0195285 secs] 9080K->9080K(9920K), [Metaspace: 3748K->3748K(1056768K)], 0.0400603 secs] [Times: user=0.18 sys=0.01, real=0.04 secs] 
125.835: [GC (Allocation Failure) 125.835: [ParNew (promotion failed): 2751K->3022K(3072K), 0.0160944 secs]125.851: [CMS: 6330K->6328K(6848K), 0.0165966 secs] 9080K->9080K(9920K), [Metaspace: 3748K->3748K(1056768K)], 0.0327594 secs] [Times: user=0.14 sys=0.00, real=0.03 secs] 
125.868: [GC (CMS Initial Mark) [1 CMS-initial-mark: 6328K(6848K)] 9080K(9920K), 0.0030685 secs] [Times: user=0.00 sys=0.00, real=0.01 secs] 
125.871: [CMS-concurrent-mark-start]
125.871: [GC (Allocation Failure) 125.871: [ParNew (promotion failed): 2751K->3022K(3072K), 0.0160180 secs]125.887: [CMS125.891: [CMS-concurrent-mark: 0.003/0.020 secs] [Times: user=0.13 sys=0.00, real=0.02 secs] 
 (concurrent mode failure): 6330K->6328K(6848K), 0.0198686 secs] 9080K->9080K(9920K), [Metaspace: 3748K->3748K(1056768K)], 0.0359512 secs] [Times: user=0.14 sys=0.00, real=0.03 secs] 
125.908: [GC (Allocation Failure) 125.908: [ParNew (promotion failed): 2751K->3022K(3072K), 0.0158763 secs]125.923: [CMS: 6330K->6328K(6848K), 0.0164643 secs] 9080K->9080K(9920K), [Metaspace: 3748K->3748K(1056768K)], 0.0324023 secs] [Times: user=0.14 sys=0.00, real=0.04 secs] 
125.940: [GC (CMS Initial Mark) [1 CMS-initial-mark: 6328K(6848K)] 9080K(9920K), 0.0030655 secs] [Times: user=0.00 sys=0.00, real=0.00 secs] 
125.943: [CMS-concurrent-mark-start]
125.944: [GC (Allocation Failure) 125.944: [ParNew (promotion failed): 2751K->2997K(3072K), 0.0159158 secs]125.960: [CMS125.963: [CMS-concurrent-mark: 0.004/0.020 secs] [Times: user=0.13 sys=0.00, real=0.02 secs] 
 (concurrent mode failure): 6330K->6328K(6848K), 0.0200280 secs] 9080K->9080K(9920K), [Metaspace: 3748K->3748K(1056768K)], 0.0360038 secs] [Times: user=0.14 sys=0.00, real=0.04 secs] 
125.980: [GC (Allocation Failure) 125.980: [ParNew (promotion failed): 2751K->3022K(3072K), 0.0172118 secs]125.997: [CMS: 6330K->6328K(6848K), 0.0165719 secs] 9080K->9080K(9920K), [Metaspace: 3748K->3748K(1056768K)], 0.0338578 secs] [Times: user=0.15 sys=0.00, real=0.03 secs] 
126.015: [GC (CMS Initial Mark) [1 CMS-initial-mark: 6328K(6848K)] 9080K(9920K), 0.0030459 secs] [Times: user=0.00 sys=0.00, real=0.00 secs] 
126.018: [CMS-concurrent-mark-start]
126.018: [GC (Allocation Failure) 126.018: [ParNew (promotion failed): 2751K->3022K(3072K), 0.0143831 secs]126.032: [CMS126.036: [CMS-concurrent-mark: 0.003/0.018 secs] [Times: user=0.11 sys=0.00, real=0.02 secs] 
 (concurrent mode failure): 6330K->6328K(6848K), 0.0201034 secs] 9080K->9080K(9920K), [Metaspace: 3748K->3748K(1056768K)], 0.0345486 secs] [Times: user=0.13 sys=0.00, real=0.04 secs] 
126.053: [GC (Allocation Failure) 126.053: [ParNew (promotion failed): 2751K->2997K(3072K), 0.0185769 secs]126.072: [CMS: 6330K->6328K(6848K), 0.0165683 secs] 9080K->9080K(9920K), [Metaspace: 3748K->3748K(1056768K)], 0.0352130 secs] [Times: user=0.14 sys=0.00, real=0.03 secs] 
126.089: [GC (CMS Initial Mark) [1 CMS-initial-mark: 6328K(6848K)] 9080K(9920K), 0.0030861 secs] [Times: user=0.01 sys=0.00, real=0.01 secs] 
126.092: [CMS-concurrent-mark-start]
126.092: [GC (Allocation Failure) 126.092: [ParNew (promotion failed): 2751K->2997K(3072K), 0.0172825 secs]126.110: [CMS126.113: [CMS-concurrent-mark: 0.004/0.021 secs] [Times: user=0.13 sys=0.00, real=0.02 secs] 
 (concurrent mode failure): 6330K->6328K(6848K), 0.0198322 secs] 9080K->9080K(9920K), [Metaspace: 3748K->3748K(1056768K)], 0.0371750 secs] [Times: user=0.15 sys=0.00, real=0.04 secs] 
126.130: [GC (Allocation Failure) 126.130: [ParNew (promotion failed): 2751K->3022K(3072K), 0.0159221 secs]126.146: [CMS: 6330K->6328K(6848K), 0.0165267 secs] 9080K->9080K(9920K), [Metaspace: 3748K->3748K(1056768K)], 0.0325215 secs] [Times: user=0.13 sys=0.00, real=0.03 secs] 
126.163: [GC (CMS Initial Mark) [1 CMS-initial-mark: 6328K(6848K)] 9080K(9920K), 0.0030604 secs] [Times: user=0.00 sys=0.00, real=0.00 secs] 
126.166: [CMS-concurrent-mark-start]
126.166: [GC (Allocation Failure) 126.166: [ParNew (promotion failed): 2751K->2997K(3072K), 0.0151629 secs]126.181: [CMS126.184: [CMS-concurrent-mark: 0.003/0.019 secs] [Times: user=0.12 sys=0.01, real=0.02 secs] 
 (concurrent mode failure): 6330K->6328K(6848K), 0.0200008 secs] 9080K->9080K(9920K), [Metaspace: 3748K->3748K(1056768K)], 0.0352366 secs] [Times: user=0.13 sys=0.01, real=0.04 secs] 
126.201: [GC (Allocation Failure) 126.201: [ParNew (promotion failed): 2751K->2997K(3072K), 0.0152491 secs]126.217: [CMS: 6330K->6328K(6848K), 0.0166480 secs] 9080K->9080K(9920K), [Metaspace: 3748K->3748K(1056768K)], 0.0319614 secs] [Times: user=0.14 sys=0.00, real=0.03 secs] 
126.234: [GC (CMS Initial Mark) [1 CMS-initial-mark: 6328K(6848K)] 9080K(9920K), 0.0030470 secs] [Times: user=0.00 sys=0.00, real=0.00 secs] 
126.237: [CMS-concurrent-mark-start]
126.237: [GC (Allocation Failure) 126.237: [ParNew (promotion failed): 2751K->3022K(3072K), 0.0221847 secs]126.259: [CMS126.263: [CMS-concurrent-mark: 0.004/0.026 secs] [Times: user=0.18 sys=0.00, real=0.03 secs] 
 (concurrent mode failure): 6330K->6328K(6848K), 0.0201308 secs] 9080K->9080K(9920K), [Metaspace: 3748K->3748K(1056768K)], 0.0423729 secs] [Times: user=0.19 sys=0.00, real=0.05 secs] 
126.280: [GC (Allocation Failure) 126.280: [ParNew (promotion failed): 2751K->3022K(3072K), 0.0148468 secs]126.295: [CMS: 6330K->6328K(6848K), 0.0167455 secs] 9080K->9080K(9920K), [Metaspace: 3748K->3748K(1056768K)], 0.0316664 secs] [Times: user=0.13 sys=0.00, real=0.03 secs] 
126.312: [GC (CMS Initial Mark) [1 CMS-initial-mark: 6328K(6848K)] 9080K(9920K), 0.0030733 secs] [Times: user=0.00 sys=0.00, real=0.00 secs] 
126.315: [CMS-concurrent-mark-start]
126.316: [GC (Allocation Failure) 126.316: [ParNew (promotion failed): 2751K->3022K(3072K), 0.0147438 secs]126.331: [CMS126.334: [CMS-concurrent-mark: 0.003/0.018 secs] [Times: user=0.12 sys=0.00, real=0.02 secs] 
 (concurrent mode failure): 6330K->6328K(6848K), 0.0195838 secs] 9080K->9080K(9920K), [Metaspace: 3748K->3748K(1056768K)], 0.0343875 secs] [Times: user=0.14 sys=0.00, real=0.04 secs] 
126.351: [GC (Allocation Failure) 126.351: [ParNew (promotion failed): 2751K->2997K(3072K), 0.0166859 secs]126.369: [CMS: 6330K->6328K(6848K), 0.0166804 secs] 9080K->9080K(9920K), [Metaspace: 3748K->3748K(1056768K)], 0.0350282 secs] [Times: user=0.14 sys=0.00, real=0.03 secs] 
126.386: [GC (CMS Initial Mark) [1 CMS-initial-mark: 6328K(6848K)] 9080K(9920K), 0.0030841 secs] [Times: user=0.00 sys=0.00, real=0.01 secs] 
126.389: [CMS-concurrent-mark-start]
126.389: [GC (Allocation Failure) 126.389: [ParNew (promotion failed): 2751K->3022K(3072K), 0.0150610 secs]126.404: [CMS126.408: [CMS-concurrent-mark: 0.003/0.019 secs] [Times: user=0.11 sys=0.00, real=0.01 secs] 
 (concurrent mode failure): 6330K->6328K(6848K), 0.0198377 secs] 9080K->9080K(9920K), [Metaspace: 3748K->3748K(1056768K)], 0.0349585 secs] [Times: user=0.13 sys=0.00, real=0.03 secs] 
126.424: [GC (Allocation Failure) 126.424: [ParNew (promotion failed): 2751K->3071K(3072K), 0.0161127 secs]126.441: [CMS: 6330K->6328K(6848K), 0.0164868 secs] 9080K->9080K(9920K), [Metaspace: 3748K->3748K(1056768K)], 0.0326599 secs] [Times: user=0.13 sys=0.00, real=0.03 secs] 
126.458: [GC (CMS Initial Mark) [1 CMS-initial-mark: 6328K(6848K)] 9080K(9920K), 0.0030547 secs] [Times: user=0.00 sys=0.00, real=0.01 secs] 
126.461: [CMS-concurrent-mark-start]
126.461: [GC (Allocation Failure) 126.461: [ParNew (promotion failed): 2751K->2982K(3072K), 0.0215755 secs]126.482: [CMS126.486: [CMS-concurrent-mark: 0.004/0.025 secs] [Times: user=0.16 sys=0.00, real=0.02 secs] 
 (concurrent mode failure): 6330K->6328K(6848K), 0.0198983 secs] 9080K->9080K(9920K), [Metaspace: 3748K->3748K(1056768K)], 0.0415330 secs] [Times: user=0.18 sys=0.00, real=0.04 secs] 
126.503: [GC (Allocation Failure) 126.503: [ParNew (promotion failed): 2751K->3012K(3072K), 0.0136467 secs]126.516: [CMS: 6330K->6328K(6848K), 0.0167690 secs] 9080K->9080K(9920K), [Metaspace: 3748K->3748K(1056768K)], 0.0304867 secs] [Times: user=0.11 sys=0.01, real=0.03 secs] 
126.534: [GC (CMS Initial Mark) [1 CMS-initial-mark: 6328K(6848K)] 9080K(9920K), 0.0030868 secs] [Times: user=0.00 sys=0.00, real=0.00 secs] 
126.537: [CMS-concurrent-mark-start]
126.537: [GC (Allocation Failure) 126.537: [ParNew (promotion failed): 2751K->3014K(3072K), 0.0144389 secs]126.552: [CMS126.555: [CMS-concurrent-mark: 0.003/0.018 secs] [Times: user=0.11 sys=0.00, real=0.02 secs] 
 (concurrent mode failure): 6330K->6328K(6848K), 0.0200442 secs] 9080K->9080K(9920K), [Metaspace: 3748K->3748K(1056768K)], 0.0345522 secs] [Times: user=0.13 sys=0.00, real=0.04 secs] 
126.573: [GC (Allocation Failure) 126.573: [ParNew (promotion failed): 2751K->2995K(3072K), 0.0174920 secs]126.590: [CMS: 6330K->6328K(6848K), 0.0165744 secs] 9080K->9080K(9920K), [Metaspace: 3748K->3748K(1056768K)], 0.0341290 secs] [Times: user=0.15 sys=0.00, real=0.03 secs] 
126.607: [GC (CMS Initial Mark) [1 CMS-initial-mark: 6328K(6848K)] 9080K(9920K), 0.0030379 secs] [Times: user=0.00 sys=0.00, real=0.01 secs] 
126.610: [CMS-concurrent-mark-start]
126.610: [GC (Allocation Failure) 126.610: [ParNew (promotion failed): 2751K->2997K(3072K), 0.0228381 secs]126.633: [CMS126.637: [CMS-concurrent-mark: 0.004/0.026 secs] [Times: user=0.18 sys=0.00, real=0.02 secs] 
 (concurrent mode failure): 6330K->6328K(6848K), 0.0197597 secs] 9080K->9080K(9920K), [Metaspace: 3748K->3748K(1056768K)], 0.0426549 secs] [Times: user=0.20 sys=0.00, real=0.04 secs] 
126.653: [GC (Allocation Failure) 126.653: [ParNew (promotion failed): 2751K->2997K(3072K), 0.0175649 secs]126.671: [CMS: 6330K->6328K(6848K), 0.0166803 secs] 9080K->9080K(9920K), [Metaspace: 3748K->3748K(1056768K)], 0.0343077 secs] [Times: user=0.15 sys=0.00, real=0.03 secs] 
126.688: [GC (CMS Initial Mark) [1 CMS-initial-mark: 6328K(6848K)] 9080K(9920K), 0.0031880 secs] [Times: user=0.00 sys=0.00, real=0.01 secs] 
126.691: [CMS-concurrent-mark-start]
126.691: [GC (Allocation Failure) 126.691: [ParNew (promotion failed): 2751K->2972K(3072K), 0.0132436 secs]126.705: [CMS126.708: [CMS-concurrent-mark: 0.003/0.017 secs] [Times: user=0.09 sys=0.00, real=0.01 secs] 
 (concurrent mode failure): 6330K->6328K(6848K), 0.0200936 secs] 9080K->9080K(9920K), [Metaspace: 3748K->3748K(1056768K)], 0.0334709 secs] [Times: user=0.11 sys=0.00, real=0.03 secs] 
126.725: [GC (Allocation Failure) 126.725: [ParNew (promotion failed): 2751K->2997K(3072K), 0.0175975 secs]126.743: [CMS: 6330K->6328K(6848K), 0.0165151 secs] 9080K->9080K(9920K), [Metaspace: 3748K->3748K(1056768K)], 0.0341822 secs] [Times: user=0.15 sys=0.00, real=0.04 secs] 
126.760: [GC (CMS Initial Mark) [1 CMS-initial-mark: 6328K(6848K)] 9080K(9920K), 0.0030586 secs] [Times: user=0.00 sys=0.00, real=0.00 secs] 
126.763: [CMS-concurrent-mark-start]
126.763: [GC (Allocation Failure) 126.763: [ParNew (promotion failed): 2751K->2997K(3072K), 0.0163373 secs]126.779: [CMS126.783: [CMS-concurrent-mark: 0.003/0.020 secs] [Times: user=0.13 sys=0.00, real=0.02 secs] 
 (concurrent mode failure): 6330K->6328K(6848K), 0.0199089 secs] 9080K->9080K(9920K), [Metaspace: 3748K->3748K(1056768K)], 0.0363087 secs] [Times: user=0.15 sys=0.00, real=0.04 secs] 
126.800: [GC (Allocation Failure) 126.800: [ParNew (promotion failed): 2751K->2997K(3072K), 0.0183325 secs]126.818: [CMS: 6330K->6328K(6848K), 0.0166759 secs] 9080K->9080K(9920K), [Metaspace: 3748K->3748K(1056768K)], 0.0350697 secs] [Times: user=0.15 sys=0.00, real=0.03 secs] 
126.835: [GC (CMS Initial Mark) [1 CMS-initial-mark: 6328K(6848K)] 9080K(9920K), 0.0030491 secs] [Times: user=0.01 sys=0.00, real=0.00 secs] 
126.838: [CMS-concurrent-mark-start]
126.839: [GC (Allocation Failure) 126.839: [ParNew (promotion failed): 2751K->2997K(3072K), 0.0148834 secs]126.854: [CMS126.857: [CMS-concurrent-mark: 0.004/0.019 secs] [Times: user=0.12 sys=0.00, real=0.02 secs] 
 (concurrent mode failure): 6330K->6328K(6848K), 0.0195748 secs] 9080K->9080K(9920K), [Metaspace: 3748K->3748K(1056768K)], 0.0345164 secs] [Times: user=0.13 sys=0.00, real=0.04 secs] 
126.874: [GC (Allocation Failure) 126.874: [ParNew (promotion failed): 2751K->3022K(3072K), 0.0184630 secs]126.893: [CMS: 6330K->6328K(6848K), 0.0165609 secs] 9080K->9080K(9920K), [Metaspace: 3748K->3748K(1056768K)], 0.0350885 secs] [Times: user=0.16 sys=0.01, real=0.04 secs] 
126.910: [GC (CMS Initial Mark) [1 CMS-initial-mark: 6328K(6848K)] 9080K(9920K), 0.0030526 secs] [Times: user=0.00 sys=0.00, real=0.00 secs] 
126.913: [CMS-concurrent-mark-start]
126.913: [GC (Allocation Failure) 126.913: [ParNew (promotion failed): 2751K->2997K(3072K), 0.0170859 secs]126.930: [CMS126.933: [CMS-concurrent-mark: 0.003/0.021 secs] [Times: user=0.12 sys=0.00, real=0.02 secs] 
 (concurrent mode failure): 6330K->6328K(6848K), 0.0199528 secs] 9080K->9080K(9920K), [Metaspace: 3748K->3748K(1056768K)], 0.0370932 secs] [Times: user=0.14 sys=0.00, real=0.04 secs] 
126.950: [GC (Allocation Failure) 126.950: [ParNew (promotion failed): 2751K->2997K(3072K), 0.0160687 secs]126.966: [CMS: 6330K->6328K(6848K), 0.0163450 secs] 9080K->9080K(9920K), [Metaspace: 3748K->3748K(1056768K)], 0.0324670 secs] [Times: user=0.13 sys=0.00, real=0.03 secs] 
126.983: [GC (CMS Initial Mark) [1 CMS-initial-mark: 6328K(6848K)] 9080K(9920K), 0.0030735 secs] [Times: user=0.00 sys=0.00, real=0.00 secs] 
126.986: [CMS-concurrent-mark-start]
126.986: [GC (Allocation Failure) 126.986: [ParNew (promotion failed): 2751K->2997K(3072K), 0.0232687 secs]127.009: [CMS127.013: [CMS-concurrent-mark: 0.004/0.027 secs] [Times: user=0.18 sys=0.00, real=0.03 secs] 
 (concurrent mode failure): 6330K->6328K(6848K), 0.0198518 secs] 9080K->9080K(9920K), [Metaspace: 3748K->3748K(1056768K)], 0.0431810 secs] [Times: user=0.20 sys=0.00, real=0.05 secs] 
127.030: [GC (Allocation Failure) 127.030: [ParNew (promotion failed): 2751K->2997K(3072K), 0.0208304 secs]127.051: [CMS: 6330K->6328K(6848K), 0.0167293 secs] 9080K->9080K(9920K), [Metaspace: 3748K->3748K(1056768K)], 0.0376258 secs] [Times: user=0.16 sys=0.00, real=0.03 secs] 
127.068: [GC (CMS Initial Mark) [1 CMS-initial-mark: 6328K(6848K)] 9080K(9920K), 0.0030931 secs] [Times: user=0.01 sys=0.00, real=0.01 secs] 
127.071: [CMS-concurrent-mark-start]
127.071: [GC (Allocation Failure) 127.071: [ParNew (promotion failed): 2751K->2997K(3072K), 0.0165404 secs]127.088: [CMS127.091: [CMS-concurrent-mark: 0.003/0.020 secs] [Times: user=0.13 sys=0.00, real=0.02 secs] 
 (concurrent mode failure): 6331K->6328K(6848K), 0.0199057 secs] 9080K->9080K(9920K), [Metaspace: 3748K->3748K(1056768K)], 0.0364964 secs] [Times: user=0.14 sys=0.00, real=0.03 secs] 
127.109: [GC (Allocation Failure) 127.109: [ParNew (promotion failed): 2751K->3022K(3072K), 0.0151421 secs]127.124: [CMS: 6331K->6328K(6848K), 0.0165345 secs] 9080K->9080K(9920K), [Metaspace: 3748K->3748K(1056768K)], 0.0317369 secs] [Times: user=0.13 sys=0.00, real=0.04 secs] 
127.141: [GC (CMS Initial Mark) [1 CMS-initial-mark: 6328K(6848K)] 9080K(9920K), 0.0030792 secs] [Times: user=0.01 sys=0.00, real=0.00 secs] 
127.144: [CMS-concurrent-mark-start]
127.144: [GC (Allocation Failure) 127.144: [ParNew (promotion failed): 2751K->3071K(3072K), 0.0229416 secs]127.167: [CMS127.170: [CMS-concurrent-mark: 0.004/0.027 secs] [Times: user=0.18 sys=0.00, real=0.03 secs] 
 (concurrent mode failure): 6330K->6328K(6848K), 0.0197567 secs] 9080K->9080K(9920K), [Metaspace: 3748K->3748K(1056768K)], 0.0427714 secs] [Times: user=0.20 sys=0.00, real=0.04 secs] 
127.187: [GC (Allocation Failure) 127.187: [ParNew (promotion failed): 2751K->2997K(3072K), 0.0151765 secs]127.202: [CMS: 6330K->6328K(6848K), 0.0165283 secs] 9080K->9080K(9920K), [Metaspace: 3748K->3748K(1056768K)], 0.0317741 secs] [Times: user=0.13 sys=0.00, real=0.03 secs] 
127.219: [GC (CMS Initial Mark) [1 CMS-initial-mark: 6328K(6848K)] 9080K(9920K), 0.0030584 secs] [Times: user=0.00 sys=0.00, real=0.00 secs] 
127.222: [CMS-concurrent-mark-start]
127.222: [GC (Allocation Failure) 127.222: [ParNew (promotion failed): 2751K->2997K(3072K), 0.0202648 secs]127.243: [CMS127.246: [CMS-concurrent-mark: 0.004/0.024 secs] [Times: user=0.16 sys=0.00, real=0.02 secs] 
 (concurrent mode failure): 6330K->6328K(6848K), 0.0201772 secs] 9080K->9080K(9920K), [Metaspace: 3748K->3748K(1056768K)], 0.0405059 secs] [Times: user=0.18 sys=0.00, real=0.04 secs] 
127.263: [GC (Allocation Failure) 127.263: [ParNew (promotion failed): 2751K->3022K(3072K), 0.0143262 secs]127.278: [CMS: 6330K->6328K(6848K), 0.0164646 secs] 9080K->9080K(9920K), [Metaspace: 3748K->3748K(1056768K)], 0.0308533 secs] [Times: user=0.12 sys=0.01, real=0.03 secs] 
127.295: [GC (CMS Initial Mark) [1 CMS-initial-mark: 6328K(6848K)] 9080K(9920K), 0.0030400 secs] [Times: user=0.00 sys=0.00, real=0.00 secs] 
127.298: [CMS-concurrent-mark-start]
127.298: [GC (Allocation Failure) 127.298: [ParNew (promotion failed): 2751K->3022K(3072K), 0.0149540 secs]127.313: [CMS127.316: [CMS-concurrent-mark: 0.003/0.018 secs] [Times: user=0.12 sys=0.00, real=0.02 secs] 
 (concurrent mode failure): 6331K->6328K(6848K), 0.0199873 secs] 9080K->9080K(9920K), [Metaspace: 3748K->3748K(1056768K)], 0.0350004 secs] [Times: user=0.14 sys=0.00, real=0.04 secs] 
127.333: [GC (Allocation Failure) 127.333: [ParNew (promotion failed): 2751K->2997K(3072K), 0.0256211 secs]127.359: [CMS: 6331K->6328K(6848K), 0.0165232 secs] 9080K->9080K(9920K), [Metaspace: 3748K->3748K(1056768K)], 0.0422035 secs] [Times: user=0.21 sys=0.00, real=0.04 secs] 
127.376: [GC (CMS Initial Mark) [1 CMS-initial-mark: 6328K(6848K)] 9080K(9920K), 0.0030231 secs] [Times: user=0.00 sys=0.00, real=0.00 secs] 
127.379: [CMS-concurrent-mark-start]
127.380: [GC (Allocation Failure) 127.380: [ParNew (promotion failed): 2751K->3022K(3072K), 0.0242582 secs]127.404: [CMS127.407: [CMS-concurrent-mark: 0.004/0.028 secs] [Times: user=0.20 sys=0.00, real=0.02 secs] 
 (concurrent mode failure): 6331K->6328K(6848K), 0.0195261 secs] 9080K->9080K(9920K), [Metaspace: 3748K->3748K(1056768K)], 0.0438472 secs] [Times: user=0.20 sys=0.00, real=0.04 secs] 
127.424: [GC (Allocation Failure) 127.424: [ParNew (promotion failed): 2751K->2997K(3072K), 0.0224369 secs]127.447: [CMS: 6330K->6328K(6848K), 0.0166479 secs] 9080K->9080K(9920K), [Metaspace: 3748K->3748K(1056768K)], 0.0391470 secs] [Times: user=0.19 sys=0.00, real=0.04 secs] 
127.464: [GC (CMS Initial Mark) [1 CMS-initial-mark: 6328K(6848K)] 9080K(9920K), 0.0030611 secs] [Times: user=0.00 sys=0.00, real=0.00 secs] 
127.467: [CMS-concurrent-mark-start]
127.467: [GC (Allocation Failure) 127.467: [ParNew (promotion failed): 2751K->2997K(3072K), 0.0156818 secs]127.482: [CMS127.486: [CMS-concurrent-mark: 0.003/0.019 secs] [Times: user=0.13 sys=0.00, real=0.02 secs] 
 (concurrent mode failure): 6330K->6328K(6848K), 0.0199283 secs] 9080K->9080K(9920K), [Metaspace: 3748K->3748K(1056768K)], 0.0356650 secs] [Times: user=0.14 sys=0.00, real=0.04 secs] 
127.503: [GC (Allocation Failure) 127.503: [ParNew (promotion failed): 2751K->3046K(3072K), 0.0135025 secs]127.516: [CMS: 6330K->6328K(6848K), 0.0167199 secs] 9080K->9080K(9920K), [Metaspace: 3748K->3748K(1056768K)], 0.0302894 secs] [Times: user=0.10 sys=0.00, real=0.03 secs] 
127.533: [GC (CMS Initial Mark) [1 CMS-initial-mark: 6328K(6848K)] 9080K(9920K), 0.0030615 secs] [Times: user=0.00 sys=0.00, real=0.00 secs] 
127.536: [CMS-concurrent-mark-start]
127.537: [GC (Allocation Failure) 127.537: [ParNew (promotion failed): 2751K->3022K(3072K), 0.0186982 secs]127.555: [CMS127.559: [CMS-concurrent-mark: 0.004/0.022 secs] [Times: user=0.15 sys=0.00, real=0.02 secs] 
 (concurrent mode failure): 6331K->6328K(6848K), 0.0200038 secs] 9080K->9080K(9920K), [Metaspace: 3748K->3748K(1056768K)], 0.0387669 secs] [Times: user=0.17 sys=0.00, real=0.04 secs] 
127.576: [GC (Allocation Failure) 127.576: [ParNew (promotion failed): 2751K->2997K(3072K), 0.0154500 secs]127.591: [CMS: 6331K->6328K(6848K), 0.0164672 secs] 9080K->9080K(9920K), [Metaspace: 3748K->3748K(1056768K)], 0.0319763 secs] [Times: user=0.13 sys=0.00, real=0.03 secs] 
127.609: [GC (CMS Initial Mark) [1 CMS-initial-mark: 6329K(6848K)] 9080K(9920K), 0.0030645 secs] [Times: user=0.00 sys=0.00, real=0.01 secs] 
127.612: [CMS-concurrent-mark-start]
127.612: [GC (Allocation Failure) 127.612: [ParNew (promotion failed): 2751K->3022K(3072K), 0.0165548 secs]127.628: [CMS127.632: [CMS-concurrent-mark: 0.004/0.020 secs] [Times: user=0.13 sys=0.01, real=0.02 secs] 
 (concurrent mode failure): 6331K->6328K(6848K), 0.0199979 secs] 9080K->9080K(9920K), [Metaspace: 3748K->3748K(1056768K)], 0.0366205 secs] [Times: user=0.15 sys=0.01, real=0.03 secs] 
127.649: [GC (Allocation Failure) 127.649: [ParNew (promotion failed): 2751K->2997K(3072K), 0.0179703 secs]127.667: [CMS: 6331K->6328K(6848K), 0.0165261 secs] 9080K->9080K(9920K), [Metaspace: 3748K->3748K(1056768K)], 0.0345615 secs] [Times: user=0.15 sys=0.00, real=0.03 secs] 
127.684: [GC (CMS Initial Mark) [1 CMS-initial-mark: 6328K(6848K)] 9080K(9920K), 0.0030796 secs] [Times: user=0.00 sys=0.00, real=0.00 secs] 
127.687: [CMS-concurrent-mark-start]
127.688: [GC (Allocation Failure) 127.688: [ParNew (promotion failed): 2751K->3022K(3072K), 0.0157788 secs]127.703: [CMS127.707: [CMS-concurrent-mark: 0.004/0.019 secs] [Times: user=0.13 sys=0.00, real=0.02 secs] 
 (concurrent mode failure): 6330K->6328K(6848K), 0.0197799 secs] 9080K->9080K(9920K), [Metaspace: 3748K->3748K(1056768K)], 0.0356248 secs] [Times: user=0.14 sys=0.00, real=0.04 secs] 
127.723: [GC (Allocation Failure) 127.723: [ParNew (promotion failed): 2751K->3022K(3072K), 0.0157741 secs]127.739: [CMS: 6330K->6328K(6848K), 0.0165140 secs] 9080K->9080K(9920K), [Metaspace: 3748K->3748K(1056768K)], 0.0323495 secs] [Times: user=0.13 sys=0.00, real=0.03 secs] 
127.756: [GC (CMS Initial Mark) [1 CMS-initial-mark: 6328K(6848K)] 9080K(9920K), 0.0030698 secs] [Times: user=0.01 sys=0.00, real=0.00 secs] 
127.759: [CMS-concurrent-mark-start]
127.759: [GC (Allocation Failure) 127.759: [ParNew (promotion failed): 2751K->3022K(3072K), 0.0147859 secs]127.774: [CMS127.777: [CMS-concurrent-mark: 0.003/0.018 secs] [Times: user=0.11 sys=0.00, real=0.02 secs] 
 (concurrent mode failure): 6330K->6328K(6848K), 0.0199243 secs] 9080K->9080K(9920K), [Metaspace: 3748K->3748K(1056768K)], 0.0347738 secs] [Times: user=0.13 sys=0.00, real=0.04 secs] 
127.794: [GC (Allocation Failure) 127.794: [ParNew (promotion failed): 2751K->2997K(3072K), 0.0163552 secs]127.811: [CMS: 6331K->6328K(6848K), 0.0164659 secs] 9080K->9080K(9920K), [Metaspace: 3748K->3748K(1056768K)], 0.0328857 secs] [Times: user=0.14 sys=0.00, real=0.03 secs] 
127.828: [GC (CMS Initial Mark) [1 CMS-initial-mark: 6329K(6848K)] 9080K(9920K), 0.0030433 secs] [Times: user=0.00 sys=0.00, real=0.01 secs] 
127.831: [CMS-concurrent-mark-start]
127.831: [GC (Allocation Failure) 127.831: [ParNew (promotion failed): 2751K->2997K(3072K), 0.0161780 secs]127.847: [CMS127.850: [CMS-concurrent-mark: 0.003/0.020 secs] [Times: user=0.13 sys=0.00, real=0.02 secs] 
 (concurrent mode failure): 6331K->6328K(6848K), 0.0199519 secs] 9080K->9080K(9920K), [Metaspace: 3748K->3748K(1056768K)], 0.0362024 secs] [Times: user=0.15 sys=0.00, real=0.03 secs] 
127.868: [GC (Allocation Failure) 127.868: [ParNew (promotion failed): 2751K->2997K(3072K), 0.0230837 secs]127.891: [CMS: 6331K->6328K(6848K), 0.0166967 secs] 9081K->9080K(9920K), [Metaspace: 3748K->3748K(1056768K)], 0.0398473 secs] [Times: user=0.19 sys=0.00, real=0.04 secs] 
127.909: [GC (CMS Initial Mark) [1 CMS-initial-mark: 6329K(6848K)] 9081K(9920K), 0.0032018 secs] [Times: user=0.01 sys=0.00, real=0.01 secs] 
127.912: [CMS-concurrent-mark-start]
127.914: [GC (Allocation Failure) 127.914: [ParNew (promotion failed): 2751K->2997K(3072K), 0.0191170 secs]127.933: [CMS127.935: [CMS-concurrent-mark: 0.004/0.023 secs] [Times: user=0.12 sys=0.00, real=0.02 secs] 
 (concurrent mode failure): 6331K->6328K(6848K), 0.0185306 secs] 9081K->9080K(9920K), [Metaspace: 3748K->3748K(1056768K)], 0.0377052 secs] [Times: user=0.13 sys=0.00, real=0.04 secs] 
127.952: [GC (Allocation Failure) 127.952: [ParNew (promotion failed): 2751K->3022K(3072K), 0.0201694 secs]127.972: [CMS: 6331K->6328K(6848K), 0.0166473 secs] 9080K->9080K(9920K), [Metaspace: 3748K->3748K(1056768K)], 0.0368816 secs] [Times: user=0.15 sys=0.00, real=0.03 secs] 
127.989: [GC (CMS Initial Mark) [1 CMS-initial-mark: 6328K(6848K)] 9080K(9920K), 0.0030427 secs] [Times: user=0.01 sys=0.00, real=0.01 secs] 
127.992: [CMS-concurrent-mark-start]
127.992: [GC (Allocation Failure) 127.992: [ParNew (promotion failed): 2751K->2997K(3072K), 0.0213032 secs]128.013: [CMS128.017: [CMS-concurrent-mark: 0.003/0.025 secs] [Times: user=0.17 sys=0.00, real=0.02 secs] 
 (concurrent mode failure): 6330K->6328K(6848K), 0.0199821 secs] 9080K->9080K(9920K), [Metaspace: 3748K->3748K(1056768K)], 0.0413468 secs] [Times: user=0.18 sys=0.00, real=0.04 secs] 
128.034: [GC (Allocation Failure) 128.034: [ParNew (promotion failed): 2751K->3022K(3072K), 0.0228983 secs]128.057: [CMS: 6331K->6328K(6848K), 0.0165847 secs] 9080K->9080K(9920K), [Metaspace: 3748K->3748K(1056768K)], 0.0395465 secs] [Times: user=0.19 sys=0.01, real=0.04 secs] 
128.074: [GC (CMS Initial Mark) [1 CMS-initial-mark: 6329K(6848K)] 9080K(9920K), 0.0031471 secs] [Times: user=0.00 sys=0.00, real=0.00 secs] 
128.077: [CMS-concurrent-mark-start]
128.077: [GC (Allocation Failure) 128.077: [ParNew (promotion failed): 2751K->3022K(3072K), 0.0159932 secs]128.093: [CMS128.096: [CMS-concurrent-mark: 0.004/0.020 secs] [Times: user=0.13 sys=0.00, real=0.02 secs] 
 (concurrent mode failure): 6331K->6329K(6848K), 0.0200911 secs] 9080K->9080K(9920K), [Metaspace: 3748K->3748K(1056768K)], 0.0361465 secs] [Times: user=0.14 sys=0.00, real=0.04 secs] 
128.114: [GC (Allocation Failure) 128.114: [ParNew (promotion failed): 2751K->3022K(3072K), 0.0146469 secs]128.128: [CMS: 6331K->6329K(6848K), 0.0164852 secs] 9081K->9080K(9920K), [Metaspace: 3748K->3748K(1056768K)], 0.0311935 secs] [Times: user=0.12 sys=0.00, real=0.03 secs] 
128.146: [GC (CMS Initial Mark) [1 CMS-initial-mark: 6329K(6848K)] 9081K(9920K), 0.0030552 secs] [Times: user=0.00 sys=0.00, real=0.00 secs] 
128.149: [CMS-concurrent-mark-start]
128.149: [GC (Allocation Failure) 128.149: [ParNew (promotion failed): 2751K->2997K(3072K), 0.0164009 secs]128.165: [CMS128.168: [CMS-concurrent-mark: 0.003/0.020 secs] [Times: user=0.13 sys=0.00, real=0.02 secs] 
 (concurrent mode failure): 6331K->6329K(6848K), 0.0199187 secs] 9081K->9080K(9920K), [Metaspace: 3748K->3748K(1056768K)], 0.0363723 secs] [Times: user=0.15 sys=0.00, real=0.04 secs] 
128.186: [GC (Allocation Failure) 128.186: [ParNew (promotion failed): 2751K->2997K(3072K), 0.0163837 secs]128.202: [CMS: 6331K->6328K(6848K), 0.0165450 secs] 9081K->9080K(9920K), [Metaspace: 3748K->3748K(1056768K)], 0.0329921 secs] [Times: user=0.14 sys=0.00, real=0.03 secs] 
128.219: [GC (CMS Initial Mark) [1 CMS-initial-mark: 6328K(6848K)] 9080K(9920K), 0.0030760 secs] [Times: user=0.00 sys=0.00, real=0.00 secs] 
128.222: [CMS-concurrent-mark-start]
128.223: [GC (Allocation Failure) 128.223: [ParNew (promotion failed): 2751K->3022K(3072K), 0.0164415 secs]128.239: [CMS128.242: [CMS-concurrent-mark: 0.004/0.020 secs] [Times: user=0.13 sys=0.00, real=0.02 secs] 
 (concurrent mode failure): 6331K->6328K(6848K), 0.0197098 secs] 9080K->9080K(9920K), [Metaspace: 3748K->3748K(1056768K)], 0.0362060 secs] [Times: user=0.15 sys=0.00, real=0.03 secs] 
128.259: [GC (Allocation Failure) 128.259: [ParNew (promotion failed): 2751K->2997K(3072K), 0.0167390 secs]128.276: [CMS: 6331K->6328K(6848K), 0.0166232 secs] 9080K->9080K(9920K), [Metaspace: 3748K->3748K(1056768K)], 0.0334208 secs] [Times: user=0.14 sys=0.00, real=0.04 secs] 
128.293: [GC (CMS Initial Mark) [1 CMS-initial-mark: 6328K(6848K)] 9080K(9920K), 0.0030551 secs] [Times: user=0.00 sys=0.00, real=0.00 secs] 
128.296: [CMS-concurrent-mark-start]
128.296: [GC (Allocation Failure) 128.296: [ParNew (promotion failed): 2751K->2997K(3072K), 0.0173617 secs]128.313: [CMS128.317: [CMS-concurrent-mark: 0.003/0.021 secs] [Times: user=0.14 sys=0.00, real=0.02 secs] 
 (concurrent mode failure): 6331K->6328K(6848K), 0.0199102 secs] 9080K->9080K(9920K), [Metaspace: 3748K->3748K(1056768K)], 0.0373261 secs] [Times: user=0.15 sys=0.00, real=0.04 secs] 
128.334: [GC (Allocation Failure) 128.334: [ParNew (promotion failed): 2751K->3046K(3072K), 0.0166873 secs]128.350: [CMS: 6331K->6329K(6848K), 0.0165255 secs] 9081K->9081K(9920K), [Metaspace: 3748K->3748K(1056768K)], 0.0332774 secs] [Times: user=0.15 sys=0.00, real=0.03 secs] 
128.367: [GC (CMS Initial Mark) [1 CMS-initial-mark: 6329K(6848K)] 9081K(9920K), 0.0030477 secs] [Times: user=0.00 sys=0.00, real=0.01 secs] 
128.370: [CMS-concurrent-mark-start]
128.370: [GC (Allocation Failure) 128.371: [ParNew (promotion failed): 2751K->3022K(3072K), 0.0144465 secs]128.385: [CMS128.388: [CMS-concurrent-mark: 0.003/0.018 secs] [Times: user=0.12 sys=0.00, real=0.01 secs] 
 (concurrent mode failure): 6331K->6329K(6848K), 0.0199477 secs] 9081K->9081K(9920K), [Metaspace: 3748K->3748K(1056768K)], 0.0344530 secs] [Times: user=0.13 sys=0.00, real=0.03 secs] 
128.406: [GC (Allocation Failure) 128.406: [ParNew (promotion failed): 2751K->2997K(3072K), 0.0187026 secs]128.424: [CMS: 6331K->6329K(6848K), 0.0165362 secs] 9081K->9081K(9920K), [Metaspace: 3748K->3748K(1056768K)], 0.0352965 secs] [Times: user=0.16 sys=0.00, real=0.04 secs] 
128.441: [GC (CMS Initial Mark) [1 CMS-initial-mark: 6329K(6848K)] 9081K(9920K), 0.0030506 secs] [Times: user=0.00 sys=0.00, real=0.00 secs] 
128.445: [CMS-concurrent-mark-start]
128.445: [GC (Allocation Failure) 128.445: [ParNew (promotion failed): 2751K->2997K(3072K), 0.0229303 secs]128.468: [CMS128.471: [CMS-concurrent-mark: 0.004/0.027 secs] [Times: user=0.19 sys=0.00, real=0.03 secs] 
 (concurrent mode failure): 6331K->6328K(6848K), 0.0195342 secs] 9081K->9080K(9920K), [Metaspace: 3748K->3748K(1056768K)], 0.0425276 secs] [Times: user=0.19 sys=0.00, real=0.04 secs] 
128.488: [GC (Allocation Failure) 128.488: [ParNew (promotion failed): 2751K->2997K(3072K), 0.0182601 secs]128.506: [CMS: 6331K->6328K(6848K), 0.0167002 secs] 9080K->9080K(9920K), [Metaspace: 3748K->3748K(1056768K)], 0.0350208 secs] [Times: user=0.14 sys=0.00, real=0.04 secs] 
128.524: [GC (CMS Initial Mark) [1 CMS-initial-mark: 6328K(6848K)] 9080K(9920K), 0.0030826 secs] [Times: user=0.01 sys=0.00, real=0.00 secs] 
128.527: [CMS-concurrent-mark-start]
128.527: [GC (Allocation Failure) 128.527: [ParNew (promotion failed): 2751K->2997K(3072K), 0.0105891 secs]128.537: [CMS128.541: [CMS-concurrent-mark: 0.003/0.014 secs] [Times: user=0.05 sys=0.00, real=0.02 secs] 
 (concurrent mode failure): 6331K->6328K(6848K), 0.0200714 secs] 9080K->9080K(9920K), [Metaspace: 3748K->3748K(1056768K)], 0.0307160 secs] [Times: user=0.07 sys=0.00, real=0.03 secs] 
128.558: [GC (Allocation Failure) 128.558: [ParNew (promotion failed): 2751K->3022K(3072K), 0.0168231 secs]128.574: [CMS: 6331K->6329K(6848K), 0.0166048 secs] 9080K->9080K(9920K), [Metaspace: 3748K->3748K(1056768K)], 0.0334823 secs] [Times: user=0.12 sys=0.00, real=0.04 secs] 
128.591: [GC (CMS Initial Mark) [1 CMS-initial-mark: 6329K(6848K)] 9081K(9920K), 0.0030810 secs] [Times: user=0.01 sys=0.00, real=0.00 secs] 
128.595: [CMS-concurrent-mark-start]
128.595: [GC (Allocation Failure) 128.595: [ParNew (promotion failed): 2751K->2972K(3072K), 0.0225551 secs]128.617: [CMS128.621: [CMS-concurrent-mark: 0.004/0.026 secs] [Times: user=0.17 sys=0.00, real=0.03 secs] 
 (concurrent mode failure): 6331K->6329K(6848K), 0.0198383 secs] 9081K->9081K(9920K), [Metaspace: 3748K->3748K(1056768K)], 0.0424468 secs] [Times: user=0.19 sys=0.00, real=0.04 secs] 
128.638: [GC (Allocation Failure) 128.638: [ParNew (promotion failed): 2751K->3046K(3072K), 0.0171302 secs]128.655: [CMS: 6331K->6329K(6848K), 0.0165583 secs] 9081K->9081K(9920K), [Metaspace: 3748K->3748K(1056768K)], 0.0337407 secs] [Times: user=0.14 sys=0.00, real=0.04 secs] 
128.672: [GC (CMS Initial Mark) [1 CMS-initial-mark: 6329K(6848K)] 9081K(9920K), 0.0030510 secs] [Times: user=0.00 sys=0.00, real=0.00 secs] 
128.675: [CMS-concurrent-mark-start]
128.675: [GC (Allocation Failure) 128.675: [ParNew (promotion failed): 2751K->2997K(3072K), 0.0175128 secs]128.693: [CMS128.696: [CMS-concurrent-mark: 0.003/0.021 secs] [Times: user=0.14 sys=0.00, real=0.02 secs] 
 (concurrent mode failure): 6331K->6329K(6848K), 0.0200220 secs] 9081K->9081K(9920K), [Metaspace: 3748K->3748K(1056768K)], 0.0375981 secs] [Times: user=0.15 sys=0.00, real=0.04 secs] 
128.714: [GC (Allocation Failure) 128.714: [ParNew (promotion failed): 2751K->2997K(3072K), 0.0168682 secs]128.731: [CMS: 6331K->6328K(6848K), 0.0166289 secs] 9081K->9080K(9920K), [Metaspace: 3748K->3748K(1056768K)], 0.0335667 secs] [Times: user=0.15 sys=0.00, real=0.03 secs] 
128.748: [GC (CMS Initial Mark) [1 CMS-initial-mark: 6329K(6848K)] 9081K(9920K), 0.0030685 secs] [Times: user=0.00 sys=0.00, real=0.01 secs] 
128.751: [CMS-concurrent-mark-start]
128.751: [GC (Allocation Failure) 128.751: [ParNew (promotion failed): 2751K->2997K(3072K), 0.0252534 secs]128.776: [CMS128.780: [CMS-concurrent-mark: 0.004/0.029 secs] [Times: user=0.20 sys=0.01, real=0.03 secs] 
 (concurrent mode failure): 6331K->6328K(6848K), 0.0198476 secs] 9081K->9080K(9920K), [Metaspace: 3748K->3748K(1056768K)], 0.0451589 secs] [Times: user=0.22 sys=0.01, real=0.04 secs] 
128.797: [GC (Allocation Failure) 128.797: [ParNew (promotion failed): 2751K->2997K(3072K), 0.0233917 secs]128.820: [CMS: 6331K->6329K(6848K), 0.0164484 secs] 9080K->9080K(9920K), [Metaspace: 3748K->3748K(1056768K)], 0.0399302 secs] [Times: user=0.19 sys=0.00, real=0.04 secs] 
128.837: [GC (CMS Initial Mark) [1 CMS-initial-mark: 6329K(6848K)] 9081K(9920K), 0.0030444 secs] [Times: user=0.00 sys=0.00, real=0.01 secs] 
128.840: [CMS-concurrent-mark-start]
128.840: [GC (Allocation Failure) 128.840: [ParNew (promotion failed): 2751K->2997K(3072K), 0.0145032 secs]128.854: [CMS128.858: [CMS-concurrent-mark: 0.003/0.018 secs] [Times: user=0.12 sys=0.00, real=0.01 secs] 
 (concurrent mode failure): 6331K->6329K(6848K), 0.0199853 secs] 9081K->9081K(9920K), [Metaspace: 3748K->3748K(1056768K)], 0.0345506 secs] [Times: user=0.13 sys=0.00, real=0.03 secs] 
128.875: [GC (Allocation Failure) 128.875: [ParNew (promotion failed): 2751K->2997K(3072K), 0.0154982 secs]128.890: [CMS: 6331K->6329K(6848K), 0.0165103 secs] 9081K->9081K(9920K), [Metaspace: 3748K->3748K(1056768K)], 0.0320746 secs] [Times: user=0.14 sys=0.00, real=0.03 secs] 
128.907: [GC (CMS Initial Mark) [1 CMS-initial-mark: 6329K(6848K)] 9081K(9920K), 0.0030634 secs] [Times: user=0.00 sys=0.00, real=0.01 secs] 
128.910: [CMS-concurrent-mark-start]
128.910: [GC (Allocation Failure) 128.910: [ParNew (promotion failed): 2751K->2997K(3072K), 0.0159901 secs]128.926: [CMS128.930: [CMS-concurrent-mark: 0.003/0.020 secs] [Times: user=0.12 sys=0.00, real=0.02 secs] 
 (concurrent mode failure): 6331K->6329K(6848K), 0.0198718 secs] 9081K->9081K(9920K), [Metaspace: 3748K->3748K(1056768K)], 0.0359182 secs] [Times: user=0.14 sys=0.00, real=0.03 secs] 
128.947: [GC (Allocation Failure) 128.947: [ParNew (promotion failed): 2751K->2997K(3072K), 0.0148489 secs]128.962: [CMS: 6331K->6329K(6848K), 0.0165748 secs] 9081K->9081K(9920K), [Metaspace: 3748K->3748K(1056768K)], 0.0314834 secs] [Times: user=0.13 sys=0.00, real=0.03 secs] 
128.979: [GC (CMS Initial Mark) [1 CMS-initial-mark: 6329K(6848K)] 9081K(9920K), 0.0030830 secs] [Times: user=0.00 sys=0.00, real=0.01 secs] 
128.982: [CMS-concurrent-mark-start]
128.983: [GC (Allocation Failure) 128.983: [ParNew (promotion failed): 2751K->2997K(3072K), 0.0170940 secs]129.000: [CMS129.003: [CMS-concurrent-mark: 0.003/0.021 secs] [Times: user=0.14 sys=0.00, real=0.02 secs] 
 (concurrent mode failure): 6331K->6329K(6848K), 0.0194943 secs] 9081K->9080K(9920K), [Metaspace: 3748K->3748K(1056768K)], 0.0366535 secs] [Times: user=0.15 sys=0.00, real=0.04 secs] 
129.020: [GC (Allocation Failure) 129.020: [ParNew (promotion failed): 2751K->3022K(3072K), 0.0180474 secs]129.038: [CMS: 6331K->6329K(6848K), 0.0166920 secs] 9081K->9080K(9920K), [Metaspace: 3748K->3748K(1056768K)], 0.0348022 secs] [Times: user=0.16 sys=0.00, real=0.03 secs] 
129.055: [GC (CMS Initial Mark) [1 CMS-initial-mark: 6329K(6848K)] 9081K(9920K), 0.0030552 secs] [Times: user=0.00 sys=0.00, real=0.00 secs] 
129.058: [CMS-concurrent-mark-start]
129.058: [GC (Allocation Failure) 129.058: [ParNew (promotion failed): 2751K->2997K(3072K), 0.0219843 secs]129.080: [CMS129.084: [CMS-concurrent-mark: 0.004/0.026 secs] [Times: user=0.17 sys=0.00, real=0.03 secs] 
 (concurrent mode failure): 6331K->6329K(6848K), 0.0200693 secs] 9081K->9081K(9920K), [Metaspace: 3748K->3748K(1056768K)], 0.0421128 secs] [Times: user=0.18 sys=0.00, real=0.05 secs] 
129.100: [GC (Allocation Failure) 129.100: [ParNew (promotion failed): 2751K->2997K(3072K), 0.0204902 secs]129.121: [CMS: 6331K->6329K(6848K), 0.0165029 secs] 9081K->9081K(9920K), [Metaspace: 3748K->3748K(1056768K)], 0.0370481 secs] [Times: user=0.18 sys=0.00, real=0.03 secs] 
129.138: [GC (CMS Initial Mark) [1 CMS-initial-mark: 6329K(6848K)] 9081K(9920K), 0.0030858 secs] [Times: user=0.00 sys=0.00, real=0.01 secs] 
129.141: [CMS-concurrent-mark-start]
129.141: [GC (Allocation Failure) 129.141: [ParNew (promotion failed): 2751K->2997K(3072K), 0.0148368 secs]129.156: [CMS129.159: [CMS-concurrent-mark: 0.004/0.018 secs] [Times: user=0.12 sys=0.01, real=0.02 secs] 
 (concurrent mode failure): 6331K->6329K(6848K), 0.0198968 secs] 9081K->9081K(9920K), [Metaspace: 3748K->3748K(1056768K)], 0.0347928 secs] [Times: user=0.13 sys=0.01, real=0.03 secs] 
129.176: [GC (Allocation Failure) 129.176: [ParNew (promotion failed): 2751K->2997K(3072K), 0.0161918 secs]129.194: [CMS: 6331K->6329K(6848K), 0.0164793 secs] 9081K->9081K(9920K), [Metaspace: 3748K->3748K(1056768K)], 0.0338632 secs] [Times: user=0.14 sys=0.00, real=0.04 secs] 
129.211: [GC (CMS Initial Mark) [1 CMS-initial-mark: 6329K(6848K)] 9081K(9920K), 0.0030679 secs] [Times: user=0.00 sys=0.00, real=0.00 secs] 
129.214: [CMS-concurrent-mark-start]
129.214: [GC (Allocation Failure) 129.214: [ParNew (promotion failed): 2751K->2997K(3072K), 0.0163536 secs]129.231: [CMS129.234: [CMS-concurrent-mark: 0.003/0.020 secs] [Times: user=0.13 sys=0.00, real=0.02 secs] 
 (concurrent mode failure): 6331K->6329K(6848K), 0.0199029 secs] 9081K->9081K(9920K), [Metaspace: 3748K->3748K(1056768K)], 0.0363121 secs] [Times: user=0.15 sys=0.00, real=0.04 secs] 
129.251: [GC (Allocation Failure) 129.251: [ParNew (promotion failed): 2751K->2997K(3072K), 0.0205990 secs]129.272: [CMS: 6331K->6329K(6848K), 0.0165357 secs] 9081K->9081K(9920K), [Metaspace: 3748K->3748K(1056768K)], 0.0371952 secs] [Times: user=0.17 sys=0.00, real=0.03 secs] 
129.289: [GC (CMS Initial Mark) [1 CMS-initial-mark: 6329K(6848K)] 9081K(9920K), 0.0030404 secs] [Times: user=0.01 sys=0.00, real=0.01 secs] 
129.292: [CMS-concurrent-mark-start]
129.292: [GC (Allocation Failure) 129.292: [ParNew (promotion failed): 2751K->2997K(3072K), 0.0158479 secs]129.308: [CMS129.311: [CMS-concurrent-mark: 0.003/0.019 secs] [Times: user=0.12 sys=0.00, real=0.02 secs] 
 (concurrent mode failure): 6331K->6329K(6848K), 0.0198292 secs] 9081K->9081K(9920K), [Metaspace: 3748K->3748K(1056768K)], 0.0357325 secs] [Times: user=0.14 sys=0.00, real=0.03 secs] 
129.328: [GC (Allocation Failure) 129.328: [ParNew (promotion failed): 2751K->3022K(3072K), 0.0185121 secs]129.347: [CMS: 6331K->6329K(6848K), 0.0166353 secs] 9081K->9081K(9920K), [Metaspace: 3748K->3748K(1056768K)], 0.0352027 secs] [Times: user=0.15 sys=0.00, real=0.04 secs] 
129.364: [GC (CMS Initial Mark) [1 CMS-initial-mark: 6329K(6848K)] 9081K(9920K), 0.0030663 secs] [Times: user=0.01 sys=0.00, real=0.00 secs] 
129.367: [CMS-concurrent-mark-start]
129.367: [GC (Allocation Failure) 129.367: [ParNew (promotion failed): 2751K->2997K(3072K), 0.0165016 secs]129.383: [CMS129.387: [CMS-concurrent-mark: 0.004/0.020 secs] [Times: user=0.13 sys=0.00, real=0.02 secs] 
 (concurrent mode failure): 6331K->6329K(6848K), 0.0199643 secs] 9081K->9081K(9920K), [Metaspace: 3748K->3748K(1056768K)], 0.0365236 secs] [Times: user=0.14 sys=0.00, real=0.04 secs] 
129.404: [GC (Allocation Failure) 129.404: [ParNew (promotion failed): 2751K->2997K(3072K), 0.0106576 secs]129.414: [CMS: 6331K->6329K(6848K), 0.0173839 secs] 9081K->9081K(9920K), [Metaspace: 3748K->3748K(1056768K)], 0.0281043 secs] [Times: user=0.08 sys=0.00, real=0.03 secs] 
129.432: [GC (CMS Initial Mark) [1 CMS-initial-mark: 6329K(6848K)] 9081K(9920K), 0.0033951 secs] [Times: user=0.00 sys=0.00, real=0.00 secs] 
129.436: [CMS-concurrent-mark-start]
129.436: [GC (Allocation Failure) 129.436: [ParNew (promotion failed): 2751K->3022K(3072K), 0.0191832 secs]129.455: [CMS129.458: [CMS-concurrent-mark: 0.003/0.023 secs] [Times: user=0.13 sys=0.00, real=0.02 secs] 
 (concurrent mode failure): 6331K->6329K(6848K), 0.0198618 secs] 9081K->9081K(9920K), [Metaspace: 3748K->3748K(1056768K)], 0.0391182 secs] [Times: user=0.14 sys=0.00, real=0.04 secs] 
129.476: [GC (Allocation Failure) 129.476: [ParNew (promotion failed): 2751K->3022K(3072K), 0.0156003 secs]129.491: [CMS: 6331K->6329K(6848K), 0.0166691 secs] 9081K->9081K(9920K), [Metaspace: 3748K->3748K(1056768K)], 0.0323397 secs] [Times: user=0.14 sys=0.00, real=0.03 secs] 
129.508: [GC (CMS Initial Mark) [1 CMS-initial-mark: 6329K(6848K)] 9081K(9920K), 0.0030919 secs] [Times: user=0.00 sys=0.00, real=0.01 secs] 
129.512: [CMS-concurrent-mark-start]
129.512: [GC (Allocation Failure) 129.512: [ParNew (promotion failed): 2751K->2997K(3072K), 0.0179379 secs]129.530: [CMS129.533: [CMS-concurrent-mark: 0.004/0.022 secs] [Times: user=0.13 sys=0.01, real=0.02 secs] 
 (concurrent mode failure): 6331K->6329K(6848K), 0.0195610 secs] 9081K->9081K(9920K), [Metaspace: 3748K->3748K(1056768K)], 0.0375579 secs] [Times: user=0.15 sys=0.00, real=0.04 secs] 
129.550: [GC (Allocation Failure) 129.550: [ParNew (promotion failed): 2751K->2997K(3072K), 0.0169575 secs]129.567: [CMS: 6331K->6329K(6848K), 0.0167660 secs] 9081K->9081K(9920K), [Metaspace: 3748K->3748K(1056768K)], 0.0337947 secs] [Times: user=0.14 sys=0.00, real=0.03 secs] 
129.584: [GC (CMS Initial Mark) [1 CMS-initial-mark: 6329K(6848K)] 9081K(9920K), 0.0030674 secs] [Times: user=0.00 sys=0.00, real=0.00 secs] 
129.587: [CMS-concurrent-mark-start]
129.588: [GC (Allocation Failure) 129.588: [ParNew (promotion failed): 2751K->2997K(3072K), 0.0146968 secs]129.602: [CMS129.606: [CMS-concurrent-mark: 0.003/0.018 secs] [Times: user=0.12 sys=0.00, real=0.02 secs] 
 (concurrent mode failure): 6331K->6329K(6848K), 0.0198505 secs] 9081K->9081K(9920K), [Metaspace: 3748K->3748K(1056768K)], 0.0346091 secs] [Times: user=0.13 sys=0.00, real=0.04 secs] 
129.622: [GC (Allocation Failure) 129.622: [ParNew (promotion failed): 2751K->2997K(3072K), 0.0163227 secs]129.639: [CMS: 6331K->6329K(6848K), 0.0164952 secs] 9081K->9081K(9920K), [Metaspace: 3748K->3748K(1056768K)], 0.0328783 secs] [Times: user=0.14 sys=0.00, real=0.03 secs] 
129.656: [GC (CMS Initial Mark) [1 CMS-initial-mark: 6329K(6848K)] 9081K(9920K), 0.0030868 secs] [Times: user=0.00 sys=0.00, real=0.00 secs] 
129.659: [CMS-concurrent-mark-start]
129.659: [GC (Allocation Failure) 129.659: [ParNew (promotion failed): 2751K->2997K(3072K), 0.0176831 secs]129.677: [CMS129.680: [CMS-concurrent-mark: 0.004/0.021 secs] [Times: user=0.14 sys=0.00, real=0.03 secs] 
 (concurrent mode failure): 6331K->6329K(6848K), 0.0198811 secs] 9081K->9081K(9920K), [Metaspace: 3748K->3748K(1056768K)], 0.0376281 secs] [Times: user=0.16 sys=0.00, real=0.04 secs] 
129.697: [GC (Allocation Failure) 129.697: [ParNew (promotion failed): 2751K->3022K(3072K), 0.0179369 secs]129.715: [CMS: 6331K->6329K(6848K), 0.0167426 secs] 9081K->9081K(9920K), [Metaspace: 3748K->3748K(1056768K)], 0.0347416 secs] [Times: user=0.15 sys=0.00, real=0.04 secs] 
129.733: [GC (CMS Initial Mark) [1 CMS-initial-mark: 6329K(6848K)] 9081K(9920K), 0.0030424 secs] [Times: user=0.00 sys=0.00, real=0.00 secs] 
129.736: [CMS-concurrent-mark-start]
129.736: [GC (Allocation Failure) 129.736: [ParNew (promotion failed): 2751K->2997K(3072K), 0.0147087 secs]129.750: [CMS129.754: [CMS-concurrent-mark: 0.003/0.018 secs] [Times: user=0.12 sys=0.00, real=0.02 secs] 
 (concurrent mode failure): 6331K->6329K(6848K), 0.0200173 secs] 9081K->9081K(9920K), [Metaspace: 3748K->3748K(1056768K)], 0.0347877 secs] [Times: user=0.13 sys=0.00, real=0.04 secs] 
129.771: [GC (Allocation Failure) 129.771: [ParNew (promotion failed): 2751K->3022K(3072K), 0.0175350 secs]129.789: [CMS: 6331K->6329K(6848K), 0.0165645 secs] 9081K->9081K(9920K), [Metaspace: 3748K->3748K(1056768K)], 0.0341643 secs] [Times: user=0.15 sys=0.00, real=0.03 secs] 
129.806: [GC (CMS Initial Mark) [1 CMS-initial-mark: 6329K(6848K)] 9081K(9920K), 0.0030736 secs] [Times: user=0.00 sys=0.00, real=0.00 secs] 
129.809: [CMS-concurrent-mark-start]
129.809: [GC (Allocation Failure) 129.809: [ParNew (promotion failed): 2751K->2997K(3072K), 0.0211626 secs]129.831: [CMS129.834: [CMS-concurrent-mark: 0.003/0.025 secs] [Times: user=0.17 sys=0.00, real=0.03 secs] 
 (concurrent mode failure): 6331K->6329K(6848K), 0.0198513 secs] 9081K->9081K(9920K), [Metaspace: 3748K->3748K(1056768K)], 0.0410773 secs] [Times: user=0.17 sys=0.00, real=0.04 secs] 
129.851: [GC (Allocation Failure) 129.851: [ParNew (promotion failed): 2751K->2997K(3072K), 0.0177190 secs]129.868: [CMS: 6331K->6329K(6848K), 0.0164850 secs] 9081K->9081K(9920K), [Metaspace: 3748K->3748K(1056768K)], 0.0342689 secs] [Times: user=0.15 sys=0.00, real=0.03 secs] 
129.885: [GC (CMS Initial Mark) [1 CMS-initial-mark: 6329K(6848K)] 9081K(9920K), 0.0030826 secs] [Times: user=0.00 sys=0.01, real=0.00 secs] 
129.888: [CMS-concurrent-mark-start]
129.888: [GC (Allocation Failure) 129.888: [ParNew (promotion failed): 2751K->3022K(3072K), 0.0164523 secs]129.905: [CMS129.908: [CMS-concurrent-mark: 0.003/0.020 secs] [Times: user=0.14 sys=0.00, real=0.02 secs] 
 (concurrent mode failure): 6331K->6329K(6848K), 0.0199315 secs] 9081K->9081K(9920K), [Metaspace: 3748K->3748K(1056768K)], 0.0364454 secs] [Times: user=0.14 sys=0.00, real=0.04 secs] 
129.925: [GC (Allocation Failure) 129.925: [ParNew (promotion failed): 2751K->3022K(3072K), 0.0203949 secs]129.946: [CMS: 6331K->6329K(6848K), 0.0165705 secs] 9081K->9081K(9920K), [Metaspace: 3748K->3748K(1056768K)], 0.0370279 secs] [Times: user=0.17 sys=0.00, real=0.04 secs] 
129.963: [GC (CMS Initial Mark) [1 CMS-initial-mark: 6329K(6848K)] 9081K(9920K), 0.0030406 secs] [Times: user=0.01 sys=0.00, real=0.00 secs] 
129.966: [CMS-concurrent-mark-start]
129.966: [GC (Allocation Failure) 129.966: [ParNew (promotion failed): 2751K->2997K(3072K), 0.0160738 secs]129.982: [CMS129.985: [CMS-concurrent-mark: 0.003/0.020 secs] [Times: user=0.12 sys=0.00, real=0.02 secs] 
 (concurrent mode failure): 6331K->6329K(6848K), 0.0199584 secs] 9081K->9081K(9920K), [Metaspace: 3748K->3748K(1056768K)], 0.0360877 secs] [Times: user=0.14 sys=0.00, real=0.04 secs] 
130.003: [GC (Allocation Failure) 130.003: [ParNew (promotion failed): 2751K->3022K(3072K), 0.0162673 secs]130.019: [CMS: 6331K->6329K(6848K), 0.0166492 secs] 9081K->9081K(9920K), [Metaspace: 3748K->3748K(1056768K)], 0.0329810 secs] [Times: user=0.14 sys=0.00, real=0.03 secs] 
130.036: [GC (CMS Initial Mark) [1 CMS-initial-mark: 6329K(6848K)] 9081K(9920K), 0.0030482 secs] [Times: user=0.00 sys=0.00, real=0.00 secs] 
130.039: [CMS-concurrent-mark-start]
130.040: [GC (Allocation Failure) 130.040: [ParNew (promotion failed): 2751K->2997K(3072K), 0.0175713 secs]130.057: [CMS130.060: [CMS-concurrent-mark: 0.004/0.021 secs] [Times: user=0.14 sys=0.00, real=0.03 secs] 
 (concurrent mode failure): 6331K->6329K(6848K), 0.0194928 secs] 9081K->9081K(9920K), [Metaspace: 3748K->3748K(1056768K)], 0.0371242 secs] [Times: user=0.16 sys=0.00, real=0.03 secs] 
130.077: [GC (Allocation Failure) 130.077: [ParNew (promotion failed): 2751K->2997K(3072K), 0.0226577 secs]130.100: [CMS: 6331K->6329K(6848K), 0.0166111 secs] 9081K->9081K(9920K), [Metaspace: 3748K->3748K(1056768K)], 0.0393315 secs] [Times: user=0.19 sys=0.00, real=0.04 secs] 
130.117: [GC (CMS Initial Mark) [1 CMS-initial-mark: 6329K(6848K)] 9081K(9920K), 0.0030513 secs] [Times: user=0.00 sys=0.00, real=0.01 secs] 
130.120: [CMS-concurrent-mark-start]
130.120: [GC (Allocation Failure) 130.120: [ParNew (promotion failed): 2751K->3022K(3072K), 0.0178522 secs]130.138: [CMS130.141: [CMS-concurrent-mark: 0.003/0.021 secs] [Times: user=0.13 sys=0.00, real=0.02 secs] 
 (concurrent mode failure): 6331K->6329K(6848K), 0.0199191 secs] 9081K->9081K(9920K), [Metaspace: 3748K->3748K(1056768K)], 0.0378344 secs] [Times: user=0.14 sys=0.00, real=0.03 secs] 
130.158: [GC (Allocation Failure) 130.158: [ParNew (promotion failed): 2751K->3022K(3072K), 0.0153067 secs]130.174: [CMS: 6331K->6329K(6848K), 0.0166895 secs] 9081K->9081K(9920K), [Metaspace: 3748K->3748K(1056768K)], 0.0320628 secs] [Times: user=0.13 sys=0.00, real=0.04 secs] 
130.191: [GC (CMS Initial Mark) [1 CMS-initial-mark: 6329K(6848K)] 9081K(9920K), 0.0030599 secs] [Times: user=0.01 sys=0.00, real=0.00 secs] 
130.194: [CMS-concurrent-mark-start]
130.194: [GC (Allocation Failure) 130.194: [ParNew (promotion failed): 2751K->3022K(3072K), 0.0154270 secs]130.210: [CMS130.213: [CMS-concurrent-mark: 0.004/0.019 secs] [Times: user=0.12 sys=0.00, real=0.02 secs] 
 (concurrent mode failure): 6331K->6329K(6848K), 0.0199830 secs] 9081K->9081K(9920K), [Metaspace: 3748K->3748K(1056768K)], 0.0354739 secs] [Times: user=0.14 sys=0.00, real=0.04 secs] 
130.230: [GC (Allocation Failure) 130.230: [ParNew (promotion failed): 2751K->3022K(3072K), 0.0181155 secs]130.248: [CMS: 6331K->6329K(6848K), 0.0164268 secs] 9081K->9081K(9920K), [Metaspace: 3748K->3748K(1056768K)], 0.0345930 secs] [Times: user=0.15 sys=0.00, real=0.03 secs] 
130.265: [GC (CMS Initial Mark) [1 CMS-initial-mark: 6329K(6848K)] 9081K(9920K), 0.0030511 secs] [Times: user=0.00 sys=0.00, real=0.00 secs] 
130.268: [CMS-concurrent-mark-start]
130.268: [GC (Allocation Failure) 130.268: [ParNew (promotion failed): 2751K->3022K(3072K), 0.0132776 secs]130.282: [CMS130.285: [CMS-concurrent-mark: 0.004/0.017 secs] [Times: user=0.10 sys=0.01, real=0.02 secs] 
 (concurrent mode failure): 6331K->6329K(6848K), 0.0200725 secs] 9081K->9081K(9920K), [Metaspace: 3748K->3748K(1056768K)], 0.0334092 secs] [Times: user=0.11 sys=0.01, real=0.04 secs] 
130.303: [GC (Allocation Failure) 130.303: [ParNew (promotion failed): 2751K->3022K(3072K), 0.0248860 secs]130.328: [CMS: 6331K->6329K(6848K), 0.0164900 secs] 9081K->9081K(9920K), [Metaspace: 3748K->3748K(1056768K)], 0.0414397 secs] [Times: user=0.20 sys=0.00, real=0.04 secs] 
130.344: [GC (CMS Initial Mark) [1 CMS-initial-mark: 6329K(6848K)] 9081K(9920K), 0.0030438 secs] [Times: user=0.01 sys=0.00, real=0.00 secs] 
130.348: [CMS-concurrent-mark-start]
130.348: [GC (Allocation Failure) 130.348: [ParNew (promotion failed): 2751K->3022K(3072K), 0.0181427 secs]130.366: [CMS130.369: [CMS-concurrent-mark: 0.003/0.022 secs] [Times: user=0.14 sys=0.00, real=0.03 secs] 
 (concurrent mode failure): 6331K->6329K(6848K), 0.0197319 secs] 9081K->9081K(9920K), [Metaspace: 3748K->3748K(1056768K)], 0.0379374 secs] [Times: user=0.16 sys=0.00, real=0.04 secs] 
130.386: [GC (Allocation Failure) 130.386: [ParNew (promotion failed): 2751K->3022K(3072K), 0.0230220 secs]130.409: [CMS: 6331K->6329K(6848K), 0.0164498 secs] 9081K->9081K(9920K), [Metaspace: 3748K->3748K(1056768K)], 0.0395349 secs] [Times: user=0.19 sys=0.00, real=0.04 secs] 
130.426: [GC (CMS Initial Mark) [1 CMS-initial-mark: 6329K(6848K)] 9081K(9920K), 0.0030341 secs] [Times: user=0.00 sys=0.00, real=0.00 secs] 
130.429: [CMS-concurrent-mark-start]
130.429: [GC (Allocation Failure) 130.429: [ParNew (promotion failed): 2751K->2997K(3072K), 0.0143062 secs]130.443: [CMS130.447: [CMS-concurrent-mark: 0.003/0.018 secs] [Times: user=0.11 sys=0.00, real=0.02 secs] 
 (concurrent mode failure): 6331K->6329K(6848K), 0.0200183 secs] 9081K->9081K(9920K), [Metaspace: 3748K->3748K(1056768K)], 0.0343864 secs] [Times: user=0.13 sys=0.00, real=0.04 secs] 
130.464: [GC (Allocation Failure) 130.464: [ParNew (promotion failed): 2751K->3022K(3072K), 0.0231944 secs]130.487: [CMS: 6331K->6329K(6848K), 0.0165335 secs] 9081K->9081K(9920K), [Metaspace: 3748K->3748K(1056768K)], 0.0397853 secs] [Times: user=0.19 sys=0.00, real=0.04 secs] 
130.504: [GC (CMS Initial Mark) [1 CMS-initial-mark: 6329K(6848K)] 9081K(9920K), 0.0030988 secs] [Times: user=0.01 sys=0.00, real=0.00 secs] 
130.507: [CMS-concurrent-mark-start]
130.507: [GC (Allocation Failure) 130.507: [ParNew (promotion failed): 2751K->3022K(3072K), 0.0129322 secs]130.520: [CMS130.524: [CMS-concurrent-mark: 0.004/0.017 secs] [Times: user=0.09 sys=0.00, real=0.02 secs] 
 (concurrent mode failure): 6331K->6329K(6848K), 0.0203016 secs] 9081K->9081K(9920K), [Metaspace: 3748K->3748K(1056768K)], 0.0332937 secs] [Times: user=0.10 sys=0.00, real=0.04 secs] 
130.541: [GC (Allocation Failure) 130.541: [ParNew (promotion failed): 2751K->2997K(3072K), 0.0208540 secs]130.562: [CMS: 6331K->6329K(6848K), 0.0165984 secs] 9081K->9081K(9920K), [Metaspace: 3748K->3748K(1056768K)], 0.0375183 secs] [Times: user=0.18 sys=0.00, real=0.03 secs] 
130.579: [GC (CMS Initial Mark) [1 CMS-initial-mark: 6329K(6848K)] 9081K(9920K), 0.0030759 secs] [Times: user=0.00 sys=0.00, real=0.01 secs] 
130.582: [CMS-concurrent-mark-start]
130.583: [GC (Allocation Failure) 130.583: [ParNew (promotion failed): 2751K->2997K(3072K), 0.0179969 secs]130.601: [CMS130.604: [CMS-concurrent-mark: 0.004/0.022 secs] [Times: user=0.14 sys=0.00, real=0.02 secs] 
 (concurrent mode failure): 6331K->6329K(6848K), 0.0194880 secs] 9081K->9081K(9920K), [Metaspace: 3748K->3748K(1056768K)], 0.0375497 secs] [Times: user=0.16 sys=0.00, real=0.04 secs] 
130.621: [GC (Allocation Failure) 130.621: [ParNew (promotion failed): 2751K->2997K(3072K), 0.0231575 secs]130.644: [CMS: 6331K->6329K(6848K), 0.0166109 secs] 9081K->9081K(9920K), [Metaspace: 3748K->3748K(1056768K)], 0.0398261 secs] [Times: user=0.19 sys=0.00, real=0.04 secs] 
130.661: [GC (CMS Initial Mark) [1 CMS-initial-mark: 6329K(6848K)] 9081K(9920K), 0.0030495 secs] [Times: user=0.01 sys=0.00, real=0.00 secs] 
130.664: [CMS-concurrent-mark-start]
130.664: [GC (Allocation Failure) 130.664: [ParNew (promotion failed): 2751K->3022K(3072K), 0.0231088 secs]130.687: [CMS130.691: [CMS-concurrent-mark: 0.003/0.027 secs] [Times: user=0.18 sys=0.01, real=0.03 secs] 
 (concurrent mode failure): 6331K->6329K(6848K), 0.0198688 secs] 9081K->9081K(9920K), [Metaspace: 3748K->3748K(1056768K)], 0.0430468 secs] [Times: user=0.20 sys=0.01, real=0.04 secs] 
130.707: [GC (Allocation Failure) 130.707: [ParNew (promotion failed): 2751K->2997K(3072K), 0.0178300 secs]130.725: [CMS: 6331K->6329K(6848K), 0.0164365 secs] 9081K->9081K(9920K), [Metaspace: 3748K->3748K(1056768K)], 0.0343353 secs] [Times: user=0.15 sys=0.00, real=0.04 secs] 
130.742: [GC (CMS Initial Mark) [1 CMS-initial-mark: 6329K(6848K)] 9081K(9920K), 0.0030709 secs] [Times: user=0.00 sys=0.00, real=0.00 secs] 
130.745: [CMS-concurrent-mark-start]
130.745: [GC (Allocation Failure) 130.746: [ParNew (promotion failed): 2751K->3022K(3072K), 0.0235795 secs]130.769: [CMS130.772: [CMS-concurrent-mark: 0.004/0.027 secs] [Times: user=0.18 sys=0.00, real=0.03 secs] 
 (concurrent mode failure): 6331K->6329K(6848K), 0.0198118 secs] 9081K->9081K(9920K), [Metaspace: 3748K->3748K(1056768K)], 0.0434454 secs] [Times: user=0.20 sys=0.00, real=0.04 secs] 
130.789: [GC (Allocation Failure) 130.789: [ParNew (promotion failed): 2751K->2997K(3072K), 0.0162952 secs]130.806: [CMS: 6331K->6329K(6848K), 0.0164170 secs] 9081K->9081K(9920K), [Metaspace: 3748K->3748K(1056768K)], 0.0327645 secs] [Times: user=0.14 sys=0.00, real=0.03 secs] 
130.823: [GC (CMS Initial Mark) [1 CMS-initial-mark: 6329K(6848K)] 9081K(9920K), 0.0030776 secs] [Times: user=0.00 sys=0.00, real=0.00 secs] 
130.826: [CMS-concurrent-mark-start]
130.826: [GC (Allocation Failure) 130.826: [ParNew (promotion failed): 2751K->3022K(3072K), 0.0150875 secs]130.841: [CMS130.845: [CMS-concurrent-mark: 0.003/0.019 secs] [Times: user=0.12 sys=0.00, real=0.02 secs] 
 (concurrent mode failure): 6331K->6329K(6848K), 0.0199357 secs] 9081K->9081K(9920K), [Metaspace: 3748K->3748K(1056768K)], 0.0350853 secs] [Times: user=0.14 sys=0.00, real=0.04 secs] 
130.862: [GC (Allocation Failure) 130.862: [ParNew (promotion failed): 2751K->3022K(3072K), 0.0190041 secs]130.881: [CMS: 6331K->6329K(6848K), 0.0164544 secs] 9081K->9081K(9920K), [Metaspace: 3748K->3748K(1056768K)], 0.0355144 secs] [Times: user=0.16 sys=0.00, real=0.03 secs] 
130.898: [GC (CMS Initial Mark) [1 CMS-initial-mark: 6329K(6848K)] 9081K(9920K), 0.0030580 secs] [Times: user=0.00 sys=0.00, real=0.01 secs] 
130.901: [CMS-concurrent-mark-start]
130.901: [GC (Allocation Failure) 130.901: [ParNew (promotion failed): 2751K->2997K(3072K), 0.0152611 secs]130.917: [CMS130.920: [CMS-concurrent-mark: 0.003/0.019 secs] [Times: user=0.12 sys=0.00, real=0.02 secs] 
 (concurrent mode failure): 6331K->6329K(6848K), 0.0197092 secs] 9081K->9081K(9920K), [Metaspace: 3748K->3748K(1056768K)], 0.0350335 secs] [Times: user=0.14 sys=0.00, real=0.03 secs] 
130.937: [GC (Allocation Failure) 130.937: [ParNew (promotion failed): 2751K->2997K(3072K), 0.0233754 secs]130.960: [CMS: 6331K->6329K(6848K), 0.0164917 secs] 9081K->9081K(9920K), [Metaspace: 3748K->3748K(1056768K)], 0.0399207 secs] [Times: user=0.19 sys=0.00, real=0.04 secs] 
130.977: [GC (CMS Initial Mark) [1 CMS-initial-mark: 6329K(6848K)] 9081K(9920K), 0.0030622 secs] [Times: user=0.01 sys=0.00, real=0.01 secs] 
130.980: [CMS-concurrent-mark-start]
130.980: [GC (Allocation Failure) 130.980: [ParNew (promotion failed): 2751K->3022K(3072K), 0.0160183 secs]130.996: [CMS130.999: [CMS-concurrent-mark: 0.003/0.020 secs] [Times: user=0.12 sys=0.00, real=0.02 secs] 
 (concurrent mode failure): 6331K->6329K(6848K), 0.0199518 secs] 9081K->9081K(9920K), [Metaspace: 3748K->3748K(1056768K)], 0.0360331 secs] [Times: user=0.14 sys=0.00, real=0.03 secs] 
131.016: [GC (Allocation Failure) 131.016: [ParNew (promotion failed): 2751K->3046K(3072K), 0.0225985 secs]131.039: [CMS: 6331K->6329K(6848K), 0.0166997 secs] 9081K->9081K(9920K), [Metaspace: 3748K->3748K(1056768K)], 0.0393576 secs] [Times: user=0.19 sys=0.00, real=0.04 secs] 
131.056: [GC (CMS Initial Mark) [1 CMS-initial-mark: 6329K(6848K)] 9081K(9920K), 0.0030310 secs] [Times: user=0.00 sys=0.00, real=0.00 secs] 
131.059: [CMS-concurrent-mark-start]
131.059: [GC (Allocation Failure) 131.059: [ParNew (promotion failed): 2751K->3022K(3072K), 0.0196555 secs]131.079: [CMS131.082: [CMS-concurrent-mark: 0.003/0.023 secs] [Times: user=0.15 sys=0.01, real=0.03 secs] 
 (concurrent mode failure): 6331K->6329K(6848K), 0.0198929 secs] 9081K->9081K(9920K), [Metaspace: 3748K->3748K(1056768K)], 0.0396108 secs] [Times: user=0.17 sys=0.01, real=0.03 secs] 
131.100: [GC (Allocation Failure) 131.100: [ParNew (promotion failed): 2751K->2997K(3072K), 0.0213592 secs]131.121: [CMS: 6331K->6329K(6848K), 0.0166445 secs] 9081K->9081K(9920K), [Metaspace: 3748K->3748K(1056768K)], 0.0380677 secs] [Times: user=0.18 sys=0.00, real=0.03 secs] 
131.138: [GC (CMS Initial Mark) [1 CMS-initial-mark: 6329K(6848K)] 9081K(9920K), 0.0030833 secs] [Times: user=0.00 sys=0.00, real=0.01 secs] 
131.141: [CMS-concurrent-mark-start]
131.142: [GC (Allocation Failure) 131.142: [ParNew (promotion failed): 2751K->2997K(3072K), 0.0175993 secs]131.159: [CMS131.162: [CMS-concurrent-mark: 0.004/0.021 secs] [Times: user=0.14 sys=0.00, real=0.02 secs] 
 (concurrent mode failure): 6331K->6329K(6848K), 0.0196407 secs] 9081K->9081K(9920K), [Metaspace: 3748K->3748K(1056768K)], 0.0373134 secs] [Times: user=0.16 sys=0.00, real=0.03 secs] 
131.180: [GC (Allocation Failure) 131.180: [ParNew (promotion failed): 2751K->2997K(3072K), 0.0154214 secs]131.195: [CMS: 6331K->6329K(6848K), 0.0166178 secs] 9081K->9081K(9920K), [Metaspace: 3748K->3748K(1056768K)], 0.0321044 secs] [Times: user=0.13 sys=0.00, real=0.03 secs] 
131.212: [GC (CMS Initial Mark) [1 CMS-initial-mark: 6329K(6848K)] 9081K(9920K), 0.0030589 secs] [Times: user=0.01 sys=0.00, real=0.00 secs] 
131.215: [CMS-concurrent-mark-start]
131.215: [GC (Allocation Failure) 131.215: [ParNew (promotion failed): 2751K->2997K(3072K), 0.0224590 secs]131.238: [CMS131.241: [CMS-concurrent-mark: 0.003/0.026 secs] [Times: user=0.17 sys=0.00, real=0.03 secs] 
 (concurrent mode failure): 6331K->6329K(6848K), 0.0198353 secs] 9081K->9081K(9920K), [Metaspace: 3748K->3748K(1056768K)], 0.0423597 secs] [Times: user=0.19 sys=0.00, real=0.04 secs] 
131.258: [GC (Allocation Failure) 131.258: [ParNew (promotion failed): 2751K->2997K(3072K), 0.0160800 secs]131.274: [CMS: 6331K->6329K(6848K), 0.0165437 secs] 9081K->9081K(9920K), [Metaspace: 3748K->3748K(1056768K)], 0.0326832 secs] [Times: user=0.14 sys=0.00, real=0.04 secs] 
131.291: [GC (CMS Initial Mark) [1 CMS-initial-mark: 6329K(6848K)] 9081K(9920K), 0.0030212 secs] [Times: user=0.00 sys=0.00, real=0.00 secs] 
131.294: [CMS-concurrent-mark-start]
131.294: [GC (Allocation Failure) 131.294: [ParNew (promotion failed): 2751K->2997K(3072K), 0.0181559 secs]131.312: [CMS131.316: [CMS-concurrent-mark: 0.004/0.022 secs] [Times: user=0.14 sys=0.00, real=0.02 secs] 
 (concurrent mode failure): 6331K->6329K(6848K), 0.0198173 secs] 9081K->9081K(9920K), [Metaspace: 3748K->3748K(1056768K)], 0.0380283 secs] [Times: user=0.16 sys=0.00, real=0.04 secs] 
131.333: [GC (Allocation Failure) 131.333: [ParNew (promotion failed): 2751K->2997K(3072K), 0.0164459 secs]131.349: [CMS: 6331K->6329K(6848K), 0.0166116 secs] 9081K->9081K(9920K), [Metaspace: 3748K->3748K(1056768K)], 0.0331207 secs] [Times: user=0.14 sys=0.00, real=0.03 secs] 
131.366: [GC (CMS Initial Mark) [1 CMS-initial-mark: 6329K(6848K)] 9081K(9920K), 0.0030856 secs] [Times: user=0.00 sys=0.00, real=0.01 secs] 
131.370: [CMS-concurrent-mark-start]
131.370: [GC (Allocation Failure) 131.370: [ParNew (promotion failed): 2751K->3022K(3072K), 0.0163702 secs]131.386: [CMS131.389: [CMS-concurrent-mark: 0.003/0.020 secs] [Times: user=0.13 sys=0.00, real=0.02 secs] 
 (concurrent mode failure): 6331K->6329K(6848K), 0.0199377 secs] 9081K->9081K(9920K), [Metaspace: 3748K->3748K(1056768K)], 0.0363668 secs] [Times: user=0.15 sys=0.00, real=0.03 secs] 
131.407: [GC (Allocation Failure) 131.407: [ParNew (promotion failed): 2751K->2997K(3072K), 0.0179934 secs]131.425: [CMS: 6331K->6329K(6848K), 0.0166027 secs] 9081K->9081K(9920K), [Metaspace: 3748K->3748K(1056768K)], 0.0346600 secs] [Times: user=0.15 sys=0.00, real=0.04 secs] 
131.442: [GC (CMS Initial Mark) [1 CMS-initial-mark: 6329K(6848K)] 9081K(9920K), 0.0030832 secs] [Times: user=0.01 sys=0.00, real=0.00 secs] 
131.445: [CMS-concurrent-mark-start]
131.445: [GC (Allocation Failure) 131.445: [ParNew (promotion failed): 2751K->3022K(3072K), 0.0164291 secs]131.462: [CMS131.465: [CMS-concurrent-mark: 0.004/0.020 secs] [Times: user=0.13 sys=0.01, real=0.02 secs] 
 (concurrent mode failure): 6331K->6329K(6848K), 0.0197665 secs] 9081K->9081K(9920K), [Metaspace: 3748K->3748K(1056768K)], 0.0362569 secs] [Times: user=0.14 sys=0.01, real=0.04 secs] 
131.482: [GC (Allocation Failure) 131.482: [ParNew (promotion failed): 2751K->2997K(3072K), 0.0206703 secs]131.503: [CMS: 6331K->6329K(6848K), 0.0169309 secs] 9081K->9081K(9920K), [Metaspace: 3748K->3748K(1056768K)], 0.0376625 secs] [Times: user=0.16 sys=0.00, real=0.04 secs] 
131.520: [GC (CMS Initial Mark) [1 CMS-initial-mark: 6329K(6848K)] 9081K(9920K), 0.0030716 secs] [Times: user=0.00 sys=0.00, real=0.00 secs] 
131.523: [CMS-concurrent-mark-start]
131.523: [GC (Allocation Failure) 131.523: [ParNew (promotion failed): 2751K->2997K(3072K), 0.0213161 secs]131.544: [CMS131.548: [CMS-concurrent-mark: 0.004/0.025 secs] [Times: user=0.17 sys=0.00, real=0.02 secs] 
 (concurrent mode failure): 6331K->6329K(6848K), 0.0204928 secs] 9081K->9081K(9920K), [Metaspace: 3748K->3748K(1056768K)], 0.0418690 secs] [Times: user=0.18 sys=0.00, real=0.04 secs] 
131.565: [GC (Allocation Failure) 131.565: [ParNew (promotion failed): 2751K->3022K(3072K), 0.0165714 secs]131.582: [CMS: 6331K->6329K(6848K), 0.0168392 secs] 9081K->9081K(9920K), [Metaspace: 3748K->3748K(1056768K)], 0.0334842 secs] [Times: user=0.14 sys=0.00, real=0.03 secs] 
131.599: [GC (CMS Initial Mark) [1 CMS-initial-mark: 6329K(6848K)] 9081K(9920K), 0.0030883 secs] [Times: user=0.00 sys=0.00, real=0.01 secs] 
131.602: [CMS-concurrent-mark-start]
131.602: [GC (Allocation Failure) 131.602: [ParNew (promotion failed): 2751K->2997K(3072K), 0.0204803 secs]131.623: [CMS131.626: [CMS-concurrent-mark: 0.004/0.024 secs] [Times: user=0.15 sys=0.00, real=0.02 secs] 
 (concurrent mode failure): 6331K->6329K(6848K), 0.0204495 secs] 9081K->9081K(9920K), [Metaspace: 3748K->3748K(1056768K)], 0.0410023 secs] [Times: user=0.16 sys=0.00, real=0.04 secs] 
131.644: [GC (Allocation Failure) 131.644: [ParNew (promotion failed): 2751K->2997K(3072K), 0.0188915 secs]131.663: [CMS: 6331K->6329K(6848K), 0.0170556 secs] 9081K->9081K(9920K), [Metaspace: 3748K->3748K(1056768K)], 0.0360252 secs] [Times: user=0.14 sys=0.00, real=0.04 secs] 
131.680: [GC (CMS Initial Mark) [1 CMS-initial-mark: 6329K(6848K)] 9081K(9920K), 0.0031385 secs] [Times: user=0.00 sys=0.00, real=0.00 secs] 
131.684: [CMS-concurrent-mark-start]
131.684: [GC (Allocation Failure) 131.684: [ParNew (promotion failed): 2751K->2997K(3072K), 0.0192624 secs]131.704: [CMS131.707: [CMS-concurrent-mark: 0.004/0.023 secs] [Times: user=0.15 sys=0.00, real=0.02 secs] 
 (concurrent mode failure): 6331K->6329K(6848K), 0.0202109 secs] 9081K->9081K(9920K), [Metaspace: 3748K->3748K(1056768K)], 0.0395502 secs] [Times: user=0.16 sys=0.00, real=0.04 secs] 
131.724: [GC (Allocation Failure) 131.724: [ParNew (promotion failed): 2751K->2997K(3072K), 0.0236930 secs]131.748: [CMS: 6331K->6329K(6848K), 0.0167712 secs] 9081K->9081K(9920K), [Metaspace: 3748K->3748K(1056768K)], 0.0405371 secs] [Times: user=0.19 sys=0.01, real=0.04 secs] 
131.765: [GC (CMS Initial Mark) [1 CMS-initial-mark: 6329K(6848K)] 9081K(9920K), 0.0030490 secs] [Times: user=0.01 sys=0.00, real=0.00 secs] 
131.768: [CMS-concurrent-mark-start]
131.768: [GC (Allocation Failure) 131.768: [ParNew (promotion failed): 2751K->3022K(3072K), 0.0144326 secs]131.783: [CMS131.786: [CMS-concurrent-mark: 0.004/0.018 secs] [Times: user=0.10 sys=0.00, real=0.02 secs] 
 (concurrent mode failure): 6331K->6329K(6848K), 0.0203028 secs] 9081K->9081K(9920K), [Metaspace: 3748K->3748K(1056768K)], 0.0348043 secs] [Times: user=0.12 sys=0.00, real=0.04 secs] 
131.803: [GC (Allocation Failure) 131.803: [ParNew (promotion failed): 2751K->2997K(3072K), 0.0146665 secs]131.818: [CMS: 6331K->6329K(6848K), 0.0168652 secs] 9081K->9081K(9920K), [Metaspace: 3748K->3748K(1056768K)], 0.0316038 secs] [Times: user=0.09 sys=0.00, real=0.03 secs] 
131.835: [GC (CMS Initial Mark) [1 CMS-initial-mark: 6329K(6848K)] 9081K(9920K), 0.0030817 secs] [Times: user=0.01 sys=0.00, real=0.00 secs] 
131.839: [CMS-concurrent-mark-start]
131.839: [GC (Allocation Failure) 131.839: [ParNew (promotion failed): 2751K->3022K(3072K), 0.0230009 secs]131.862: [CMS131.865: [CMS-concurrent-mark: 0.004/0.027 secs] [Times: user=0.17 sys=0.00, real=0.03 secs] 
 (concurrent mode failure): 6331K->6329K(6848K), 0.0200106 secs] 9081K->9081K(9920K), [Metaspace: 3748K->3748K(1056768K)], 0.0430719 secs] [Times: user=0.19 sys=0.00, real=0.05 secs] 
131.882: [GC (Allocation Failure) 131.882: [ParNew (promotion failed): 2751K->2997K(3072K), 0.0165154 secs]131.899: [CMS: 6331K->6329K(6848K), 0.0166604 secs] 9081K->9081K(9920K), [Metaspace: 3748K->3748K(1056768K)], 0.0332654 secs] [Times: user=0.13 sys=0.00, real=0.03 secs] 
131.916: [GC (CMS Initial Mark) [1 CMS-initial-mark: 6329K(6848K)] 9081K(9920K), 0.0030778 secs] [Times: user=0.00 sys=0.00, real=0.01 secs] 
131.919: [CMS-concurrent-mark-start]
131.919: [GC (Allocation Failure) 131.919: [ParNew (promotion failed): 2751K->2997K(3072K), 0.0142577 secs]131.934: [CMS131.937: [CMS-concurrent-mark: 0.003/0.018 secs] [Times: user=0.11 sys=0.00, real=0.01 secs] 
 (concurrent mode failure): 6331K->6329K(6848K), 0.0200159 secs] 9081K->9081K(9920K), [Metaspace: 3748K->3748K(1056768K)], 0.0343462 secs] [Times: user=0.13 sys=0.00, real=0.03 secs] 
131.955: [GC (Allocation Failure) 131.955: [ParNew (promotion failed): 2751K->2997K(3072K), 0.0159929 secs]131.971: [CMS: 6331K->6329K(6848K), 0.0166267 secs] 9081K->9081K(9920K), [Metaspace: 3748K->3748K(1056768K)], 0.0326895 secs] [Times: user=0.13 sys=0.00, real=0.03 secs] 
131.988: [GC (CMS Initial Mark) [1 CMS-initial-mark: 6329K(6848K)] 9081K(9920K), 0.0030365 secs] [Times: user=0.00 sys=0.00, real=0.01 secs] 
131.991: [CMS-concurrent-mark-start]
131.991: [GC (Allocation Failure) 131.991: [ParNew (promotion failed): 2751K->2997K(3072K), 0.0194123 secs]132.011: [CMS132.014: [CMS-concurrent-mark: 0.004/0.023 secs] [Times: user=0.15 sys=0.00, real=0.02 secs] 
 (concurrent mode failure): 6331K->6329K(6848K), 0.0197760 secs] 9081K->9081K(9920K), [Metaspace: 3748K->3748K(1056768K)], 0.0392564 secs] [Times: user=0.16 sys=0.00, real=0.04 secs] 
132.031: [GC (Allocation Failure) 132.031: [ParNew (promotion failed): 2751K->2997K(3072K), 0.0147539 secs]132.045: [CMS: 6331K->6329K(6848K), 0.0168832 secs] 9081K->9081K(9920K), [Metaspace: 3748K->3748K(1056768K)], 0.0316973 secs] [Times: user=0.12 sys=0.01, real=0.03 secs] 
132.063: [GC (CMS Initial Mark) [1 CMS-initial-mark: 6329K(6848K)] 9081K(9920K), 0.0030391 secs] [Times: user=0.01 sys=0.00, real=0.00 secs] 
132.066: [CMS-concurrent-mark-start]
132.066: [GC (Allocation Failure) 132.066: [ParNew (promotion failed): 2751K->3022K(3072K), 0.0195307 secs]132.085: [CMS132.089: [CMS-concurrent-mark: 0.003/0.023 secs] [Times: user=0.13 sys=0.00, real=0.02 secs] 
 (concurrent mode failure): 6331K->6329K(6848K), 0.0201175 secs] 9081K->9081K(9920K), [Metaspace: 3748K->3748K(1056768K)], 0.0397094 secs] [Times: user=0.14 sys=0.00, real=0.04 secs] 
132.106: [GC (Allocation Failure) 132.106: [ParNew (promotion failed): 2751K->3022K(3072K), 0.0147697 secs]132.121: [CMS: 6331K->6329K(6848K), 0.0166026 secs] 9081K->9081K(9920K), [Metaspace: 3748K->3748K(1056768K)], 0.0314352 secs] [Times: user=0.12 sys=0.00, real=0.03 secs] 
132.138: [GC (CMS Initial Mark) [1 CMS-initial-mark: 6329K(6848K)] 9081K(9920K), 0.0030804 secs] [Times: user=0.00 sys=0.00, real=0.01 secs] 
132.141: [CMS-concurrent-mark-start]
132.141: [GC (Allocation Failure) 132.141: [ParNew (promotion failed): 2751K->3022K(3072K), 0.0157848 secs]132.157: [CMS132.160: [CMS-concurrent-mark: 0.004/0.019 secs] [Times: user=0.12 sys=0.00, real=0.02 secs] 
 (concurrent mode failure): 6331K->6329K(6848K), 0.0204595 secs] 9081K->9081K(9920K), [Metaspace: 3748K->3748K(1056768K)], 0.0363126 secs] [Times: user=0.13 sys=0.00, real=0.03 secs] 
132.178: [GC (Allocation Failure) 132.178: [ParNew (promotion failed): 2751K->2997K(3072K), 0.0138700 secs]132.192: [CMS: 6331K->6329K(6848K), 0.0166951 secs] 9081K->9081K(9920K), [Metaspace: 3748K->3748K(1056768K)], 0.0306423 secs] [Times: user=0.12 sys=0.00, real=0.03 secs] 
132.209: [GC (CMS Initial Mark) [1 CMS-initial-mark: 6329K(6848K)] 9081K(9920K), 0.0031035 secs] [Times: user=0.00 sys=0.00, real=0.01 secs] 
132.212: [CMS-concurrent-mark-start]
132.213: [GC (Allocation Failure) 132.213: [ParNew (promotion failed): 2751K->2997K(3072K), 0.0142589 secs]132.227: [CMS132.230: [CMS-concurrent-mark: 0.004/0.018 secs] [Times: user=0.11 sys=0.00, real=0.02 secs] 
 (concurrent mode failure): 6331K->6329K(6848K), 0.0198095 secs] 9081K->9081K(9920K), [Metaspace: 3748K->3748K(1056768K)], 0.0341441 secs] [Times: user=0.12 sys=0.00, real=0.03 secs] 
132.248: [GC (Allocation Failure) 132.248: [ParNew (promotion failed): 2751K->2997K(3072K), 0.0159351 secs]132.264: [CMS: 6331K->6329K(6848K), 0.0167011 secs] 9081K->9081K(9920K), [Metaspace: 3748K->3748K(1056768K)], 0.0327095 secs] [Times: user=0.13 sys=0.00, real=0.04 secs] 
132.280: [GC (CMS Initial Mark) [1 CMS-initial-mark: 6329K(6848K)] 9081K(9920K), 0.0030998 secs] [Times: user=0.00 sys=0.00, real=0.00 secs] 
132.284: [CMS-concurrent-mark-start]
132.284: [GC (Allocation Failure) 132.284: [ParNew (promotion failed): 2751K->2997K(3072K), 0.0215300 secs]132.305: [CMS132.309: [CMS-concurrent-mark: 0.004/0.025 secs] [Times: user=0.16 sys=0.01, real=0.02 secs] 
 (concurrent mode failure): 6331K->6329K(6848K), 0.0200812 secs] 9081K->9081K(9920K), [Metaspace: 3748K->3748K(1056768K)], 0.0416797 secs] [Times: user=0.18 sys=0.01, real=0.04 secs] 
132.326: [GC (Allocation Failure) 132.326: [ParNew (promotion failed): 2751K->2997K(3072K), 0.0167336 secs]132.342: [CMS: 6331K->6329K(6848K), 0.0165810 secs] 9081K->9081K(9920K), [Metaspace: 3748K->3748K(1056768K)], 0.0333811 secs] [Times: user=0.13 sys=0.00, real=0.03 secs] 
132.359: [GC (CMS Initial Mark) [1 CMS-initial-mark: 6329K(6848K)] 9081K(9920K), 0.0030941 secs] [Times: user=0.01 sys=0.00, real=0.00 secs] 
132.363: [CMS-concurrent-mark-start]
132.363: [GC (Allocation Failure) 132.363: [ParNew (promotion failed): 2751K->2997K(3072K), 0.0216987 secs]132.384: [CMS132.388: [CMS-concurrent-mark: 0.004/0.025 secs] [Times: user=0.16 sys=0.00, real=0.02 secs] 
 (concurrent mode failure): 6331K->6329K(6848K), 0.0202227 secs] 9081K->9081K(9920K), [Metaspace: 3748K->3748K(1056768K)], 0.0419891 secs] [Times: user=0.18 sys=0.00, real=0.04 secs] 
132.405: [GC (Allocation Failure) 132.405: [ParNew (promotion failed): 2751K->2997K(3072K), 0.0182229 secs]132.423: [CMS: 6331K->6329K(6848K), 0.0171089 secs] 9081K->9081K(9920K), [Metaspace: 3748K->3748K(1056768K)], 0.0353917 secs] [Times: user=0.12 sys=0.00, real=0.04 secs] 
132.441: [GC (CMS Initial Mark) [1 CMS-initial-mark: 6329K(6848K)] 9081K(9920K), 0.0030705 secs] [Times: user=0.00 sys=0.00, real=0.00 secs] 
132.444: [CMS-concurrent-mark-start]
132.445: [GC (Allocation Failure) 132.445: [ParNew (promotion failed): 2751K->3022K(3072K), 0.0218217 secs]132.466: [CMS132.470: [CMS-concurrent-mark: 0.004/0.025 secs] [Times: user=0.16 sys=0.00, real=0.03 secs] 
 (concurrent mode failure): 6331K->6329K(6848K), 0.0202727 secs] 9081K->9081K(9920K), [Metaspace: 3748K->3748K(1056768K)], 0.0421810 secs] [Times: user=0.17 sys=0.00, real=0.04 secs] 
132.488: [GC (Allocation Failure) 132.488: [ParNew (promotion failed): 2751K->2997K(3072K), 0.0134201 secs]132.501: [CMS: 6331K->6329K(6848K), 0.0170381 secs] 9081K->9081K(9920K), [Metaspace: 3748K->3748K(1056768K)], 0.0305269 secs] [Times: user=0.10 sys=0.00, real=0.03 secs] 
132.518: [GC (CMS Initial Mark) [1 CMS-initial-mark: 6329K(6848K)] 9081K(9920K), 0.0030659 secs] [Times: user=0.01 sys=0.00, real=0.01 secs] 
132.522: [CMS-concurrent-mark-start]
132.522: [GC (Allocation Failure) 132.522: [ParNew (promotion failed): 2751K->2997K(3072K), 0.0203292 secs]132.542: [CMS132.545: [CMS-concurrent-mark: 0.004/0.024 secs] [Times: user=0.15 sys=0.01, real=0.02 secs] 
 (concurrent mode failure): 6331K->6329K(6848K), 0.0198418 secs] 9081K->9081K(9920K), [Metaspace: 3748K->3748K(1056768K)], 0.0402400 secs] [Times: user=0.17 sys=0.01, real=0.04 secs] 
132.562: [GC (Allocation Failure) 132.562: [ParNew (promotion failed): 2751K->2997K(3072K), 0.0154460 secs]132.578: [CMS: 6331K->6329K(6848K), 0.0165570 secs] 9081K->9081K(9920K), [Metaspace: 3748K->3748K(1056768K)], 0.0320645 secs] [Times: user=0.12 sys=0.00, real=0.03 secs] 
132.595: [GC (CMS Initial Mark) [1 CMS-initial-mark: 6329K(6848K)] 9081K(9920K), 0.0030885 secs] [Times: user=0.01 sys=0.00, real=0.00 secs] 
132.598: [CMS-concurrent-mark-start]
132.598: [GC (Allocation Failure) 132.598: [ParNew (promotion failed): 2751K->3022K(3072K), 0.0168320 secs]132.615: [CMS132.618: [CMS-concurrent-mark: 0.004/0.020 secs] [Times: user=0.12 sys=0.00, real=0.02 secs] 
 (concurrent mode failure): 6331K->6329K(6848K), 0.0201070 secs] 9081K->9081K(9920K), [Metaspace: 3748K->3748K(1056768K)], 0.0370041 secs] [Times: user=0.14 sys=0.00, real=0.04 secs] 
132.635: [GC (Allocation Failure) 132.635: [ParNew (promotion failed): 2751K->2997K(3072K), 0.0176818 secs]132.653: [CMS: 6331K->6329K(6848K), 0.0166410 secs] 9081K->9081K(9920K), [Metaspace: 3748K->3748K(1056768K)], 0.0343963 secs] [Times: user=0.14 sys=0.00, real=0.04 secs] 
132.670: [GC (CMS Initial Mark) [1 CMS-initial-mark: 6329K(6848K)] 9081K(9920K), 0.0030851 secs] [Times: user=0.01 sys=0.00, real=0.00 secs] 
132.673: [CMS-concurrent-mark-start]
132.673: [GC (Allocation Failure) 132.673: [ParNew (promotion failed): 2751K->3022K(3072K), 0.0215186 secs]132.695: [CMS132.699: [CMS-concurrent-mark: 0.004/0.025 secs] [Times: user=0.16 sys=0.00, real=0.02 secs] 
 (concurrent mode failure): 6331K->6329K(6848K), 0.0205114 secs] 9081K->9081K(9920K), [Metaspace: 3748K->3748K(1056768K)], 0.0421010 secs] [Times: user=0.17 sys=0.00, real=0.04 secs] 
132.716: [GC (Allocation Failure) 132.716: [ParNew (promotion failed): 2751K->3022K(3072K), 0.0226010 secs]132.739: [CMS: 6331K->6329K(6848K), 0.0166932 secs] 9081K->9081K(9920K), [Metaspace: 3748K->3748K(1056768K)], 0.0393603 secs] [Times: user=0.18 sys=0.00, real=0.04 secs] 
132.756: [GC (CMS Initial Mark) [1 CMS-initial-mark: 6329K(6848K)] 9081K(9920K), 0.0030522 secs] [Times: user=0.00 sys=0.00, real=0.01 secs] 
132.759: [CMS-concurrent-mark-start]
132.760: [GC (Allocation Failure) 132.760: [ParNew (promotion failed): 2751K->2997K(3072K), 0.0152680 secs]132.775: [CMS132.778: [CMS-concurrent-mark: 0.004/0.019 secs] [Times: user=0.12 sys=0.00, real=0.01 secs] 
 (concurrent mode failure): 6331K->6329K(6848K), 0.0199620 secs] 9081K->9081K(9920K), [Metaspace: 3748K->3748K(1056768K)], 0.0353018 secs] [Times: user=0.13 sys=0.00, real=0.03 secs] 
132.796: [GC (Allocation Failure) 132.796: [ParNew (promotion failed): 2751K->3022K(3072K), 0.0159524 secs]132.812: [CMS: 6331K->6329K(6848K), 0.0167840 secs] 9081K->9081K(9920K), [Metaspace: 3748K->3748K(1056768K)], 0.0328113 secs] [Times: user=0.13 sys=0.01, real=0.03 secs] 
132.829: [GC (CMS Initial Mark) [1 CMS-initial-mark: 6329K(6848K)] 9081K(9920K), 0.0031073 secs] [Times: user=0.00 sys=0.00, real=0.01 secs] 
132.832: [CMS-concurrent-mark-start]
132.832: [GC (Allocation Failure) 132.832: [ParNew (promotion failed): 2751K->3022K(3072K), 0.0179059 secs]132.850: [CMS132.854: [CMS-concurrent-mark: 0.003/0.021 secs] [Times: user=0.12 sys=0.00, real=0.02 secs] 
 (concurrent mode failure): 6331K->6329K(6848K), 0.0203435 secs] 9081K->9081K(9920K), [Metaspace: 3748K->3748K(1056768K)], 0.0383305 secs] [Times: user=0.14 sys=0.00, real=0.04 secs] 
132.871: [GC (Allocation Failure) 132.871: [ParNew (promotion failed): 2751K->3022K(3072K), 0.0174755 secs]132.888: [CMS: 6331K->6329K(6848K), 0.0166598 secs] 9081K->9081K(9920K), [Metaspace: 3748K->3748K(1056768K)], 0.0341957 secs] [Times: user=0.14 sys=0.00, real=0.03 secs] 
132.905: [GC (CMS Initial Mark) [1 CMS-initial-mark: 6329K(6848K)] 9081K(9920K), 0.0030738 secs] [Times: user=0.00 sys=0.00, real=0.00 secs] 
132.908: [CMS-concurrent-mark-start]
132.909: [GC (Allocation Failure) 132.909: [ParNew (promotion failed): 2751K->2997K(3072K), 0.0171580 secs]132.926: [CMS132.929: [CMS-concurrent-mark: 0.004/0.021 secs] [Times: user=0.13 sys=0.00, real=0.02 secs] 
 (concurrent mode failure): 6331K->6329K(6848K), 0.0201311 secs] 9081K->9081K(9920K), [Metaspace: 3748K->3748K(1056768K)], 0.0373499 secs] [Times: user=0.14 sys=0.00, real=0.04 secs] 
132.946: [GC (Allocation Failure) 132.946: [ParNew (promotion failed): 2751K->3022K(3072K), 0.0219565 secs]132.968: [CMS: 6331K->6329K(6848K), 0.0167824 secs] 9081K->9081K(9920K), [Metaspace: 3748K->3748K(1056768K)], 0.0388180 secs] [Times: user=0.18 sys=0.00, real=0.04 secs] 
132.986: [GC (CMS Initial Mark) [1 CMS-initial-mark: 6329K(6848K)] 9081K(9920K), 0.0030370 secs] [Times: user=0.00 sys=0.00, real=0.00 secs] 
132.989: [CMS-concurrent-mark-start]
132.989: [GC (Allocation Failure) 132.989: [ParNew (promotion failed): 2751K->2997K(3072K), 0.0141743 secs]133.003: [CMS133.007: [CMS-concurrent-mark: 0.003/0.018 secs] [Times: user=0.11 sys=0.00, real=0.02 secs] 
 (concurrent mode failure): 6331K->6329K(6848K), 0.0201739 secs] 9081K->9081K(9920K), [Metaspace: 3748K->3748K(1056768K)], 0.0344118 secs] [Times: user=0.13 sys=0.00, real=0.04 secs] 
133.024: [GC (Allocation Failure) 133.024: [ParNew (promotion failed): 2751K->2997K(3072K), 0.0174228 secs]133.042: [CMS: 6331K->6329K(6848K), 0.0165900 secs] 9081K->9081K(9920K), [Metaspace: 3748K->3748K(1056768K)], 0.0340789 secs] [Times: user=0.14 sys=0.00, real=0.03 secs] 
133.059: [GC (CMS Initial Mark) [1 CMS-initial-mark: 6329K(6848K)] 9081K(9920K), 0.0030708 secs] [Times: user=0.00 sys=0.00, real=0.01 secs] 
133.062: [CMS-concurrent-mark-start]
133.062: [GC (Allocation Failure) 133.062: [ParNew (promotion failed): 2751K->2997K(3072K), 0.0181570 secs]133.080: [CMS133.084: [CMS-concurrent-mark: 0.004/0.022 secs] [Times: user=0.14 sys=0.01, real=0.02 secs] 
 (concurrent mode failure): 6331K->6329K(6848K), 0.0200786 secs] 9081K->9081K(9920K), [Metaspace: 3748K->3748K(1056768K)], 0.0383064 secs] [Times: user=0.16 sys=0.00, real=0.04 secs] 
133.101: [GC (Allocation Failure) 133.101: [ParNew (promotion failed): 2751K->2997K(3072K), 0.0149140 secs]133.116: [CMS: 6331K->6329K(6848K), 0.0165848 secs] 9081K->9081K(9920K), [Metaspace: 3748K->3748K(1056768K)], 0.0315668 secs] [Times: user=0.13 sys=0.00, real=0.03 secs] 
133.132: [GC (CMS Initial Mark) [1 CMS-initial-mark: 6329K(6848K)] 9081K(9920K), 0.0030863 secs] [Times: user=0.00 sys=0.00, real=0.00 secs] 
133.136: [CMS-concurrent-mark-start]
133.136: [GC (Allocation Failure) 133.136: [ParNew (promotion failed): 2751K->3022K(3072K), 0.0189720 secs]133.155: [CMS133.158: [CMS-concurrent-mark: 0.004/0.023 secs] [Times: user=0.15 sys=0.00, real=0.02 secs] 
 (concurrent mode failure): 6331K->6329K(6848K), 0.0199663 secs] 9081K->9081K(9920K), [Metaspace: 3748K->3748K(1056768K)], 0.0389948 secs] [Times: user=0.16 sys=0.00, real=0.04 secs] 
133.175: [GC (Allocation Failure) 133.175: [ParNew (promotion failed): 2751K->2997K(3072K), 0.0174514 secs]133.193: [CMS: 6331K->6329K(6848K), 0.0165890 secs] 9081K->9081K(9920K), [Metaspace: 3748K->3748K(1056768K)], 0.0341002 secs] [Times: user=0.15 sys=0.00, real=0.03 secs] 
133.210: [GC (CMS Initial Mark) [1 CMS-initial-mark: 6329K(6848K)] 9081K(9920K), 0.0030855 secs] [Times: user=0.00 sys=0.00, real=0.00 secs] 
133.213: [CMS-concurrent-mark-start]
133.213: [GC (Allocation Failure) 133.213: [ParNew (promotion failed): 2751K->2997K(3072K), 0.0216480 secs]133.234: [CMS133.238: [CMS-concurrent-mark: 0.004/0.025 secs] [Times: user=0.16 sys=0.00, real=0.02 secs] 
 (concurrent mode failure): 6331K->6329K(6848K), 0.0203958 secs] 9081K->9081K(9920K), [Metaspace: 3748K->3748K(1056768K)], 0.0421155 secs] [Times: user=0.18 sys=0.00, real=0.04 secs] 
133.256: [GC (Allocation Failure) 133.256: [ParNew (promotion failed): 2751K->3022K(3072K), 0.0135630 secs]133.269: [CMS: 6331K->6329K(6848K), 0.0168311 secs] 9081K->9081K(9920K), [Metaspace: 3748K->3748K(1056768K)], 0.0304712 secs] [Times: user=0.11 sys=0.00, real=0.03 secs] 
133.287: [GC (CMS Initial Mark) [1 CMS-initial-mark: 6329K(6848K)] 9081K(9920K), 0.0030791 secs] [Times: user=0.00 sys=0.00, real=0.01 secs] 
133.290: [CMS-concurrent-mark-start]
133.290: [GC (Allocation Failure) 133.290: [ParNew (promotion failed): 2751K->3022K(3072K), 0.0213811 secs]133.312: [CMS133.315: [CMS-concurrent-mark: 0.004/0.025 secs] [Times: user=0.16 sys=0.00, real=0.02 secs] 
 (concurrent mode failure): 6331K->6329K(6848K), 0.0196985 secs] 9081K->9081K(9920K), [Metaspace: 3748K->3748K(1056768K)], 0.0411518 secs] [Times: user=0.17 sys=0.00, real=0.04 secs] 
133.332: [GC (Allocation Failure) 133.332: [ParNew (promotion failed): 2751K->3022K(3072K), 0.0185389 secs]133.351: [CMS: 6331K->6329K(6848K), 0.0168082 secs] 9081K->9081K(9920K), [Metaspace: 3748K->3748K(1056768K)], 0.0354164 secs] [Times: user=0.15 sys=0.01, real=0.03 secs] 
133.368: [GC (CMS Initial Mark) [1 CMS-initial-mark: 6329K(6848K)] 9081K(9920K), 0.0031113 secs] [Times: user=0.00 sys=0.00, real=0.01 secs] 
133.371: [CMS-concurrent-mark-start]
133.371: [GC (Allocation Failure) 133.371: [ParNew (promotion failed): 2751K->2997K(3072K), 0.0163643 secs]133.387: [CMS133.391: [CMS-concurrent-mark: 0.003/0.020 secs] [Times: user=0.13 sys=0.00, real=0.02 secs] 
 (concurrent mode failure): 6331K->6329K(6848K), 0.0199070 secs] 9081K->9081K(9920K), [Metaspace: 3748K->3748K(1056768K)], 0.0363285 secs] [Times: user=0.14 sys=0.00, real=0.03 secs] 
133.408: [GC (Allocation Failure) 133.408: [ParNew (promotion failed): 2751K->3046K(3072K), 0.0201757 secs]133.428: [CMS: 6331K->6329K(6848K), 0.0165070 secs] 9081K->9081K(9920K), [Metaspace: 3748K->3748K(1056768K)], 0.0367465 secs] [Times: user=0.17 sys=0.00, real=0.04 secs] 
133.445: [GC (CMS Initial Mark) [1 CMS-initial-mark: 6329K(6848K)] 9081K(9920K), 0.0030653 secs] [Times: user=0.00 sys=0.00, real=0.00 secs] 
133.448: [CMS-concurrent-mark-start]
133.448: [GC (Allocation Failure) 133.448: [ParNew (promotion failed): 2751K->2997K(3072K), 0.0226986 secs]133.471: [CMS133.474: [CMS-concurrent-mark: 0.003/0.026 secs] [Times: user=0.18 sys=0.00, real=0.03 secs] 
 (concurrent mode failure): 6331K->6329K(6848K), 0.0198833 secs] 9081K->9081K(9920K), [Metaspace: 3748K->3748K(1056768K)], 0.0426458 secs] [Times: user=0.20 sys=0.00, real=0.05 secs] 
133.491: [GC (Allocation Failure) 133.491: [ParNew (promotion failed): 2751K->2997K(3072K), 0.0157882 secs]133.507: [CMS: 6331K->6329K(6848K), 0.0172642 secs] 9081K->9081K(9920K), [Metaspace: 3748K->3748K(1056768K)], 0.0331167 secs] [Times: user=0.11 sys=0.00, real=0.03 secs] 
133.525: [GC (CMS Initial Mark) [1 CMS-initial-mark: 6329K(6848K)] 9081K(9920K), 0.0030951 secs] [Times: user=0.01 sys=0.00, real=0.00 secs] 
133.528: [CMS-concurrent-mark-start]
133.528: [GC (Allocation Failure) 133.528: [ParNew (promotion failed): 2751K->3046K(3072K), 0.0146516 secs]133.543: [CMS133.546: [CMS-concurrent-mark: 0.003/0.018 secs] [Times: user=0.11 sys=0.00, real=0.02 secs] 
 (concurrent mode failure): 6331K->6329K(6848K), 0.0203003 secs] 9081K->9081K(9920K), [Metaspace: 3748K->3748K(1056768K)], 0.0350220 secs] [Times: user=0.13 sys=0.00, real=0.04 secs] 
133.564: [GC (Allocation Failure) 133.564: [ParNew (promotion failed): 2751K->3022K(3072K), 0.0145144 secs]133.578: [CMS: 6331K->6329K(6848K), 0.0167512 secs] 9081K->9081K(9920K), [Metaspace: 3748K->3748K(1056768K)], 0.0313448 secs] [Times: user=0.12 sys=0.00, real=0.03 secs] 
133.596: [GC (CMS Initial Mark) [1 CMS-initial-mark: 6329K(6848K)] 9081K(9920K), 0.0030803 secs] [Times: user=0.01 sys=0.00, real=0.00 secs] 
133.599: [CMS-concurrent-mark-start]
133.599: [GC (Allocation Failure) 133.599: [ParNew (promotion failed): 2751K->2997K(3072K), 0.0172669 secs]133.616: [CMS133.620: [CMS-concurrent-mark: 0.004/0.021 secs] [Times: user=0.13 sys=0.00, real=0.03 secs] 
 (concurrent mode failure): 6331K->6329K(6848K), 0.0200440 secs] 9081K->9081K(9920K), [Metaspace: 3748K->3748K(1056768K)], 0.0373947 secs] [Times: user=0.15 sys=0.00, real=0.04 secs] 
133.637: [GC (Allocation Failure) 133.637: [ParNew (promotion failed): 2751K->2997K(3072K), 0.0227520 secs]133.660: [CMS: 6331K->6329K(6848K), 0.0167279 secs] 9081K->9081K(9920K), [Metaspace: 3748K->3748K(1056768K)], 0.0395540 secs] [Times: user=0.18 sys=0.01, real=0.04 secs] 
133.677: [GC (CMS Initial Mark) [1 CMS-initial-mark: 6329K(6848K)] 9081K(9920K), 0.0030811 secs] [Times: user=0.00 sys=0.00, real=0.01 secs] 
133.680: [CMS-concurrent-mark-start]
133.680: [GC (Allocation Failure) 133.680: [ParNew (promotion failed): 2751K->2997K(3072K), 0.0158892 secs]133.696: [CMS133.699: [CMS-concurrent-mark: 0.004/0.019 secs] [Times: user=0.12 sys=0.00, real=0.01 secs] 
 (concurrent mode failure): 6331K->6329K(6848K), 0.0201209 secs] 9081K->9081K(9920K), [Metaspace: 3748K->3748K(1056768K)], 0.0360806 secs] [Times: user=0.14 sys=0.00, real=0.03 secs] 
133.716: [GC (Allocation Failure) 133.716: [ParNew (promotion failed): 2751K->3022K(3072K), 0.0176476 secs]133.734: [CMS: 6331K->6329K(6848K), 0.0167049 secs] 9081K->9081K(9920K), [Metaspace: 3748K->3748K(1056768K)], 0.0344385 secs] [Times: user=0.14 sys=0.00, real=0.04 secs] 
133.751: [GC (CMS Initial Mark) [1 CMS-initial-mark: 6329K(6848K)] 9081K(9920K), 0.0031013 secs] [Times: user=0.00 sys=0.00, real=0.00 secs] 
133.754: [CMS-concurrent-mark-start]
133.754: [GC (Allocation Failure) 133.754: [ParNew (promotion failed): 2751K->3022K(3072K), 0.0194351 secs]133.774: [CMS133.777: [CMS-concurrent-mark: 0.004/0.023 secs] [Times: user=0.14 sys=0.00, real=0.02 secs] 
 (concurrent mode failure): 6331K->6329K(6848K), 0.0203075 secs] 9081K->9081K(9920K), [Metaspace: 3748K->3748K(1056768K)], 0.0398138 secs] [Times: user=0.16 sys=0.00, real=0.04 secs] 
133.795: [GC (Allocation Failure) 133.795: [ParNew (promotion failed): 2751K->2997K(3072K), 0.0219208 secs]133.817: [CMS: 6331K->6329K(6848K), 0.0166332 secs] 9081K->9081K(9920K), [Metaspace: 3748K->3748K(1056768K)], 0.0386208 secs] [Times: user=0.18 sys=0.00, real=0.04 secs] 
133.834: [GC (CMS Initial Mark) [1 CMS-initial-mark: 6329K(6848K)] 9081K(9920K), 0.0030843 secs] [Times: user=0.00 sys=0.00, real=0.00 secs] 
133.837: [CMS-concurrent-mark-start]
133.838: [GC (Allocation Failure) 133.838: [ParNew (promotion failed): 2751K->3071K(3072K), 0.0182437 secs]133.856: [CMS133.859: [CMS-concurrent-mark: 0.004/0.022 secs] [Times: user=0.13 sys=0.00, real=0.02 secs] 
 (concurrent mode failure): 6331K->6329K(6848K), 0.0198517 secs] 9081K->9081K(9920K), [Metaspace: 3748K->3748K(1056768K)], 0.0381610 secs] [Times: user=0.15 sys=0.00, real=0.04 secs] 
133.876: [GC (Allocation Failure) 133.876: [ParNew (promotion failed): 2751K->2997K(3072K), 0.0216584 secs]133.898: [CMS: 6331K->6329K(6848K), 0.0169147 secs] 9081K->9081K(9920K), [Metaspace: 3748K->3748K(1056768K)], 0.0386385 secs] [Times: user=0.17 sys=0.00, real=0.04 secs] 
133.915: [GC (CMS Initial Mark) [1 CMS-initial-mark: 6329K(6848K)] 9081K(9920K), 0.0030727 secs] [Times: user=0.00 sys=0.00, real=0.00 secs] 
133.918: [CMS-concurrent-mark-start]
133.918: [GC (Allocation Failure) 133.918: [ParNew (promotion failed): 2751K->2997K(3072K), 0.0204178 secs]133.939: [CMS133.942: [CMS-concurrent-mark: 0.003/0.024 secs] [Times: user=0.15 sys=0.01, real=0.03 secs] 
 (concurrent mode failure): 6331K->6329K(6848K), 0.0202230 secs] 9081K->9081K(9920K), [Metaspace: 3748K->3748K(1056768K)], 0.0407046 secs] [Times: user=0.16 sys=0.01, real=0.04 secs] 
133.959: [GC (Allocation Failure) 133.959: [ParNew (promotion failed): 2751K->3022K(3072K), 0.0160152 secs]133.975: [CMS: 6331K->6329K(6848K), 0.0167175 secs] 9081K->9081K(9920K), [Metaspace: 3748K->3748K(1056768K)], 0.0327964 secs] [Times: user=0.13 sys=0.00, real=0.03 secs] 
133.993: [GC (CMS Initial Mark) [1 CMS-initial-mark: 6329K(6848K)] 9081K(9920K), 0.0030803 secs] [Times: user=0.00 sys=0.00, real=0.00 secs] 
133.996: [CMS-concurrent-mark-start]
133.996: [GC (Allocation Failure) 133.996: [ParNew (promotion failed): 2751K->3071K(3072K), 0.0135358 secs]134.009: [CMS134.013: [CMS-concurrent-mark: 0.003/0.017 secs] [Times: user=0.10 sys=0.00, real=0.02 secs] 
 (concurrent mode failure): 6331K->6329K(6848K), 0.0198026 secs] 9081K->9081K(9920K), [Metaspace: 3748K->3748K(1056768K)], 0.0334029 secs] [Times: user=0.12 sys=0.00, real=0.04 secs] 
134.030: [GC (Allocation Failure) 134.030: [ParNew (promotion failed): 2751K->2997K(3072K), 0.0198907 secs]134.050: [CMS: 6331K->6329K(6848K), 0.0169728 secs] 9081K->9081K(9920K), [Metaspace: 3748K->3748K(1056768K)], 0.0376461 secs] [Times: user=0.14 sys=0.00, real=0.03 secs] 
134.068: [GC (CMS Initial Mark) [1 CMS-initial-mark: 6329K(6848K)] 9081K(9920K), 0.0030530 secs] [Times: user=0.00 sys=0.00, real=0.01 secs] 
134.071: [CMS-concurrent-mark-start]
134.071: [GC (Allocation Failure) 134.071: [ParNew (promotion failed): 2751K->3046K(3072K), 0.0171130 secs]134.088: [CMS134.092: [CMS-concurrent-mark: 0.003/0.021 secs] [Times: user=0.13 sys=0.00, real=0.02 secs] 
 (concurrent mode failure): 6331K->6329K(6848K), 0.0199960 secs] 9081K->9081K(9920K), [Metaspace: 3748K->3748K(1056768K)], 0.0371833 secs] [Times: user=0.14 sys=0.00, real=0.03 secs] 
134.109: [GC (Allocation Failure) 134.109: [ParNew (promotion failed): 2751K->3071K(3072K), 0.0156407 secs]134.125: [CMS: 6331K->6329K(6848K), 0.0166905 secs] 9081K->9081K(9920K), [Metaspace: 3748K->3748K(1056768K)], 0.0324014 secs] [Times: user=0.14 sys=0.00, real=0.03 secs] 
134.142: [GC (CMS Initial Mark) [1 CMS-initial-mark: 6329K(6848K)] 9081K(9920K), 0.0030422 secs] [Times: user=0.00 sys=0.00, real=0.00 secs] 
134.145: [CMS-concurrent-mark-start]
134.146: [GC (Allocation Failure) 134.146: [ParNew (promotion failed): 2751K->2997K(3072K), 0.0243076 secs]134.170: [CMS134.173: [CMS-concurrent-mark: 0.004/0.028 secs] [Times: user=0.19 sys=0.00, real=0.03 secs] 
 (concurrent mode failure): 6331K->6329K(6848K), 0.0198740 secs] 9081K->9081K(9920K), [Metaspace: 3748K->3748K(1056768K)], 0.0442546 secs] [Times: user=0.21 sys=0.00, real=0.05 secs] 
134.190: [GC (Allocation Failure) 134.190: [ParNew (promotion failed): 2751K->2997K(3072K), 0.0201260 secs]134.210: [CMS: 6331K->6329K(6848K), 0.0166782 secs] 9081K->9081K(9920K), [Metaspace: 3748K->3748K(1056768K)], 0.0368713 secs] [Times: user=0.16 sys=0.01, real=0.03 secs] 
134.227: [GC (CMS Initial Mark) [1 CMS-initial-mark: 6329K(6848K)] 9081K(9920K), 0.0030715 secs] [Times: user=0.00 sys=0.00, real=0.01 secs] 
134.230: [CMS-concurrent-mark-start]
134.230: [GC (Allocation Failure) 134.230: [ParNew (promotion failed): 2751K->3022K(3072K), 0.0214648 secs]134.252: [CMS134.255: [CMS-concurrent-mark: 0.003/0.025 secs] [Times: user=0.16 sys=0.00, real=0.02 secs] 
 (concurrent mode failure): 6331K->6329K(6848K), 0.0201697 secs] 9081K->9081K(9920K), [Metaspace: 3748K->3748K(1056768K)], 0.0417049 secs] [Times: user=0.17 sys=0.00, real=0.04 secs] 
134.273: [GC (Allocation Failure) 134.273: [ParNew (promotion failed): 2751K->3022K(3072K), 0.0256480 secs]134.298: [CMS: 6331K->6329K(6848K), 0.0167439 secs] 9081K->9081K(9920K), [Metaspace: 3748K->3748K(1056768K)], 0.0424597 secs] [Times: user=0.20 sys=0.00, real=0.04 secs] 
134.316: [GC (CMS Initial Mark) [1 CMS-initial-mark: 6329K(6848K)] 9081K(9920K), 0.0031743 secs] [Times: user=0.01 sys=0.00, real=0.00 secs] 
134.319: [CMS-concurrent-mark-start]
134.319: [GC (Allocation Failure) 134.319: [ParNew (promotion failed): 2751K->2997K(3072K), 0.0145402 secs]134.333: [CMS134.337: [CMS-concurrent-mark: 0.004/0.018 secs] [Times: user=0.10 sys=0.00, real=0.02 secs] 
 (concurrent mode failure): 6331K->6329K(6848K), 0.0201689 secs] 9081K->9081K(9920K), [Metaspace: 3748K->3748K(1056768K)], 0.0347771 secs] [Times: user=0.12 sys=0.00, real=0.04 secs] 
134.354: [GC (Allocation Failure) 134.354: [ParNew (promotion failed): 2751K->2997K(3072K), 0.0219964 secs]134.376: [CMS: 6331K->6329K(6848K), 0.0166903 secs] 9081K->9081K(9920K), [Metaspace: 3748K->3748K(1056768K)], 0.0387547 secs] [Times: user=0.17 sys=0.00, real=0.04 secs] 
134.394: [GC (CMS Initial Mark) [1 CMS-initial-mark: 6329K(6848K)] 9081K(9920K), 0.0030965 secs] [Times: user=0.00 sys=0.00, real=0.00 secs] 
134.397: [CMS-concurrent-mark-start]
134.397: [GC (Allocation Failure) 134.397: [ParNew (promotion failed): 2751K->2997K(3072K), 0.0214941 secs]134.419: [CMS134.422: [CMS-concurrent-mark: 0.004/0.025 secs] [Times: user=0.16 sys=0.00, real=0.03 secs] 
 (concurrent mode failure): 6331K->6329K(6848K), 0.0196624 secs] 9081K->9081K(9920K), [Metaspace: 3748K->3748K(1056768K)], 0.0412224 secs] [Times: user=0.18 sys=0.00, real=0.04 secs] 
134.439: [GC (Allocation Failure) 134.439: [ParNew (promotion failed): 2751K->2997K(3072K), 0.0176030 secs]134.457: [CMS: 6331K->6329K(6848K), 0.0166992 secs] 9081K->9081K(9920K), [Metaspace: 3748K->3748K(1056768K)], 0.0343723 secs] [Times: user=0.14 sys=0.00, real=0.04 secs] 
134.474: [GC (CMS Initial Mark) [1 CMS-initial-mark: 6329K(6848K)] 9081K(9920K), 0.0030319 secs] [Times: user=0.00 sys=0.00, real=0.00 secs] 
134.477: [CMS-concurrent-mark-start]
134.477: [GC (Allocation Failure) 134.477: [ParNew (promotion failed): 2751K->2997K(3072K), 0.0143763 secs]134.491: [CMS134.495: [CMS-concurrent-mark: 0.003/0.018 secs] [Times: user=0.12 sys=0.00, real=0.02 secs] 
 (concurrent mode failure): 6331K->6329K(6848K), 0.0203787 secs] 9081K->9081K(9920K), [Metaspace: 3748K->3748K(1056768K)], 0.0348197 secs] [Times: user=0.13 sys=0.00, real=0.04 secs] 
134.512: [GC (Allocation Failure) 134.512: [ParNew (promotion failed): 2751K->2997K(3072K), 0.0150372 secs]134.527: [CMS: 6331K->6329K(6848K), 0.0166263 secs] 9081K->9081K(9920K), [Metaspace: 3748K->3748K(1056768K)], 0.0317333 secs] [Times: user=0.11 sys=0.00, real=0.03 secs] 
134.544: [GC (CMS Initial Mark) [1 CMS-initial-mark: 6329K(6848K)] 9081K(9920K), 0.0031067 secs] [Times: user=0.01 sys=0.00, real=0.00 secs] 
134.547: [CMS-concurrent-mark-start]
134.548: [GC (Allocation Failure) 134.548: [ParNew (promotion failed): 2751K->2997K(3072K), 0.0216257 secs]134.569: [CMS134.573: [CMS-concurrent-mark: 0.003/0.025 secs] [Times: user=0.16 sys=0.00, real=0.03 secs] 
 (concurrent mode failure): 6331K->6329K(6848K), 0.0198789 secs] 9081K->9081K(9920K), [Metaspace: 3748K->3748K(1056768K)], 0.0415685 secs] [Times: user=0.18 sys=0.00, real=0.04 secs] 
134.590: [GC (Allocation Failure) 134.590: [ParNew (promotion failed): 2751K->3071K(3072K), 0.0234974 secs]134.613: [CMS: 6331K->6329K(6848K), 0.0166720 secs] 9081K->9081K(9920K), [Metaspace: 3748K->3748K(1056768K)], 0.0402414 secs] [Times: user=0.19 sys=0.00, real=0.04 secs] 
134.631: [GC (CMS Initial Mark) [1 CMS-initial-mark: 6329K(6848K)] 9081K(9920K), 0.0030665 secs] [Times: user=0.00 sys=0.00, real=0.00 secs] 
134.634: [CMS-concurrent-mark-start]
134.634: [GC (Allocation Failure) 134.634: [ParNew (promotion failed): 2751K->2997K(3072K), 0.0148596 secs]134.649: [CMS134.652: [CMS-concurrent-mark: 0.003/0.018 secs] [Times: user=0.12 sys=0.00, real=0.02 secs] 
 (concurrent mode failure): 6331K->6329K(6848K), 0.0200795 secs] 9081K->9081K(9920K), [Metaspace: 3748K->3748K(1056768K)], 0.0350022 secs] [Times: user=0.14 sys=0.00, real=0.03 secs] 
134.670: [GC (Allocation Failure) 134.670: [ParNew (promotion failed): 2751K->3071K(3072K), 0.0173895 secs]134.687: [CMS: 6331K->6329K(6848K), 0.0167785 secs] 9081K->9081K(9920K), [Metaspace: 3748K->3748K(1056768K)], 0.0342382 secs] [Times: user=0.14 sys=0.00, real=0.03 secs] 
134.704: [GC (CMS Initial Mark) [1 CMS-initial-mark: 6329K(6848K)] 9081K(9920K), 0.0030816 secs] [Times: user=0.01 sys=0.00, real=0.00 secs] 
134.707: [CMS-concurrent-mark-start]
134.708: [GC (Allocation Failure) 134.708: [ParNew (promotion failed): 2751K->2982K(3072K), 0.0163689 secs]134.724: [CMS134.727: [CMS-concurrent-mark: 0.003/0.020 secs] [Times: user=0.13 sys=0.00, real=0.02 secs] 
 (concurrent mode failure): 6331K->6329K(6848K), 0.0196810 secs] 9081K->9081K(9920K), [Metaspace: 3748K->3748K(1056768K)], 0.0361138 secs] [Times: user=0.14 sys=0.00, real=0.04 secs] 
134.744: [GC (Allocation Failure) 134.744: [ParNew (promotion failed): 2751K->2991K(3072K), 0.0180538 secs]134.762: [CMS: 6331K->6329K(6848K), 0.0165160 secs] 9081K->9081K(9920K), [Metaspace: 3748K->3748K(1056768K)], 0.0346484 secs] [Times: user=0.16 sys=0.00, real=0.03 secs] 
134.779: [GC (CMS Initial Mark) [1 CMS-initial-mark: 6329K(6848K)] 9081K(9920K), 0.0030566 secs] [Times: user=0.00 sys=0.00, real=0.01 secs] 
134.782: [CMS-concurrent-mark-start]
134.782: [GC (Allocation Failure) 134.782: [ParNew (promotion failed): 2751K->3014K(3072K), 0.0147213 secs]134.797: [CMS134.800: [CMS-concurrent-mark: 0.003/0.018 secs] [Times: user=0.11 sys=0.01, real=0.02 secs] 
 (concurrent mode failure): 6331K->6329K(6848K), 0.0203070 secs] 9081K->9081K(9920K), [Metaspace: 3748K->3748K(1056768K)], 0.0350915 secs] [Times: user=0.13 sys=0.00, real=0.03 secs] 
134.818: [GC (Allocation Failure) 134.818: [ParNew (promotion failed): 2751K->2995K(3072K), 0.0156997 secs]134.833: [CMS: 6331K->6329K(6848K), 0.0165350 secs] 9081K->9081K(9920K), [Metaspace: 3748K->3748K(1056768K)], 0.0323030 secs] [Times: user=0.13 sys=0.00, real=0.04 secs] 
134.850: [GC (CMS Initial Mark) [1 CMS-initial-mark: 6329K(6848K)] 9081K(9920K), 0.0030775 secs] [Times: user=0.01 sys=0.00, real=0.00 secs] 
134.854: [CMS-concurrent-mark-start]
134.854: [GC (Allocation Failure) 134.854: [ParNew (promotion failed): 2751K->2997K(3072K), 0.0148026 secs]134.868: [CMS134.872: [CMS-concurrent-mark: 0.003/0.018 secs] [Times: user=0.11 sys=0.00, real=0.02 secs] 
 (concurrent mode failure): 6331K->6329K(6848K), 0.0203186 secs] 9081K->9081K(9920K), [Metaspace: 3748K->3748K(1056768K)], 0.0351907 secs] [Times: user=0.13 sys=0.00, real=0.03 secs] 
134.890: [GC (Allocation Failure) 134.890: [ParNew (promotion failed): 2751K->2997K(3072K), 0.0173028 secs]134.907: [CMS: 6331K->6329K(6848K), 0.0204665 secs] 9081K->9081K(9920K), [Metaspace: 3748K->3748K(1056768K)], 0.0378387 secs] [Times: user=0.15 sys=0.00, real=0.03 secs] 
134.928: [GC (CMS Initial Mark) [1 CMS-initial-mark: 6329K(6848K)] 9081K(9920K), 0.0067665 secs] [Times: user=0.00 sys=0.00, real=0.01 secs] 
134.935: [CMS-concurrent-mark-start]
134.940: [GC (Allocation Failure) 134.940: [ParNew (promotion failed): 2751K->2997K(3072K), 0.0172901 secs]134.957: [CMS134.960: [CMS-concurrent-mark: 0.007/0.025 secs] [Times: user=0.08 sys=0.00, real=0.03 secs] 
 (concurrent mode failure): 6331K->6329K(6848K), 0.0291665 secs] 9081K->9081K(9920K), [Metaspace: 3748K->3748K(1056768K)], 0.0465670 secs] [Times: user=0.09 sys=0.00, real=0.04 secs] 
134.987: [GC (Allocation Failure) 134.987: [ParNew (promotion failed): 2751K->3022K(3072K), 0.0154524 secs]135.003: [CMS: 6331K->6329K(6848K), 0.0167197 secs] 9081K->9081K(9920K), [Metaspace: 3748K->3748K(1056768K)], 0.0322545 secs] [Times: user=0.12 sys=0.00, real=0.04 secs] 
135.020: [GC (CMS Initial Mark) [1 CMS-initial-mark: 6329K(6848K)] 9081K(9920K), 0.0030730 secs] [Times: user=0.01 sys=0.00, real=0.00 secs] 
135.023: [CMS-concurrent-mark-start]
135.023: [GC (Allocation Failure) 135.023: [ParNew (promotion failed): 2751K->2997K(3072K), 0.0174545 secs]135.040: [CMS135.044: [CMS-concurrent-mark: 0.004/0.021 secs] [Times: user=0.13 sys=0.01, real=0.02 secs] 
 (concurrent mode failure): 6331K->6329K(6848K), 0.0204851 secs] 9081K->9081K(9920K), [Metaspace: 3748K->3748K(1056768K)], 0.0380086 secs] [Times: user=0.15 sys=0.01, real=0.04 secs] 
135.061: [GC (Allocation Failure) 135.061: [ParNew (promotion failed): 2751K->3022K(3072K), 0.0132080 secs]135.074: [CMS: 6331K->6329K(6848K), 0.0169774 secs] 9081K->9081K(9920K), [Metaspace: 3748K->3748K(1056768K)], 0.0302700 secs] [Times: user=0.09 sys=0.00, real=0.03 secs] 
135.092: [GC (CMS Initial Mark) [1 CMS-initial-mark: 6329K(6848K)] 9081K(9920K), 0.0030564 secs] [Times: user=0.01 sys=0.00, real=0.00 secs] 
135.095: [CMS-concurrent-mark-start]
135.095: [GC (Allocation Failure) 135.095: [ParNew (promotion failed): 2751K->3022K(3072K), 0.0205129 secs]135.116: [CMS135.119: [CMS-concurrent-mark: 0.004/0.024 secs] [Times: user=0.15 sys=0.00, real=0.02 secs] 
 (concurrent mode failure): 6331K->6329K(6848K), 0.0204090 secs] 9081K->9081K(9920K), [Metaspace: 3748K->3748K(1056768K)], 0.0409876 secs] [Times: user=0.16 sys=0.00, real=0.04 secs] 
135.136: [GC (Allocation Failure) 135.136: [ParNew (promotion failed): 2751K->2997K(3072K), 0.0144998 secs]135.151: [CMS: 6331K->6329K(6848K), 0.0168869 secs] 9081K->9081K(9920K), [Metaspace: 3748K->3748K(1056768K)], 0.0314511 secs] [Times: user=0.12 sys=0.00, real=0.03 secs] 
135.169: [GC (CMS Initial Mark) [1 CMS-initial-mark: 6329K(6848K)] 9081K(9920K), 0.0031160 secs] [Times: user=0.00 sys=0.00, real=0.01 secs] 
135.172: [CMS-concurrent-mark-start]
135.172: [GC (Allocation Failure) 135.172: [ParNew (promotion failed): 2751K->3022K(3072K), 0.0157225 secs]135.188: [CMS135.191: [CMS-concurrent-mark: 0.004/0.019 secs] [Times: user=0.10 sys=0.00, real=0.02 secs] 
 (concurrent mode failure): 6331K->6329K(6848K), 0.0208958 secs] 9081K->9081K(9920K), [Metaspace: 3748K->3748K(1056768K)], 0.0367015 secs] [Times: user=0.12 sys=0.00, real=0.03 secs] 
135.209: [GC (Allocation Failure) 135.209: [ParNew (promotion failed): 2751K->3022K(3072K), 0.0160438 secs]135.225: [CMS: 6331K->6329K(6848K), 0.0170367 secs] 9081K->9081K(9920K), [Metaspace: 3748K->3748K(1056768K)], 0.0331570 secs] [Times: user=0.13 sys=0.00, real=0.03 secs] 
135.243: [GC (CMS Initial Mark) [1 CMS-initial-mark: 6329K(6848K)] 9081K(9920K), 0.0030885 secs] [Times: user=0.00 sys=0.00, real=0.00 secs] 
135.246: [CMS-concurrent-mark-start]
135.246: [GC (Allocation Failure) 135.247: [ParNew (promotion failed): 2751K->2997K(3072K), 0.0161527 secs]135.263: [CMS135.266: [CMS-concurrent-mark: 0.003/0.020 secs] [Times: user=0.12 sys=0.01, real=0.02 secs] 
 (concurrent mode failure): 6331K->6329K(6848K), 0.0198639 secs] 9081K->9081K(9920K), [Metaspace: 3748K->3748K(1056768K)], 0.0360815 secs] [Times: user=0.14 sys=0.01, real=0.04 secs] 
135.283: [GC (Allocation Failure) 135.283: [ParNew (promotion failed): 2751K->2997K(3072K), 0.0224792 secs]135.305: [CMS: 6331K->6329K(6848K), 0.0168673 secs] 9081K->9081K(9920K), [Metaspace: 3748K->3748K(1056768K)], 0.0394147 secs] [Times: user=0.18 sys=0.00, real=0.04 secs] 
135.323: [GC (CMS Initial Mark) [1 CMS-initial-mark: 6329K(6848K)] 9081K(9920K), 0.0030486 secs] [Times: user=0.00 sys=0.00, real=0.00 secs] 
135.326: [CMS-concurrent-mark-start]
135.326: [GC (Allocation Failure) 135.326: [ParNew (promotion failed): 2751K->3046K(3072K), 0.0216098 secs]135.347: [CMS135.351: [CMS-concurrent-mark: 0.003/0.025 secs] [Times: user=0.16 sys=0.00, real=0.03 secs] 
 (concurrent mode failure): 6331K->6329K(6848K), 0.0199694 secs] 9081K->9081K(9920K), [Metaspace: 3748K->3748K(1056768K)], 0.0416567 secs] [Times: user=0.18 sys=0.00, real=0.04 secs] 
135.368: [GC (Allocation Failure) 135.368: [ParNew (promotion failed): 2751K->2997K(3072K), 0.0147878 secs]135.383: [CMS: 6331K->6329K(6848K), 0.0166290 secs] 9081K->9081K(9920K), [Metaspace: 3748K->3748K(1056768K)], 0.0314840 secs] [Times: user=0.12 sys=0.00, real=0.04 secs] 
135.400: [GC (CMS Initial Mark) [1 CMS-initial-mark: 6329K(6848K)] 9081K(9920K), 0.0031158 secs] [Times: user=0.01 sys=0.00, real=0.00 secs] 
135.403: [CMS-concurrent-mark-start]
135.403: [GC (Allocation Failure) 135.403: [ParNew (promotion failed): 2751K->2997K(3072K), 0.0182962 secs]135.421: [CMS135.425: [CMS-concurrent-mark: 0.004/0.022 secs] [Times: user=0.14 sys=0.00, real=0.02 secs] 
 (concurrent mode failure): 6331K->6329K(6848K), 0.0204139 secs] 9081K->9081K(9920K), [Metaspace: 3748K->3748K(1056768K)], 0.0387800 secs] [Times: user=0.15 sys=0.00, real=0.04 secs] 
135.442: [GC (Allocation Failure) 135.443: [ParNew (promotion failed): 2751K->3022K(3072K), 0.0168500 secs]135.459: [CMS: 6331K->6329K(6848K), 0.0166028 secs] 9081K->9081K(9920K), [Metaspace: 3748K->3748K(1056768K)], 0.0335273 secs] [Times: user=0.14 sys=0.00, real=0.03 secs] 
135.476: [GC (CMS Initial Mark) [1 CMS-initial-mark: 6329K(6848K)] 9081K(9920K), 0.0030440 secs] [Times: user=0.01 sys=0.00, real=0.01 secs] 
135.479: [CMS-concurrent-mark-start]
135.480: [GC (Allocation Failure) 135.480: [ParNew (promotion failed): 2751K->3046K(3072K), 0.0166085 secs]135.497: [CMS135.500: [CMS-concurrent-mark: 0.003/0.020 secs] [Times: user=0.12 sys=0.00, real=0.02 secs] 
 (concurrent mode failure): 6331K->6329K(6848K), 0.0196555 secs] 9081K->9081K(9920K), [Metaspace: 3748K->3748K(1056768K)], 0.0363285 secs] [Times: user=0.14 sys=0.00, real=0.03 secs] 
135.517: [GC (Allocation Failure) 135.517: [ParNew (promotion failed): 2751K->2997K(3072K), 0.0135498 secs]135.531: [CMS: 6331K->6329K(6848K), 0.0167693 secs] 9081K->9081K(9920K), [Metaspace: 3748K->3748K(1056768K)], 0.0303880 secs] [Times: user=0.11 sys=0.00, real=0.03 secs] 
135.548: [GC (CMS Initial Mark) [1 CMS-initial-mark: 6329K(6848K)] 9081K(9920K), 0.0030701 secs] [Times: user=0.00 sys=0.00, real=0.01 secs] 
135.551: [CMS-concurrent-mark-start]
135.551: [GC (Allocation Failure) 135.551: [ParNew (promotion failed): 2751K->2997K(3072K), 0.0162455 secs]135.567: [CMS135.571: [CMS-concurrent-mark: 0.004/0.020 secs] [Times: user=0.13 sys=0.00, real=0.02 secs] 
 (concurrent mode failure): 6331K->6329K(6848K), 0.0200685 secs] 9081K->9081K(9920K), [Metaspace: 3748K->3748K(1056768K)], 0.0363762 secs] [Times: user=0.15 sys=0.01, real=0.03 secs] 
135.587: [GC (Allocation Failure) 135.587: [ParNew (promotion failed): 2751K->2997K(3072K), 0.0158569 secs]135.603: [CMS: 6331K->6329K(6848K), 0.0166541 secs] 9081K->9081K(9920K), [Metaspace: 3748K->3748K(1056768K)], 0.0325776 secs] [Times: user=0.13 sys=0.00, real=0.04 secs] 
135.620: [GC (CMS Initial Mark) [1 CMS-initial-mark: 6329K(6848K)] 9081K(9920K), 0.0030676 secs] [Times: user=0.00 sys=0.00, real=0.00 secs] 
135.624: [CMS-concurrent-mark-start]
135.624: [GC (Allocation Failure) 135.624: [ParNew (promotion failed): 2751K->2997K(3072K), 0.0138812 secs]135.638: [CMS135.641: [CMS-concurrent-mark: 0.004/0.018 secs] [Times: user=0.11 sys=0.00, real=0.02 secs] 
 (concurrent mode failure): 6331K->6329K(6848K), 0.0199772 secs] 9081K->9081K(9920K), [Metaspace: 3748K->3748K(1056768K)], 0.0339294 secs] [Times: user=0.12 sys=0.00, real=0.03 secs] 
135.658: [GC (Allocation Failure) 135.658: [ParNew (promotion failed): 2751K->2997K(3072K), 0.0178633 secs]135.676: [CMS: 6331K->6329K(6848K), 0.0168681 secs] 9081K->9081K(9920K), [Metaspace: 3748K->3748K(1056768K)], 0.0347982 secs] [Times: user=0.15 sys=0.00, real=0.04 secs] 
135.694: [GC (CMS Initial Mark) [1 CMS-initial-mark: 6329K(6848K)] 9081K(9920K), 0.0030701 secs] [Times: user=0.01 sys=0.00, real=0.00 secs] 
135.697: [CMS-concurrent-mark-start]
135.697: [GC (Allocation Failure) 135.697: [ParNew (promotion failed): 2751K->3022K(3072K), 0.0220280 secs]135.719: [CMS135.722: [CMS-concurrent-mark: 0.004/0.026 secs] [Times: user=0.14 sys=0.00, real=0.03 secs] 
 (concurrent mode failure): 6331K->6329K(6848K), 0.0203219 secs] 9081K->9081K(9920K), [Metaspace: 3748K->3748K(1056768K)], 0.0424177 secs] [Times: user=0.16 sys=0.00, real=0.05 secs] 
135.740: [GC (Allocation Failure) 135.740: [ParNew (promotion failed): 2751K->2972K(3072K), 0.0169831 secs]135.757: [CMS: 6331K->6329K(6848K), 0.0167224 secs] 9081K->9081K(9920K), [Metaspace: 3748K->3748K(1056768K)], 0.0338021 secs] [Times: user=0.14 sys=0.00, real=0.03 secs] 
135.774: [GC (CMS Initial Mark) [1 CMS-initial-mark: 6329K(6848K)] 9081K(9920K), 0.0030697 secs] [Times: user=0.00 sys=0.00, real=0.00 secs] 
135.777: [CMS-concurrent-mark-start]
135.778: [GC (Allocation Failure) 135.778: [ParNew (promotion failed): 2751K->2997K(3072K), 0.0213678 secs]135.799: [CMS135.802: [CMS-concurrent-mark: 0.004/0.025 secs] [Times: user=0.16 sys=0.00, real=0.03 secs] 
 (concurrent mode failure): 6331K->6329K(6848K), 0.0199003 secs] 9081K->9081K(9920K), [Metaspace: 3748K->3748K(1056768K)], 0.0413391 secs] [Times: user=0.18 sys=0.00, real=0.04 secs] 
135.819: [GC (Allocation Failure) 135.819: [ParNew (promotion failed): 2751K->3022K(3072K), 0.0167411 secs]135.836: [CMS: 6331K->6329K(6848K), 0.0166263 secs] 9081K->9081K(9920K), [Metaspace: 3748K->3748K(1056768K)], 0.0334238 secs] [Times: user=0.13 sys=0.00, real=0.03 secs] 
135.853: [GC (CMS Initial Mark) [1 CMS-initial-mark: 6329K(6848K)] 9081K(9920K), 0.0030511 secs] [Times: user=0.01 sys=0.00, real=0.00 secs] 
135.856: [CMS-concurrent-mark-start]
135.856: [GC (Allocation Failure) 135.856: [ParNew (promotion failed): 2751K->2997K(3072K), 0.0178117 secs]135.874: [CMS135.878: [CMS-concurrent-mark: 0.004/0.021 secs] [Times: user=0.13 sys=0.01, real=0.02 secs] 
 (concurrent mode failure): 6331K->6329K(6848K), 0.0201760 secs] 9081K->9081K(9920K), [Metaspace: 3748K->3748K(1056768K)], 0.0380677 secs] [Times: user=0.14 sys=0.01, real=0.04 secs] 
135.895: [GC (Allocation Failure) 135.895: [ParNew (promotion failed): 2751K->2997K(3072K), 0.0167822 secs]135.912: [CMS: 6331K->6329K(6848K), 0.0169730 secs] 9081K->9081K(9920K), [Metaspace: 3748K->3748K(1056768K)], 0.0338372 secs] [Times: user=0.14 sys=0.00, real=0.03 secs] 
135.929: [GC (CMS Initial Mark) [1 CMS-initial-mark: 6329K(6848K)] 9081K(9920K), 0.0032234 secs] [Times: user=0.00 sys=0.00, real=0.01 secs] 
135.932: [CMS-concurrent-mark-start]
135.932: [GC (Allocation Failure) 135.932: [ParNew (promotion failed): 2751K->2997K(3072K), 0.0143684 secs]135.947: [CMS135.950: [CMS-concurrent-mark: 0.004/0.018 secs] [Times: user=0.11 sys=0.00, real=0.02 secs] 
 (concurrent mode failure): 6331K->6329K(6848K), 0.0209322 secs] 9081K->9081K(9920K), [Metaspace: 3748K->3748K(1056768K)], 0.0353809 secs] [Times: user=0.13 sys=0.00, real=0.03 secs] 
135.969: [GC (Allocation Failure) 135.969: [ParNew (promotion failed): 2751K->3022K(3072K), 0.0157490 secs]135.984: [CMS: 6331K->6329K(6848K), 0.0168156 secs] 9081K->9081K(9920K), [Metaspace: 3748K->3748K(1056768K)], 0.0326433 secs] [Times: user=0.12 sys=0.00, real=0.04 secs] 
136.002: [GC (CMS Initial Mark) [1 CMS-initial-mark: 6329K(6848K)] 9081K(9920K), 0.0031085 secs] [Times: user=0.00 sys=0.00, real=0.00 secs] 
136.005: [CMS-concurrent-mark-start]
136.005: [GC (Allocation Failure) 136.005: [ParNew (promotion failed): 2751K->2997K(3072K), 0.0161397 secs]136.022: [CMS136.025: [CMS-concurrent-mark: 0.004/0.020 secs] [Times: user=0.12 sys=0.00, real=0.02 secs] 
 (concurrent mode failure): 6331K->6329K(6848K), 0.0196748 secs] 9081K->9081K(9920K), [Metaspace: 3748K->3748K(1056768K)], 0.0358783 secs] [Times: user=0.14 sys=0.00, real=0.04 secs] 
136.042: [GC (Allocation Failure) 136.042: [ParNew (promotion failed): 2751K->3022K(3072K), 0.0181743 secs]136.060: [CMS: 6331K->6329K(6848K), 0.0169455 secs] 9081K->9081K(9920K), [Metaspace: 3748K->3748K(1056768K)], 0.0351844 secs] [Times: user=0.14 sys=0.00, real=0.03 secs] 
136.077: [GC (CMS Initial Mark) [1 CMS-initial-mark: 6329K(6848K)] 9081K(9920K), 0.0032290 secs] [Times: user=0.00 sys=0.00, real=0.01 secs] 
136.081: [CMS-concurrent-mark-start]
136.081: [GC (Allocation Failure) 136.081: [ParNew (promotion failed): 2751K->2972K(3072K), 0.0147928 secs]136.096: [CMS136.099: [CMS-concurrent-mark: 0.004/0.018 secs] [Times: user=0.11 sys=0.00, real=0.01 secs] 
 (concurrent mode failure): 6331K->6329K(6848K), 0.0205110 secs] 9081K->9081K(9920K), [Metaspace: 3748K->3748K(1056768K)], 0.0353756 secs] [Times: user=0.13 sys=0.00, real=0.03 secs] 
136.116: [GC (Allocation Failure) 136.116: [ParNew (promotion failed): 2751K->3022K(3072K), 0.0216150 secs]136.138: [CMS: 6331K->6329K(6848K), 0.0168023 secs] 9081K->9081K(9920K), [Metaspace: 3748K->3748K(1056768K)], 0.0384857 secs] [Times: user=0.17 sys=0.01, real=0.04 secs] 
136.155: [GC (CMS Initial Mark) [1 CMS-initial-mark: 6329K(6848K)] 9081K(9920K), 0.0030856 secs] [Times: user=0.00 sys=0.00, real=0.00 secs] 
136.158: [CMS-concurrent-mark-start]
136.159: [GC (Allocation Failure) 136.159: [ParNew (promotion failed): 2751K->2997K(3072K), 0.0167525 secs]136.175: [CMS136.179: [CMS-concurrent-mark: 0.004/0.020 secs] [Times: user=0.13 sys=0.00, real=0.02 secs] 
 (concurrent mode failure): 6331K->6329K(6848K), 0.0203953 secs] 9081K->9081K(9920K), [Metaspace: 3748K->3748K(1056768K)], 0.0372228 secs] [Times: user=0.14 sys=0.00, real=0.04 secs] 
136.196: [GC (Allocation Failure) 136.196: [ParNew (promotion failed): 2751K->2997K(3072K), 0.0210335 secs]136.218: [CMS: 6331K->6329K(6848K), 0.0168210 secs] 9081K->9081K(9920K), [Metaspace: 3748K->3748K(1056768K)], 0.0386345 secs] [Times: user=0.16 sys=0.00, real=0.04 secs] 
136.236: [GC (CMS Initial Mark) [1 CMS-initial-mark: 6329K(6848K)] 9081K(9920K), 0.0030873 secs] [Times: user=0.00 sys=0.00, real=0.00 secs] 
136.239: [CMS-concurrent-mark-start]
136.239: [GC (Allocation Failure) 136.239: [ParNew (promotion failed): 2751K->2997K(3072K), 0.0159707 secs]136.255: [CMS136.258: [CMS-concurrent-mark: 0.003/0.020 secs] [Times: user=0.12 sys=0.00, real=0.02 secs] 
 (concurrent mode failure): 6331K->6329K(6848K), 0.0201183 secs] 9081K->9081K(9920K), [Metaspace: 3748K->3748K(1056768K)], 0.0361527 secs] [Times: user=0.14 sys=0.00, real=0.04 secs] 
136.276: [GC (Allocation Failure) 136.276: [ParNew (promotion failed): 2751K->2997K(3072K), 0.0149950 secs]136.291: [CMS: 6331K->6329K(6848K), 0.0166833 secs] 9081K->9081K(9920K), [Metaspace: 3748K->3748K(1056768K)], 0.0317393 secs] [Times: user=0.12 sys=0.00, real=0.03 secs] 
136.308: [GC (CMS Initial Mark) [1 CMS-initial-mark: 6329K(6848K)] 9081K(9920K), 0.0030541 secs] [Times: user=0.00 sys=0.00, real=0.01 secs] 
136.311: [CMS-concurrent-mark-start]
136.311: [GC (Allocation Failure) 136.311: [ParNew (promotion failed): 2751K->2972K(3072K), 0.0209988 secs]136.332: [CMS136.336: [CMS-concurrent-mark: 0.003/0.025 secs] [Times: user=0.16 sys=0.00, real=0.02 secs] 
 (concurrent mode failure): 6331K->6329K(6848K), 0.0198976 secs] 9081K->9081K(9920K), [Metaspace: 3748K->3748K(1056768K)], 0.0409708 secs] [Times: user=0.17 sys=0.00, real=0.04 secs] 
136.353: [GC (Allocation Failure) 136.353: [ParNew (promotion failed): 2751K->2997K(3072K), 0.0183560 secs]136.371: [CMS: 6331K->6329K(6848K), 0.0167188 secs] 9081K->9081K(9920K), [Metaspace: 3748K->3748K(1056768K)], 0.0351562 secs] [Times: user=0.15 sys=0.01, real=0.03 secs] 
136.388: [GC (CMS Initial Mark) [1 CMS-initial-mark: 6329K(6848K)] 9081K(9920K), 0.0030460 secs] [Times: user=0.00 sys=0.00, real=0.01 secs] 
136.391: [CMS-concurrent-mark-start]
136.391: [GC (Allocation Failure) 136.391: [ParNew (promotion failed): 2751K->2997K(3072K), 0.0166525 secs]136.408: [CMS136.411: [CMS-concurrent-mark: 0.004/0.020 secs] [Times: user=0.12 sys=0.00, real=0.02 secs] 
 (concurrent mode failure): 6331K->6329K(6848K), 0.0202975 secs] 9081K->9081K(9920K), [Metaspace: 3748K->3748K(1056768K)], 0.0370265 secs] [Times: user=0.14 sys=0.00, real=0.03 secs] 
136.429: [GC (Allocation Failure) 136.429: [ParNew (promotion failed): 2751K->3022K(3072K), 0.0154865 secs]136.444: [CMS: 6331K->6329K(6848K), 0.0169578 secs] 9081K->9081K(9920K), [Metaspace: 3748K->3748K(1056768K)], 0.0325189 secs] [Times: user=0.13 sys=0.00, real=0.04 secs] 
136.462: [GC (CMS Initial Mark) [1 CMS-initial-mark: 6329K(6848K)] 9081K(9920K), 0.0031005 secs] [Times: user=0.00 sys=0.00, real=0.00 secs] 
136.465: [CMS-concurrent-mark-start]
136.465: [GC (Allocation Failure) 136.465: [ParNew (promotion failed): 2751K->2997K(3072K), 0.0144432 secs]136.479: [CMS136.483: [CMS-concurrent-mark: 0.004/0.018 secs] [Times: user=0.10 sys=0.00, real=0.02 secs] 
 (concurrent mode failure): 6331K->6329K(6848K), 0.0207227 secs] 9081K->9081K(9920K), [Metaspace: 3748K->3748K(1056768K)], 0.0352478 secs] [Times: user=0.12 sys=0.00, real=0.04 secs] 
136.501: [GC (Allocation Failure) 136.501: [ParNew (promotion failed): 2751K->2997K(3072K), 0.0216585 secs]136.523: [CMS: 6331K->6329K(6848K), 0.0171992 secs] 9081K->9081K(9920K), [Metaspace: 3748K->3748K(1056768K)], 0.0389357 secs] [Times: user=0.15 sys=0.00, real=0.04 secs] 
136.540: [GC (CMS Initial Mark) [1 CMS-initial-mark: 6329K(6848K)] 9081K(9920K), 0.0031063 secs] [Times: user=0.00 sys=0.00, real=0.00 secs] 
136.543: [CMS-concurrent-mark-start]
136.544: [GC (Allocation Failure) 136.544: [ParNew (promotion failed): 2751K->2997K(3072K), 0.0136457 secs]136.558: [CMS136.561: [CMS-concurrent-mark: 0.004/0.017 secs] [Times: user=0.10 sys=0.00, real=0.02 secs] 
 (concurrent mode failure): 6331K->6329K(6848K), 0.0196972 secs] 9081K->9081K(9920K), [Metaspace: 3748K->3748K(1056768K)], 0.0334164 secs] [Times: user=0.12 sys=0.01, real=0.03 secs] 
136.578: [GC (Allocation Failure) 136.578: [ParNew (promotion failed): 2751K->2997K(3072K), 0.0167015 secs]136.595: [CMS: 6331K->6329K(6848K), 0.0168717 secs] 9081K->9081K(9920K), [Metaspace: 3748K->3748K(1056768K)], 0.0336524 secs] [Times: user=0.13 sys=0.00, real=0.04 secs] 
136.612: [GC (CMS Initial Mark) [1 CMS-initial-mark: 6329K(6848K)] 9081K(9920K), 0.0030599 secs] [Times: user=0.00 sys=0.00, real=0.00 secs] 
136.615: [CMS-concurrent-mark-start]
136.615: [GC (Allocation Failure) 136.615: [ParNew (promotion failed): 2751K->3022K(3072K), 0.0171497 secs]136.632: [CMS136.636: [CMS-concurrent-mark: 0.004/0.021 secs] [Times: user=0.13 sys=0.00, real=0.02 secs] 
 (concurrent mode failure): 6331K->6329K(6848K), 0.0202260 secs] 9081K->9081K(9920K), [Metaspace: 3748K->3748K(1056768K)], 0.0374545 secs] [Times: user=0.15 sys=0.00, real=0.04 secs] 
136.653: [GC (Allocation Failure) 136.653: [ParNew (promotion failed): 2751K->2997K(3072K), 0.0161860 secs]136.669: [CMS: 6331K->6329K(6848K), 0.0167330 secs] 9081K->9081K(9920K), [Metaspace: 3748K->3748K(1056768K)], 0.0329879 secs] [Times: user=0.13 sys=0.00, real=0.03 secs] 
136.686: [GC (CMS Initial Mark) [1 CMS-initial-mark: 6329K(6848K)] 9081K(9920K), 0.0030570 secs] [Times: user=0.00 sys=0.00, real=0.01 secs] 
136.689: [CMS-concurrent-mark-start]
136.690: [GC (Allocation Failure) 136.690: [ParNew (promotion failed): 2751K->3022K(3072K), 0.0168766 secs]136.706: [CMS136.710: [CMS-concurrent-mark: 0.004/0.021 secs] [Times: user=0.12 sys=0.00, real=0.02 secs] 
 (concurrent mode failure): 6331K->6329K(6848K), 0.0201974 secs] 9081K->9081K(9920K), [Metaspace: 3748K->3748K(1056768K)], 0.0371515 secs] [Times: user=0.14 sys=0.00, real=0.03 secs] 
136.727: [GC (Allocation Failure) 136.727: [ParNew (promotion failed): 2751K->3022K(3072K), 0.0175895 secs]136.745: [CMS: 6331K->6329K(6848K), 0.0169276 secs] 9081K->9081K(9920K), [Metaspace: 3748K->3748K(1056768K)], 0.0345905 secs] [Times: user=0.14 sys=0.00, real=0.04 secs] 
136.763: [GC (CMS Initial Mark) [1 CMS-initial-mark: 6329K(6848K)] 9081K(9920K), 0.0030741 secs] [Times: user=0.00 sys=0.00, real=0.00 secs] 
136.766: [CMS-concurrent-mark-start]
136.766: [GC (Allocation Failure) 136.766: [ParNew (promotion failed): 2751K->3046K(3072K), 0.0181845 secs]136.784: [CMS136.787: [CMS-concurrent-mark: 0.004/0.022 secs] [Times: user=0.13 sys=0.01, real=0.02 secs] 
 (concurrent mode failure): 6331K->6329K(6848K), 0.0202091 secs] 9081K->9081K(9920K), [Metaspace: 3748K->3748K(1056768K)], 0.0384637 secs] [Times: user=0.15 sys=0.01, real=0.04 secs] 
136.805: [GC (Allocation Failure) 136.805: [ParNew (promotion failed): 2751K->2997K(3072K), 0.0157988 secs]136.821: [CMS: 6331K->6329K(6848K), 0.0168268 secs] 9081K->9081K(9920K), [Metaspace: 3748K->3748K(1056768K)], 0.0327056 secs] [Times: user=0.13 sys=0.00, real=0.03 secs] 
136.838: [GC (CMS Initial Mark) [1 CMS-initial-mark: 6329K(6848K)] 9081K(9920K), 0.0031405 secs] [Times: user=0.00 sys=0.00, real=0.01 secs] 
136.841: [CMS-concurrent-mark-start]
136.842: [GC (Allocation Failure) 136.842: [ParNew (promotion failed): 2751K->3022K(3072K), 0.0206905 secs]136.862: [CMS136.866: [CMS-concurrent-mark: 0.004/0.024 secs] [Times: user=0.15 sys=0.00, real=0.02 secs] 
 (concurrent mode failure): 6331K->6329K(6848K), 0.0200318 secs] 9081K->9081K(9920K), [Metaspace: 3748K->3748K(1056768K)], 0.0407925 secs] [Times: user=0.17 sys=0.00, real=0.04 secs] 
136.883: [GC (Allocation Failure) 136.883: [ParNew (promotion failed): 2751K->3022K(3072K), 0.0197115 secs]136.902: [CMS: 6331K->6329K(6848K), 0.0167517 secs] 9081K->9081K(9920K), [Metaspace: 3748K->3748K(1056768K)], 0.0365410 secs] [Times: user=0.15 sys=0.00, real=0.04 secs] 
136.919: [GC (CMS Initial Mark) [1 CMS-initial-mark: 6329K(6848K)] 9081K(9920K), 0.0030882 secs] [Times: user=0.00 sys=0.00, real=0.00 secs] 
136.923: [CMS-concurrent-mark-start]
136.923: [GC (Allocation Failure) 136.923: [ParNew (promotion failed): 2751K->3022K(3072K), 0.0190929 secs]136.942: [CMS136.945: [CMS-concurrent-mark: 0.004/0.023 secs] [Times: user=0.15 sys=0.00, real=0.02 secs] 
 (concurrent mode failure): 6331K->6329K(6848K), 0.0201745 secs] 9081K->9081K(9920K), [Metaspace: 3748K->3748K(1056768K)], 0.0393352 secs] [Times: user=0.16 sys=0.00, real=0.04 secs] 
136.962: [GC (Allocation Failure) 136.962: [ParNew (promotion failed): 2751K->3022K(3072K), 0.0164556 secs]136.979: [CMS: 6331K->6329K(6848K), 0.0168652 secs] 9081K->9081K(9920K), [Metaspace: 3748K->3748K(1056768K)], 0.0333941 secs] [Times: user=0.12 sys=0.00, real=0.03 secs] 
136.996: [GC (CMS Initial Mark) [1 CMS-initial-mark: 6329K(6848K)] 9081K(9920K), 0.0030708 secs] [Times: user=0.00 sys=0.00, real=0.01 secs] 
136.999: [CMS-concurrent-mark-start]
136.999: [GC (Allocation Failure) 136.999: [ParNew (promotion failed): 2751K->2997K(3072K), 0.0222901 secs]137.022: [CMS137.025: [CMS-concurrent-mark: 0.004/0.026 secs] [Times: user=0.17 sys=0.00, real=0.02 secs] 
 (concurrent mode failure): 6331K->6329K(6848K), 0.0200935 secs] 9081K->9081K(9920K), [Metaspace: 3748K->3748K(1056768K)], 0.0424615 secs] [Times: user=0.19 sys=0.00, real=0.04 secs] 
137.043: [GC (Allocation Failure) 137.043: [ParNew (promotion failed): 2751K->2997K(3072K), 0.0231044 secs]137.066: [CMS: 6331K->6329K(6848K), 0.0166931 secs] 9081K->9081K(9920K), [Metaspace: 3748K->3748K(1056768K)], 0.0398692 secs] [Times: user=0.18 sys=0.01, real=0.04 secs] 
137.083: [GC (CMS Initial Mark) [1 CMS-initial-mark: 6329K(6848K)] 9081K(9920K), 0.0030886 secs] [Times: user=0.01 sys=0.00, real=0.00 secs] 
137.086: [CMS-concurrent-mark-start]
137.087: [GC (Allocation Failure) 137.087: [ParNew (promotion failed): 2751K->3022K(3072K), 0.0164310 secs]137.103: [CMS137.106: [CMS-concurrent-mark: 0.004/0.020 secs] [Times: user=0.12 sys=0.00, real=0.02 secs] 
 (concurrent mode failure): 6331K->6329K(6848K), 0.0195616 secs] 9081K->9081K(9920K), [Metaspace: 3748K->3748K(1056768K)], 0.0360593 secs] [Times: user=0.14 sys=0.00, real=0.04 secs] 
137.123: [GC (Allocation Failure) 137.123: [ParNew (promotion failed): 2751K->3022K(3072K), 0.0174293 secs]137.141: [CMS: 6331K->6329K(6848K), 0.0167235 secs] 9081K->9081K(9920K), [Metaspace: 3748K->3748K(1056768K)], 0.0342218 secs] [Times: user=0.15 sys=0.00, real=0.03 secs] 
137.158: [GC (CMS Initial Mark) [1 CMS-initial-mark: 6329K(6848K)] 9081K(9920K), 0.0030763 secs] [Times: user=0.00 sys=0.00, real=0.01 secs] 
137.161: [CMS-concurrent-mark-start]
137.161: [GC (Allocation Failure) 137.161: [ParNew (promotion failed): 2751K->2997K(3072K), 0.0162352 secs]137.177: [CMS137.181: [CMS-concurrent-mark: 0.003/0.020 secs] [Times: user=0.13 sys=0.00, real=0.02 secs] 
 (concurrent mode failure): 6331K->6329K(6848K), 0.0199222 secs] 9081K->9081K(9920K), [Metaspace: 3748K->3748K(1056768K)], 0.0362254 secs] [Times: user=0.15 sys=0.00, real=0.03 secs] 
137.197: [GC (Allocation Failure) 137.197: [ParNew (promotion failed): 2751K->3022K(3072K), 0.0179881 secs]137.215: [CMS: 6331K->6329K(6848K), 0.0164964 secs] 9081K->9081K(9920K), [Metaspace: 3748K->3748K(1056768K)], 0.0345479 secs] [Times: user=0.15 sys=0.00, real=0.04 secs] 
137.232: [GC (CMS Initial Mark) [1 CMS-initial-mark: 6329K(6848K)] 9081K(9920K), 0.0031060 secs] [Times: user=0.00 sys=0.00, real=0.00 secs] 
137.235: [CMS-concurrent-mark-start]
137.236: [GC (Allocation Failure) 137.236: [ParNew (promotion failed): 2751K->3022K(3072K), 0.0184295 secs]137.254: [CMS137.257: [CMS-concurrent-mark: 0.003/0.022 secs] [Times: user=0.15 sys=0.00, real=0.02 secs] 
 (concurrent mode failure): 6331K->6329K(6848K), 0.0199768 secs] 9081K->9081K(9920K), [Metaspace: 3748K->3748K(1056768K)], 0.0384636 secs] [Times: user=0.16 sys=0.00, real=0.04 secs] 
137.275: [GC (Allocation Failure) 137.275: [ParNew (promotion failed): 2751K->3022K(3072K), 0.0176395 secs]137.292: [CMS: 6331K->6329K(6848K), 0.0168290 secs] 9081K->9081K(9920K), [Metaspace: 3748K->3748K(1056768K)], 0.0345441 secs] [Times: user=0.15 sys=0.00, real=0.03 secs] 
137.310: [GC (CMS Initial Mark) [1 CMS-initial-mark: 6329K(6848K)] 9081K(9920K), 0.0030328 secs] [Times: user=0.00 sys=0.00, real=0.00 secs] 
137.313: [CMS-concurrent-mark-start]
137.313: [GC (Allocation Failure) 137.313: [ParNew (promotion failed): 2751K->2997K(3072K), 0.0195668 secs]137.333: [CMS137.336: [CMS-concurrent-mark: 0.003/0.023 secs] [Times: user=0.16 sys=0.00, real=0.02 secs] 
 (concurrent mode failure): 6331K->6329K(6848K), 0.0199528 secs] 9081K->9081K(9920K), [Metaspace: 3748K->3748K(1056768K)], 0.0395822 secs] [Times: user=0.17 sys=0.00, real=0.04 secs] 
137.353: [GC (Allocation Failure) 137.353: [ParNew (promotion failed): 2751K->3022K(3072K), 0.0182793 secs]137.372: [CMS: 6331K->6329K(6848K), 0.0165228 secs] 9081K->9081K(9920K), [Metaspace: 3748K->3748K(1056768K)], 0.0348697 secs] [Times: user=0.16 sys=0.00, real=0.03 secs] 
137.389: [GC (CMS Initial Mark) [1 CMS-initial-mark: 6329K(6848K)] 9081K(9920K), 0.0030805 secs] [Times: user=0.00 sys=0.00, real=0.01 secs] 
137.392: [CMS-concurrent-mark-start]
137.392: [GC (Allocation Failure) 137.392: [ParNew (promotion failed): 2751K->3022K(3072K), 0.0163771 secs]137.409: [CMS137.412: [CMS-concurrent-mark: 0.004/0.020 secs] [Times: user=0.13 sys=0.01, real=0.02 secs] 
 (concurrent mode failure): 6331K->6329K(6848K), 0.0198403 secs] 9081K->9081K(9920K), [Metaspace: 3748K->3748K(1056768K)], 0.0362746 secs] [Times: user=0.15 sys=0.00, real=0.03 secs] 
137.429: [GC (Allocation Failure) 137.429: [ParNew (promotion failed): 2751K->3022K(3072K), 0.0147373 secs]137.443: [CMS: 6331K->6329K(6848K), 0.0164788 secs] 9081K->9081K(9920K), [Metaspace: 3748K->3748K(1056768K)], 0.0312775 secs] [Times: user=0.12 sys=0.00, real=0.04 secs] 
137.460: [GC (CMS Initial Mark) [1 CMS-initial-mark: 6329K(6848K)] 9081K(9920K), 0.0030510 secs] [Times: user=0.00 sys=0.00, real=0.00 secs] 
137.463: [CMS-concurrent-mark-start]
137.463: [GC (Allocation Failure) 137.463: [ParNew (promotion failed): 2751K->2997K(3072K), 0.0147702 secs]137.478: [CMS137.482: [CMS-concurrent-mark: 0.004/0.018 secs] [Times: user=0.11 sys=0.00, real=0.02 secs] 
 (concurrent mode failure): 6331K->6329K(6848K), 0.0200164 secs] 9081K->9081K(9920K), [Metaspace: 3748K->3748K(1056768K)], 0.0348512 secs] [Times: user=0.13 sys=0.00, real=0.03 secs] 
137.499: [GC (Allocation Failure) 137.499: [ParNew (promotion failed): 2751K->2997K(3072K), 0.0210167 secs]137.520: [CMS: 6331K->6329K(6848K), 0.0167795 secs] 9081K->9081K(9920K), [Metaspace: 3748K->3748K(1056768K)], 0.0378592 secs] [Times: user=0.14 sys=0.00, real=0.04 secs] 
137.537: [GC (CMS Initial Mark) [1 CMS-initial-mark: 6329K(6848K)] 9081K(9920K), 0.0031163 secs] [Times: user=0.01 sys=0.00, real=0.01 secs] 
137.540: [CMS-concurrent-mark-start]
137.540: [GC (Allocation Failure) 137.540: [ParNew (promotion failed): 2751K->2997K(3072K), 0.0174892 secs]137.558: [CMS137.561: [CMS-concurrent-mark: 0.004/0.021 secs] [Times: user=0.13 sys=0.00, real=0.02 secs] 
 (concurrent mode failure): 6331K->6329K(6848K), 0.0205407 secs] 9081K->9081K(9920K), [Metaspace: 3748K->3748K(1056768K)], 0.0380938 secs] [Times: user=0.15 sys=0.00, real=0.03 secs] 
137.579: [GC (Allocation Failure) 137.579: [ParNew (promotion failed): 2751K->2997K(3072K), 0.0203905 secs]137.600: [CMS: 6331K->6329K(6848K), 0.0167372 secs] 9081K->9081K(9920K), [Metaspace: 3748K->3748K(1056768K)], 0.0371978 secs] [Times: user=0.16 sys=0.00, real=0.04 secs] 
137.617: [GC (CMS Initial Mark) [1 CMS-initial-mark: 6329K(6848K)] 9081K(9920K), 0.0031169 secs] [Times: user=0.00 sys=0.00, real=0.01 secs] 
137.620: [CMS-concurrent-mark-start]
137.621: [GC (Allocation Failure) 137.621: [ParNew (promotion failed): 2751K->2997K(3072K), 0.0157603 secs]137.636: [CMS137.639: [CMS-concurrent-mark: 0.004/0.019 secs] [Times: user=0.13 sys=0.00, real=0.02 secs] 
 (concurrent mode failure): 6331K->6329K(6848K), 0.0197462 secs] 9081K->9081K(9920K), [Metaspace: 3748K->3748K(1056768K)], 0.0355771 secs] [Times: user=0.14 sys=0.00, real=0.03 secs] 
137.657: [GC (Allocation Failure) 137.657: [ParNew (promotion failed): 2751K->2997K(3072K), 0.0225216 secs]137.679: [CMS: 6331K->6329K(6848K), 0.0165680 secs] 9081K->9081K(9920K), [Metaspace: 3748K->3748K(1056768K)], 0.0391468 secs] [Times: user=0.18 sys=0.00, real=0.04 secs] 
137.696: [GC (CMS Initial Mark) [1 CMS-initial-mark: 6329K(6848K)] 9081K(9920K), 0.0030764 secs] [Times: user=0.01 sys=0.00, real=0.00 secs] 
137.699: [CMS-concurrent-mark-start]
137.699: [GC (Allocation Failure) 137.699: [ParNew (promotion failed): 2751K->3022K(3072K), 0.0166315 secs]137.716: [CMS137.719: [CMS-concurrent-mark: 0.003/0.020 secs] [Times: user=0.13 sys=0.01, real=0.03 secs] 
 (concurrent mode failure): 6331K->6329K(6848K), 0.0201095 secs] 9081K->9081K(9920K), [Metaspace: 3748K->3748K(1056768K)], 0.0368089 secs] [Times: user=0.15 sys=0.01, real=0.04 secs] 
137.736: [GC (Allocation Failure) 137.736: [ParNew (promotion failed): 2751K->3022K(3072K), 0.0198610 secs]137.756: [CMS: 6331K->6329K(6848K), 0.0165928 secs] 9081K->9081K(9920K), [Metaspace: 3748K->3748K(1056768K)], 0.0365080 secs] [Times: user=0.16 sys=0.00, real=0.04 secs] 
137.773: [GC (CMS Initial Mark) [1 CMS-initial-mark: 6329K(6848K)] 9081K(9920K), 0.0030567 secs] [Times: user=0.00 sys=0.00, real=0.00 secs] 
137.776: [CMS-concurrent-mark-start]
137.777: [GC (Allocation Failure) 137.777: [ParNew (promotion failed): 2751K->3046K(3072K), 0.0183143 secs]137.795: [CMS137.798: [CMS-concurrent-mark: 0.004/0.022 secs] [Times: user=0.15 sys=0.00, real=0.02 secs] 
 (concurrent mode failure): 6331K->6329K(6848K), 0.0199090 secs] 9081K->9081K(9920K), [Metaspace: 3748K->3748K(1056768K)], 0.0382920 secs] [Times: user=0.15 sys=0.00, real=0.04 secs] 
137.815: [GC (Allocation Failure) 137.815: [ParNew (promotion failed): 2751K->3022K(3072K), 0.0160497 secs]137.831: [CMS: 6331K->6329K(6848K), 0.0165779 secs] 9081K->9081K(9920K), [Metaspace: 3748K->3748K(1056768K)], 0.0327043 secs] [Times: user=0.13 sys=0.00, real=0.03 secs] 
137.849: [GC (CMS Initial Mark) [1 CMS-initial-mark: 6329K(6848K)] 9081K(9920K), 0.0030470 secs] [Times: user=0.00 sys=0.00, real=0.01 secs] 
137.852: [CMS-concurrent-mark-start]
137.852: [GC (Allocation Failure) 137.852: [ParNew (promotion failed): 2751K->3022K(3072K), 0.0165852 secs]137.868: [CMS137.872: [CMS-concurrent-mark: 0.003/0.020 secs] [Times: user=0.13 sys=0.00, real=0.02 secs] 
 (concurrent mode failure): 6331K->6329K(6848K), 0.0201865 secs] 9081K->9081K(9920K), [Metaspace: 3748K->3748K(1056768K)], 0.0368400 secs] [Times: user=0.14 sys=0.00, real=0.03 secs] 
137.890: [GC (Allocation Failure) 137.890: [ParNew (promotion failed): 2751K->3022K(3072K), 0.0219080 secs]137.911: [CMS: 6331K->6329K(6848K), 0.0171701 secs] 9081K->9081K(9920K), [Metaspace: 3748K->3748K(1056768K)], 0.0391462 secs] [Times: user=0.18 sys=0.00, real=0.03 secs] 
137.929: [GC (CMS Initial Mark) [1 CMS-initial-mark: 6329K(6848K)] 9081K(9920K), 0.0032048 secs] [Times: user=0.00 sys=0.00, real=0.01 secs] 
137.932: [CMS-concurrent-mark-start]
137.933: [GC (Allocation Failure) 137.933: [ParNew (promotion failed): 2751K->2997K(3072K), 0.0157663 secs]137.949: [CMS137.952: [CMS-concurrent-mark: 0.004/0.019 secs] [Times: user=0.12 sys=0.00, real=0.02 secs] 
 (concurrent mode failure): 6331K->6329K(6848K), 0.0204655 secs] 9081K->9081K(9920K), [Metaspace: 3748K->3748K(1056768K)], 0.0363044 secs] [Times: user=0.14 sys=0.00, real=0.03 secs] 
137.969: [GC (Allocation Failure) 137.969: [ParNew (promotion failed): 2751K->3022K(3072K), 0.0157550 secs]137.985: [CMS: 6331K->6329K(6848K), 0.0167112 secs] 9081K->9081K(9920K), [Metaspace: 3748K->3748K(1056768K)], 0.0325462 secs] [Times: user=0.12 sys=0.00, real=0.03 secs] 
138.002: [GC (CMS Initial Mark) [1 CMS-initial-mark: 6329K(6848K)] 9081K(9920K), 0.0030820 secs] [Times: user=0.01 sys=0.00, real=0.00 secs] 
138.005: [CMS-concurrent-mark-start]
138.005: [GC (Allocation Failure) 138.005: [ParNew (promotion failed): 2751K->3022K(3072K), 0.0153424 secs]138.021: [CMS138.024: [CMS-concurrent-mark: 0.003/0.019 secs] [Times: user=0.12 sys=0.00, real=0.02 secs] 
 (concurrent mode failure): 6331K->6329K(6848K), 0.0200026 secs] 9081K->9081K(9920K), [Metaspace: 3748K->3748K(1056768K)], 0.0354127 secs] [Times: user=0.13 sys=0.00, real=0.04 secs] 
138.041: [GC (Allocation Failure) 138.041: [ParNew (promotion failed): 2751K->2997K(3072K), 0.0145625 secs]138.056: [CMS: 6331K->6329K(6848K), 0.0167008 secs] 9081K->9081K(9920K), [Metaspace: 3748K->3748K(1056768K)], 0.0313347 secs] [Times: user=0.13 sys=0.00, real=0.03 secs] 
138.073: [GC (CMS Initial Mark) [1 CMS-initial-mark: 6329K(6848K)] 9081K(9920K), 0.0030832 secs] [Times: user=0.00 sys=0.00, real=0.00 secs] 
138.076: [CMS-concurrent-mark-start]
138.076: [GC (Allocation Failure) 138.076: [ParNew (promotion failed): 2751K->2997K(3072K), 0.0149232 secs]138.091: [CMS138.095: [CMS-concurrent-mark: 0.004/0.019 secs] [Times: user=0.12 sys=0.00, real=0.02 secs] 
 (concurrent mode failure): 6331K->6329K(6848K), 0.0203789 secs] 9081K->9081K(9920K), [Metaspace: 3748K->3748K(1056768K)], 0.0353750 secs] [Times: user=0.13 sys=0.00, real=0.04 secs] 
138.112: [GC (Allocation Failure) 138.112: [ParNew (promotion failed): 2751K->3022K(3072K), 0.0159685 secs]138.128: [CMS: 6331K->6329K(6848K), 0.0166547 secs] 9081K->9081K(9920K), [Metaspace: 3748K->3748K(1056768K)], 0.0326961 secs] [Times: user=0.14 sys=0.00, real=0.03 secs] 
138.145: [GC (CMS Initial Mark) [1 CMS-initial-mark: 6329K(6848K)] 9081K(9920K), 0.0030831 secs] [Times: user=0.00 sys=0.00, real=0.00 secs] 
138.148: [CMS-concurrent-mark-start]
138.149: [GC (Allocation Failure) 138.149: [ParNew (promotion failed): 2751K->2997K(3072K), 0.0242848 secs]138.173: [CMS138.176: [CMS-concurrent-mark: 0.003/0.028 secs] [Times: user=0.19 sys=0.00, real=0.03 secs] 
 (concurrent mode failure): 6331K->6329K(6848K), 0.0195623 secs] 9081K->9081K(9920K), [Metaspace: 3748K->3748K(1056768K)], 0.0439042 secs] [Times: user=0.20 sys=0.00, real=0.05 secs] 
138.194: [GC (Allocation Failure) 138.194: [ParNew (promotion failed): 2751K->2997K(3072K), 0.0177395 secs]138.211: [CMS: 6331K->6329K(6848K), 0.0167682 secs] 9081K->9081K(9920K), [Metaspace: 3748K->3748K(1056768K)], 0.0345713 secs] [Times: user=0.15 sys=0.00, real=0.03 secs] 
138.228: [GC (CMS Initial Mark) [1 CMS-initial-mark: 6329K(6848K)] 9081K(9920K), 0.0031035 secs] [Times: user=0.01 sys=0.00, real=0.01 secs] 
138.232: [CMS-concurrent-mark-start]
138.232: [GC (Allocation Failure) 138.232: [ParNew (promotion failed): 2751K->2997K(3072K), 0.0189671 secs]138.251: [CMS138.254: [CMS-concurrent-mark: 0.003/0.023 secs] [Times: user=0.13 sys=0.00, real=0.02 secs] 
 (concurrent mode failure): 6331K->6329K(6848K), 0.0200441 secs] 9081K->9081K(9920K), [Metaspace: 3748K->3748K(1056768K)], 0.0390905 secs] [Times: user=0.15 sys=0.00, real=0.04 secs] 
138.271: [GC (Allocation Failure) 138.271: [ParNew (promotion failed): 2751K->3022K(3072K), 0.0161218 secs]138.287: [CMS: 6331K->6329K(6848K), 0.0168124 secs] 9081K->9081K(9920K), [Metaspace: 3748K->3748K(1056768K)], 0.0330068 secs] [Times: user=0.12 sys=0.01, real=0.03 secs] 
138.304: [GC (CMS Initial Mark) [1 CMS-initial-mark: 6329K(6848K)] 9081K(9920K), 0.0030830 secs] [Times: user=0.00 sys=0.00, real=0.00 secs] 
138.307: [CMS-concurrent-mark-start]
138.308: [GC (Allocation Failure) 138.308: [ParNew (promotion failed): 2751K->2997K(3072K), 0.0246962 secs]138.332: [CMS138.336: [CMS-concurrent-mark: 0.004/0.028 secs] [Times: user=0.20 sys=0.00, real=0.03 secs] 
 (concurrent mode failure): 6331K->6329K(6848K), 0.0200923 secs] 9081K->9081K(9920K), [Metaspace: 3748K->3748K(1056768K)], 0.0448516 secs] [Times: user=0.21 sys=0.00, real=0.05 secs] 
138.353: [GC (Allocation Failure) 138.353: [ParNew (promotion failed): 2751K->2997K(3072K), 0.0176684 secs]138.371: [CMS: 6331K->6329K(6848K), 0.0165445 secs] 9081K->9081K(9920K), [Metaspace: 3748K->3748K(1056768K)], 0.0342883 secs] [Times: user=0.15 sys=0.00, real=0.03 secs] 
138.388: [GC (CMS Initial Mark) [1 CMS-initial-mark: 6329K(6848K)] 9081K(9920K), 0.0030506 secs] [Times: user=0.00 sys=0.00, real=0.01 secs] 
138.391: [CMS-concurrent-mark-start]
138.391: [GC (Allocation Failure) 138.391: [ParNew (promotion failed): 2751K->3022K(3072K), 0.0160703 secs]138.407: [CMS138.411: [CMS-concurrent-mark: 0.004/0.020 secs] [Times: user=0.13 sys=0.00, real=0.02 secs] 
 (concurrent mode failure): 6331K->6329K(6848K), 0.0200325 secs] 9081K->9081K(9920K), [Metaspace: 3748K->3748K(1056768K)], 0.0361619 secs] [Times: user=0.15 sys=0.00, real=0.03 secs] 
138.428: [GC (Allocation Failure) 138.428: [ParNew (promotion failed): 2751K->3022K(3072K), 0.0223582 secs]138.450: [CMS: 6331K->6329K(6848K), 0.0167344 secs] 9081K->9081K(9920K), [Metaspace: 3748K->3748K(1056768K)], 0.0391606 secs] [Times: user=0.18 sys=0.00, real=0.04 secs] 
138.468: [GC (CMS Initial Mark) [1 CMS-initial-mark: 6329K(6848K)] 9081K(9920K), 0.0030680 secs] [Times: user=0.00 sys=0.00, real=0.01 secs] 
138.471: [CMS-concurrent-mark-start]
138.471: [GC (Allocation Failure) 138.471: [ParNew (promotion failed): 2751K->2997K(3072K), 0.0147686 secs]138.486: [CMS138.489: [CMS-concurrent-mark: 0.003/0.018 secs] [Times: user=0.12 sys=0.00, real=0.01 secs] 
 (concurrent mode failure): 6331K->6329K(6848K), 0.0199090 secs] 9081K->9081K(9920K), [Metaspace: 3748K->3748K(1056768K)], 0.0347431 secs] [Times: user=0.13 sys=0.00, real=0.03 secs] 
138.506: [GC (Allocation Failure) 138.506: [ParNew (promotion failed): 2751K->2997K(3072K), 0.0168830 secs]138.523: [CMS: 6331K->6329K(6848K), 0.0170306 secs] 9081K->9081K(9920K), [Metaspace: 3748K->3748K(1056768K)], 0.0339881 secs] [Times: user=0.13 sys=0.00, real=0.04 secs] 
138.540: [GC (CMS Initial Mark) [1 CMS-initial-mark: 6329K(6848K)] 9081K(9920K), 0.0031557 secs] [Times: user=0.00 sys=0.00, real=0.00 secs] 
138.544: [CMS-concurrent-mark-start]
138.544: [GC (Allocation Failure) 138.544: [ParNew (promotion failed): 2751K->3022K(3072K), 0.0235249 secs]138.567: [CMS138.571: [CMS-concurrent-mark: 0.003/0.027 secs] [Times: user=0.19 sys=0.00, real=0.03 secs] 
 (concurrent mode failure): 6331K->6329K(6848K), 0.0202100 secs] 9081K->9081K(9920K), [Metaspace: 3748K->3748K(1056768K)], 0.0438113 secs] [Times: user=0.20 sys=0.00, real=0.04 secs] 
138.588: [GC (Allocation Failure) 138.588: [ParNew (promotion failed): 2751K->3022K(3072K), 0.0154067 secs]138.603: [CMS: 6331K->6329K(6848K), 0.0167217 secs] 9081K->9081K(9920K), [Metaspace: 3748K->3748K(1056768K)], 0.0322047 secs] [Times: user=0.13 sys=0.00, real=0.04 secs] 
138.621: [GC (CMS Initial Mark) [1 CMS-initial-mark: 6329K(6848K)] 9081K(9920K), 0.0030858 secs] [Times: user=0.00 sys=0.00, real=0.00 secs] 
138.624: [CMS-concurrent-mark-start]
138.624: [GC (Allocation Failure) 138.624: [ParNew (promotion failed): 2751K->2997K(3072K), 0.0155026 secs]138.639: [CMS138.643: [CMS-concurrent-mark: 0.004/0.019 secs] [Times: user=0.11 sys=0.00, real=0.02 secs] 
 (concurrent mode failure): 6331K->6329K(6848K), 0.0202333 secs] 9081K->9081K(9920K), [Metaspace: 3748K->3748K(1056768K)], 0.0358116 secs] [Times: user=0.13 sys=0.00, real=0.04 secs] 
138.660: [GC (Allocation Failure) 138.660: [ParNew (promotion failed): 2751K->3022K(3072K), 0.0146198 secs]138.675: [CMS: 6332K->6329K(6848K), 0.0167706 secs] 9081K->9081K(9920K), [Metaspace: 3748K->3748K(1056768K)], 0.0314580 secs] [Times: user=0.12 sys=0.00, real=0.03 secs] 
138.692: [GC (CMS Initial Mark) [1 CMS-initial-mark: 6329K(6848K)] 9081K(9920K), 0.0030378 secs] [Times: user=0.00 sys=0.00, real=0.00 secs] 
138.695: [CMS-concurrent-mark-start]
138.696: [GC (Allocation Failure) 138.696: [ParNew (promotion failed): 2751K->2997K(3072K), 0.0152757 secs]138.711: [CMS138.714: [CMS-concurrent-mark: 0.004/0.019 secs] [Times: user=0.12 sys=0.00, real=0.02 secs] 
 (concurrent mode failure): 6332K->6329K(6848K), 0.0195799 secs] 9081K->9081K(9920K), [Metaspace: 3748K->3748K(1056768K)], 0.0349271 secs] [Times: user=0.13 sys=0.00, real=0.04 secs] 
138.731: [GC (Allocation Failure) 138.731: [ParNew (promotion failed): 2751K->2997K(3072K), 0.0183367 secs]138.750: [CMS: 6331K->6329K(6848K), 0.0170007 secs] 9081K->9081K(9920K), [Metaspace: 3748K->3748K(1056768K)], 0.0354067 secs] [Times: user=0.15 sys=0.00, real=0.03 secs] 
138.767: [GC (CMS Initial Mark) [1 CMS-initial-mark: 6329K(6848K)] 9081K(9920K), 0.0031008 secs] [Times: user=0.00 sys=0.00, real=0.01 secs] 
138.770: [CMS-concurrent-mark-start]
138.770: [GC (Allocation Failure) 138.770: [ParNew (promotion failed): 2751K->2997K(3072K), 0.0206510 secs]138.791: [CMS138.795: [CMS-concurrent-mark: 0.004/0.024 secs] [Times: user=0.15 sys=0.00, real=0.02 secs] 
 (concurrent mode failure): 6331K->6329K(6848K), 0.0202000 secs] 9081K->9081K(9920K), [Metaspace: 3748K->3748K(1056768K)], 0.0409221 secs] [Times: user=0.17 sys=0.00, real=0.04 secs] 
138.812: [GC (Allocation Failure) 138.812: [ParNew (promotion failed): 2751K->2997K(3072K), 0.0175429 secs]138.829: [CMS: 6331K->6329K(6848K), 0.0166818 secs] 9081K->9081K(9920K), [Metaspace: 3748K->3748K(1056768K)], 0.0343114 secs] [Times: user=0.14 sys=0.01, real=0.03 secs] 
138.846: [GC (CMS Initial Mark) [1 CMS-initial-mark: 6329K(6848K)] 9081K(9920K), 0.0031025 secs] [Times: user=0.00 sys=0.00, real=0.01 secs] 
138.849: [CMS-concurrent-mark-start]
138.850: [GC (Allocation Failure) 138.850: [ParNew (promotion failed): 2751K->3022K(3072K), 0.0217641 secs]138.871: [CMS138.875: [CMS-concurrent-mark: 0.004/0.025 secs] [Times: user=0.16 sys=0.00, real=0.02 secs] 
 (concurrent mode failure): 6331K->6329K(6848K), 0.0200500 secs] 9081K->9081K(9920K), [Metaspace: 3748K->3748K(1056768K)], 0.0418915 secs] [Times: user=0.18 sys=0.00, real=0.04 secs] 
138.892: [GC (Allocation Failure) 138.892: [ParNew (promotion failed): 2751K->3022K(3072K), 0.0171764 secs]138.909: [CMS: 6332K->6329K(6848K), 0.0168172 secs] 9081K->9081K(9920K), [Metaspace: 3748K->3748K(1056768K)], 0.0340682 secs] [Times: user=0.14 sys=0.00, real=0.03 secs] 
138.927: [GC (CMS Initial Mark) [1 CMS-initial-mark: 6329K(6848K)] 9081K(9920K), 0.0030780 secs] [Times: user=0.00 sys=0.00, real=0.01 secs] 
138.930: [CMS-concurrent-mark-start]
138.930: [GC (Allocation Failure) 138.930: [ParNew (promotion failed): 2751K->3022K(3072K), 0.0141849 secs]138.944: [CMS138.948: [CMS-concurrent-mark: 0.004/0.018 secs] [Times: user=0.11 sys=0.00, real=0.01 secs] 
 (concurrent mode failure): 6332K->6329K(6848K), 0.0203519 secs] 9081K->9081K(9920K), [Metaspace: 3748K->3748K(1056768K)], 0.0346043 secs] [Times: user=0.12 sys=0.00, real=0.03 secs] 
138.965: [GC (Allocation Failure) 138.965: [ParNew (promotion failed): 2751K->2997K(3072K), 0.0195652 secs]138.985: [CMS: 6332K->6329K(6848K), 0.0167628 secs] 9081K->9081K(9920K), [Metaspace: 3748K->3748K(1056768K)], 0.0363923 secs] [Times: user=0.16 sys=0.00, real=0.04 secs] 
139.002: [GC (CMS Initial Mark) [1 CMS-initial-mark: 6329K(6848K)] 9081K(9920K), 0.0030603 secs] [Times: user=0.00 sys=0.00, real=0.00 secs] 
139.005: [CMS-concurrent-mark-start]
139.006: [GC (Allocation Failure) 139.006: [ParNew (promotion failed): 2751K->2997K(3072K), 0.0209438 secs]139.027: [CMS139.030: [CMS-concurrent-mark: 0.004/0.025 secs] [Times: user=0.15 sys=0.00, real=0.03 secs] 
 (concurrent mode failure): 6331K->6329K(6848K), 0.0198232 secs] 9081K->9081K(9920K), [Metaspace: 3748K->3748K(1056768K)], 0.0408365 secs] [Times: user=0.17 sys=0.00, real=0.04 secs] 
139.047: [GC (Allocation Failure) 139.047: [ParNew (promotion failed): 2751K->2997K(3072K), 0.0227809 secs]139.070: [CMS: 6331K->6329K(6848K), 0.0167570 secs] 9081K->9081K(9920K), [Metaspace: 3748K->3748K(1056768K)], 0.0396124 secs] [Times: user=0.19 sys=0.00, real=0.04 secs] 
139.087: [GC (CMS Initial Mark) [1 CMS-initial-mark: 6329K(6848K)] 9081K(9920K), 0.0030444 secs] [Times: user=0.00 sys=0.01, real=0.01 secs] 
139.090: [CMS-concurrent-mark-start]
139.090: [GC (Allocation Failure) 139.090: [ParNew (promotion failed): 2751K->2997K(3072K), 0.0215728 secs]139.111: [CMS139.115: [CMS-concurrent-mark: 0.003/0.025 secs] [Times: user=0.17 sys=0.00, real=0.02 secs] 
 (concurrent mode failure): 6331K->6329K(6848K), 0.0199055 secs] 9081K->9081K(9920K), [Metaspace: 3748K->3748K(1056768K)], 0.0415487 secs] [Times: user=0.19 sys=0.00, real=0.04 secs] 
139.132: [GC (Allocation Failure) 139.132: [ParNew (promotion failed): 2751K->2997K(3072K), 0.0224375 secs]139.154: [CMS: 6332K->6329K(6848K), 0.0169807 secs] 9081K->9081K(9920K), [Metaspace: 3748K->3748K(1056768K)], 0.0394850 secs] [Times: user=0.19 sys=0.00, real=0.04 secs] 
139.172: [GC (CMS Initial Mark) [1 CMS-initial-mark: 6329K(6848K)] 9081K(9920K), 0.0030736 secs] [Times: user=0.00 sys=0.00, real=0.00 secs] 
139.175: [CMS-concurrent-mark-start]
139.175: [GC (Allocation Failure) 139.175: [ParNew (promotion failed): 2751K->2997K(3072K), 0.0213646 secs]139.196: [CMS139.200: [CMS-concurrent-mark: 0.003/0.025 secs] [Times: user=0.16 sys=0.00, real=0.03 secs] 
 (concurrent mode failure): 6332K->6329K(6848K), 0.0199201 secs] 9081K->9081K(9920K), [Metaspace: 3748K->3748K(1056768K)], 0.0413432 secs] [Times: user=0.18 sys=0.00, real=0.04 secs] 
139.217: [GC (Allocation Failure) 139.217: [ParNew (promotion failed): 2751K->2997K(3072K), 0.0232945 secs]139.240: [CMS: 6332K->6329K(6848K), 0.0166003 secs] 9082K->9081K(9920K), [Metaspace: 3748K->3748K(1056768K)], 0.0399630 secs] [Times: user=0.19 sys=0.00, real=0.04 secs] 
139.257: [GC (CMS Initial Mark) [1 CMS-initial-mark: 6330K(6848K)] 9082K(9920K), 0.0031304 secs] [Times: user=0.01 sys=0.00, real=0.01 secs] 
139.261: [CMS-concurrent-mark-start]
139.261: [GC (Allocation Failure) 139.261: [ParNew (promotion failed): 2751K->2997K(3072K), 0.0147194 secs]139.276: [CMS139.279: [CMS-concurrent-mark: 0.004/0.018 secs] [Times: user=0.10 sys=0.00, real=0.01 secs] 
 (concurrent mode failure): 6332K->6329K(6848K), 0.0196779 secs] 9082K->9081K(9920K), [Metaspace: 3748K->3748K(1056768K)], 0.0344666 secs] [Times: user=0.12 sys=0.00, real=0.03 secs] 
139.296: [GC (Allocation Failure) 139.296: [ParNew (promotion failed): 2751K->2997K(3072K), 0.0221187 secs]139.318: [CMS: 6331K->6329K(6848K), 0.0167740 secs] 9081K->9081K(9920K), [Metaspace: 3748K->3748K(1056768K)], 0.0389726 secs] [Times: user=0.17 sys=0.00, real=0.04 secs] 
139.335: [GC (CMS Initial Mark) [1 CMS-initial-mark: 6329K(6848K)] 9081K(9920K), 0.0030734 secs] [Times: user=0.01 sys=0.00, real=0.00 secs] 
139.339: [CMS-concurrent-mark-start]
139.339: [GC (Allocation Failure) 139.339: [ParNew (promotion failed): 2751K->3071K(3072K), 0.0203641 secs]139.359: [CMS139.363: [CMS-concurrent-mark: 0.003/0.024 secs] [Times: user=0.15 sys=0.00, real=0.03 secs] 
 (concurrent mode failure): 6331K->6329K(6848K), 0.0200952 secs] 9081K->9081K(9920K), [Metaspace: 3748K->3748K(1056768K)], 0.0405298 secs] [Times: user=0.16 sys=0.00, real=0.04 secs] 
139.379: [GC (Allocation Failure) 139.379: [ParNew (promotion failed): 2751K->2982K(3072K), 0.0203520 secs]139.400: [CMS: 6331K->6329K(6848K), 0.0165295 secs] 9081K->9081K(9920K), [Metaspace: 3748K->3748K(1056768K)], 0.0369477 secs] [Times: user=0.17 sys=0.01, real=0.03 secs] 
139.417: [GC (CMS Initial Mark) [1 CMS-initial-mark: 6329K(6848K)] 9081K(9920K), 0.0030717 secs] [Times: user=0.00 sys=0.00, real=0.01 secs] 
139.420: [CMS-concurrent-mark-start]
139.420: [GC (Allocation Failure) 139.420: [ParNew (promotion failed): 2751K->3012K(3072K), 0.0143952 secs]139.435: [CMS139.438: [CMS-concurrent-mark: 0.004/0.018 secs] [Times: user=0.10 sys=0.00, real=0.01 secs] 
 (concurrent mode failure): 6332K->6329K(6848K), 0.0200448 secs] 9081K->9081K(9920K), [Metaspace: 3748K->3748K(1056768K)], 0.0345012 secs] [Times: user=0.12 sys=0.00, real=0.03 secs] 
139.455: [GC (Allocation Failure) 139.455: [ParNew (promotion failed): 2751K->2990K(3072K), 0.0149663 secs]139.470: [CMS: 6332K->6329K(6848K), 0.0167564 secs] 9082K->9081K(9920K), [Metaspace: 3748K->3748K(1056768K)], 0.0317918 secs] [Times: user=0.12 sys=0.00, real=0.03 secs] 
139.488: [GC (CMS Initial Mark) [1 CMS-initial-mark: 6330K(6848K)] 9082K(9920K), 0.0030669 secs] [Times: user=0.00 sys=0.00, real=0.01 secs] 
139.491: [CMS-concurrent-mark-start]
139.491: [GC (Allocation Failure) 139.491: [ParNew (promotion failed): 2751K->2995K(3072K), 0.0207173 secs]139.511: [CMS139.515: [CMS-concurrent-mark: 0.004/0.025 secs] [Times: user=0.14 sys=0.00, real=0.02 secs] 
 (concurrent mode failure): 6332K->6329K(6848K), 0.0213161 secs] 9082K->9081K(9920K), [Metaspace: 3748K->3748K(1056768K)], 0.0421155 secs] [Times: user=0.16 sys=0.00, real=0.04 secs] 
139.534: [GC (Allocation Failure) 139.534: [ParNew (promotion failed): 2751K->3021K(3072K), 0.0226928 secs]139.556: [CMS: 6332K->6329K(6848K), 0.0168325 secs] 9082K->9081K(9920K), [Metaspace: 3748K->3748K(1056768K)], 0.0395961 secs] [Times: user=0.16 sys=0.00, real=0.04 secs] 
139.574: [GC (CMS Initial Mark) [1 CMS-initial-mark: 6329K(6848K)] 9081K(9920K), 0.0030780 secs] [Times: user=0.01 sys=0.00, real=0.00 secs] 
139.577: [CMS-concurrent-mark-start]
139.577: [GC (Allocation Failure) 139.577: [ParNew (promotion failed): 2751K->3046K(3072K), 0.0158510 secs]139.593: [CMS139.596: [CMS-concurrent-mark: 0.004/0.020 secs] [Times: user=0.11 sys=0.00, real=0.02 secs] 
 (concurrent mode failure): 6332K->6329K(6848K), 0.0200810 secs] 9081K->9081K(9920K), [Metaspace: 3748K->3748K(1056768K)], 0.0360076 secs] [Times: user=0.12 sys=0.00, real=0.04 secs] 
139.613: [GC (Allocation Failure) 139.613: [ParNew (promotion failed): 2751K->3022K(3072K), 0.0165253 secs]139.630: [CMS: 6331K->6329K(6848K), 0.0167184 secs] 9081K->9081K(9920K), [Metaspace: 3748K->3748K(1056768K)], 0.0333136 secs] [Times: user=0.14 sys=0.01, real=0.03 secs] 
139.647: [GC (CMS Initial Mark) [1 CMS-initial-mark: 6329K(6848K)] 9081K(9920K), 0.0031332 secs] [Times: user=0.00 sys=0.00, real=0.01 secs] 
139.650: [CMS-concurrent-mark-start]
139.650: [GC (Allocation Failure) 139.650: [ParNew (promotion failed): 2751K->3022K(3072K), 0.0190911 secs]139.669: [CMS139.673: [CMS-concurrent-mark: 0.004/0.023 secs] [Times: user=0.15 sys=0.00, real=0.02 secs] 
 (concurrent mode failure): 6332K->6329K(6848K), 0.0199946 secs] 9081K->9081K(9920K), [Metaspace: 3748K->3748K(1056768K)], 0.0391675 secs] [Times: user=0.16 sys=0.00, real=0.04 secs] 
139.690: [GC (Allocation Failure) 139.690: [ParNew (promotion failed): 2751K->3022K(3072K), 0.0149411 secs]139.705: [CMS: 6332K->6330K(6848K), 0.0165424 secs] 9082K->9082K(9920K), [Metaspace: 3748K->3748K(1056768K)], 0.0315488 secs] [Times: user=0.13 sys=0.00, real=0.03 secs] 
139.722: [GC (CMS Initial Mark) [1 CMS-initial-mark: 6330K(6848K)] 9082K(9920K), 0.0030544 secs] [Times: user=0.00 sys=0.00, real=0.00 secs] 
139.725: [CMS-concurrent-mark-start]
139.725: [GC (Allocation Failure) 139.725: [ParNew (promotion failed): 2751K->2997K(3072K), 0.0151014 secs]139.740: [CMS139.744: [CMS-concurrent-mark: 0.004/0.019 secs] [Times: user=0.12 sys=0.00, real=0.02 secs] 
 (concurrent mode failure): 6332K->6330K(6848K), 0.0201863 secs] 9082K->9082K(9920K), [Metaspace: 3748K->3748K(1056768K)], 0.0353520 secs] [Times: user=0.14 sys=0.00, real=0.04 secs] 
139.761: [GC (Allocation Failure) 139.761: [ParNew (promotion failed): 2751K->2997K(3072K), 0.0174940 secs]139.779: [CMS: 6332K->6330K(6848K), 0.0166123 secs] 9082K->9082K(9920K), [Metaspace: 3748K->3748K(1056768K)], 0.0341961 secs] [Times: user=0.15 sys=0.00, real=0.03 secs] 
139.796: [GC (CMS Initial Mark) [1 CMS-initial-mark: 6330K(6848K)] 9082K(9920K), 0.0030600 secs] [Times: user=0.00 sys=0.00, real=0.00 secs] 
139.799: [CMS-concurrent-mark-start]
139.799: [GC (Allocation Failure) 139.799: [ParNew (promotion failed): 2751K->3022K(3072K), 0.0209630 secs]139.820: [CMS139.824: [CMS-concurrent-mark: 0.004/0.025 secs] [Times: user=0.15 sys=0.00, real=0.03 secs] 
 (concurrent mode failure): 6332K->6329K(6848K), 0.0198022 secs] 9082K->9081K(9920K), [Metaspace: 3748K->3748K(1056768K)], 0.0408426 secs] [Times: user=0.17 sys=0.00, real=0.04 secs] 
139.841: [GC (Allocation Failure) 139.841: [ParNew (promotion failed): 2751K->3046K(3072K), 0.0184565 secs]139.859: [CMS: 6332K->6329K(6848K), 0.0167455 secs] 9081K->9081K(9920K), [Metaspace: 3748K->3748K(1056768K)], 0.0352662 secs] [Times: user=0.15 sys=0.00, real=0.03 secs] 
139.876: [GC (CMS Initial Mark) [1 CMS-initial-mark: 6329K(6848K)] 9081K(9920K), 0.0030371 secs] [Times: user=0.00 sys=0.01, real=0.01 secs] 
139.879: [CMS-concurrent-mark-start]
139.880: [GC (Allocation Failure) 139.880: [ParNew (promotion failed): 2751K->3022K(3072K), 0.0177187 secs]139.897: [CMS139.901: [CMS-concurrent-mark: 0.004/0.021 secs] [Times: user=0.13 sys=0.00, real=0.02 secs] 
 (concurrent mode failure): 6332K->6329K(6848K), 0.0200915 secs] 9081K->9081K(9920K), [Metaspace: 3748K->3748K(1056768K)], 0.0378797 secs] [Times: user=0.15 sys=0.00, real=0.03 secs] 
139.918: [GC (Allocation Failure) 139.918: [ParNew (promotion failed): 2751K->3046K(3072K), 0.0150676 secs]139.933: [CMS: 6332K->6329K(6848K), 0.0168083 secs] 9081K->9081K(9920K), [Metaspace: 3748K->3748K(1056768K)], 0.0319490 secs] [Times: user=0.12 sys=0.00, real=0.04 secs] 
139.950: [GC (CMS Initial Mark) [1 CMS-initial-mark: 6330K(6848K)] 9082K(9920K), 0.0031297 secs] [Times: user=0.01 sys=0.00, real=0.00 secs] 
139.953: [CMS-concurrent-mark-start]
139.953: [GC (Allocation Failure) 139.953: [ParNew (promotion failed): 2751K->2997K(3072K), 0.0197980 secs]139.973: [CMS139.977: [CMS-concurrent-mark: 0.004/0.023 secs] [Times: user=0.14 sys=0.00, real=0.02 secs] 
 (concurrent mode failure): 6332K->6330K(6848K), 0.0202143 secs] 9082K->9082K(9920K), [Metaspace: 3748K->3748K(1056768K)], 0.0400769 secs] [Times: user=0.16 sys=0.00, real=0.04 secs] 
139.994: [GC (Allocation Failure) 139.994: [ParNew (promotion failed): 2751K->3022K(3072K), 0.0208985 secs]140.015: [CMS: 6332K->6330K(6848K), 0.0168055 secs] 9082K->9082K(9920K), [Metaspace: 3748K->3748K(1056768K)], 0.0377813 secs] [Times: user=0.16 sys=0.00, real=0.04 secs] 
140.032: [GC (CMS Initial Mark) [1 CMS-initial-mark: 6330K(6848K)] 9082K(9920K), 0.0030945 secs] [Times: user=0.01 sys=0.00, real=0.00 secs] 
140.036: [CMS-concurrent-mark-start]
140.036: [GC (Allocation Failure) 140.036: [ParNew (promotion failed): 2751K->2997K(3072K), 0.0222712 secs]140.058: [CMS140.061: [CMS-concurrent-mark: 0.003/0.026 secs] [Times: user=0.16 sys=0.00, real=0.03 secs] 
 (concurrent mode failure): 6332K->6330K(6848K), 0.0202242 secs] 9082K->9082K(9920K), [Metaspace: 3748K->3748K(1056768K)], 0.0425630 secs] [Times: user=0.18 sys=0.00, real=0.04 secs] 
140.079: [GC (Allocation Failure) 140.079: [ParNew (promotion failed): 2751K->2997K(3072K), 0.0159563 secs]140.095: [CMS: 6332K->6329K(6848K), 0.0167716 secs] 9082K->9081K(9920K), [Metaspace: 3748K->3748K(1056768K)], 0.0328088 secs] [Times: user=0.13 sys=0.00, real=0.04 secs] 
140.112: [GC (CMS Initial Mark) [1 CMS-initial-mark: 6330K(6848K)] 9082K(9920K), 0.0032283 secs] [Times: user=0.01 sys=0.00, real=0.00 secs] 
140.116: [CMS-concurrent-mark-start]
140.116: [GC (Allocation Failure) 140.116: [ParNew (promotion failed): 2751K->2997K(3072K), 0.0183007 secs]140.134: [CMS140.137: [CMS-concurrent-mark: 0.004/0.022 secs] [Times: user=0.13 sys=0.01, real=0.02 secs] 
 (concurrent mode failure): 6332K->6329K(6848K), 0.0200957 secs] 9082K->9081K(9920K), [Metaspace: 3748K->3748K(1056768K)], 0.0384650 secs] [Times: user=0.15 sys=0.01, real=0.04 secs] 
140.155: [GC (Allocation Failure) 140.155: [ParNew (promotion failed): 2751K->2997K(3072K), 0.0158215 secs]140.170: [CMS: 6332K->6329K(6848K), 0.0176280 secs] 9081K->9081K(9920K), [Metaspace: 3748K->3748K(1056768K)], 0.0335326 secs] [Times: user=0.11 sys=0.00, real=0.03 secs] 
140.188: [GC (CMS Initial Mark) [1 CMS-initial-mark: 6330K(6848K)] 9082K(9920K), 0.0031478 secs] [Times: user=0.01 sys=0.00, real=0.01 secs] 
140.192: [CMS-concurrent-mark-start]
140.192: [GC (Allocation Failure) 140.192: [ParNew (promotion failed): 2751K->3022K(3072K), 0.0189105 secs]140.211: [CMS140.214: [CMS-concurrent-mark: 0.004/0.023 secs] [Times: user=0.11 sys=0.00, real=0.02 secs] 
 (concurrent mode failure): 6332K->6330K(6848K), 0.0208443 secs] 9082K->9082K(9920K), [Metaspace: 3748K->3748K(1056768K)], 0.0399282 secs] [Times: user=0.13 sys=0.00, real=0.04 secs] 
140.232: [GC (Allocation Failure) 140.232: [ParNew (promotion failed): 2751K->2972K(3072K), 0.0211764 secs]140.253: [CMS: 6332K->6330K(6848K), 0.0167018 secs] 9082K->9082K(9920K), [Metaspace: 3748K->3748K(1056768K)], 0.0379553 secs] [Times: user=0.16 sys=0.00, real=0.04 secs] 
140.270: [GC (CMS Initial Mark) [1 CMS-initial-mark: 6330K(6848K)] 9082K(9920K), 0.0030785 secs] [Times: user=0.00 sys=0.00, real=0.00 secs] 
140.274: [CMS-concurrent-mark-start]
140.274: [GC (Allocation Failure) 140.274: [ParNew (promotion failed): 2751K->2997K(3072K), 0.0217807 secs]140.295: [CMS140.299: [CMS-concurrent-mark: 0.004/0.025 secs] [Times: user=0.17 sys=0.00, real=0.02 secs] 
 (concurrent mode failure): 6332K->6330K(6848K), 0.0201770 secs] 9082K->9082K(9920K), [Metaspace: 3748K->3748K(1056768K)], 0.0420322 secs] [Times: user=0.18 sys=0.00, real=0.04 secs] 
140.316: [GC (Allocation Failure) 140.316: [ParNew (promotion failed): 2751K->2997K(3072K), 0.0206378 secs]140.337: [CMS: 6332K->6330K(6848K), 0.0165839 secs] 9082K->9082K(9920K), [Metaspace: 3748K->3748K(1056768K)], 0.0372817 secs] [Times: user=0.16 sys=0.00, real=0.04 secs] 
140.354: [GC (CMS Initial Mark) [1 CMS-initial-mark: 6330K(6848K)] 9082K(9920K), 0.0031700 secs] [Times: user=0.01 sys=0.00, real=0.00 secs] 
140.357: [CMS-concurrent-mark-start]
140.358: [GC (Allocation Failure) 140.358: [ParNew (promotion failed): 2751K->3022K(3072K), 0.0179201 secs]140.376: [CMS140.379: [CMS-concurrent-mark: 0.004/0.022 secs] [Times: user=0.13 sys=0.00, real=0.02 secs] 
 (concurrent mode failure): 6332K->6329K(6848K), 0.0196372 secs] 9082K->9081K(9920K), [Metaspace: 3748K->3748K(1056768K)], 0.0376190 secs] [Times: user=0.15 sys=0.00, real=0.04 secs] 
140.396: [GC (Allocation Failure) 140.396: [ParNew (promotion failed): 2751K->2997K(3072K), 0.0144184 secs]140.411: [CMS: 6332K->6329K(6848K), 0.0166270 secs] 9082K->9081K(9920K), [Metaspace: 3748K->3748K(1056768K)], 0.0311095 secs] [Times: user=0.11 sys=0.01, real=0.03 secs] 
140.428: [GC (CMS Initial Mark) [1 CMS-initial-mark: 6330K(6848K)] 9082K(9920K), 0.0030706 secs] [Times: user=0.01 sys=0.00, real=0.01 secs] 
140.431: [CMS-concurrent-mark-start]
140.431: [GC (Allocation Failure) 140.431: [ParNew (promotion failed): 2751K->2997K(3072K), 0.0231246 secs]140.454: [CMS140.457: [CMS-concurrent-mark: 0.003/0.027 secs] [Times: user=0.17 sys=0.00, real=0.02 secs] 
 (concurrent mode failure): 6332K->6330K(6848K), 0.0200692 secs] 9082K->9082K(9920K), [Metaspace: 3748K->3748K(1056768K)], 0.0432543 secs] [Times: user=0.19 sys=0.00, real=0.04 secs] 
140.474: [GC (Allocation Failure) 140.474: [ParNew (promotion failed): 2751K->3022K(3072K), 0.0193360 secs]140.494: [CMS: 6332K->6330K(6848K), 0.0175085 secs] 9082K->9082K(9920K), [Metaspace: 3748K->3748K(1056768K)], 0.0369258 secs] [Times: user=0.15 sys=0.00, real=0.04 secs] 
140.512: [GC (CMS Initial Mark) [1 CMS-initial-mark: 6330K(6848K)] 9082K(9920K), 0.0033065 secs] [Times: user=0.00 sys=0.00, real=0.00 secs] 
140.515: [CMS-concurrent-mark-start]
140.515: [GC (Allocation Failure) 140.515: [ParNew (promotion failed): 2751K->3022K(3072K), 0.0203304 secs]140.536: [CMS140.539: [CMS-concurrent-mark: 0.004/0.024 secs] [Times: user=0.15 sys=0.00, real=0.02 secs] 
 (concurrent mode failure): 6332K->6330K(6848K), 0.0201259 secs] 9082K->9082K(9920K), [Metaspace: 3748K->3748K(1056768K)], 0.0405278 secs] [Times: user=0.16 sys=0.00, real=0.04 secs] 
140.556: [GC (Allocation Failure) 140.556: [ParNew (promotion failed): 2751K->3022K(3072K), 0.0108536 secs]140.567: [CMS: 6332K->6330K(6848K), 0.0165940 secs] 9082K->9082K(9920K), [Metaspace: 3748K->3748K(1056768K)], 0.0275256 secs] [Times: user=0.08 sys=0.00, real=0.03 secs] 
140.584: [GC (CMS Initial Mark) [1 CMS-initial-mark: 6330K(6848K)] 9082K(9920K), 0.0030563 secs] [Times: user=0.00 sys=0.00, real=0.00 secs] 
140.588: [CMS-concurrent-mark-start]
140.588: [GC (Allocation Failure) 140.588: [ParNew (promotion failed): 2751K->3022K(3072K), 0.0225753 secs]140.610: [CMS140.614: [CMS-concurrent-mark: 0.004/0.026 secs] [Times: user=0.18 sys=0.00, real=0.03 secs] 
 (concurrent mode failure): 6332K->6330K(6848K), 0.0200572 secs] 9082K->9082K(9920K), [Metaspace: 3748K->3748K(1056768K)], 0.0427014 secs] [Times: user=0.19 sys=0.00, real=0.05 secs] 
140.631: [GC (Allocation Failure) 140.631: [ParNew (promotion failed): 2751K->2997K(3072K), 0.0154508 secs]140.647: [CMS: 6332K->6330K(6848K), 0.0166861 secs] 9082K->9082K(9920K), [Metaspace: 3748K->3748K(1056768K)], 0.0322064 secs] [Times: user=0.14 sys=0.00, real=0.03 secs] 
140.664: [GC (CMS Initial Mark) [1 CMS-initial-mark: 6330K(6848K)] 9082K(9920K), 0.0030679 secs] [Times: user=0.00 sys=0.00, real=0.00 secs] 
140.667: [CMS-concurrent-mark-start]
140.668: [GC (Allocation Failure) 140.668: [ParNew (promotion failed): 2751K->2972K(3072K), 0.0213843 secs]140.689: [CMS140.692: [CMS-concurrent-mark: 0.004/0.025 secs] [Times: user=0.16 sys=0.01, real=0.03 secs] 
 (concurrent mode failure): 6332K->6330K(6848K), 0.0191574 secs] 9082K->9082K(9920K), [Metaspace: 3748K->3748K(1056768K)], 0.0406123 secs] [Times: user=0.18 sys=0.01, real=0.04 secs] 
140.709: [GC (Allocation Failure) 140.709: [ParNew (promotion failed): 2751K->3022K(3072K), 0.0167272 secs]140.725: [CMS: 6332K->6330K(6848K), 0.0165233 secs] 9082K->9082K(9920K), [Metaspace: 3748K->3748K(1056768K)], 0.0333117 secs] [Times: user=0.14 sys=0.00, real=0.04 secs] 
140.742: [GC (CMS Initial Mark) [1 CMS-initial-mark: 6330K(6848K)] 9082K(9920K), 0.0031324 secs] [Times: user=0.00 sys=0.00, real=0.00 secs] 
140.745: [CMS-concurrent-mark-start]
140.745: [GC (Allocation Failure) 140.745: [ParNew (promotion failed): 2751K->3046K(3072K), 0.0212852 secs]140.767: [CMS140.770: [CMS-concurrent-mark: 0.003/0.025 secs] [Times: user=0.15 sys=0.00, real=0.03 secs] 
 (concurrent mode failure): 6332K->6330K(6848K), 0.0202352 secs] 9082K->9082K(9920K), [Metaspace: 3748K->3748K(1056768K)], 0.0416073 secs] [Times: user=0.17 sys=0.00, real=0.04 secs] 
140.788: [GC (Allocation Failure) 140.788: [ParNew (promotion failed): 2751K->2997K(3072K), 0.0213202 secs]140.809: [CMS: 6332K->6330K(6848K), 0.0172997 secs] 9082K->9082K(9920K), [Metaspace: 3748K->3748K(1056768K)], 0.0387185 secs] [Times: user=0.15 sys=0.00, real=0.04 secs] 
140.827: [GC (CMS Initial Mark) [1 CMS-initial-mark: 6330K(6848K)] 9082K(9920K), 0.0030944 secs] [Times: user=0.00 sys=0.00, real=0.01 secs] 
140.830: [CMS-concurrent-mark-start]
140.830: [GC (Allocation Failure) 140.830: [ParNew (promotion failed): 2751K->2997K(3072K), 0.0157702 secs]140.846: [CMS140.850: [CMS-concurrent-mark: 0.004/0.020 secs] [Times: user=0.11 sys=0.00, real=0.02 secs] 
 (concurrent mode failure): 6332K->6330K(6848K), 0.0213521 secs] 9082K->9082K(9920K), [Metaspace: 3748K->3748K(1056768K)], 0.0372147 secs] [Times: user=0.12 sys=0.00, real=0.03 secs] 
140.868: [GC (Allocation Failure) 140.868: [ParNew (promotion failed): 2751K->2997K(3072K), 0.0231923 secs]140.891: [CMS: 6332K->6330K(6848K), 0.0167917 secs] 9082K->9082K(9920K), [Metaspace: 3748K->3748K(1056768K)], 0.0400629 secs] [Times: user=0.19 sys=0.00, real=0.04 secs] 
140.908: [GC (CMS Initial Mark) [1 CMS-initial-mark: 6330K(6848K)] 9082K(9920K), 0.0031002 secs] [Times: user=0.01 sys=0.00, real=0.01 secs] 
140.912: [CMS-concurrent-mark-start]
140.912: [GC (Allocation Failure) 140.912: [ParNew (promotion failed): 2751K->2997K(3072K), 0.0161818 secs]140.928: [CMS140.931: [CMS-concurrent-mark: 0.003/0.020 secs] [Times: user=0.12 sys=0.00, real=0.02 secs] 
 (concurrent mode failure): 6332K->6330K(6848K), 0.0194685 secs] 9082K->9082K(9920K), [Metaspace: 3748K->3748K(1056768K)], 0.0357130 secs] [Times: user=0.14 sys=0.00, real=0.03 secs] 
140.948: [GC (Allocation Failure) 140.948: [ParNew (promotion failed): 2751K->3046K(3072K), 0.0140973 secs]140.963: [CMS: 6332K->6330K(6848K), 0.0168918 secs] 9082K->9082K(9920K), [Metaspace: 3748K->3748K(1056768K)], 0.0310590 secs] [Times: user=0.11 sys=0.00, real=0.04 secs] 
140.980: [GC (CMS Initial Mark) [1 CMS-initial-mark: 6330K(6848K)] 9082K(9920K), 0.0030836 secs] [Times: user=0.00 sys=0.00, real=0.00 secs] 
140.983: [CMS-concurrent-mark-start]
140.983: [GC (Allocation Failure) 140.983: [ParNew (promotion failed): 2751K->3022K(3072K), 0.0156634 secs]140.999: [CMS141.002: [CMS-concurrent-mark: 0.003/0.019 secs] [Times: user=0.12 sys=0.00, real=0.02 secs] 
 (concurrent mode failure): 6332K->6330K(6848K), 0.0199295 secs] 9082K->9082K(9920K), [Metaspace: 3748K->3748K(1056768K)], 0.0356625 secs] [Times: user=0.14 sys=0.00, real=0.03 secs] 
141.019: [GC (Allocation Failure) 141.019: [ParNew (promotion failed): 2751K->3022K(3072K), 0.0187028 secs]141.038: [CMS: 6332K->6330K(6848K), 0.0165686 secs] 9082K->9082K(9920K), [Metaspace: 3748K->3748K(1056768K)], 0.0353432 secs] [Times: user=0.15 sys=0.01, real=0.04 secs] 
141.055: [GC (CMS Initial Mark) [1 CMS-initial-mark: 6330K(6848K)] 9082K(9920K), 0.0031049 secs] [Times: user=0.01 sys=0.00, real=0.00 secs] 
141.058: [CMS-concurrent-mark-start]
141.058: [GC (Allocation Failure) 141.058: [ParNew (promotion failed): 2751K->2997K(3072K), 0.0146127 secs]141.073: [CMS141.076: [CMS-concurrent-mark: 0.004/0.018 secs] [Times: user=0.11 sys=0.00, real=0.02 secs] 
 (concurrent mode failure): 6332K->6330K(6848K), 0.0198910 secs] 9082K->9082K(9920K), [Metaspace: 3748K->3748K(1056768K)], 0.0345749 secs] [Times: user=0.13 sys=0.00, real=0.04 secs] 
141.093: [GC (Allocation Failure) 141.093: [ParNew (promotion failed): 2751K->2997K(3072K), 0.0231673 secs]141.116: [CMS: 6332K->6330K(6848K), 0.0167038 secs] 9082K->9082K(9920K), [Metaspace: 3748K->3748K(1056768K)], 0.0399475 secs] [Times: user=0.19 sys=0.00, real=0.04 secs] 
141.134: [GC (CMS Initial Mark) [1 CMS-initial-mark: 6330K(6848K)] 9082K(9920K), 0.0030869 secs] [Times: user=0.00 sys=0.00, real=0.00 secs] 
141.137: [CMS-concurrent-mark-start]
141.137: [GC (Allocation Failure) 141.137: [ParNew (promotion failed): 2751K->3022K(3072K), 0.0149887 secs]141.152: [CMS141.155: [CMS-concurrent-mark: 0.003/0.019 secs] [Times: user=0.12 sys=0.00, real=0.02 secs] 
 (concurrent mode failure): 6332K->6330K(6848K), 0.0199867 secs] 9082K->9082K(9920K), [Metaspace: 3748K->3748K(1056768K)], 0.0350474 secs] [Times: user=0.13 sys=0.00, real=0.04 secs] 
141.173: [GC (Allocation Failure) 141.173: [ParNew (promotion failed): 2751K->3022K(3072K), 0.0182311 secs]141.191: [CMS: 6332K->6330K(6848K), 0.0166474 secs] 9082K->9082K(9920K), [Metaspace: 3748K->3748K(1056768K)], 0.0349447 secs] [Times: user=0.14 sys=0.00, real=0.03 secs] 
141.208: [GC (CMS Initial Mark) [1 CMS-initial-mark: 6330K(6848K)] 9082K(9920K), 0.0030734 secs] [Times: user=0.00 sys=0.00, real=0.01 secs] 
141.211: [CMS-concurrent-mark-start]
141.212: [GC (Allocation Failure) 141.212: [ParNew (promotion failed): 2751K->3022K(3072K), 0.0144800 secs]141.226: [CMS141.229: [CMS-concurrent-mark: 0.004/0.018 secs] [Times: user=0.12 sys=0.00, real=0.01 secs] 
 (concurrent mode failure): 6332K->6330K(6848K), 0.0197775 secs] 9082K->9082K(9920K), [Metaspace: 3748K->3748K(1056768K)], 0.0343217 secs] [Times: user=0.12 sys=0.00, real=0.03 secs] 
141.246: [GC (Allocation Failure) 141.246: [ParNew (promotion failed): 2751K->3022K(3072K), 0.0154865 secs]141.262: [CMS: 6332K->6330K(6848K), 0.0164325 secs] 9082K->9082K(9920K), [Metaspace: 3748K->3748K(1056768K)], 0.0319715 secs] [Times: user=0.12 sys=0.00, real=0.03 secs] 
141.278: [GC (CMS Initial Mark) [1 CMS-initial-mark: 6330K(6848K)] 9082K(9920K), 0.0030343 secs] [Times: user=0.00 sys=0.00, real=0.01 secs] 
141.281: [CMS-concurrent-mark-start]
141.281: [GC (Allocation Failure) 141.281: [ParNew (promotion failed): 2751K->3022K(3072K), 0.0150093 secs]141.296: [CMS141.300: [CMS-concurrent-mark: 0.004/0.019 secs] [Times: user=0.12 sys=0.00, real=0.02 secs] 
 (concurrent mode failure): 6332K->6330K(6848K), 0.0201354 secs] 9082K->9082K(9920K), [Metaspace: 3748K->3748K(1056768K)], 0.0352134 secs] [Times: user=0.14 sys=0.00, real=0.03 secs] 
141.317: [GC (Allocation Failure) 141.317: [ParNew (promotion failed): 2751K->3022K(3072K), 0.0167223 secs]141.334: [CMS: 6332K->6330K(6848K), 0.0165685 secs] 9082K->9082K(9920K), [Metaspace: 3748K->3748K(1056768K)], 0.0333583 secs] [Times: user=0.14 sys=0.01, real=0.04 secs] 
141.351: [GC (CMS Initial Mark) [1 CMS-initial-mark: 6330K(6848K)] 9082K(9920K), 0.0030578 secs] [Times: user=0.01 sys=0.00, real=0.00 secs] 
141.354: [CMS-concurrent-mark-start]
141.354: [GC (Allocation Failure) 141.354: [ParNew (promotion failed): 2751K->3022K(3072K), 0.0152825 secs]141.369: [CMS141.373: [CMS-concurrent-mark: 0.003/0.019 secs] [Times: user=0.11 sys=0.00, real=0.02 secs] 
 (concurrent mode failure): 6332K->6330K(6848K), 0.0200221 secs] 9082K->9082K(9920K), [Metaspace: 3748K->3748K(1056768K)], 0.0353623 secs] [Times: user=0.13 sys=0.00, real=0.04 secs] 
141.390: [GC (Allocation Failure) 141.390: [ParNew (promotion failed): 2751K->3022K(3072K), 0.0186369 secs]141.409: [CMS: 6332K->6330K(6848K), 0.0164484 secs] 9082K->9082K(9920K), [Metaspace: 3748K->3748K(1056768K)], 0.0351532 secs] [Times: user=0.15 sys=0.00, real=0.03 secs] 
141.426: [GC (CMS Initial Mark) [1 CMS-initial-mark: 6330K(6848K)] 9082K(9920K), 0.0030821 secs] [Times: user=0.01 sys=0.00, real=0.00 secs] 
141.429: [CMS-concurrent-mark-start]
141.430: [GC (Allocation Failure) 141.430: [ParNew (promotion failed): 2751K->3022K(3072K), 0.0138174 secs]141.443: [CMS141.446: [CMS-concurrent-mark: 0.004/0.017 secs] [Times: user=0.09 sys=0.00, real=0.02 secs] 
 (concurrent mode failure): 6332K->6330K(6848K), 0.0195394 secs] 9082K->9082K(9920K), [Metaspace: 3748K->3748K(1056768K)], 0.0334175 secs] [Times: user=0.11 sys=0.00, real=0.03 secs] 
141.463: [GC (Allocation Failure) 141.464: [ParNew (promotion failed): 2751K->2997K(3072K), 0.0144850 secs]141.478: [CMS: 6332K->6330K(6848K), 0.0167211 secs] 9082K->9082K(9920K), [Metaspace: 3748K->3748K(1056768K)], 0.0312670 secs] [Times: user=0.12 sys=0.00, real=0.03 secs] 
141.495: [GC (CMS Initial Mark) [1 CMS-initial-mark: 6330K(6848K)] 9082K(9920K), 0.0030910 secs] [Times: user=0.01 sys=0.00, real=0.00 secs] 
141.498: [CMS-concurrent-mark-start]
141.498: [GC (Allocation Failure) 141.498: [ParNew (promotion failed): 2751K->3022K(3072K), 0.0136249 secs]141.512: [CMS141.515: [CMS-concurrent-mark: 0.004/0.017 secs] [Times: user=0.08 sys=0.00, real=0.02 secs] 
 (concurrent mode failure): 6332K->6330K(6848K), 0.0209540 secs] 9082K->9082K(9920K), [Metaspace: 3748K->3748K(1056768K)], 0.0346629 secs] [Times: user=0.10 sys=0.00, real=0.04 secs] 
141.533: [GC (Allocation Failure) 141.533: [ParNew (promotion failed): 2751K->2997K(3072K), 0.0183822 secs]141.552: [CMS: 6332K->6330K(6848K), 0.0178312 secs] 9082K->9082K(9920K), [Metaspace: 3748K->3748K(1056768K)], 0.0363175 secs] [Times: user=0.13 sys=0.00, real=0.04 secs] 
141.570: [GC (CMS Initial Mark) [1 CMS-initial-mark: 6330K(6848K)] 9082K(9920K), 0.0031240 secs] [Times: user=0.01 sys=0.00, real=0.00 secs] 
141.573: [CMS-concurrent-mark-start]
141.573: [GC (Allocation Failure) 141.573: [ParNew (promotion failed): 2751K->2997K(3072K), 0.0241355 secs]141.598: [CMS141.601: [CMS-concurrent-mark: 0.004/0.028 secs] [Times: user=0.16 sys=0.00, real=0.03 secs] 
 (concurrent mode failure): 6332K->6330K(6848K), 0.0201583 secs] 9082K->9082K(9920K), [Metaspace: 3748K->3748K(1056768K)], 0.0443741 secs] [Times: user=0.18 sys=0.00, real=0.04 secs] 
141.618: [GC (Allocation Failure) 141.618: [ParNew (promotion failed): 2751K->2997K(3072K), 0.0221266 secs]141.640: [CMS: 6332K->6330K(6848K), 0.0168977 secs] 9082K->9082K(9920K), [Metaspace: 3748K->3748K(1056768K)], 0.0390971 secs] [Times: user=0.17 sys=0.01, real=0.04 secs] 
141.658: [GC (CMS Initial Mark) [1 CMS-initial-mark: 6330K(6848K)] 9082K(9920K), 0.0030400 secs] [Times: user=0.00 sys=0.00, real=0.01 secs] 
141.661: [CMS-concurrent-mark-start]
141.661: [GC (Allocation Failure) 141.661: [ParNew (promotion failed): 2751K->3046K(3072K), 0.0164029 secs]141.678: [CMS141.681: [CMS-concurrent-mark: 0.003/0.020 secs] [Times: user=0.11 sys=0.00, real=0.02 secs] 
 (concurrent mode failure): 6332K->6330K(6848K), 0.0202909 secs] 9082K->9082K(9920K), [Metaspace: 3748K->3748K(1056768K)], 0.0367639 secs] [Times: user=0.13 sys=0.00, real=0.03 secs] 
141.699: [GC (Allocation Failure) 141.699: [ParNew (promotion failed): 2751K->3022K(3072K), 0.0234671 secs]141.722: [CMS: 6332K->6330K(6848K), 0.0166132 secs] 9082K->9082K(9920K), [Metaspace: 3748K->3748K(1056768K)], 0.0401430 secs] [Times: user=0.19 sys=0.00, real=0.04 secs] 
141.739: [GC (CMS Initial Mark) [1 CMS-initial-mark: 6330K(6848K)] 9082K(9920K), 0.0030782 secs] [Times: user=0.01 sys=0.00, real=0.01 secs] 
141.742: [CMS-concurrent-mark-start]
141.743: [GC (Allocation Failure) 141.743: [ParNew (promotion failed): 2751K->2997K(3072K), 0.0157558 secs]141.758: [CMS141.762: [CMS-concurrent-mark: 0.003/0.019 secs] [Times: user=0.12 sys=0.00, real=0.02 secs] 
 (concurrent mode failure): 6332K->6330K(6848K), 0.0197730 secs] 9082K->9082K(9920K), [Metaspace: 3748K->3748K(1056768K)], 0.0355923 secs] [Times: user=0.14 sys=0.00, real=0.03 secs] 
141.779: [GC (Allocation Failure) 141.779: [ParNew (promotion failed): 2751K->2972K(3072K), 0.0207923 secs]141.799: [CMS: 6332K->6330K(6848K), 0.0164646 secs] 9082K->9082K(9920K), [Metaspace: 3748K->3748K(1056768K)], 0.0373212 secs] [Times: user=0.15 sys=0.00, real=0.04 secs] 
141.816: [GC (CMS Initial Mark) [1 CMS-initial-mark: 6330K(6848K)] 9082K(9920K), 0.0030886 secs] [Times: user=0.01 sys=0.00, real=0.00 secs] 
141.819: [CMS-concurrent-mark-start]
141.819: [GC (Allocation Failure) 141.819: [ParNew (promotion failed): 2751K->3022K(3072K), 0.0213591 secs]141.841: [CMS141.844: [CMS-concurrent-mark: 0.003/0.025 secs] [Times: user=0.15 sys=0.00, real=0.03 secs] 
 (concurrent mode failure): 6332K->6330K(6848K), 0.0201227 secs] 9082K->9082K(9920K), [Metaspace: 3748K->3748K(1056768K)], 0.0415501 secs] [Times: user=0.17 sys=0.00, real=0.05 secs] 
141.861: [GC (Allocation Failure) 141.861: [ParNew (promotion failed): 2751K->3022K(3072K), 0.0147137 secs]141.876: [CMS: 6332K->6330K(6848K), 0.0165510 secs] 9082K->9082K(9920K), [Metaspace: 3748K->3748K(1056768K)], 0.0313312 secs] [Times: user=0.12 sys=0.00, real=0.03 secs] 
141.893: [GC (CMS Initial Mark) [1 CMS-initial-mark: 6330K(6848K)] 9082K(9920K), 0.0030460 secs] [Times: user=0.01 sys=0.00, real=0.00 secs] 
141.896: [CMS-concurrent-mark-start]
141.896: [GC (Allocation Failure) 141.896: [ParNew (promotion failed): 2751K->3022K(3072K), 0.0176717 secs]141.914: [CMS141.917: [CMS-concurrent-mark: 0.003/0.021 secs] [Times: user=0.14 sys=0.00, real=0.02 secs] 
 (concurrent mode failure): 6332K->6330K(6848K), 0.0199180 secs] 9082K->9082K(9920K), [Metaspace: 3748K->3748K(1056768K)], 0.0376493 secs] [Times: user=0.15 sys=0.00, real=0.04 secs] 
141.935: [GC (Allocation Failure) 141.935: [ParNew (promotion failed): 2751K->2997K(3072K), 0.0163555 secs]141.951: [CMS: 6332K->6330K(6848K), 0.0164453 secs] 9082K->9082K(9920K), [Metaspace: 3748K->3748K(1056768K)], 0.0328667 secs] [Times: user=0.14 sys=0.01, real=0.03 secs] 
141.968: [GC (CMS Initial Mark) [1 CMS-initial-mark: 6330K(6848K)] 9082K(9920K), 0.0030550 secs] [Times: user=0.01 sys=0.00, real=0.01 secs] 
141.971: [CMS-concurrent-mark-start]
141.972: [GC (Allocation Failure) 141.972: [ParNew (promotion failed): 2751K->3022K(3072K), 0.0152513 secs]141.987: [CMS141.990: [CMS-concurrent-mark: 0.004/0.019 secs] [Times: user=0.12 sys=0.00, real=0.02 secs] 
 (concurrent mode failure): 6332K->6330K(6848K), 0.0195794 secs] 9082K->9082K(9920K), [Metaspace: 3748K->3748K(1056768K)], 0.0348896 secs] [Times: user=0.13 sys=0.00, real=0.03 secs] 
142.007: [GC (Allocation Failure) 142.007: [ParNew (promotion failed): 2751K->3022K(3072K), 0.0159985 secs]142.023: [CMS: 6332K->6330K(6848K), 0.0165594 secs] 9082K->9082K(9920K), [Metaspace: 3748K->3748K(1056768K)], 0.0326250 secs] [Times: user=0.14 sys=0.00, real=0.04 secs] 
142.040: [GC (CMS Initial Mark) [1 CMS-initial-mark: 6330K(6848K)] 9082K(9920K), 0.0030647 secs] [Times: user=0.00 sys=0.00, real=0.00 secs] 
142.043: [CMS-concurrent-mark-start]
142.043: [GC (Allocation Failure) 142.043: [ParNew (promotion failed): 2751K->3022K(3072K), 0.0161540 secs]142.059: [CMS142.063: [CMS-concurrent-mark: 0.004/0.020 secs] [Times: user=0.13 sys=0.00, real=0.02 secs] 
 (concurrent mode failure): 6332K->6330K(6848K), 0.0199952 secs] 9082K->9082K(9920K), [Metaspace: 3748K->3748K(1056768K)], 0.0362037 secs] [Times: user=0.14 sys=0.00, real=0.04 secs] 
142.080: [GC (Allocation Failure) 142.080: [ParNew (promotion failed): 2751K->3022K(3072K), 0.0239085 secs]142.104: [CMS: 6332K->6330K(6848K), 0.0165432 secs] 9082K->9082K(9920K), [Metaspace: 3748K->3748K(1056768K)], 0.0405140 secs] [Times: user=0.20 sys=0.00, real=0.04 secs] 
142.121: [GC (CMS Initial Mark) [1 CMS-initial-mark: 6330K(6848K)] 9082K(9920K), 0.0030436 secs] [Times: user=0.01 sys=0.00, real=0.00 secs] 
142.124: [CMS-concurrent-mark-start]
142.124: [GC (Allocation Failure) 142.124: [ParNew (promotion failed): 2751K->2997K(3072K), 0.0161855 secs]142.140: [CMS142.144: [CMS-concurrent-mark: 0.004/0.020 secs] [Times: user=0.13 sys=0.00, real=0.02 secs] 
 (concurrent mode failure): 6332K->6330K(6848K), 0.0198718 secs] 9082K->9082K(9920K), [Metaspace: 3748K->3748K(1056768K)], 0.0361227 secs] [Times: user=0.14 sys=0.00, real=0.04 secs] 
142.160: [GC (Allocation Failure) 142.160: [ParNew (promotion failed): 2751K->3022K(3072K), 0.0230910 secs]142.184: [CMS: 6332K->6330K(6848K), 0.0165186 secs] 9082K->9082K(9920K), [Metaspace: 3748K->3748K(1056768K)], 0.0396699 secs] [Times: user=0.20 sys=0.00, real=0.04 secs] 
142.201: [GC (CMS Initial Mark) [1 CMS-initial-mark: 6330K(6848K)] 9082K(9920K), 0.0030796 secs] [Times: user=0.00 sys=0.00, real=0.00 secs] 
142.204: [CMS-concurrent-mark-start]
142.204: [GC (Allocation Failure) 142.204: [ParNew (promotion failed): 2751K->2997K(3072K), 0.0148837 secs]142.219: [CMS142.222: [CMS-concurrent-mark: 0.003/0.018 secs] [Times: user=0.12 sys=0.00, real=0.02 secs] 
 (concurrent mode failure): 6332K->6330K(6848K), 0.0200585 secs] 9082K->9082K(9920K), [Metaspace: 3748K->3748K(1056768K)], 0.0350073 secs] [Times: user=0.13 sys=0.00, real=0.03 secs] 
142.240: [GC (Allocation Failure) 142.240: [ParNew (promotion failed): 2751K->2997K(3072K), 0.0172479 secs]142.257: [CMS: 6332K->6330K(6848K), 0.0165143 secs] 9082K->9082K(9920K), [Metaspace: 3748K->3748K(1056768K)], 0.0338279 secs] [Times: user=0.15 sys=0.00, real=0.03 secs] 
142.274: [GC (CMS Initial Mark) [1 CMS-initial-mark: 6330K(6848K)] 9082K(9920K), 0.0030688 secs] [Times: user=0.00 sys=0.00, real=0.00 secs] 
142.277: [CMS-concurrent-mark-start]
142.278: [GC (Allocation Failure) 142.278: [ParNew (promotion failed): 2751K->2997K(3072K), 0.0135766 secs]142.291: [CMS142.294: [CMS-concurrent-mark: 0.004/0.017 secs] [Times: user=0.11 sys=0.00, real=0.02 secs] 
 (concurrent mode failure): 6332K->6330K(6848K), 0.0196809 secs] 9082K->9082K(9920K), [Metaspace: 3748K->3748K(1056768K)], 0.0333173 secs] [Times: user=0.11 sys=0.00, real=0.04 secs] 
142.311: [GC (Allocation Failure) 142.311: [ParNew (promotion failed): 2751K->2997K(3072K), 0.0209412 secs]142.332: [CMS: 6332K->6330K(6848K), 0.0163627 secs] 9082K->9082K(9920K), [Metaspace: 3748K->3748K(1056768K)], 0.0373626 secs] [Times: user=0.18 sys=0.01, real=0.03 secs] 
142.349: [GC (CMS Initial Mark) [1 CMS-initial-mark: 6330K(6848K)] 9082K(9920K), 0.0030552 secs] [Times: user=0.00 sys=0.00, real=0.01 secs] 
142.352: [CMS-concurrent-mark-start]
142.352: [GC (Allocation Failure) 142.352: [ParNew (promotion failed): 2751K->2997K(3072K), 0.0198405 secs]142.372: [CMS142.375: [CMS-concurrent-mark: 0.003/0.023 secs] [Times: user=0.15 sys=0.00, real=0.02 secs] 
 (concurrent mode failure): 6332K->6330K(6848K), 0.0200338 secs] 9082K->9082K(9920K), [Metaspace: 3748K->3748K(1056768K)], 0.0399391 secs] [Times: user=0.16 sys=0.00, real=0.04 secs] 
142.392: [GC (Allocation Failure) 142.392: [ParNew (promotion failed): 2751K->3046K(3072K), 0.0259557 secs]142.418: [CMS: 6332K->6330K(6848K), 0.0165426 secs] 9082K->9082K(9920K), [Metaspace: 3748K->3748K(1056768K)], 0.0425597 secs] [Times: user=0.22 sys=0.00, real=0.04 secs] 
142.435: [GC (CMS Initial Mark) [1 CMS-initial-mark: 6330K(6848K)] 9082K(9920K), 0.0030508 secs] [Times: user=0.00 sys=0.00, real=0.00 secs] 
142.438: [CMS-concurrent-mark-start]
142.438: [GC (Allocation Failure) 142.438: [ParNew (promotion failed): 2751K->2997K(3072K), 0.0165823 secs]142.455: [CMS142.459: [CMS-concurrent-mark: 0.003/0.020 secs] [Times: user=0.13 sys=0.00, real=0.02 secs] 
 (concurrent mode failure): 6332K->6330K(6848K), 0.0201471 secs] 9082K->9082K(9920K), [Metaspace: 3748K->3748K(1056768K)], 0.0368028 secs] [Times: user=0.14 sys=0.00, real=0.04 secs] 
142.476: [GC (Allocation Failure) 142.476: [ParNew (promotion failed): 2751K->3022K(3072K), 0.0199075 secs]142.496: [CMS: 6332K->6330K(6848K), 0.0172870 secs] 9082K->9082K(9920K), [Metaspace: 3748K->3748K(1056768K)], 0.0372952 secs] [Times: user=0.14 sys=0.00, real=0.04 secs] 
142.514: [GC (CMS Initial Mark) [1 CMS-initial-mark: 6330K(6848K)] 9082K(9920K), 0.0031744 secs] [Times: user=0.01 sys=0.00, real=0.00 secs] 
142.517: [CMS-concurrent-mark-start]
142.518: [GC (Allocation Failure) 142.518: [ParNew (promotion failed): 2751K->2997K(3072K), 0.0190429 secs]142.537: [CMS142.540: [CMS-concurrent-mark: 0.004/0.023 secs] [Times: user=0.11 sys=0.00, real=0.03 secs] 
 (concurrent mode failure): 6332K->6330K(6848K), 0.0196442 secs] 9082K->9082K(9920K), [Metaspace: 3748K->3748K(1056768K)], 0.0387840 secs] [Times: user=0.13 sys=0.00, real=0.04 secs] 
142.557: [GC (Allocation Failure) 142.557: [ParNew (promotion failed): 2751K->3046K(3072K), 0.0181231 secs]142.575: [CMS: 6332K->6330K(6848K), 0.0171683 secs] 9082K->9082K(9920K), [Metaspace: 3748K->3748K(1056768K)], 0.0353684 secs] [Times: user=0.15 sys=0.00, real=0.04 secs] 
142.593: [GC (CMS Initial Mark) [1 CMS-initial-mark: 6330K(6848K)] 9082K(9920K), 0.0030933 secs] [Times: user=0.00 sys=0.00, real=0.00 secs] 
142.596: [CMS-concurrent-mark-start]
142.596: [GC (Allocation Failure) 142.596: [ParNew (promotion failed): 2751K->3022K(3072K), 0.0142322 secs]142.610: [CMS142.614: [CMS-concurrent-mark: 0.003/0.018 secs] [Times: user=0.11 sys=0.00, real=0.02 secs] 
 (concurrent mode failure): 6332K->6330K(6848K), 0.0200999 secs] 9082K->9082K(9920K), [Metaspace: 3748K->3748K(1056768K)], 0.0344055 secs] [Times: user=0.12 sys=0.01, real=0.04 secs] 
142.631: [GC (Allocation Failure) 142.631: [ParNew (promotion failed): 2751K->3022K(3072K), 0.0172993 secs]142.648: [CMS: 6332K->6330K(6848K), 0.0165744 secs] 9082K->9082K(9920K), [Metaspace: 3748K->3748K(1056768K)], 0.0339498 secs] [Times: user=0.15 sys=0.00, real=0.03 secs] 
142.665: [GC (CMS Initial Mark) [1 CMS-initial-mark: 6330K(6848K)] 9082K(9920K), 0.0030584 secs] [Times: user=0.00 sys=0.00, real=0.00 secs] 
142.668: [CMS-concurrent-mark-start]
142.668: [GC (Allocation Failure) 142.668: [ParNew (promotion failed): 2751K->3022K(3072K), 0.0171741 secs]142.685: [CMS142.689: [CMS-concurrent-mark: 0.004/0.021 secs] [Times: user=0.14 sys=0.00, real=0.02 secs] 
 (concurrent mode failure): 6332K->6330K(6848K), 0.0199338 secs] 9082K->9082K(9920K), [Metaspace: 3748K->3748K(1056768K)], 0.0371677 secs] [Times: user=0.15 sys=0.00, real=0.04 secs] 
142.706: [GC (Allocation Failure) 142.706: [ParNew (promotion failed): 2751K->3022K(3072K), 0.0144248 secs]142.720: [CMS: 6332K->6330K(6848K), 0.0166265 secs] 9082K->9082K(9920K), [Metaspace: 3748K->3748K(1056768K)], 0.0311259 secs] [Times: user=0.13 sys=0.00, real=0.03 secs] 
142.738: [GC (CMS Initial Mark) [1 CMS-initial-mark: 6330K(6848K)] 9082K(9920K), 0.0030806 secs] [Times: user=0.00 sys=0.00, real=0.01 secs] 
142.741: [CMS-concurrent-mark-start]
142.741: [GC (Allocation Failure) 142.741: [ParNew (promotion failed): 2751K->3022K(3072K), 0.0198115 secs]142.761: [CMS142.764: [CMS-concurrent-mark: 0.003/0.023 secs] [Times: user=0.16 sys=0.00, real=0.02 secs] 
 (concurrent mode failure): 6332K->6330K(6848K), 0.0199766 secs] 9082K->9082K(9920K), [Metaspace: 3748K->3748K(1056768K)], 0.0398500 secs] [Times: user=0.17 sys=0.00, real=0.04 secs] 
142.782: [GC (Allocation Failure) 142.782: [ParNew (promotion failed): 2751K->3046K(3072K), 0.0232980 secs]142.805: [CMS: 6332K->6330K(6848K), 0.0165602 secs] 9082K->9082K(9920K), [Metaspace: 3748K->3748K(1056768K)], 0.0399214 secs] [Times: user=0.20 sys=0.00, real=0.04 secs] 
142.822: [GC (CMS Initial Mark) [1 CMS-initial-mark: 6330K(6848K)] 9082K(9920K), 0.0030499 secs] [Times: user=0.00 sys=0.00, real=0.00 secs] 
142.825: [CMS-concurrent-mark-start]
142.825: [GC (Allocation Failure) 142.825: [ParNew (promotion failed): 2751K->3022K(3072K), 0.0154847 secs]142.841: [CMS142.844: [CMS-concurrent-mark: 0.004/0.019 secs] [Times: user=0.12 sys=0.00, real=0.02 secs] 
 (concurrent mode failure): 6332K->6330K(6848K), 0.0198703 secs] 9082K->9082K(9920K), [Metaspace: 3748K->3748K(1056768K)], 0.0354254 secs] [Times: user=0.14 sys=0.00, real=0.04 secs] 
142.861: [GC (Allocation Failure) 142.861: [ParNew (promotion failed): 2751K->3022K(3072K), 0.0162078 secs]142.877: [CMS: 6332K->6330K(6848K), 0.0164980 secs] 9082K->9082K(9920K), [Metaspace: 3748K->3748K(1056768K)], 0.0327680 secs] [Times: user=0.14 sys=0.00, real=0.03 secs] 
142.894: [GC (CMS Initial Mark) [1 CMS-initial-mark: 6330K(6848K)] 9082K(9920K), 0.0030419 secs] [Times: user=0.00 sys=0.00, real=0.00 secs] 
142.897: [CMS-concurrent-mark-start]
142.897: [GC (Allocation Failure) 142.897: [ParNew (promotion failed): 2751K->3022K(3072K), 0.0160240 secs]142.913: [CMS142.917: [CMS-concurrent-mark: 0.003/0.020 secs] [Times: user=0.13 sys=0.00, real=0.02 secs] 
 (concurrent mode failure): 6332K->6330K(6848K), 0.0200758 secs] 9082K->9082K(9920K), [Metaspace: 3748K->3748K(1056768K)], 0.0361610 secs] [Times: user=0.15 sys=0.00, real=0.04 secs] 
142.934: [GC (Allocation Failure) 142.934: [ParNew (promotion failed): 2751K->3022K(3072K), 0.0150725 secs]142.949: [CMS: 6332K->6330K(6848K), 0.0164982 secs] 9082K->9082K(9920K), [Metaspace: 3748K->3748K(1056768K)], 0.0316289 secs] [Times: user=0.12 sys=0.00, real=0.03 secs] 
142.966: [GC (CMS Initial Mark) [1 CMS-initial-mark: 6330K(6848K)] 9082K(9920K), 0.0030673 secs] [Times: user=0.01 sys=0.00, real=0.00 secs] 
142.969: [CMS-concurrent-mark-start]
142.969: [GC (Allocation Failure) 142.969: [ParNew (promotion failed): 2751K->2997K(3072K), 0.0166245 secs]142.986: [CMS142.989: [CMS-concurrent-mark: 0.004/0.020 secs] [Times: user=0.13 sys=0.00, real=0.02 secs] 
 (concurrent mode failure): 6332K->6330K(6848K), 0.0203615 secs] 9082K->9082K(9920K), [Metaspace: 3748K->3748K(1056768K)], 0.0370505 secs] [Times: user=0.15 sys=0.00, real=0.04 secs] 
143.007: [GC (Allocation Failure) 143.007: [ParNew (promotion failed): 2751K->3022K(3072K), 0.0179400 secs]143.025: [CMS: 6332K->6330K(6848K), 0.0166640 secs] 9082K->9082K(9920K), [Metaspace: 3748K->3748K(1056768K)], 0.0346862 secs] [Times: user=0.14 sys=0.01, real=0.04 secs] 
143.042: [GC (CMS Initial Mark) [1 CMS-initial-mark: 6330K(6848K)] 9082K(9920K), 0.0030879 secs] [Times: user=0.01 sys=0.00, real=0.00 secs] 
143.045: [CMS-concurrent-mark-start]
143.046: [GC (Allocation Failure) 143.046: [ParNew (promotion failed): 2751K->2997K(3072K), 0.0134799 secs]143.059: [CMS143.062: [CMS-concurrent-mark: 0.004/0.017 secs] [Times: user=0.10 sys=0.00, real=0.02 secs] 
 (concurrent mode failure): 6332K->6330K(6848K), 0.0195232 secs] 9082K->9082K(9920K), [Metaspace: 3748K->3748K(1056768K)], 0.0330729 secs] [Times: user=0.12 sys=0.00, real=0.03 secs] 
143.079: [GC (Allocation Failure) 143.079: [ParNew (promotion failed): 2751K->3022K(3072K), 0.0153020 secs]143.095: [CMS: 6332K->6330K(6848K), 0.0165113 secs] 9082K->9082K(9920K), [Metaspace: 3748K->3748K(1056768K)], 0.0318834 secs] [Times: user=0.12 sys=0.00, real=0.04 secs] 
143.111: [GC (CMS Initial Mark) [1 CMS-initial-mark: 6330K(6848K)] 9082K(9920K), 0.0030533 secs] [Times: user=0.01 sys=0.00, real=0.00 secs] 
143.115: [CMS-concurrent-mark-start]
143.115: [GC (Allocation Failure) 143.115: [ParNew (promotion failed): 2751K->3022K(3072K), 0.0177871 secs]143.132: [CMS143.136: [CMS-concurrent-mark: 0.003/0.021 secs] [Times: user=0.14 sys=0.00, real=0.02 secs] 
 (concurrent mode failure): 6332K->6330K(6848K), 0.0200488 secs] 9082K->9082K(9920K), [Metaspace: 3748K->3748K(1056768K)], 0.0379004 secs] [Times: user=0.15 sys=0.00, real=0.04 secs] 
143.153: [GC (Allocation Failure) 143.153: [ParNew (promotion failed): 2751K->2997K(3072K), 0.0177792 secs]143.171: [CMS: 6332K->6330K(6848K), 0.0175184 secs] 9082K->9082K(9920K), [Metaspace: 3748K->3748K(1056768K)], 0.0353697 secs] [Times: user=0.14 sys=0.00, real=0.03 secs] 
143.190: [GC (CMS Initial Mark) [1 CMS-initial-mark: 6330K(6848K)] 9082K(9920K), 0.0033604 secs] [Times: user=0.01 sys=0.00, real=0.00 secs] 
143.193: [CMS-concurrent-mark-start]
143.193: [GC (Allocation Failure) 143.193: [ParNew (promotion failed): 2751K->2997K(3072K), 0.0208472 secs]143.214: [CMS143.218: [CMS-concurrent-mark: 0.004/0.024 secs] [Times: user=0.15 sys=0.00, real=0.02 secs] 
 (concurrent mode failure): 6332K->6330K(6848K), 0.0204270 secs] 9082K->9082K(9920K), [Metaspace: 3748K->3748K(1056768K)], 0.0413597 secs] [Times: user=0.16 sys=0.00, real=0.04 secs] 
143.235: [GC (Allocation Failure) 143.235: [ParNew (promotion failed): 2751K->3022K(3072K), 0.0180016 secs]143.253: [CMS: 6332K->6330K(6848K), 0.0166563 secs] 9082K->9082K(9920K), [Metaspace: 3748K->3748K(1056768K)], 0.0347481 secs] [Times: user=0.15 sys=0.00, real=0.04 secs] 
143.271: [GC (CMS Initial Mark) [1 CMS-initial-mark: 6330K(6848K)] 9082K(9920K), 0.0031707 secs] [Times: user=0.00 sys=0.00, real=0.00 secs] 
143.274: [CMS-concurrent-mark-start]
143.274: [GC (Allocation Failure) 143.274: [ParNew (promotion failed): 2751K->3022K(3072K), 0.0221722 secs]143.296: [CMS143.300: [CMS-concurrent-mark: 0.003/0.026 secs] [Times: user=0.18 sys=0.00, real=0.03 secs] 
 (concurrent mode failure): 6332K->6330K(6848K), 0.0200825 secs] 9082K->9082K(9920K), [Metaspace: 3748K->3748K(1056768K)], 0.0423224 secs] [Times: user=0.19 sys=0.00, real=0.04 secs] 
143.317: [GC (Allocation Failure) 143.317: [ParNew (promotion failed): 2751K->3022K(3072K), 0.0184677 secs]143.336: [CMS: 6332K->6330K(6848K), 0.0165438 secs] 9082K->9082K(9920K), [Metaspace: 3748K->3748K(1056768K)], 0.0350757 secs] [Times: user=0.16 sys=0.01, real=0.04 secs] 
143.353: [GC (CMS Initial Mark) [1 CMS-initial-mark: 6330K(6848K)] 9082K(9920K), 0.0030485 secs] [Times: user=0.00 sys=0.00, real=0.00 secs] 
143.356: [CMS-concurrent-mark-start]
143.356: [GC (Allocation Failure) 143.356: [ParNew (promotion failed): 2751K->3022K(3072K), 0.0221315 secs]143.378: [CMS143.381: [CMS-concurrent-mark: 0.004/0.026 secs] [Times: user=0.17 sys=0.00, real=0.03 secs] 
 (concurrent mode failure): 6332K->6330K(6848K), 0.0197737 secs] 9082K->9082K(9920K), [Metaspace: 3748K->3748K(1056768K)], 0.0419792 secs] [Times: user=0.19 sys=0.00, real=0.04 secs] 
143.398: [GC (Allocation Failure) 143.398: [ParNew (promotion failed): 2751K->2997K(3072K), 0.0232774 secs]143.422: [CMS: 6332K->6330K(6848K), 0.0167061 secs] 9082K->9082K(9920K), [Metaspace: 3748K->3748K(1056768K)], 0.0400410 secs] [Times: user=0.19 sys=0.00, real=0.04 secs] 
143.439: [GC (CMS Initial Mark) [1 CMS-initial-mark: 6330K(6848K)] 9082K(9920K), 0.0030318 secs] [Times: user=0.00 sys=0.00, real=0.01 secs] 
143.442: [CMS-concurrent-mark-start]
143.442: [GC (Allocation Failure) 143.442: [ParNew (promotion failed): 2751K->3022K(3072K), 0.0142883 secs]143.456: [CMS143.459: [CMS-concurrent-mark: 0.003/0.018 secs] [Times: user=0.11 sys=0.00, real=0.02 secs] 
 (concurrent mode failure): 6332K->6330K(6848K), 0.0199095 secs] 9082K->9082K(9920K), [Metaspace: 3748K->3748K(1056768K)], 0.0342665 secs] [Times: user=0.13 sys=0.00, real=0.03 secs] 
143.476: [GC (Allocation Failure) 143.476: [ParNew (promotion failed): 2751K->3022K(3072K), 0.0155515 secs]143.492: [CMS: 6332K->6330K(6848K), 0.0168581 secs] 9082K->9082K(9920K), [Metaspace: 3748K->3748K(1056768K)], 0.0324824 secs] [Times: user=0.13 sys=0.00, real=0.03 secs] 
143.509: [GC (CMS Initial Mark) [1 CMS-initial-mark: 6330K(6848K)] 9082K(9920K), 0.0030931 secs] [Times: user=0.00 sys=0.00, real=0.01 secs] 
143.512: [CMS-concurrent-mark-start]
143.513: [GC (Allocation Failure) 143.513: [ParNew (promotion failed): 2751K->2997K(3072K), 0.0160917 secs]143.529: [CMS143.532: [CMS-concurrent-mark: 0.004/0.020 secs] [Times: user=0.11 sys=0.00, real=0.02 secs] 
 (concurrent mode failure): 6332K->6330K(6848K), 0.0201845 secs] 9082K->9082K(9920K), [Metaspace: 3748K->3748K(1056768K)], 0.0363497 secs] [Times: user=0.12 sys=0.00, real=0.03 secs] 
143.550: [GC (Allocation Failure) 143.550: [ParNew (promotion failed): 2751K->3022K(3072K), 0.0187190 secs]143.568: [CMS: 6332K->6330K(6848K), 0.0166064 secs] 9082K->9082K(9920K), [Metaspace: 3748K->3748K(1056768K)], 0.0353988 secs] [Times: user=0.16 sys=0.00, real=0.03 secs] 
143.585: [GC (CMS Initial Mark) [1 CMS-initial-mark: 6330K(6848K)] 9082K(9920K), 0.0030762 secs] [Times: user=0.00 sys=0.00, real=0.00 secs] 
143.589: [CMS-concurrent-mark-start]
143.589: [GC (Allocation Failure) 143.589: [ParNew (promotion failed): 2751K->3022K(3072K), 0.0165882 secs]143.606: [CMS143.609: [CMS-concurrent-mark: 0.004/0.020 secs] [Times: user=0.13 sys=0.00, real=0.02 secs] 
 (concurrent mode failure): 6332K->6330K(6848K), 0.0197197 secs] 9082K->9082K(9920K), [Metaspace: 3748K->3748K(1056768K)], 0.0363610 secs] [Times: user=0.15 sys=0.00, real=0.04 secs] 
143.626: [GC (Allocation Failure) 143.626: [ParNew (promotion failed): 2751K->2997K(3072K), 0.0219662 secs]143.648: [CMS: 6332K->6330K(6848K), 0.0165811 secs] 9082K->9082K(9920K), [Metaspace: 3748K->3748K(1056768K)], 0.0386195 secs] [Times: user=0.18 sys=0.00, real=0.04 secs] 
143.665: [GC (CMS Initial Mark) [1 CMS-initial-mark: 6330K(6848K)] 9082K(9920K), 0.0030543 secs] [Times: user=0.00 sys=0.00, real=0.00 secs] 
143.668: [CMS-concurrent-mark-start]
143.668: [GC (Allocation Failure) 143.668: [ParNew (promotion failed): 2751K->3022K(3072K), 0.0145326 secs]143.683: [CMS143.686: [CMS-concurrent-mark: 0.003/0.018 secs] [Times: user=0.12 sys=0.00, real=0.02 secs] 
 (concurrent mode failure): 6332K->6330K(6848K), 0.0199430 secs] 9082K->9082K(9920K), [Metaspace: 3748K->3748K(1056768K)], 0.0345368 secs] [Times: user=0.13 sys=0.00, real=0.04 secs] 
143.703: [GC (Allocation Failure) 143.703: [ParNew (promotion failed): 2751K->2997K(3072K), 0.0154068 secs]143.718: [CMS: 6332K->6330K(6848K), 0.0165280 secs] 9082K->9082K(9920K), [Metaspace: 3748K->3748K(1056768K)], 0.0320084 secs] [Times: user=0.13 sys=0.00, real=0.03 secs] 
143.735: [GC (CMS Initial Mark) [1 CMS-initial-mark: 6330K(6848K)] 9082K(9920K), 0.0030764 secs] [Times: user=0.01 sys=0.00, real=0.00 secs] 
143.738: [CMS-concurrent-mark-start]
143.739: [GC (Allocation Failure) 143.739: [ParNew (promotion failed): 2751K->3022K(3072K), 0.0208087 secs]143.760: [CMS143.763: [CMS-concurrent-mark: 0.004/0.024 secs] [Times: user=0.16 sys=0.00, real=0.03 secs] 
 (concurrent mode failure): 6332K->6330K(6848K), 0.0198579 secs] 9082K->9082K(9920K), [Metaspace: 3748K->3748K(1056768K)], 0.0407361 secs] [Times: user=0.18 sys=0.00, real=0.05 secs] 
143.780: [GC (Allocation Failure) 143.780: [ParNew (promotion failed): 2751K->2997K(3072K), 0.0162962 secs]143.796: [CMS: 6332K->6330K(6848K), 0.0168199 secs] 9082K->9082K(9920K), [Metaspace: 3748K->3748K(1056768K)], 0.0331865 secs] [Times: user=0.14 sys=0.00, real=0.03 secs] 
143.814: [GC (CMS Initial Mark) [1 CMS-initial-mark: 6330K(6848K)] 9082K(9920K), 0.0030453 secs] [Times: user=0.00 sys=0.00, real=0.00 secs] 
143.817: [CMS-concurrent-mark-start]
143.817: [GC (Allocation Failure) 143.817: [ParNew (promotion failed): 2751K->2997K(3072K), 0.0148743 secs]143.832: [CMS143.835: [CMS-concurrent-mark: 0.003/0.018 secs] [Times: user=0.12 sys=0.00, real=0.02 secs] 
 (concurrent mode failure): 6332K->6330K(6848K), 0.0200162 secs] 9082K->9082K(9920K), [Metaspace: 3748K->3748K(1056768K)], 0.0349486 secs] [Times: user=0.14 sys=0.00, real=0.04 secs] 
143.853: [GC (Allocation Failure) 143.853: [ParNew (promotion failed): 2751K->3022K(3072K), 0.0222350 secs]143.875: [CMS: 6332K->6330K(6848K), 0.0165237 secs] 9082K->9082K(9920K), [Metaspace: 3748K->3748K(1056768K)], 0.0388189 secs] [Times: user=0.18 sys=0.00, real=0.04 secs] 
143.892: [GC (CMS Initial Mark) [1 CMS-initial-mark: 6330K(6848K)] 9082K(9920K), 0.0030555 secs] [Times: user=0.00 sys=0.00, real=0.00 secs] 
143.895: [CMS-concurrent-mark-start]
143.895: [GC (Allocation Failure) 143.895: [ParNew (promotion failed): 2751K->3022K(3072K), 0.0150642 secs]143.910: [CMS143.914: [CMS-concurrent-mark: 0.004/0.019 secs] [Times: user=0.12 sys=0.00, real=0.02 secs] 
 (concurrent mode failure): 6332K->6330K(6848K), 0.0198885 secs] 9082K->9082K(9920K), [Metaspace: 3748K->3748K(1056768K)], 0.0350152 secs] [Times: user=0.14 sys=0.00, real=0.04 secs] 
143.931: [GC (Allocation Failure) 143.931: [ParNew (promotion failed): 2751K->2997K(3072K), 0.0163847 secs]143.947: [CMS: 6332K->6330K(6848K), 0.0165532 secs] 9082K->9082K(9920K), [Metaspace: 3748K->3748K(1056768K)], 0.0330045 secs] [Times: user=0.14 sys=0.00, real=0.03 secs] 
143.964: [GC (CMS Initial Mark) [1 CMS-initial-mark: 6330K(6848K)] 9082K(9920K), 0.0030573 secs] [Times: user=0.00 sys=0.00, real=0.00 secs] 
143.967: [CMS-concurrent-mark-start]
143.967: [GC (Allocation Failure) 143.967: [ParNew (promotion failed): 2751K->2997K(3072K), 0.0158877 secs]143.983: [CMS143.986: [CMS-concurrent-mark: 0.003/0.019 secs] [Times: user=0.12 sys=0.00, real=0.02 secs] 
 (concurrent mode failure): 6332K->6330K(6848K), 0.0198523 secs] 9082K->9082K(9920K), [Metaspace: 3748K->3748K(1056768K)], 0.0358029 secs] [Times: user=0.14 sys=0.00, real=0.04 secs] 
144.003: [GC (Allocation Failure) 144.003: [ParNew (promotion failed): 2751K->3022K(3072K), 0.0153907 secs]144.019: [CMS: 6332K->6330K(6848K), 0.0165353 secs] 9082K->9082K(9920K), [Metaspace: 3748K->3748K(1056768K)], 0.0319949 secs] [Times: user=0.13 sys=0.00, real=0.03 secs] 
144.036: [GC (CMS Initial Mark) [1 CMS-initial-mark: 6330K(6848K)] 9082K(9920K), 0.0030346 secs] [Times: user=0.01 sys=0.00, real=0.00 secs] 
144.039: [CMS-concurrent-mark-start]
144.039: [GC (Allocation Failure) 144.039: [ParNew (promotion failed): 2751K->2997K(3072K), 0.0146350 secs]144.053: [CMS144.057: [CMS-concurrent-mark: 0.004/0.018 secs] [Times: user=0.11 sys=0.01, real=0.02 secs] 
 (concurrent mode failure): 6332K->6330K(6848K), 0.0203386 secs] 9082K->9082K(9920K), [Metaspace: 3748K->3748K(1056768K)], 0.0350465 secs] [Times: user=0.13 sys=0.01, real=0.04 secs] 
144.075: [GC (Allocation Failure) 144.075: [ParNew (promotion failed): 2751K->2997K(3072K), 0.0143294 secs]144.089: [CMS: 6332K->6330K(6848K), 0.0166084 secs] 9082K->9082K(9920K), [Metaspace: 3748K->3748K(1056768K)], 0.0310167 secs] [Times: user=0.12 sys=0.00, real=0.03 secs] 
144.106: [GC (CMS Initial Mark) [1 CMS-initial-mark: 6330K(6848K)] 9082K(9920K), 0.0030293 secs] [Times: user=0.01 sys=0.00, real=0.00 secs] 
144.109: [CMS-concurrent-mark-start]
144.110: [GC (Allocation Failure) 144.110: [ParNew (promotion failed): 2751K->2997K(3072K), 0.0223803 secs]144.132: [CMS144.135: [CMS-concurrent-mark: 0.003/0.026 secs] [Times: user=0.17 sys=0.00, real=0.03 secs] 
 (concurrent mode failure): 6332K->6330K(6848K), 0.0196701 secs] 9082K->9082K(9920K), [Metaspace: 3748K->3748K(1056768K)], 0.0421165 secs] [Times: user=0.19 sys=0.00, real=0.04 secs] 
144.152: [GC (Allocation Failure) 144.152: [ParNew (promotion failed): 2751K->2997K(3072K), 0.0205702 secs]144.173: [CMS: 6332K->6330K(6848K), 0.0164799 secs] 9082K->9082K(9920K), [Metaspace: 3748K->3748K(1056768K)], 0.0371074 secs] [Times: user=0.17 sys=0.00, real=0.04 secs] 
144.190: [GC (CMS Initial Mark) [1 CMS-initial-mark: 6330K(6848K)] 9082K(9920K), 0.0030417 secs] [Times: user=0.00 sys=0.00, real=0.00 secs] 
144.193: [CMS-concurrent-mark-start]
144.193: [GC (Allocation Failure) 144.193: [ParNew (promotion failed): 2751K->2997K(3072K), 0.0144986 secs]144.207: [CMS144.211: [CMS-concurrent-mark: 0.004/0.018 secs] [Times: user=0.12 sys=0.00, real=0.02 secs] 
 (concurrent mode failure): 6332K->6330K(6848K), 0.0201989 secs] 9082K->9082K(9920K), [Metaspace: 3748K->3748K(1056768K)], 0.0347562 secs] [Times: user=0.13 sys=0.00, real=0.03 secs] 
144.228: [GC (Allocation Failure) 144.228: [ParNew (promotion failed): 2751K->2997K(3072K), 0.0209125 secs]144.249: [CMS: 6332K->6330K(6848K), 0.0165287 secs] 9082K->9082K(9920K), [Metaspace: 3748K->3748K(1056768K)], 0.0375001 secs] [Times: user=0.18 sys=0.00, real=0.04 secs] 
144.266: [GC (CMS Initial Mark) [1 CMS-initial-mark: 6330K(6848K)] 9082K(9920K), 0.0030705 secs] [Times: user=0.00 sys=0.00, real=0.00 secs] 
144.269: [CMS-concurrent-mark-start]
144.269: [GC (Allocation Failure) 144.269: [ParNew (promotion failed): 2751K->2997K(3072K), 0.0156786 secs]144.285: [CMS144.288: [CMS-concurrent-mark: 0.004/0.019 secs] [Times: user=0.13 sys=0.00, real=0.02 secs] 
 (concurrent mode failure): 6332K->6330K(6848K), 0.0198747 secs] 9082K->9082K(9920K), [Metaspace: 3748K->3748K(1056768K)], 0.0356198 secs] [Times: user=0.14 sys=0.00, real=0.04 secs] 
144.305: [GC (Allocation Failure) 144.305: [ParNew (promotion failed): 2751K->2997K(3072K), 0.0171716 secs]144.322: [CMS: 6332K->6330K(6848K), 0.0165270 secs] 9082K->9082K(9920K), [Metaspace: 3748K->3748K(1056768K)], 0.0337700 secs] [Times: user=0.14 sys=0.00, real=0.03 secs] 
144.340: [GC (CMS Initial Mark) [1 CMS-initial-mark: 6330K(6848K)] 9082K(9920K), 0.0030439 secs] [Times: user=0.00 sys=0.00, real=0.00 secs] 
144.343: [CMS-concurrent-mark-start]
144.343: [GC (Allocation Failure) 144.343: [ParNew (promotion failed): 2751K->3022K(3072K), 0.0230700 secs]144.366: [CMS144.369: [CMS-concurrent-mark: 0.003/0.027 secs] [Times: user=0.18 sys=0.00, real=0.02 secs] 
 (concurrent mode failure): 6332K->6330K(6848K), 0.0199322 secs] 9082K->9082K(9920K), [Metaspace: 3748K->3748K(1056768K)], 0.0430707 secs] [Times: user=0.20 sys=0.00, real=0.04 secs] 
144.387: [GC (Allocation Failure) 144.387: [ParNew (promotion failed): 2751K->3046K(3072K), 0.0230412 secs]144.410: [CMS: 6332K->6330K(6848K), 0.0167908 secs] 9082K->9082K(9920K), [Metaspace: 3748K->3748K(1056768K)], 0.0399034 secs] [Times: user=0.19 sys=0.01, real=0.04 secs] 
144.427: [GC (CMS Initial Mark) [1 CMS-initial-mark: 6330K(6848K)] 9082K(9920K), 0.0030857 secs] [Times: user=0.00 sys=0.00, real=0.01 secs] 
144.430: [CMS-concurrent-mark-start]
144.430: [GC (Allocation Failure) 144.430: [ParNew (promotion failed): 2751K->2997K(3072K), 0.0138386 secs]144.444: [CMS144.448: [CMS-concurrent-mark: 0.004/0.017 secs] [Times: user=0.11 sys=0.00, real=0.01 secs] 
 (concurrent mode failure): 6332K->6330K(6848K), 0.0199156 secs] 9082K->9082K(9920K), [Metaspace: 3748K->3748K(1056768K)], 0.0338203 secs] [Times: user=0.12 sys=0.00, real=0.03 secs] 
144.465: [GC (Allocation Failure) 144.465: [ParNew (promotion failed): 2751K->2997K(3072K), 0.0186671 secs]144.483: [CMS: 6332K->6330K(6848K), 0.0175905 secs] 9082K->9082K(9920K), [Metaspace: 3748K->3748K(1056768K)], 0.0363429 secs] [Times: user=0.13 sys=0.00, real=0.04 secs] 
144.501: [GC (CMS Initial Mark) [1 CMS-initial-mark: 6330K(6848K)] 9082K(9920K), 0.0031808 secs] [Times: user=0.01 sys=0.00, real=0.00 secs] 
144.504: [CMS-concurrent-mark-start]
144.504: [GC (Allocation Failure) 144.505: [ParNew (promotion failed): 2751K->2997K(3072K), 0.0197870 secs]144.524: [CMS144.528: [CMS-concurrent-mark: 0.004/0.024 secs] [Times: user=0.14 sys=0.00, real=0.02 secs] 
 (concurrent mode failure): 6332K->6330K(6848K), 0.0208547 secs] 9082K->9082K(9920K), [Metaspace: 3748K->3748K(1056768K)], 0.0407194 secs] [Times: user=0.15 sys=0.00, real=0.04 secs] 
144.546: [GC (Allocation Failure) 144.546: [ParNew (promotion failed): 2751K->2997K(3072K), 0.0146342 secs]144.560: [CMS: 6332K->6330K(6848K), 0.0167822 secs] 9082K->9082K(9920K), [Metaspace: 3748K->3748K(1056768K)], 0.0314830 secs] [Times: user=0.12 sys=0.00, real=0.03 secs] 
144.578: [GC (CMS Initial Mark) [1 CMS-initial-mark: 6330K(6848K)] 9082K(9920K), 0.0031934 secs] [Times: user=0.01 sys=0.00, real=0.01 secs] 
144.581: [CMS-concurrent-mark-start]
144.581: [GC (Allocation Failure) 144.581: [ParNew (promotion failed): 2751K->2997K(3072K), 0.0229163 secs]144.604: [CMS144.607: [CMS-concurrent-mark: 0.004/0.027 secs] [Times: user=0.16 sys=0.00, real=0.02 secs] 
 (concurrent mode failure): 6332K->6330K(6848K), 0.0199557 secs] 9082K->9082K(9920K), [Metaspace: 3748K->3748K(1056768K)], 0.0429489 secs] [Times: user=0.18 sys=0.00, real=0.04 secs] 
144.625: [GC (Allocation Failure) 144.625: [ParNew (promotion failed): 2751K->2997K(3072K), 0.0251111 secs]144.650: [CMS: 6332K->6330K(6848K), 0.0165327 secs] 9082K->9082K(9920K), [Metaspace: 3748K->3748K(1056768K)], 0.0417200 secs] [Times: user=0.21 sys=0.00, real=0.04 secs] 
144.667: [GC (CMS Initial Mark) [1 CMS-initial-mark: 6330K(6848K)] 9082K(9920K), 0.0030885 secs] [Times: user=0.00 sys=0.00, real=0.01 secs] 
144.670: [CMS-concurrent-mark-start]
144.671: [GC (Allocation Failure) 144.671: [ParNew (promotion failed): 2751K->2997K(3072K), 0.0151640 secs]144.686: [CMS144.689: [CMS-concurrent-mark: 0.003/0.019 secs] [Times: user=0.12 sys=0.00, real=0.01 secs] 
 (concurrent mode failure): 6332K->6330K(6848K), 0.0194584 secs] 9082K->9082K(9920K), [Metaspace: 3748K->3748K(1056768K)], 0.0346830 secs] [Times: user=0.14 sys=0.00, real=0.03 secs] 
144.706: [GC (Allocation Failure) 144.706: [ParNew (promotion failed): 2751K->2997K(3072K), 0.0228068 secs]144.729: [CMS: 6332K->6330K(6848K), 0.0166429 secs] 9082K->9082K(9920K), [Metaspace: 3748K->3748K(1056768K)], 0.0395160 secs] [Times: user=0.19 sys=0.00, real=0.04 secs] 
144.746: [GC (CMS Initial Mark) [1 CMS-initial-mark: 6330K(6848K)] 9082K(9920K), 0.0030309 secs] [Times: user=0.00 sys=0.00, real=0.00 secs] 
144.749: [CMS-concurrent-mark-start]
144.749: [GC (Allocation Failure) 144.749: [ParNew (promotion failed): 2751K->3022K(3072K), 0.0148027 secs]144.764: [CMS144.767: [CMS-concurrent-mark: 0.004/0.018 secs] [Times: user=0.12 sys=0.01, real=0.02 secs] 
 (concurrent mode failure): 6332K->6330K(6848K), 0.0198466 secs] 9082K->9082K(9920K), [Metaspace: 3748K->3748K(1056768K)], 0.0347203 secs] [Times: user=0.13 sys=0.01, real=0.04 secs] 
144.784: [GC (Allocation Failure) 144.784: [ParNew (promotion failed): 2751K->3022K(3072K), 0.0159003 secs]144.800: [CMS: 6332K->6330K(6848K), 0.0164669 secs] 9082K->9082K(9920K), [Metaspace: 3748K->3748K(1056768K)], 0.0324309 secs] [Times: user=0.14 sys=0.00, real=0.03 secs] 
144.817: [GC (CMS Initial Mark) [1 CMS-initial-mark: 6330K(6848K)] 9082K(9920K), 0.0031623 secs] [Times: user=0.00 sys=0.00, real=0.01 secs] 
144.820: [CMS-concurrent-mark-start]
144.820: [GC (Allocation Failure) 144.820: [ParNew (promotion failed): 2751K->3046K(3072K), 0.0148679 secs]144.835: [CMS144.838: [CMS-concurrent-mark: 0.004/0.018 secs] [Times: user=0.12 sys=0.00, real=0.01 secs] 
 (concurrent mode failure): 6332K->6330K(6848K), 0.0200197 secs] 9082K->9082K(9920K), [Metaspace: 3748K->3748K(1056768K)], 0.0349661 secs] [Times: user=0.13 sys=0.00, real=0.03 secs] 
144.855: [GC (Allocation Failure) 144.855: [ParNew (promotion failed): 2751K->3022K(3072K), 0.0195899 secs]144.875: [CMS: 6332K->6330K(6848K), 0.0170328 secs] 9082K->9082K(9920K), [Metaspace: 3748K->3748K(1056768K)], 0.0367093 secs] [Times: user=0.15 sys=0.00, real=0.04 secs] 
144.893: [GC (CMS Initial Mark) [1 CMS-initial-mark: 6330K(6848K)] 9082K(9920K), 0.0030748 secs] [Times: user=0.00 sys=0.00, real=0.00 secs] 
144.896: [CMS-concurrent-mark-start]
144.896: [GC (Allocation Failure) 144.896: [ParNew (promotion failed): 2751K->3022K(3072K), 0.0151820 secs]144.911: [CMS144.915: [CMS-concurrent-mark: 0.003/0.019 secs] [Times: user=0.11 sys=0.00, real=0.02 secs] 
 (concurrent mode failure): 6332K->6330K(6848K), 0.0200816 secs] 9082K->9082K(9920K), [Metaspace: 3748K->3748K(1056768K)], 0.0353394 secs] [Times: user=0.13 sys=0.00, real=0.04 secs] 
144.932: [GC (Allocation Failure) 144.932: [ParNew (promotion failed): 2751K->3022K(3072K), 0.0167367 secs]144.949: [CMS: 6332K->6330K(6848K), 0.0167527 secs] 9082K->9082K(9920K), [Metaspace: 3748K->3748K(1056768K)], 0.0335662 secs] [Times: user=0.14 sys=0.00, real=0.03 secs] 
144.966: [GC (CMS Initial Mark) [1 CMS-initial-mark: 6330K(6848K)] 9082K(9920K), 0.0031116 secs] [Times: user=0.00 sys=0.00, real=0.01 secs] 
144.970: [CMS-concurrent-mark-start]
144.970: [GC (Allocation Failure) 144.970: [ParNew (promotion failed): 2751K->2997K(3072K), 0.0220361 secs]144.992: [CMS144.995: [CMS-concurrent-mark: 0.004/0.026 secs] [Times: user=0.17 sys=0.00, real=0.02 secs] 
 (concurrent mode failure): 6332K->6330K(6848K), 0.0200135 secs] 9082K->9082K(9920K), [Metaspace: 3748K->3748K(1056768K)], 0.0421343 secs] [Times: user=0.18 sys=0.00, real=0.04 secs] 
145.012: [GC (Allocation Failure) 145.012: [ParNew (promotion failed): 2751K->3022K(3072K), 0.0169323 secs]145.029: [CMS: 6332K->6330K(6848K), 0.0166209 secs] 9082K->9082K(9920K), [Metaspace: 3748K->3748K(1056768K)], 0.0336197 secs] [Times: user=0.14 sys=0.01, real=0.03 secs] 
145.046: [GC (CMS Initial Mark) [1 CMS-initial-mark: 6330K(6848K)] 9082K(9920K), 0.0031200 secs] [Times: user=0.00 sys=0.00, real=0.00 secs] 
145.049: [CMS-concurrent-mark-start]
145.049: [GC (Allocation Failure) 145.049: [ParNew (promotion failed): 2751K->2997K(3072K), 0.0175863 secs]145.067: [CMS145.070: [CMS-concurrent-mark: 0.004/0.021 secs] [Times: user=0.13 sys=0.00, real=0.03 secs] 
 (concurrent mode failure): 6332K->6330K(6848K), 0.0202487 secs] 9082K->9082K(9920K), [Metaspace: 3748K->3748K(1056768K)], 0.0379060 secs] [Times: user=0.14 sys=0.00, real=0.04 secs] 
145.088: [GC (Allocation Failure) 145.088: [ParNew (promotion failed): 2751K->3022K(3072K), 0.0204906 secs]145.108: [CMS: 6332K->6330K(6848K), 0.0166729 secs] 9082K->9082K(9920K), [Metaspace: 3748K->3748K(1056768K)], 0.0372346 secs] [Times: user=0.17 sys=0.00, real=0.04 secs] 
145.125: [GC (CMS Initial Mark) [1 CMS-initial-mark: 6330K(6848K)] 9082K(9920K), 0.0030597 secs] [Times: user=0.00 sys=0.00, real=0.00 secs] 
145.128: [CMS-concurrent-mark-start]
145.129: [GC (Allocation Failure) 145.129: [ParNew (promotion failed): 2751K->3022K(3072K), 0.0155791 secs]145.144: [CMS145.148: [CMS-concurrent-mark: 0.004/0.019 secs] [Times: user=0.11 sys=0.00, real=0.02 secs] 
 (concurrent mode failure): 6332K->6330K(6848K), 0.0203681 secs] 9082K->9082K(9920K), [Metaspace: 3748K->3748K(1056768K)], 0.0360162 secs] [Times: user=0.13 sys=0.00, real=0.04 secs] 
145.165: [GC (Allocation Failure) 145.165: [ParNew (promotion failed): 2751K->3046K(3072K), 0.0215548 secs]145.187: [CMS: 6332K->6330K(6848K), 0.0167218 secs] 9082K->9082K(9920K), [Metaspace: 3748K->3748K(1056768K)], 0.0383416 secs] [Times: user=0.17 sys=0.00, real=0.04 secs] 
145.204: [GC (CMS Initial Mark) [1 CMS-initial-mark: 6330K(6848K)] 9082K(9920K), 0.0030684 secs] [Times: user=0.00 sys=0.00, real=0.00 secs] 
145.207: [CMS-concurrent-mark-start]
145.208: [GC (Allocation Failure) 145.208: [ParNew (promotion failed): 2751K->2997K(3072K), 0.0245113 secs]145.232: [CMS145.235: [CMS-concurrent-mark: 0.004/0.028 secs] [Times: user=0.20 sys=0.00, real=0.03 secs] 
 (concurrent mode failure): 6332K->6330K(6848K), 0.0197814 secs] 9082K->9082K(9920K), [Metaspace: 3748K->3748K(1056768K)], 0.0443605 secs] [Times: user=0.20 sys=0.00, real=0.05 secs] 
145.253: [GC (Allocation Failure) 145.253: [ParNew (promotion failed): 2751K->3022K(3072K), 0.0182302 secs]145.271: [CMS: 6332K->6330K(6848K), 0.0164963 secs] 9082K->9082K(9920K), [Metaspace: 3748K->3748K(1056768K)], 0.0347887 secs] [Times: user=0.16 sys=0.01, real=0.03 secs] 
145.288: [GC (CMS Initial Mark) [1 CMS-initial-mark: 6330K(6848K)] 9082K(9920K), 0.0030609 secs] [Times: user=0.00 sys=0.00, real=0.01 secs] 
145.291: [CMS-concurrent-mark-start]
145.291: [GC (Allocation Failure) 145.291: [ParNew (promotion failed): 2751K->3022K(3072K), 0.0150220 secs]145.306: [CMS145.309: [CMS-concurrent-mark: 0.003/0.019 secs] [Times: user=0.12 sys=0.00, real=0.02 secs] 
 (concurrent mode failure): 6332K->6330K(6848K), 0.0200253 secs] 9082K->9082K(9920K), [Metaspace: 3748K->3748K(1056768K)], 0.0351128 secs] [Times: user=0.13 sys=0.00, real=0.03 secs] 
145.326: [GC (Allocation Failure) 145.326: [ParNew (promotion failed): 2751K->3022K(3072K), 0.0164067 secs]145.343: [CMS: 6332K->6330K(6848K), 0.0164325 secs] 9082K->9082K(9920K), [Metaspace: 3748K->3748K(1056768K)], 0.0328976 secs] [Times: user=0.14 sys=0.00, real=0.03 secs] 
145.360: [GC (CMS Initial Mark) [1 CMS-initial-mark: 6330K(6848K)] 9082K(9920K), 0.0030394 secs] [Times: user=0.01 sys=0.00, real=0.00 secs] 
145.363: [CMS-concurrent-mark-start]
145.363: [GC (Allocation Failure) 145.363: [ParNew (promotion failed): 2751K->3071K(3072K), 0.0164034 secs]145.379: [CMS145.383: [CMS-concurrent-mark: 0.003/0.020 secs] [Times: user=0.13 sys=0.00, real=0.02 secs] 
 (concurrent mode failure): 6332K->6330K(6848K), 0.0197602 secs] 9082K->9082K(9920K), [Metaspace: 3748K->3748K(1056768K)], 0.0362321 secs] [Times: user=0.14 sys=0.00, real=0.03 secs] 
145.399: [GC (Allocation Failure) 145.399: [ParNew (promotion failed): 2751K->3022K(3072K), 0.0159432 secs]145.415: [CMS: 6332K->6330K(6848K), 0.0167643 secs] 9082K->9082K(9920K), [Metaspace: 3748K->3748K(1056768K)], 0.0327765 secs] [Times: user=0.14 sys=0.00, real=0.03 secs] 
145.433: [GC (CMS Initial Mark) [1 CMS-initial-mark: 6330K(6848K)] 9082K(9920K), 0.0030688 secs] [Times: user=0.00 sys=0.00, real=0.00 secs] 
145.436: [CMS-concurrent-mark-start]
145.436: [GC (Allocation Failure) 145.436: [ParNew (promotion failed): 2751K->3022K(3072K), 0.0246920 secs]145.461: [CMS145.464: [CMS-concurrent-mark: 0.003/0.028 secs] [Times: user=0.19 sys=0.00, real=0.03 secs] 
 (concurrent mode failure): 6332K->6330K(6848K), 0.0201730 secs] 9082K->9082K(9920K), [Metaspace: 3748K->3748K(1056768K)], 0.0449300 secs] [Times: user=0.21 sys=0.00, real=0.05 secs] 
145.482: [GC (Allocation Failure) 145.482: [ParNew (promotion failed): 2751K->3022K(3072K), 0.0220398 secs]145.504: [CMS: 6332K->6330K(6848K), 0.0168995 secs] 9082K->9082K(9920K), [Metaspace: 3748K->3748K(1056768K)], 0.0390322 secs] [Times: user=0.16 sys=0.00, real=0.04 secs] 
145.521: [GC (CMS Initial Mark) [1 CMS-initial-mark: 6330K(6848K)] 9082K(9920K), 0.0030840 secs] [Times: user=0.01 sys=0.00, real=0.00 secs] 
145.524: [CMS-concurrent-mark-start]
145.525: [GC (Allocation Failure) 145.525: [ParNew (promotion failed): 2751K->3046K(3072K), 0.0145668 secs]145.539: [CMS145.543: [CMS-concurrent-mark: 0.004/0.018 secs] [Times: user=0.10 sys=0.00, real=0.02 secs] 
 (concurrent mode failure): 6332K->6330K(6848K), 0.0200919 secs] 9082K->9082K(9920K), [Metaspace: 3748K->3748K(1056768K)], 0.0347316 secs] [Times: user=0.12 sys=0.00, real=0.04 secs] 
145.560: [GC (Allocation Failure) 145.560: [ParNew (promotion failed): 2751K->3022K(3072K), 0.0144663 secs]145.574: [CMS: 6332K->6330K(6848K), 0.0167116 secs] 9082K->9082K(9920K), [Metaspace: 3748K->3748K(1056768K)], 0.0312533 secs] [Times: user=0.12 sys=0.01, real=0.03 secs] 
145.591: [GC (CMS Initial Mark) [1 CMS-initial-mark: 6330K(6848K)] 9082K(9920K), 0.0030913 secs] [Times: user=0.00 sys=0.00, real=0.00 secs] 
145.594: [CMS-concurrent-mark-start]
145.595: [GC (Allocation Failure) 145.595: [ParNew (promotion failed): 2751K->2997K(3072K), 0.0172957 secs]145.612: [CMS145.615: [CMS-concurrent-mark: 0.003/0.021 secs] [Times: user=0.13 sys=0.00, real=0.02 secs] 
 (concurrent mode failure): 6332K->6330K(6848K), 0.0199115 secs] 9082K->9082K(9920K), [Metaspace: 3748K->3748K(1056768K)], 0.0372648 secs] [Times: user=0.15 sys=0.00, real=0.04 secs] 
145.632: [GC (Allocation Failure) 145.632: [ParNew (promotion failed): 2751K->3022K(3072K), 0.0243981 secs]145.657: [CMS: 6332K->6330K(6848K), 0.0166987 secs] 9082K->9082K(9920K), [Metaspace: 3748K->3748K(1056768K)], 0.0411755 secs] [Times: user=0.19 sys=0.00, real=0.04 secs] 
145.674: [GC (CMS Initial Mark) [1 CMS-initial-mark: 6330K(6848K)] 9082K(9920K), 0.0030587 secs] [Times: user=0.01 sys=0.00, real=0.00 secs] 
145.677: [CMS-concurrent-mark-start]
145.677: [GC (Allocation Failure) 145.677: [ParNew (promotion failed): 2751K->2997K(3072K), 0.0160822 secs]145.693: [CMS145.697: [CMS-concurrent-mark: 0.004/0.020 secs] [Times: user=0.11 sys=0.00, real=0.02 secs] 
 (concurrent mode failure): 6332K->6330K(6848K), 0.0204440 secs] 9082K->9082K(9920K), [Metaspace: 3748K->3748K(1056768K)], 0.0365917 secs] [Times: user=0.12 sys=0.00, real=0.04 secs] 
145.714: [GC (Allocation Failure) 145.714: [ParNew (promotion failed): 2751K->3022K(3072K), 0.0237105 secs]145.738: [CMS: 6332K->6330K(6848K), 0.0167960 secs] 9082K->9082K(9920K), [Metaspace: 3748K->3748K(1056768K)], 0.0405901 secs] [Times: user=0.19 sys=0.00, real=0.04 secs] 
145.755: [GC (CMS Initial Mark) [1 CMS-initial-mark: 6330K(6848K)] 9082K(9920K), 0.0031108 secs] [Times: user=0.01 sys=0.00, real=0.00 secs] 
145.759: [CMS-concurrent-mark-start]
145.759: [GC (Allocation Failure) 145.759: [ParNew (promotion failed): 2751K->3022K(3072K), 0.0153572 secs]145.775: [CMS145.778: [CMS-concurrent-mark: 0.004/0.019 secs] [Times: user=0.11 sys=0.00, real=0.02 secs] 
 (concurrent mode failure): 6332K->6330K(6848K), 0.0197331 secs] 9082K->9082K(9920K), [Metaspace: 3748K->3748K(1056768K)], 0.0351591 secs] [Times: user=0.13 sys=0.00, real=0.04 secs] 
145.795: [GC (Allocation Failure) 145.795: [ParNew (promotion failed): 2751K->3022K(3072K), 0.0208795 secs]145.816: [CMS: 6332K->6330K(6848K), 0.0166857 secs] 9082K->9082K(9920K), [Metaspace: 3748K->3748K(1056768K)], 0.0376420 secs] [Times: user=0.17 sys=0.00, real=0.04 secs] 
145.833: [GC (CMS Initial Mark) [1 CMS-initial-mark: 6330K(6848K)] 9082K(9920K), 0.0030660 secs] [Times: user=0.00 sys=0.01, real=0.00 secs] 
145.836: [CMS-concurrent-mark-start]
145.836: [GC (Allocation Failure) 145.836: [ParNew (promotion failed): 2751K->2997K(3072K), 0.0154106 secs]145.851: [CMS145.855: [CMS-concurrent-mark: 0.003/0.019 secs] [Times: user=0.12 sys=0.00, real=0.02 secs] 
 (concurrent mode failure): 6332K->6330K(6848K), 0.0200130 secs] 9082K->9082K(9920K), [Metaspace: 3748K->3748K(1056768K)], 0.0354810 secs] [Times: user=0.14 sys=0.00, real=0.04 secs] 
145.872: [GC (Allocation Failure) 145.872: [ParNew (promotion failed): 2751K->3022K(3072K), 0.0222276 secs]145.894: [CMS: 6332K->6330K(6848K), 0.0165854 secs] 9082K->9082K(9920K), [Metaspace: 3748K->3748K(1056768K)], 0.0388817 secs] [Times: user=0.17 sys=0.00, real=0.04 secs] 
145.911: [GC (CMS Initial Mark) [1 CMS-initial-mark: 6330K(6848K)] 9082K(9920K), 0.0031015 secs] [Times: user=0.00 sys=0.00, real=0.00 secs] 
145.914: [CMS-concurrent-mark-start]
145.914: [GC (Allocation Failure) 145.914: [ParNew (promotion failed): 2751K->3022K(3072K), 0.0192953 secs]145.934: [CMS145.937: [CMS-concurrent-mark: 0.004/0.023 secs] [Times: user=0.15 sys=0.00, real=0.02 secs] 
 (concurrent mode failure): 6332K->6330K(6848K), 0.0198634 secs] 9082K->9082K(9920K), [Metaspace: 3748K->3748K(1056768K)], 0.0392176 secs] [Times: user=0.17 sys=0.00, real=0.04 secs] 
145.954: [GC (Allocation Failure) 145.954: [ParNew (promotion failed): 2751K->3022K(3072K), 0.0164799 secs]145.971: [CMS: 6332K->6330K(6848K), 0.0168209 secs] 9082K->9082K(9920K), [Metaspace: 3748K->3748K(1056768K)], 0.0333733 secs] [Times: user=0.14 sys=0.00, real=0.03 secs] 
145.988: [GC (CMS Initial Mark) [1 CMS-initial-mark: 6330K(6848K)] 9082K(9920K), 0.0030378 secs] [Times: user=0.00 sys=0.00, real=0.01 secs] 
145.991: [CMS-concurrent-mark-start]
145.991: [GC (Allocation Failure) 145.991: [ParNew (promotion failed): 2751K->3022K(3072K), 0.0208280 secs]146.012: [CMS146.016: [CMS-concurrent-mark: 0.003/0.024 secs] [Times: user=0.16 sys=0.00, real=0.02 secs] 
 (concurrent mode failure): 6332K->6330K(6848K), 0.0200095 secs] 9082K->9082K(9920K), [Metaspace: 3748K->3748K(1056768K)], 0.0409096 secs] [Times: user=0.18 sys=0.00, real=0.04 secs] 
146.033: [GC (Allocation Failure) 146.033: [ParNew (promotion failed): 2751K->3071K(3072K), 0.0150277 secs]146.048: [CMS: 6332K->6330K(6848K), 0.0166008 secs] 9082K->9082K(9920K), [Metaspace: 3748K->3748K(1056768K)], 0.0317013 secs] [Times: user=0.13 sys=0.00, real=0.03 secs] 
146.065: [GC (CMS Initial Mark) [1 CMS-initial-mark: 6330K(6848K)] 9082K(9920K), 0.0030946 secs] [Times: user=0.00 sys=0.00, real=0.00 secs] 
146.068: [CMS-concurrent-mark-start]
146.069: [GC (Allocation Failure) 146.069: [ParNew (promotion failed): 2751K->2997K(3072K), 0.0156780 secs]146.084: [CMS146.088: [CMS-concurrent-mark: 0.003/0.019 secs] [Times: user=0.12 sys=0.00, real=0.02 secs] 
 (concurrent mode failure): 6332K->6330K(6848K), 0.0196069 secs] 9082K->9082K(9920K), [Metaspace: 3748K->3748K(1056768K)], 0.0353474 secs] [Times: user=0.14 sys=0.00, real=0.04 secs] 
146.104: [GC (Allocation Failure) 146.104: [ParNew (promotion failed): 2751K->3022K(3072K), 0.0186087 secs]146.123: [CMS: 6332K->6330K(6848K), 0.0163911 secs] 9082K->9082K(9920K), [Metaspace: 3748K->3748K(1056768K)], 0.0350607 secs] [Times: user=0.16 sys=0.01, real=0.04 secs] 
146.140: [GC (CMS Initial Mark) [1 CMS-initial-mark: 6330K(6848K)] 9082K(9920K), 0.0030583 secs] [Times: user=0.00 sys=0.00, real=0.00 secs] 
146.143: [CMS-concurrent-mark-start]
146.143: [GC (Allocation Failure) 146.143: [ParNew (promotion failed): 2751K->2997K(3072K), 0.0217401 secs]146.164: [CMS146.168: [CMS-concurrent-mark: 0.003/0.025 secs] [Times: user=0.17 sys=0.00, real=0.02 secs] 
 (concurrent mode failure): 6332K->6330K(6848K), 0.0200913 secs] 9082K->9082K(9920K), [Metaspace: 3748K->3748K(1056768K)], 0.0419034 secs] [Times: user=0.19 sys=0.00, real=0.04 secs] 
146.185: [GC (Allocation Failure) 146.185: [ParNew (promotion failed): 2751K->3022K(3072K), 0.0160280 secs]146.201: [CMS: 6332K->6330K(6848K), 0.0166311 secs] 9082K->9082K(9920K), [Metaspace: 3748K->3748K(1056768K)], 0.0327265 secs] [Times: user=0.13 sys=0.00, real=0.03 secs] 
146.218: [GC (CMS Initial Mark) [1 CMS-initial-mark: 6330K(6848K)] 9082K(9920K), 0.0031335 secs] [Times: user=0.00 sys=0.00, real=0.01 secs] 
146.221: [CMS-concurrent-mark-start]
146.221: [GC (Allocation Failure) 146.221: [ParNew (promotion failed): 2751K->3022K(3072K), 0.0230346 secs]146.245: [CMS146.248: [CMS-concurrent-mark: 0.003/0.027 secs] [Times: user=0.17 sys=0.00, real=0.02 secs] 
 (concurrent mode failure): 6332K->6330K(6848K), 0.0200794 secs] 9082K->9082K(9920K), [Metaspace: 3748K->3748K(1056768K)], 0.0431839 secs] [Times: user=0.18 sys=0.00, real=0.04 secs] 
146.265: [GC (Allocation Failure) 146.265: [ParNew (promotion failed): 2751K->2997K(3072K), 0.0216736 secs]146.287: [CMS: 6332K->6330K(6848K), 0.0166619 secs] 9082K->9082K(9920K), [Metaspace: 3748K->3748K(1056768K)], 0.0384075 secs] [Times: user=0.17 sys=0.00, real=0.04 secs] 
146.304: [GC (CMS Initial Mark) [1 CMS-initial-mark: 6330K(6848K)] 9082K(9920K), 0.0031017 secs] [Times: user=0.00 sys=0.00, real=0.00 secs] 
146.307: [CMS-concurrent-mark-start]
146.308: [GC (Allocation Failure) 146.308: [ParNew (promotion failed): 2751K->2997K(3072K), 0.0221565 secs]146.330: [CMS146.333: [CMS-concurrent-mark: 0.003/0.026 secs] [Times: user=0.17 sys=0.00, real=0.03 secs] 
 (concurrent mode failure): 6332K->6330K(6848K), 0.0197313 secs] 9082K->9082K(9920K), [Metaspace: 3748K->3748K(1056768K)], 0.0419639 secs] [Times: user=0.18 sys=0.00, real=0.05 secs] 
146.351: [GC (Allocation Failure) 146.351: [ParNew (promotion failed): 2751K->3022K(3072K), 0.0171153 secs]146.368: [CMS: 6332K->6330K(6848K), 0.0166122 secs] 9082K->9082K(9920K), [Metaspace: 3748K->3748K(1056768K)], 0.0337920 secs] [Times: user=0.14 sys=0.00, real=0.03 secs] 
146.385: [GC (CMS Initial Mark) [1 CMS-initial-mark: 6330K(6848K)] 9082K(9920K), 0.0031025 secs] [Times: user=0.00 sys=0.00, real=0.00 secs] 
146.388: [CMS-concurrent-mark-start]
146.388: [GC (Allocation Failure) 146.388: [ParNew (promotion failed): 2751K->2997K(3072K), 0.0144639 secs]146.402: [CMS146.406: [CMS-concurrent-mark: 0.003/0.018 secs] [Times: user=0.11 sys=0.00, real=0.02 secs] 
 (concurrent mode failure): 6332K->6330K(6848K), 0.0200462 secs] 9082K->9082K(9920K), [Metaspace: 3748K->3748K(1056768K)], 0.0345688 secs] [Times: user=0.13 sys=0.00, real=0.04 secs] 
146.423: [GC (Allocation Failure) 146.423: [ParNew (promotion failed): 2751K->2997K(3072K), 0.0170798 secs]146.440: [CMS: 6332K->6330K(6848K), 0.0166225 secs] 9082K->9082K(9920K), [Metaspace: 3748K->3748K(1056768K)], 0.0337769 secs] [Times: user=0.14 sys=0.01, real=0.03 secs] 
146.457: [GC (CMS Initial Mark) [1 CMS-initial-mark: 6330K(6848K)] 9082K(9920K), 0.0030779 secs] [Times: user=0.00 sys=0.00, real=0.01 secs] 
146.460: [CMS-concurrent-mark-start]
146.460: [GC (Allocation Failure) 146.460: [ParNew (promotion failed): 2751K->3022K(3072K), 0.0189694 secs]146.479: [CMS146.483: [CMS-concurrent-mark: 0.004/0.023 secs] [Times: user=0.14 sys=0.00, real=0.02 secs] 
 (concurrent mode failure): 6332K->6330K(6848K), 0.0201729 secs] 9082K->9082K(9920K), [Metaspace: 3748K->3748K(1056768K)], 0.0392161 secs] [Times: user=0.16 sys=0.00, real=0.03 secs] 
146.500: [GC (Allocation Failure) 146.500: [ParNew (promotion failed): 2751K->2997K(3072K), 0.0159330 secs]146.516: [CMS: 6332K->6330K(6848K), 0.0181479 secs] 9082K->9082K(9920K), [Metaspace: 3748K->3748K(1056768K)], 0.0341697 secs] [Times: user=0.12 sys=0.00, real=0.03 secs] 
146.535: [GC (CMS Initial Mark) [1 CMS-initial-mark: 6330K(6848K)] 9082K(9920K), 0.0031718 secs] [Times: user=0.00 sys=0.00, real=0.00 secs] 
146.538: [CMS-concurrent-mark-start]
146.538: [GC (Allocation Failure) 146.538: [ParNew (promotion failed): 2751K->3022K(3072K), 0.0226082 secs]146.561: [CMS146.564: [CMS-concurrent-mark: 0.004/0.026 secs] [Times: user=0.17 sys=0.00, real=0.03 secs] 
 (concurrent mode failure): 6332K->6330K(6848K), 0.0203754 secs] 9082K->9082K(9920K), [Metaspace: 3748K->3748K(1056768K)], 0.0430635 secs] [Times: user=0.19 sys=0.00, real=0.05 secs] 
146.582: [GC (Allocation Failure) 146.582: [ParNew (promotion failed): 2751K->2997K(3072K), 0.0174622 secs]146.599: [CMS: 6332K->6330K(6848K), 0.0167324 secs] 9082K->9082K(9920K), [Metaspace: 3748K->3748K(1056768K)], 0.0342718 secs] [Times: user=0.14 sys=0.00, real=0.03 secs] 
146.617: [GC (CMS Initial Mark) [1 CMS-initial-mark: 6330K(6848K)] 9082K(9920K), 0.0030788 secs] [Times: user=0.01 sys=0.00, real=0.01 secs] 
146.620: [CMS-concurrent-mark-start]
146.620: [GC (Allocation Failure) 146.620: [ParNew (promotion failed): 2751K->3022K(3072K), 0.0213715 secs]146.642: [CMS146.645: [CMS-concurrent-mark: 0.003/0.025 secs] [Times: user=0.16 sys=0.00, real=0.02 secs] 
 (concurrent mode failure): 6332K->6330K(6848K), 0.0197537 secs] 9082K->9082K(9920K), [Metaspace: 3748K->3748K(1056768K)], 0.0412005 secs] [Times: user=0.17 sys=0.00, real=0.04 secs] 
146.662: [GC (Allocation Failure) 146.662: [ParNew (promotion failed): 2751K->2997K(3072K), 0.0155717 secs]146.677: [CMS: 6332K->6330K(6848K), 0.0165835 secs] 9082K->9082K(9920K), [Metaspace: 3748K->3748K(1056768K)], 0.0322333 secs] [Times: user=0.13 sys=0.00, real=0.03 secs] 
146.694: [GC (CMS Initial Mark) [1 CMS-initial-mark: 6330K(6848K)] 9082K(9920K), 0.0030771 secs] [Times: user=0.01 sys=0.00, real=0.00 secs] 
146.697: [CMS-concurrent-mark-start]
146.697: [GC (Allocation Failure) 146.697: [ParNew (promotion failed): 2751K->3022K(3072K), 0.0220550 secs]146.719: [CMS146.723: [CMS-concurrent-mark: 0.003/0.026 secs] [Times: user=0.17 sys=0.00, real=0.03 secs] 
 (concurrent mode failure): 6332K->6330K(6848K), 0.0199569 secs] 9082K->9082K(9920K), [Metaspace: 3748K->3748K(1056768K)], 0.0420728 secs] [Times: user=0.18 sys=0.00, real=0.04 secs] 
146.740: [GC (Allocation Failure) 146.740: [ParNew (promotion failed): 2751K->3022K(3072K), 0.0182725 secs]146.758: [CMS: 6332K->6330K(6848K), 0.0164850 secs] 9082K->9082K(9920K), [Metaspace: 3748K->3748K(1056768K)], 0.0348274 secs] [Times: user=0.16 sys=0.00, real=0.03 secs] 
146.775: [GC (CMS Initial Mark) [1 CMS-initial-mark: 6330K(6848K)] 9082K(9920K), 0.0030700 secs] [Times: user=0.00 sys=0.00, real=0.00 secs] 
146.778: [CMS-concurrent-mark-start]
146.778: [GC (Allocation Failure) 146.778: [ParNew (promotion failed): 2751K->2997K(3072K), 0.0159803 secs]146.794: [CMS146.798: [CMS-concurrent-mark: 0.004/0.020 secs] [Times: user=0.12 sys=0.00, real=0.02 secs] 
 (concurrent mode failure): 6332K->6330K(6848K), 0.0202450 secs] 9082K->9082K(9920K), [Metaspace: 3748K->3748K(1056768K)], 0.0363010 secs] [Times: user=0.14 sys=0.00, real=0.04 secs] 
146.815: [GC (Allocation Failure) 146.815: [ParNew (promotion failed): 2751K->3022K(3072K), 0.0223575 secs]146.838: [CMS: 6332K->6330K(6848K), 0.0166676 secs] 9082K->9082K(9920K), [Metaspace: 3748K->3748K(1056768K)], 0.0390977 secs] [Times: user=0.18 sys=0.00, real=0.04 secs] 
146.855: [GC (CMS Initial Mark) [1 CMS-initial-mark: 6330K(6848K)] 9082K(9920K), 0.0031065 secs] [Times: user=0.00 sys=0.00, real=0.00 secs] 
146.858: [CMS-concurrent-mark-start]
146.859: [GC (Allocation Failure) 146.859: [ParNew (promotion failed): 2751K->3022K(3072K), 0.0170640 secs]146.876: [CMS146.879: [CMS-concurrent-mark: 0.004/0.021 secs] [Times: user=0.13 sys=0.00, real=0.02 secs] 
 (concurrent mode failure): 6332K->6330K(6848K), 0.0197658 secs] 9082K->9082K(9920K), [Metaspace: 3748K->3748K(1056768K)], 0.0368981 secs] [Times: user=0.15 sys=0.00, real=0.04 secs] 
146.896: [GC (Allocation Failure) 146.896: [ParNew (promotion failed): 2751K->3022K(3072K), 0.0170772 secs]146.913: [CMS: 6332K->6330K(6848K), 0.0167608 secs] 9082K->9082K(9920K), [Metaspace: 3748K->3748K(1056768K)], 0.0339033 secs] [Times: user=0.14 sys=0.00, real=0.04 secs] 
146.930: [GC (CMS Initial Mark) [1 CMS-initial-mark: 6330K(6848K)] 9082K(9920K), 0.0030880 secs] [Times: user=0.00 sys=0.00, real=0.00 secs] 
146.933: [CMS-concurrent-mark-start]
146.933: [GC (Allocation Failure) 146.933: [ParNew (promotion failed): 2751K->2997K(3072K), 0.0163247 secs]146.950: [CMS146.953: [CMS-concurrent-mark: 0.003/0.020 secs] [Times: user=0.12 sys=0.00, real=0.02 secs] 
 (concurrent mode failure): 6332K->6330K(6848K), 0.0201603 secs] 9082K->9082K(9920K), [Metaspace: 3748K->3748K(1056768K)], 0.0365473 secs] [Times: user=0.14 sys=0.00, real=0.04 secs] 
146.970: [GC (Allocation Failure) 146.970: [ParNew (promotion failed): 2751K->2997K(3072K), 0.0231969 secs]146.993: [CMS: 6332K->6330K(6848K), 0.0166140 secs] 9082K->9082K(9920K), [Metaspace: 3748K->3748K(1056768K)], 0.0398705 secs] [Times: user=0.19 sys=0.01, real=0.04 secs] 
147.010: [GC (CMS Initial Mark) [1 CMS-initial-mark: 6330K(6848K)] 9082K(9920K), 0.0030743 secs] [Times: user=0.00 sys=0.00, real=0.00 secs] 
147.014: [CMS-concurrent-mark-start]
147.014: [GC (Allocation Failure) 147.014: [ParNew (promotion failed): 2751K->2997K(3072K), 0.0159731 secs]147.030: [CMS147.033: [CMS-concurrent-mark: 0.004/0.020 secs] [Times: user=0.12 sys=0.00, real=0.02 secs] 
 (concurrent mode failure): 6332K->6330K(6848K), 0.0201587 secs] 9082K->9082K(9920K), [Metaspace: 3748K->3748K(1056768K)], 0.0361967 secs] [Times: user=0.14 sys=0.00, real=0.04 secs] 
147.050: [GC (Allocation Failure) 147.050: [ParNew (promotion failed): 2751K->3071K(3072K), 0.0225486 secs]147.073: [CMS: 6332K->6330K(6848K), 0.0168702 secs] 9082K->9082K(9920K), [Metaspace: 3748K->3748K(1056768K)], 0.0394902 secs] [Times: user=0.18 sys=0.00, real=0.04 secs] 
147.091: [GC (CMS Initial Mark) [1 CMS-initial-mark: 6330K(6848K)] 9082K(9920K), 0.0030887 secs] [Times: user=0.01 sys=0.00, real=0.00 secs] 
147.094: [CMS-concurrent-mark-start]
147.094: [GC (Allocation Failure) 147.094: [ParNew (promotion failed): 2751K->2997K(3072K), 0.0179178 secs]147.112: [CMS147.115: [CMS-concurrent-mark: 0.004/0.022 secs] [Times: user=0.13 sys=0.00, real=0.02 secs] 
 (concurrent mode failure): 6332K->6330K(6848K), 0.0202893 secs] 9082K->9082K(9920K), [Metaspace: 3748K->3748K(1056768K)], 0.0382838 secs] [Times: user=0.15 sys=0.00, real=0.04 secs] 
147.133: [GC (Allocation Failure) 147.133: [ParNew (promotion failed): 2751K->3022K(3072K), 0.0155043 secs]147.148: [CMS: 6332K->6330K(6848K), 0.0166376 secs] 9082K->9082K(9920K), [Metaspace: 3748K->3748K(1056768K)], 0.0322238 secs] [Times: user=0.13 sys=0.00, real=0.03 secs] 
147.166: [GC (CMS Initial Mark) [1 CMS-initial-mark: 6330K(6848K)] 9082K(9920K), 0.0030635 secs] [Times: user=0.00 sys=0.00, real=0.00 secs] 
147.169: [CMS-concurrent-mark-start]
147.169: [GC (Allocation Failure) 147.169: [ParNew (promotion failed): 2751K->3022K(3072K), 0.0172892 secs]147.186: [CMS147.190: [CMS-concurrent-mark: 0.004/0.021 secs] [Times: user=0.13 sys=0.00, real=0.03 secs] 
 (concurrent mode failure): 6332K->6330K(6848K), 0.0200633 secs] 9082K->9082K(9920K), [Metaspace: 3748K->3748K(1056768K)], 0.0374254 secs] [Times: user=0.15 sys=0.00, real=0.04 secs] 
147.207: [GC (Allocation Failure) 147.207: [ParNew (promotion failed): 2751K->3022K(3072K), 0.0176621 secs]147.225: [CMS: 6332K->6330K(6848K), 0.0166901 secs] 9082K->9082K(9920K), [Metaspace: 3748K->3748K(1056768K)], 0.0344356 secs] [Times: user=0.14 sys=0.00, real=0.04 secs] 
147.241: [GC (CMS Initial Mark) [1 CMS-initial-mark: 6330K(6848K)] 9082K(9920K), 0.0030757 secs] [Times: user=0.00 sys=0.00, real=0.00 secs] 
147.245: [CMS-concurrent-mark-start]
147.245: [GC (Allocation Failure) 147.245: [ParNew (promotion failed): 2751K->2997K(3072K), 0.0207650 secs]147.265: [CMS147.269: [CMS-concurrent-mark: 0.004/0.024 secs] [Times: user=0.16 sys=0.01, real=0.02 secs] 
 (concurrent mode failure): 6332K->6330K(6848K), 0.0199794 secs] 9082K->9082K(9920K), [Metaspace: 3748K->3748K(1056768K)], 0.0408077 secs] [Times: user=0.18 sys=0.00, real=0.04 secs] 
147.286: [GC (Allocation Failure) 147.286: [ParNew (promotion failed): 2751K->2997K(3072K), 0.0181719 secs]147.304: [CMS: 6332K->6330K(6848K), 0.0166558 secs] 9082K->9082K(9920K), [Metaspace: 3748K->3748K(1056768K)], 0.0348920 secs] [Times: user=0.14 sys=0.00, real=0.04 secs] 
147.321: [GC (CMS Initial Mark) [1 CMS-initial-mark: 6330K(6848K)] 9082K(9920K), 0.0030578 secs] [Times: user=0.01 sys=0.00, real=0.00 secs] 
147.324: [CMS-concurrent-mark-start]
147.324: [GC (Allocation Failure) 147.324: [ParNew (promotion failed): 2751K->2997K(3072K), 0.0166755 secs]147.341: [CMS147.345: [CMS-concurrent-mark: 0.004/0.020 secs] [Times: user=0.12 sys=0.00, real=0.02 secs] 
 (concurrent mode failure): 6332K->6330K(6848K), 0.0203700 secs] 9082K->9082K(9920K), [Metaspace: 3748K->3748K(1056768K)], 0.0371141 secs] [Times: user=0.14 sys=0.00, real=0.04 secs] 
147.362: [GC (Allocation Failure) 147.362: [ParNew (promotion failed): 2751K->3022K(3072K), 0.0155866 secs]147.378: [CMS: 6332K->6330K(6848K), 0.0168631 secs] 9082K->9082K(9920K), [Metaspace: 3748K->3748K(1056768K)], 0.0325292 secs] [Times: user=0.12 sys=0.00, real=0.03 secs] 
147.395: [GC (CMS Initial Mark) [1 CMS-initial-mark: 6330K(6848K)] 9082K(9920K), 0.0030656 secs] [Times: user=0.01 sys=0.00, real=0.00 secs] 
147.398: [CMS-concurrent-mark-start]
147.399: [GC (Allocation Failure) 147.399: [ParNew (promotion failed): 2751K->3022K(3072K), 0.0178245 secs]147.417: [CMS147.420: [CMS-concurrent-mark: 0.004/0.022 secs] [Times: user=0.13 sys=0.00, real=0.03 secs] 
 (concurrent mode failure): 6332K->6330K(6848K), 0.0197069 secs] 9082K->9082K(9920K), [Metaspace: 3748K->3748K(1056768K)], 0.0375947 secs] [Times: user=0.15 sys=0.00, real=0.04 secs] 
147.437: [GC (Allocation Failure) 147.437: [ParNew (promotion failed): 2751K->3022K(3072K), 0.0125251 secs]147.450: [CMS: 6332K->6330K(6848K), 0.0168289 secs] 9082K->9082K(9920K), [Metaspace: 3748K->3748K(1056768K)], 0.0294161 secs] [Times: user=0.09 sys=0.00, real=0.03 secs] 
147.467: [GC (CMS Initial Mark) [1 CMS-initial-mark: 6330K(6848K)] 9082K(9920K), 0.0030645 secs] [Times: user=0.01 sys=0.00, real=0.01 secs] 
147.470: [CMS-concurrent-mark-start]
147.470: [GC (Allocation Failure) 147.470: [ParNew (promotion failed): 2751K->3022K(3072K), 0.0169592 secs]147.487: [CMS147.490: [CMS-concurrent-mark: 0.004/0.021 secs] [Times: user=0.13 sys=0.01, real=0.02 secs] 
 (concurrent mode failure): 6332K->6330K(6848K), 0.0207168 secs] 9082K->9082K(9920K), [Metaspace: 3748K->3748K(1056768K)], 0.0377400 secs] [Times: user=0.14 sys=0.01, real=0.03 secs] 
147.508: [GC (Allocation Failure) 147.508: [ParNew (promotion failed): 2751K->2997K(3072K), 0.0154264 secs]147.523: [CMS: 6332K->6330K(6848K), 0.0175667 secs] 9082K->9082K(9920K), [Metaspace: 3748K->3748K(1056768K)], 0.0330795 secs] [Times: user=0.12 sys=0.00, real=0.04 secs] 
147.541: [GC (CMS Initial Mark) [1 CMS-initial-mark: 6330K(6848K)] 9082K(9920K), 0.0030911 secs] [Times: user=0.00 sys=0.00, real=0.00 secs] 
147.544: [CMS-concurrent-mark-start]
147.545: [GC (Allocation Failure) 147.545: [ParNew (promotion failed): 2751K->3022K(3072K), 0.0208509 secs]147.566: [CMS147.569: [CMS-concurrent-mark: 0.004/0.024 secs] [Times: user=0.15 sys=0.00, real=0.02 secs] 
 (concurrent mode failure): 6332K->6330K(6848K), 0.0202260 secs] 9082K->9082K(9920K), [Metaspace: 3748K->3748K(1056768K)], 0.0411508 secs] [Times: user=0.16 sys=0.00, real=0.04 secs] 
147.586: [GC (Allocation Failure) 147.586: [ParNew (promotion failed): 2751K->3022K(3072K), 0.0193435 secs]147.606: [CMS: 6332K->6330K(6848K), 0.0168008 secs] 9082K->9082K(9920K), [Metaspace: 3748K->3748K(1056768K)], 0.0362268 secs] [Times: user=0.16 sys=0.00, real=0.04 secs] 
147.623: [GC (CMS Initial Mark) [1 CMS-initial-mark: 6330K(6848K)] 9082K(9920K), 0.0031087 secs] [Times: user=0.01 sys=0.00, real=0.00 secs] 
147.626: [CMS-concurrent-mark-start]
147.626: [GC (Allocation Failure) 147.626: [ParNew (promotion failed): 2751K->2997K(3072K), 0.0214361 secs]147.648: [CMS147.651: [CMS-concurrent-mark: 0.003/0.025 secs] [Times: user=0.16 sys=0.00, real=0.03 secs] 
 (concurrent mode failure): 6332K->6330K(6848K), 0.0203713 secs] 9082K->9082K(9920K), [Metaspace: 3748K->3748K(1056768K)], 0.0418842 secs] [Times: user=0.17 sys=0.00, real=0.04 secs] 
147.669: [GC (Allocation Failure) 147.669: [ParNew (promotion failed): 2751K->2997K(3072K), 0.0235965 secs]147.693: [CMS: 6332K->6330K(6848K), 0.0165049 secs] 9082K->9082K(9920K), [Metaspace: 3748K->3748K(1056768K)], 0.0401760 secs] [Times: user=0.19 sys=0.00, real=0.04 secs] 
147.710: [GC (CMS Initial Mark) [1 CMS-initial-mark: 6330K(6848K)] 9082K(9920K), 0.0030853 secs] [Times: user=0.00 sys=0.00, real=0.00 secs] 
147.713: [CMS-concurrent-mark-start]
147.713: [GC (Allocation Failure) 147.713: [ParNew (promotion failed): 2751K->2997K(3072K), 0.0183508 secs]147.732: [CMS147.735: [CMS-concurrent-mark: 0.003/0.022 secs] [Times: user=0.15 sys=0.00, real=0.02 secs] 
 (concurrent mode failure): 6332K->6330K(6848K), 0.0197458 secs] 9082K->9082K(9920K), [Metaspace: 3748K->3748K(1056768K)], 0.0381657 secs] [Times: user=0.16 sys=0.00, real=0.04 secs] 
147.752: [GC (Allocation Failure) 147.752: [ParNew (promotion failed): 2751K->2997K(3072K), 0.0228624 secs]147.775: [CMS: 6332K->6330K(6848K), 0.0165091 secs] 9082K->9082K(9920K), [Metaspace: 3748K->3748K(1056768K)], 0.0394436 secs] [Times: user=0.19 sys=0.00, real=0.04 secs] 
147.791: [GC (CMS Initial Mark) [1 CMS-initial-mark: 6330K(6848K)] 9082K(9920K), 0.0030479 secs] [Times: user=0.00 sys=0.00, real=0.00 secs] 
147.794: [CMS-concurrent-mark-start]
147.794: [GC (Allocation Failure) 147.794: [ParNew (promotion failed): 2751K->3022K(3072K), 0.0147037 secs]147.809: [CMS147.813: [CMS-concurrent-mark: 0.003/0.018 secs] [Times: user=0.12 sys=0.00, real=0.02 secs] 
 (concurrent mode failure): 6332K->6330K(6848K), 0.0200176 secs] 9082K->9082K(9920K), [Metaspace: 3748K->3748K(1056768K)], 0.0347865 secs] [Times: user=0.14 sys=0.00, real=0.03 secs] 
147.830: [GC (Allocation Failure) 147.830: [ParNew (promotion failed): 2751K->2997K(3072K), 0.0163926 secs]147.846: [CMS: 6332K->6330K(6848K), 0.0164900 secs] 9082K->9082K(9920K), [Metaspace: 3748K->3748K(1056768K)], 0.0329437 secs] [Times: user=0.14 sys=0.00, real=0.03 secs] 
147.863: [GC (CMS Initial Mark) [1 CMS-initial-mark: 6330K(6848K)] 9082K(9920K), 0.0030848 secs] [Times: user=0.00 sys=0.00, real=0.00 secs] 
147.866: [CMS-concurrent-mark-start]
147.866: [GC (Allocation Failure) 147.866: [ParNew (promotion failed): 2751K->2997K(3072K), 0.0221938 secs]147.888: [CMS147.892: [CMS-concurrent-mark: 0.004/0.026 secs] [Times: user=0.16 sys=0.00, real=0.03 secs] 
 (concurrent mode failure): 6332K->6330K(6848K), 0.0199599 secs] 9082K->9082K(9920K), [Metaspace: 3748K->3748K(1056768K)], 0.0422213 secs] [Times: user=0.18 sys=0.00, real=0.04 secs] 
147.909: [GC (Allocation Failure) 147.909: [ParNew (promotion failed): 2751K->3022K(3072K), 0.0161822 secs]147.925: [CMS: 6332K->6330K(6848K), 0.0165981 secs] 9082K->9082K(9920K), [Metaspace: 3748K->3748K(1056768K)], 0.0328587 secs] [Times: user=0.13 sys=0.00, real=0.04 secs] 
147.943: [GC (CMS Initial Mark) [1 CMS-initial-mark: 6330K(6848K)] 9082K(9920K), 0.0030900 secs] [Times: user=0.01 sys=0.00, real=0.00 secs] 
147.946: [CMS-concurrent-mark-start]
147.946: [GC (Allocation Failure) 147.946: [ParNew (promotion failed): 2751K->2997K(3072K), 0.0143472 secs]147.961: [CMS147.964: [CMS-concurrent-mark: 0.003/0.018 secs] [Times: user=0.11 sys=0.00, real=0.02 secs] 
 (concurrent mode failure): 6332K->6330K(6848K), 0.0194350 secs] 9082K->9082K(9920K), [Metaspace: 3748K->3748K(1056768K)], 0.0338535 secs] [Times: user=0.12 sys=0.00, real=0.04 secs] 
147.981: [GC (Allocation Failure) 147.981: [ParNew (promotion failed): 2751K->2997K(3072K), 0.0195512 secs]148.000: [CMS: 6332K->6330K(6848K), 0.0166572 secs] 9082K->9082K(9920K), [Metaspace: 3748K->3748K(1056768K)], 0.0362733 secs] [Times: user=0.16 sys=0.00, real=0.03 secs] 
148.017: [GC (CMS Initial Mark) [1 CMS-initial-mark: 6330K(6848K)] 9082K(9920K), 0.0030721 secs] [Times: user=0.01 sys=0.00, real=0.01 secs] 
148.020: [CMS-concurrent-mark-start]
148.020: [GC (Allocation Failure) 148.020: [ParNew (promotion failed): 2751K->3022K(3072K), 0.0177887 secs]148.038: [CMS148.042: [CMS-concurrent-mark: 0.003/0.021 secs] [Times: user=0.12 sys=0.00, real=0.02 secs] 
 (concurrent mode failure): 6332K->6330K(6848K), 0.0201327 secs] 9082K->9082K(9920K), [Metaspace: 3748K->3748K(1056768K)], 0.0379855 secs] [Times: user=0.14 sys=0.00, real=0.03 secs] 
148.059: [GC (Allocation Failure) 148.059: [ParNew (promotion failed): 2751K->3071K(3072K), 0.0151763 secs]148.074: [CMS: 6332K->6330K(6848K), 0.0165995 secs] 9082K->9082K(9920K), [Metaspace: 3748K->3748K(1056768K)], 0.0318380 secs] [Times: user=0.13 sys=0.00, real=0.04 secs] 
148.091: [GC (CMS Initial Mark) [1 CMS-initial-mark: 6330K(6848K)] 9082K(9920K), 0.0030637 secs] [Times: user=0.00 sys=0.00, real=0.00 secs] 
148.094: [CMS-concurrent-mark-start]
148.094: [GC (Allocation Failure) 148.094: [ParNew (promotion failed): 2751K->2997K(3072K), 0.0154673 secs]148.110: [CMS148.113: [CMS-concurrent-mark: 0.004/0.019 secs] [Times: user=0.12 sys=0.01, real=0.02 secs] 
 (concurrent mode failure): 6332K->6330K(6848K), 0.0200242 secs] 9082K->9082K(9920K), [Metaspace: 3748K->3748K(1056768K)], 0.0355584 secs] [Times: user=0.14 sys=0.01, real=0.04 secs] 
148.130: [GC (Allocation Failure) 148.130: [ParNew (promotion failed): 2751K->3071K(3072K), 0.0155373 secs]148.146: [CMS: 6332K->6330K(6848K), 0.0168577 secs] 9082K->9082K(9920K), [Metaspace: 3748K->3748K(1056768K)], 0.0324593 secs] [Times: user=0.13 sys=0.00, real=0.03 secs] 
148.163: [GC (CMS Initial Mark) [1 CMS-initial-mark: 6330K(6848K)] 9082K(9920K), 0.0030975 secs] [Times: user=0.01 sys=0.00, real=0.00 secs] 
148.167: [CMS-concurrent-mark-start]
148.167: [GC (Allocation Failure) 148.167: [ParNew (promotion failed): 2751K->3022K(3072K), 0.0164318 secs]148.183: [CMS148.187: [CMS-concurrent-mark: 0.003/0.020 secs] [Times: user=0.13 sys=0.00, real=0.02 secs] 
 (concurrent mode failure): 6332K->6330K(6848K), 0.0200979 secs] 9082K->9082K(9920K), [Metaspace: 3748K->3748K(1056768K)], 0.0366033 secs] [Times: user=0.14 sys=0.00, real=0.04 secs] 
148.204: [GC (Allocation Failure) 148.204: [ParNew (promotion failed): 2751K->3022K(3072K), 0.0144788 secs]148.219: [CMS: 6332K->6330K(6848K), 0.0167708 secs] 9082K->9082K(9920K), [Metaspace: 3748K->3748K(1056768K)], 0.0313177 secs] [Times: user=0.12 sys=0.00, real=0.03 secs] 
148.236: [GC (CMS Initial Mark) [1 CMS-initial-mark: 6330K(6848K)] 9082K(9920K), 0.0030745 secs] [Times: user=0.01 sys=0.00, real=0.00 secs] 
148.239: [CMS-concurrent-mark-start]
148.239: [GC (Allocation Failure) 148.239: [ParNew (promotion failed): 2751K->3022K(3072K), 0.0193791 secs]148.259: [CMS148.262: [CMS-concurrent-mark: 0.004/0.023 secs] [Times: user=0.15 sys=0.00, real=0.03 secs] 
 (concurrent mode failure): 6332K->6330K(6848K), 0.0198200 secs] 9082K->9082K(9920K), [Metaspace: 3748K->3748K(1056768K)], 0.0392643 secs] [Times: user=0.17 sys=0.00, real=0.04 secs] 
148.279: [GC (Allocation Failure) 148.279: [ParNew (promotion failed): 2751K->2997K(3072K), 0.0142422 secs]148.293: [CMS: 6332K->6330K(6848K), 0.0164864 secs] 9082K->9082K(9920K), [Metaspace: 3748K->3748K(1056768K)], 0.0308051 secs] [Times: user=0.12 sys=0.00, real=0.04 secs] 
148.310: [GC (CMS Initial Mark) [1 CMS-initial-mark: 6330K(6848K)] 9082K(9920K), 0.0030460 secs] [Times: user=0.00 sys=0.00, real=0.00 secs] 
148.313: [CMS-concurrent-mark-start]
148.313: [GC (Allocation Failure) 148.313: [ParNew (promotion failed): 2751K->2997K(3072K), 0.0161194 secs]148.329: [CMS148.333: [CMS-concurrent-mark: 0.003/0.020 secs] [Times: user=0.13 sys=0.00, real=0.02 secs] 
 (concurrent mode failure): 6332K->6330K(6848K), 0.0199828 secs] 9082K->9082K(9920K), [Metaspace: 3748K->3748K(1056768K)], 0.0361727 secs] [Times: user=0.15 sys=0.00, real=0.03 secs] 
148.350: [GC (Allocation Failure) 148.350: [ParNew (promotion failed): 2751K->3022K(3072K), 0.0238510 secs]148.373: [CMS: 6332K->6330K(6848K), 0.0164898 secs] 9082K->9082K(9920K), [Metaspace: 3748K->3748K(1056768K)], 0.0404030 secs] [Times: user=0.19 sys=0.00, real=0.04 secs] 
148.390: [GC (CMS Initial Mark) [1 CMS-initial-mark: 6330K(6848K)] 9082K(9920K), 0.0030703 secs] [Times: user=0.00 sys=0.00, real=0.00 secs] 
148.393: [CMS-concurrent-mark-start]
148.394: [GC (Allocation Failure) 148.394: [ParNew (promotion failed): 2751K->2997K(3072K), 0.0197308 secs]148.413: [CMS148.417: [CMS-concurrent-mark: 0.004/0.023 secs] [Times: user=0.16 sys=0.00, real=0.02 secs] 
 (concurrent mode failure): 6332K->6330K(6848K), 0.0202387 secs] 9082K->9082K(9920K), [Metaspace: 3748K->3748K(1056768K)], 0.0400328 secs] [Times: user=0.17 sys=0.00, real=0.04 secs] 
148.434: [GC (Allocation Failure) 148.434: [ParNew (promotion failed): 2751K->3022K(3072K), 0.0233867 secs]148.458: [CMS: 6332K->6330K(6848K), 0.0166154 secs] 9082K->9082K(9920K), [Metaspace: 3748K->3748K(1056768K)], 0.0400816 secs] [Times: user=0.19 sys=0.01, real=0.04 secs] 
148.475: [GC (CMS Initial Mark) [1 CMS-initial-mark: 6330K(6848K)] 9082K(9920K), 0.0030954 secs] [Times: user=0.00 sys=0.00, real=0.00 secs] 
148.478: [CMS-concurrent-mark-start]
148.479: [GC (Allocation Failure) 148.479: [ParNew (promotion failed): 2751K->3022K(3072K), 0.0144972 secs]148.493: [CMS148.496: [CMS-concurrent-mark: 0.004/0.018 secs] [Times: user=0.11 sys=0.00, real=0.02 secs] 
 (concurrent mode failure): 6332K->6330K(6848K), 0.0199167 secs] 9082K->9082K(9920K), [Metaspace: 3748K->3748K(1056768K)], 0.0344925 secs] [Times: user=0.13 sys=0.00, real=0.04 secs] 
148.514: [GC (Allocation Failure) 148.514: [ParNew (promotion failed): 2751K->2997K(3072K), 0.0165413 secs]148.530: [CMS: 6332K->6330K(6848K), 0.0171340 secs] 9082K->9082K(9920K), [Metaspace: 3748K->3748K(1056768K)], 0.0337514 secs] [Times: user=0.11 sys=0.00, real=0.03 secs] 
148.548: [GC (CMS Initial Mark) [1 CMS-initial-mark: 6330K(6848K)] 9082K(9920K), 0.0030680 secs] [Times: user=0.00 sys=0.00, real=0.01 secs] 
148.551: [CMS-concurrent-mark-start]
148.551: [GC (Allocation Failure) 148.551: [ParNew (promotion failed): 2751K->3022K(3072K), 0.0112744 secs]148.562: [CMS148.566: [CMS-concurrent-mark: 0.004/0.015 secs] [Times: user=0.07 sys=0.00, real=0.01 secs] 
 (concurrent mode failure): 6332K->6330K(6848K), 0.0201686 secs] 9082K->9082K(9920K), [Metaspace: 3748K->3748K(1056768K)], 0.0316194 secs] [Times: user=0.08 sys=0.00, real=0.03 secs] 
148.583: [GC (Allocation Failure) 148.583: [ParNew (promotion failed): 2751K->3022K(3072K), 0.0149727 secs]148.598: [CMS: 6332K->6330K(6848K), 0.0167404 secs] 9082K->9082K(9920K), [Metaspace: 3748K->3748K(1056768K)], 0.0317837 secs] [Times: user=0.13 sys=0.00, real=0.03 secs] 
148.615: [GC (CMS Initial Mark) [1 CMS-initial-mark: 6330K(6848K)] 9082K(9920K), 0.0030767 secs] [Times: user=0.01 sys=0.00, real=0.00 secs] 
148.618: [CMS-concurrent-mark-start]
148.618: [GC (Allocation Failure) 148.618: [ParNew (promotion failed): 2751K->2997K(3072K), 0.0213094 secs]148.640: [CMS148.643: [CMS-concurrent-mark: 0.003/0.025 secs] [Times: user=0.15 sys=0.00, real=0.03 secs] 
 (concurrent mode failure): 6332K->6330K(6848K), 0.0202084 secs] 9082K->9082K(9920K), [Metaspace: 3748K->3748K(1056768K)], 0.0415882 secs] [Times: user=0.17 sys=0.00, real=0.05 secs] 
148.660: [GC (Allocation Failure) 148.660: [ParNew (promotion failed): 2751K->3022K(3072K), 0.0169393 secs]148.677: [CMS: 6332K->6330K(6848K), 0.0169382 secs] 9082K->9082K(9920K), [Metaspace: 3748K->3748K(1056768K)], 0.0339523 secs] [Times: user=0.14 sys=0.00, real=0.03 secs] 
148.695: [GC (CMS Initial Mark) [1 CMS-initial-mark: 6330K(6848K)] 9082K(9920K), 0.0030850 secs] [Times: user=0.00 sys=0.00, real=0.00 secs] 
148.698: [CMS-concurrent-mark-start]
148.698: [GC (Allocation Failure) 148.698: [ParNew (promotion failed): 2751K->3022K(3072K), 0.0166521 secs]148.715: [CMS148.718: [CMS-concurrent-mark: 0.003/0.020 secs] [Times: user=0.13 sys=0.00, real=0.02 secs] 
 (concurrent mode failure): 6332K->6330K(6848K), 0.0199637 secs] 9082K->9082K(9920K), [Metaspace: 3748K->3748K(1056768K)], 0.0366859 secs] [Times: user=0.15 sys=0.00, real=0.04 secs] 
148.736: [GC (Allocation Failure) 148.736: [ParNew (promotion failed): 2751K->2997K(3072K), 0.0243490 secs]148.760: [CMS: 6332K->6330K(6848K), 0.0165445 secs] 9082K->9082K(9920K), [Metaspace: 3748K->3748K(1056768K)], 0.0409578 secs] [Times: user=0.20 sys=0.00, real=0.04 secs] 
148.777: [GC (CMS Initial Mark) [1 CMS-initial-mark: 6330K(6848K)] 9082K(9920K), 0.0030608 secs] [Times: user=0.00 sys=0.00, real=0.01 secs] 
148.780: [CMS-concurrent-mark-start]
148.781: [GC (Allocation Failure) 148.781: [ParNew (promotion failed): 2751K->2997K(3072K), 0.0144514 secs]148.795: [CMS148.798: [CMS-concurrent-mark: 0.004/0.018 secs] [Times: user=0.12 sys=0.00, real=0.01 secs] 
 (concurrent mode failure): 6332K->6330K(6848K), 0.0197550 secs] 9082K->9082K(9920K), [Metaspace: 3748K->3748K(1056768K)], 0.0342703 secs] [Times: user=0.13 sys=0.00, real=0.03 secs] 
148.815: [GC (Allocation Failure) 148.815: [ParNew (promotion failed): 2751K->3022K(3072K), 0.0167003 secs]148.832: [CMS: 6332K->6330K(6848K), 0.0165013 secs] 9082K->9082K(9920K), [Metaspace: 3748K->3748K(1056768K)], 0.0332628 secs] [Times: user=0.15 sys=0.00, real=0.03 secs] 
148.849: [GC (CMS Initial Mark) [1 CMS-initial-mark: 6330K(6848K)] 9082K(9920K), 0.0030587 secs] [Times: user=0.00 sys=0.00, real=0.01 secs] 
148.852: [CMS-concurrent-mark-start]
148.852: [GC (Allocation Failure) 148.852: [ParNew (promotion failed): 2751K->2997K(3072K), 0.0230412 secs]148.875: [CMS148.878: [CMS-concurrent-mark: 0.003/0.027 secs] [Times: user=0.18 sys=0.00, real=0.02 secs] 
 (concurrent mode failure): 6332K->6330K(6848K), 0.0199426 secs] 9082K->9082K(9920K), [Metaspace: 3748K->3748K(1056768K)], 0.0430446 secs] [Times: user=0.20 sys=0.00, real=0.04 secs] 
148.895: [GC (Allocation Failure) 148.895: [ParNew (promotion failed): 2751K->2997K(3072K), 0.0146496 secs]148.910: [CMS: 6332K->6330K(6848K), 0.0167243 secs] 9082K->9082K(9920K), [Metaspace: 3748K->3748K(1056768K)], 0.0314387 secs] [Times: user=0.12 sys=0.00, real=0.03 secs] 
148.927: [GC (CMS Initial Mark) [1 CMS-initial-mark: 6330K(6848K)] 9082K(9920K), 0.0030441 secs] [Times: user=0.01 sys=0.00, real=0.01 secs] 
148.930: [CMS-concurrent-mark-start]
148.930: [GC (Allocation Failure) 148.930: [ParNew (promotion failed): 2751K->3046K(3072K), 0.0145598 secs]148.945: [CMS148.948: [CMS-concurrent-mark: 0.004/0.018 secs] [Times: user=0.10 sys=0.00, real=0.01 secs] 
 (concurrent mode failure): 6332K->6330K(6848K), 0.0201445 secs] 9082K->9082K(9920K), [Metaspace: 3748K->3748K(1056768K)], 0.0347659 secs] [Times: user=0.12 sys=0.00, real=0.03 secs] 
148.966: [GC (Allocation Failure) 148.966: [ParNew (promotion failed): 2751K->3022K(3072K), 0.0161970 secs]148.982: [CMS: 6332K->6330K(6848K), 0.0167141 secs] 9082K->9082K(9920K), [Metaspace: 3748K->3748K(1056768K)], 0.0329777 secs] [Times: user=0.13 sys=0.00, real=0.03 secs] 
149.000: [GC (CMS Initial Mark) [1 CMS-initial-mark: 6330K(6848K)] 9082K(9920K), 0.0030744 secs] [Times: user=0.01 sys=0.00, real=0.00 secs] 
149.003: [CMS-concurrent-mark-start]
149.003: [GC (Allocation Failure) 149.004: [ParNew (promotion failed): 2751K->3022K(3072K), 0.0155621 secs]149.019: [CMS149.022: [CMS-concurrent-mark: 0.004/0.019 secs] [Times: user=0.12 sys=0.00, real=0.02 secs] 
 (concurrent mode failure): 6332K->6330K(6848K), 0.0195992 secs] 9082K->9082K(9920K), [Metaspace: 3748K->3748K(1056768K)], 0.0352211 secs] [Times: user=0.13 sys=0.00, real=0.03 secs] 
149.039: [GC (Allocation Failure) 149.039: [ParNew (promotion failed): 2751K->3022K(3072K), 0.0250981 secs]149.064: [CMS: 6332K->6330K(6848K), 0.0169005 secs] 9082K->9082K(9920K), [Metaspace: 3748K->3748K(1056768K)], 0.0420685 secs] [Times: user=0.21 sys=0.00, real=0.05 secs] 
149.082: [GC (CMS Initial Mark) [1 CMS-initial-mark: 6330K(6848K)] 9082K(9920K), 0.0030706 secs] [Times: user=0.00 sys=0.00, real=0.00 secs] 
149.085: [CMS-concurrent-mark-start]
149.085: [GC (Allocation Failure) 149.085: [ParNew (promotion failed): 2751K->3022K(3072K), 0.0136393 secs]149.098: [CMS149.102: [CMS-concurrent-mark: 0.004/0.017 secs] [Times: user=0.10 sys=0.00, real=0.02 secs] 
 (concurrent mode failure): 6332K->6330K(6848K), 0.0201814 secs] 9082K->9082K(9920K), [Metaspace: 3748K->3748K(1056768K)], 0.0338954 secs] [Times: user=0.12 sys=0.00, real=0.03 secs] 
149.119: [GC (Allocation Failure) 149.119: [ParNew (promotion failed): 2751K->2997K(3072K), 0.0157619 secs]149.135: [CMS: 6332K->6330K(6848K), 0.0168492 secs] 9082K->9082K(9920K), [Metaspace: 3748K->3748K(1056768K)], 0.0326783 secs] [Times: user=0.12 sys=0.01, real=0.04 secs] 
149.152: [GC (CMS Initial Mark) [1 CMS-initial-mark: 6330K(6848K)] 9082K(9920K), 0.0030959 secs] [Times: user=0.01 sys=0.00, real=0.00 secs] 
149.155: [CMS-concurrent-mark-start]
149.155: [GC (Allocation Failure) 149.155: [ParNew (promotion failed): 2751K->2997K(3072K), 0.0194183 secs]149.175: [CMS149.178: [CMS-concurrent-mark: 0.003/0.023 secs] [Times: user=0.14 sys=0.00, real=0.02 secs] 
 (concurrent mode failure): 6332K->6330K(6848K), 0.0200021 secs] 9082K->9082K(9920K), [Metaspace: 3748K->3748K(1056768K)], 0.0394885 secs] [Times: user=0.16 sys=0.00, real=0.04 secs] 
149.195: [GC (Allocation Failure) 149.195: [ParNew (promotion failed): 2751K->2997K(3072K), 0.0221235 secs]149.217: [CMS: 6332K->6330K(6848K), 0.0167703 secs] 9082K->9082K(9920K), [Metaspace: 3748K->3748K(1056768K)], 0.0389550 secs] [Times: user=0.17 sys=0.00, real=0.04 secs] 
149.235: [GC (CMS Initial Mark) [1 CMS-initial-mark: 6330K(6848K)] 9082K(9920K), 0.0031162 secs] [Times: user=0.00 sys=0.00, real=0.00 secs] 
149.238: [CMS-concurrent-mark-start]
149.238: [GC (Allocation Failure) 149.238: [ParNew (promotion failed): 2751K->3022K(3072K), 0.0195700 secs]149.258: [CMS149.261: [CMS-concurrent-mark: 0.003/0.023 secs] [Times: user=0.14 sys=0.00, real=0.03 secs] 
 (concurrent mode failure): 6332K->6330K(6848K), 0.0203252 secs] 9082K->9082K(9920K), [Metaspace: 3748K->3748K(1056768K)], 0.0399573 secs] [Times: user=0.16 sys=0.00, real=0.04 secs] 
149.279: [GC (Allocation Failure) 149.279: [ParNew (promotion failed): 2751K->2997K(3072K), 0.0140831 secs]149.293: [CMS: 6332K->6330K(6848K), 0.0167197 secs] 9082K->9082K(9920K), [Metaspace: 3748K->3748K(1056768K)], 0.0308754 secs] [Times: user=0.12 sys=0.00, real=0.04 secs] 
149.310: [GC (CMS Initial Mark) [1 CMS-initial-mark: 6330K(6848K)] 9082K(9920K), 0.0030535 secs] [Times: user=0.00 sys=0.00, real=0.00 secs] 
149.313: [CMS-concurrent-mark-start]
149.314: [GC (Allocation Failure) 149.314: [ParNew (promotion failed): 2751K->2997K(3072K), 0.0149875 secs]149.329: [CMS149.332: [CMS-concurrent-mark: 0.004/0.019 secs] [Times: user=0.12 sys=0.00, real=0.02 secs] 
 (concurrent mode failure): 6332K->6330K(6848K), 0.0198062 secs] 9082K->9082K(9920K), [Metaspace: 3748K->3748K(1056768K)], 0.0348589 secs] [Times: user=0.13 sys=0.00, real=0.03 secs] 
149.349: [GC (Allocation Failure) 149.349: [ParNew (promotion failed): 2751K->3022K(3072K), 0.0178277 secs]149.367: [CMS: 6332K->6330K(6848K), 0.0164568 secs] 9082K->9082K(9920K), [Metaspace: 3748K->3748K(1056768K)], 0.0343558 secs] [Times: user=0.15 sys=0.00, real=0.04 secs] 
149.383: [GC (CMS Initial Mark) [1 CMS-initial-mark: 6330K(6848K)] 9082K(9920K), 0.0030736 secs] [Times: user=0.01 sys=0.00, real=0.00 secs] 
149.386: [CMS-concurrent-mark-start]
149.387: [GC (Allocation Failure) 149.387: [ParNew (promotion failed): 2751K->3022K(3072K), 0.0216087 secs]149.408: [CMS149.412: [CMS-concurrent-mark: 0.004/0.025 secs] [Times: user=0.17 sys=0.01, real=0.03 secs] 
 (concurrent mode failure): 6332K->6330K(6848K), 0.0198611 secs] 9082K->9082K(9920K), [Metaspace: 3748K->3748K(1056768K)], 0.0415368 secs] [Times: user=0.18 sys=0.01, real=0.04 secs] 
149.429: [GC (Allocation Failure) 149.429: [ParNew (promotion failed): 2751K->3022K(3072K), 0.0170152 secs]149.446: [CMS: 6332K->6330K(6848K), 0.0164941 secs] 9082K->9082K(9920K), [Metaspace: 3748K->3748K(1056768K)], 0.0335802 secs] [Times: user=0.14 sys=0.00, real=0.04 secs] 
149.463: [GC (CMS Initial Mark) [1 CMS-initial-mark: 6330K(6848K)] 9082K(9920K), 0.0030798 secs] [Times: user=0.01 sys=0.00, real=0.00 secs] 
149.466: [CMS-concurrent-mark-start]
149.466: [GC (Allocation Failure) 149.466: [ParNew (promotion failed): 2751K->2997K(3072K), 0.0211685 secs]149.487: [CMS149.490: [CMS-concurrent-mark: 0.004/0.025 secs] [Times: user=0.16 sys=0.00, real=0.03 secs] 
 (concurrent mode failure): 6332K->6330K(6848K), 0.0209913 secs] 9082K->9082K(9920K), [Metaspace: 3748K->3748K(1056768K)], 0.0422448 secs] [Times: user=0.17 sys=0.00, real=0.04 secs] 
149.509: [GC (Allocation Failure) 149.509: [ParNew (promotion failed): 2751K->3022K(3072K), 0.0180925 secs]149.527: [CMS: 6332K->6330K(6848K), 0.0169394 secs] 9082K->9082K(9920K), [Metaspace: 3748K->3748K(1056768K)], 0.0351125 secs] [Times: user=0.14 sys=0.00, real=0.04 secs] 
149.544: [GC (CMS Initial Mark) [1 CMS-initial-mark: 6330K(6848K)] 9082K(9920K), 0.0031426 secs] [Times: user=0.00 sys=0.00, real=0.00 secs] 
149.547: [CMS-concurrent-mark-start]
149.548: [GC (Allocation Failure) 149.548: [ParNew (promotion failed): 2751K->2997K(3072K), 0.0154494 secs]149.564: [CMS149.567: [CMS-concurrent-mark: 0.004/0.019 secs] [Times: user=0.12 sys=0.00, real=0.02 secs] 
 (concurrent mode failure): 6332K->6330K(6848K), 0.0199525 secs] 9082K->9082K(9920K), [Metaspace: 3748K->3748K(1056768K)], 0.0354795 secs] [Times: user=0.13 sys=0.00, real=0.04 secs] 
149.584: [GC (Allocation Failure) 149.584: [ParNew (promotion failed): 2751K->2997K(3072K), 0.0207221 secs]149.605: [CMS: 6332K->6330K(6848K), 0.0167187 secs] 9082K->9082K(9920K), [Metaspace: 3748K->3748K(1056768K)], 0.0375188 secs] [Times: user=0.16 sys=0.00, real=0.04 secs] 
149.622: [GC (CMS Initial Mark) [1 CMS-initial-mark: 6330K(6848K)] 9082K(9920K), 0.0030863 secs] [Times: user=0.01 sys=0.00, real=0.00 secs] 
149.625: [CMS-concurrent-mark-start]
149.625: [GC (Allocation Failure) 149.625: [ParNew (promotion failed): 2751K->3022K(3072K), 0.0231018 secs]149.648: [CMS149.652: [CMS-concurrent-mark: 0.003/0.027 secs] [Times: user=0.18 sys=0.00, real=0.03 secs] 
 (concurrent mode failure): 6332K->6330K(6848K), 0.0198618 secs] 9082K->9082K(9920K), [Metaspace: 3748K->3748K(1056768K)], 0.0430233 secs] [Times: user=0.19 sys=0.00, real=0.04 secs] 
149.668: [GC (Allocation Failure) 149.668: [ParNew (promotion failed): 2751K->2997K(3072K), 0.0161173 secs]149.685: [CMS: 6332K->6330K(6848K), 0.0167234 secs] 9082K->9082K(9920K), [Metaspace: 3748K->3748K(1056768K)], 0.0329332 secs] [Times: user=0.14 sys=0.01, real=0.04 secs] 
149.702: [GC (CMS Initial Mark) [1 CMS-initial-mark: 6330K(6848K)] 9082K(9920K), 0.0030723 secs] [Times: user=0.00 sys=0.00, real=0.00 secs] 
149.705: [CMS-concurrent-mark-start]
149.705: [GC (Allocation Failure) 149.705: [ParNew (promotion failed): 2751K->3022K(3072K), 0.0176628 secs]149.723: [CMS149.726: [CMS-concurrent-mark: 0.004/0.021 secs] [Times: user=0.14 sys=0.00, real=0.02 secs] 
 (concurrent mode failure): 6332K->6330K(6848K), 0.0199201 secs] 9082K->9082K(9920K), [Metaspace: 3748K->3748K(1056768K)], 0.0376442 secs] [Times: user=0.16 sys=0.00, real=0.04 secs] 
149.743: [GC (Allocation Failure) 149.743: [ParNew (promotion failed): 2751K->3022K(3072K), 0.0159495 secs]149.759: [CMS: 6332K->6330K(6848K), 0.0165857 secs] 9082K->9082K(9920K), [Metaspace: 3748K->3748K(1056768K)], 0.0325947 secs] [Times: user=0.13 sys=0.00, real=0.03 secs] 
149.777: [GC (CMS Initial Mark) [1 CMS-initial-mark: 6330K(6848K)] 9082K(9920K), 0.0030584 secs] [Times: user=0.00 sys=0.00, real=0.01 secs] 
149.780: [CMS-concurrent-mark-start]
149.780: [GC (Allocation Failure) 149.780: [ParNew (promotion failed): 2751K->2997K(3072K), 0.0146733 secs]149.794: [CMS149.798: [CMS-concurrent-mark: 0.003/0.018 secs] [Times: user=0.12 sys=0.00, real=0.01 secs] 
 (concurrent mode failure): 6332K->6330K(6848K), 0.0200418 secs] 9082K->9082K(9920K), [Metaspace: 3748K->3748K(1056768K)], 0.0347841 secs] [Times: user=0.14 sys=0.00, real=0.03 secs] 
149.815: [GC (Allocation Failure) 149.815: [ParNew (promotion failed): 2751K->2997K(3072K), 0.0177787 secs]149.833: [CMS: 6332K->6330K(6848K), 0.0168382 secs] 9082K->9082K(9920K), [Metaspace: 3748K->3748K(1056768K)], 0.0346880 secs] [Times: user=0.14 sys=0.00, real=0.04 secs] 
149.850: [GC (CMS Initial Mark) [1 CMS-initial-mark: 6330K(6848K)] 9082K(9920K), 0.0030535 secs] [Times: user=0.01 sys=0.00, real=0.00 secs] 
149.853: [CMS-concurrent-mark-start]
149.854: [GC (Allocation Failure) 149.854: [ParNew (promotion failed): 2751K->2997K(3072K), 0.0230673 secs]149.877: [CMS149.880: [CMS-concurrent-mark: 0.004/0.027 secs] [Times: user=0.17 sys=0.00, real=0.03 secs] 
 (concurrent mode failure): 6332K->6330K(6848K), 0.0198518 secs] 9082K->9082K(9920K), [Metaspace: 3748K->3748K(1056768K)], 0.0429893 secs] [Times: user=0.19 sys=0.00, real=0.04 secs] 
149.897: [GC (Allocation Failure) 149.897: [ParNew (promotion failed): 2751K->3022K(3072K), 0.0206915 secs]149.918: [CMS: 6332K->6330K(6848K), 0.0166710 secs] 9082K->9082K(9920K), [Metaspace: 3748K->3748K(1056768K)], 0.0374389 secs] [Times: user=0.16 sys=0.00, real=0.04 secs] 
149.935: [GC (CMS Initial Mark) [1 CMS-initial-mark: 6330K(6848K)] 9082K(9920K), 0.0030795 secs] [Times: user=0.01 sys=0.00, real=0.00 secs] 
149.938: [CMS-concurrent-mark-start]
149.938: [GC (Allocation Failure) 149.938: [ParNew (promotion failed): 2751K->3046K(3072K), 0.0188251 secs]149.957: [CMS149.960: [CMS-concurrent-mark: 0.004/0.022 secs] [Times: user=0.13 sys=0.00, real=0.03 secs] 
 (concurrent mode failure): 6332K->6330K(6848K), 0.0199316 secs] 9082K->9082K(9920K), [Metaspace: 3748K->3748K(1056768K)], 0.0388188 secs] [Times: user=0.15 sys=0.00, real=0.04 secs] 
149.977: [GC (Allocation Failure) 149.977: [ParNew (promotion failed): 2751K->3046K(3072K), 0.0173992 secs]149.995: [CMS: 6332K->6330K(6848K), 0.0167291 secs] 9082K->9082K(9920K), [Metaspace: 3748K->3748K(1056768K)], 0.0342063 secs] [Times: user=0.14 sys=0.01, real=0.04 secs] 
150.012: [GC (CMS Initial Mark) [1 CMS-initial-mark: 6330K(6848K)] 9082K(9920K), 0.0030620 secs] [Times: user=0.01 sys=0.00, real=0.00 secs] 
150.015: [CMS-concurrent-mark-start]
150.015: [GC (Allocation Failure) 150.015: [ParNew (promotion failed): 2751K->3022K(3072K), 0.0199185 secs]150.035: [CMS150.039: [CMS-concurrent-mark: 0.004/0.024 secs] [Times: user=0.13 sys=0.00, real=0.02 secs] 
 (concurrent mode failure): 6332K->6330K(6848K), 0.0201399 secs] 9082K->9082K(9920K), [Metaspace: 3748K->3748K(1056768K)], 0.0401335 secs] [Times: user=0.15 sys=0.00, real=0.04 secs] 
150.056: [GC (Allocation Failure) 150.056: [ParNew (promotion failed): 2751K->2997K(3072K), 0.0148236 secs]150.071: [CMS: 6332K->6330K(6848K), 0.0169185 secs] 9082K->9082K(9920K), [Metaspace: 3748K->3748K(1056768K)], 0.0318268 secs] [Times: user=0.11 sys=0.00, real=0.03 secs] 
150.088: [GC (CMS Initial Mark) [1 CMS-initial-mark: 6330K(6848K)] 9082K(9920K), 0.0031345 secs] [Times: user=0.01 sys=0.00, real=0.01 secs] 
150.091: [CMS-concurrent-mark-start]
150.092: [GC (Allocation Failure) 150.092: [ParNew (promotion failed): 2751K->3022K(3072K), 0.0130825 secs]150.105: [CMS150.108: [CMS-concurrent-mark: 0.004/0.017 secs] [Times: user=0.09 sys=0.00, real=0.01 secs] 
 (concurrent mode failure): 6332K->6330K(6848K), 0.0201966 secs] 9082K->9082K(9920K), [Metaspace: 3748K->3748K(1056768K)], 0.0333426 secs] [Times: user=0.10 sys=0.00, real=0.03 secs] 
150.126: [GC (Allocation Failure) 150.126: [ParNew (promotion failed): 2751K->2972K(3072K), 0.0223441 secs]150.148: [CMS: 6332K->6330K(6848K), 0.0167644 secs] 9082K->9082K(9920K), [Metaspace: 3748K->3748K(1056768K)], 0.0391742 secs] [Times: user=0.18 sys=0.00, real=0.04 secs] 
150.165: [GC (CMS Initial Mark) [1 CMS-initial-mark: 6330K(6848K)] 9082K(9920K), 0.0030764 secs] [Times: user=0.01 sys=0.00, real=0.00 secs] 
150.169: [CMS-concurrent-mark-start]
150.169: [GC (Allocation Failure) 150.169: [ParNew (promotion failed): 2751K->2997K(3072K), 0.0215681 secs]150.190: [CMS150.194: [CMS-concurrent-mark: 0.004/0.025 secs] [Times: user=0.16 sys=0.00, real=0.03 secs] 
 (concurrent mode failure): 6332K->6330K(6848K), 0.0201233 secs] 9082K->9082K(9920K), [Metaspace: 3748K->3748K(1056768K)], 0.0417545 secs] [Times: user=0.17 sys=0.00, real=0.05 secs] 
150.211: [GC (Allocation Failure) 150.211: [ParNew (promotion failed): 2751K->2997K(3072K), 0.0157905 secs]150.226: [CMS: 6332K->6330K(6848K), 0.0166902 secs] 9082K->9082K(9920K), [Metaspace: 3748K->3748K(1056768K)], 0.0325485 secs] [Times: user=0.13 sys=0.01, real=0.03 secs] 
150.244: [GC (CMS Initial Mark) [1 CMS-initial-mark: 6330K(6848K)] 9082K(9920K), 0.0031821 secs] [Times: user=0.01 sys=0.00, real=0.00 secs] 
150.247: [CMS-concurrent-mark-start]
150.247: [GC (Allocation Failure) 150.247: [ParNew (promotion failed): 2751K->2997K(3072K), 0.0174995 secs]150.264: [CMS150.268: [CMS-concurrent-mark: 0.004/0.021 secs] [Times: user=0.13 sys=0.00, real=0.02 secs] 
 (concurrent mode failure): 6332K->6330K(6848K), 0.0199850 secs] 9082K->9082K(9920K), [Metaspace: 3748K->3748K(1056768K)], 0.0375527 secs] [Times: user=0.15 sys=0.00, real=0.04 secs] 
150.285: [GC (Allocation Failure) 150.285: [ParNew (promotion failed): 2751K->3022K(3072K), 0.0209713 secs]150.306: [CMS: 6332K->6330K(6848K), 0.0168882 secs] 9082K->9082K(9920K), [Metaspace: 3748K->3748K(1056768K)], 0.0379398 secs] [Times: user=0.16 sys=0.00, real=0.04 secs] 
150.324: [GC (CMS Initial Mark) [1 CMS-initial-mark: 6330K(6848K)] 9082K(9920K), 0.0030538 secs] [Times: user=0.00 sys=0.00, real=0.00 secs] 
150.327: [CMS-concurrent-mark-start]
150.327: [GC (Allocation Failure) 150.327: [ParNew (promotion failed): 2751K->2997K(3072K), 0.0163272 secs]150.343: [CMS150.347: [CMS-concurrent-mark: 0.003/0.020 secs] [Times: user=0.13 sys=0.00, real=0.02 secs] 
 (concurrent mode failure): 6333K->6330K(6848K), 0.0199433 secs] 9082K->9082K(9920K), [Metaspace: 3748K->3748K(1056768K)], 0.0363382 secs] [Times: user=0.15 sys=0.00, real=0.04 secs] 
150.364: [GC (Allocation Failure) 150.364: [ParNew (promotion failed): 2751K->3022K(3072K), 0.0163242 secs]150.380: [CMS: 6333K->6330K(6848K), 0.0167004 secs] 9082K->9082K(9920K), [Metaspace: 3748K->3748K(1056768K)], 0.0330915 secs] [Times: user=0.13 sys=0.00, real=0.03 secs] 
150.398: [GC (CMS Initial Mark) [1 CMS-initial-mark: 6330K(6848K)] 9082K(9920K), 0.0030768 secs] [Times: user=0.01 sys=0.00, real=0.01 secs] 
150.401: [CMS-concurrent-mark-start]
150.401: [GC (Allocation Failure) 150.401: [ParNew (promotion failed): 2751K->3022K(3072K), 0.0156902 secs]150.417: [CMS150.420: [CMS-concurrent-mark: 0.004/0.019 secs] [Times: user=0.12 sys=0.00, real=0.02 secs] 
 (concurrent mode failure): 6332K->6330K(6848K), 0.0199424 secs] 9082K->9082K(9920K), [Metaspace: 3748K->3748K(1056768K)], 0.0356950 secs] [Times: user=0.13 sys=0.00, real=0.03 secs] 
150.437: [GC (Allocation Failure) 150.437: [ParNew (promotion failed): 2751K->3022K(3072K), 0.0137194 secs]150.451: [CMS: 6332K->6330K(6848K), 0.0165018 secs] 9082K->9082K(9920K), [Metaspace: 3748K->3748K(1056768K)], 0.0302864 secs] [Times: user=0.11 sys=0.00, real=0.03 secs] 
150.467: [GC (CMS Initial Mark) [1 CMS-initial-mark: 6330K(6848K)] 9082K(9920K), 0.0030475 secs] [Times: user=0.00 sys=0.00, real=0.01 secs] 
150.471: [CMS-concurrent-mark-start]
150.471: [GC (Allocation Failure) 150.471: [ParNew (promotion failed): 2751K->3022K(3072K), 0.0151039 secs]150.486: [CMS150.489: [CMS-concurrent-mark: 0.003/0.019 secs] [Times: user=0.12 sys=0.00, real=0.01 secs] 
 (concurrent mode failure): 6332K->6330K(6848K), 0.0200227 secs] 9082K->9082K(9920K), [Metaspace: 3748K->3748K(1056768K)], 0.0351889 secs] [Times: user=0.14 sys=0.00, real=0.03 secs] 
150.506: [GC (Allocation Failure) 150.506: [ParNew (promotion failed): 2751K->3046K(3072K), 0.0189375 secs]150.525: [CMS: 6332K->6330K(6848K), 0.0168277 secs] 9082K->9082K(9920K), [Metaspace: 3748K->3748K(1056768K)], 0.0358516 secs] [Times: user=0.14 sys=0.01, real=0.04 secs] 
150.543: [GC (CMS Initial Mark) [1 CMS-initial-mark: 6330K(6848K)] 9082K(9920K), 0.0031122 secs] [Times: user=0.01 sys=0.00, real=0.00 secs] 
150.546: [CMS-concurrent-mark-start]
150.546: [GC (Allocation Failure) 150.546: [ParNew (promotion failed): 2751K->3022K(3072K), 0.0150120 secs]150.561: [CMS150.564: [CMS-concurrent-mark: 0.003/0.019 secs] [Times: user=0.10 sys=0.00, real=0.02 secs] 
 (concurrent mode failure): 6333K->6330K(6848K), 0.0202937 secs] 9082K->9082K(9920K), [Metaspace: 3748K->3748K(1056768K)], 0.0353710 secs] [Times: user=0.12 sys=0.00, real=0.04 secs] 
150.582: [GC (Allocation Failure) 150.582: [ParNew (promotion failed): 2751K->3022K(3072K), 0.0163372 secs]150.598: [CMS: 6333K->6330K(6848K), 0.0167032 secs] 9082K->9082K(9920K), [Metaspace: 3748K->3748K(1056768K)], 0.0331213 secs] [Times: user=0.14 sys=0.00, real=0.03 secs] 
150.616: [GC (CMS Initial Mark) [1 CMS-initial-mark: 6330K(6848K)] 9082K(9920K), 0.0030857 secs] [Times: user=0.00 sys=0.00, real=0.00 secs] 
150.619: [CMS-concurrent-mark-start]
150.619: [GC (Allocation Failure) 150.619: [ParNew (promotion failed): 2751K->2997K(3072K), 0.0170985 secs]150.636: [CMS150.639: [CMS-concurrent-mark: 0.004/0.021 secs] [Times: user=0.14 sys=0.00, real=0.03 secs] 
 (concurrent mode failure): 6333K->6330K(6848K), 0.0196792 secs] 9082K->9082K(9920K), [Metaspace: 3748K->3748K(1056768K)], 0.0368425 secs] [Times: user=0.15 sys=0.00, real=0.04 secs] 
150.657: [GC (Allocation Failure) 150.657: [ParNew (promotion failed): 2751K->2997K(3072K), 0.0164753 secs]150.673: [CMS: 6332K->6330K(6848K), 0.0166395 secs] 9082K->9082K(9920K), [Metaspace: 3748K->3748K(1056768K)], 0.0331863 secs] [Times: user=0.14 sys=0.00, real=0.04 secs] 
150.690: [GC (CMS Initial Mark) [1 CMS-initial-mark: 6330K(6848K)] 9082K(9920K), 0.0030873 secs] [Times: user=0.01 sys=0.00, real=0.00 secs] 
150.693: [CMS-concurrent-mark-start]
150.693: [GC (Allocation Failure) 150.693: [ParNew (promotion failed): 2751K->2997K(3072K), 0.0224380 secs]150.716: [CMS150.719: [CMS-concurrent-mark: 0.003/0.026 secs] [Times: user=0.17 sys=0.00, real=0.02 secs] 
 (concurrent mode failure): 6332K->6330K(6848K), 0.0199733 secs] 9082K->9082K(9920K), [Metaspace: 3748K->3748K(1056768K)], 0.0424820 secs] [Times: user=0.19 sys=0.00, real=0.04 secs] 
150.736: [GC (Allocation Failure) 150.736: [ParNew (promotion failed): 2751K->2997K(3072K), 0.0181865 secs]150.754: [CMS: 6332K->6330K(6848K), 0.0165269 secs] 9082K->9082K(9920K), [Metaspace: 3748K->3748K(1056768K)], 0.0347748 secs] [Times: user=0.15 sys=0.00, real=0.04 secs] 
150.771: [GC (CMS Initial Mark) [1 CMS-initial-mark: 6330K(6848K)] 9082K(9920K), 0.0030521 secs] [Times: user=0.01 sys=0.00, real=0.00 secs] 
150.774: [CMS-concurrent-mark-start]
150.775: [GC (Allocation Failure) 150.775: [ParNew (promotion failed): 2751K->3022K(3072K), 0.0152850 secs]150.790: [CMS150.793: [CMS-concurrent-mark: 0.004/0.019 secs] [Times: user=0.12 sys=0.00, real=0.02 secs] 
 (concurrent mode failure): 6333K->6330K(6848K), 0.0200566 secs] 9082K->9082K(9920K), [Metaspace: 3748K->3748K(1056768K)], 0.0354124 secs] [Times: user=0.13 sys=0.00, real=0.04 secs] 
150.810: [GC (Allocation Failure) 150.810: [ParNew (promotion failed): 2751K->3022K(3072K), 0.0183840 secs]150.829: [CMS: 6333K->6330K(6848K), 0.0166656 secs] 9082K->9082K(9920K), [Metaspace: 3748K->3748K(1056768K)], 0.0351159 secs] [Times: user=0.16 sys=0.01, real=0.03 secs] 
150.846: [GC (CMS Initial Mark) [1 CMS-initial-mark: 6331K(6848K)] 9083K(9920K), 0.0030508 secs] [Times: user=0.00 sys=0.00, real=0.00 secs] 
150.849: [CMS-concurrent-mark-start]
150.849: [GC (Allocation Failure) 150.849: [ParNew (promotion failed): 2751K->3022K(3072K), 0.0160007 secs]150.866: [CMS150.869: [CMS-concurrent-mark: 0.003/0.020 secs] [Times: user=0.13 sys=0.00, real=0.02 secs] 
 (concurrent mode failure): 6333K->6330K(6848K), 0.0200179 secs] 9083K->9082K(9920K), [Metaspace: 3748K->3748K(1056768K)], 0.0360866 secs] [Times: user=0.15 sys=0.00, real=0.04 secs] 
150.886: [GC (Allocation Failure) 150.886: [ParNew (promotion failed): 2751K->3022K(3072K), 0.0168667 secs]150.903: [CMS: 6333K->6330K(6848K), 0.0164956 secs] 9083K->9082K(9920K), [Metaspace: 3748K->3748K(1056768K)], 0.0334272 secs] [Times: user=0.14 sys=0.00, real=0.04 secs] 
150.920: [GC (CMS Initial Mark) [1 CMS-initial-mark: 6330K(6848K)] 9082K(9920K), 0.0030740 secs] [Times: user=0.00 sys=0.00, real=0.00 secs] 
150.923: [CMS-concurrent-mark-start]
150.924: [GC (Allocation Failure) 150.924: [ParNew (promotion failed): 2751K->3022K(3072K), 0.0149551 secs]150.939: [CMS150.942: [CMS-concurrent-mark: 0.004/0.019 secs] [Times: user=0.12 sys=0.00, real=0.02 secs] 
 (concurrent mode failure): 6332K->6330K(6848K), 0.0198853 secs] 9082K->9082K(9920K), [Metaspace: 3748K->3748K(1056768K)], 0.0348998 secs] [Times: user=0.14 sys=0.00, real=0.03 secs] 
150.959: [GC (Allocation Failure) 150.959: [ParNew (promotion failed): 2751K->3071K(3072K), 0.0182760 secs]150.977: [CMS: 6332K->6330K(6848K), 0.0164785 secs] 9082K->9082K(9920K), [Metaspace: 3748K->3748K(1056768K)], 0.0348161 secs] [Times: user=0.15 sys=0.00, real=0.04 secs] 
150.994: [GC (CMS Initial Mark) [1 CMS-initial-mark: 6330K(6848K)] 9082K(9920K), 0.0030613 secs] [Times: user=0.01 sys=0.00, real=0.00 secs] 
150.997: [CMS-concurrent-mark-start]
150.997: [GC (Allocation Failure) 150.997: [ParNew (promotion failed): 2751K->2997K(3072K), 0.0164070 secs]151.013: [CMS151.017: [CMS-concurrent-mark: 0.003/0.020 secs] [Times: user=0.12 sys=0.00, real=0.02 secs] 
 (concurrent mode failure): 6332K->6330K(6848K), 0.0200381 secs] 9082K->9082K(9920K), [Metaspace: 3748K->3748K(1056768K)], 0.0365012 secs] [Times: user=0.14 sys=0.00, real=0.04 secs] 
151.034: [GC (Allocation Failure) 151.034: [ParNew (promotion failed): 2751K->2997K(3072K), 0.0240084 secs]151.058: [CMS: 6333K->6330K(6848K), 0.0165453 secs] 9082K->9082K(9920K), [Metaspace: 3748K->3748K(1056768K)], 0.0406103 secs] [Times: user=0.20 sys=0.00, real=0.04 secs] 
151.075: [GC (CMS Initial Mark) [1 CMS-initial-mark: 6331K(6848K)] 9083K(9920K), 0.0030571 secs] [Times: user=0.00 sys=0.00, real=0.00 secs] 
151.078: [CMS-concurrent-mark-start]
151.078: [GC (Allocation Failure) 151.078: [ParNew (promotion failed): 2751K->2997K(3072K), 0.0144645 secs]151.093: [CMS151.096: [CMS-concurrent-mark: 0.003/0.018 secs] [Times: user=0.12 sys=0.00, real=0.02 secs] 
 (concurrent mode failure): 6333K->6330K(6848K), 0.0198533 secs] 9083K->9082K(9920K), [Metaspace: 3748K->3748K(1056768K)], 0.0343748 secs] [Times: user=0.14 sys=0.00, real=0.04 secs] 
151.113: [GC (Allocation Failure) 151.113: [ParNew (promotion failed): 2751K->2997K(3072K), 0.0232965 secs]151.137: [CMS: 6333K->6330K(6848K), 0.0165294 secs] 9083K->9082K(9920K), [Metaspace: 3748K->3748K(1056768K)], 0.0398891 secs] [Times: user=0.19 sys=0.00, real=0.04 secs] 
151.154: [GC (CMS Initial Mark) [1 CMS-initial-mark: 6331K(6848K)] 9083K(9920K), 0.0030579 secs] [Times: user=0.00 sys=0.00, real=0.00 secs] 
151.157: [CMS-concurrent-mark-start]
151.157: [GC (Allocation Failure) 151.157: [ParNew (promotion failed): 2751K->3022K(3072K), 0.0183969 secs]151.176: [CMS151.179: [CMS-concurrent-mark: 0.003/0.022 secs] [Times: user=0.15 sys=0.00, real=0.02 secs] 
 (concurrent mode failure): 6333K->6330K(6848K), 0.0194895 secs] 9083K->9082K(9920K), [Metaspace: 3748K->3748K(1056768K)], 0.0379500 secs] [Times: user=0.16 sys=0.00, real=0.04 secs] 
151.196: [GC (Allocation Failure) 151.196: [ParNew (promotion failed): 2751K->2997K(3072K), 0.0146448 secs]151.210: [CMS: 6333K->6330K(6848K), 0.0165429 secs] 9082K->9082K(9920K), [Metaspace: 3748K->3748K(1056768K)], 0.0312538 secs] [Times: user=0.13 sys=0.01, real=0.03 secs] 
151.227: [GC (CMS Initial Mark) [1 CMS-initial-mark: 6330K(6848K)] 9082K(9920K), 0.0030638 secs] [Times: user=0.00 sys=0.00, real=0.01 secs] 
151.230: [CMS-concurrent-mark-start]
151.230: [GC (Allocation Failure) 151.230: [ParNew (promotion failed): 2751K->2997K(3072K), 0.0214756 secs]151.252: [CMS151.255: [CMS-concurrent-mark: 0.004/0.025 secs] [Times: user=0.17 sys=0.00, real=0.02 secs] 
 (concurrent mode failure): 6332K->6330K(6848K), 0.0201585 secs] 9082K->9082K(9920K), [Metaspace: 3748K->3748K(1056768K)], 0.0416987 secs] [Times: user=0.19 sys=0.00, real=0.04 secs] 
151.272: [GC (Allocation Failure) 151.272: [ParNew (promotion failed): 2751K->2997K(3072K), 0.0231268 secs]151.296: [CMS: 6333K->6330K(6848K), 0.0164637 secs] 9082K->9082K(9920K), [Metaspace: 3748K->3748K(1056768K)], 0.0396540 secs] [Times: user=0.19 sys=0.00, real=0.04 secs] 
151.312: [GC (CMS Initial Mark) [1 CMS-initial-mark: 6331K(6848K)] 9083K(9920K), 0.0030585 secs] [Times: user=0.01 sys=0.00, real=0.00 secs] 
151.316: [CMS-concurrent-mark-start]
151.316: [GC (Allocation Failure) 151.316: [ParNew (promotion failed): 2751K->2997K(3072K), 0.0162588 secs]151.332: [CMS151.335: [CMS-concurrent-mark: 0.004/0.020 secs] [Times: user=0.13 sys=0.00, real=0.02 secs] 
 (concurrent mode failure): 6333K->6331K(6848K), 0.0198877 secs] 9083K->9083K(9920K), [Metaspace: 3748K->3748K(1056768K)], 0.0362045 secs] [Times: user=0.14 sys=0.00, real=0.04 secs] 
151.352: [GC (Allocation Failure) 151.352: [ParNew (promotion failed): 2751K->3022K(3072K), 0.0181238 secs]151.371: [CMS: 6333K->6331K(6848K), 0.0165107 secs] 9083K->9083K(9920K), [Metaspace: 3748K->3748K(1056768K)], 0.0347012 secs] [Times: user=0.16 sys=0.00, real=0.03 secs] 
151.388: [GC (CMS Initial Mark) [1 CMS-initial-mark: 6331K(6848K)] 9083K(9920K), 0.0030538 secs] [Times: user=0.00 sys=0.00, real=0.01 secs] 
151.391: [CMS-concurrent-mark-start]
151.391: [GC (Allocation Failure) 151.391: [ParNew (promotion failed): 2751K->3022K(3072K), 0.0178919 secs]151.409: [CMS151.412: [CMS-concurrent-mark: 0.003/0.021 secs] [Times: user=0.14 sys=0.00, real=0.02 secs] 
 (concurrent mode failure): 6333K->6331K(6848K), 0.0199747 secs] 9083K->9083K(9920K), [Metaspace: 3748K->3748K(1056768K)], 0.0379276 secs] [Times: user=0.16 sys=0.00, real=0.03 secs] 
151.430: [GC (Allocation Failure) 151.430: [ParNew (promotion failed): 2751K->2997K(3072K), 0.0175435 secs]151.447: [CMS: 6333K->6330K(6848K), 0.0167510 secs] 9083K->9082K(9920K), [Metaspace: 3748K->3748K(1056768K)], 0.0343626 secs] [Times: user=0.15 sys=0.00, real=0.03 secs] 
151.465: [GC (CMS Initial Mark) [1 CMS-initial-mark: 6330K(6848K)] 9082K(9920K), 0.0030398 secs] [Times: user=0.00 sys=0.00, real=0.00 secs] 
151.468: [CMS-concurrent-mark-start]
151.468: [GC (Allocation Failure) 151.468: [ParNew (promotion failed): 2751K->3022K(3072K), 0.0162348 secs]151.484: [CMS151.487: [CMS-concurrent-mark: 0.004/0.020 secs] [Times: user=0.11 sys=0.00, real=0.02 secs] 
 (concurrent mode failure): 6333K->6330K(6848K), 0.0201581 secs] 9082K->9082K(9920K), [Metaspace: 3748K->3748K(1056768K)], 0.0364598 secs] [Times: user=0.13 sys=0.00, real=0.04 secs] 
151.505: [GC (Allocation Failure) 151.505: [ParNew (promotion failed): 2751K->2997K(3072K), 0.0152915 secs]151.520: [CMS: 6333K->6330K(6848K), 0.0167235 secs] 9082K->9082K(9920K), [Metaspace: 3748K->3748K(1056768K)], 0.0320946 secs] [Times: user=0.12 sys=0.00, real=0.03 secs] 
151.537: [GC (CMS Initial Mark) [1 CMS-initial-mark: 6330K(6848K)] 9082K(9920K), 0.0030872 secs] [Times: user=0.00 sys=0.00, real=0.01 secs] 
151.540: [CMS-concurrent-mark-start]
151.540: [GC (Allocation Failure) 151.540: [ParNew (promotion failed): 2751K->3022K(3072K), 0.0159845 secs]151.556: [CMS151.560: [CMS-concurrent-mark: 0.003/0.019 secs] [Times: user=0.13 sys=0.01, real=0.02 secs] 
 (concurrent mode failure): 6333K->6330K(6848K), 0.0201149 secs] 9082K->9082K(9920K), [Metaspace: 3748K->3748K(1056768K)], 0.0361879 secs] [Times: user=0.14 sys=0.01, real=0.03 secs] 
151.577: [GC (Allocation Failure) 151.577: [ParNew (promotion failed): 2751K->3046K(3072K), 0.0192640 secs]151.596: [CMS: 6333K->6331K(6848K), 0.0165906 secs] 9083K->9083K(9920K), [Metaspace: 3748K->3748K(1056768K)], 0.0359174 secs] [Times: user=0.15 sys=0.00, real=0.04 secs] 
151.613: [GC (CMS Initial Mark) [1 CMS-initial-mark: 6331K(6848K)] 9083K(9920K), 0.0030735 secs] [Times: user=0.00 sys=0.00, real=0.00 secs] 
151.616: [CMS-concurrent-mark-start]
151.616: [GC (Allocation Failure) 151.616: [ParNew (promotion failed): 2751K->3022K(3072K), 0.0150740 secs]151.631: [CMS151.635: [CMS-concurrent-mark: 0.003/0.019 secs] [Times: user=0.12 sys=0.00, real=0.02 secs] 
 (concurrent mode failure): 6333K->6331K(6848K), 0.0199800 secs] 9083K->9083K(9920K), [Metaspace: 3748K->3748K(1056768K)], 0.0351137 secs] [Times: user=0.13 sys=0.00, real=0.04 secs] 
151.652: [GC (Allocation Failure) 151.652: [ParNew (promotion failed): 2751K->2997K(3072K), 0.0143571 secs]151.667: [CMS: 6333K->6331K(6848K), 0.0165405 secs] 9083K->9083K(9920K), [Metaspace: 3748K->3748K(1056768K)], 0.0309612 secs] [Times: user=0.13 sys=0.00, real=0.03 secs] 
151.684: [GC (CMS Initial Mark) [1 CMS-initial-mark: 6331K(6848K)] 9083K(9920K), 0.0030421 secs] [Times: user=0.00 sys=0.00, real=0.00 secs] 
151.687: [CMS-concurrent-mark-start]
151.687: [GC (Allocation Failure) 151.687: [ParNew (promotion failed): 2751K->3022K(3072K), 0.0171389 secs]151.704: [CMS151.707: [CMS-concurrent-mark: 0.003/0.021 secs] [Times: user=0.14 sys=0.00, real=0.02 secs] 
 (concurrent mode failure): 6333K->6330K(6848K), 0.0194687 secs] 9083K->9082K(9920K), [Metaspace: 3748K->3748K(1056768K)], 0.0366743 secs] [Times: user=0.15 sys=0.00, real=0.04 secs] 
151.724: [GC (Allocation Failure) 151.725: [ParNew (promotion failed): 2751K->3022K(3072K), 0.0179638 secs]151.742: [CMS: 6333K->6330K(6848K), 0.0165815 secs] 9083K->9082K(9920K), [Metaspace: 3748K->3748K(1056768K)], 0.0346044 secs] [Times: user=0.16 sys=0.00, real=0.03 secs] 
151.759: [GC (CMS Initial Mark) [1 CMS-initial-mark: 6330K(6848K)] 9082K(9920K), 0.0030378 secs] [Times: user=0.00 sys=0.00, real=0.01 secs] 
151.762: [CMS-concurrent-mark-start]
151.762: [GC (Allocation Failure) 151.762: [ParNew (promotion failed): 2751K->3022K(3072K), 0.0175681 secs]151.780: [CMS151.784: [CMS-concurrent-mark: 0.003/0.021 secs] [Times: user=0.14 sys=0.00, real=0.02 secs] 
 (concurrent mode failure): 6333K->6330K(6848K), 0.0199021 secs] 9082K->9082K(9920K), [Metaspace: 3748K->3748K(1056768K)], 0.0375318 secs] [Times: user=0.15 sys=0.00, real=0.04 secs] 
151.800: [GC (Allocation Failure) 151.800: [ParNew (promotion failed): 2751K->3022K(3072K), 0.0191151 secs]151.819: [CMS: 6333K->6331K(6848K), 0.0166185 secs] 9083K->9083K(9920K), [Metaspace: 3748K->3748K(1056768K)], 0.0357968 secs] [Times: user=0.16 sys=0.00, real=0.03 secs] 
151.836: [GC (CMS Initial Mark) [1 CMS-initial-mark: 6331K(6848K)] 9083K(9920K), 0.0030740 secs] [Times: user=0.00 sys=0.00, real=0.01 secs] 
151.840: [CMS-concurrent-mark-start]
151.840: [GC (Allocation Failure) 151.840: [ParNew (promotion failed): 2751K->2997K(3072K), 0.0221500 secs]151.862: [CMS151.865: [CMS-concurrent-mark: 0.004/0.026 secs] [Times: user=0.18 sys=0.00, real=0.02 secs] 
 (concurrent mode failure): 6333K->6331K(6848K), 0.0198869 secs] 9083K->9083K(9920K), [Metaspace: 3748K->3748K(1056768K)], 0.0421092 secs] [Times: user=0.19 sys=0.00, real=0.04 secs] 
151.882: [GC (Allocation Failure) 151.882: [ParNew (promotion failed): 2751K->2997K(3072K), 0.0150189 secs]151.897: [CMS: 6333K->6331K(6848K), 0.0165598 secs] 9083K->9083K(9920K), [Metaspace: 3748K->3748K(1056768K)], 0.0316369 secs] [Times: user=0.13 sys=0.00, real=0.03 secs] 
151.915: [GC (CMS Initial Mark) [1 CMS-initial-mark: 6331K(6848K)] 9083K(9920K), 0.0030777 secs] [Times: user=0.01 sys=0.00, real=0.00 secs] 
151.918: [CMS-concurrent-mark-start]
151.918: [GC (Allocation Failure) 151.918: [ParNew (promotion failed): 2751K->3022K(3072K), 0.0146245 secs]151.932: [CMS151.936: [CMS-concurrent-mark: 0.003/0.018 secs] [Times: user=0.11 sys=0.01, real=0.02 secs] 
 (concurrent mode failure): 6333K->6331K(6848K), 0.0199402 secs] 9083K->9083K(9920K), [Metaspace: 3748K->3748K(1056768K)], 0.0346174 secs] [Times: user=0.13 sys=0.01, real=0.04 secs] 
151.953: [GC (Allocation Failure) 151.953: [ParNew (promotion failed): 2751K->2997K(3072K), 0.0178295 secs]151.971: [CMS: 6333K->6330K(6848K), 0.0165080 secs] 9083K->9082K(9920K), [Metaspace: 3748K->3748K(1056768K)], 0.0344028 secs] [Times: user=0.15 sys=0.00, real=0.03 secs] 
151.988: [GC (CMS Initial Mark) [1 CMS-initial-mark: 6331K(6848K)] 9083K(9920K), 0.0030444 secs] [Times: user=0.00 sys=0.00, real=0.01 secs] 
151.991: [CMS-concurrent-mark-start]
151.992: [GC (Allocation Failure) 151.992: [ParNew (promotion failed): 2751K->2997K(3072K), 0.0141707 secs]152.006: [CMS152.009: [CMS-concurrent-mark: 0.004/0.018 secs] [Times: user=0.11 sys=0.00, real=0.01 secs] 
 (concurrent mode failure): 6333K->6330K(6848K), 0.0199112 secs] 9083K->9082K(9920K), [Metaspace: 3748K->3748K(1056768K)], 0.0341425 secs] [Times: user=0.13 sys=0.00, real=0.03 secs] 
152.026: [GC (Allocation Failure) 152.026: [ParNew (promotion failed): 2751K->2997K(3072K), 0.0182370 secs]152.044: [CMS: 6333K->6331K(6848K), 0.0165517 secs] 9083K->9083K(9920K), [Metaspace: 3748K->3748K(1056768K)], 0.0348558 secs] [Times: user=0.14 sys=0.00, real=0.04 secs] 
152.061: [GC (CMS Initial Mark) [1 CMS-initial-mark: 6331K(6848K)] 9083K(9920K), 0.0030741 secs] [Times: user=0.00 sys=0.00, real=0.00 secs] 
152.064: [CMS-concurrent-mark-start]
152.064: [GC (Allocation Failure) 152.064: [ParNew (promotion failed): 2751K->3046K(3072K), 0.0187251 secs]152.083: [CMS152.086: [CMS-concurrent-mark: 0.003/0.022 secs] [Times: user=0.15 sys=0.00, real=0.02 secs] 
 (concurrent mode failure): 6333K->6331K(6848K), 0.0198731 secs] 9083K->9083K(9920K), [Metaspace: 3748K->3748K(1056768K)], 0.0386525 secs] [Times: user=0.16 sys=0.00, real=0.04 secs] 
152.103: [GC (Allocation Failure) 152.103: [ParNew (promotion failed): 2751K->2997K(3072K), 0.0208622 secs]152.124: [CMS: 6333K->6331K(6848K), 0.0166855 secs] 9083K->9083K(9920K), [Metaspace: 3748K->3748K(1056768K)], 0.0376148 secs] [Times: user=0.17 sys=0.00, real=0.04 secs] 
152.141: [GC (CMS Initial Mark) [1 CMS-initial-mark: 6331K(6848K)] 9083K(9920K), 0.0030625 secs] [Times: user=0.00 sys=0.00, real=0.00 secs] 
152.144: [CMS-concurrent-mark-start]
152.144: [GC (Allocation Failure) 152.144: [ParNew (promotion failed): 2751K->2997K(3072K), 0.0210183 secs]152.166: [CMS152.169: [CMS-concurrent-mark: 0.004/0.025 secs] [Times: user=0.16 sys=0.00, real=0.02 secs] 
 (concurrent mode failure): 6333K->6331K(6848K), 0.0204880 secs] 9083K->9083K(9920K), [Metaspace: 3748K->3748K(1056768K)], 0.0415750 secs] [Times: user=0.18 sys=0.00, real=0.04 secs] 
152.187: [GC (Allocation Failure) 152.187: [ParNew (promotion failed): 2751K->3022K(3072K), 0.0170340 secs]152.204: [CMS: 6333K->6331K(6848K), 0.0165061 secs] 9083K->9083K(9920K), [Metaspace: 3748K->3748K(1056768K)], 0.0336178 secs] [Times: user=0.14 sys=0.00, real=0.04 secs] 
152.221: [GC (CMS Initial Mark) [1 CMS-initial-mark: 6331K(6848K)] 9083K(9920K), 0.0030620 secs] [Times: user=0.00 sys=0.00, real=0.00 secs] 
152.224: [CMS-concurrent-mark-start]
152.225: [GC (Allocation Failure) 152.225: [ParNew (promotion failed): 2751K->2997K(3072K), 0.0162987 secs]152.241: [CMS152.244: [CMS-concurrent-mark: 0.003/0.020 secs] [Times: user=0.13 sys=0.00, real=0.02 secs] 
 (concurrent mode failure): 6333K->6331K(6848K), 0.0194053 secs] 9083K->9083K(9920K), [Metaspace: 3748K->3748K(1056768K)], 0.0357634 secs] [Times: user=0.15 sys=0.00, real=0.04 secs] 
152.261: [GC (Allocation Failure) 152.261: [ParNew (promotion failed): 2751K->2997K(3072K), 0.0223173 secs]152.283: [CMS: 6333K->6331K(6848K), 0.0165859 secs] 9083K->9083K(9920K), [Metaspace: 3748K->3748K(1056768K)], 0.0389668 secs] [Times: user=0.18 sys=0.01, real=0.04 secs] 
152.300: [GC (CMS Initial Mark) [1 CMS-initial-mark: 6331K(6848K)] 9083K(9920K), 0.0030777 secs] [Times: user=0.01 sys=0.00, real=0.00 secs] 
152.303: [CMS-concurrent-mark-start]
152.303: [GC (Allocation Failure) 152.303: [ParNew (promotion failed): 2751K->2997K(3072K), 0.0165518 secs]152.320: [CMS152.323: [CMS-concurrent-mark: 0.004/0.020 secs] [Times: user=0.13 sys=0.00, real=0.02 secs] 
 (concurrent mode failure): 6333K->6331K(6848K), 0.0199316 secs] 9083K->9083K(9920K), [Metaspace: 3748K->3748K(1056768K)], 0.0365451 secs] [Times: user=0.14 sys=0.00, real=0.04 secs] 
152.340: [GC (Allocation Failure) 152.340: [ParNew (promotion failed): 2751K->2997K(3072K), 0.0156916 secs]152.356: [CMS: 6333K->6331K(6848K), 0.0164763 secs] 9083K->9083K(9920K), [Metaspace: 3748K->3748K(1056768K)], 0.0322244 secs] [Times: user=0.14 sys=0.00, real=0.03 secs] 
152.373: [GC (CMS Initial Mark) [1 CMS-initial-mark: 6331K(6848K)] 9083K(9920K), 0.0030341 secs] [Times: user=0.00 sys=0.00, real=0.00 secs] 
152.376: [CMS-concurrent-mark-start]
152.376: [GC (Allocation Failure) 152.376: [ParNew (promotion failed): 2751K->2997K(3072K), 0.0212275 secs]152.397: [CMS152.401: [CMS-concurrent-mark: 0.004/0.025 secs] [Times: user=0.15 sys=0.00, real=0.03 secs] 
 (concurrent mode failure): 6333K->6331K(6848K), 0.0201177 secs] 9083K->9083K(9920K), [Metaspace: 3748K->3748K(1056768K)], 0.0414070 secs] [Times: user=0.17 sys=0.00, real=0.04 secs] 
152.418: [GC (Allocation Failure) 152.418: [ParNew (promotion failed): 2751K->2997K(3072K), 0.0184258 secs]152.436: [CMS: 6333K->6331K(6848K), 0.0167709 secs] 9083K->9083K(9920K), [Metaspace: 3748K->3748K(1056768K)], 0.0352872 secs] [Times: user=0.14 sys=0.00, real=0.04 secs] 
152.454: [GC (CMS Initial Mark) [1 CMS-initial-mark: 6331K(6848K)] 9083K(9920K), 0.0030628 secs] [Times: user=0.00 sys=0.00, real=0.00 secs] 
152.457: [CMS-concurrent-mark-start]
152.457: [GC (Allocation Failure) 152.457: [ParNew (promotion failed): 2751K->3022K(3072K), 0.0204740 secs]152.477: [CMS152.481: [CMS-concurrent-mark: 0.003/0.024 secs] [Times: user=0.16 sys=0.00, real=0.03 secs] 
 (concurrent mode failure): 6333K->6331K(6848K), 0.0199752 secs] 9083K->9083K(9920K), [Metaspace: 3748K->3748K(1056768K)], 0.0405145 secs] [Times: user=0.18 sys=0.00, real=0.04 secs] 
152.498: [GC (Allocation Failure) 152.498: [ParNew (promotion failed): 2751K->3022K(3072K), 0.0133971 secs]152.512: [CMS: 6333K->6331K(6848K), 0.0168270 secs] 9083K->9083K(9920K), [Metaspace: 3748K->3748K(1056768K)], 0.0302923 secs] [Times: user=0.10 sys=0.00, real=0.03 secs] 
152.529: [GC (CMS Initial Mark) [1 CMS-initial-mark: 6331K(6848K)] 9083K(9920K), 0.0031420 secs] [Times: user=0.01 sys=0.00, real=0.01 secs] 
152.532: [CMS-concurrent-mark-start]
152.532: [GC (Allocation Failure) 152.532: [ParNew (promotion failed): 2751K->3022K(3072K), 0.0143338 secs]152.547: [CMS152.550: [CMS-concurrent-mark: 0.003/0.018 secs] [Times: user=0.10 sys=0.00, real=0.02 secs] 
 (concurrent mode failure): 6333K->6331K(6848K), 0.0203645 secs] 9083K->9083K(9920K), [Metaspace: 3748K->3748K(1056768K)], 0.0347652 secs] [Times: user=0.12 sys=0.00, real=0.03 secs] 
152.567: [GC (Allocation Failure) 152.567: [ParNew (promotion failed): 2751K->3022K(3072K), 0.0144585 secs]152.582: [CMS: 6333K->6331K(6848K), 0.0165710 secs] 9083K->9083K(9920K), [Metaspace: 3748K->3748K(1056768K)], 0.0311007 secs] [Times: user=0.11 sys=0.00, real=0.03 secs] 
152.599: [GC (CMS Initial Mark) [1 CMS-initial-mark: 6331K(6848K)] 9083K(9920K), 0.0030657 secs] [Times: user=0.00 sys=0.00, real=0.01 secs] 
152.602: [CMS-concurrent-mark-start]
152.602: [GC (Allocation Failure) 152.602: [ParNew (promotion failed): 2751K->3022K(3072K), 0.0146979 secs]152.617: [CMS152.620: [CMS-concurrent-mark: 0.003/0.018 secs] [Times: user=0.12 sys=0.01, real=0.02 secs] 
 (concurrent mode failure): 6333K->6331K(6848K), 0.0200515 secs] 9083K->9083K(9920K), [Metaspace: 3748K->3748K(1056768K)], 0.0348128 secs] [Times: user=0.14 sys=0.01, real=0.03 secs] 
152.637: [GC (Allocation Failure) 152.637: [ParNew (promotion failed): 2751K->2997K(3072K), 0.0200686 secs]152.657: [CMS: 6333K->6331K(6848K), 0.0169420 secs] 9083K->9083K(9920K), [Metaspace: 3748K->3748K(1056768K)], 0.0370840 secs] [Times: user=0.15 sys=0.00, real=0.04 secs] 
152.675: [GC (CMS Initial Mark) [1 CMS-initial-mark: 6331K(6848K)] 9083K(9920K), 0.0030654 secs] [Times: user=0.00 sys=0.00, real=0.00 secs] 
152.678: [CMS-concurrent-mark-start]
152.678: [GC (Allocation Failure) 152.678: [ParNew (promotion failed): 2751K->3022K(3072K), 0.0222817 secs]152.700: [CMS152.704: [CMS-concurrent-mark: 0.004/0.026 secs] [Times: user=0.17 sys=0.00, real=0.03 secs] 
 (concurrent mode failure): 6333K->6331K(6848K), 0.0201501 secs] 9083K->9083K(9920K), [Metaspace: 3748K->3748K(1056768K)], 0.0424944 secs] [Times: user=0.18 sys=0.00, real=0.05 secs] 
152.721: [GC (Allocation Failure) 152.721: [ParNew (promotion failed): 2751K->3022K(3072K), 0.0171836 secs]152.738: [CMS: 6333K->6331K(6848K), 0.0164989 secs] 9083K->9083K(9920K), [Metaspace: 3748K->3748K(1056768K)], 0.0337512 secs] [Times: user=0.15 sys=0.00, real=0.03 secs] 
152.755: [GC (CMS Initial Mark) [1 CMS-initial-mark: 6331K(6848K)] 9083K(9920K), 0.0030492 secs] [Times: user=0.00 sys=0.00, real=0.00 secs] 
152.759: [CMS-concurrent-mark-start]
152.759: [GC (Allocation Failure) 152.759: [ParNew (promotion failed): 2751K->2997K(3072K), 0.0151793 secs]152.774: [CMS152.777: [CMS-concurrent-mark: 0.003/0.019 secs] [Times: user=0.12 sys=0.00, real=0.02 secs] 
 (concurrent mode failure): 6333K->6331K(6848K), 0.0195805 secs] 9083K->9083K(9920K), [Metaspace: 3748K->3748K(1056768K)], 0.0348299 secs] [Times: user=0.14 sys=0.00, real=0.04 secs] 
152.794: [GC (Allocation Failure) 152.794: [ParNew (promotion failed): 2751K->2997K(3072K), 0.0176530 secs]152.812: [CMS: 6333K->6331K(6848K), 0.0165928 secs] 9083K->9083K(9920K), [Metaspace: 3748K->3748K(1056768K)], 0.0343143 secs] [Times: user=0.15 sys=0.00, real=0.03 secs] 
152.829: [GC (CMS Initial Mark) [1 CMS-initial-mark: 6331K(6848K)] 9083K(9920K), 0.0030570 secs] [Times: user=0.00 sys=0.00, real=0.01 secs] 
152.832: [CMS-concurrent-mark-start]
152.832: [GC (Allocation Failure) 152.832: [ParNew (promotion failed): 2751K->2997K(3072K), 0.0255347 secs]152.858: [CMS152.861: [CMS-concurrent-mark: 0.003/0.029 secs] [Times: user=0.21 sys=0.00, real=0.03 secs] 
 (concurrent mode failure): 6333K->6331K(6848K), 0.0198666 secs] 9083K->9083K(9920K), [Metaspace: 3748K->3748K(1056768K)], 0.0454638 secs] [Times: user=0.22 sys=0.00, real=0.04 secs] 
152.878: [GC (Allocation Failure) 152.878: [ParNew (promotion failed): 2751K->3022K(3072K), 0.0183709 secs]152.896: [CMS: 6333K->6331K(6848K), 0.0163942 secs] 9083K->9083K(9920K), [Metaspace: 3748K->3748K(1056768K)], 0.0348347 secs] [Times: user=0.16 sys=0.00, real=0.04 secs] 
152.913: [GC (CMS Initial Mark) [1 CMS-initial-mark: 6331K(6848K)] 9083K(9920K), 0.0030617 secs] [Times: user=0.00 sys=0.00, real=0.00 secs] 
152.916: [CMS-concurrent-mark-start]
152.916: [GC (Allocation Failure) 152.916: [ParNew (promotion failed): 2751K->2997K(3072K), 0.0149663 secs]152.931: [CMS152.935: [CMS-concurrent-mark: 0.003/0.019 secs] [Times: user=0.12 sys=0.00, real=0.02 secs] 
 (concurrent mode failure): 6333K->6331K(6848K), 0.0199452 secs] 9083K->9083K(9920K), [Metaspace: 3748K->3748K(1056768K)], 0.0349773 secs] [Times: user=0.13 sys=0.00, real=0.04 secs] 
152.952: [GC (Allocation Failure) 152.952: [ParNew (promotion failed): 2751K->2997K(3072K), 0.0148946 secs]152.967: [CMS: 6333K->6331K(6848K), 0.0169266 secs] 9083K->9083K(9920K), [Metaspace: 3748K->3748K(1056768K)], 0.0318997 secs] [Times: user=0.12 sys=0.01, real=0.03 secs] 
152.985: [GC (CMS Initial Mark) [1 CMS-initial-mark: 6331K(6848K)] 9083K(9920K), 0.0030651 secs] [Times: user=0.01 sys=0.00, real=0.00 secs] 
152.988: [CMS-concurrent-mark-start]
152.988: [GC (Allocation Failure) 152.988: [ParNew (promotion failed): 2751K->2972K(3072K), 0.0239779 secs]153.012: [CMS153.015: [CMS-concurrent-mark: 0.003/0.028 secs] [Times: user=0.18 sys=0.00, real=0.03 secs] 
 (concurrent mode failure): 6333K->6331K(6848K), 0.0200569 secs] 9083K->9083K(9920K), [Metaspace: 3748K->3748K(1056768K)], 0.0441100 secs] [Times: user=0.19 sys=0.00, real=0.05 secs] 
153.033: [GC (Allocation Failure) 153.033: [ParNew (promotion failed): 2751K->2997K(3072K), 0.0160367 secs]153.049: [CMS: 6333K->6331K(6848K), 0.0167385 secs] 9083K->9083K(9920K), [Metaspace: 3748K->3748K(1056768K)], 0.0328400 secs] [Times: user=0.14 sys=0.00, real=0.03 secs] 
153.066: [GC (CMS Initial Mark) [1 CMS-initial-mark: 6331K(6848K)] 9083K(9920K), 0.0030720 secs] [Times: user=0.00 sys=0.00, real=0.00 secs] 
153.069: [CMS-concurrent-mark-start]
153.069: [GC (Allocation Failure) 153.069: [ParNew (promotion failed): 2751K->3046K(3072K), 0.0215717 secs]153.091: [CMS153.094: [CMS-concurrent-mark: 0.003/0.025 secs] [Times: user=0.16 sys=0.00, real=0.03 secs] 
 (concurrent mode failure): 6333K->6331K(6848K), 0.0198374 secs] 9083K->9083K(9920K), [Metaspace: 3748K->3748K(1056768K)], 0.0414837 secs] [Times: user=0.18 sys=0.00, real=0.05 secs] 
153.111: [GC (Allocation Failure) 153.111: [ParNew (promotion failed): 2751K->3022K(3072K), 0.0167937 secs]153.128: [CMS: 6333K->6331K(6848K), 0.0167122 secs] 9083K->9083K(9920K), [Metaspace: 3748K->3748K(1056768K)], 0.0335723 secs] [Times: user=0.13 sys=0.00, real=0.03 secs] 
153.145: [GC (CMS Initial Mark) [1 CMS-initial-mark: 6331K(6848K)] 9083K(9920K), 0.0030810 secs] [Times: user=0.01 sys=0.00, real=0.00 secs] 
153.148: [CMS-concurrent-mark-start]
153.148: [GC (Allocation Failure) 153.148: [ParNew (promotion failed): 2751K->3022K(3072K), 0.0147264 secs]153.163: [CMS153.166: [CMS-concurrent-mark: 0.003/0.018 secs] [Times: user=0.11 sys=0.00, real=0.02 secs] 
 (concurrent mode failure): 6333K->6331K(6848K), 0.0201651 secs] 9083K->9083K(9920K), [Metaspace: 3748K->3748K(1056768K)], 0.0349612 secs] [Times: user=0.12 sys=0.00, real=0.04 secs] 
153.184: [GC (Allocation Failure) 153.184: [ParNew (promotion failed): 2751K->3022K(3072K), 0.0164124 secs]153.200: [CMS: 6333K->6331K(6848K), 0.0167311 secs] 9083K->9083K(9920K), [Metaspace: 3748K->3748K(1056768K)], 0.0332088 secs] [Times: user=0.14 sys=0.01, real=0.03 secs] 
153.217: [GC (CMS Initial Mark) [1 CMS-initial-mark: 6331K(6848K)] 9083K(9920K), 0.0031060 secs] [Times: user=0.00 sys=0.00, real=0.01 secs] 
153.220: [CMS-concurrent-mark-start]
153.220: [GC (Allocation Failure) 153.220: [ParNew (promotion failed): 2751K->2997K(3072K), 0.0167150 secs]153.237: [CMS153.241: [CMS-concurrent-mark: 0.004/0.020 secs] [Times: user=0.12 sys=0.00, real=0.02 secs] 
 (concurrent mode failure): 6333K->6331K(6848K), 0.0203797 secs] 9083K->9083K(9920K), [Metaspace: 3748K->3748K(1056768K)], 0.0371557 secs] [Times: user=0.14 sys=0.00, real=0.03 secs] 
153.258: [GC (Allocation Failure) 153.258: [ParNew (promotion failed): 2751K->3046K(3072K), 0.0149390 secs]153.273: [CMS: 6333K->6331K(6848K), 0.0171656 secs] 9083K->9083K(9920K), [Metaspace: 3748K->3748K(1056768K)], 0.0321776 secs] [Times: user=0.11 sys=0.00, real=0.04 secs] 
153.291: [GC (CMS Initial Mark) [1 CMS-initial-mark: 6331K(6848K)] 9083K(9920K), 0.0030792 secs] [Times: user=0.00 sys=0.00, real=0.00 secs] 
153.294: [CMS-concurrent-mark-start]
153.295: [GC (Allocation Failure) 153.295: [ParNew (promotion failed): 2751K->3022K(3072K), 0.0220609 secs]153.317: [CMS153.320: [CMS-concurrent-mark: 0.004/0.026 secs] [Times: user=0.17 sys=0.00, real=0.03 secs] 
 (concurrent mode failure): 6333K->6331K(6848K), 0.0197581 secs] 9083K->9083K(9920K), [Metaspace: 3748K->3748K(1056768K)], 0.0418867 secs] [Times: user=0.17 sys=0.00, real=0.04 secs] 
153.337: [GC (Allocation Failure) 153.337: [ParNew (promotion failed): 2751K->2997K(3072K), 0.0182284 secs]153.355: [CMS: 6333K->6331K(6848K), 0.0168234 secs] 9083K->9083K(9920K), [Metaspace: 3748K->3748K(1056768K)], 0.0351264 secs] [Times: user=0.14 sys=0.00, real=0.04 secs] 
153.373: [GC (CMS Initial Mark) [1 CMS-initial-mark: 6331K(6848K)] 9083K(9920K), 0.0030678 secs] [Times: user=0.00 sys=0.00, real=0.00 secs] 
153.376: [CMS-concurrent-mark-start]
153.376: [GC (Allocation Failure) 153.376: [ParNew (promotion failed): 2751K->3022K(3072K), 0.0143542 secs]153.390: [CMS153.394: [CMS-concurrent-mark: 0.003/0.018 secs] [Times: user=0.11 sys=0.00, real=0.02 secs] 
 (concurrent mode failure): 6333K->6331K(6848K), 0.0201849 secs] 9083K->9083K(9920K), [Metaspace: 3748K->3748K(1056768K)], 0.0346076 secs] [Times: user=0.12 sys=0.00, real=0.04 secs] 
153.411: [GC (Allocation Failure) 153.411: [ParNew (promotion failed): 2751K->2972K(3072K), 0.0209490 secs]153.432: [CMS: 6333K->6331K(6848K), 0.0166760 secs] 9083K->9083K(9920K), [Metaspace: 3748K->3748K(1056768K)], 0.0376927 secs] [Times: user=0.17 sys=0.01, real=0.03 secs] 
153.449: [GC (CMS Initial Mark) [1 CMS-initial-mark: 6331K(6848K)] 9083K(9920K), 0.0030535 secs] [Times: user=0.01 sys=0.00, real=0.01 secs] 
153.452: [CMS-concurrent-mark-start]
153.452: [GC (Allocation Failure) 153.452: [ParNew (promotion failed): 2751K->2997K(3072K), 0.0185021 secs]153.470: [CMS153.474: [CMS-concurrent-mark: 0.004/0.022 secs] [Times: user=0.13 sys=0.00, real=0.02 secs] 
 (concurrent mode failure): 6333K->6331K(6848K), 0.0198807 secs] 9083K->9083K(9920K), [Metaspace: 3748K->3748K(1056768K)], 0.0384486 secs] [Times: user=0.14 sys=0.00, real=0.04 secs] 
153.491: [GC (Allocation Failure) 153.491: [ParNew (promotion failed): 2751K->2997K(3072K), 0.0193268 secs]153.510: [CMS: 6333K->6331K(6848K), 0.0169174 secs] 9083K->9083K(9920K), [Metaspace: 3748K->3748K(1056768K)], 0.0363170 secs] [Times: user=0.15 sys=0.00, real=0.03 secs] 
153.528: [GC (CMS Initial Mark) [1 CMS-initial-mark: 6331K(6848K)] 9083K(9920K), 0.0031412 secs] [Times: user=0.00 sys=0.00, real=0.01 secs] 
153.531: [CMS-concurrent-mark-start]
153.531: [GC (Allocation Failure) 153.531: [ParNew (promotion failed): 2751K->2997K(3072K), 0.0145572 secs]153.546: [CMS153.549: [CMS-concurrent-mark: 0.003/0.018 secs] [Times: user=0.11 sys=0.00, real=0.01 secs] 
 (concurrent mode failure): 6333K->6331K(6848K), 0.0200658 secs] 9083K->9083K(9920K), [Metaspace: 3748K->3748K(1056768K)], 0.0346825 secs] [Times: user=0.13 sys=0.00, real=0.03 secs] 
153.567: [GC (Allocation Failure) 153.567: [ParNew (promotion failed): 2751K->3022K(3072K), 0.0188122 secs]153.586: [CMS: 6333K->6331K(6848K), 0.0166565 secs] 9083K->9083K(9920K), [Metaspace: 3748K->3748K(1056768K)], 0.0355403 secs] [Times: user=0.16 sys=0.00, real=0.04 secs] 
153.603: [GC (CMS Initial Mark) [1 CMS-initial-mark: 6331K(6848K)] 9083K(9920K), 0.0030674 secs] [Times: user=0.00 sys=0.00, real=0.00 secs] 
153.606: [CMS-concurrent-mark-start]
153.606: [GC (Allocation Failure) 153.606: [ParNew (promotion failed): 2751K->3022K(3072K), 0.0221064 secs]153.628: [CMS153.632: [CMS-concurrent-mark: 0.004/0.026 secs] [Times: user=0.17 sys=0.00, real=0.03 secs] 
 (concurrent mode failure): 6333K->6331K(6848K), 0.0198880 secs] 9083K->9083K(9920K), [Metaspace: 3748K->3748K(1056768K)], 0.0420712 secs] [Times: user=0.18 sys=0.00, real=0.04 secs] 
153.649: [GC (Allocation Failure) 153.649: [ParNew (promotion failed): 2751K->3022K(3072K), 0.0152850 secs]153.664: [CMS: 6333K->6331K(6848K), 0.0166335 secs] 9083K->9083K(9920K), [Metaspace: 3748K->3748K(1056768K)], 0.0319828 secs] [Times: user=0.13 sys=0.00, real=0.04 secs] 
153.681: [GC (CMS Initial Mark) [1 CMS-initial-mark: 6331K(6848K)] 9083K(9920K), 0.0030786 secs] [Times: user=0.00 sys=0.00, real=0.00 secs] 
153.684: [CMS-concurrent-mark-start]
153.684: [GC (Allocation Failure) 153.684: [ParNew (promotion failed): 2751K->3022K(3072K), 0.0183914 secs]153.702: [CMS153.706: [CMS-concurrent-mark: 0.004/0.022 secs] [Times: user=0.12 sys=0.01, real=0.02 secs] 
 (concurrent mode failure): 6333K->6331K(6848K), 0.0215982 secs] 9083K->9083K(9920K), [Metaspace: 3748K->3748K(1056768K)], 0.0400833 secs] [Times: user=0.14 sys=0.01, real=0.04 secs] 
153.725: [GC (Allocation Failure) 153.725: [ParNew (promotion failed): 2751K->3046K(3072K), 0.0161808 secs]153.741: [CMS: 6333K->6331K(6848K), 0.0175068 secs] 9083K->9083K(9920K), [Metaspace: 3748K->3748K(1056768K)], 0.0337784 secs] [Times: user=0.13 sys=0.00, real=0.03 secs] 
153.759: [GC (CMS Initial Mark) [1 CMS-initial-mark: 6331K(6848K)] 9083K(9920K), 0.0031072 secs] [Times: user=0.00 sys=0.00, real=0.01 secs] 
153.762: [CMS-concurrent-mark-start]
153.762: [GC (Allocation Failure) 153.762: [ParNew (promotion failed): 2751K->3046K(3072K), 0.0203845 secs]153.782: [CMS153.786: [CMS-concurrent-mark: 0.004/0.024 secs] [Times: user=0.15 sys=0.00, real=0.02 secs] 
 (concurrent mode failure): 6333K->6331K(6848K), 0.0204478 secs] 9083K->9083K(9920K), [Metaspace: 3748K->3748K(1056768K)], 0.0409148 secs] [Times: user=0.16 sys=0.00, real=0.04 secs] 
153.804: [GC (Allocation Failure) 153.804: [ParNew (promotion failed): 2751K->2997K(3072K), 0.0145019 secs]153.818: [CMS: 6333K->6331K(6848K), 0.0166304 secs] 9083K->9083K(9920K), [Metaspace: 3748K->3748K(1056768K)], 0.0312057 secs] [Times: user=0.12 sys=0.00, real=0.03 secs] 
153.835: [GC (CMS Initial Mark) [1 CMS-initial-mark: 6331K(6848K)] 9083K(9920K), 0.0030740 secs] [Times: user=0.00 sys=0.00, real=0.00 secs] 
153.838: [CMS-concurrent-mark-start]
153.839: [GC (Allocation Failure) 153.839: [ParNew (promotion failed): 2751K->3022K(3072K), 0.0179625 secs]153.857: [CMS153.860: [CMS-concurrent-mark: 0.003/0.022 secs] [Times: user=0.14 sys=0.00, real=0.03 secs] 
 (concurrent mode failure): 6333K->6331K(6848K), 0.0194687 secs] 9083K->9083K(9920K), [Metaspace: 3748K->3748K(1056768K)], 0.0374964 secs] [Times: user=0.16 sys=0.00, real=0.04 secs] 
153.877: [GC (Allocation Failure) 153.877: [ParNew (promotion failed): 2751K->3046K(3072K), 0.0154710 secs]153.893: [CMS: 6333K->6331K(6848K), 0.0166009 secs] 9083K->9083K(9920K), [Metaspace: 3748K->3748K(1056768K)], 0.0321451 secs] [Times: user=0.12 sys=0.00, real=0.03 secs] 
153.910: [GC (CMS Initial Mark) [1 CMS-initial-mark: 6331K(6848K)] 9083K(9920K), 0.0030692 secs] [Times: user=0.01 sys=0.00, real=0.00 secs] 
153.913: [CMS-concurrent-mark-start]
153.913: [GC (Allocation Failure) 153.913: [ParNew (promotion failed): 2751K->2997K(3072K), 0.0150650 secs]153.928: [CMS153.931: [CMS-concurrent-mark: 0.003/0.019 secs] [Times: user=0.12 sys=0.00, real=0.02 secs] 
 (concurrent mode failure): 6333K->6331K(6848K), 0.0201248 secs] 9083K->9083K(9920K), [Metaspace: 3748K->3748K(1056768K)], 0.0352633 secs] [Times: user=0.13 sys=0.00, real=0.03 secs] 
153.948: [GC (Allocation Failure) 153.948: [ParNew (promotion failed): 2751K->2997K(3072K), 0.0160005 secs]153.964: [CMS: 6333K->6331K(6848K), 0.0165050 secs] 9083K->9083K(9920K), [Metaspace: 3748K->3748K(1056768K)], 0.0325825 secs] [Times: user=0.14 sys=0.00, real=0.04 secs] 
153.981: [GC (CMS Initial Mark) [1 CMS-initial-mark: 6331K(6848K)] 9083K(9920K), 0.0030658 secs] [Times: user=0.00 sys=0.00, real=0.00 secs] 
153.984: [CMS-concurrent-mark-start]
153.985: [GC (Allocation Failure) 153.985: [ParNew (promotion failed): 2751K->2997K(3072K), 0.0226809 secs]154.007: [CMS154.011: [CMS-concurrent-mark: 0.004/0.026 secs] [Times: user=0.18 sys=0.01, real=0.03 secs] 
 (concurrent mode failure): 6333K->6331K(6848K), 0.0198180 secs] 9083K->9083K(9920K), [Metaspace: 3748K->3748K(1056768K)], 0.0425709 secs] [Times: user=0.20 sys=0.00, real=0.04 secs] 
154.028: [GC (Allocation Failure) 154.028: [ParNew (promotion failed): 2751K->3022K(3072K), 0.0146100 secs]154.042: [CMS: 6333K->6331K(6848K), 0.0171085 secs] 9083K->9083K(9920K), [Metaspace: 3748K->3748K(1056768K)], 0.0317900 secs] [Times: user=0.12 sys=0.00, real=0.03 secs] 
154.060: [GC (CMS Initial Mark) [1 CMS-initial-mark: 6331K(6848K)] 9083K(9920K), 0.0030739 secs] [Times: user=0.00 sys=0.00, real=0.00 secs] 
154.063: [CMS-concurrent-mark-start]
154.063: [GC (Allocation Failure) 154.063: [ParNew (promotion failed): 2751K->2997K(3072K), 0.0147658 secs]154.078: [CMS154.082: [CMS-concurrent-mark: 0.003/0.018 secs] [Times: user=0.11 sys=0.00, real=0.02 secs] 
 (concurrent mode failure): 6333K->6331K(6848K), 0.0201730 secs] 9083K->9083K(9920K), [Metaspace: 3748K->3748K(1056768K)], 0.0350087 secs] [Times: user=0.12 sys=0.00, real=0.03 secs] 
154.099: [GC (Allocation Failure) 154.099: [ParNew (promotion failed): 2751K->2997K(3072K), 0.0148350 secs]154.114: [CMS: 6333K->6331K(6848K), 0.0174743 secs] 9083K->9083K(9920K), [Metaspace: 3748K->3748K(1056768K)], 0.0323829 secs] [Times: user=0.12 sys=0.00, real=0.04 secs] 
154.132: [GC (CMS Initial Mark) [1 CMS-initial-mark: 6331K(6848K)] 9083K(9920K), 0.0030758 secs] [Times: user=0.01 sys=0.00, real=0.00 secs] 
154.135: [CMS-concurrent-mark-start]
154.135: [GC (Allocation Failure) 154.135: [ParNew (promotion failed): 2751K->3022K(3072K), 0.0152832 secs]154.151: [CMS154.154: [CMS-concurrent-mark: 0.004/0.019 secs] [Times: user=0.11 sys=0.00, real=0.02 secs] 
 (concurrent mode failure): 6333K->6331K(6848K), 0.0198373 secs] 9083K->9083K(9920K), [Metaspace: 3748K->3748K(1056768K)], 0.0351843 secs] [Times: user=0.13 sys=0.00, real=0.04 secs] 
154.171: [GC (Allocation Failure) 154.171: [ParNew (promotion failed): 2751K->2997K(3072K), 0.0182439 secs]154.189: [CMS: 6333K->6331K(6848K), 0.0164332 secs] 9083K->9083K(9920K), [Metaspace: 3748K->3748K(1056768K)], 0.0347497 secs] [Times: user=0.14 sys=0.00, real=0.03 secs] 
154.206: [GC (CMS Initial Mark) [1 CMS-initial-mark: 6331K(6848K)] 9083K(9920K), 0.0030569 secs] [Times: user=0.00 sys=0.00, real=0.00 secs] 
154.209: [CMS-concurrent-mark-start]
154.209: [GC (Allocation Failure) 154.209: [ParNew (promotion failed): 2751K->2997K(3072K), 0.0224946 secs]154.231: [CMS154.235: [CMS-concurrent-mark: 0.003/0.026 secs] [Times: user=0.18 sys=0.00, real=0.03 secs] 
 (concurrent mode failure): 6333K->6331K(6848K), 0.0199761 secs] 9083K->9083K(9920K), [Metaspace: 3748K->3748K(1056768K)], 0.0425344 secs] [Times: user=0.20 sys=0.00, real=0.05 secs] 
154.252: [GC (Allocation Failure) 154.252: [ParNew (promotion failed): 2751K->2997K(3072K), 0.0144673 secs]154.266: [CMS: 6333K->6331K(6848K), 0.0167038 secs] 9083K->9083K(9920K), [Metaspace: 3748K->3748K(1056768K)], 0.0312329 secs] [Times: user=0.12 sys=0.01, real=0.03 secs] 
154.284: [GC (CMS Initial Mark) [1 CMS-initial-mark: 6331K(6848K)] 9083K(9920K), 0.0030705 secs] [Times: user=0.00 sys=0.00, real=0.00 secs] 
154.287: [CMS-concurrent-mark-start]
154.287: [GC (Allocation Failure) 154.287: [ParNew (promotion failed): 2751K->3022K(3072K), 0.0162954 secs]154.303: [CMS154.307: [CMS-concurrent-mark: 0.004/0.020 secs] [Times: user=0.12 sys=0.00, real=0.02 secs] 
 (concurrent mode failure): 6333K->6331K(6848K), 0.0203502 secs] 9083K->9083K(9920K), [Metaspace: 3748K->3748K(1056768K)], 0.0367385 secs] [Times: user=0.14 sys=0.00, real=0.04 secs] 
154.324: [GC (Allocation Failure) 154.324: [ParNew (promotion failed): 2751K->2997K(3072K), 0.0173024 secs]154.342: [CMS: 6333K->6331K(6848K), 0.0166764 secs] 9083K->9083K(9920K), [Metaspace: 3748K->3748K(1056768K)], 0.0340485 secs] [Times: user=0.14 sys=0.00, real=0.03 secs] 
154.359: [GC (CMS Initial Mark) [1 CMS-initial-mark: 6331K(6848K)] 9083K(9920K), 0.0031080 secs] [Times: user=0.00 sys=0.00, real=0.01 secs] 
154.362: [CMS-concurrent-mark-start]
154.362: [GC (Allocation Failure) 154.362: [ParNew (promotion failed): 2751K->3022K(3072K), 0.0213495 secs]154.384: [CMS154.387: [CMS-concurrent-mark: 0.004/0.025 secs] [Times: user=0.17 sys=0.00, real=0.02 secs] 
 (concurrent mode failure): 6333K->6331K(6848K), 0.0198273 secs] 9083K->9083K(9920K), [Metaspace: 3748K->3748K(1056768K)], 0.0412380 secs] [Times: user=0.17 sys=0.00, real=0.04 secs] 
154.404: [GC (Allocation Failure) 154.404: [ParNew (promotion failed): 2751K->2997K(3072K), 0.0181815 secs]154.422: [CMS: 6333K->6331K(6848K), 0.0168527 secs] 9083K->9083K(9920K), [Metaspace: 3748K->3748K(1056768K)], 0.0351063 secs] [Times: user=0.13 sys=0.00, real=0.03 secs] 
154.440: [GC (CMS Initial Mark) [1 CMS-initial-mark: 6331K(6848K)] 9083K(9920K), 0.0030993 secs] [Times: user=0.00 sys=0.00, real=0.00 secs] 
154.443: [CMS-concurrent-mark-start]
154.443: [GC (Allocation Failure) 154.443: [ParNew (promotion failed): 2751K->2997K(3072K), 0.0200189 secs]154.463: [CMS154.466: [CMS-concurrent-mark: 0.004/0.024 secs] [Times: user=0.15 sys=0.00, real=0.02 secs] 
 (concurrent mode failure): 6333K->6331K(6848K), 0.0200771 secs] 9083K->9083K(9920K), [Metaspace: 3748K->3748K(1056768K)], 0.0401651 secs] [Times: user=0.16 sys=0.00, real=0.04 secs] 
154.483: [GC (Allocation Failure) 154.483: [ParNew (promotion failed): 2751K->3022K(3072K), 0.0194542 secs]154.503: [CMS: 6333K->6331K(6848K), 0.0167731 secs] 9083K->9083K(9920K), [Metaspace: 3748K->3748K(1056768K)], 0.0362979 secs] [Times: user=0.15 sys=0.00, real=0.03 secs] 
154.520: [GC (CMS Initial Mark) [1 CMS-initial-mark: 6331K(6848K)] 9083K(9920K), 0.0030955 secs] [Times: user=0.00 sys=0.00, real=0.00 secs] 
154.523: [CMS-concurrent-mark-start]
154.523: [GC (Allocation Failure) 154.523: [ParNew (promotion failed): 2751K->3022K(3072K), 0.0105243 secs]154.534: [CMS154.537: [CMS-concurrent-mark: 0.004/0.014 secs] [Times: user=0.07 sys=0.01, real=0.01 secs] 
 (concurrent mode failure): 6333K->6331K(6848K), 0.0200143 secs] 9083K->9083K(9920K), [Metaspace: 3748K->3748K(1056768K)], 0.0306093 secs] [Times: user=0.08 sys=0.01, real=0.03 secs] 
154.554: [GC (Allocation Failure) 154.554: [ParNew (promotion failed): 2751K->3022K(3072K), 0.0174955 secs]154.572: [CMS: 6333K->6331K(6848K), 0.0166585 secs] 9083K->9083K(9920K), [Metaspace: 3748K->3748K(1056768K)], 0.0342255 secs] [Times: user=0.15 sys=0.00, real=0.03 secs] 
154.589: [GC (CMS Initial Mark) [1 CMS-initial-mark: 6331K(6848K)] 9083K(9920K), 0.0030787 secs] [Times: user=0.00 sys=0.00, real=0.01 secs] 
154.592: [CMS-concurrent-mark-start]
154.593: [GC (Allocation Failure) 154.593: [ParNew (promotion failed): 2751K->2997K(3072K), 0.0151301 secs]154.608: [CMS154.611: [CMS-concurrent-mark: 0.003/0.019 secs] [Times: user=0.12 sys=0.00, real=0.02 secs] 
 (concurrent mode failure): 6333K->6331K(6848K), 0.0200616 secs] 9083K->9083K(9920K), [Metaspace: 3748K->3748K(1056768K)], 0.0352605 secs] [Times: user=0.14 sys=0.00, real=0.03 secs] 
154.629: [GC (Allocation Failure) 154.629: [ParNew (promotion failed): 2751K->2997K(3072K), 0.0202438 secs]154.649: [CMS: 6333K->6331K(6848K), 0.0165553 secs] 9083K->9083K(9920K), [Metaspace: 3748K->3748K(1056768K)], 0.0368719 secs] [Times: user=0.17 sys=0.00, real=0.04 secs] 
154.666: [GC (CMS Initial Mark) [1 CMS-initial-mark: 6331K(6848K)] 9083K(9920K), 0.0030510 secs] [Times: user=0.00 sys=0.00, real=0.00 secs] 
154.669: [CMS-concurrent-mark-start]
154.669: [GC (Allocation Failure) 154.669: [ParNew (promotion failed): 2751K->3046K(3072K), 0.0251969 secs]154.694: [CMS154.698: [CMS-concurrent-mark: 0.004/0.029 secs] [Times: user=0.20 sys=0.00, real=0.03 secs] 
 (concurrent mode failure): 6333K->6331K(6848K), 0.0198594 secs] 9083K->9083K(9920K), [Metaspace: 3748K->3748K(1056768K)], 0.0451214 secs] [Times: user=0.22 sys=0.00, real=0.05 secs] 
154.715: [GC (Allocation Failure) 154.715: [ParNew (promotion failed): 2751K->3046K(3072K), 0.0230738 secs]154.738: [CMS: 6333K->6331K(6848K), 0.0166703 secs] 9083K->9083K(9920K), [Metaspace: 3748K->3748K(1056768K)], 0.0398077 secs] [Times: user=0.18 sys=0.00, real=0.04 secs] 
154.755: [GC (CMS Initial Mark) [1 CMS-initial-mark: 6331K(6848K)] 9083K(9920K), 0.0030552 secs] [Times: user=0.00 sys=0.00, real=0.00 secs] 
154.758: [CMS-concurrent-mark-start]
154.758: [GC (Allocation Failure) 154.758: [ParNew (promotion failed): 2751K->3071K(3072K), 0.0242445 secs]154.782: [CMS154.786: [CMS-concurrent-mark: 0.003/0.028 secs] [Times: user=0.18 sys=0.00, real=0.03 secs] 
 (concurrent mode failure): 6333K->6331K(6848K), 0.0202323 secs] 9083K->9083K(9920K), [Metaspace: 3748K->3748K(1056768K)], 0.0445512 secs] [Times: user=0.20 sys=0.00, real=0.05 secs] 
154.803: [GC (Allocation Failure) 154.803: [ParNew (promotion failed): 2751K->3022K(3072K), 0.0161237 secs]154.819: [CMS: 6333K->6331K(6848K), 0.0179332 secs] 9083K->9083K(9920K), [Metaspace: 3748K->3748K(1056768K)], 0.0341414 secs] [Times: user=0.13 sys=0.00, real=0.03 secs] 
154.837: [GC (CMS Initial Mark) [1 CMS-initial-mark: 6331K(6848K)] 9083K(9920K), 0.0030751 secs] [Times: user=0.01 sys=0.00, real=0.01 secs] 
154.841: [CMS-concurrent-mark-start]
154.841: [GC (Allocation Failure) 154.841: [ParNew (promotion failed): 2751K->3022K(3072K), 0.0217313 secs]154.862: [CMS154.866: [CMS-concurrent-mark: 0.004/0.025 secs] [Times: user=0.16 sys=0.00, real=0.02 secs] 
 (concurrent mode failure): 6333K->6331K(6848K), 0.0205918 secs] 9083K->9083K(9920K), [Metaspace: 3748K->3748K(1056768K)], 0.0424026 secs] [Times: user=0.18 sys=0.00, real=0.04 secs] 
154.884: [GC (Allocation Failure) 154.884: [ParNew (promotion failed): 2751K->2997K(3072K), 0.0160629 secs]154.900: [CMS: 6333K->6331K(6848K), 0.0166017 secs] 9083K->9083K(9920K), [Metaspace: 3748K->3748K(1056768K)], 0.0327478 secs] [Times: user=0.13 sys=0.00, real=0.03 secs] 
154.917: [GC (CMS Initial Mark) [1 CMS-initial-mark: 6331K(6848K)] 9083K(9920K), 0.0030843 secs] [Times: user=0.00 sys=0.00, real=0.01 secs] 
154.920: [CMS-concurrent-mark-start]
154.921: [GC (Allocation Failure) 154.921: [ParNew (promotion failed): 2751K->2997K(3072K), 0.0171337 secs]154.938: [CMS154.941: [CMS-concurrent-mark: 0.004/0.021 secs] [Times: user=0.12 sys=0.00, real=0.02 secs] 
 (concurrent mode failure): 6333K->6331K(6848K), 0.0196093 secs] 9083K->9083K(9920K), [Metaspace: 3748K->3748K(1056768K)], 0.0368080 secs] [Times: user=0.13 sys=0.00, real=0.03 secs] 
154.958: [GC (Allocation Failure) 154.958: [ParNew (promotion failed): 2751K->2997K(3072K), 0.0181196 secs]154.976: [CMS: 6333K->6331K(6848K), 0.0165905 secs] 9083K->9083K(9920K), [Metaspace: 3748K->3748K(1056768K)], 0.0347809 secs] [Times: user=0.15 sys=0.00, real=0.04 secs] 
154.993: [GC (CMS Initial Mark) [1 CMS-initial-mark: 6331K(6848K)] 9083K(9920K), 0.0030537 secs] [Times: user=0.01 sys=0.00, real=0.00 secs] 
154.996: [CMS-concurrent-mark-start]
154.996: [GC (Allocation Failure) 154.996: [ParNew (promotion failed): 2751K->2997K(3072K), 0.0232092 secs]155.019: [CMS155.023: [CMS-concurrent-mark: 0.003/0.027 secs] [Times: user=0.18 sys=0.00, real=0.03 secs] 
 (concurrent mode failure): 6333K->6331K(6848K), 0.0199777 secs] 9083K->9083K(9920K), [Metaspace: 3748K->3748K(1056768K)], 0.0432543 secs] [Times: user=0.19 sys=0.00, real=0.04 secs] 
155.040: [GC (Allocation Failure) 155.040: [ParNew (promotion failed): 2751K->3022K(3072K), 0.0149708 secs]155.055: [CMS: 6333K->6331K(6848K), 0.0165332 secs] 9083K->9083K(9920K), [Metaspace: 3748K->3748K(1056768K)], 0.0315615 secs] [Times: user=0.13 sys=0.00, real=0.03 secs] 
155.072: [GC (CMS Initial Mark) [1 CMS-initial-mark: 6331K(6848K)] 9083K(9920K), 0.0030562 secs] [Times: user=0.00 sys=0.00, real=0.00 secs] 
155.075: [CMS-concurrent-mark-start]
155.075: [GC (Allocation Failure) 155.075: [ParNew (promotion failed): 2751K->2997K(3072K), 0.0157288 secs]155.091: [CMS155.094: [CMS-concurrent-mark: 0.004/0.019 secs] [Times: user=0.13 sys=0.00, real=0.02 secs] 
 (concurrent mode failure): 6333K->6331K(6848K), 0.0200325 secs] 9083K->9083K(9920K), [Metaspace: 3748K->3748K(1056768K)], 0.0358286 secs] [Times: user=0.14 sys=0.00, real=0.04 secs] 
155.111: [GC (Allocation Failure) 155.111: [ParNew (promotion failed): 2751K->3022K(3072K), 0.0166614 secs]155.128: [CMS: 6333K->6331K(6848K), 0.0166457 secs] 9083K->9083K(9920K), [Metaspace: 3748K->3748K(1056768K)], 0.0333675 secs] [Times: user=0.14 sys=0.01, real=0.03 secs] 
155.145: [GC (CMS Initial Mark) [1 CMS-initial-mark: 6331K(6848K)] 9083K(9920K), 0.0030346 secs] [Times: user=0.00 sys=0.00, real=0.00 secs] 
155.149: [CMS-concurrent-mark-start]
155.149: [GC (Allocation Failure) 155.149: [ParNew (promotion failed): 2751K->2997K(3072K), 0.0171932 secs]155.166: [CMS155.169: [CMS-concurrent-mark: 0.004/0.021 secs] [Times: user=0.13 sys=0.00, real=0.02 secs] 
 (concurrent mode failure): 6333K->6331K(6848K), 0.0201690 secs] 9083K->9083K(9920K), [Metaspace: 3748K->3748K(1056768K)], 0.0374297 secs] [Times: user=0.14 sys=0.00, real=0.04 secs] 
155.187: [GC (Allocation Failure) 155.187: [ParNew (promotion failed): 2751K->2997K(3072K), 0.0217500 secs]155.209: [CMS: 6333K->6331K(6848K), 0.0166360 secs] 9083K->9083K(9920K), [Metaspace: 3748K->3748K(1056768K)], 0.0384604 secs] [Times: user=0.18 sys=0.00, real=0.04 secs] 
155.226: [GC (CMS Initial Mark) [1 CMS-initial-mark: 6331K(6848K)] 9083K(9920K), 0.0030575 secs] [Times: user=0.00 sys=0.00, real=0.00 secs] 
155.229: [CMS-concurrent-mark-start]
155.229: [GC (Allocation Failure) 155.229: [ParNew (promotion failed): 2751K->3046K(3072K), 0.0214325 secs]155.251: [CMS155.254: [CMS-concurrent-mark: 0.004/0.025 secs] [Times: user=0.16 sys=0.00, real=0.03 secs] 
 (concurrent mode failure): 6333K->6331K(6848K), 0.0201256 secs] 9083K->9083K(9920K), [Metaspace: 3748K->3748K(1056768K)], 0.0416367 secs] [Times: user=0.18 sys=0.00, real=0.05 secs] 
155.271: [GC (Allocation Failure) 155.271: [ParNew (promotion failed): 2751K->3022K(3072K), 0.0162285 secs]155.287: [CMS: 6333K->6331K(6848K), 0.0166927 secs] 9083K->9083K(9920K), [Metaspace: 3748K->3748K(1056768K)], 0.0329943 secs] [Times: user=0.13 sys=0.00, real=0.03 secs] 
155.304: [GC (CMS Initial Mark) [1 CMS-initial-mark: 6331K(6848K)] 9083K(9920K), 0.0030849 secs] [Times: user=0.00 sys=0.00, real=0.00 secs] 
155.308: [CMS-concurrent-mark-start]
155.308: [GC (Allocation Failure) 155.308: [ParNew (promotion failed): 2751K->3022K(3072K), 0.0138924 secs]155.321: [CMS155.325: [CMS-concurrent-mark: 0.003/0.017 secs] [Times: user=0.11 sys=0.00, real=0.02 secs] 
 (concurrent mode failure): 6333K->6331K(6848K), 0.0200591 secs] 9083K->9083K(9920K), [Metaspace: 3748K->3748K(1056768K)], 0.0340181 secs] [Times: user=0.12 sys=0.00, real=0.04 secs] 
155.342: [GC (Allocation Failure) 155.342: [ParNew (promotion failed): 2751K->3022K(3072K), 0.0167608 secs]155.359: [CMS: 6333K->6331K(6848K), 0.0166023 secs] 9083K->9083K(9920K), [Metaspace: 3748K->3748K(1056768K)], 0.0334326 secs] [Times: user=0.15 sys=0.00, real=0.03 secs] 
155.376: [GC (CMS Initial Mark) [1 CMS-initial-mark: 6331K(6848K)] 9083K(9920K), 0.0030582 secs] [Times: user=0.00 sys=0.00, real=0.00 secs] 
155.379: [CMS-concurrent-mark-start]
155.379: [GC (Allocation Failure) 155.379: [ParNew (promotion failed): 2751K->2997K(3072K), 0.0177949 secs]155.397: [CMS155.400: [CMS-concurrent-mark: 0.004/0.021 secs] [Times: user=0.14 sys=0.01, real=0.03 secs] 
 (concurrent mode failure): 6333K->6331K(6848K), 0.0202675 secs] 9083K->9083K(9920K), [Metaspace: 3748K->3748K(1056768K)], 0.0381293 secs] [Times: user=0.15 sys=0.01, real=0.04 secs] 
155.418: [GC (Allocation Failure) 155.418: [ParNew (promotion failed): 2751K->2997K(3072K), 0.0147216 secs]155.433: [CMS: 6333K->6331K(6848K), 0.0165763 secs] 9083K->9083K(9920K), [Metaspace: 3748K->3748K(1056768K)], 0.0313708 secs] [Times: user=0.12 sys=0.00, real=0.03 secs] 
155.450: [GC (CMS Initial Mark) [1 CMS-initial-mark: 6331K(6848K)] 9083K(9920K), 0.0030467 secs] [Times: user=0.00 sys=0.00, real=0.00 secs] 
155.453: [CMS-concurrent-mark-start]
155.453: [GC (Allocation Failure) 155.453: [ParNew (promotion failed): 2751K->3046K(3072K), 0.0246564 secs]155.478: [CMS155.481: [CMS-concurrent-mark: 0.004/0.028 secs] [Times: user=0.20 sys=0.00, real=0.03 secs] 
 (concurrent mode failure): 6333K->6331K(6848K), 0.0194541 secs] 9083K->9083K(9920K), [Metaspace: 3748K->3748K(1056768K)], 0.0441698 secs] [Times: user=0.21 sys=0.00, real=0.04 secs] 
155.498: [GC (Allocation Failure) 155.498: [ParNew (promotion failed): 2751K->3022K(3072K), 0.0198349 secs]155.518: [CMS: 6333K->6331K(6848K), 0.0169466 secs] 9083K->9083K(9920K), [Metaspace: 3748K->3748K(1056768K)], 0.0368485 secs] [Times: user=0.14 sys=0.00, real=0.04 secs] 
155.535: [GC (CMS Initial Mark) [1 CMS-initial-mark: 6331K(6848K)] 9083K(9920K), 0.0032132 secs] [Times: user=0.00 sys=0.00, real=0.00 secs] 
155.539: [CMS-concurrent-mark-start]
155.539: [GC (Allocation Failure) 155.539: [ParNew (promotion failed): 2751K->3022K(3072K), 0.0197294 secs]155.558: [CMS155.562: [CMS-concurrent-mark: 0.003/0.023 secs] [Times: user=0.14 sys=0.00, real=0.03 secs] 
 (concurrent mode failure): 6333K->6331K(6848K), 0.0202400 secs] 9083K->9083K(9920K), [Metaspace: 3748K->3748K(1056768K)], 0.0400440 secs] [Times: user=0.16 sys=0.00, real=0.04 secs] 
155.579: [GC (Allocation Failure) 155.579: [ParNew (promotion failed): 2751K->3022K(3072K), 0.0183518 secs]155.597: [CMS: 6333K->6331K(6848K), 0.0166208 secs] 9083K->9083K(9920K), [Metaspace: 3748K->3748K(1056768K)], 0.0350358 secs] [Times: user=0.15 sys=0.00, real=0.04 secs] 
155.614: [GC (CMS Initial Mark) [1 CMS-initial-mark: 6331K(6848K)] 9083K(9920K), 0.0030715 secs] [Times: user=0.00 sys=0.00, real=0.00 secs] 
155.617: [CMS-concurrent-mark-start]
155.618: [GC (Allocation Failure) 155.618: [ParNew (promotion failed): 2751K->2997K(3072K), 0.0230732 secs]155.641: [CMS155.644: [CMS-concurrent-mark: 0.004/0.027 secs] [Times: user=0.18 sys=0.00, real=0.03 secs] 
 (concurrent mode failure): 6333K->6331K(6848K), 0.0202512 secs] 9083K->9083K(9920K), [Metaspace: 3748K->3748K(1056768K)], 0.0433950 secs] [Times: user=0.19 sys=0.00, real=0.05 secs] 
155.661: [GC (Allocation Failure) 155.661: [ParNew (promotion failed): 2751K->3046K(3072K), 0.0152968 secs]155.677: [CMS: 6333K->6331K(6848K), 0.0165463 secs] 9083K->9083K(9920K), [Metaspace: 3748K->3748K(1056768K)], 0.0319054 secs] [Times: user=0.14 sys=0.00, real=0.03 secs] 
155.694: [GC (CMS Initial Mark) [1 CMS-initial-mark: 6331K(6848K)] 9083K(9920K), 0.0030656 secs] [Times: user=0.00 sys=0.00, real=0.00 secs] 
155.697: [CMS-concurrent-mark-start]
155.697: [GC (Allocation Failure) 155.697: [ParNew (promotion failed): 2751K->3022K(3072K), 0.0145975 secs]155.712: [CMS155.715: [CMS-concurrent-mark: 0.003/0.018 secs] [Times: user=0.11 sys=0.00, real=0.02 secs] 
 (concurrent mode failure): 6333K->6331K(6848K), 0.0198652 secs] 9083K->9083K(9920K), [Metaspace: 3748K->3748K(1056768K)], 0.0345188 secs] [Times: user=0.13 sys=0.01, real=0.04 secs] 
155.733: [GC (Allocation Failure) 155.733: [ParNew (promotion failed): 2751K->3022K(3072K), 0.0184247 secs]155.751: [CMS: 6333K->6331K(6848K), 0.0165656 secs] 9083K->9083K(9920K), [Metaspace: 3748K->3748K(1056768K)], 0.0350579 secs] [Times: user=0.15 sys=0.00, real=0.03 secs] 
155.768: [GC (CMS Initial Mark) [1 CMS-initial-mark: 6331K(6848K)] 9083K(9920K), 0.0030700 secs] [Times: user=0.00 sys=0.00, real=0.01 secs] 
155.771: [CMS-concurrent-mark-start]
155.771: [GC (Allocation Failure) 155.772: [ParNew (promotion failed): 2751K->2997K(3072K), 0.0220817 secs]155.794: [CMS155.797: [CMS-concurrent-mark: 0.004/0.026 secs] [Times: user=0.17 sys=0.00, real=0.02 secs] 
 (concurrent mode failure): 6333K->6331K(6848K), 0.0197915 secs] 9083K->9083K(9920K), [Metaspace: 3748K->3748K(1056768K)], 0.0419448 secs] [Times: user=0.19 sys=0.00, real=0.04 secs] 
155.814: [GC (Allocation Failure) 155.814: [ParNew (promotion failed): 2751K->3022K(3072K), 0.0162835 secs]155.830: [CMS: 6333K->6331K(6848K), 0.0165349 secs] 9083K->9083K(9920K), [Metaspace: 3748K->3748K(1056768K)], 0.0328860 secs] [Times: user=0.14 sys=0.00, real=0.03 secs] 
155.847: [GC (CMS Initial Mark) [1 CMS-initial-mark: 6331K(6848K)] 9083K(9920K), 0.0030733 secs] [Times: user=0.00 sys=0.00, real=0.01 secs] 
155.850: [CMS-concurrent-mark-start]
155.850: [GC (Allocation Failure) 155.850: [ParNew (promotion failed): 2751K->2997K(3072K), 0.0215909 secs]155.872: [CMS155.875: [CMS-concurrent-mark: 0.003/0.025 secs] [Times: user=0.17 sys=0.00, real=0.02 secs] 
 (concurrent mode failure): 6333K->6331K(6848K), 0.0198810 secs] 9083K->9083K(9920K), [Metaspace: 3748K->3748K(1056768K)], 0.0415394 secs] [Times: user=0.19 sys=0.00, real=0.04 secs] 
155.892: [GC (Allocation Failure) 155.892: [ParNew (promotion failed): 2751K->3022K(3072K), 0.0213230 secs]155.913: [CMS: 6333K->6331K(6848K), 0.0166542 secs] 9083K->9083K(9920K), [Metaspace: 3748K->3748K(1056768K)], 0.0380498 secs] [Times: user=0.18 sys=0.00, real=0.04 secs] 
155.930: [GC (CMS Initial Mark) [1 CMS-initial-mark: 6331K(6848K)] 9083K(9920K), 0.0030547 secs] [Times: user=0.00 sys=0.00, real=0.00 secs] 
155.934: [CMS-concurrent-mark-start]
155.934: [GC (Allocation Failure) 155.934: [ParNew (promotion failed): 2751K->3022K(3072K), 0.0142686 secs]155.948: [CMS155.951: [CMS-concurrent-mark: 0.003/0.018 secs] [Times: user=0.10 sys=0.00, real=0.02 secs] 
 (concurrent mode failure): 6333K->6331K(6848K), 0.0199964 secs] 9083K->9083K(9920K), [Metaspace: 3748K->3748K(1056768K)], 0.0343415 secs] [Times: user=0.12 sys=0.00, real=0.03 secs] 
155.969: [GC (Allocation Failure) 155.969: [ParNew (promotion failed): 2751K->2997K(3072K), 0.0219328 secs]155.991: [CMS: 6333K->6331K(6848K), 0.0165167 secs] 9083K->9083K(9920K), [Metaspace: 3748K->3748K(1056768K)], 0.0385158 secs] [Times: user=0.18 sys=0.00, real=0.04 secs] 
156.008: [GC (CMS Initial Mark) [1 CMS-initial-mark: 6331K(6848K)] 9083K(9920K), 0.0030920 secs] [Times: user=0.01 sys=0.00, real=0.01 secs] 
156.011: [CMS-concurrent-mark-start]
156.011: [GC (Allocation Failure) 156.011: [ParNew (promotion failed): 2751K->2997K(3072K), 0.0169974 secs]156.028: [CMS156.031: [CMS-concurrent-mark: 0.004/0.021 secs] [Times: user=0.13 sys=0.00, real=0.02 secs] 
 (concurrent mode failure): 6333K->6331K(6848K), 0.0196123 secs] 9083K->9083K(9920K), [Metaspace: 3748K->3748K(1056768K)], 0.0366685 secs] [Times: user=0.15 sys=0.00, real=0.03 secs] 
156.049: [GC (Allocation Failure) 156.049: [ParNew (promotion failed): 2751K->2997K(3072K), 0.0222078 secs]156.071: [CMS: 6333K->6331K(6848K), 0.0166842 secs] 9083K->9083K(9920K), [Metaspace: 3748K->3748K(1056768K)], 0.0389562 secs] [Times: user=0.18 sys=0.00, real=0.04 secs] 
156.088: [GC (CMS Initial Mark) [1 CMS-initial-mark: 6331K(6848K)] 9083K(9920K), 0.0030619 secs] [Times: user=0.00 sys=0.00, real=0.01 secs] 
156.091: [CMS-concurrent-mark-start]
156.091: [GC (Allocation Failure) 156.091: [ParNew (promotion failed): 2751K->2997K(3072K), 0.0175179 secs]156.109: [CMS156.112: [CMS-concurrent-mark: 0.003/0.021 secs] [Times: user=0.14 sys=0.00, real=0.02 secs] 
 (concurrent mode failure): 6333K->6331K(6848K), 0.0199826 secs] 9083K->9083K(9920K), [Metaspace: 3748K->3748K(1056768K)], 0.0375679 secs] [Times: user=0.16 sys=0.00, real=0.03 secs] 
156.129: [GC (Allocation Failure) 156.129: [ParNew (promotion failed): 2751K->2997K(3072K), 0.0167011 secs]156.146: [CMS: 6333K->6331K(6848K), 0.0164204 secs] 9083K->9083K(9920K), [Metaspace: 3748K->3748K(1056768K)], 0.0331881 secs] [Times: user=0.14 sys=0.01, real=0.04 secs] 
156.162: [GC (CMS Initial Mark) [1 CMS-initial-mark: 6331K(6848K)] 9083K(9920K), 0.0030812 secs] [Times: user=0.00 sys=0.00, real=0.00 secs] 
156.166: [CMS-concurrent-mark-start]
156.166: [GC (Allocation Failure) 156.166: [ParNew (promotion failed): 2751K->2997K(3072K), 0.0226007 secs]156.188: [CMS156.192: [CMS-concurrent-mark: 0.004/0.026 secs] [Times: user=0.18 sys=0.00, real=0.03 secs] 
 (concurrent mode failure): 6333K->6331K(6848K), 0.0198315 secs] 9083K->9083K(9920K), [Metaspace: 3748K->3748K(1056768K)], 0.0424924 secs] [Times: user=0.20 sys=0.00, real=0.04 secs] 
156.209: [GC (Allocation Failure) 156.209: [ParNew (promotion failed): 2751K->2997K(3072K), 0.0175113 secs]156.226: [CMS: 6333K->6331K(6848K), 0.0164782 secs] 9083K->9083K(9920K), [Metaspace: 3748K->3748K(1056768K)], 0.0340637 secs] [Times: user=0.13 sys=0.00, real=0.04 secs] 
156.243: [GC (CMS Initial Mark) [1 CMS-initial-mark: 6331K(6848K)] 9083K(9920K), 0.0030445 secs] [Times: user=0.00 sys=0.00, real=0.00 secs] 
156.247: [CMS-concurrent-mark-start]
156.247: [GC (Allocation Failure) 156.247: [ParNew (promotion failed): 2751K->2997K(3072K), 0.0230342 secs]156.270: [CMS156.273: [CMS-concurrent-mark: 0.003/0.027 secs] [Times: user=0.18 sys=0.00, real=0.03 secs] 
 (concurrent mode failure): 6333K->6331K(6848K), 0.0199653 secs] 9083K->9083K(9920K), [Metaspace: 3748K->3748K(1056768K)], 0.0430614 secs] [Times: user=0.19 sys=0.00, real=0.05 secs] 
156.290: [GC (Allocation Failure) 156.290: [ParNew (promotion failed): 2751K->3022K(3072K), 0.0175490 secs]156.308: [CMS: 6333K->6331K(6848K), 0.0165952 secs] 9083K->9083K(9920K), [Metaspace: 3748K->3748K(1056768K)], 0.0342102 secs] [Times: user=0.14 sys=0.00, real=0.03 secs] 
156.325: [GC (CMS Initial Mark) [1 CMS-initial-mark: 6331K(6848K)] 9083K(9920K), 0.0030362 secs] [Times: user=0.01 sys=0.00, real=0.00 secs] 
156.328: [CMS-concurrent-mark-start]
156.329: [GC (Allocation Failure) 156.329: [ParNew (promotion failed): 2751K->2997K(3072K), 0.0149528 secs]156.343: [CMS156.347: [CMS-concurrent-mark: 0.003/0.019 secs] [Times: user=0.12 sys=0.00, real=0.02 secs] 
 (concurrent mode failure): 6333K->6331K(6848K), 0.0196626 secs] 9083K->9083K(9920K), [Metaspace: 3748K->3748K(1056768K)], 0.0346826 secs] [Times: user=0.13 sys=0.00, real=0.04 secs] 
156.363: [GC (Allocation Failure) 156.363: [ParNew (promotion failed): 2751K->3022K(3072K), 0.0163454 secs]156.380: [CMS: 6333K->6331K(6848K), 0.0164147 secs] 9083K->9083K(9920K), [Metaspace: 3748K->3748K(1056768K)], 0.0328186 secs] [Times: user=0.14 sys=0.00, real=0.03 secs] 
156.396: [GC (CMS Initial Mark) [1 CMS-initial-mark: 6331K(6848K)] 9083K(9920K), 0.0030611 secs] [Times: user=0.01 sys=0.00, real=0.00 secs] 
156.400: [CMS-concurrent-mark-start]
156.400: [GC (Allocation Failure) 156.400: [ParNew (promotion failed): 2751K->2997K(3072K), 0.0226412 secs]156.422: [CMS156.426: [CMS-concurrent-mark: 0.003/0.026 secs] [Times: user=0.17 sys=0.00, real=0.02 secs] 
 (concurrent mode failure): 6333K->6331K(6848K), 0.0198971 secs] 9083K->9083K(9920K), [Metaspace: 3748K->3748K(1056768K)], 0.0426033 secs] [Times: user=0.19 sys=0.00, real=0.04 secs] 
156.443: [GC (Allocation Failure) 156.443: [ParNew (promotion failed): 2751K->2997K(3072K), 0.0209680 secs]156.464: [CMS: 6333K->6331K(6848K), 0.0165219 secs] 9083K->9083K(9920K), [Metaspace: 3748K->3748K(1056768K)], 0.0375600 secs] [Times: user=0.17 sys=0.00, real=0.04 secs] 
156.481: [GC (CMS Initial Mark) [1 CMS-initial-mark: 6331K(6848K)] 9083K(9920K), 0.0030600 secs] [Times: user=0.00 sys=0.00, real=0.00 secs] 
156.484: [CMS-concurrent-mark-start]
156.484: [GC (Allocation Failure) 156.484: [ParNew (promotion failed): 2751K->2997K(3072K), 0.0138555 secs]156.498: [CMS156.501: [CMS-concurrent-mark: 0.003/0.017 secs] [Times: user=0.11 sys=0.01, real=0.02 secs] 
 (concurrent mode failure): 6333K->6331K(6848K), 0.0199976 secs] 9083K->9083K(9920K), [Metaspace: 3748K->3748K(1056768K)], 0.0339125 secs] [Times: user=0.12 sys=0.01, real=0.03 secs] 
156.518: [GC (Allocation Failure) 156.518: [ParNew (promotion failed): 2751K->2997K(3072K), 0.0127444 secs]156.531: [CMS: 6333K->6331K(6848K), 0.0165230 secs] 9083K->9083K(9920K), [Metaspace: 3748K->3748K(1056768K)], 0.0293236 secs] [Times: user=0.10 sys=0.00, real=0.03 secs] 
156.548: [GC (CMS Initial Mark) [1 CMS-initial-mark: 6331K(6848K)] 9083K(9920K), 0.0030404 secs] [Times: user=0.01 sys=0.00, real=0.01 secs] 
156.551: [CMS-concurrent-mark-start]
156.552: [GC (Allocation Failure) 156.552: [ParNew (promotion failed): 2751K->2997K(3072K), 0.0140250 secs]156.566: [CMS156.569: [CMS-concurrent-mark: 0.004/0.018 secs] [Times: user=0.10 sys=0.00, real=0.01 secs] 
 (concurrent mode failure): 6333K->6331K(6848K), 0.0195882 secs] 9083K->9083K(9920K), [Metaspace: 3748K->3748K(1056768K)], 0.0336803 secs] [Times: user=0.12 sys=0.00, real=0.03 secs] 
156.586: [GC (Allocation Failure) 156.586: [ParNew (promotion failed): 2751K->2997K(3072K), 0.0197768 secs]156.606: [CMS: 6333K->6331K(6848K), 0.0165335 secs] 9083K->9083K(9920K), [Metaspace: 3748K->3748K(1056768K)], 0.0363707 secs] [Times: user=0.16 sys=0.00, real=0.04 secs] 
156.623: [GC (CMS Initial Mark) [1 CMS-initial-mark: 6331K(6848K)] 9083K(9920K), 0.0030403 secs] [Times: user=0.01 sys=0.00, real=0.00 secs] 
156.626: [CMS-concurrent-mark-start]
156.626: [GC (Allocation Failure) 156.626: [ParNew (promotion failed): 2751K->3022K(3072K), 0.0150840 secs]156.641: [CMS156.644: [CMS-concurrent-mark: 0.003/0.019 secs] [Times: user=0.12 sys=0.00, real=0.02 secs] 
 (concurrent mode failure): 6333K->6331K(6848K), 0.0200907 secs] 9083K->9083K(9920K), [Metaspace: 3748K->3748K(1056768K)], 0.0352316 secs] [Times: user=0.13 sys=0.00, real=0.04 secs] 
156.661: [GC (Allocation Failure) 156.661: [ParNew (promotion failed): 2751K->3022K(3072K), 0.0147635 secs]156.676: [CMS: 6333K->6331K(6848K), 0.0165343 secs] 9083K->9083K(9920K), [Metaspace: 3748K->3748K(1056768K)], 0.0313590 secs] [Times: user=0.13 sys=0.00, real=0.03 secs] 
156.693: [GC (CMS Initial Mark) [1 CMS-initial-mark: 6331K(6848K)] 9083K(9920K), 0.0030367 secs] [Times: user=0.00 sys=0.00, real=0.00 secs] 
156.696: [CMS-concurrent-mark-start]
156.696: [GC (Allocation Failure) 156.696: [ParNew (promotion failed): 2751K->2997K(3072K), 0.0169462 secs]156.713: [CMS156.717: [CMS-concurrent-mark: 0.004/0.021 secs] [Times: user=0.14 sys=0.00, real=0.02 secs] 
 (concurrent mode failure): 6333K->6331K(6848K), 0.0198131 secs] 9083K->9083K(9920K), [Metaspace: 3748K->3748K(1056768K)], 0.0368255 secs] [Times: user=0.15 sys=0.00, real=0.04 secs] 
156.734: [GC (Allocation Failure) 156.734: [ParNew (promotion failed): 2751K->2997K(3072K), 0.0153791 secs]156.749: [CMS: 6333K->6331K(6848K), 0.0164464 secs] 9083K->9083K(9920K), [Metaspace: 3748K->3748K(1056768K)], 0.0318943 secs] [Times: user=0.13 sys=0.00, real=0.03 secs] 
156.766: [GC (CMS Initial Mark) [1 CMS-initial-mark: 6331K(6848K)] 9083K(9920K), 0.0030628 secs] [Times: user=0.00 sys=0.00, real=0.00 secs] 
156.769: [CMS-concurrent-mark-start]
156.769: [GC (Allocation Failure) 156.769: [ParNew (promotion failed): 2751K->3022K(3072K), 0.0148421 secs]156.784: [CMS156.788: [CMS-concurrent-mark: 0.003/0.018 secs] [Times: user=0.12 sys=0.00, real=0.02 secs] 
 (concurrent mode failure): 6333K->6331K(6848K), 0.0200239 secs] 9083K->9083K(9920K), [Metaspace: 3748K->3748K(1056768K)], 0.0349323 secs] [Times: user=0.13 sys=0.00, real=0.04 secs] 
156.805: [GC (Allocation Failure) 156.805: [ParNew (promotion failed): 2751K->3022K(3072K), 0.0178517 secs]156.823: [CMS: 6333K->6331K(6848K), 0.0164502 secs] 9083K->9083K(9920K), [Metaspace: 3748K->3748K(1056768K)], 0.0343671 secs] [Times: user=0.15 sys=0.00, real=0.03 secs] 
156.840: [GC (CMS Initial Mark) [1 CMS-initial-mark: 6331K(6848K)] 9083K(9920K), 0.0030659 secs] [Times: user=0.00 sys=0.01, real=0.00 secs] 
156.843: [CMS-concurrent-mark-start]
156.843: [GC (Allocation Failure) 156.843: [ParNew (promotion failed): 2751K->3022K(3072K), 0.0182314 secs]156.862: [CMS156.865: [CMS-concurrent-mark: 0.004/0.022 secs] [Times: user=0.15 sys=0.00, real=0.02 secs] 
 (concurrent mode failure): 6333K->6331K(6848K), 0.0195639 secs] 9083K->9083K(9920K), [Metaspace: 3748K->3748K(1056768K)], 0.0378581 secs] [Times: user=0.16 sys=0.00, real=0.04 secs] 
156.882: [GC (Allocation Failure) 156.882: [ParNew (promotion failed): 2751K->2997K(3072K), 0.0159909 secs]156.898: [CMS: 6333K->6331K(6848K), 0.0164233 secs] 9083K->9083K(9920K), [Metaspace: 3748K->3748K(1056768K)], 0.0324813 secs] [Times: user=0.13 sys=0.00, real=0.03 secs] 
156.914: [GC (CMS Initial Mark) [1 CMS-initial-mark: 6331K(6848K)] 9083K(9920K), 0.0030610 secs] [Times: user=0.01 sys=0.00, real=0.00 secs] 
156.917: [CMS-concurrent-mark-start]
156.917: [GC (Allocation Failure) 156.917: [ParNew (promotion failed): 2751K->2997K(3072K), 0.0207881 secs]156.938: [CMS156.942: [CMS-concurrent-mark: 0.004/0.024 secs] [Times: user=0.16 sys=0.00, real=0.03 secs] 
 (concurrent mode failure): 6333K->6331K(6848K), 0.0201366 secs] 9083K->9083K(9920K), [Metaspace: 3748K->3748K(1056768K)], 0.0409858 secs] [Times: user=0.18 sys=0.00, real=0.04 secs] 
156.959: [GC (Allocation Failure) 156.959: [ParNew (promotion failed): 2751K->2997K(3072K), 0.0187949 secs]156.978: [CMS: 6333K->6331K(6848K), 0.0166143 secs] 9083K->9083K(9920K), [Metaspace: 3748K->3748K(1056768K)], 0.0354685 secs] [Times: user=0.15 sys=0.00, real=0.04 secs] 
156.995: [GC (CMS Initial Mark) [1 CMS-initial-mark: 6331K(6848K)] 9083K(9920K), 0.0030584 secs] [Times: user=0.01 sys=0.00, real=0.00 secs] 
156.998: [CMS-concurrent-mark-start]
156.998: [GC (Allocation Failure) 156.998: [ParNew (promotion failed): 2751K->2997K(3072K), 0.0170311 secs]157.015: [CMS157.018: [CMS-concurrent-mark: 0.003/0.021 secs] [Times: user=0.13 sys=0.00, real=0.02 secs] 
 (concurrent mode failure): 6333K->6331K(6848K), 0.0199896 secs] 9083K->9083K(9920K), [Metaspace: 3748K->3748K(1056768K)], 0.0370771 secs] [Times: user=0.14 sys=0.00, real=0.04 secs] 
157.036: [GC (Allocation Failure) 157.036: [ParNew (promotion failed): 2751K->2972K(3072K), 0.0215424 secs]157.057: [CMS: 6333K->6331K(6848K), 0.0166281 secs] 9083K->9083K(9920K), [Metaspace: 3748K->3748K(1056768K)], 0.0382251 secs] [Times: user=0.18 sys=0.00, real=0.04 secs] 
157.074: [GC (CMS Initial Mark) [1 CMS-initial-mark: 6331K(6848K)] 9083K(9920K), 0.0030790 secs] [Times: user=0.00 sys=0.00, real=0.00 secs] 
157.077: [CMS-concurrent-mark-start]
157.078: [GC (Allocation Failure) 157.078: [ParNew (promotion failed): 2751K->3022K(3072K), 0.0186392 secs]157.097: [CMS157.100: [CMS-concurrent-mark: 0.003/0.022 secs] [Times: user=0.15 sys=0.00, real=0.03 secs] 
 (concurrent mode failure): 6333K->6331K(6848K), 0.0194194 secs] 9083K->9083K(9920K), [Metaspace: 3748K->3748K(1056768K)], 0.0381203 secs] [Times: user=0.16 sys=0.00, real=0.04 secs] 
157.117: [GC (Allocation Failure) 157.117: [ParNew (promotion failed): 2751K->2997K(3072K), 0.0160892 secs]157.133: [CMS: 6333K->6331K(6848K), 0.0165571 secs] 9083K->9083K(9920K), [Metaspace: 3748K->3748K(1056768K)], 0.0327182 secs] [Times: user=0.14 sys=0.00, real=0.03 secs] 
157.150: [GC (CMS Initial Mark) [1 CMS-initial-mark: 6331K(6848K)] 9083K(9920K), 0.0030435 secs] [Times: user=0.00 sys=0.00, real=0.00 secs] 
157.153: [CMS-concurrent-mark-start]
157.153: [GC (Allocation Failure) 157.153: [ParNew (promotion failed): 2751K->2997K(3072K), 0.0162512 secs]157.169: [CMS157.173: [CMS-concurrent-mark: 0.003/0.020 secs] [Times: user=0.13 sys=0.00, real=0.02 secs] 
 (concurrent mode failure): 6333K->6331K(6848K), 0.0198348 secs] 9083K->9083K(9920K), [Metaspace: 3748K->3748K(1056768K)], 0.0361464 secs] [Times: user=0.15 sys=0.00, real=0.03 secs] 
157.189: [GC (Allocation Failure) 157.189: [ParNew (promotion failed): 2751K->2997K(3072K), 0.0165776 secs]157.206: [CMS: 6333K->6331K(6848K), 0.0163847 secs] 9083K->9083K(9920K), [Metaspace: 3748K->3748K(1056768K)], 0.0330279 secs] [Times: user=0.14 sys=0.00, real=0.04 secs] 
157.223: [GC (CMS Initial Mark) [1 CMS-initial-mark: 6331K(6848K)] 9083K(9920K), 0.0030651 secs] [Times: user=0.00 sys=0.00, real=0.00 secs] 
157.226: [CMS-concurrent-mark-start]
157.226: [GC (Allocation Failure) 157.226: [ParNew (promotion failed): 2751K->3022K(3072K), 0.0253664 secs]157.251: [CMS157.255: [CMS-concurrent-mark: 0.004/0.029 secs] [Times: user=0.20 sys=0.01, real=0.03 secs] 
 (concurrent mode failure): 6333K->6331K(6848K), 0.0197882 secs] 9083K->9083K(9920K), [Metaspace: 3748K->3748K(1056768K)], 0.0452131 secs] [Times: user=0.22 sys=0.01, real=0.05 secs] 
157.272: [GC (Allocation Failure) 157.272: [ParNew (promotion failed): 2751K->3022K(3072K), 0.0229917 secs]157.295: [CMS: 6333K->6331K(6848K), 0.0165340 secs] 9083K->9083K(9920K), [Metaspace: 3748K->3748K(1056768K)], 0.0395818 secs] [Times: user=0.19 sys=0.00, real=0.04 secs] 
157.312: [GC (CMS Initial Mark) [1 CMS-initial-mark: 6331K(6848K)] 9083K(9920K), 0.0030472 secs] [Times: user=0.00 sys=0.00, real=0.00 secs] 
157.315: [CMS-concurrent-mark-start]
157.315: [GC (Allocation Failure) 157.315: [ParNew (promotion failed): 2751K->2997K(3072K), 0.0180940 secs]157.333: [CMS157.337: [CMS-concurrent-mark: 0.003/0.022 secs] [Times: user=0.14 sys=0.00, real=0.02 secs] 
 (concurrent mode failure): 6333K->6331K(6848K), 0.0199273 secs] 9083K->9083K(9920K), [Metaspace: 3748K->3748K(1056768K)], 0.0380866 secs] [Times: user=0.16 sys=0.00, real=0.04 secs] 
157.354: [GC (Allocation Failure) 157.354: [ParNew (promotion failed): 2751K->2997K(3072K), 0.0164441 secs]157.370: [CMS: 6333K->6331K(6848K), 0.0165423 secs] 9083K->9083K(9920K), [Metaspace: 3748K->3748K(1056768K)], 0.0330486 secs] [Times: user=0.14 sys=0.00, real=0.03 secs] 
157.387: [GC (CMS Initial Mark) [1 CMS-initial-mark: 6331K(6848K)] 9083K(9920K), 0.0030520 secs] [Times: user=0.01 sys=0.00, real=0.01 secs] 
157.390: [CMS-concurrent-mark-start]
157.391: [GC (Allocation Failure) 157.391: [ParNew (promotion failed): 2751K->2997K(3072K), 0.0211772 secs]157.412: [CMS157.415: [CMS-concurrent-mark: 0.003/0.025 secs] [Times: user=0.16 sys=0.00, real=0.02 secs] 
 (concurrent mode failure): 6333K->6331K(6848K), 0.0196305 secs] 9083K->9083K(9920K), [Metaspace: 3748K->3748K(1056768K)], 0.0408688 secs] [Times: user=0.18 sys=0.00, real=0.04 secs] 
157.432: [GC (Allocation Failure) 157.432: [ParNew (promotion failed): 2751K->3046K(3072K), 0.0181440 secs]157.450: [CMS: 6333K->6331K(6848K), 0.0164937 secs] 9083K->9083K(9920K), [Metaspace: 3748K->3748K(1056768K)], 0.0347042 secs] [Times: user=0.15 sys=0.00, real=0.03 secs] 
157.467: [GC (CMS Initial Mark) [1 CMS-initial-mark: 6331K(6848K)] 9083K(9920K), 0.0030552 secs] [Times: user=0.00 sys=0.00, real=0.01 secs] 
157.470: [CMS-concurrent-mark-start]
157.470: [GC (Allocation Failure) 157.470: [ParNew (promotion failed): 2751K->2997K(3072K), 0.0156099 secs]157.486: [CMS157.489: [CMS-concurrent-mark: 0.004/0.019 secs] [Times: user=0.12 sys=0.00, real=0.01 secs] 
 (concurrent mode failure): 6333K->6331K(6848K), 0.0199327 secs] 9083K->9083K(9920K), [Metaspace: 3748K->3748K(1056768K)], 0.0355981 secs] [Times: user=0.14 sys=0.00, real=0.03 secs] 
157.506: [GC (Allocation Failure) 157.506: [ParNew (promotion failed): 2751K->3022K(3072K), 0.0171668 secs]157.523: [CMS: 6333K->6331K(6848K), 0.0166296 secs] 9083K->9083K(9920K), [Metaspace: 3748K->3748K(1056768K)], 0.0338575 secs] [Times: user=0.12 sys=0.00, real=0.04 secs] 
157.540: [GC (CMS Initial Mark) [1 CMS-initial-mark: 6331K(6848K)] 9083K(9920K), 0.0030509 secs] [Times: user=0.00 sys=0.00, real=0.00 secs] 
157.543: [CMS-concurrent-mark-start]
157.543: [GC (Allocation Failure) 157.543: [ParNew (promotion failed): 2751K->3022K(3072K), 0.0210534 secs]157.564: [CMS157.568: [CMS-concurrent-mark: 0.003/0.025 secs] [Times: user=0.16 sys=0.00, real=0.02 secs] 
 (concurrent mode failure): 6333K->6331K(6848K), 0.0198979 secs] 9083K->9083K(9920K), [Metaspace: 3748K->3748K(1056768K)], 0.0410220 secs] [Times: user=0.18 sys=0.00, real=0.04 secs] 
157.585: [GC (Allocation Failure) 157.585: [ParNew (promotion failed): 2751K->3022K(3072K), 0.0159210 secs]157.601: [CMS: 6333K->6331K(6848K), 0.0166139 secs] 9083K->9083K(9920K), [Metaspace: 3748K->3748K(1056768K)], 0.0325992 secs] [Times: user=0.14 sys=0.01, real=0.03 secs] 
157.618: [GC (CMS Initial Mark) [1 CMS-initial-mark: 6331K(6848K)] 9083K(9920K), 0.0031155 secs] [Times: user=0.00 sys=0.00, real=0.01 secs] 
157.621: [CMS-concurrent-mark-start]
157.622: [GC (Allocation Failure) 157.622: [ParNew (promotion failed): 2751K->2997K(3072K), 0.0223562 secs]157.644: [CMS157.647: [CMS-concurrent-mark: 0.004/0.026 secs] [Times: user=0.17 sys=0.00, real=0.02 secs] 
 (concurrent mode failure): 6333K->6331K(6848K), 0.0197077 secs] 9083K->9083K(9920K), [Metaspace: 3748K->3748K(1056768K)], 0.0421199 secs] [Times: user=0.19 sys=0.00, real=0.04 secs] 
157.665: [GC (Allocation Failure) 157.665: [ParNew (promotion failed): 2751K->3022K(3072K), 0.0183522 secs]157.683: [CMS: 6333K->6331K(6848K), 0.0167617 secs] 9083K->9083K(9920K), [Metaspace: 3748K->3748K(1056768K)], 0.0351812 secs] [Times: user=0.15 sys=0.00, real=0.04 secs] 
157.700: [GC (CMS Initial Mark) [1 CMS-initial-mark: 6331K(6848K)] 9083K(9920K), 0.0030404 secs] [Times: user=0.00 sys=0.00, real=0.00 secs] 
157.703: [CMS-concurrent-mark-start]
157.703: [GC (Allocation Failure) 157.703: [ParNew (promotion failed): 2751K->3022K(3072K), 0.0230286 secs]157.726: [CMS157.730: [CMS-concurrent-mark: 0.003/0.027 secs] [Times: user=0.18 sys=0.00, real=0.03 secs] 
 (concurrent mode failure): 6333K->6331K(6848K), 0.0200148 secs] 9083K->9083K(9920K), [Metaspace: 3748K->3748K(1056768K)], 0.0431010 secs] [Times: user=0.20 sys=0.00, real=0.04 secs] 
157.747: [GC (Allocation Failure) 157.747: [ParNew (promotion failed): 2751K->2997K(3072K), 0.0155362 secs]157.762: [CMS: 6333K->6331K(6848K), 0.0164696 secs] 9083K->9083K(9920K), [Metaspace: 3748K->3748K(1056768K)], 0.0320718 secs] [Times: user=0.13 sys=0.00, real=0.03 secs] 
157.779: [GC (CMS Initial Mark) [1 CMS-initial-mark: 6331K(6848K)] 9083K(9920K), 0.0030581 secs] [Times: user=0.00 sys=0.00, real=0.01 secs] 
157.782: [CMS-concurrent-mark-start]
157.782: [GC (Allocation Failure) 157.782: [ParNew (promotion failed): 2751K->2997K(3072K), 0.0150699 secs]157.797: [CMS157.801: [CMS-concurrent-mark: 0.003/0.019 secs] [Times: user=0.12 sys=0.00, real=0.02 secs] 
 (concurrent mode failure): 6333K->6331K(6848K), 0.0197732 secs] 9083K->9083K(9920K), [Metaspace: 3748K->3748K(1056768K)], 0.0349029 secs] [Times: user=0.14 sys=0.00, real=0.03 secs] 
157.818: [GC (Allocation Failure) 157.818: [ParNew (promotion failed): 2751K->3022K(3072K), 0.0164413 secs]157.834: [CMS: 6333K->6331K(6848K), 0.0166100 secs] 9083K->9083K(9920K), [Metaspace: 3748K->3748K(1056768K)], 0.0331151 secs] [Times: user=0.14 sys=0.00, real=0.04 secs] 
157.852: [GC (CMS Initial Mark) [1 CMS-initial-mark: 6331K(6848K)] 9083K(9920K), 0.0030791 secs] [Times: user=0.00 sys=0.00, real=0.00 secs] 
157.855: [CMS-concurrent-mark-start]
157.855: [GC (Allocation Failure) 157.855: [ParNew (promotion failed): 2751K->3022K(3072K), 0.0189489 secs]157.874: [CMS157.877: [CMS-concurrent-mark: 0.003/0.022 secs] [Times: user=0.15 sys=0.00, real=0.02 secs] 
 (concurrent mode failure): 6333K->6331K(6848K), 0.0199179 secs] 9083K->9083K(9920K), [Metaspace: 3748K->3748K(1056768K)], 0.0389212 secs] [Times: user=0.17 sys=0.00, real=0.04 secs] 
157.894: [GC (Allocation Failure) 157.894: [ParNew (promotion failed): 2751K->2972K(3072K), 0.0222618 secs]157.917: [CMS: 6333K->6331K(6848K), 0.0164947 secs] 9083K->9083K(9920K), [Metaspace: 3748K->3748K(1056768K)], 0.0388205 secs] [Times: user=0.19 sys=0.00, real=0.04 secs] 
157.934: [GC (CMS Initial Mark) [1 CMS-initial-mark: 6331K(6848K)] 9083K(9920K), 0.0030421 secs] [Times: user=0.00 sys=0.00, real=0.00 secs] 
157.937: [CMS-concurrent-mark-start]
157.937: [GC (Allocation Failure) 157.937: [ParNew (promotion failed): 2751K->2997K(3072K), 0.0163335 secs]157.953: [CMS157.957: [CMS-concurrent-mark: 0.003/0.020 secs] [Times: user=0.13 sys=0.00, real=0.02 secs] 
 (concurrent mode failure): 6333K->6331K(6848K), 0.0196797 secs] 9083K->9083K(9920K), [Metaspace: 3748K->3748K(1056768K)], 0.0360733 secs] [Times: user=0.15 sys=0.00, real=0.04 secs] 
157.973: [GC (Allocation Failure) 157.973: [ParNew (promotion failed): 2751K->2997K(3072K), 0.0171844 secs]157.991: [CMS: 6333K->6331K(6848K), 0.0164672 secs] 9083K->9083K(9920K), [Metaspace: 3748K->3748K(1056768K)], 0.0337179 secs] [Times: user=0.14 sys=0.01, real=0.03 secs] 
158.007: [GC (CMS Initial Mark) [1 CMS-initial-mark: 6331K(6848K)] 9083K(9920K), 0.0030576 secs] [Times: user=0.01 sys=0.00, real=0.01 secs] 
158.010: [CMS-concurrent-mark-start]
158.010: [GC (Allocation Failure) 158.010: [ParNew (promotion failed): 2751K->2997K(3072K), 0.0181976 secs]158.029: [CMS158.033: [CMS-concurrent-mark: 0.004/0.022 secs] [Times: user=0.14 sys=0.00, real=0.02 secs] 
 (concurrent mode failure): 6333K->6331K(6848K), 0.0203137 secs] 9083K->9083K(9920K), [Metaspace: 3748K->3748K(1056768K)], 0.0385650 secs] [Times: user=0.16 sys=0.00, real=0.03 secs] 
158.050: [GC (Allocation Failure) 158.050: [ParNew (promotion failed): 2751K->2997K(3072K), 0.0156690 secs]158.065: [CMS: 6333K->6331K(6848K), 0.0166621 secs] 9083K->9083K(9920K), [Metaspace: 3748K->3748K(1056768K)], 0.0323909 secs] [Times: user=0.12 sys=0.00, real=0.04 secs] 
158.082: [GC (CMS Initial Mark) [1 CMS-initial-mark: 6331K(6848K)] 9083K(9920K), 0.0030736 secs] [Times: user=0.01 sys=0.00, real=0.00 secs] 
158.085: [CMS-concurrent-mark-start]
158.085: [GC (Allocation Failure) 158.085: [ParNew (promotion failed): 2751K->2997K(3072K), 0.0221370 secs]158.108: [CMS158.111: [CMS-concurrent-mark: 0.003/0.026 secs] [Times: user=0.17 sys=0.00, real=0.03 secs] 
 (concurrent mode failure): 6333K->6331K(6848K), 0.0200267 secs] 9083K->9083K(9920K), [Metaspace: 3748K->3748K(1056768K)], 0.0422271 secs] [Times: user=0.18 sys=0.00, real=0.04 secs] 
158.128: [GC (Allocation Failure) 158.128: [ParNew (promotion failed): 2751K->2997K(3072K), 0.0149971 secs]158.143: [CMS: 6333K->6331K(6848K), 0.0165335 secs] 9083K->9083K(9920K), [Metaspace: 3748K->3748K(1056768K)], 0.0315966 secs] [Times: user=0.13 sys=0.00, real=0.04 secs] 
158.160: [GC (CMS Initial Mark) [1 CMS-initial-mark: 6331K(6848K)] 9083K(9920K), 0.0030796 secs] [Times: user=0.01 sys=0.00, real=0.00 secs] 
158.164: [CMS-concurrent-mark-start]
158.164: [GC (Allocation Failure) 158.164: [ParNew (promotion failed): 2751K->3022K(3072K), 0.0163039 secs]158.180: [CMS158.183: [CMS-concurrent-mark: 0.003/0.020 secs] [Times: user=0.13 sys=0.00, real=0.02 secs] 
 (concurrent mode failure): 6333K->6331K(6848K), 0.0193875 secs] 9083K->9083K(9920K), [Metaspace: 3748K->3748K(1056768K)], 0.0357587 secs] [Times: user=0.14 sys=0.00, real=0.04 secs] 
158.200: [GC (Allocation Failure) 158.200: [ParNew (promotion failed): 2751K->2997K(3072K), 0.0225488 secs]158.223: [CMS: 6333K->6331K(6848K), 0.0165247 secs] 9083K->9083K(9920K), [Metaspace: 3748K->3748K(1056768K)], 0.0391402 secs] [Times: user=0.19 sys=0.00, real=0.04 secs] 
158.240: [GC (CMS Initial Mark) [1 CMS-initial-mark: 6331K(6848K)] 9083K(9920K), 0.0030670 secs] [Times: user=0.00 sys=0.00, real=0.00 secs] 
158.243: [CMS-concurrent-mark-start]
158.243: [GC (Allocation Failure) 158.243: [ParNew (promotion failed): 2751K->2997K(3072K), 0.0161783 secs]158.259: [CMS158.263: [CMS-concurrent-mark: 0.003/0.020 secs] [Times: user=0.13 sys=0.00, real=0.02 secs] 
 (concurrent mode failure): 6333K->6331K(6848K), 0.0199242 secs] 9083K->9083K(9920K), [Metaspace: 3748K->3748K(1056768K)], 0.0361661 secs] [Times: user=0.15 sys=0.00, real=0.03 secs] 
158.279: [GC (Allocation Failure) 158.279: [ParNew (promotion failed): 2751K->2997K(3072K), 0.0177570 secs]158.297: [CMS: 6333K->6331K(6848K), 0.0169545 secs] 9083K->9083K(9920K), [Metaspace: 3748K->3748K(1056768K)], 0.0349228 secs] [Times: user=0.15 sys=0.00, real=0.04 secs] 
158.316: [GC (CMS Initial Mark) [1 CMS-initial-mark: 6331K(6848K)] 9083K(9920K), 0.0031207 secs] [Times: user=0.00 sys=0.00, real=0.00 secs] 
158.319: [CMS-concurrent-mark-start]
158.320: [GC (Allocation Failure) 158.320: [ParNew (promotion failed): 2751K->3022K(3072K), 0.0140663 secs]158.334: [CMS158.337: [CMS-concurrent-mark: 0.004/0.018 secs] [Times: user=0.11 sys=0.00, real=0.02 secs] 
 (concurrent mode failure): 6333K->6331K(6848K), 0.0199114 secs] 9083K->9083K(9920K), [Metaspace: 3748K->3748K(1056768K)], 0.0340382 secs] [Times: user=0.13 sys=0.00, real=0.04 secs] 
158.354: [GC (Allocation Failure) 158.354: [ParNew (promotion failed): 2751K->3022K(3072K), 0.0146275 secs]158.369: [CMS: 6333K->6331K(6848K), 0.0164582 secs] 9083K->9083K(9920K), [Metaspace: 3748K->3748K(1056768K)], 0.0311433 secs] [Times: user=0.12 sys=0.01, real=0.03 secs] 
158.386: [GC (CMS Initial Mark) [1 CMS-initial-mark: 6331K(6848K)] 9083K(9920K), 0.0030585 secs] [Times: user=0.01 sys=0.00, real=0.00 secs] 
158.389: [CMS-concurrent-mark-start]
158.389: [GC (Allocation Failure) 158.389: [ParNew (promotion failed): 2751K->2997K(3072K), 0.0228279 secs]158.412: [CMS158.415: [CMS-concurrent-mark: 0.003/0.026 secs] [Times: user=0.17 sys=0.00, real=0.03 secs] 
 (concurrent mode failure): 6333K->6331K(6848K), 0.0199545 secs] 9083K->9083K(9920K), [Metaspace: 3748K->3748K(1056768K)], 0.0428475 secs] [Times: user=0.19 sys=0.00, real=0.05 secs] 
158.433: [GC (Allocation Failure) 158.433: [ParNew (promotion failed): 2751K->2997K(3072K), 0.0182329 secs]158.451: [CMS: 6333K->6331K(6848K), 0.0165078 secs] 9083K->9083K(9920K), [Metaspace: 3748K->3748K(1056768K)], 0.0347985 secs] [Times: user=0.15 sys=0.00, real=0.03 secs] 
158.468: [GC (CMS Initial Mark) [1 CMS-initial-mark: 6331K(6848K)] 9083K(9920K), 0.0030461 secs] [Times: user=0.00 sys=0.00, real=0.01 secs] 
158.471: [CMS-concurrent-mark-start]
158.471: [GC (Allocation Failure) 158.471: [ParNew (promotion failed): 2751K->2997K(3072K), 0.0156258 secs]158.487: [CMS158.490: [CMS-concurrent-mark: 0.004/0.019 secs] [Times: user=0.12 sys=0.00, real=0.02 secs] 
 (concurrent mode failure): 6333K->6331K(6848K), 0.0197967 secs] 9083K->9083K(9920K), [Metaspace: 3748K->3748K(1056768K)], 0.0354847 secs] [Times: user=0.14 sys=0.00, real=0.03 secs] 
158.507: [GC (Allocation Failure) 158.507: [ParNew (promotion failed): 2751K->2997K(3072K), 0.0185450 secs]158.526: [CMS: 6333K->6331K(6848K), 0.0166712 secs] 9083K->9083K(9920K), [Metaspace: 3748K->3748K(1056768K)], 0.0352747 secs] [Times: user=0.14 sys=0.00, real=0.04 secs] 
158.543: [GC (CMS Initial Mark) [1 CMS-initial-mark: 6331K(6848K)] 9083K(9920K), 0.0030604 secs] [Times: user=0.01 sys=0.00, real=0.00 secs] 
158.546: [CMS-concurrent-mark-start]
158.546: [GC (Allocation Failure) 158.546: [ParNew (promotion failed): 2751K->2997K(3072K), 0.0145903 secs]158.560: [CMS158.564: [CMS-concurrent-mark: 0.004/0.018 secs] [Times: user=0.11 sys=0.00, real=0.02 secs] 
 (concurrent mode failure): 6333K->6331K(6848K), 0.0200499 secs] 9083K->9083K(9920K), [Metaspace: 3748K->3748K(1056768K)], 0.0346994 secs] [Times: user=0.12 sys=0.00, real=0.04 secs] 
158.581: [GC (Allocation Failure) 158.581: [ParNew (promotion failed): 2751K->2997K(3072K), 0.0183582 secs]158.599: [CMS: 6333K->6331K(6848K), 0.0165015 secs] 9083K->9083K(9920K), [Metaspace: 3748K->3748K(1056768K)], 0.0349172 secs] [Times: user=0.16 sys=0.00, real=0.03 secs] 
158.616: [GC (CMS Initial Mark) [1 CMS-initial-mark: 6331K(6848K)] 9083K(9920K), 0.0030572 secs] [Times: user=0.00 sys=0.00, real=0.00 secs] 
158.619: [CMS-concurrent-mark-start]
158.619: [GC (Allocation Failure) 158.619: [ParNew (promotion failed): 2751K->3022K(3072K), 0.0206917 secs]158.640: [CMS158.643: [CMS-concurrent-mark: 0.003/0.024 secs] [Times: user=0.17 sys=0.00, real=0.03 secs] 
 (concurrent mode failure): 6333K->6331K(6848K), 0.0199117 secs] 9083K->9083K(9920K), [Metaspace: 3748K->3748K(1056768K)], 0.0406623 secs] [Times: user=0.18 sys=0.00, real=0.05 secs] 
158.661: [GC (Allocation Failure) 158.661: [ParNew (promotion failed): 2751K->3022K(3072K), 0.0165351 secs]158.677: [CMS: 6333K->6331K(6848K), 0.0165358 secs] 9083K->9083K(9920K), [Metaspace: 3748K->3748K(1056768K)], 0.0331320 secs] [Times: user=0.15 sys=0.00, real=0.03 secs] 
158.694: [GC (CMS Initial Mark) [1 CMS-initial-mark: 6331K(6848K)] 9083K(9920K), 0.0030757 secs] [Times: user=0.00 sys=0.00, real=0.00 secs] 
158.697: [CMS-concurrent-mark-start]
158.698: [GC (Allocation Failure) 158.698: [ParNew (promotion failed): 2751K->2997K(3072K), 0.0140169 secs]158.712: [CMS158.715: [CMS-concurrent-mark: 0.004/0.018 secs] [Times: user=0.11 sys=0.00, real=0.02 secs] 
 (concurrent mode failure): 6333K->6331K(6848K), 0.0195232 secs] 9083K->9083K(9920K), [Metaspace: 3748K->3748K(1056768K)], 0.0335937 secs] [Times: user=0.13 sys=0.00, real=0.04 secs] 
158.732: [GC (Allocation Failure) 158.732: [ParNew (promotion failed): 2751K->2997K(3072K), 0.0229045 secs]158.755: [CMS: 6333K->6331K(6848K), 0.0165901 secs] 9083K->9083K(9920K), [Metaspace: 3748K->3748K(1056768K)], 0.0395544 secs] [Times: user=0.19 sys=0.01, real=0.04 secs] 
158.772: [GC (CMS Initial Mark) [1 CMS-initial-mark: 6331K(6848K)] 9083K(9920K), 0.0030342 secs] [Times: user=0.00 sys=0.00, real=0.00 secs] 
158.775: [CMS-concurrent-mark-start]
158.775: [GC (Allocation Failure) 158.775: [ParNew (promotion failed): 2751K->3022K(3072K), 0.0161573 secs]158.791: [CMS158.795: [CMS-concurrent-mark: 0.003/0.020 secs] [Times: user=0.13 sys=0.00, real=0.02 secs] 
 (concurrent mode failure): 6333K->6331K(6848K), 0.0199325 secs] 9083K->9083K(9920K), [Metaspace: 3748K->3748K(1056768K)], 0.0361510 secs] [Times: user=0.15 sys=0.00, real=0.04 secs] 
158.811: [GC (Allocation Failure) 158.811: [ParNew (promotion failed): 2751K->3022K(3072K), 0.0187786 secs]158.830: [CMS: 6333K->6331K(6848K), 0.0164550 secs] 9083K->9083K(9920K), [Metaspace: 3748K->3748K(1056768K)], 0.0352944 secs] [Times: user=0.15 sys=0.00, real=0.03 secs] 
158.847: [GC (CMS Initial Mark) [1 CMS-initial-mark: 6331K(6848K)] 9083K(9920K), 0.0030385 secs] [Times: user=0.01 sys=0.00, real=0.01 secs] 
158.850: [CMS-concurrent-mark-start]
158.850: [GC (Allocation Failure) 158.850: [ParNew (promotion failed): 2751K->3022K(3072K), 0.0229966 secs]158.873: [CMS158.877: [CMS-concurrent-mark: 0.003/0.027 secs] [Times: user=0.18 sys=0.00, real=0.02 secs] 
 (concurrent mode failure): 6333K->6331K(6848K), 0.0197200 secs] 9083K->9083K(9920K), [Metaspace: 3748K->3748K(1056768K)], 0.0427755 secs] [Times: user=0.20 sys=0.00, real=0.04 secs] 
158.894: [GC (Allocation Failure) 158.894: [ParNew (promotion failed): 2751K->3022K(3072K), 0.0228796 secs]158.917: [CMS: 6333K->6331K(6848K), 0.0164881 secs] 9083K->9083K(9920K), [Metaspace: 3748K->3748K(1056768K)], 0.0394318 secs] [Times: user=0.19 sys=0.00, real=0.04 secs] 
158.934: [GC (CMS Initial Mark) [1 CMS-initial-mark: 6331K(6848K)] 9083K(9920K), 0.0030477 secs] [Times: user=0.00 sys=0.00, real=0.00 secs] 
158.937: [CMS-concurrent-mark-start]
158.937: [GC (Allocation Failure) 158.937: [ParNew (promotion failed): 2751K->2997K(3072K), 0.0156433 secs]158.953: [CMS158.956: [CMS-concurrent-mark: 0.003/0.019 secs] [Times: user=0.13 sys=0.00, real=0.02 secs] 
 (concurrent mode failure): 6333K->6331K(6848K), 0.0200055 secs] 9083K->9083K(9920K), [Metaspace: 3748K->3748K(1056768K)], 0.0357031 secs] [Times: user=0.14 sys=0.00, real=0.04 secs] 
158.973: [GC (Allocation Failure) 158.973: [ParNew (promotion failed): 2751K->3022K(3072K), 0.0163652 secs]158.990: [CMS: 6333K->6331K(6848K), 0.0164515 secs] 9083K->9083K(9920K), [Metaspace: 3748K->3748K(1056768K)], 0.0328787 secs] [Times: user=0.14 sys=0.00, real=0.03 secs] 
159.007: [GC (CMS Initial Mark) [1 CMS-initial-mark: 6331K(6848K)] 9083K(9920K), 0.0030393 secs] [Times: user=0.00 sys=0.00, real=0.01 secs] 
159.010: [CMS-concurrent-mark-start]
159.010: [GC (Allocation Failure) 159.010: [ParNew (promotion failed): 2751K->3022K(3072K), 0.0154885 secs]159.026: [CMS159.029: [CMS-concurrent-mark: 0.004/0.019 secs] [Times: user=0.13 sys=0.00, real=0.01 secs] 
 (concurrent mode failure): 6333K->6331K(6848K), 0.0197584 secs] 9083K->9083K(9920K), [Metaspace: 3748K->3748K(1056768K)], 0.0353088 secs] [Times: user=0.13 sys=0.00, real=0.03 secs] 
159.046: [GC (Allocation Failure) 159.046: [ParNew (promotion failed): 2751K->2997K(3072K), 0.0223196 secs]159.068: [CMS: 6333K->6331K(6848K), 0.0164133 secs] 9083K->9083K(9920K), [Metaspace: 3748K->3748K(1056768K)], 0.0387841 secs] [Times: user=0.19 sys=0.00, real=0.04 secs] 
159.085: [GC (CMS Initial Mark) [1 CMS-initial-mark: 6331K(6848K)] 9083K(9920K), 0.0030504 secs] [Times: user=0.00 sys=0.00, real=0.00 secs] 
159.088: [CMS-concurrent-mark-start]
159.088: [GC (Allocation Failure) 159.088: [ParNew (promotion failed): 2751K->2972K(3072K), 0.0175546 secs]159.105: [CMS159.109: [CMS-concurrent-mark: 0.003/0.021 secs] [Times: user=0.14 sys=0.00, real=0.02 secs] 
 (concurrent mode failure): 6333K->6331K(6848K), 0.0199195 secs] 9083K->9083K(9920K), [Metaspace: 3748K->3748K(1056768K)], 0.0375333 secs] [Times: user=0.16 sys=0.00, real=0.04 secs] 
159.126: [GC (Allocation Failure) 159.126: [ParNew (promotion failed): 2751K->3022K(3072K), 0.0181502 secs]159.144: [CMS: 6333K->6331K(6848K), 0.0165236 secs] 9083K->9083K(9920K), [Metaspace: 3748K->3748K(1056768K)], 0.0347393 secs] [Times: user=0.15 sys=0.00, real=0.04 secs] 
159.161: [GC (CMS Initial Mark) [1 CMS-initial-mark: 6331K(6848K)] 9083K(9920K), 0.0030306 secs] [Times: user=0.00 sys=0.00, real=0.00 secs] 
159.164: [CMS-concurrent-mark-start]
159.164: [GC (Allocation Failure) 159.164: [ParNew (promotion failed): 2751K->2997K(3072K), 0.0137812 secs]159.178: [CMS159.181: [CMS-concurrent-mark: 0.003/0.017 secs] [Times: user=0.11 sys=0.01, real=0.02 secs] 
 (concurrent mode failure): 6333K->6331K(6848K), 0.0199350 secs] 9083K->9083K(9920K), [Metaspace: 3748K->3748K(1056768K)], 0.0337789 secs] [Times: user=0.12 sys=0.01, real=0.03 secs] 
159.199: [GC (Allocation Failure) 159.199: [ParNew (promotion failed): 2751K->3022K(3072K), 0.0163134 secs]159.215: [CMS: 6333K->6331K(6848K), 0.0164343 secs] 9083K->9083K(9920K), [Metaspace: 3748K->3748K(1056768K)], 0.0328142 secs] [Times: user=0.14 sys=0.00, real=0.04 secs] 
159.232: [GC (CMS Initial Mark) [1 CMS-initial-mark: 6331K(6848K)] 9083K(9920K), 0.0030834 secs] [Times: user=0.01 sys=0.00, real=0.00 secs] 
159.235: [CMS-concurrent-mark-start]
159.236: [GC (Allocation Failure) 159.236: [ParNew (promotion failed): 2751K->2997K(3072K), 0.0180901 secs]159.254: [CMS159.257: [CMS-concurrent-mark: 0.004/0.022 secs] [Times: user=0.14 sys=0.00, real=0.02 secs] 
 (concurrent mode failure): 6333K->6331K(6848K), 0.0194904 secs] 9083K->9083K(9920K), [Metaspace: 3748K->3748K(1056768K)], 0.0376353 secs] [Times: user=0.16 sys=0.00, real=0.04 secs] 
159.274: [GC (Allocation Failure) 159.274: [ParNew (promotion failed): 2751K->2997K(3072K), 0.0168695 secs]159.291: [CMS: 6333K->6331K(6848K), 0.0166565 secs] 9083K->9083K(9920K), [Metaspace: 3748K->3748K(1056768K)], 0.0335912 secs] [Times: user=0.14 sys=0.00, real=0.03 secs] 
159.308: [GC (CMS Initial Mark) [1 CMS-initial-mark: 6331K(6848K)] 9083K(9920K), 0.0030478 secs] [Times: user=0.00 sys=0.00, real=0.01 secs] 
159.311: [CMS-concurrent-mark-start]
159.311: [GC (Allocation Failure) 159.311: [ParNew (promotion failed): 2751K->3022K(3072K), 0.0148585 secs]159.326: [CMS159.329: [CMS-concurrent-mark: 0.003/0.018 secs] [Times: user=0.12 sys=0.00, real=0.01 secs] 
 (concurrent mode failure): 6333K->6331K(6848K), 0.0199216 secs] 9083K->9083K(9920K), [Metaspace: 3748K->3748K(1056768K)], 0.0348403 secs] [Times: user=0.14 sys=0.00, real=0.03 secs] 
159.346: [GC (Allocation Failure) 159.346: [ParNew (promotion failed): 2751K->2997K(3072K), 0.0155449 secs]159.361: [CMS: 6333K->6331K(6848K), 0.0164646 secs] 9083K->9083K(9920K), [Metaspace: 3748K->3748K(1056768K)], 0.0320629 secs] [Times: user=0.13 sys=0.00, real=0.03 secs] 
159.378: [GC (CMS Initial Mark) [1 CMS-initial-mark: 6331K(6848K)] 9083K(9920K), 0.0030638 secs] [Times: user=0.00 sys=0.00, real=0.01 secs] 
159.381: [CMS-concurrent-mark-start]
159.382: [GC (Allocation Failure) 159.382: [ParNew (promotion failed): 2751K->3022K(3072K), 0.0176523 secs]159.399: [CMS159.403: [CMS-concurrent-mark: 0.004/0.021 secs] [Times: user=0.14 sys=0.00, real=0.02 secs] 
 (concurrent mode failure): 6333K->6331K(6848K), 0.0200059 secs] 9083K->9083K(9920K), [Metaspace: 3748K->3748K(1056768K)], 0.0377115 secs] [Times: user=0.16 sys=0.00, real=0.03 secs] 
159.420: [GC (Allocation Failure) 159.420: [ParNew (promotion failed): 2751K->3022K(3072K), 0.0170520 secs]159.437: [CMS: 6333K->6331K(6848K), 0.0164793 secs] 9083K->9083K(9920K), [Metaspace: 3748K->3748K(1056768K)], 0.0335908 secs] [Times: user=0.15 sys=0.00, real=0.03 secs] 
159.454: [GC (CMS Initial Mark) [1 CMS-initial-mark: 6331K(6848K)] 9083K(9920K), 0.0030457 secs] [Times: user=0.00 sys=0.00, real=0.00 secs] 
159.457: [CMS-concurrent-mark-start]
159.457: [GC (Allocation Failure) 159.457: [ParNew (promotion failed): 2751K->3022K(3072K), 0.0192549 secs]159.476: [CMS159.480: [CMS-concurrent-mark: 0.003/0.023 secs] [Times: user=0.13 sys=0.00, real=0.03 secs] 
 (concurrent mode failure): 6333K->6331K(6848K), 0.0198308 secs] 9083K->9083K(9920K), [Metaspace: 3748K->3748K(1056768K)], 0.0391413 secs] [Times: user=0.14 sys=0.00, real=0.04 secs] 
159.497: [GC (Allocation Failure) 159.497: [ParNew (promotion failed): 2751K->3022K(3072K), 0.0193602 secs]159.517: [CMS: 6333K->6331K(6848K), 0.0166398 secs] 9083K->9083K(9920K), [Metaspace: 3748K->3748K(1056768K)], 0.0360606 secs] [Times: user=0.15 sys=0.00, real=0.04 secs] 
159.534: [GC (CMS Initial Mark) [1 CMS-initial-mark: 6331K(6848K)] 9083K(9920K), 0.0030673 secs] [Times: user=0.00 sys=0.00, real=0.00 secs] 
159.537: [CMS-concurrent-mark-start]
159.537: [GC (Allocation Failure) 159.537: [ParNew (promotion failed): 2751K->3022K(3072K), 0.0140910 secs]159.551: [CMS159.554: [CMS-concurrent-mark: 0.003/0.018 secs] [Times: user=0.11 sys=0.00, real=0.02 secs] 
 (concurrent mode failure): 6333K->6331K(6848K), 0.0197934 secs] 9083K->9083K(9920K), [Metaspace: 3748K->3748K(1056768K)], 0.0339486 secs] [Times: user=0.13 sys=0.00, real=0.04 secs] 
159.571: [GC (Allocation Failure) 159.571: [ParNew (promotion failed): 2751K->2997K(3072K), 0.0145498 secs]159.586: [CMS: 6333K->6331K(6848K), 0.0165824 secs] 9083K->9083K(9920K), [Metaspace: 3748K->3748K(1056768K)], 0.0312036 secs] [Times: user=0.12 sys=0.00, real=0.03 secs] 
159.603: [GC (CMS Initial Mark) [1 CMS-initial-mark: 6331K(6848K)] 9083K(9920K), 0.0030755 secs] [Times: user=0.00 sys=0.00, real=0.00 secs] 
159.606: [CMS-concurrent-mark-start]
159.606: [GC (Allocation Failure) 159.606: [ParNew (promotion failed): 2751K->2997K(3072K), 0.0220445 secs]159.628: [CMS159.631: [CMS-concurrent-mark: 0.004/0.026 secs] [Times: user=0.18 sys=0.00, real=0.03 secs] 
 (concurrent mode failure): 6333K->6331K(6848K), 0.0199845 secs] 9083K->9083K(9920K), [Metaspace: 3748K->3748K(1056768K)], 0.0420845 secs] [Times: user=0.20 sys=0.00, real=0.04 secs] 
159.648: [GC (Allocation Failure) 159.648: [ParNew (promotion failed): 2751K->2997K(3072K), 0.0225484 secs]159.671: [CMS: 6333K->6331K(6848K), 0.0164435 secs] 9083K->9083K(9920K), [Metaspace: 3748K->3748K(1056768K)], 0.0390592 secs] [Times: user=0.18 sys=0.00, real=0.04 secs] 
159.688: [GC (CMS Initial Mark) [1 CMS-initial-mark: 6331K(6848K)] 9083K(9920K), 0.0030444 secs] [Times: user=0.00 sys=0.00, real=0.01 secs] 
159.691: [CMS-concurrent-mark-start]
159.691: [GC (Allocation Failure) 159.691: [ParNew (promotion failed): 2751K->3022K(3072K), 0.0168830 secs]159.708: [CMS159.711: [CMS-concurrent-mark: 0.003/0.020 secs] [Times: user=0.13 sys=0.00, real=0.02 secs] 
 (concurrent mode failure): 6333K->6331K(6848K), 0.0198852 secs] 9083K->9083K(9920K), [Metaspace: 3748K->3748K(1056768K)], 0.0368270 secs] [Times: user=0.15 sys=0.00, real=0.03 secs] 
159.729: [GC (Allocation Failure) 159.729: [ParNew (promotion failed): 2751K->2997K(3072K), 0.0213361 secs]159.750: [CMS: 6333K->6331K(6848K), 0.0164612 secs] 9083K->9083K(9920K), [Metaspace: 3748K->3748K(1056768K)], 0.0378605 secs] [Times: user=0.18 sys=0.00, real=0.04 secs] 
159.767: [GC (CMS Initial Mark) [1 CMS-initial-mark: 6331K(6848K)] 9083K(9920K), 0.0030710 secs] [Times: user=0.00 sys=0.00, real=0.01 secs] 
159.770: [CMS-concurrent-mark-start]
159.770: [GC (Allocation Failure) 159.770: [ParNew (promotion failed): 2751K->2997K(3072K), 0.0164805 secs]159.787: [CMS159.790: [CMS-concurrent-mark: 0.004/0.020 secs] [Times: user=0.13 sys=0.00, real=0.02 secs] 
 (concurrent mode failure): 6333K->6331K(6848K), 0.0194968 secs] 9083K->9083K(9920K), [Metaspace: 3748K->3748K(1056768K)], 0.0360443 secs] [Times: user=0.15 sys=0.00, real=0.03 secs] 
159.807: [GC (Allocation Failure) 159.807: [ParNew (promotion failed): 2751K->3022K(3072K), 0.0248180 secs]159.832: [CMS: 6333K->6331K(6848K), 0.0165929 secs] 9083K->9083K(9920K), [Metaspace: 3748K->3748K(1056768K)], 0.0414644 secs] [Times: user=0.20 sys=0.00, real=0.04 secs] 
159.849: [GC (CMS Initial Mark) [1 CMS-initial-mark: 6331K(6848K)] 9083K(9920K), 0.0030368 secs] [Times: user=0.01 sys=0.00, real=0.01 secs] 
159.852: [CMS-concurrent-mark-start]
159.852: [GC (Allocation Failure) 159.852: [ParNew (promotion failed): 2751K->2997K(3072K), 0.0172214 secs]159.869: [CMS159.873: [CMS-concurrent-mark: 0.003/0.021 secs] [Times: user=0.13 sys=0.00, real=0.02 secs] 
 (concurrent mode failure): 6333K->6331K(6848K), 0.0198748 secs] 9083K->9083K(9920K), [Metaspace: 3748K->3748K(1056768K)], 0.0371493 secs] [Times: user=0.15 sys=0.00, real=0.03 secs] 
159.889: [GC (Allocation Failure) 159.889: [ParNew (promotion failed): 2751K->3022K(3072K), 0.0211599 secs]159.910: [CMS: 6333K->6331K(6848K), 0.0164850 secs] 9083K->9083K(9920K), [Metaspace: 3748K->3748K(1056768K)], 0.0377015 secs] [Times: user=0.17 sys=0.00, real=0.04 secs] 
159.927: [GC (CMS Initial Mark) [1 CMS-initial-mark: 6331K(6848K)] 9083K(9920K), 0.0030672 secs] [Times: user=0.00 sys=0.00, real=0.01 secs] 
159.930: [CMS-concurrent-mark-start]
159.931: [GC (Allocation Failure) 159.931: [ParNew (promotion failed): 2751K->3022K(3072K), 0.0150557 secs]159.946: [CMS159.949: [CMS-concurrent-mark: 0.004/0.019 secs] [Times: user=0.12 sys=0.01, real=0.01 secs] 
 (concurrent mode failure): 6333K->6331K(6848K), 0.0197837 secs] 9083K->9083K(9920K), [Metaspace: 3748K->3748K(1056768K)], 0.0349028 secs] [Times: user=0.12 sys=0.01, real=0.03 secs] 
159.966: [GC (Allocation Failure) 159.966: [ParNew (promotion failed): 2751K->2997K(3072K), 0.0220592 secs]159.988: [CMS: 6333K->6331K(6848K), 0.0166606 secs] 9083K->9083K(9920K), [Metaspace: 3748K->3748K(1056768K)], 0.0387888 secs] [Times: user=0.18 sys=0.00, real=0.04 secs] 
160.006: [GC (CMS Initial Mark) [1 CMS-initial-mark: 6331K(6848K)] 9083K(9920K), 0.0030698 secs] [Times: user=0.01 sys=0.00, real=0.00 secs] 
160.009: [CMS-concurrent-mark-start]
160.009: [GC (Allocation Failure) 160.009: [ParNew (promotion failed): 2751K->3022K(3072K), 0.0145962 secs]160.023: [CMS160.027: [CMS-concurrent-mark: 0.003/0.018 secs] [Times: user=0.11 sys=0.00, real=0.02 secs] 
 (concurrent mode failure): 6333K->6331K(6848K), 0.0200177 secs] 9083K->9083K(9920K), [Metaspace: 3748K->3748K(1056768K)], 0.0346700 secs] [Times: user=0.13 sys=0.00, real=0.04 secs] 
160.044: [GC (Allocation Failure) 160.044: [ParNew (promotion failed): 2751K->2997K(3072K), 0.0149693 secs]160.059: [CMS: 6333K->6331K(6848K), 0.0166235 secs] 9083K->9083K(9920K), [Metaspace: 3748K->3748K(1056768K)], 0.0316523 secs] [Times: user=0.13 sys=0.00, real=0.03 secs] 
160.076: [GC (CMS Initial Mark) [1 CMS-initial-mark: 6331K(6848K)] 9083K(9920K), 0.0030918 secs] [Times: user=0.00 sys=0.00, real=0.00 secs] 
160.079: [CMS-concurrent-mark-start]
160.080: [GC (Allocation Failure) 160.080: [ParNew (promotion failed): 2751K->2997K(3072K), 0.0223720 secs]160.102: [CMS160.105: [CMS-concurrent-mark: 0.004/0.026 secs] [Times: user=0.18 sys=0.00, real=0.03 secs] 
 (concurrent mode failure): 6333K->6331K(6848K), 0.0198744 secs] 9083K->9083K(9920K), [Metaspace: 3748K->3748K(1056768K)], 0.0423033 secs] [Times: user=0.19 sys=0.00, real=0.04 secs] 
160.122: [GC (Allocation Failure) 160.122: [ParNew (promotion failed): 2751K->3022K(3072K), 0.0164403 secs]160.139: [CMS: 6333K->6331K(6848K), 0.0164776 secs] 9083K->9083K(9920K), [Metaspace: 3748K->3748K(1056768K)], 0.0329710 secs] [Times: user=0.14 sys=0.00, real=0.03 secs] 
160.155: [GC (CMS Initial Mark) [1 CMS-initial-mark: 6331K(6848K)] 9083K(9920K), 0.0030598 secs] [Times: user=0.00 sys=0.00, real=0.00 secs] 
160.159: [CMS-concurrent-mark-start]
160.159: [GC (Allocation Failure) 160.159: [ParNew (promotion failed): 2751K->3071K(3072K), 0.0231253 secs]160.182: [CMS160.185: [CMS-concurrent-mark: 0.003/0.027 secs] [Times: user=0.18 sys=0.00, real=0.03 secs] 
 (concurrent mode failure): 6333K->6331K(6848K), 0.0198978 secs] 9083K->9083K(9920K), [Metaspace: 3748K->3748K(1056768K)], 0.0430840 secs] [Times: user=0.20 sys=0.00, real=0.05 secs] 
160.202: [GC (Allocation Failure) 160.202: [ParNew (promotion failed): 2751K->2997K(3072K), 0.0162967 secs]160.218: [CMS: 6333K->6331K(6848K), 0.0165618 secs] 9083K->9083K(9920K), [Metaspace: 3748K->3748K(1056768K)], 0.0329220 secs] [Times: user=0.14 sys=0.00, real=0.03 secs] 
160.235: [GC (CMS Initial Mark) [1 CMS-initial-mark: 6331K(6848K)] 9083K(9920K), 0.0030461 secs] [Times: user=0.00 sys=0.00, real=0.00 secs] 
160.238: [CMS-concurrent-mark-start]
160.239: [GC (Allocation Failure) 160.239: [ParNew (promotion failed): 2751K->2997K(3072K), 0.0147761 secs]160.253: [CMS160.257: [CMS-concurrent-mark: 0.003/0.018 secs] [Times: user=0.12 sys=0.00, real=0.02 secs] 
 (concurrent mode failure): 6333K->6331K(6848K), 0.0198510 secs] 9083K->9083K(9920K), [Metaspace: 3748K->3748K(1056768K)], 0.0346898 secs] [Times: user=0.14 sys=0.00, real=0.04 secs] 
160.274: [GC (Allocation Failure) 160.274: [ParNew (promotion failed): 2751K->2997K(3072K), 0.0173148 secs]160.291: [CMS: 6333K->6331K(6848K), 0.0165123 secs] 9083K->9083K(9920K), [Metaspace: 3748K->3748K(1056768K)], 0.0338962 secs] [Times: user=0.14 sys=0.00, real=0.03 secs] 
160.308: [GC (CMS Initial Mark) [1 CMS-initial-mark: 6331K(6848K)] 9083K(9920K), 0.0030405 secs] [Times: user=0.01 sys=0.00, real=0.01 secs] 
160.311: [CMS-concurrent-mark-start]
160.312: [GC (Allocation Failure) 160.312: [ParNew (promotion failed): 2751K->2997K(3072K), 0.0228210 secs]160.335: [CMS160.338: [CMS-concurrent-mark: 0.004/0.026 secs] [Times: user=0.18 sys=0.00, real=0.02 secs] 
 (concurrent mode failure): 6333K->6331K(6848K), 0.0195473 secs] 9083K->9083K(9920K), [Metaspace: 3748K->3748K(1056768K)], 0.0424253 secs] [Times: user=0.19 sys=0.00, real=0.04 secs] 
160.355: [GC (Allocation Failure) 160.355: [ParNew (promotion failed): 2751K->2997K(3072K), 0.0255458 secs]160.381: [CMS: 6333K->6331K(6848K), 0.0165026 secs] 9083K->9083K(9920K), [Metaspace: 3748K->3748K(1056768K)], 0.0421091 secs] [Times: user=0.21 sys=0.00, real=0.04 secs] 
160.397: [GC (CMS Initial Mark) [1 CMS-initial-mark: 6331K(6848K)] 9083K(9920K), 0.0030562 secs] [Times: user=0.01 sys=0.00, real=0.01 secs] 
160.400: [CMS-concurrent-mark-start]
160.400: [GC (Allocation Failure) 160.400: [ParNew (promotion failed): 2751K->3022K(3072K), 0.0145153 secs]160.415: [CMS160.418: [CMS-concurrent-mark: 0.003/0.018 secs] [Times: user=0.11 sys=0.00, real=0.01 secs] 
 (concurrent mode failure): 6333K->6331K(6848K), 0.0198771 secs] 9083K->9083K(9920K), [Metaspace: 3748K->3748K(1056768K)], 0.0344526 secs] [Times: user=0.13 sys=0.00, real=0.03 secs] 
160.435: [GC (Allocation Failure) 160.435: [ParNew (promotion failed): 2751K->3022K(3072K), 0.0183492 secs]160.454: [CMS: 6333K->6331K(6848K), 0.0163900 secs] 9083K->9083K(9920K), [Metaspace: 3748K->3748K(1056768K)], 0.0347958 secs] [Times: user=0.15 sys=0.00, real=0.04 secs] 
160.470: [GC (CMS Initial Mark) [1 CMS-initial-mark: 6331K(6848K)] 9083K(9920K), 0.0030505 secs] [Times: user=0.01 sys=0.00, real=0.00 secs] 
160.473: [CMS-concurrent-mark-start]
160.474: [GC (Allocation Failure) 160.474: [ParNew (promotion failed): 2751K->3022K(3072K), 0.0177939 secs]160.491: [CMS160.495: [CMS-concurrent-mark: 0.003/0.021 secs] [Times: user=0.14 sys=0.00, real=0.02 secs] 
 (concurrent mode failure): 6333K->6331K(6848K), 0.0198730 secs] 9083K->9083K(9920K), [Metaspace: 3748K->3748K(1056768K)], 0.0377173 secs] [Times: user=0.15 sys=0.00, real=0.04 secs] 
160.512: [GC (Allocation Failure) 160.512: [ParNew (promotion failed): 2751K->2997K(3072K), 0.0148320 secs]160.527: [CMS: 6333K->6331K(6848K), 0.0165495 secs] 9083K->9083K(9920K), [Metaspace: 3748K->3748K(1056768K)], 0.0314477 secs] [Times: user=0.10 sys=0.00, real=0.03 secs] 
160.544: [GC (CMS Initial Mark) [1 CMS-initial-mark: 6331K(6848K)] 9083K(9920K), 0.0030728 secs] [Times: user=0.00 sys=0.00, real=0.00 secs] 
160.547: [CMS-concurrent-mark-start]
160.547: [GC (Allocation Failure) 160.547: [ParNew (promotion failed): 2751K->2997K(3072K), 0.0225140 secs]160.570: [CMS160.573: [CMS-concurrent-mark: 0.003/0.026 secs] [Times: user=0.18 sys=0.00, real=0.03 secs] 
 (concurrent mode failure): 6333K->6331K(6848K), 0.0199577 secs] 9083K->9083K(9920K), [Metaspace: 3748K->3748K(1056768K)], 0.0425320 secs] [Times: user=0.20 sys=0.00, real=0.05 secs] 
160.590: [GC (Allocation Failure) 160.590: [ParNew (promotion failed): 2751K->3022K(3072K), 0.0155207 secs]160.606: [CMS: 6333K->6331K(6848K), 0.0166895 secs] 9083K->9083K(9920K), [Metaspace: 3748K->3748K(1056768K)], 0.0322710 secs] [Times: user=0.13 sys=0.00, real=0.03 secs] 
160.623: [GC (CMS Initial Mark) [1 CMS-initial-mark: 6331K(6848K)] 9083K(9920K), 0.0030360 secs] [Times: user=0.00 sys=0.00, real=0.00 secs] 
160.626: [CMS-concurrent-mark-start]
160.627: [GC (Allocation Failure) 160.627: [ParNew (promotion failed): 2751K->2997K(3072K), 0.0222980 secs]160.649: [CMS160.652: [CMS-concurrent-mark: 0.004/0.026 secs] [Times: user=0.18 sys=0.00, real=0.03 secs] 
 (concurrent mode failure): 6333K->6331K(6848K), 0.0197808 secs] 9083K->9083K(9920K), [Metaspace: 3748K->3748K(1056768K)], 0.0421390 secs] [Times: user=0.20 sys=0.00, real=0.04 secs] 
160.669: [GC (Allocation Failure) 160.669: [ParNew (promotion failed): 2751K->3022K(3072K), 0.0238990 secs]160.693: [CMS: 6333K->6331K(6848K), 0.0165257 secs] 9083K->9083K(9920K), [Metaspace: 3748K->3748K(1056768K)], 0.0404916 secs] [Times: user=0.20 sys=0.01, real=0.04 secs] 
160.710: [GC (CMS Initial Mark) [1 CMS-initial-mark: 6331K(6848K)] 9083K(9920K), 0.0030578 secs] [Times: user=0.00 sys=0.00, real=0.00 secs] 
160.713: [CMS-concurrent-mark-start]
160.713: [GC (Allocation Failure) 160.713: [ParNew (promotion failed): 2751K->3022K(3072K), 0.0168405 secs]160.730: [CMS160.733: [CMS-concurrent-mark: 0.003/0.020 secs] [Times: user=0.13 sys=0.00, real=0.02 secs] 
 (concurrent mode failure): 6333K->6331K(6848K), 0.0200024 secs] 9083K->9083K(9920K), [Metaspace: 3748K->3748K(1056768K)], 0.0369124 secs] [Times: user=0.15 sys=0.00, real=0.04 secs] 
160.750: [GC (Allocation Failure) 160.750: [ParNew (promotion failed): 2751K->2997K(3072K), 0.0166251 secs]160.767: [CMS: 6333K->6331K(6848K), 0.0166379 secs] 9083K->9083K(9920K), [Metaspace: 3748K->3748K(1056768K)], 0.0333352 secs] [Times: user=0.14 sys=0.00, real=0.03 secs] 
160.784: [GC (CMS Initial Mark) [1 CMS-initial-mark: 6331K(6848K)] 9083K(9920K), 0.0030689 secs] [Times: user=0.00 sys=0.00, real=0.00 secs] 
160.787: [CMS-concurrent-mark-start]
160.787: [GC (Allocation Failure) 160.787: [ParNew (promotion failed): 2751K->3022K(3072K), 0.0164418 secs]160.804: [CMS160.807: [CMS-concurrent-mark: 0.003/0.020 secs] [Times: user=0.13 sys=0.00, real=0.02 secs] 
 (concurrent mode failure): 6333K->6331K(6848K), 0.0197957 secs] 9083K->9083K(9920K), [Metaspace: 3748K->3748K(1056768K)], 0.0362912 secs] [Times: user=0.15 sys=0.00, real=0.04 secs] 
160.824: [GC (Allocation Failure) 160.824: [ParNew (promotion failed): 2751K->3022K(3072K), 0.0218190 secs]160.846: [CMS: 6333K->6331K(6848K), 0.0164522 secs] 9083K->9083K(9920K), [Metaspace: 3748K->3748K(1056768K)], 0.0383391 secs] [Times: user=0.18 sys=0.00, real=0.04 secs] 
160.863: [GC (CMS Initial Mark) [1 CMS-initial-mark: 6331K(6848K)] 9083K(9920K), 0.0030438 secs] [Times: user=0.01 sys=0.00, real=0.00 secs] 
160.866: [CMS-concurrent-mark-start]
160.867: [GC (Allocation Failure) 160.867: [ParNew (promotion failed): 2751K->3022K(3072K), 0.0226923 secs]160.889: [CMS160.892: [CMS-concurrent-mark: 0.003/0.026 secs] [Times: user=0.18 sys=0.00, real=0.03 secs] 
 (concurrent mode failure): 6333K->6331K(6848K), 0.0194094 secs] 9083K->9083K(9920K), [Metaspace: 3748K->3748K(1056768K)], 0.0421681 secs] [Times: user=0.19 sys=0.00, real=0.04 secs] 
160.909: [GC (Allocation Failure) 160.909: [ParNew (promotion failed): 2751K->3022K(3072K), 0.0258133 secs]160.935: [CMS: 6333K->6331K(6848K), 0.0164421 secs] 9083K->9083K(9920K), [Metaspace: 3748K->3748K(1056768K)], 0.0423086 secs] [Times: user=0.22 sys=0.00, real=0.05 secs] 
160.952: [GC (CMS Initial Mark) [1 CMS-initial-mark: 6331K(6848K)] 9083K(9920K), 0.0030489 secs] [Times: user=0.00 sys=0.00, real=0.00 secs] 
160.955: [CMS-concurrent-mark-start]
160.955: [GC (Allocation Failure) 160.955: [ParNew (promotion failed): 2751K->2997K(3072K), 0.0166511 secs]160.972: [CMS160.975: [CMS-concurrent-mark: 0.003/0.020 secs] [Times: user=0.13 sys=0.00, real=0.02 secs] 
 (concurrent mode failure): 6333K->6331K(6848K), 0.0198594 secs] 9083K->9083K(9920K), [Metaspace: 3748K->3748K(1056768K)], 0.0365709 secs] [Times: user=0.15 sys=0.00, real=0.04 secs] 
160.992: [GC (Allocation Failure) 160.992: [ParNew (promotion failed): 2751K->2997K(3072K), 0.0163347 secs]161.008: [CMS: 6333K->6331K(6848K), 0.0163315 secs] 9083K->9083K(9920K), [Metaspace: 3748K->3748K(1056768K)], 0.0327220 secs] [Times: user=0.14 sys=0.00, real=0.03 secs] 
161.025: [GC (CMS Initial Mark) [1 CMS-initial-mark: 6331K(6848K)] 9083K(9920K), 0.0030602 secs] [Times: user=0.00 sys=0.00, real=0.00 secs] 
161.028: [CMS-concurrent-mark-start]
161.028: [GC (Allocation Failure) 161.028: [ParNew (promotion failed): 2751K->2997K(3072K), 0.0221265 secs]161.050: [CMS161.054: [CMS-concurrent-mark: 0.003/0.026 secs] [Times: user=0.17 sys=0.00, real=0.03 secs] 
 (concurrent mode failure): 6333K->6331K(6848K), 0.0198915 secs] 9083K->9083K(9920K), [Metaspace: 3748K->3748K(1056768K)], 0.0420765 secs] [Times: user=0.19 sys=0.00, real=0.05 secs] 
161.071: [GC (Allocation Failure) 161.071: [ParNew (promotion failed): 2751K->3022K(3072K), 0.0152379 secs]161.086: [CMS: 6333K->6331K(6848K), 0.0165956 secs] 9083K->9083K(9920K), [Metaspace: 3748K->3748K(1056768K)], 0.0318942 secs] [Times: user=0.12 sys=0.01, real=0.03 secs] 
161.103: [GC (CMS Initial Mark) [1 CMS-initial-mark: 6331K(6848K)] 9083K(9920K), 0.0030515 secs] [Times: user=0.01 sys=0.00, real=0.00 secs] 
161.106: [CMS-concurrent-mark-start]
161.106: [GC (Allocation Failure) 161.106: [ParNew (promotion failed): 2751K->3022K(3072K), 0.0229660 secs]161.129: [CMS161.133: [CMS-concurrent-mark: 0.003/0.026 secs] [Times: user=0.18 sys=0.00, real=0.03 secs] 
 (concurrent mode failure): 6333K->6331K(6848K), 0.0198608 secs] 9083K->9083K(9920K), [Metaspace: 3748K->3748K(1056768K)], 0.0428967 secs] [Times: user=0.19 sys=0.00, real=0.04 secs] 
161.150: [GC (Allocation Failure) 161.150: [ParNew (promotion failed): 2751K->2997K(3072K), 0.0212161 secs]161.171: [CMS: 6333K->6331K(6848K), 0.0164300 secs] 9083K->9083K(9920K), [Metaspace: 3748K->3748K(1056768K)], 0.0376995 secs] [Times: user=0.18 sys=0.00, real=0.03 secs] 
161.188: [GC (CMS Initial Mark) [1 CMS-initial-mark: 6331K(6848K)] 9083K(9920K), 0.0030413 secs] [Times: user=0.01 sys=0.00, real=0.01 secs] 
161.191: [CMS-concurrent-mark-start]
161.192: [GC (Allocation Failure) 161.192: [ParNew (promotion failed): 2751K->2972K(3072K), 0.0226856 secs]161.214: [CMS161.218: [CMS-concurrent-mark: 0.004/0.026 secs] [Times: user=0.18 sys=0.00, real=0.02 secs] 
 (concurrent mode failure): 6333K->6331K(6848K), 0.0197445 secs] 9083K->9083K(9920K), [Metaspace: 3748K->3748K(1056768K)], 0.0424927 secs] [Times: user=0.19 sys=0.00, real=0.04 secs] 
161.235: [GC (Allocation Failure) 161.235: [ParNew (promotion failed): 2751K->3071K(3072K), 0.0179674 secs]161.252: [CMS: 6333K->6331K(6848K), 0.0164474 secs] 9083K->9083K(9920K), [Metaspace: 3748K->3748K(1056768K)], 0.0344762 secs] [Times: user=0.15 sys=0.00, real=0.03 secs] 
161.269: [GC (CMS Initial Mark) [1 CMS-initial-mark: 6331K(6848K)] 9083K(9920K), 0.0030676 secs] [Times: user=0.01 sys=0.00, real=0.01 secs] 
161.272: [CMS-concurrent-mark-start]
161.272: [GC (Allocation Failure) 161.272: [ParNew (promotion failed): 2751K->2997K(3072K), 0.0219593 secs]161.294: [CMS161.298: [CMS-concurrent-mark: 0.003/0.025 secs] [Times: user=0.17 sys=0.00, real=0.02 secs] 
 (concurrent mode failure): 6333K->6331K(6848K), 0.0198502 secs] 9083K->9083K(9920K), [Metaspace: 3748K->3748K(1056768K)], 0.0418722 secs] [Times: user=0.19 sys=0.00, real=0.04 secs] 
161.315: [GC (Allocation Failure) 161.315: [ParNew (promotion failed): 2751K->2997K(3072K), 0.0242974 secs]161.339: [CMS: 6333K->6331K(6848K), 0.0164595 secs] 9083K->9083K(9920K), [Metaspace: 3748K->3748K(1056768K)], 0.0408146 secs] [Times: user=0.20 sys=0.00, real=0.04 secs] 
161.356: [GC (CMS Initial Mark) [1 CMS-initial-mark: 6331K(6848K)] 9083K(9920K), 0.0030627 secs] [Times: user=0.00 sys=0.00, real=0.00 secs] 
161.359: [CMS-concurrent-mark-start]
161.359: [GC (Allocation Failure) 161.359: [ParNew (promotion failed): 2751K->3022K(3072K), 0.0149902 secs]161.374: [CMS161.378: [CMS-concurrent-mark: 0.004/0.019 secs] [Times: user=0.12 sys=0.00, real=0.02 secs] 
 (concurrent mode failure): 6333K->6331K(6848K), 0.0198900 secs] 9083K->9083K(9920K), [Metaspace: 3748K->3748K(1056768K)], 0.0349364 secs] [Times: user=0.13 sys=0.00, real=0.04 secs] 
161.395: [GC (Allocation Failure) 161.395: [ParNew (promotion failed): 2751K->3022K(3072K), 0.0208134 secs]161.416: [CMS: 6333K->6331K(6848K), 0.0164104 secs] 9083K->9083K(9920K), [Metaspace: 3748K->3748K(1056768K)], 0.0372909 secs] [Times: user=0.17 sys=0.00, real=0.04 secs] 
161.432: [GC (CMS Initial Mark) [1 CMS-initial-mark: 6331K(6848K)] 9083K(9920K), 0.0030480 secs] [Times: user=0.01 sys=0.00, real=0.00 secs] 
161.435: [CMS-concurrent-mark-start]
161.436: [GC (Allocation Failure) 161.436: [ParNew (promotion failed): 2751K->2997K(3072K), 0.0148055 secs]161.451: [CMS161.454: [CMS-concurrent-mark: 0.004/0.018 secs] [Times: user=0.11 sys=0.00, real=0.02 secs] 
 (concurrent mode failure): 6333K->6331K(6848K), 0.0195101 secs] 9083K->9083K(9920K), [Metaspace: 3748K->3748K(1056768K)], 0.0343719 secs] [Times: user=0.13 sys=0.00, real=0.04 secs] 
161.471: [GC (Allocation Failure) 161.471: [ParNew (promotion failed): 2751K->2997K(3072K), 0.0169083 secs]161.488: [CMS: 6333K->6331K(6848K), 0.0165204 secs] 9083K->9083K(9920K), [Metaspace: 3748K->3748K(1056768K)], 0.0334890 secs] [Times: user=0.14 sys=0.01, real=0.03 secs] 
161.505: [GC (CMS Initial Mark) [1 CMS-initial-mark: 6331K(6848K)] 9083K(9920K), 0.0030772 secs] [Times: user=0.01 sys=0.00, real=0.00 secs] 
161.508: [CMS-concurrent-mark-start]
161.508: [GC (Allocation Failure) 161.508: [ParNew (promotion failed): 2751K->3022K(3072K), 0.0224838 secs]161.530: [CMS161.534: [CMS-concurrent-mark: 0.003/0.026 secs] [Times: user=0.15 sys=0.00, real=0.03 secs] 
 (concurrent mode failure): 6333K->6331K(6848K), 0.0200773 secs] 9083K->9083K(9920K), [Metaspace: 3748K->3748K(1056768K)], 0.0426263 secs] [Times: user=0.17 sys=0.00, real=0.05 secs] 
161.551: [GC (Allocation Failure) 161.551: [ParNew (promotion failed): 2751K->3022K(3072K), 0.0162548 secs]161.567: [CMS: 6333K->6331K(6848K), 0.0165155 secs] 9083K->9083K(9920K), [Metaspace: 3748K->3748K(1056768K)], 0.0328291 secs] [Times: user=0.13 sys=0.00, real=0.03 secs] 
161.584: [GC (CMS Initial Mark) [1 CMS-initial-mark: 6331K(6848K)] 9083K(9920K), 0.0030857 secs] [Times: user=0.00 sys=0.00, real=0.00 secs] 
161.587: [CMS-concurrent-mark-start]
161.587: [GC (Allocation Failure) 161.587: [ParNew (promotion failed): 2751K->3022K(3072K), 0.0163039 secs]161.604: [CMS161.607: [CMS-concurrent-mark: 0.004/0.020 secs] [Times: user=0.13 sys=0.00, real=0.02 secs] 
 (concurrent mode failure): 6333K->6331K(6848K), 0.0198447 secs] 9083K->9083K(9920K), [Metaspace: 3748K->3748K(1056768K)], 0.0362101 secs] [Times: user=0.14 sys=0.00, real=0.04 secs] 
161.624: [GC (Allocation Failure) 161.624: [ParNew (promotion failed): 2751K->3071K(3072K), 0.0146524 secs]161.639: [CMS: 6333K->6331K(6848K), 0.0164686 secs] 9083K->9083K(9920K), [Metaspace: 3748K->3748K(1056768K)], 0.0311836 secs] [Times: user=0.12 sys=0.00, real=0.03 secs] 
161.656: [GC (CMS Initial Mark) [1 CMS-initial-mark: 6331K(6848K)] 9083K(9920K), 0.0030438 secs] [Times: user=0.01 sys=0.00, real=0.00 secs] 
161.659: [CMS-concurrent-mark-start]
161.659: [GC (Allocation Failure) 161.659: [ParNew (promotion failed): 2751K->2997K(3072K), 0.0185401 secs]161.678: [CMS161.681: [CMS-concurrent-mark: 0.003/0.022 secs] [Times: user=0.14 sys=0.00, real=0.03 secs] 
 (concurrent mode failure): 6334K->6331K(6848K), 0.0200598 secs] 9083K->9083K(9920K), [Metaspace: 3748K->3748K(1056768K)], 0.0386624 secs] [Times: user=0.16 sys=0.00, real=0.04 secs] 
161.698: [GC (Allocation Failure) 161.699: [ParNew (promotion failed): 2751K->2997K(3072K), 0.0178640 secs]161.716: [CMS: 6334K->6331K(6848K), 0.0165271 secs] 9083K->9083K(9920K), [Metaspace: 3748K->3748K(1056768K)], 0.0344450 secs] [Times: user=0.15 sys=0.00, real=0.04 secs] 
161.733: [GC (CMS Initial Mark) [1 CMS-initial-mark: 6331K(6848K)] 9083K(9920K), 0.0030565 secs] [Times: user=0.01 sys=0.00, real=0.00 secs] 
161.736: [CMS-concurrent-mark-start]
161.737: [GC (Allocation Failure) 161.737: [ParNew (promotion failed): 2751K->2997K(3072K), 0.0148400 secs]161.752: [CMS161.755: [CMS-concurrent-mark: 0.004/0.018 secs] [Times: user=0.11 sys=0.00, real=0.02 secs] 
 (concurrent mode failure): 6333K->6331K(6848K), 0.0197557 secs] 9083K->9083K(9920K), [Metaspace: 3748K->3748K(1056768K)], 0.0346573 secs] [Times: user=0.13 sys=0.00, real=0.04 secs] 
161.772: [GC (Allocation Failure) 161.772: [ParNew (promotion failed): 2751K->2997K(3072K), 0.0146678 secs]161.786: [CMS: 6333K->6331K(6848K), 0.0164090 secs] 9083K->9083K(9920K), [Metaspace: 3748K->3748K(1056768K)], 0.0311307 secs] [Times: user=0.12 sys=0.00, real=0.03 secs] 
161.803: [GC (CMS Initial Mark) [1 CMS-initial-mark: 6331K(6848K)] 9083K(9920K), 0.0030543 secs] [Times: user=0.01 sys=0.00, real=0.00 secs] 
161.806: [CMS-concurrent-mark-start]
161.806: [GC (Allocation Failure) 161.806: [ParNew (promotion failed): 2751K->2997K(3072K), 0.0159615 secs]161.822: [CMS161.826: [CMS-concurrent-mark: 0.003/0.020 secs] [Times: user=0.12 sys=0.00, real=0.02 secs] 
 (concurrent mode failure): 6333K->6331K(6848K), 0.0198245 secs] 9083K->9083K(9920K), [Metaspace: 3748K->3748K(1056768K)], 0.0358409 secs] [Times: user=0.14 sys=0.00, real=0.04 secs] 
161.843: [GC (Allocation Failure) 161.843: [ParNew (promotion failed): 2751K->3022K(3072K), 0.0177066 secs]161.860: [CMS: 6333K->6331K(6848K), 0.0164772 secs] 9083K->9083K(9920K), [Metaspace: 3748K->3748K(1056768K)], 0.0342408 secs] [Times: user=0.15 sys=0.01, real=0.03 secs] 
161.877: [GC (CMS Initial Mark) [1 CMS-initial-mark: 6331K(6848K)] 9083K(9920K), 0.0030416 secs] [Times: user=0.00 sys=0.00, real=0.01 secs] 
161.880: [CMS-concurrent-mark-start]
161.880: [GC (Allocation Failure) 161.880: [ParNew (promotion failed): 2751K->3046K(3072K), 0.0257055 secs]161.906: [CMS161.909: [CMS-concurrent-mark: 0.003/0.029 secs] [Times: user=0.21 sys=0.00, real=0.02 secs] 
 (concurrent mode failure): 6334K->6331K(6848K), 0.0199702 secs] 9083K->9083K(9920K), [Metaspace: 3748K->3748K(1056768K)], 0.0457344 secs] [Times: user=0.22 sys=0.00, real=0.04 secs] 
161.927: [GC (Allocation Failure) 161.927: [ParNew (promotion failed): 2751K->2997K(3072K), 0.0154202 secs]161.942: [CMS: 6334K->6331K(6848K), 0.0164359 secs] 9083K->9083K(9920K), [Metaspace: 3748K->3748K(1056768K)], 0.0319205 secs] [Times: user=0.13 sys=0.00, real=0.03 secs] 
161.959: [GC (CMS Initial Mark) [1 CMS-initial-mark: 6331K(6848K)] 9083K(9920K), 0.0030778 secs] [Times: user=0.00 sys=0.00, real=0.01 secs] 
161.962: [CMS-concurrent-mark-start]
161.963: [GC (Allocation Failure) 161.963: [ParNew (promotion failed): 2751K->2997K(3072K), 0.0222699 secs]161.985: [CMS161.988: [CMS-concurrent-mark: 0.004/0.026 secs] [Times: user=0.17 sys=0.00, real=0.02 secs] 
 (concurrent mode failure): 6334K->6331K(6848K), 0.0195128 secs] 9083K->9083K(9920K), [Metaspace: 3748K->3748K(1056768K)], 0.0418407 secs] [Times: user=0.19 sys=0.00, real=0.04 secs] 
162.005: [GC (Allocation Failure) 162.005: [ParNew (promotion failed): 2751K->3022K(3072K), 0.0256950 secs]162.031: [CMS: 6333K->6331K(6848K), 0.0165268 secs] 9083K->9083K(9920K), [Metaspace: 3748K->3748K(1056768K)], 0.0422828 secs] [Times: user=0.21 sys=0.00, real=0.04 secs] 
162.048: [GC (CMS Initial Mark) [1 CMS-initial-mark: 6331K(6848K)] 9083K(9920K), 0.0030398 secs] [Times: user=0.01 sys=0.00, real=0.01 secs] 
162.051: [CMS-concurrent-mark-start]
162.051: [GC (Allocation Failure) 162.051: [ParNew (promotion failed): 2751K->3022K(3072K), 0.0154763 secs]162.066: [CMS162.070: [CMS-concurrent-mark: 0.003/0.019 secs] [Times: user=0.11 sys=0.00, real=0.02 secs] 
 (concurrent mode failure): 6333K->6331K(6848K), 0.0199510 secs] 9083K->9083K(9920K), [Metaspace: 3748K->3748K(1056768K)], 0.0354913 secs] [Times: user=0.13 sys=0.00, real=0.03 secs] 
162.087: [GC (Allocation Failure) 162.087: [ParNew (promotion failed): 2751K->3022K(3072K), 0.0151379 secs]162.102: [CMS: 6333K->6331K(6848K), 0.0164482 secs] 9083K->9083K(9920K), [Metaspace: 3748K->3748K(1056768K)], 0.0316498 secs] [Times: user=0.13 sys=0.00, real=0.03 secs] 
162.119: [GC (CMS Initial Mark) [1 CMS-initial-mark: 6331K(6848K)] 9083K(9920K), 0.0030651 secs] [Times: user=0.00 sys=0.00, real=0.01 secs] 
162.122: [CMS-concurrent-mark-start]
162.122: [GC (Allocation Failure) 162.122: [ParNew (promotion failed): 2751K->2997K(3072K), 0.0223865 secs]162.144: [CMS162.148: [CMS-concurrent-mark: 0.003/0.026 secs] [Times: user=0.18 sys=0.00, real=0.02 secs] 
 (concurrent mode failure): 6334K->6331K(6848K), 0.0200337 secs] 9083K->9083K(9920K), [Metaspace: 3748K->3748K(1056768K)], 0.0424870 secs] [Times: user=0.19 sys=0.00, real=0.04 secs] 
162.165: [GC (Allocation Failure) 162.165: [ParNew (promotion failed): 2751K->3022K(3072K), 0.0159501 secs]162.181: [CMS: 6334K->6331K(6848K), 0.0167612 secs] 9083K->9083K(9920K), [Metaspace: 3748K->3748K(1056768K)], 0.0327968 secs] [Times: user=0.13 sys=0.00, real=0.03 secs] 
162.198: [GC (CMS Initial Mark) [1 CMS-initial-mark: 6332K(6848K)] 9083K(9920K), 0.0031032 secs] [Times: user=0.00 sys=0.00, real=0.01 secs] 
162.202: [CMS-concurrent-mark-start]
162.202: [GC (Allocation Failure) 162.202: [ParNew (promotion failed): 2751K->2997K(3072K), 0.0182268 secs]162.220: [CMS162.223: [CMS-concurrent-mark: 0.003/0.022 secs] [Times: user=0.14 sys=0.01, real=0.02 secs] 
 (concurrent mode failure): 6334K->6331K(6848K), 0.0201525 secs] 9083K->9083K(9920K), [Metaspace: 3748K->3748K(1056768K)], 0.0384429 secs] [Times: user=0.16 sys=0.01, real=0.04 secs] 
162.241: [GC (Allocation Failure) 162.241: [ParNew (promotion failed): 2751K->3022K(3072K), 0.0153785 secs]162.256: [CMS: 6334K->6331K(6848K), 0.0165741 secs] 9083K->9083K(9920K), [Metaspace: 3748K->3748K(1056768K)], 0.0320200 secs] [Times: user=0.12 sys=0.00, real=0.03 secs] 
162.273: [GC (CMS Initial Mark) [1 CMS-initial-mark: 6331K(6848K)] 9083K(9920K), 0.0030654 secs] [Times: user=0.00 sys=0.00, real=0.00 secs] 
162.276: [CMS-concurrent-mark-start]
162.277: [GC (Allocation Failure) 162.277: [ParNew (promotion failed): 2751K->3022K(3072K), 0.0227819 secs]162.300: [CMS162.303: [CMS-concurrent-mark: 0.004/0.026 secs] [Times: user=0.18 sys=0.00, real=0.03 secs] 
 (concurrent mode failure): 6333K->6331K(6848K), 0.0197555 secs] 9083K->9083K(9920K), [Metaspace: 3748K->3748K(1056768K)], 0.0426030 secs] [Times: user=0.19 sys=0.00, real=0.04 secs] 
162.320: [GC (Allocation Failure) 162.320: [ParNew (promotion failed): 2751K->3022K(3072K), 0.0167455 secs]162.336: [CMS: 6333K->6331K(6848K), 0.0165275 secs] 9083K->9083K(9920K), [Metaspace: 3748K->3748K(1056768K)], 0.0333315 secs] [Times: user=0.13 sys=0.00, real=0.04 secs] 
162.353: [GC (CMS Initial Mark) [1 CMS-initial-mark: 6331K(6848K)] 9083K(9920K), 0.0030818 secs] [Times: user=0.00 sys=0.00, real=0.00 secs] 
162.356: [CMS-concurrent-mark-start]
162.356: [GC (Allocation Failure) 162.356: [ParNew (promotion failed): 2751K->2997K(3072K), 0.0238091 secs]162.380: [CMS162.384: [CMS-concurrent-mark: 0.003/0.027 secs] [Times: user=0.19 sys=0.00, real=0.03 secs] 
 (concurrent mode failure): 6333K->6331K(6848K), 0.0200793 secs] 9083K->9083K(9920K), [Metaspace: 3748K->3748K(1056768K)], 0.0439558 secs] [Times: user=0.21 sys=0.00, real=0.05 secs] 
162.401: [GC (Allocation Failure) 162.401: [ParNew (promotion failed): 2751K->3022K(3072K), 0.0210011 secs]162.422: [CMS: 6334K->6331K(6848K), 0.0164642 secs] 9083K->9083K(9920K), [Metaspace: 3748K->3748K(1056768K)], 0.0375360 secs] [Times: user=0.16 sys=0.00, real=0.03 secs] 
162.439: [GC (CMS Initial Mark) [1 CMS-initial-mark: 6332K(6848K)] 9083K(9920K), 0.0031033 secs] [Times: user=0.00 sys=0.00, real=0.01 secs] 
162.442: [CMS-concurrent-mark-start]
162.442: [GC (Allocation Failure) 162.442: [ParNew (promotion failed): 2751K->3022K(3072K), 0.0135636 secs]162.455: [CMS162.459: [CMS-concurrent-mark: 0.004/0.017 secs] [Times: user=0.10 sys=0.00, real=0.01 secs] 
 (concurrent mode failure): 6334K->6331K(6848K), 0.0200903 secs] 9083K->9083K(9920K), [Metaspace: 3748K->3748K(1056768K)], 0.0337259 secs] [Times: user=0.11 sys=0.00, real=0.03 secs] 
162.476: [GC (Allocation Failure) 162.476: [ParNew (promotion failed): 2751K->2997K(3072K), 0.0147079 secs]162.491: [CMS: 6334K->6331K(6848K), 0.0165607 secs] 9084K->9083K(9920K), [Metaspace: 3748K->3748K(1056768K)], 0.0313400 secs] [Times: user=0.13 sys=0.00, real=0.03 secs] 
162.508: [GC (CMS Initial Mark) [1 CMS-initial-mark: 6332K(6848K)] 9084K(9920K), 0.0030701 secs] [Times: user=0.00 sys=0.00, real=0.01 secs] 
162.511: [CMS-concurrent-mark-start]
162.512: [GC (Allocation Failure) 162.512: [ParNew (promotion failed): 2751K->2997K(3072K), 0.0178908 secs]162.530: [CMS162.533: [CMS-concurrent-mark: 0.004/0.022 secs] [Times: user=0.13 sys=0.01, real=0.02 secs] 
 (concurrent mode failure): 6334K->6331K(6848K), 0.0196814 secs] 9084K->9083K(9920K), [Metaspace: 3748K->3748K(1056768K)], 0.0376380 secs] [Times: user=0.14 sys=0.01, real=0.03 secs] 
162.550: [GC (Allocation Failure) 162.550: [ParNew (promotion failed): 2751K->2997K(3072K), 0.0204275 secs]162.570: [CMS: 6334K->6331K(6848K), 0.0167146 secs] 9083K->9083K(9920K), [Metaspace: 3748K->3748K(1056768K)], 0.0372129 secs] [Times: user=0.17 sys=0.00, real=0.03 secs] 
162.587: [GC (CMS Initial Mark) [1 CMS-initial-mark: 6331K(6848K)] 9083K(9920K), 0.0030722 secs] [Times: user=0.00 sys=0.00, real=0.01 secs] 
162.591: [CMS-concurrent-mark-start]
162.591: [GC (Allocation Failure) 162.591: [ParNew (promotion failed): 2751K->2997K(3072K), 0.0165503 secs]162.607: [CMS162.611: [CMS-concurrent-mark: 0.003/0.020 secs] [Times: user=0.13 sys=0.00, real=0.02 secs] 
 (concurrent mode failure): 6333K->6331K(6848K), 0.0199765 secs] 9083K->9083K(9920K), [Metaspace: 3748K->3748K(1056768K)], 0.0365860 secs] [Times: user=0.15 sys=0.00, real=0.03 secs] 
162.627: [GC (Allocation Failure) 162.627: [ParNew (promotion failed): 2751K->2997K(3072K), 0.0165545 secs]162.644: [CMS: 6334K->6331K(6848K), 0.0166672 secs] 9083K->9083K(9920K), [Metaspace: 3748K->3748K(1056768K)], 0.0332839 secs] [Times: user=0.14 sys=0.00, real=0.04 secs] 
162.661: [GC (CMS Initial Mark) [1 CMS-initial-mark: 6332K(6848K)] 9083K(9920K), 0.0030357 secs] [Times: user=0.00 sys=0.00, real=0.00 secs] 
162.664: [CMS-concurrent-mark-start]
162.664: [GC (Allocation Failure) 162.664: [ParNew (promotion failed): 2751K->2997K(3072K), 0.0154877 secs]162.680: [CMS162.683: [CMS-concurrent-mark: 0.003/0.019 secs] [Times: user=0.13 sys=0.00, real=0.02 secs] 
 (concurrent mode failure): 6334K->6332K(6848K), 0.0198086 secs] 9083K->9083K(9920K), [Metaspace: 3748K->3748K(1056768K)], 0.0353605 secs] [Times: user=0.13 sys=0.00, real=0.04 secs] 
162.700: [GC (Allocation Failure) 162.700: [ParNew (promotion failed): 2751K->3022K(3072K), 0.0162939 secs]162.716: [CMS: 6334K->6332K(6848K), 0.0165538 secs] 9084K->9083K(9920K), [Metaspace: 3748K->3748K(1056768K)], 0.0329122 secs] [Times: user=0.14 sys=0.00, real=0.03 secs] 
162.734: [GC (CMS Initial Mark) [1 CMS-initial-mark: 6332K(6848K)] 9084K(9920K), 0.0030279 secs] [Times: user=0.00 sys=0.00, real=0.00 secs] 
162.737: [CMS-concurrent-mark-start]
162.737: [GC (Allocation Failure) 162.737: [ParNew (promotion failed): 2751K->3022K(3072K), 0.0150708 secs]162.752: [CMS162.756: [CMS-concurrent-mark: 0.003/0.019 secs] [Times: user=0.12 sys=0.00, real=0.02 secs] 
 (concurrent mode failure): 6334K->6332K(6848K), 0.0199578 secs] 9084K->9083K(9920K), [Metaspace: 3748K->3748K(1056768K)], 0.0350893 secs] [Times: user=0.14 sys=0.00, real=0.04 secs] 
162.773: [GC (Allocation Failure) 162.773: [ParNew (promotion failed): 2751K->3022K(3072K), 0.0208099 secs]162.794: [CMS: 6334K->6331K(6848K), 0.0165945 secs] 9084K->9083K(9920K), [Metaspace: 3748K->3748K(1056768K)], 0.0374733 secs] [Times: user=0.17 sys=0.00, real=0.04 secs] 
162.811: [GC (CMS Initial Mark) [1 CMS-initial-mark: 6331K(6848K)] 9083K(9920K), 0.0030811 secs] [Times: user=0.00 sys=0.00, real=0.00 secs] 
162.814: [CMS-concurrent-mark-start]
162.814: [GC (Allocation Failure) 162.814: [ParNew (promotion failed): 2751K->2997K(3072K), 0.0162608 secs]162.831: [CMS162.834: [CMS-concurrent-mark: 0.003/0.020 secs] [Times: user=0.13 sys=0.00, real=0.02 secs] 
 (concurrent mode failure): 6334K->6331K(6848K), 0.0196586 secs] 9083K->9083K(9920K), [Metaspace: 3748K->3748K(1056768K)], 0.0359820 secs] [Times: user=0.14 sys=0.00, real=0.04 secs] 
162.850: [GC (Allocation Failure) 162.851: [ParNew (promotion failed): 2751K->3022K(3072K), 0.0144467 secs]162.865: [CMS: 6334K->6331K(6848K), 0.0165040 secs] 9083K->9083K(9920K), [Metaspace: 3748K->3748K(1056768K)], 0.0310253 secs] [Times: user=0.13 sys=0.01, real=0.03 secs] 
162.882: [GC (CMS Initial Mark) [1 CMS-initial-mark: 6331K(6848K)] 9083K(9920K), 0.0030597 secs] [Times: user=0.00 sys=0.00, real=0.00 secs] 
162.885: [CMS-concurrent-mark-start]
162.885: [GC (Allocation Failure) 162.885: [ParNew (promotion failed): 2751K->2997K(3072K), 0.0187979 secs]162.904: [CMS162.907: [CMS-concurrent-mark: 0.004/0.022 secs] [Times: user=0.15 sys=0.00, real=0.02 secs] 
 (concurrent mode failure): 6334K->6331K(6848K), 0.0201480 secs] 9083K->9083K(9920K), [Metaspace: 3748K->3748K(1056768K)], 0.0390068 secs] [Times: user=0.17 sys=0.00, real=0.04 secs] 
162.924: [GC (Allocation Failure) 162.924: [ParNew (promotion failed): 2751K->2997K(3072K), 0.0161036 secs]162.941: [CMS: 6334K->6332K(6848K), 0.0165254 secs] 9084K->9084K(9920K), [Metaspace: 3748K->3748K(1056768K)], 0.0326980 secs] [Times: user=0.14 sys=0.00, real=0.03 secs] 
162.957: [GC (CMS Initial Mark) [1 CMS-initial-mark: 6332K(6848K)] 9084K(9920K), 0.0030399 secs] [Times: user=0.00 sys=0.00, real=0.01 secs] 
162.961: [CMS-concurrent-mark-start]
162.961: [GC (Allocation Failure) 162.961: [ParNew (promotion failed): 2751K->2997K(3072K), 0.0221589 secs]162.983: [CMS162.986: [CMS-concurrent-mark: 0.004/0.026 secs] [Times: user=0.16 sys=0.00, real=0.02 secs] 
 (concurrent mode failure): 6334K->6332K(6848K), 0.0201864 secs] 9084K->9084K(9920K), [Metaspace: 3748K->3748K(1056768K)], 0.0424163 secs] [Times: user=0.18 sys=0.00, real=0.04 secs] 
163.004: [GC (Allocation Failure) 163.004: [ParNew (promotion failed): 2751K->3022K(3072K), 0.0232117 secs]163.027: [CMS: 6334K->6332K(6848K), 0.0165061 secs] 9084K->9084K(9920K), [Metaspace: 3748K->3748K(1056768K)], 0.0397880 secs] [Times: user=0.19 sys=0.00, real=0.04 secs] 
163.044: [GC (CMS Initial Mark) [1 CMS-initial-mark: 6332K(6848K)] 9084K(9920K), 0.0030391 secs] [Times: user=0.00 sys=0.00, real=0.00 secs] 
163.047: [CMS-concurrent-mark-start]
163.048: [GC (Allocation Failure) 163.048: [ParNew (promotion failed): 2751K->2997K(3072K), 0.0208963 secs]163.069: [CMS163.072: [CMS-concurrent-mark: 0.004/0.025 secs] [Times: user=0.16 sys=0.00, real=0.03 secs] 
 (concurrent mode failure): 6334K->6331K(6848K), 0.0196683 secs] 9084K->9083K(9920K), [Metaspace: 3748K->3748K(1056768K)], 0.0406256 secs] [Times: user=0.16 sys=0.00, real=0.04 secs] 
163.089: [GC (Allocation Failure) 163.089: [ParNew (promotion failed): 2751K->2997K(3072K), 0.0228028 secs]163.112: [CMS: 6334K->6331K(6848K), 0.0166045 secs] 9083K->9083K(9920K), [Metaspace: 3748K->3748K(1056768K)], 0.0395156 secs] [Times: user=0.18 sys=0.00, real=0.04 secs] 
163.129: [GC (CMS Initial Mark) [1 CMS-initial-mark: 6331K(6848K)] 9083K(9920K), 0.0030070 secs] [Times: user=0.00 sys=0.00, real=0.01 secs] 
163.132: [CMS-concurrent-mark-start]
163.132: [GC (Allocation Failure) 163.132: [ParNew (promotion failed): 2751K->2997K(3072K), 0.0203840 secs]163.152: [CMS163.156: [CMS-concurrent-mark: 0.003/0.024 secs] [Times: user=0.16 sys=0.00, real=0.02 secs] 
 (concurrent mode failure): 6334K->6331K(6848K), 0.0199817 secs] 9083K->9083K(9920K), [Metaspace: 3748K->3748K(1056768K)], 0.0404287 secs] [Times: user=0.18 sys=0.00, real=0.04 secs] 
163.172: [GC (Allocation Failure) 163.172: [ParNew (promotion failed): 2751K->3022K(3072K), 0.0161888 secs]163.189: [CMS: 6334K->6332K(6848K), 0.0165332 secs] 9083K->9083K(9920K), [Metaspace: 3748K->3748K(1056768K)], 0.0327952 secs] [Times: user=0.13 sys=0.00, real=0.03 secs] 
163.206: [GC (CMS Initial Mark) [1 CMS-initial-mark: 6332K(6848K)] 9084K(9920K), 0.0030616 secs] [Times: user=0.00 sys=0.00, real=0.00 secs] 
163.209: [CMS-concurrent-mark-start]
163.209: [GC (Allocation Failure) 163.209: [ParNew (promotion failed): 2751K->2997K(3072K), 0.0154749 secs]163.225: [CMS163.228: [CMS-concurrent-mark: 0.003/0.019 secs] [Times: user=0.12 sys=0.01, real=0.02 secs] 
 (concurrent mode failure): 6334K->6332K(6848K), 0.0198217 secs] 9084K->9084K(9920K), [Metaspace: 3748K->3748K(1056768K)], 0.0353616 secs] [Times: user=0.14 sys=0.01, real=0.04 secs] 
163.245: [GC (Allocation Failure) 163.245: [ParNew (promotion failed): 2751K->3022K(3072K), 0.0154574 secs]163.260: [CMS: 6334K->6332K(6848K), 0.0167466 secs] 9084K->9084K(9920K), [Metaspace: 3748K->3748K(1056768K)], 0.0322720 secs] [Times: user=0.12 sys=0.00, real=0.03 secs] 
163.278: [GC (CMS Initial Mark) [1 CMS-initial-mark: 6332K(6848K)] 9084K(9920K), 0.0030745 secs] [Times: user=0.01 sys=0.00, real=0.01 secs] 
163.281: [CMS-concurrent-mark-start]
163.281: [GC (Allocation Failure) 163.281: [ParNew (promotion failed): 2751K->2997K(3072K), 0.0150004 secs]163.296: [CMS163.300: [CMS-concurrent-mark: 0.004/0.019 secs] [Times: user=0.11 sys=0.00, real=0.01 secs] 
 (concurrent mode failure): 6334K->6332K(6848K), 0.0200140 secs] 9084K->9084K(9920K), [Metaspace: 3748K->3748K(1056768K)], 0.0350751 secs] [Times: user=0.13 sys=0.00, real=0.03 secs] 
163.317: [GC (Allocation Failure) 163.317: [ParNew (promotion failed): 2751K->2997K(3072K), 0.0229558 secs]163.340: [CMS: 6334K->6331K(6848K), 0.0168295 secs] 9084K->9083K(9920K), [Metaspace: 3748K->3748K(1056768K)], 0.0398543 secs] [Times: user=0.19 sys=0.00, real=0.04 secs] 
163.357: [GC (CMS Initial Mark) [1 CMS-initial-mark: 6332K(6848K)] 9084K(9920K), 0.0030830 secs] [Times: user=0.00 sys=0.00, real=0.01 secs] 
163.360: [CMS-concurrent-mark-start]
163.361: [GC (Allocation Failure) 163.361: [ParNew (promotion failed): 2751K->3022K(3072K), 0.0160652 secs]163.377: [CMS163.380: [CMS-concurrent-mark: 0.004/0.020 secs] [Times: user=0.13 sys=0.00, real=0.02 secs] 
 (concurrent mode failure): 6334K->6331K(6848K), 0.0197969 secs] 9084K->9083K(9920K), [Metaspace: 3748K->3748K(1056768K)], 0.0359203 secs] [Times: user=0.15 sys=0.00, real=0.03 secs] 
163.397: [GC (Allocation Failure) 163.397: [ParNew (promotion failed): 2751K->2997K(3072K), 0.0164564 secs]163.413: [CMS: 6334K->6332K(6848K), 0.0164794 secs] 9083K->9083K(9920K), [Metaspace: 3748K->3748K(1056768K)], 0.0329934 secs] [Times: user=0.13 sys=0.00, real=0.04 secs] 
163.430: [GC (CMS Initial Mark) [1 CMS-initial-mark: 6332K(6848K)] 9084K(9920K), 0.0030570 secs] [Times: user=0.01 sys=0.00, real=0.00 secs] 
163.433: [CMS-concurrent-mark-start]
163.433: [GC (Allocation Failure) 163.433: [ParNew (promotion failed): 2751K->2997K(3072K), 0.0234572 secs]163.457: [CMS163.460: [CMS-concurrent-mark: 0.003/0.027 secs] [Times: user=0.18 sys=0.00, real=0.03 secs] 
 (concurrent mode failure): 6334K->6332K(6848K), 0.0199497 secs] 9084K->9084K(9920K), [Metaspace: 3748K->3748K(1056768K)], 0.0434702 secs] [Times: user=0.20 sys=0.00, real=0.04 secs] 
163.477: [GC (Allocation Failure) 163.477: [ParNew (promotion failed): 2751K->3022K(3072K), 0.0163335 secs]163.493: [CMS: 6334K->6332K(6848K), 0.0166078 secs] 9084K->9084K(9920K), [Metaspace: 3748K->3748K(1056768K)], 0.0330027 secs] [Times: user=0.13 sys=0.00, real=0.04 secs] 
163.511: [GC (CMS Initial Mark) [1 CMS-initial-mark: 6332K(6848K)] 9084K(9920K), 0.0030838 secs] [Times: user=0.00 sys=0.00, real=0.00 secs] 
163.514: [CMS-concurrent-mark-start]
163.514: [GC (Allocation Failure) 163.514: [ParNew (promotion failed): 2751K->2997K(3072K), 0.0138607 secs]163.528: [CMS163.531: [CMS-concurrent-mark: 0.003/0.017 secs] [Times: user=0.10 sys=0.00, real=0.02 secs] 
 (concurrent mode failure): 6334K->6332K(6848K), 0.0199935 secs] 9084K->9084K(9920K), [Metaspace: 3748K->3748K(1056768K)], 0.0339119 secs] [Times: user=0.11 sys=0.00, real=0.03 secs] 
163.548: [GC (Allocation Failure) 163.548: [ParNew (promotion failed): 2751K->3046K(3072K), 0.0133491 secs]163.562: [CMS: 6334K->6332K(6848K), 0.0165950 secs] 9084K->9084K(9920K), [Metaspace: 3748K->3748K(1056768K)], 0.0300182 secs] [Times: user=0.10 sys=0.00, real=0.03 secs] 
163.579: [GC (CMS Initial Mark) [1 CMS-initial-mark: 6332K(6848K)] 9084K(9920K), 0.0030569 secs] [Times: user=0.00 sys=0.00, real=0.01 secs] 
163.582: [CMS-concurrent-mark-start]
163.582: [GC (Allocation Failure) 163.582: [ParNew (promotion failed): 2751K->2997K(3072K), 0.0230233 secs]163.605: [CMS163.609: [CMS-concurrent-mark: 0.004/0.027 secs] [Times: user=0.19 sys=0.00, real=0.02 secs] 
 (concurrent mode failure): 6334K->6332K(6848K), 0.0196178 secs] 9084K->9083K(9920K), [Metaspace: 3748K->3748K(1056768K)], 0.0426949 secs] [Times: user=0.20 sys=0.00, real=0.04 secs] 
163.626: [GC (Allocation Failure) 163.626: [ParNew (promotion failed): 2751K->2997K(3072K), 0.0171112 secs]163.643: [CMS: 6334K->6332K(6848K), 0.0165297 secs] 9084K->9083K(9920K), [Metaspace: 3748K->3748K(1056768K)], 0.0337012 secs] [Times: user=0.15 sys=0.00, real=0.03 secs] 
163.660: [GC (CMS Initial Mark) [1 CMS-initial-mark: 6332K(6848K)] 9084K(9920K), 0.0030669 secs] [Times: user=0.00 sys=0.00, real=0.01 secs] 
163.663: [CMS-concurrent-mark-start]
163.663: [GC (Allocation Failure) 163.663: [ParNew (promotion failed): 2751K->3022K(3072K), 0.0154128 secs]163.678: [CMS163.682: [CMS-concurrent-mark: 0.003/0.019 secs] [Times: user=0.12 sys=0.00, real=0.02 secs] 
 (concurrent mode failure): 6334K->6332K(6848K), 0.0199280 secs] 9084K->9084K(9920K), [Metaspace: 3748K->3748K(1056768K)], 0.0353945 secs] [Times: user=0.14 sys=0.00, real=0.03 secs] 
163.698: [GC (Allocation Failure) 163.698: [ParNew (promotion failed): 2751K->3046K(3072K), 0.0185542 secs]163.717: [CMS: 6334K->6332K(6848K), 0.0164485 secs] 9084K->9084K(9920K), [Metaspace: 3748K->3748K(1056768K)], 0.0350685 secs] [Times: user=0.16 sys=0.00, real=0.04 secs] 
163.734: [GC (CMS Initial Mark) [1 CMS-initial-mark: 6332K(6848K)] 9084K(9920K), 0.0030483 secs] [Times: user=0.00 sys=0.00, real=0.00 secs] 
163.737: [CMS-concurrent-mark-start]
163.737: [GC (Allocation Failure) 163.737: [ParNew (promotion failed): 2751K->3071K(3072K), 0.0213441 secs]163.759: [CMS163.762: [CMS-concurrent-mark: 0.004/0.025 secs] [Times: user=0.17 sys=0.00, real=0.03 secs] 
 (concurrent mode failure): 6334K->6332K(6848K), 0.0199935 secs] 9084K->9084K(9920K), [Metaspace: 3748K->3748K(1056768K)], 0.0414047 secs] [Times: user=0.18 sys=0.00, real=0.04 secs] 
163.779: [GC (Allocation Failure) 163.779: [ParNew (promotion failed): 2751K->2997K(3072K), 0.0182663 secs]163.797: [CMS: 6334K->6332K(6848K), 0.0164244 secs] 9084K->9084K(9920K), [Metaspace: 3748K->3748K(1056768K)], 0.0347526 secs] [Times: user=0.16 sys=0.00, real=0.04 secs] 
163.815: [GC (CMS Initial Mark) [1 CMS-initial-mark: 6332K(6848K)] 9084K(9920K), 0.0030574 secs] [Times: user=0.00 sys=0.00, real=0.00 secs] 
163.818: [CMS-concurrent-mark-start]
163.818: [GC (Allocation Failure) 163.818: [ParNew (promotion failed): 2751K->2997K(3072K), 0.0148960 secs]163.836: [CMS163.839: [CMS-concurrent-mark: 0.003/0.022 secs] [Times: user=0.12 sys=0.00, real=0.02 secs] 
 (concurrent mode failure): 6334K->6332K(6848K), 0.0201753 secs] 9084K->9084K(9920K), [Metaspace: 3748K->3748K(1056768K)], 0.0384411 secs] [Times: user=0.14 sys=0.00, real=0.04 secs] 
163.857: [GC (Allocation Failure) 163.857: [ParNew (promotion failed): 2751K->3022K(3072K), 0.0145748 secs]163.871: [CMS: 6334K->6332K(6848K), 0.0166470 secs] 9084K->9084K(9920K), [Metaspace: 3748K->3748K(1056768K)], 0.0312787 secs] [Times: user=0.12 sys=0.00, real=0.03 secs] 
163.889: [GC (CMS Initial Mark) [1 CMS-initial-mark: 6332K(6848K)] 9084K(9920K), 0.0030650 secs] [Times: user=0.00 sys=0.00, real=0.01 secs] 
163.892: [CMS-concurrent-mark-start]
163.892: [GC (Allocation Failure) 163.892: [ParNew (promotion failed): 2751K->2997K(3072K), 0.0141555 secs]163.906: [CMS163.909: [CMS-concurrent-mark: 0.004/0.018 secs] [Times: user=0.11 sys=0.00, real=0.01 secs] 
 (concurrent mode failure): 6334K->6332K(6848K), 0.0198396 secs] 9084K->9084K(9920K), [Metaspace: 3748K->3748K(1056768K)], 0.0340530 secs] [Times: user=0.13 sys=0.00, real=0.03 secs] 
163.926: [GC (Allocation Failure) 163.926: [ParNew (promotion failed): 2751K->3046K(3072K), 0.0144897 secs]163.941: [CMS: 6334K->6332K(6848K), 0.0164425 secs] 9084K->9084K(9920K), [Metaspace: 3748K->3748K(1056768K)], 0.0309891 secs] [Times: user=0.12 sys=0.01, real=0.03 secs] 
163.957: [GC (CMS Initial Mark) [1 CMS-initial-mark: 6332K(6848K)] 9084K(9920K), 0.0030661 secs] [Times: user=0.00 sys=0.00, real=0.01 secs] 
163.961: [CMS-concurrent-mark-start]
163.961: [GC (Allocation Failure) 163.961: [ParNew (promotion failed): 2751K->2997K(3072K), 0.0215975 secs]163.982: [CMS163.986: [CMS-concurrent-mark: 0.003/0.025 secs] [Times: user=0.16 sys=0.00, real=0.02 secs] 
 (concurrent mode failure): 6334K->6332K(6848K), 0.0199580 secs] 9084K->9084K(9920K), [Metaspace: 3748K->3748K(1056768K)], 0.0416096 secs] [Times: user=0.18 sys=0.00, real=0.04 secs] 
164.003: [GC (Allocation Failure) 164.003: [ParNew (promotion failed): 2751K->3022K(3072K), 0.0183128 secs]164.021: [CMS: 6334K->6332K(6848K), 0.0164411 secs] 9084K->9084K(9920K), [Metaspace: 3748K->3748K(1056768K)], 0.0348171 secs] [Times: user=0.15 sys=0.00, real=0.03 secs] 
164.038: [GC (CMS Initial Mark) [1 CMS-initial-mark: 6332K(6848K)] 9084K(9920K), 0.0030581 secs] [Times: user=0.00 sys=0.00, real=0.01 secs] 
164.041: [CMS-concurrent-mark-start]
164.041: [GC (Allocation Failure) 164.041: [ParNew (promotion failed): 2751K->2997K(3072K), 0.0222851 secs]164.063: [CMS164.067: [CMS-concurrent-mark: 0.003/0.026 secs] [Times: user=0.17 sys=0.00, real=0.02 secs] 
 (concurrent mode failure): 6334K->6332K(6848K), 0.0200071 secs] 9084K->9084K(9920K), [Metaspace: 3748K->3748K(1056768K)], 0.0423559 secs] [Times: user=0.19 sys=0.00, real=0.04 secs] 
164.084: [GC (Allocation Failure) 164.084: [ParNew (promotion failed): 2751K->2972K(3072K), 0.0171082 secs]164.101: [CMS: 6334K->6332K(6848K), 0.0166343 secs] 9084K->9084K(9920K), [Metaspace: 3748K->3748K(1056768K)], 0.0338060 secs] [Times: user=0.15 sys=0.00, real=0.03 secs] 
164.118: [GC (CMS Initial Mark) [1 CMS-initial-mark: 6332K(6848K)] 9084K(9920K), 0.0030630 secs] [Times: user=0.00 sys=0.00, real=0.01 secs] 
164.121: [CMS-concurrent-mark-start]
164.122: [GC (Allocation Failure) 164.122: [ParNew (promotion failed): 2751K->2997K(3072K), 0.0171183 secs]164.139: [CMS164.142: [CMS-concurrent-mark: 0.003/0.021 secs] [Times: user=0.14 sys=0.00, real=0.02 secs] 
 (concurrent mode failure): 6334K->6332K(6848K), 0.0195266 secs] 9084K->9084K(9920K), [Metaspace: 3748K->3748K(1056768K)], 0.0367091 secs] [Times: user=0.15 sys=0.00, real=0.03 secs] 
164.159: [GC (Allocation Failure) 164.159: [ParNew (promotion failed): 2751K->2997K(3072K), 0.0182461 secs]164.178: [CMS: 6334K->6332K(6848K), 0.0166383 secs] 9084K->9084K(9920K), [Metaspace: 3748K->3748K(1056768K)], 0.0349534 secs] [Times: user=0.15 sys=0.00, real=0.04 secs] 
164.195: [GC (CMS Initial Mark) [1 CMS-initial-mark: 6332K(6848K)] 9084K(9920K), 0.0030524 secs] [Times: user=0.00 sys=0.00, real=0.00 secs] 
164.198: [CMS-concurrent-mark-start]
164.198: [GC (Allocation Failure) 164.198: [ParNew (promotion failed): 2751K->2997K(3072K), 0.0148978 secs]164.213: [CMS164.216: [CMS-concurrent-mark: 0.003/0.018 secs] [Times: user=0.12 sys=0.00, real=0.02 secs] 
 (concurrent mode failure): 6334K->6332K(6848K), 0.0198942 secs] 9084K->9084K(9920K), [Metaspace: 3748K->3748K(1056768K)], 0.0348551 secs] [Times: user=0.14 sys=0.00, real=0.04 secs] 
164.233: [GC (Allocation Failure) 164.233: [ParNew (promotion failed): 2751K->2997K(3072K), 0.0225294 secs]164.255: [CMS: 6334K->6332K(6848K), 0.0165913 secs] 9084K->9084K(9920K), [Metaspace: 3748K->3748K(1056768K)], 0.0391872 secs] [Times: user=0.18 sys=0.00, real=0.04 secs] 
164.272: [GC (CMS Initial Mark) [1 CMS-initial-mark: 6332K(6848K)] 9084K(9920K), 0.0030777 secs] [Times: user=0.01 sys=0.00, real=0.00 secs] 
164.275: [CMS-concurrent-mark-start]
164.276: [GC (Allocation Failure) 164.276: [ParNew (promotion failed): 2751K->3022K(3072K), 0.0174651 secs]164.293: [CMS164.297: [CMS-concurrent-mark: 0.004/0.021 secs] [Times: user=0.13 sys=0.00, real=0.02 secs] 
 (concurrent mode failure): 6334K->6332K(6848K), 0.0198666 secs] 9084K->9084K(9920K), [Metaspace: 3748K->3748K(1056768K)], 0.0373849 secs] [Times: user=0.15 sys=0.00, real=0.04 secs] 
164.313: [GC (Allocation Failure) 164.313: [ParNew (promotion failed): 2751K->3022K(3072K), 0.0185602 secs]164.332: [CMS: 6334K->6332K(6848K), 0.0165364 secs] 9084K->9084K(9920K), [Metaspace: 3748K->3748K(1056768K)], 0.0351578 secs] [Times: user=0.16 sys=0.01, real=0.03 secs] 
164.349: [GC (CMS Initial Mark) [1 CMS-initial-mark: 6332K(6848K)] 9084K(9920K), 0.0030857 secs] [Times: user=0.00 sys=0.00, real=0.01 secs] 
164.353: [CMS-concurrent-mark-start]
164.353: [GC (Allocation Failure) 164.353: [ParNew (promotion failed): 2751K->3022K(3072K), 0.0208067 secs]164.373: [CMS164.377: [CMS-concurrent-mark: 0.003/0.024 secs] [Times: user=0.17 sys=0.00, real=0.02 secs] 
 (concurrent mode failure): 6334K->6332K(6848K), 0.0198972 secs] 9084K->9084K(9920K), [Metaspace: 3748K->3748K(1056768K)], 0.0407637 secs] [Times: user=0.18 sys=0.00, real=0.04 secs] 
164.394: [GC (Allocation Failure) 164.394: [ParNew (promotion failed): 2751K->3022K(3072K), 0.0156867 secs]164.410: [CMS: 6334K->6332K(6848K), 0.0164766 secs] 9084K->9084K(9920K), [Metaspace: 3748K->3748K(1056768K)], 0.0322311 secs] [Times: user=0.14 sys=0.00, real=0.03 secs] 
164.427: [GC (CMS Initial Mark) [1 CMS-initial-mark: 6332K(6848K)] 9084K(9920K), 0.0030709 secs] [Times: user=0.00 sys=0.00, real=0.01 secs] 
164.430: [CMS-concurrent-mark-start]
164.430: [GC (Allocation Failure) 164.430: [ParNew (promotion failed): 2751K->2997K(3072K), 0.0162312 secs]164.447: [CMS164.450: [CMS-concurrent-mark: 0.004/0.020 secs] [Times: user=0.13 sys=0.00, real=0.02 secs] 
 (concurrent mode failure): 6334K->6332K(6848K), 0.0196535 secs] 9084K->9084K(9920K), [Metaspace: 3748K->3748K(1056768K)], 0.0359423 secs] [Times: user=0.15 sys=0.00, real=0.03 secs] 
164.467: [GC (Allocation Failure) 164.467: [ParNew (promotion failed): 2751K->3022K(3072K), 0.0185576 secs]164.485: [CMS: 6334K->6332K(6848K), 0.0163639 secs] 9084K->9084K(9920K), [Metaspace: 3748K->3748K(1056768K)], 0.0349789 secs] [Times: user=0.15 sys=0.00, real=0.04 secs] 
164.502: [GC (CMS Initial Mark) [1 CMS-initial-mark: 6332K(6848K)] 9084K(9920K), 0.0030732 secs] [Times: user=0.00 sys=0.00, real=0.00 secs] 
164.505: [CMS-concurrent-mark-start]
164.505: [GC (Allocation Failure) 164.505: [ParNew (promotion failed): 2751K->2997K(3072K), 0.0205744 secs]164.525: [CMS164.529: [CMS-concurrent-mark: 0.003/0.024 secs] [Times: user=0.15 sys=0.00, real=0.02 secs] 
 (concurrent mode failure): 6334K->6332K(6848K), 0.0199931 secs] 9084K->9084K(9920K), [Metaspace: 3748K->3748K(1056768K)], 0.0406401 secs] [Times: user=0.17 sys=0.00, real=0.04 secs] 
164.546: [GC (Allocation Failure) 164.546: [ParNew (promotion failed): 2751K->2997K(3072K), 0.0146480 secs]164.561: [CMS: 6334K->6332K(6848K), 0.0165852 secs] 9084K->9084K(9920K), [Metaspace: 3748K->3748K(1056768K)], 0.0313021 secs] [Times: user=0.12 sys=0.00, real=0.03 secs] 
164.578: [GC (CMS Initial Mark) [1 CMS-initial-mark: 6332K(6848K)] 9084K(9920K), 0.0030486 secs] [Times: user=0.01 sys=0.00, real=0.01 secs] 
164.581: [CMS-concurrent-mark-start]
164.581: [GC (Allocation Failure) 164.581: [ParNew (promotion failed): 2751K->2997K(3072K), 0.0222324 secs]164.603: [CMS164.607: [CMS-concurrent-mark: 0.003/0.026 secs] [Times: user=0.17 sys=0.00, real=0.02 secs] 
 (concurrent mode failure): 6334K->6332K(6848K), 0.0198711 secs] 9084K->9084K(9920K), [Metaspace: 3748K->3748K(1056768K)], 0.0421627 secs] [Times: user=0.19 sys=0.00, real=0.04 secs] 
164.624: [GC (Allocation Failure) 164.624: [ParNew (promotion failed): 2751K->2997K(3072K), 0.0237330 secs]164.647: [CMS: 6334K->6332K(6848K), 0.0164409 secs] 9084K->9084K(9920K), [Metaspace: 3748K->3748K(1056768K)], 0.0402352 secs] [Times: user=0.20 sys=0.00, real=0.04 secs] 
164.664: [GC (CMS Initial Mark) [1 CMS-initial-mark: 6332K(6848K)] 9084K(9920K), 0.0030390 secs] [Times: user=0.00 sys=0.00, real=0.00 secs] 
164.667: [CMS-concurrent-mark-start]
164.668: [GC (Allocation Failure) 164.668: [ParNew (promotion failed): 2751K->3022K(3072K), 0.0178042 secs]164.686: [CMS164.689: [CMS-concurrent-mark: 0.003/0.021 secs] [Times: user=0.14 sys=0.00, real=0.02 secs] 
 (concurrent mode failure): 6334K->6332K(6848K), 0.0194621 secs] 9084K->9084K(9920K), [Metaspace: 3748K->3748K(1056768K)], 0.0373272 secs] [Times: user=0.16 sys=0.00, real=0.04 secs] 
164.706: [GC (Allocation Failure) 164.706: [ParNew (promotion failed): 2751K->2997K(3072K), 0.0179494 secs]164.724: [CMS: 6334K->6332K(6848K), 0.0165610 secs] 9084K->9084K(9920K), [Metaspace: 3748K->3748K(1056768K)], 0.0345707 secs] [Times: user=0.15 sys=0.00, real=0.04 secs] 
164.741: [GC (CMS Initial Mark) [1 CMS-initial-mark: 6332K(6848K)] 9084K(9920K), 0.0030334 secs] [Times: user=0.00 sys=0.00, real=0.00 secs] 
164.744: [CMS-concurrent-mark-start]
164.744: [GC (Allocation Failure) 164.744: [ParNew (promotion failed): 2751K->2972K(3072K), 0.0174604 secs]164.761: [CMS164.765: [CMS-concurrent-mark: 0.003/0.021 secs] [Times: user=0.14 sys=0.00, real=0.02 secs] 
 (concurrent mode failure): 6334K->6332K(6848K), 0.0198704 secs] 9084K->9084K(9920K), [Metaspace: 3748K->3748K(1056768K)], 0.0374022 secs] [Times: user=0.16 sys=0.00, real=0.04 secs] 
164.782: [GC (Allocation Failure) 164.782: [ParNew (promotion failed): 2751K->3022K(3072K), 0.0156451 secs]164.797: [CMS: 6334K->6332K(6848K), 0.0165874 secs] 9084K->9084K(9920K), [Metaspace: 3748K->3748K(1056768K)], 0.0323001 secs] [Times: user=0.13 sys=0.00, real=0.03 secs] 
164.814: [GC (CMS Initial Mark) [1 CMS-initial-mark: 6332K(6848K)] 9084K(9920K), 0.0030354 secs] [Times: user=0.00 sys=0.00, real=0.00 secs] 
164.817: [CMS-concurrent-mark-start]
164.817: [GC (Allocation Failure) 164.817: [ParNew (promotion failed): 2751K->2997K(3072K), 0.0216892 secs]164.839: [CMS164.843: [CMS-concurrent-mark: 0.004/0.025 secs] [Times: user=0.18 sys=0.00, real=0.03 secs] 
 (concurrent mode failure): 6334K->6332K(6848K), 0.0199160 secs] 9084K->9084K(9920K), [Metaspace: 3748K->3748K(1056768K)], 0.0416661 secs] [Times: user=0.19 sys=0.00, real=0.04 secs] 
164.860: [GC (Allocation Failure) 164.860: [ParNew (promotion failed): 2751K->2997K(3072K), 0.0149281 secs]164.875: [CMS: 6334K->6332K(6848K), 0.0164537 secs] 9084K->9084K(9920K), [Metaspace: 3748K->3748K(1056768K)], 0.0314433 secs] [Times: user=0.13 sys=0.00, real=0.04 secs] 
164.892: [GC (CMS Initial Mark) [1 CMS-initial-mark: 6332K(6848K)] 9084K(9920K), 0.0030674 secs] [Times: user=0.01 sys=0.00, real=0.00 secs] 
164.895: [CMS-concurrent-mark-start]
164.895: [GC (Allocation Failure) 164.895: [ParNew (promotion failed): 2751K->3022K(3072K), 0.0162008 secs]164.911: [CMS164.915: [CMS-concurrent-mark: 0.003/0.020 secs] [Times: user=0.13 sys=0.00, real=0.02 secs] 
 (concurrent mode failure): 6334K->6332K(6848K), 0.0199718 secs] 9084K->9084K(9920K), [Metaspace: 3748K->3748K(1056768K)], 0.0362324 secs] [Times: user=0.14 sys=0.00, real=0.04 secs] 
164.932: [GC (Allocation Failure) 164.932: [ParNew (promotion failed): 2751K->2997K(3072K), 0.0166976 secs]164.949: [CMS: 6334K->6332K(6848K), 0.0164979 secs] 9084K->9084K(9920K), [Metaspace: 3748K->3748K(1056768K)], 0.0332563 secs] [Times: user=0.14 sys=0.00, real=0.03 secs] 
164.966: [GC (CMS Initial Mark) [1 CMS-initial-mark: 6332K(6848K)] 9084K(9920K), 0.0030707 secs] [Times: user=0.01 sys=0.00, real=0.00 secs] 
164.969: [CMS-concurrent-mark-start]
164.969: [GC (Allocation Failure) 164.969: [ParNew (promotion failed): 2751K->2997K(3072K), 0.0152346 secs]164.984: [CMS164.988: [CMS-concurrent-mark: 0.003/0.019 secs] [Times: user=0.12 sys=0.00, real=0.02 secs] 
 (concurrent mode failure): 6334K->6332K(6848K), 0.0198300 secs] 9084K->9084K(9920K), [Metaspace: 3748K->3748K(1056768K)], 0.0351200 secs] [Times: user=0.13 sys=0.00, real=0.04 secs] 
165.004: [GC (Allocation Failure) 165.004: [ParNew (promotion failed): 2751K->3046K(3072K), 0.0221663 secs]165.027: [CMS: 6334K->6332K(6848K), 0.0164979 secs] 9084K->9084K(9920K), [Metaspace: 3748K->3748K(1056768K)], 0.0387185 secs] [Times: user=0.18 sys=0.00, real=0.04 secs] 
165.043: [GC (CMS Initial Mark) [1 CMS-initial-mark: 6332K(6848K)] 9084K(9920K), 0.0030326 secs] [Times: user=0.00 sys=0.00, real=0.00 secs] 
165.046: [CMS-concurrent-mark-start]
165.047: [GC (Allocation Failure) 165.047: [ParNew (promotion failed): 2751K->3022K(3072K), 0.0144041 secs]165.061: [CMS165.064: [CMS-concurrent-mark: 0.003/0.018 secs] [Times: user=0.11 sys=0.00, real=0.02 secs] 
 (concurrent mode failure): 6334K->6332K(6848K), 0.0199716 secs] 9084K->9084K(9920K), [Metaspace: 3748K->3748K(1056768K)], 0.0344378 secs] [Times: user=0.13 sys=0.00, real=0.04 secs] 
165.081: [GC (Allocation Failure) 165.081: [ParNew (promotion failed): 2751K->2997K(3072K), 0.0183302 secs]165.100: [CMS: 6334K->6332K(6848K), 0.0164540 secs] 9084K->9084K(9920K), [Metaspace: 3748K->3748K(1056768K)], 0.0348532 secs] [Times: user=0.15 sys=0.01, real=0.03 secs] 
165.117: [GC (CMS Initial Mark) [1 CMS-initial-mark: 6332K(6848K)] 9084K(9920K), 0.0030750 secs] [Times: user=0.00 sys=0.00, real=0.01 secs] 
165.120: [CMS-concurrent-mark-start]
165.120: [GC (Allocation Failure) 165.120: [ParNew (promotion failed): 2751K->3022K(3072K), 0.0160916 secs]165.136: [CMS165.139: [CMS-concurrent-mark: 0.003/0.020 secs] [Times: user=0.13 sys=0.00, real=0.01 secs] 
 (concurrent mode failure): 6334K->6332K(6848K), 0.0200067 secs] 9084K->9084K(9920K), [Metaspace: 3748K->3748K(1056768K)], 0.0361470 secs] [Times: user=0.14 sys=0.00, real=0.03 secs] 
165.157: [GC (Allocation Failure) 165.157: [ParNew (promotion failed): 2751K->2997K(3072K), 0.0171463 secs]165.174: [CMS: 6334K->6332K(6848K), 0.0164333 secs] 9084K->9084K(9920K), [Metaspace: 3748K->3748K(1056768K)], 0.0336379 secs] [Times: user=0.15 sys=0.00, real=0.04 secs] 
165.191: [GC (CMS Initial Mark) [1 CMS-initial-mark: 6332K(6848K)] 9084K(9920K), 0.0030679 secs] [Times: user=0.00 sys=0.00, real=0.00 secs] 
165.194: [CMS-concurrent-mark-start]
165.195: [GC (Allocation Failure) 165.195: [ParNew (promotion failed): 2751K->2997K(3072K), 0.0228335 secs]165.217: [CMS165.220: [CMS-concurrent-mark: 0.004/0.027 secs] [Times: user=0.18 sys=0.00, real=0.03 secs] 
 (concurrent mode failure): 6334K->6332K(6848K), 0.0195641 secs] 9084K->9084K(9920K), [Metaspace: 3748K->3748K(1056768K)], 0.0424642 secs] [Times: user=0.20 sys=0.00, real=0.04 secs] 
165.238: [GC (Allocation Failure) 165.238: [ParNew (promotion failed): 2751K->2997K(3072K), 0.0233870 secs]165.261: [CMS: 6334K->6332K(6848K), 0.0165696 secs] 9084K->9084K(9920K), [Metaspace: 3748K->3748K(1056768K)], 0.0400190 secs] [Times: user=0.19 sys=0.00, real=0.04 secs] 
165.278: [GC (CMS Initial Mark) [1 CMS-initial-mark: 6332K(6848K)] 9084K(9920K), 0.0030486 secs] [Times: user=0.01 sys=0.00, real=0.01 secs] 
165.281: [CMS-concurrent-mark-start]
165.281: [GC (Allocation Failure) 165.281: [ParNew (promotion failed): 2751K->2997K(3072K), 0.0144525 secs]165.295: [CMS165.299: [CMS-concurrent-mark: 0.003/0.018 secs] [Times: user=0.11 sys=0.00, real=0.01 secs] 
 (concurrent mode failure): 6334K->6332K(6848K), 0.0198630 secs] 9084K->9084K(9920K), [Metaspace: 3748K->3748K(1056768K)], 0.0343753 secs] [Times: user=0.13 sys=0.00, real=0.03 secs] 
165.316: [GC (Allocation Failure) 165.316: [ParNew (promotion failed): 2751K->2997K(3072K), 0.0224120 secs]165.338: [CMS: 6334K->6332K(6848K), 0.0164298 secs] 9084K->9084K(9920K), [Metaspace: 3748K->3748K(1056768K)], 0.0389058 secs] [Times: user=0.18 sys=0.00, real=0.04 secs] 
165.355: [GC (CMS Initial Mark) [1 CMS-initial-mark: 6332K(6848K)] 9084K(9920K), 0.0030710 secs] [Times: user=0.01 sys=0.00, real=0.00 secs] 
165.358: [CMS-concurrent-mark-start]
165.358: [GC (Allocation Failure) 165.358: [ParNew (promotion failed): 2751K->3022K(3072K), 0.0148608 secs]165.373: [CMS165.376: [CMS-concurrent-mark: 0.004/0.018 secs] [Times: user=0.12 sys=0.00, real=0.02 secs] 
 (concurrent mode failure): 6334K->6332K(6848K), 0.0198287 secs] 9084K->9084K(9920K), [Metaspace: 3748K->3748K(1056768K)], 0.0347478 secs] [Times: user=0.13 sys=0.00, real=0.04 secs] 
165.393: [GC (Allocation Failure) 165.393: [ParNew (promotion failed): 2751K->3046K(3072K), 0.0144307 secs]165.408: [CMS: 6334K->6332K(6848K), 0.0165254 secs] 9084K->9084K(9920K), [Metaspace: 3748K->3748K(1056768K)], 0.0310130 secs] [Times: user=0.11 sys=0.00, real=0.03 secs] 
165.425: [GC (CMS Initial Mark) [1 CMS-initial-mark: 6332K(6848K)] 9084K(9920K), 0.0030595 secs] [Times: user=0.01 sys=0.00, real=0.00 secs] 
165.428: [CMS-concurrent-mark-start]
165.428: [GC (Allocation Failure) 165.428: [ParNew (promotion failed): 2751K->3022K(3072K), 0.0142850 secs]165.443: [CMS165.446: [CMS-concurrent-mark: 0.003/0.018 secs] [Times: user=0.11 sys=0.00, real=0.02 secs] 
 (concurrent mode failure): 6334K->6332K(6848K), 0.0198059 secs] 9084K->9084K(9920K), [Metaspace: 3748K->3748K(1056768K)], 0.0341438 secs] [Times: user=0.12 sys=0.00, real=0.04 secs] 
165.463: [GC (Allocation Failure) 165.463: [ParNew (promotion failed): 2751K->3022K(3072K), 0.0150454 secs]165.478: [CMS: 6334K->6332K(6848K), 0.0165078 secs] 9084K->9084K(9920K), [Metaspace: 3748K->3748K(1056768K)], 0.0316159 secs] [Times: user=0.12 sys=0.01, real=0.03 secs] 
165.495: [GC (CMS Initial Mark) [1 CMS-initial-mark: 6332K(6848K)] 9084K(9920K), 0.0030734 secs] [Times: user=0.00 sys=0.00, real=0.00 secs] 
165.498: [CMS-concurrent-mark-start]
165.499: [GC (Allocation Failure) 165.499: [ParNew (promotion failed): 2751K->2997K(3072K), 0.0141813 secs]165.513: [CMS165.516: [CMS-concurrent-mark: 0.003/0.018 secs] [Times: user=0.10 sys=0.00, real=0.02 secs] 
 (concurrent mode failure): 6334K->6332K(6848K), 0.0196738 secs] 9084K->9084K(9920K), [Metaspace: 3748K->3748K(1056768K)], 0.0339098 secs] [Times: user=0.12 sys=0.00, real=0.04 secs] 
165.533: [GC (Allocation Failure) 165.533: [ParNew (promotion failed): 2751K->2997K(3072K), 0.0155160 secs]165.548: [CMS: 6334K->6332K(6848K), 0.0165832 secs] 9084K->9084K(9920K), [Metaspace: 3748K->3748K(1056768K)], 0.0321600 secs] [Times: user=0.13 sys=0.00, real=0.03 secs] 
165.565: [GC (CMS Initial Mark) [1 CMS-initial-mark: 6332K(6848K)] 9084K(9920K), 0.0030586 secs] [Times: user=0.00 sys=0.00, real=0.00 secs] 
165.568: [CMS-concurrent-mark-start]
165.568: [GC (Allocation Failure) 165.568: [ParNew (promotion failed): 2751K->3022K(3072K), 0.0143192 secs]165.583: [CMS165.586: [CMS-concurrent-mark: 0.004/0.018 secs] [Times: user=0.12 sys=0.00, real=0.02 secs] 
 (concurrent mode failure): 6334K->6332K(6848K), 0.0199268 secs] 9084K->9084K(9920K), [Metaspace: 3748K->3748K(1056768K)], 0.0343089 secs] [Times: user=0.13 sys=0.00, real=0.04 secs] 
165.603: [GC (Allocation Failure) 165.603: [ParNew (promotion failed): 2751K->3022K(3072K), 0.0162459 secs]165.619: [CMS: 6334K->6332K(6848K), 0.0163993 secs] 9084K->9084K(9920K), [Metaspace: 3748K->3748K(1056768K)], 0.0327015 secs] [Times: user=0.14 sys=0.00, real=0.03 secs] 
165.636: [GC (CMS Initial Mark) [1 CMS-initial-mark: 6332K(6848K)] 9084K(9920K), 0.0030318 secs] [Times: user=0.00 sys=0.00, real=0.00 secs] 
165.639: [CMS-concurrent-mark-start]
165.639: [GC (Allocation Failure) 165.639: [ParNew (promotion failed): 2751K->2997K(3072K), 0.0144205 secs]165.654: [CMS165.657: [CMS-concurrent-mark: 0.004/0.018 secs] [Times: user=0.12 sys=0.00, real=0.02 secs] 
 (concurrent mode failure): 6334K->6332K(6848K), 0.0198687 secs] 9084K->9084K(9920K), [Metaspace: 3748K->3748K(1056768K)], 0.0343434 secs] [Times: user=0.13 sys=0.00, real=0.04 secs] 
165.674: [GC (Allocation Failure) 165.674: [ParNew (promotion failed): 2751K->2997K(3072K), 0.0118312 secs]165.686: [CMS: 6334K->6332K(6848K), 0.0168180 secs] 9084K->9084K(9920K), [Metaspace: 3748K->3748K(1056768K)], 0.0287063 secs] [Times: user=0.09 sys=0.00, real=0.03 secs] 
165.703: [GC (CMS Initial Mark) [1 CMS-initial-mark: 6332K(6848K)] 9084K(9920K), 0.0030609 secs] [Times: user=0.00 sys=0.00, real=0.00 secs] 
165.707: [CMS-concurrent-mark-start]
165.707: [GC (Allocation Failure) 165.707: [ParNew (promotion failed): 2751K->2997K(3072K), 0.0230211 secs]165.730: [CMS165.733: [CMS-concurrent-mark: 0.003/0.027 secs] [Times: user=0.18 sys=0.00, real=0.03 secs] 
 (concurrent mode failure): 6334K->6332K(6848K), 0.0194938 secs] 9084K->9084K(9920K), [Metaspace: 3748K->3748K(1056768K)], 0.0425781 secs] [Times: user=0.20 sys=0.00, real=0.04 secs] 
165.750: [GC (Allocation Failure) 165.750: [ParNew (promotion failed): 2751K->3022K(3072K), 0.0153113 secs]165.766: [CMS: 6334K->6332K(6848K), 0.0165255 secs] 9084K->9084K(9920K), [Metaspace: 3748K->3748K(1056768K)], 0.0318996 secs] [Times: user=0.13 sys=0.00, real=0.03 secs] 
165.782: [GC (CMS Initial Mark) [1 CMS-initial-mark: 6332K(6848K)] 9084K(9920K), 0.0030606 secs] [Times: user=0.00 sys=0.00, real=0.00 secs] 
165.785: [CMS-concurrent-mark-start]
165.786: [GC (Allocation Failure) 165.786: [ParNew (promotion failed): 2751K->2997K(3072K), 0.0227472 secs]165.808: [CMS165.812: [CMS-concurrent-mark: 0.003/0.026 secs] [Times: user=0.18 sys=0.00, real=0.03 secs] 
 (concurrent mode failure): 6334K->6332K(6848K), 0.0199658 secs] 9084K->9084K(9920K), [Metaspace: 3748K->3748K(1056768K)], 0.0427790 secs] [Times: user=0.20 sys=0.00, real=0.04 secs] 
165.829: [GC (Allocation Failure) 165.829: [ParNew (promotion failed): 2751K->2997K(3072K), 0.0174352 secs]165.846: [CMS: 6334K->6332K(6848K), 0.0163748 secs] 9084K->9084K(9920K), [Metaspace: 3748K->3748K(1056768K)], 0.0338806 secs] [Times: user=0.15 sys=0.00, real=0.04 secs] 
165.863: [GC (CMS Initial Mark) [1 CMS-initial-mark: 6332K(6848K)] 9084K(9920K), 0.0030559 secs] [Times: user=0.00 sys=0.00, real=0.00 secs] 
165.866: [CMS-concurrent-mark-start]
165.866: [GC (Allocation Failure) 165.866: [ParNew (promotion failed): 2751K->3022K(3072K), 0.0143204 secs]165.880: [CMS165.884: [CMS-concurrent-mark: 0.004/0.018 secs] [Times: user=0.12 sys=0.00, real=0.02 secs] 
 (concurrent mode failure): 6334K->6332K(6848K), 0.0199142 secs] 9084K->9084K(9920K), [Metaspace: 3748K->3748K(1056768K)], 0.0342936 secs] [Times: user=0.13 sys=0.00, real=0.04 secs] 
165.901: [GC (Allocation Failure) 165.901: [ParNew (promotion failed): 2751K->2997K(3072K), 0.0162889 secs]165.917: [CMS: 6334K->6332K(6848K), 0.0164750 secs] 9084K->9084K(9920K), [Metaspace: 3748K->3748K(1056768K)], 0.0328220 secs] [Times: user=0.14 sys=0.00, real=0.03 secs] 
165.934: [GC (CMS Initial Mark) [1 CMS-initial-mark: 6332K(6848K)] 9084K(9920K), 0.0030437 secs] [Times: user=0.01 sys=0.00, real=0.00 secs] 
165.938: [CMS-concurrent-mark-start]
165.938: [GC (Allocation Failure) 165.938: [ParNew (promotion failed): 2751K->2997K(3072K), 0.0147045 secs]165.952: [CMS165.956: [CMS-concurrent-mark: 0.003/0.018 secs] [Times: user=0.11 sys=0.00, real=0.02 secs] 
 (concurrent mode failure): 6334K->6332K(6848K), 0.0200307 secs] 9084K->9084K(9920K), [Metaspace: 3748K->3748K(1056768K)], 0.0347992 secs] [Times: user=0.13 sys=0.00, real=0.04 secs] 
165.973: [GC (Allocation Failure) 165.973: [ParNew (promotion failed): 2751K->3022K(3072K), 0.0232602 secs]165.996: [CMS: 6334K->6332K(6848K), 0.0165247 secs] 9084K->9084K(9920K), [Metaspace: 3748K->3748K(1056768K)], 0.0398516 secs] [Times: user=0.19 sys=0.00, real=0.04 secs] 
166.013: [GC (CMS Initial Mark) [1 CMS-initial-mark: 6332K(6848K)] 9084K(9920K), 0.0030648 secs] [Times: user=0.00 sys=0.00, real=0.00 secs] 
166.016: [CMS-concurrent-mark-start]
166.017: [GC (Allocation Failure) 166.017: [ParNew (promotion failed): 2751K->2997K(3072K), 0.0175311 secs]166.034: [CMS166.038: [CMS-concurrent-mark: 0.004/0.021 secs] [Times: user=0.14 sys=0.00, real=0.02 secs] 
 (concurrent mode failure): 6334K->6332K(6848K), 0.0198727 secs] 9084K->9084K(9920K), [Metaspace: 3748K->3748K(1056768K)], 0.0374591 secs] [Times: user=0.16 sys=0.00, real=0.04 secs] 
166.055: [GC (Allocation Failure) 166.055: [ParNew (promotion failed): 2751K->2997K(3072K), 0.0141767 secs]166.069: [CMS: 6334K->6332K(6848K), 0.0164907 secs] 9084K->9084K(9920K), [Metaspace: 3748K->3748K(1056768K)], 0.0307290 secs] [Times: user=0.11 sys=0.00, real=0.03 secs] 
166.086: [GC (CMS Initial Mark) [1 CMS-initial-mark: 6332K(6848K)] 9084K(9920K), 0.0030497 secs] [Times: user=0.01 sys=0.00, real=0.00 secs] 
166.089: [CMS-concurrent-mark-start]
166.089: [GC (Allocation Failure) 166.089: [ParNew (promotion failed): 2751K->2997K(3072K), 0.0156613 secs]166.104: [CMS166.108: [CMS-concurrent-mark: 0.003/0.019 secs] [Times: user=0.12 sys=0.00, real=0.02 secs] 
 (concurrent mode failure): 6334K->6332K(6848K), 0.0198045 secs] 9084K->9084K(9920K), [Metaspace: 3748K->3748K(1056768K)], 0.0355285 secs] [Times: user=0.14 sys=0.00, real=0.04 secs] 
166.125: [GC (Allocation Failure) 166.125: [ParNew (promotion failed): 2751K->3022K(3072K), 0.0147125 secs]166.139: [CMS: 6334K->6332K(6848K), 0.0164753 secs] 9084K->9084K(9920K), [Metaspace: 3748K->3748K(1056768K)], 0.0312520 secs] [Times: user=0.12 sys=0.00, real=0.03 secs] 
166.156: [GC (CMS Initial Mark) [1 CMS-initial-mark: 6332K(6848K)] 9084K(9920K), 0.0031099 secs] [Times: user=0.01 sys=0.00, real=0.00 secs] 
166.159: [CMS-concurrent-mark-start]
166.159: [GC (Allocation Failure) 166.159: [ParNew (promotion failed): 2751K->3022K(3072K), 0.0160622 secs]166.176: [CMS166.179: [CMS-concurrent-mark: 0.003/0.020 secs] [Times: user=0.12 sys=0.00, real=0.02 secs] 
 (concurrent mode failure): 6334K->6332K(6848K), 0.0198780 secs] 9084K->9084K(9920K), [Metaspace: 3748K->3748K(1056768K)], 0.0359995 secs] [Times: user=0.14 sys=0.00, real=0.04 secs] 
166.196: [GC (Allocation Failure) 166.196: [ParNew (promotion failed): 2751K->3022K(3072K), 0.0165873 secs]166.213: [CMS: 6334K->6332K(6848K), 0.0164520 secs] 9084K->9084K(9920K), [Metaspace: 3748K->3748K(1056768K)], 0.0330944 secs] [Times: user=0.14 sys=0.00, real=0.03 secs] 
166.230: [GC (CMS Initial Mark) [1 CMS-initial-mark: 6332K(6848K)] 9084K(9920K), 0.0030485 secs] [Times: user=0.00 sys=0.00, real=0.01 secs] 
166.233: [CMS-concurrent-mark-start]
166.233: [GC (Allocation Failure) 166.233: [ParNew (promotion failed): 2751K->2997K(3072K), 0.0172717 secs]166.251: [CMS166.254: [CMS-concurrent-mark: 0.004/0.021 secs] [Times: user=0.14 sys=0.00, real=0.02 secs] 
 (concurrent mode failure): 6334K->6332K(6848K), 0.0195386 secs] 9084K->9084K(9920K), [Metaspace: 3748K->3748K(1056768K)], 0.0368705 secs] [Times: user=0.15 sys=0.00, real=0.04 secs] 
166.271: [GC (Allocation Failure) 166.271: [ParNew (promotion failed): 2751K->3022K(3072K), 0.0229523 secs]166.294: [CMS: 6334K->6332K(6848K), 0.0164990 secs] 9084K->9084K(9920K), [Metaspace: 3748K->3748K(1056768K)], 0.0395180 secs] [Times: user=0.19 sys=0.00, real=0.04 secs] 
166.311: [GC (CMS Initial Mark) [1 CMS-initial-mark: 6332K(6848K)] 9084K(9920K), 0.0030514 secs] [Times: user=0.00 sys=0.00, real=0.00 secs] 
166.314: [CMS-concurrent-mark-start]
166.314: [GC (Allocation Failure) 166.314: [ParNew (promotion failed): 2751K->2997K(3072K), 0.0146657 secs]166.328: [CMS166.332: [CMS-concurrent-mark: 0.003/0.018 secs] [Times: user=0.12 sys=0.00, real=0.02 secs] 
 (concurrent mode failure): 6334K->6332K(6848K), 0.0198336 secs] 9084K->9084K(9920K), [Metaspace: 3748K->3748K(1056768K)], 0.0345609 secs] [Times: user=0.14 sys=0.00, real=0.03 secs] 
166.348: [GC (Allocation Failure) 166.348: [ParNew (promotion failed): 2751K->2997K(3072K), 0.0172065 secs]166.366: [CMS: 6334K->6332K(6848K), 0.0164506 secs] 9084K->9084K(9920K), [Metaspace: 3748K->3748K(1056768K)], 0.0337177 secs] [Times: user=0.14 sys=0.00, real=0.04 secs] 
166.383: [GC (CMS Initial Mark) [1 CMS-initial-mark: 6332K(6848K)] 9084K(9920K), 0.0030503 secs] [Times: user=0.01 sys=0.00, real=0.00 secs] 
166.386: [CMS-concurrent-mark-start]
166.386: [GC (Allocation Failure) 166.386: [ParNew (promotion failed): 2751K->2997K(3072K), 0.0150649 secs]166.401: [CMS166.404: [CMS-concurrent-mark: 0.004/0.019 secs] [Times: user=0.12 sys=0.00, real=0.02 secs] 
 (concurrent mode failure): 6334K->6332K(6848K), 0.0199523 secs] 9084K->9084K(9920K), [Metaspace: 3748K->3748K(1056768K)], 0.0350931 secs] [Times: user=0.13 sys=0.00, real=0.04 secs] 
166.421: [GC (Allocation Failure) 166.421: [ParNew (promotion failed): 2751K->2997K(3072K), 0.0242683 secs]166.446: [CMS: 6334K->6332K(6848K), 0.0164607 secs] 9084K->9084K(9920K), [Metaspace: 3748K->3748K(1056768K)], 0.0407927 secs] [Times: user=0.20 sys=0.00, real=0.04 secs] 
166.463: [GC (CMS Initial Mark) [1 CMS-initial-mark: 6332K(6848K)] 9084K(9920K), 0.0030356 secs] [Times: user=0.00 sys=0.00, real=0.00 secs] 
166.466: [CMS-concurrent-mark-start]
166.466: [GC (Allocation Failure) 166.466: [ParNew (promotion failed): 2751K->2997K(3072K), 0.0149485 secs]166.481: [CMS166.485: [CMS-concurrent-mark: 0.003/0.019 secs] [Times: user=0.12 sys=0.00, real=0.02 secs] 
 (concurrent mode failure): 6334K->6332K(6848K), 0.0200560 secs] 9084K->9084K(9920K), [Metaspace: 3748K->3748K(1056768K)], 0.0350659 secs] [Times: user=0.14 sys=0.00, real=0.04 secs] 
166.502: [GC (Allocation Failure) 166.502: [ParNew (promotion failed): 2751K->3022K(3072K), 0.0144347 secs]166.516: [CMS: 6334K->6332K(6848K), 0.0165959 secs] 9084K->9084K(9920K), [Metaspace: 3748K->3748K(1056768K)], 0.0310923 secs] [Times: user=0.11 sys=0.00, real=0.03 secs] 
166.533: [GC (CMS Initial Mark) [1 CMS-initial-mark: 6332K(6848K)] 9084K(9920K), 0.0030615 secs] [Times: user=0.00 sys=0.00, real=0.00 secs] 
166.537: [CMS-concurrent-mark-start]
166.537: [GC (Allocation Failure) 166.537: [ParNew (promotion failed): 2751K->3022K(3072K), 0.0212707 secs]166.558: [CMS166.561: [CMS-concurrent-mark: 0.004/0.025 secs] [Times: user=0.17 sys=0.00, real=0.03 secs] 
 (concurrent mode failure): 6334K->6332K(6848K), 0.0198047 secs] 9084K->9084K(9920K), [Metaspace: 3748K->3748K(1056768K)], 0.0411304 secs] [Times: user=0.18 sys=0.00, real=0.04 secs] 
166.578: [GC (Allocation Failure) 166.578: [ParNew (promotion failed): 2751K->2972K(3072K), 0.0235530 secs]166.602: [CMS: 6334K->6332K(6848K), 0.0164444 secs] 9084K->9084K(9920K), [Metaspace: 3748K->3748K(1056768K)], 0.0400568 secs] [Times: user=0.20 sys=0.00, real=0.04 secs] 
166.619: [GC (CMS Initial Mark) [1 CMS-initial-mark: 6332K(6848K)] 9084K(9920K), 0.0030509 secs] [Times: user=0.00 sys=0.00, real=0.01 secs] 
166.622: [CMS-concurrent-mark-start]
166.622: [GC (Allocation Failure) 166.622: [ParNew (promotion failed): 2751K->2997K(3072K), 0.0227390 secs]166.644: [CMS166.648: [CMS-concurrent-mark: 0.003/0.026 secs] [Times: user=0.18 sys=0.01, real=0.02 secs] 
 (concurrent mode failure): 6334K->6332K(6848K), 0.0198473 secs] 9084K->9084K(9920K), [Metaspace: 3748K->3748K(1056768K)], 0.0426469 secs] [Times: user=0.20 sys=0.01, real=0.04 secs] 
166.665: [GC (Allocation Failure) 166.665: [ParNew (promotion failed): 2751K->2997K(3072K), 0.0155010 secs]166.680: [CMS: 6334K->6332K(6848K), 0.0165012 secs] 9084K->9084K(9920K), [Metaspace: 3748K->3748K(1056768K)], 0.0320626 secs] [Times: user=0.13 sys=0.00, real=0.03 secs] 
166.697: [GC (CMS Initial Mark) [1 CMS-initial-mark: 6332K(6848K)] 9084K(9920K), 0.0030840 secs] [Times: user=0.00 sys=0.00, real=0.01 secs] 
166.700: [CMS-concurrent-mark-start]
166.700: [GC (Allocation Failure) 166.700: [ParNew (promotion failed): 2751K->3022K(3072K), 0.0141691 secs]166.715: [CMS166.718: [CMS-concurrent-mark: 0.004/0.018 secs] [Times: user=0.11 sys=0.00, real=0.01 secs] 
 (concurrent mode failure): 6334K->6332K(6848K), 0.0199594 secs] 9084K->9084K(9920K), [Metaspace: 3748K->3748K(1056768K)], 0.0341845 secs] [Times: user=0.13 sys=0.00, real=0.03 secs] 
166.735: [GC (Allocation Failure) 166.735: [ParNew (promotion failed): 2751K->3022K(3072K), 0.0173550 secs]166.753: [CMS: 6334K->6332K(6848K), 0.0165018 secs] 9084K->9084K(9920K), [Metaspace: 3748K->3748K(1056768K)], 0.0339145 secs] [Times: user=0.14 sys=0.00, real=0.03 secs] 
166.770: [GC (CMS Initial Mark) [1 CMS-initial-mark: 6332K(6848K)] 9084K(9920K), 0.0031086 secs] [Times: user=0.01 sys=0.00, real=0.01 secs] 
166.773: [CMS-concurrent-mark-start]
166.773: [GC (Allocation Failure) 166.773: [ParNew (promotion failed): 2751K->2997K(3072K), 0.0243623 secs]166.798: [CMS166.801: [CMS-concurrent-mark: 0.004/0.028 secs] [Times: user=0.19 sys=0.00, real=0.03 secs] 
 (concurrent mode failure): 6334K->6332K(6848K), 0.0194843 secs] 9084K->9084K(9920K), [Metaspace: 3748K->3748K(1056768K)], 0.0439063 secs] [Times: user=0.21 sys=0.00, real=0.04 secs] 
166.818: [GC (Allocation Failure) 166.818: [ParNew (promotion failed): 2751K->2997K(3072K), 0.0229265 secs]166.841: [CMS: 6334K->6332K(6848K), 0.0165226 secs] 9084K->9084K(9920K), [Metaspace: 3748K->3748K(1056768K)], 0.0395101 secs] [Times: user=0.19 sys=0.00, real=0.04 secs] 
166.858: [GC (CMS Initial Mark) [1 CMS-initial-mark: 6332K(6848K)] 9084K(9920K), 0.0030389 secs] [Times: user=0.00 sys=0.00, real=0.01 secs] 
166.861: [CMS-concurrent-mark-start]
166.861: [GC (Allocation Failure) 166.861: [ParNew (promotion failed): 2751K->2997K(3072K), 0.0148018 secs]166.876: [CMS166.879: [CMS-concurrent-mark: 0.003/0.018 secs] [Times: user=0.12 sys=0.00, real=0.01 secs] 
 (concurrent mode failure): 6334K->6332K(6848K), 0.0199996 secs] 9084K->9084K(9920K), [Metaspace: 3748K->3748K(1056768K)], 0.0348660 secs] [Times: user=0.14 sys=0.00, real=0.03 secs] 
166.896: [GC (Allocation Failure) 166.896: [ParNew (promotion failed): 2751K->2997K(3072K), 0.0233598 secs]166.919: [CMS: 6334K->6332K(6848K), 0.0164275 secs] 9084K->9084K(9920K), [Metaspace: 3748K->3748K(1056768K)], 0.0398480 secs] [Times: user=0.19 sys=0.00, real=0.04 secs] 
166.936: [GC (CMS Initial Mark) [1 CMS-initial-mark: 6332K(6848K)] 9084K(9920K), 0.0030545 secs] [Times: user=0.01 sys=0.00, real=0.00 secs] 
166.939: [CMS-concurrent-mark-start]
166.939: [GC (Allocation Failure) 166.939: [ParNew (promotion failed): 2751K->2997K(3072K), 0.0159170 secs]166.955: [CMS166.959: [CMS-concurrent-mark: 0.004/0.020 secs] [Times: user=0.12 sys=0.00, real=0.02 secs] 
 (concurrent mode failure): 6334K->6332K(6848K), 0.0198492 secs] 9084K->9084K(9920K), [Metaspace: 3748K->3748K(1056768K)], 0.0358282 secs] [Times: user=0.14 sys=0.00, real=0.04 secs] 
166.976: [GC (Allocation Failure) 166.976: [ParNew (promotion failed): 2751K->2997K(3072K), 0.0163976 secs]166.992: [CMS: 6334K->6332K(6848K), 0.0164505 secs] 9084K->9084K(9920K), [Metaspace: 3748K->3748K(1056768K)], 0.0329044 secs] [Times: user=0.13 sys=0.00, real=0.03 secs] 
167.009: [GC (CMS Initial Mark) [1 CMS-initial-mark: 6332K(6848K)] 9084K(9920K), 0.0030730 secs] [Times: user=0.01 sys=0.00, real=0.01 secs] 
167.012: [CMS-concurrent-mark-start]
167.012: [GC (Allocation Failure) 167.012: [ParNew (promotion failed): 2751K->3022K(3072K), 0.0172768 secs]167.030: [CMS167.033: [CMS-concurrent-mark: 0.003/0.021 secs] [Times: user=0.13 sys=0.00, real=0.02 secs] 
 (concurrent mode failure): 6334K->6332K(6848K), 0.0199737 secs] 9084K->9084K(9920K), [Metaspace: 3748K->3748K(1056768K)], 0.0373045 secs] [Times: user=0.15 sys=0.00, real=0.04 secs] 
167.050: [GC (Allocation Failure) 167.050: [ParNew (promotion failed): 2751K->2997K(3072K), 0.0148446 secs]167.065: [CMS: 6334K->6332K(6848K), 0.0165177 secs] 9084K->9084K(9920K), [Metaspace: 3748K->3748K(1056768K)], 0.0314202 secs] [Times: user=0.13 sys=0.01, real=0.03 secs] 
167.082: [GC (CMS Initial Mark) [1 CMS-initial-mark: 6332K(6848K)] 9084K(9920K), 0.0030433 secs] [Times: user=0.00 sys=0.00, real=0.00 secs] 
167.085: [CMS-concurrent-mark-start]
167.086: [GC (Allocation Failure) 167.086: [ParNew (promotion failed): 2751K->2997K(3072K), 0.0172327 secs]167.103: [CMS167.106: [CMS-concurrent-mark: 0.004/0.021 secs] [Times: user=0.13 sys=0.00, real=0.02 secs] 
 (concurrent mode failure): 6334K->6332K(6848K), 0.0197665 secs] 9084K->9084K(9920K), [Metaspace: 3748K->3748K(1056768K)], 0.0370652 secs] [Times: user=0.15 sys=0.00, real=0.04 secs] 
167.123: [GC (Allocation Failure) 167.123: [ParNew (promotion failed): 2751K->3022K(3072K), 0.0167367 secs]167.140: [CMS: 6334K->6332K(6848K), 0.0164067 secs] 9084K->9084K(9920K), [Metaspace: 3748K->3748K(1056768K)], 0.0332075 secs] [Times: user=0.14 sys=0.00, real=0.03 secs] 
167.156: [GC (CMS Initial Mark) [1 CMS-initial-mark: 6332K(6848K)] 9084K(9920K), 0.0030295 secs] [Times: user=0.00 sys=0.00, real=0.00 secs] 
167.160: [CMS-concurrent-mark-start]
167.160: [GC (Allocation Failure) 167.160: [ParNew (promotion failed): 2751K->3022K(3072K), 0.0176562 secs]167.177: [CMS167.181: [CMS-concurrent-mark: 0.003/0.021 secs] [Times: user=0.14 sys=0.00, real=0.03 secs] 
 (concurrent mode failure): 6334K->6332K(6848K), 0.0199992 secs] 9084K->9084K(9920K), [Metaspace: 3748K->3748K(1056768K)], 0.0377223 secs] [Times: user=0.16 sys=0.00, real=0.04 secs] 
167.198: [GC (Allocation Failure) 167.198: [ParNew (promotion failed): 2751K->3022K(3072K), 0.0145365 secs]167.212: [CMS: 6334K->6332K(6848K), 0.0164548 secs] 9084K->9084K(9920K), [Metaspace: 3748K->3748K(1056768K)], 0.0310536 secs] [Times: user=0.12 sys=0.00, real=0.03 secs] 
167.229: [GC (CMS Initial Mark) [1 CMS-initial-mark: 6332K(6848K)] 9084K(9920K), 0.0030586 secs] [Times: user=0.00 sys=0.00, real=0.01 secs] 
167.232: [CMS-concurrent-mark-start]
167.232: [GC (Allocation Failure) 167.232: [ParNew (promotion failed): 2751K->2997K(3072K), 0.0164629 secs]167.249: [CMS167.252: [CMS-concurrent-mark: 0.003/0.020 secs] [Times: user=0.14 sys=0.00, real=0.02 secs] 
 (concurrent mode failure): 6334K->6332K(6848K), 0.0199114 secs] 9084K->9084K(9920K), [Metaspace: 3748K->3748K(1056768K)], 0.0364263 secs] [Times: user=0.15 sys=0.00, real=0.03 secs] 
167.270: [GC (Allocation Failure) 167.270: [ParNew (promotion failed): 2751K->3022K(3072K), 0.0159591 secs]167.286: [CMS: 6334K->6332K(6848K), 0.0164805 secs] 9084K->9084K(9920K), [Metaspace: 3748K->3748K(1056768K)], 0.0325081 secs] [Times: user=0.13 sys=0.00, real=0.04 secs] 
167.302: [GC (CMS Initial Mark) [1 CMS-initial-mark: 6332K(6848K)] 9084K(9920K), 0.0030718 secs] [Times: user=0.00 sys=0.00, real=0.00 secs] 
167.306: [CMS-concurrent-mark-start]
167.306: [GC (Allocation Failure) 167.306: [ParNew (promotion failed): 2751K->2997K(3072K), 0.0231005 secs]167.329: [CMS167.332: [CMS-concurrent-mark: 0.003/0.027 secs] [Times: user=0.18 sys=0.00, real=0.03 secs] 
 (concurrent mode failure): 6334K->6332K(6848K), 0.0195001 secs] 9084K->9084K(9920K), [Metaspace: 3748K->3748K(1056768K)], 0.0426682 secs] [Times: user=0.20 sys=0.00, real=0.04 secs] 
167.349: [GC (Allocation Failure) 167.349: [ParNew (promotion failed): 2751K->3022K(3072K), 0.0211693 secs]167.371: [CMS: 6334K->6332K(6848K), 0.0166502 secs] 9084K->9084K(9920K), [Metaspace: 3748K->3748K(1056768K)], 0.0378798 secs] [Times: user=0.17 sys=0.00, real=0.04 secs] 
167.388: [GC (CMS Initial Mark) [1 CMS-initial-mark: 6332K(6848K)] 9084K(9920K), 0.0030656 secs] [Times: user=0.01 sys=0.00, real=0.01 secs] 
167.391: [CMS-concurrent-mark-start]
167.391: [GC (Allocation Failure) 167.391: [ParNew (promotion failed): 2751K->2997K(3072K), 0.0165540 secs]167.407: [CMS167.411: [CMS-concurrent-mark: 0.003/0.020 secs] [Times: user=0.13 sys=0.00, real=0.02 secs] 
 (concurrent mode failure): 6334K->6332K(6848K), 0.0198454 secs] 9084K->9084K(9920K), [Metaspace: 3748K->3748K(1056768K)], 0.0364578 secs] [Times: user=0.14 sys=0.00, real=0.03 secs] 
167.427: [GC (Allocation Failure) 167.427: [ParNew (promotion failed): 2751K->2997K(3072K), 0.0160942 secs]167.444: [CMS: 6334K->6332K(6848K), 0.0165221 secs] 9084K->9084K(9920K), [Metaspace: 3748K->3748K(1056768K)], 0.0326733 secs] [Times: user=0.13 sys=0.01, real=0.04 secs] 
167.460: [GC (CMS Initial Mark) [1 CMS-initial-mark: 6332K(6848K)] 9084K(9920K), 0.0030420 secs] [Times: user=0.01 sys=0.00, real=0.00 secs] 
167.464: [CMS-concurrent-mark-start]
167.464: [GC (Allocation Failure) 167.464: [ParNew (promotion failed): 2751K->2997K(3072K), 0.0219295 secs]167.486: [CMS167.489: [CMS-concurrent-mark: 0.004/0.026 secs] [Times: user=0.17 sys=0.00, real=0.02 secs] 
 (concurrent mode failure): 6334K->6332K(6848K), 0.0199042 secs] 9084K->9084K(9920K), [Metaspace: 3748K->3748K(1056768K)], 0.0418913 secs] [Times: user=0.19 sys=0.00, real=0.04 secs] 
167.506: [GC (Allocation Failure) 167.506: [ParNew (promotion failed): 2751K->3022K(3072K), 0.0131552 secs]167.519: [CMS: 6334K->6332K(6848K), 0.0166507 secs] 9084K->9084K(9920K), [Metaspace: 3748K->3748K(1056768K)], 0.0298758 secs] [Times: user=0.09 sys=0.00, real=0.03 secs] 
167.537: [GC (CMS Initial Mark) [1 CMS-initial-mark: 6332K(6848K)] 9084K(9920K), 0.0030830 secs] [Times: user=0.01 sys=0.00, real=0.00 secs] 
167.540: [CMS-concurrent-mark-start]
167.540: [GC (Allocation Failure) 167.540: [ParNew (promotion failed): 2751K->3022K(3072K), 0.0225856 secs]167.562: [CMS167.566: [CMS-concurrent-mark: 0.003/0.026 secs] [Times: user=0.17 sys=0.00, real=0.02 secs] 
 (concurrent mode failure): 6334K->6332K(6848K), 0.0200582 secs] 9084K->9084K(9920K), [Metaspace: 3748K->3748K(1056768K)], 0.0427004 secs] [Times: user=0.19 sys=0.00, real=0.04 secs] 
167.583: [GC (Allocation Failure) 167.583: [ParNew (promotion failed): 2751K->3022K(3072K), 0.0236640 secs]167.607: [CMS: 6334K->6332K(6848K), 0.0165117 secs] 9084K->9084K(9920K), [Metaspace: 3748K->3748K(1056768K)], 0.0402398 secs] [Times: user=0.20 sys=0.00, real=0.04 secs] 
167.624: [GC (CMS Initial Mark) [1 CMS-initial-mark: 6332K(6848K)] 9084K(9920K), 0.0030765 secs] [Times: user=0.00 sys=0.00, real=0.00 secs] 
167.627: [CMS-concurrent-mark-start]
167.627: [GC (Allocation Failure) 167.627: [ParNew (promotion failed): 2751K->2997K(3072K), 0.0147827 secs]167.642: [CMS167.645: [CMS-concurrent-mark: 0.004/0.018 secs] [Times: user=0.12 sys=0.00, real=0.02 secs] 
 (concurrent mode failure): 6334K->6332K(6848K), 0.0197930 secs] 9084K->9084K(9920K), [Metaspace: 3748K->3748K(1056768K)], 0.0346337 secs] [Times: user=0.13 sys=0.00, real=0.04 secs] 
167.662: [GC (Allocation Failure) 167.662: [ParNew (promotion failed): 2751K->2972K(3072K), 0.0228694 secs]167.685: [CMS: 6334K->6332K(6848K), 0.0164894 secs] 9084K->9084K(9920K), [Metaspace: 3748K->3748K(1056768K)], 0.0394205 secs] [Times: user=0.19 sys=0.00, real=0.04 secs] 
167.702: [GC (CMS Initial Mark) [1 CMS-initial-mark: 6332K(6848K)] 9084K(9920K), 0.0030504 secs] [Times: user=0.01 sys=0.00, real=0.00 secs] 
167.705: [CMS-concurrent-mark-start]
167.705: [GC (Allocation Failure) 167.705: [ParNew (promotion failed): 2751K->2997K(3072K), 0.0143733 secs]167.719: [CMS167.723: [CMS-concurrent-mark: 0.003/0.018 secs] [Times: user=0.11 sys=0.00, real=0.02 secs] 
 (concurrent mode failure): 6334K->6332K(6848K), 0.0198809 secs] 9084K->9084K(9920K), [Metaspace: 3748K->3748K(1056768K)], 0.0343150 secs] [Times: user=0.13 sys=0.00, real=0.03 secs] 
167.740: [GC (Allocation Failure) 167.740: [ParNew (promotion failed): 2751K->2997K(3072K), 0.0176120 secs]167.757: [CMS: 6334K->6332K(6848K), 0.0164705 secs] 9084K->9084K(9920K), [Metaspace: 3748K->3748K(1056768K)], 0.0341472 secs] [Times: user=0.15 sys=0.00, real=0.03 secs] 
167.774: [GC (CMS Initial Mark) [1 CMS-initial-mark: 6332K(6848K)] 9084K(9920K), 0.0030399 secs] [Times: user=0.00 sys=0.00, real=0.00 secs] 
167.777: [CMS-concurrent-mark-start]
167.777: [GC (Allocation Failure) 167.777: [ParNew (promotion failed): 2751K->3022K(3072K), 0.0171566 secs]167.795: [CMS167.798: [CMS-concurrent-mark: 0.003/0.021 secs] [Times: user=0.14 sys=0.00, real=0.02 secs] 
 (concurrent mode failure): 6334K->6332K(6848K), 0.0200067 secs] 9084K->9084K(9920K), [Metaspace: 3748K->3748K(1056768K)], 0.0372229 secs] [Times: user=0.16 sys=0.00, real=0.04 secs] 
167.815: [GC (Allocation Failure) 167.815: [ParNew (promotion failed): 2751K->3022K(3072K), 0.0156419 secs]167.831: [CMS: 6334K->6332K(6848K), 0.0165784 secs] 9084K->9084K(9920K), [Metaspace: 3748K->3748K(1056768K)], 0.0322891 secs] [Times: user=0.13 sys=0.00, real=0.03 secs] 
167.848: [GC (CMS Initial Mark) [1 CMS-initial-mark: 6332K(6848K)] 9084K(9920K), 0.0030485 secs] [Times: user=0.00 sys=0.00, real=0.01 secs] 
167.851: [CMS-concurrent-mark-start]
167.852: [GC (Allocation Failure) 167.852: [ParNew (promotion failed): 2751K->3022K(3072K), 0.0160392 secs]167.868: [CMS167.871: [CMS-concurrent-mark: 0.004/0.020 secs] [Times: user=0.13 sys=0.00, real=0.02 secs] 
 (concurrent mode failure): 6334K->6332K(6848K), 0.0195490 secs] 9084K->9084K(9920K), [Metaspace: 3748K->3748K(1056768K)], 0.0356609 secs] [Times: user=0.15 sys=0.00, real=0.03 secs] 
167.888: [GC (Allocation Failure) 167.888: [ParNew (promotion failed): 2751K->2972K(3072K), 0.0208027 secs]167.909: [CMS: 6334K->6332K(6848K), 0.0165637 secs] 9084K->9084K(9920K), [Metaspace: 3748K->3748K(1056768K)], 0.0374363 secs] [Times: user=0.17 sys=0.00, real=0.04 secs] 
167.926: [GC (CMS Initial Mark) [1 CMS-initial-mark: 6332K(6848K)] 9084K(9920K), 0.0030663 secs] [Times: user=0.00 sys=0.00, real=0.00 secs] 
167.929: [CMS-concurrent-mark-start]
167.929: [GC (Allocation Failure) 167.929: [ParNew (promotion failed): 2751K->2997K(3072K), 0.0170572 secs]167.946: [CMS167.949: [CMS-concurrent-mark: 0.003/0.021 secs] [Times: user=0.13 sys=0.00, real=0.02 secs] 
 (concurrent mode failure): 6334K->6332K(6848K), 0.0200270 secs] 9084K->9084K(9920K), [Metaspace: 3748K->3748K(1056768K)], 0.0371386 secs] [Times: user=0.15 sys=0.00, real=0.04 secs] 
167.966: [GC (Allocation Failure) 167.966: [ParNew (promotion failed): 2751K->2997K(3072K), 0.0150309 secs]167.981: [CMS: 6334K->6332K(6848K), 0.0164567 secs] 9084K->9084K(9920K), [Metaspace: 3748K->3748K(1056768K)], 0.0315437 secs] [Times: user=0.13 sys=0.00, real=0.03 secs] 
167.998: [GC (CMS Initial Mark) [1 CMS-initial-mark: 6332K(6848K)] 9084K(9920K), 0.0030475 secs] [Times: user=0.00 sys=0.00, real=0.01 secs] 
168.001: [CMS-concurrent-mark-start]
168.001: [GC (Allocation Failure) 168.001: [ParNew (promotion failed): 2751K->2997K(3072K), 0.0216156 secs]168.023: [CMS168.026: [CMS-concurrent-mark: 0.004/0.025 secs] [Times: user=0.17 sys=0.00, real=0.02 secs] 
 (concurrent mode failure): 6334K->6332K(6848K), 0.0198672 secs] 9084K->9084K(9920K), [Metaspace: 3748K->3748K(1056768K)], 0.0415462 secs] [Times: user=0.18 sys=0.00, real=0.04 secs] 
168.043: [GC (Allocation Failure) 168.043: [ParNew (promotion failed): 2751K->2997K(3072K), 0.0162485 secs]168.060: [CMS: 6334K->6332K(6848K), 0.0165784 secs] 9084K->9084K(9920K), [Metaspace: 3748K->3748K(1056768K)], 0.0328889 secs] [Times: user=0.14 sys=0.00, real=0.03 secs] 
168.077: [GC (CMS Initial Mark) [1 CMS-initial-mark: 6332K(6848K)] 9084K(9920K), 0.0030630 secs] [Times: user=0.01 sys=0.00, real=0.01 secs] 
168.080: [CMS-concurrent-mark-start]
168.080: [GC (Allocation Failure) 168.080: [ParNew (promotion failed): 2751K->2997K(3072K), 0.0178496 secs]168.098: [CMS168.102: [CMS-concurrent-mark: 0.004/0.021 secs] [Times: user=0.13 sys=0.00, real=0.02 secs] 
 (concurrent mode failure): 6334K->6332K(6848K), 0.0201033 secs] 9084K->9084K(9920K), [Metaspace: 3748K->3748K(1056768K)], 0.0380080 secs] [Times: user=0.15 sys=0.00, real=0.03 secs] 
168.119: [GC (Allocation Failure) 168.119: [ParNew (promotion failed): 2751K->3022K(3072K), 0.0146442 secs]168.134: [CMS: 6334K->6332K(6848K), 0.0165440 secs] 9084K->9084K(9920K), [Metaspace: 3748K->3748K(1056768K)], 0.0312555 secs] [Times: user=0.12 sys=0.00, real=0.04 secs] 
168.151: [GC (CMS Initial Mark) [1 CMS-initial-mark: 6332K(6848K)] 9084K(9920K), 0.0031028 secs] [Times: user=0.01 sys=0.00, real=0.00 secs] 
168.154: [CMS-concurrent-mark-start]
168.154: [GC (Allocation Failure) 168.154: [ParNew (promotion failed): 2751K->2997K(3072K), 0.0146761 secs]168.169: [CMS168.172: [CMS-concurrent-mark: 0.004/0.018 secs] [Times: user=0.11 sys=0.01, real=0.02 secs] 
 (concurrent mode failure): 6334K->6332K(6848K), 0.0199324 secs] 9084K->9084K(9920K), [Metaspace: 3748K->3748K(1056768K)], 0.0346715 secs] [Times: user=0.13 sys=0.01, real=0.03 secs] 
168.189: [GC (Allocation Failure) 168.189: [ParNew (promotion failed): 2751K->3046K(3072K), 0.0163448 secs]168.205: [CMS: 6334K->6332K(6848K), 0.0165166 secs] 9084K->9084K(9920K), [Metaspace: 3748K->3748K(1056768K)], 0.0329236 secs] [Times: user=0.14 sys=0.00, real=0.04 secs] 
168.222: [GC (CMS Initial Mark) [1 CMS-initial-mark: 6332K(6848K)] 9084K(9920K), 0.0030310 secs] [Times: user=0.00 sys=0.00, real=0.00 secs] 
168.225: [CMS-concurrent-mark-start]
168.225: [GC (Allocation Failure) 168.225: [ParNew (promotion failed): 2751K->2997K(3072K), 0.0156890 secs]168.241: [CMS168.244: [CMS-concurrent-mark: 0.003/0.019 secs] [Times: user=0.13 sys=0.00, real=0.02 secs] 
 (concurrent mode failure): 6334K->6332K(6848K), 0.0198595 secs] 9084K->9084K(9920K), [Metaspace: 3748K->3748K(1056768K)], 0.0356016 secs] [Times: user=0.14 sys=0.00, real=0.04 secs] 
168.261: [GC (Allocation Failure) 168.261: [ParNew (promotion failed): 2751K->2997K(3072K), 0.0171446 secs]168.279: [CMS: 6334K->6332K(6848K), 0.0165032 secs] 9084K->9084K(9920K), [Metaspace: 3748K->3748K(1056768K)], 0.0337072 secs] [Times: user=0.15 sys=0.00, real=0.03 secs] 
168.295: [GC (CMS Initial Mark) [1 CMS-initial-mark: 6332K(6848K)] 9084K(9920K), 0.0030584 secs] [Times: user=0.00 sys=0.00, real=0.00 secs] 
168.299: [CMS-concurrent-mark-start]
168.299: [GC (Allocation Failure) 168.299: [ParNew (promotion failed): 2751K->2997K(3072K), 0.0160703 secs]168.315: [CMS168.318: [CMS-concurrent-mark: 0.003/0.020 secs] [Times: user=0.13 sys=0.00, real=0.02 secs] 
 (concurrent mode failure): 6334K->6332K(6848K), 0.0198025 secs] 9084K->9084K(9920K), [Metaspace: 3748K->3748K(1056768K)], 0.0359293 secs] [Times: user=0.14 sys=0.00, real=0.04 secs] 
168.335: [GC (Allocation Failure) 168.335: [ParNew (promotion failed): 2751K->3022K(3072K), 0.0227492 secs]168.358: [CMS: 6334K->6332K(6848K), 0.0164049 secs] 9084K->9084K(9920K), [Metaspace: 3748K->3748K(1056768K)], 0.0392127 secs] [Times: user=0.19 sys=0.00, real=0.04 secs] 
168.375: [GC (CMS Initial Mark) [1 CMS-initial-mark: 6332K(6848K)] 9084K(9920K), 0.0030370 secs] [Times: user=0.00 sys=0.00, real=0.00 secs] 
168.378: [CMS-concurrent-mark-start]
168.379: [GC (Allocation Failure) 168.379: [ParNew (promotion failed): 2751K->3022K(3072K), 0.0251464 secs]168.404: [CMS168.407: [CMS-concurrent-mark: 0.003/0.029 secs] [Times: user=0.19 sys=0.00, real=0.03 secs] 
 (concurrent mode failure): 6334K->6332K(6848K), 0.0194215 secs] 9084K->9084K(9920K), [Metaspace: 3748K->3748K(1056768K)], 0.0446325 secs] [Times: user=0.21 sys=0.00, real=0.05 secs] 
168.424: [GC (Allocation Failure) 168.424: [ParNew (promotion failed): 2751K->3022K(3072K), 0.0169352 secs]168.441: [CMS: 6334K->6332K(6848K), 0.0165195 secs] 9084K->9084K(9920K), [Metaspace: 3748K->3748K(1056768K)], 0.0335121 secs] [Times: user=0.14 sys=0.00, real=0.03 secs] 
168.457: [GC (CMS Initial Mark) [1 CMS-initial-mark: 6332K(6848K)] 9084K(9920K), 0.0030382 secs] [Times: user=0.01 sys=0.00, real=0.01 secs] 
168.461: [CMS-concurrent-mark-start]
168.461: [GC (Allocation Failure) 168.461: [ParNew (promotion failed): 2751K->3022K(3072K), 0.0134646 secs]168.474: [CMS168.478: [CMS-concurrent-mark: 0.004/0.017 secs] [Times: user=0.10 sys=0.00, real=0.01 secs] 
 (concurrent mode failure): 6334K->6332K(6848K), 0.0202212 secs] 9084K->9084K(9920K), [Metaspace: 3748K->3748K(1056768K)], 0.0337490 secs] [Times: user=0.12 sys=0.00, real=0.03 secs] 
168.495: [GC (Allocation Failure) 168.495: [ParNew (promotion failed): 2751K->2997K(3072K), 0.0133967 secs]168.508: [CMS: 6334K->6332K(6848K), 0.0167710 secs] 9084K->9084K(9920K), [Metaspace: 3748K->3748K(1056768K)], 0.0302343 secs] [Times: user=0.09 sys=0.00, real=0.03 secs] 
168.525: [GC (CMS Initial Mark) [1 CMS-initial-mark: 6332K(6848K)] 9084K(9920K), 0.0030749 secs] [Times: user=0.00 sys=0.00, real=0.00 secs] 
168.528: [CMS-concurrent-mark-start]
168.529: [GC (Allocation Failure) 168.529: [ParNew (promotion failed): 2751K->3022K(3072K), 0.0213040 secs]168.550: [CMS168.553: [CMS-concurrent-mark: 0.004/0.025 secs] [Times: user=0.16 sys=0.01, real=0.03 secs] 
 (concurrent mode failure): 6334K->6332K(6848K), 0.0200136 secs] 9084K->9084K(9920K), [Metaspace: 3748K->3748K(1056768K)], 0.0413842 secs] [Times: user=0.18 sys=0.01, real=0.05 secs] 
168.570: [GC (Allocation Failure) 168.570: [ParNew (promotion failed): 2751K->2997K(3072K), 0.0160928 secs]168.587: [CMS: 6334K->6332K(6848K), 0.0165595 secs] 9084K->9084K(9920K), [Metaspace: 3748K->3748K(1056768K)], 0.0327167 secs] [Times: user=0.13 sys=0.00, real=0.03 secs] 
168.604: [GC (CMS Initial Mark) [1 CMS-initial-mark: 6332K(6848K)] 9084K(9920K), 0.0030764 secs] [Times: user=0.00 sys=0.00, real=0.00 secs] 
168.607: [CMS-concurrent-mark-start]
168.607: [GC (Allocation Failure) 168.607: [ParNew (promotion failed): 2751K->2997K(3072K), 0.0169074 secs]168.624: [CMS168.627: [CMS-concurrent-mark: 0.003/0.020 secs] [Times: user=0.14 sys=0.00, real=0.02 secs] 
 (concurrent mode failure): 6334K->6332K(6848K), 0.0199944 secs] 9084K->9084K(9920K), [Metaspace: 3748K->3748K(1056768K)], 0.0369640 secs] [Times: user=0.15 sys=0.00, real=0.04 secs] 
168.645: [GC (Allocation Failure) 168.645: [ParNew (promotion failed): 2751K->2997K(3072K), 0.0230252 secs]168.668: [CMS: 6334K->6332K(6848K), 0.0164946 secs] 9084K->9084K(9920K), [Metaspace: 3748K->3748K(1056768K)], 0.0395799 secs] [Times: user=0.20 sys=0.00, real=0.04 secs] 
168.685: [GC (CMS Initial Mark) [1 CMS-initial-mark: 6332K(6848K)] 9084K(9920K), 0.0030720 secs] [Times: user=0.00 sys=0.00, real=0.00 secs] 
168.688: [CMS-concurrent-mark-start]
168.688: [GC (Allocation Failure) 168.688: [ParNew (promotion failed): 2751K->2997K(3072K), 0.0216525 secs]168.710: [CMS168.713: [CMS-concurrent-mark: 0.004/0.025 secs] [Times: user=0.17 sys=0.00, real=0.03 secs] 
 (concurrent mode failure): 6334K->6332K(6848K), 0.0197285 secs] 9084K->9084K(9920K), [Metaspace: 3748K->3748K(1056768K)], 0.0414475 secs] [Times: user=0.19 sys=0.00, real=0.04 secs] 
168.730: [GC (Allocation Failure) 168.730: [ParNew (promotion failed): 2751K->3022K(3072K), 0.0187077 secs]168.749: [CMS: 6334K->6332K(6848K), 0.0164279 secs] 9084K->9084K(9920K), [Metaspace: 3748K->3748K(1056768K)], 0.0351992 secs] [Times: user=0.15 sys=0.00, real=0.03 secs] 
168.765: [GC (CMS Initial Mark) [1 CMS-initial-mark: 6332K(6848K)] 9084K(9920K), 0.0030574 secs] [Times: user=0.00 sys=0.00, real=0.00 secs] 
168.768: [CMS-concurrent-mark-start]
168.769: [GC (Allocation Failure) 168.769: [ParNew (promotion failed): 2751K->3022K(3072K), 0.0185458 secs]168.787: [CMS168.791: [CMS-concurrent-mark: 0.003/0.022 secs] [Times: user=0.15 sys=0.00, real=0.03 secs] 
 (concurrent mode failure): 6334K->6332K(6848K), 0.0198801 secs] 9084K->9084K(9920K), [Metaspace: 3748K->3748K(1056768K)], 0.0384820 secs] [Times: user=0.17 sys=0.00, real=0.04 secs] 
168.807: [GC (Allocation Failure) 168.807: [ParNew (promotion failed): 2751K->2997K(3072K), 0.0182871 secs]168.826: [CMS: 6334K->6332K(6848K), 0.0165168 secs] 9084K->9084K(9920K), [Metaspace: 3748K->3748K(1056768K)], 0.0348717 secs] [Times: user=0.15 sys=0.00, real=0.04 secs] 
168.843: [GC (CMS Initial Mark) [1 CMS-initial-mark: 6332K(6848K)] 9084K(9920K), 0.0030673 secs] [Times: user=0.01 sys=0.00, real=0.00 secs] 
168.846: [CMS-concurrent-mark-start]
168.846: [GC (Allocation Failure) 168.846: [ParNew (promotion failed): 2751K->2997K(3072K), 0.0216124 secs]168.868: [CMS168.871: [CMS-concurrent-mark: 0.004/0.025 secs] [Times: user=0.16 sys=0.00, real=0.03 secs] 
 (concurrent mode failure): 6334K->6332K(6848K), 0.0201895 secs] 9084K->9084K(9920K), [Metaspace: 3748K->3748K(1056768K)], 0.0418601 secs] [Times: user=0.17 sys=0.00, real=0.04 secs] 
168.889: [GC (Allocation Failure) 168.889: [ParNew (promotion failed): 2751K->3022K(3072K), 0.0164321 secs]168.905: [CMS: 6334K->6332K(6848K), 0.0164900 secs] 9084K->9084K(9920K), [Metaspace: 3748K->3748K(1056768K)], 0.0329827 secs] [Times: user=0.14 sys=0.01, real=0.04 secs] 
168.922: [GC (CMS Initial Mark) [1 CMS-initial-mark: 6332K(6848K)] 9084K(9920K), 0.0030436 secs] [Times: user=0.00 sys=0.00, real=0.00 secs] 
168.925: [CMS-concurrent-mark-start]
168.926: [GC (Allocation Failure) 168.926: [ParNew (promotion failed): 2751K->2997K(3072K), 0.0168735 secs]168.943: [CMS168.945: [CMS-concurrent-mark: 0.003/0.020 secs] [Times: user=0.14 sys=0.00, real=0.02 secs] 
 (concurrent mode failure): 6334K->6332K(6848K), 0.0195400 secs] 9084K->9084K(9920K), [Metaspace: 3748K->3748K(1056768K)], 0.0364820 secs] [Times: user=0.15 sys=0.00, real=0.04 secs] 
168.963: [GC (Allocation Failure) 168.963: [ParNew (promotion failed): 2751K->3022K(3072K), 0.0244845 secs]168.987: [CMS: 6334K->6332K(6848K), 0.0166589 secs] 9084K->9084K(9920K), [Metaspace: 3748K->3748K(1056768K)], 0.0412160 secs] [Times: user=0.20 sys=0.00, real=0.04 secs] 
169.004: [GC (CMS Initial Mark) [1 CMS-initial-mark: 6332K(6848K)] 9084K(9920K), 0.0030819 secs] [Times: user=0.00 sys=0.00, real=0.00 secs] 
169.007: [CMS-concurrent-mark-start]
169.007: [GC (Allocation Failure) 169.007: [ParNew (promotion failed): 2751K->2997K(3072K), 0.0156863 secs]169.023: [CMS169.027: [CMS-concurrent-mark: 0.003/0.019 secs] [Times: user=0.13 sys=0.00, real=0.02 secs] 
 (concurrent mode failure): 6334K->6332K(6848K), 0.0199542 secs] 9084K->9084K(9920K), [Metaspace: 3748K->3748K(1056768K)], 0.0357011 secs] [Times: user=0.14 sys=0.00, real=0.04 secs] 
169.043: [GC (Allocation Failure) 169.043: [ParNew (promotion failed): 2751K->3022K(3072K), 0.0160349 secs]169.059: [CMS: 6334K->6332K(6848K), 0.0163812 secs] 9084K->9084K(9920K), [Metaspace: 3748K->3748K(1056768K)], 0.0324706 secs] [Times: user=0.14 sys=0.00, real=0.03 secs] 
169.076: [GC (CMS Initial Mark) [1 CMS-initial-mark: 6332K(6848K)] 9084K(9920K), 0.0030648 secs] [Times: user=0.00 sys=0.00, real=0.00 secs] 
169.079: [CMS-concurrent-mark-start]
169.079: [GC (Allocation Failure) 169.079: [ParNew (promotion failed): 2751K->2997K(3072K), 0.0157360 secs]169.095: [CMS169.099: [CMS-concurrent-mark: 0.003/0.019 secs] [Times: user=0.13 sys=0.00, real=0.02 secs] 
 (concurrent mode failure): 6334K->6332K(6848K), 0.0198054 secs] 9084K->9084K(9920K), [Metaspace: 3748K->3748K(1056768K)], 0.0356127 secs] [Times: user=0.14 sys=0.00, real=0.04 secs] 
169.115: [GC (Allocation Failure) 169.115: [ParNew (promotion failed): 2751K->2997K(3072K), 0.0253732 secs]169.141: [CMS: 6334K->6332K(6848K), 0.0164343 secs] 9084K->9084K(9920K), [Metaspace: 3748K->3748K(1056768K)], 0.0418725 secs] [Times: user=0.21 sys=0.00, real=0.04 secs] 
169.158: [GC (CMS Initial Mark) [1 CMS-initial-mark: 6332K(6848K)] 9084K(9920K), 0.0030741 secs] [Times: user=0.01 sys=0.00, real=0.01 secs] 
169.161: [CMS-concurrent-mark-start]
169.161: [GC (Allocation Failure) 169.161: [ParNew (promotion failed): 2751K->3022K(3072K), 0.0163016 secs]169.178: [CMS169.181: [CMS-concurrent-mark: 0.003/0.020 secs] [Times: user=0.12 sys=0.00, real=0.02 secs] 
 (concurrent mode failure): 6334K->6332K(6848K), 0.0199016 secs] 9084K->9084K(9920K), [Metaspace: 3748K->3748K(1056768K)], 0.0362545 secs] [Times: user=0.14 sys=0.00, real=0.03 secs] 
169.198: [GC (Allocation Failure) 169.198: [ParNew (promotion failed): 2751K->2997K(3072K), 0.0236100 secs]169.222: [CMS: 6334K->6332K(6848K), 0.0164973 secs] 9084K->9084K(9920K), [Metaspace: 3748K->3748K(1056768K)], 0.0401754 secs] [Times: user=0.19 sys=0.00, real=0.04 secs] 
169.239: [GC (CMS Initial Mark) [1 CMS-initial-mark: 6332K(6848K)] 9084K(9920K), 0.0030904 secs] [Times: user=0.01 sys=0.00, real=0.01 secs] 
169.242: [CMS-concurrent-mark-start]
169.242: [GC (Allocation Failure) 169.242: [ParNew (promotion failed): 2751K->2997K(3072K), 0.0236730 secs]169.266: [CMS169.269: [CMS-concurrent-mark: 0.004/0.027 secs] [Times: user=0.19 sys=0.01, real=0.02 secs] 
 (concurrent mode failure): 6334K->6332K(6848K), 0.0198615 secs] 9084K->9084K(9920K), [Metaspace: 3748K->3748K(1056768K)], 0.0435927 secs] [Times: user=0.20 sys=0.01, real=0.04 secs] 
169.286: [GC (Allocation Failure) 169.286: [ParNew (promotion failed): 2751K->2997K(3072K), 0.0165719 secs]169.303: [CMS: 6334K->6332K(6848K), 0.0164451 secs] 9084K->9084K(9920K), [Metaspace: 3748K->3748K(1056768K)], 0.0330749 secs] [Times: user=0.14 sys=0.00, real=0.03 secs] 
169.320: [GC (CMS Initial Mark) [1 CMS-initial-mark: 6332K(6848K)] 9084K(9920K), 0.0030691 secs] [Times: user=0.01 sys=0.00, real=0.01 secs] 
169.323: [CMS-concurrent-mark-start]
169.323: [GC (Allocation Failure) 169.323: [ParNew (promotion failed): 2751K->2997K(3072K), 0.0223165 secs]169.345: [CMS169.349: [CMS-concurrent-mark: 0.003/0.026 secs] [Times: user=0.17 sys=0.00, real=0.02 secs] 
 (concurrent mode failure): 6334K->6332K(6848K), 0.0201113 secs] 9084K->9084K(9920K), [Metaspace: 3748K->3748K(1056768K)], 0.0424903 secs] [Times: user=0.19 sys=0.00, real=0.04 secs] 
169.366: [GC (Allocation Failure) 169.366: [ParNew (promotion failed): 2751K->2997K(3072K), 0.0158161 secs]169.381: [CMS: 6334K->6332K(6848K), 0.0167183 secs] 9084K->9084K(9920K), [Metaspace: 3748K->3748K(1056768K)], 0.0326006 secs] [Times: user=0.14 sys=0.00, real=0.03 secs] 
169.399: [GC (CMS Initial Mark) [1 CMS-initial-mark: 6332K(6848K)] 9084K(9920K), 0.0030552 secs] [Times: user=0.00 sys=0.00, real=0.01 secs] 
169.402: [CMS-concurrent-mark-start]
169.402: [GC (Allocation Failure) 169.402: [ParNew (promotion failed): 2751K->3022K(3072K), 0.0161284 secs]169.418: [CMS169.421: [CMS-concurrent-mark: 0.003/0.020 secs] [Times: user=0.12 sys=0.00, real=0.02 secs] 
 (concurrent mode failure): 6334K->6332K(6848K), 0.0199092 secs] 9084K->9084K(9920K), [Metaspace: 3748K->3748K(1056768K)], 0.0360965 secs] [Times: user=0.14 sys=0.00, real=0.03 secs] 
169.439: [GC (Allocation Failure) 169.439: [ParNew (promotion failed): 2751K->3022K(3072K), 0.0173609 secs]169.456: [CMS: 6334K->6332K(6848K), 0.0165922 secs] 9084K->9084K(9920K), [Metaspace: 3748K->3748K(1056768K)], 0.0340082 secs] [Times: user=0.15 sys=0.00, real=0.04 secs] 
169.473: [GC (CMS Initial Mark) [1 CMS-initial-mark: 6332K(6848K)] 9084K(9920K), 0.0030594 secs] [Times: user=0.00 sys=0.00, real=0.00 secs] 
169.476: [CMS-concurrent-mark-start]
169.477: [GC (Allocation Failure) 169.477: [ParNew (promotion failed): 2751K->3022K(3072K), 0.0152543 secs]169.492: [CMS169.495: [CMS-concurrent-mark: 0.004/0.019 secs] [Times: user=0.12 sys=0.00, real=0.02 secs] 
 (concurrent mode failure): 6334K->6332K(6848K), 0.0195738 secs] 9084K->9084K(9920K), [Metaspace: 3748K->3748K(1056768K)], 0.0348973 secs] [Times: user=0.14 sys=0.00, real=0.04 secs] 
169.512: [GC (Allocation Failure) 169.512: [ParNew (promotion failed): 2751K->3022K(3072K), 0.0203722 secs]169.533: [CMS: 6334K->6332K(6848K), 0.0165700 secs] 9084K->9084K(9920K), [Metaspace: 3748K->3748K(1056768K)], 0.0370054 secs] [Times: user=0.15 sys=0.00, real=0.03 secs] 
169.549: [GC (CMS Initial Mark) [1 CMS-initial-mark: 6332K(6848K)] 9084K(9920K), 0.0030468 secs] [Times: user=0.01 sys=0.00, real=0.01 secs] 
169.553: [CMS-concurrent-mark-start]
169.553: [GC (Allocation Failure) 169.553: [ParNew (promotion failed): 2751K->2997K(3072K), 0.0148711 secs]169.568: [CMS169.571: [CMS-concurrent-mark: 0.003/0.018 secs] [Times: user=0.12 sys=0.00, real=0.02 secs] 
 (concurrent mode failure): 6334K->6332K(6848K), 0.0200129 secs] 9084K->9084K(9920K), [Metaspace: 3748K->3748K(1056768K)], 0.0349506 secs] [Times: user=0.13 sys=0.00, real=0.03 secs] 
169.588: [GC (Allocation Failure) 169.588: [ParNew (promotion failed): 2751K->3022K(3072K), 0.0181450 secs]169.606: [CMS: 6334K->6332K(6848K), 0.0164706 secs] 9084K->9084K(9920K), [Metaspace: 3748K->3748K(1056768K)], 0.0346857 secs] [Times: user=0.15 sys=0.00, real=0.04 secs] 
169.623: [GC (CMS Initial Mark) [1 CMS-initial-mark: 6332K(6848K)] 9084K(9920K), 0.0030797 secs] [Times: user=0.00 sys=0.00, real=0.00 secs] 
169.626: [CMS-concurrent-mark-start]
169.626: [GC (Allocation Failure) 169.626: [ParNew (promotion failed): 2751K->2997K(3072K), 0.0177001 secs]169.644: [CMS169.647: [CMS-concurrent-mark: 0.004/0.021 secs] [Times: user=0.14 sys=0.01, real=0.02 secs] 
 (concurrent mode failure): 6334K->6332K(6848K), 0.0198450 secs] 9084K->9084K(9920K), [Metaspace: 3748K->3748K(1056768K)], 0.0376037 secs] [Times: user=0.15 sys=0.01, real=0.04 secs] 
169.664: [GC (Allocation Failure) 169.664: [ParNew (promotion failed): 2751K->3071K(3072K), 0.0152613 secs]169.680: [CMS: 6334K->6332K(6848K), 0.0165304 secs] 9084K->9084K(9920K), [Metaspace: 3748K->3748K(1056768K)], 0.0318573 secs] [Times: user=0.13 sys=0.00, real=0.03 secs] 
169.697: [GC (CMS Initial Mark) [1 CMS-initial-mark: 6332K(6848K)] 9084K(9920K), 0.0031041 secs] [Times: user=0.01 sys=0.00, real=0.01 secs] 
169.700: [CMS-concurrent-mark-start]
169.700: [GC (Allocation Failure) 169.700: [ParNew (promotion failed): 2751K->2997K(3072K), 0.0158287 secs]169.716: [CMS169.719: [CMS-concurrent-mark: 0.003/0.019 secs] [Times: user=0.12 sys=0.00, real=0.01 secs] 
 (concurrent mode failure): 6334K->6332K(6848K), 0.0199203 secs] 9084K->9084K(9920K), [Metaspace: 3748K->3748K(1056768K)], 0.0358078 secs] [Times: user=0.14 sys=0.00, real=0.03 secs] 
169.737: [GC (Allocation Failure) 169.737: [ParNew (promotion failed): 2751K->3022K(3072K), 0.0174041 secs]169.754: [CMS: 6334K->6332K(6848K), 0.0165876 secs] 9084K->9084K(9920K), [Metaspace: 3748K->3748K(1056768K)], 0.0340563 secs] [Times: user=0.15 sys=0.00, real=0.04 secs] 
169.771: [GC (CMS Initial Mark) [1 CMS-initial-mark: 6332K(6848K)] 9084K(9920K), 0.0030761 secs] [Times: user=0.00 sys=0.00, real=0.00 secs] 
169.774: [CMS-concurrent-mark-start]
169.775: [GC (Allocation Failure) 169.775: [ParNew (promotion failed): 2751K->2997K(3072K), 0.0184610 secs]169.793: [CMS169.796: [CMS-concurrent-mark: 0.004/0.022 secs] [Times: user=0.15 sys=0.00, real=0.02 secs] 
 (concurrent mode failure): 6334K->6332K(6848K), 0.0197240 secs] 9084K->9084K(9920K), [Metaspace: 3748K->3748K(1056768K)], 0.0382510 secs] [Times: user=0.17 sys=0.00, real=0.04 secs] 
169.813: [GC (Allocation Failure) 169.813: [ParNew (promotion failed): 2751K->2997K(3072K), 0.0174469 secs]169.831: [CMS: 6334K->6332K(6848K), 0.0164878 secs] 9084K->9084K(9920K), [Metaspace: 3748K->3748K(1056768K)], 0.0339903 secs] [Times: user=0.15 sys=0.00, real=0.03 secs] 
169.847: [GC (CMS Initial Mark) [1 CMS-initial-mark: 6332K(6848K)] 9084K(9920K), 0.0030661 secs] [Times: user=0.00 sys=0.00, real=0.01 secs] 
169.850: [CMS-concurrent-mark-start]
169.850: [GC (Allocation Failure) 169.850: [ParNew (promotion failed): 2751K->2997K(3072K), 0.0147964 secs]169.865: [CMS169.869: [CMS-concurrent-mark: 0.003/0.018 secs] [Times: user=0.12 sys=0.00, real=0.01 secs] 
 (concurrent mode failure): 6334K->6332K(6848K), 0.0198417 secs] 9084K->9084K(9920K), [Metaspace: 3748K->3748K(1056768K)], 0.0347058 secs] [Times: user=0.13 sys=0.00, real=0.03 secs] 
169.886: [GC (Allocation Failure) 169.886: [ParNew (promotion failed): 2751K->3022K(3072K), 0.0165965 secs]169.902: [CMS: 6334K->6332K(6848K), 0.0164918 secs] 9084K->9084K(9920K), [Metaspace: 3748K->3748K(1056768K)], 0.0331532 secs] [Times: user=0.14 sys=0.00, real=0.03 secs] 
169.919: [GC (CMS Initial Mark) [1 CMS-initial-mark: 6332K(6848K)] 9084K(9920K), 0.0030362 secs] [Times: user=0.01 sys=0.00, real=0.01 secs] 
169.922: [CMS-concurrent-mark-start]
169.922: [GC (Allocation Failure) 169.922: [ParNew (promotion failed): 2751K->3022K(3072K), 0.0255961 secs]169.948: [CMS169.951: [CMS-concurrent-mark: 0.004/0.029 secs] [Times: user=0.20 sys=0.00, real=0.03 secs] 
 (concurrent mode failure): 6334K->6332K(6848K), 0.0200898 secs] 9084K->9084K(9920K), [Metaspace: 3748K->3748K(1056768K)], 0.0457437 secs] [Times: user=0.22 sys=0.00, real=0.04 secs] 
169.969: [GC (Allocation Failure) 169.969: [ParNew (promotion failed): 2751K->3022K(3072K), 0.0148617 secs]169.984: [CMS: 6334K->6332K(6848K), 0.0164430 secs] 9084K->9084K(9920K), [Metaspace: 3748K->3748K(1056768K)], 0.0313627 secs] [Times: user=0.12 sys=0.00, real=0.04 secs] 
170.001: [GC (CMS Initial Mark) [1 CMS-initial-mark: 6332K(6848K)] 9084K(9920K), 0.0030580 secs] [Times: user=0.01 sys=0.00, real=0.00 secs] 
170.004: [CMS-concurrent-mark-start]
170.004: [GC (Allocation Failure) 170.004: [ParNew (promotion failed): 2751K->3071K(3072K), 0.0170547 secs]170.021: [CMS170.024: [CMS-concurrent-mark: 0.004/0.021 secs] [Times: user=0.13 sys=0.01, real=0.02 secs] 
 (concurrent mode failure): 6334K->6332K(6848K), 0.0195507 secs] 9084K->9084K(9920K), [Metaspace: 3748K->3748K(1056768K)], 0.0366625 secs] [Times: user=0.15 sys=0.01, real=0.04 secs] 
170.041: [GC (Allocation Failure) 170.042: [ParNew (promotion failed): 2751K->2972K(3072K), 0.0157893 secs]170.057: [CMS: 6334K->6332K(6848K), 0.0165676 secs] 9084K->9084K(9920K), [Metaspace: 3748K->3748K(1056768K)], 0.0324212 secs] [Times: user=0.13 sys=0.00, real=0.03 secs] 
170.074: [GC (CMS Initial Mark) [1 CMS-initial-mark: 6332K(6848K)] 9084K(9920K), 0.0030591 secs] [Times: user=0.00 sys=0.00, real=0.00 secs] 
170.077: [CMS-concurrent-mark-start]
170.077: [GC (Allocation Failure) 170.077: [ParNew (promotion failed): 2751K->2997K(3072K), 0.0154848 secs]170.093: [CMS170.096: [CMS-concurrent-mark: 0.003/0.019 secs] [Times: user=0.13 sys=0.00, real=0.02 secs] 
 (concurrent mode failure): 6334K->6332K(6848K), 0.0199595 secs] 9084K->9084K(9920K), [Metaspace: 3748K->3748K(1056768K)], 0.0354975 secs] [Times: user=0.14 sys=0.00, real=0.04 secs] 
170.113: [GC (Allocation Failure) 170.113: [ParNew (promotion failed): 2751K->2997K(3072K), 0.0150534 secs]170.128: [CMS: 6334K->6332K(6848K), 0.0165572 secs] 9084K->9084K(9920K), [Metaspace: 3748K->3748K(1056768K)], 0.0316663 secs] [Times: user=0.12 sys=0.00, real=0.03 secs] 
170.145: [GC (CMS Initial Mark) [1 CMS-initial-mark: 6332K(6848K)] 9084K(9920K), 0.0030662 secs] [Times: user=0.00 sys=0.00, real=0.00 secs] 
170.148: [CMS-concurrent-mark-start]
170.148: [GC (Allocation Failure) 170.148: [ParNew (promotion failed): 2751K->2972K(3072K), 0.0213633 secs]170.170: [CMS170.173: [CMS-concurrent-mark: 0.004/0.025 secs] [Times: user=0.16 sys=0.00, real=0.03 secs] 
 (concurrent mode failure): 6334K->6332K(6848K), 0.0199251 secs] 9084K->9084K(9920K), [Metaspace: 3748K->3748K(1056768K)], 0.0413506 secs] [Times: user=0.18 sys=0.00, real=0.05 secs] 
170.190: [GC (Allocation Failure) 170.190: [ParNew (promotion failed): 2751K->3022K(3072K), 0.0149185 secs]170.205: [CMS: 6334K->6332K(6848K), 0.0164935 secs] 9084K->9084K(9920K), [Metaspace: 3748K->3748K(1056768K)], 0.0314734 secs] [Times: user=0.13 sys=0.00, real=0.03 secs] 
170.222: [GC (CMS Initial Mark) [1 CMS-initial-mark: 6332K(6848K)] 9084K(9920K), 0.0030402 secs] [Times: user=0.00 sys=0.00, real=0.00 secs] 
170.225: [CMS-concurrent-mark-start]
170.226: [GC (Allocation Failure) 170.226: [ParNew (promotion failed): 2751K->3022K(3072K), 0.0155107 secs]170.241: [CMS170.245: [CMS-concurrent-mark: 0.003/0.019 secs] [Times: user=0.12 sys=0.00, real=0.02 secs] 
 (concurrent mode failure): 6334K->6332K(6848K), 0.0199080 secs] 9084K->9084K(9920K), [Metaspace: 3748K->3748K(1056768K)], 0.0354830 secs] [Times: user=0.14 sys=0.00, real=0.04 secs] 
170.262: [GC (Allocation Failure) 170.262: [ParNew (promotion failed): 2751K->3022K(3072K), 0.0144935 secs]170.276: [CMS: 6334K->6332K(6848K), 0.0164973 secs] 9084K->9084K(9920K), [Metaspace: 3748K->3748K(1056768K)], 0.0310604 secs] [Times: user=0.12 sys=0.00, real=0.03 secs] 
170.293: [GC (CMS Initial Mark) [1 CMS-initial-mark: 6332K(6848K)] 9084K(9920K), 0.0030672 secs] [Times: user=0.00 sys=0.00, real=0.00 secs] 
170.296: [CMS-concurrent-mark-start]
170.297: [GC (Allocation Failure) 170.297: [ParNew (promotion failed): 2751K->2997K(3072K), 0.0144260 secs]170.311: [CMS170.314: [CMS-concurrent-mark: 0.003/0.018 secs] [Times: user=0.12 sys=0.00, real=0.02 secs] 
 (concurrent mode failure): 6334K->6332K(6848K), 0.0196939 secs] 9084K->9084K(9920K), [Metaspace: 3748K->3748K(1056768K)], 0.0341758 secs] [Times: user=0.12 sys=0.00, real=0.04 secs] 
170.331: [GC (Allocation Failure) 170.331: [ParNew (promotion failed): 2751K->2997K(3072K), 0.0216853 secs]170.353: [CMS: 6334K->6332K(6848K), 0.0165754 secs] 9084K->9084K(9920K), [Metaspace: 3748K->3748K(1056768K)], 0.0383140 secs] [Times: user=0.18 sys=0.00, real=0.03 secs] 
170.370: [GC (CMS Initial Mark) [1 CMS-initial-mark: 6332K(6848K)] 9084K(9920K), 0.0030662 secs] [Times: user=0.00 sys=0.00, real=0.01 secs] 
170.373: [CMS-concurrent-mark-start]
170.373: [GC (Allocation Failure) 170.373: [ParNew (promotion failed): 2751K->2997K(3072K), 0.0184270 secs]170.391: [CMS170.395: [CMS-concurrent-mark: 0.004/0.022 secs] [Times: user=0.15 sys=0.00, real=0.02 secs] 
 (concurrent mode failure): 6334K->6332K(6848K), 0.0202952 secs] 9084K->9084K(9920K), [Metaspace: 3748K->3748K(1056768K)], 0.0387883 secs] [Times: user=0.16 sys=0.00, real=0.04 secs] 
170.412: [GC (Allocation Failure) 170.412: [ParNew (promotion failed): 2751K->2997K(3072K), 0.0164534 secs]170.428: [CMS: 6334K->6332K(6848K), 0.0163892 secs] 9084K->9084K(9920K), [Metaspace: 3748K->3748K(1056768K)], 0.0329021 secs] [Times: user=0.14 sys=0.00, real=0.03 secs] 
170.445: [GC (CMS Initial Mark) [1 CMS-initial-mark: 6332K(6848K)] 9084K(9920K), 0.0030513 secs] [Times: user=0.00 sys=0.00, real=0.00 secs] 
170.448: [CMS-concurrent-mark-start]
170.448: [GC (Allocation Failure) 170.448: [ParNew (promotion failed): 2751K->3022K(3072K), 0.0144843 secs]170.463: [CMS170.466: [CMS-concurrent-mark: 0.003/0.018 secs] [Times: user=0.11 sys=0.00, real=0.02 secs] 
 (concurrent mode failure): 6334K->6332K(6848K), 0.0199315 secs] 9084K->9084K(9920K), [Metaspace: 3748K->3748K(1056768K)], 0.0344700 secs] [Times: user=0.13 sys=0.00, real=0.04 secs] 
170.484: [GC (Allocation Failure) 170.484: [ParNew (promotion failed): 2751K->3022K(3072K), 0.0171693 secs]170.501: [CMS: 6334K->6332K(6848K), 0.0164604 secs] 9084K->9084K(9920K), [Metaspace: 3748K->3748K(1056768K)], 0.0336842 secs] [Times: user=0.14 sys=0.00, real=0.03 secs] 
170.518: [GC (CMS Initial Mark) [1 CMS-initial-mark: 6332K(6848K)] 9084K(9920K), 0.0031369 secs] [Times: user=0.00 sys=0.00, real=0.01 secs] 
170.522: [CMS-concurrent-mark-start]
170.522: [GC (Allocation Failure) 170.522: [ParNew (promotion failed): 2751K->3022K(3072K), 0.0119185 secs]170.534: [CMS170.537: [CMS-concurrent-mark: 0.004/0.016 secs] [Times: user=0.07 sys=0.00, real=0.01 secs] 
 (concurrent mode failure): 6334K->6332K(6848K), 0.0195411 secs] 9084K->9084K(9920K), [Metaspace: 3748K->3748K(1056768K)], 0.0315270 secs] [Times: user=0.08 sys=0.00, real=0.03 secs] 
170.554: [GC (Allocation Failure) 170.554: [ParNew (promotion failed): 2751K->3022K(3072K), 0.0151593 secs]170.569: [CMS: 6334K->6332K(6848K), 0.0165916 secs] 9084K->9084K(9920K), [Metaspace: 3748K->3748K(1056768K)], 0.0318124 secs] [Times: user=0.13 sys=0.00, real=0.03 secs] 
170.586: [GC (CMS Initial Mark) [1 CMS-initial-mark: 6332K(6848K)] 9084K(9920K), 0.0030377 secs] [Times: user=0.00 sys=0.00, real=0.00 secs] 
170.589: [CMS-concurrent-mark-start]
170.589: [GC (Allocation Failure) 170.589: [ParNew (promotion failed): 2751K->3022K(3072K), 0.0173126 secs]170.607: [CMS170.610: [CMS-concurrent-mark: 0.003/0.021 secs] [Times: user=0.14 sys=0.00, real=0.03 secs] 
 (concurrent mode failure): 6334K->6332K(6848K), 0.0199041 secs] 9084K->9084K(9920K), [Metaspace: 3748K->3748K(1056768K)], 0.0372852 secs] [Times: user=0.15 sys=0.00, real=0.04 secs] 
170.627: [GC (Allocation Failure) 170.627: [ParNew (promotion failed): 2751K->2997K(3072K), 0.0161421 secs]170.643: [CMS: 6334K->6332K(6848K), 0.0165026 secs] 9084K->9084K(9920K), [Metaspace: 3748K->3748K(1056768K)], 0.0327098 secs] [Times: user=0.14 sys=0.00, real=0.03 secs] 
170.660: [GC (CMS Initial Mark) [1 CMS-initial-mark: 6332K(6848K)] 9084K(9920K), 0.0030373 secs] [Times: user=0.01 sys=0.00, real=0.00 secs] 
170.663: [CMS-concurrent-mark-start]
170.663: [GC (Allocation Failure) 170.663: [ParNew (promotion failed): 2751K->2997K(3072K), 0.0153024 secs]170.679: [CMS170.682: [CMS-concurrent-mark: 0.004/0.019 secs] [Times: user=0.12 sys=0.00, real=0.02 secs] 
 (concurrent mode failure): 6334K->6332K(6848K), 0.0200281 secs] 9084K->9084K(9920K), [Metaspace: 3748K->3748K(1056768K)], 0.0353980 secs] [Times: user=0.13 sys=0.00, real=0.03 secs] 
170.699: [GC (Allocation Failure) 170.699: [ParNew (promotion failed): 2751K->2997K(3072K), 0.0241786 secs]170.723: [CMS: 6334K->6332K(6848K), 0.0165641 secs] 9084K->9084K(9920K), [Metaspace: 3748K->3748K(1056768K)], 0.0408222 secs] [Times: user=0.21 sys=0.00, real=0.05 secs] 
170.741: [GC (CMS Initial Mark) [1 CMS-initial-mark: 6332K(6848K)] 9084K(9920K), 0.0030380 secs] [Times: user=0.00 sys=0.00, real=0.00 secs] 
170.744: [CMS-concurrent-mark-start]
170.744: [GC (Allocation Failure) 170.744: [ParNew (promotion failed): 2751K->2997K(3072K), 0.0211875 secs]170.765: [CMS170.769: [CMS-concurrent-mark: 0.003/0.025 secs] [Times: user=0.16 sys=0.00, real=0.02 secs] 
 (concurrent mode failure): 6334K->6332K(6848K), 0.0200535 secs] 9084K->9084K(9920K), [Metaspace: 3748K->3748K(1056768K)], 0.0420157 secs] [Times: user=0.18 sys=0.01, real=0.04 secs] 
170.787: [GC (Allocation Failure) 170.787: [ParNew (promotion failed): 2751K->3022K(3072K), 0.0175976 secs]170.805: [CMS: 6334K->6332K(6848K), 0.0165179 secs] 9084K->9084K(9920K), [Metaspace: 3748K->3748K(1056768K)], 0.0341795 secs] [Times: user=0.15 sys=0.00, real=0.04 secs] 
170.822: [GC (CMS Initial Mark) [1 CMS-initial-mark: 6332K(6848K)] 9084K(9920K), 0.0030565 secs] [Times: user=0.00 sys=0.00, real=0.00 secs] 
170.825: [CMS-concurrent-mark-start]
170.825: [GC (Allocation Failure) 170.825: [ParNew (promotion failed): 2751K->2997K(3072K), 0.0151157 secs]170.840: [CMS170.843: [CMS-concurrent-mark: 0.004/0.019 secs] [Times: user=0.12 sys=0.00, real=0.02 secs] 
 (concurrent mode failure): 6334K->6332K(6848K), 0.0198160 secs] 9084K->9084K(9920K), [Metaspace: 3748K->3748K(1056768K)], 0.0349877 secs] [Times: user=0.14 sys=0.00, real=0.04 secs] 
170.860: [GC (Allocation Failure) 170.860: [ParNew (promotion failed): 2751K->2997K(3072K), 0.0226282 secs]170.883: [CMS: 6334K->6332K(6848K), 0.0166786 secs] 9084K->9084K(9920K), [Metaspace: 3748K->3748K(1056768K)], 0.0393629 secs] [Times: user=0.19 sys=0.00, real=0.03 secs] 
170.900: [GC (CMS Initial Mark) [1 CMS-initial-mark: 6332K(6848K)] 9084K(9920K), 0.0030515 secs] [Times: user=0.00 sys=0.00, real=0.00 secs] 
170.903: [CMS-concurrent-mark-start]
170.903: [GC (Allocation Failure) 170.903: [ParNew (promotion failed): 2751K->2997K(3072K), 0.0204297 secs]170.924: [CMS170.927: [CMS-concurrent-mark: 0.004/0.024 secs] [Times: user=0.14 sys=0.00, real=0.02 secs] 
 (concurrent mode failure): 6334K->6332K(6848K), 0.0200421 secs] 9084K->9084K(9920K), [Metaspace: 3748K->3748K(1056768K)], 0.0405420 secs] [Times: user=0.16 sys=0.00, real=0.04 secs] 
170.944: [GC (Allocation Failure) 170.944: [ParNew (promotion failed): 2751K->2997K(3072K), 0.0188040 secs]170.963: [CMS: 6334K->6332K(6848K), 0.0165540 secs] 9084K->9084K(9920K), [Metaspace: 3748K->3748K(1056768K)], 0.0354252 secs] [Times: user=0.15 sys=0.00, real=0.03 secs] 
170.980: [GC (CMS Initial Mark) [1 CMS-initial-mark: 6332K(6848K)] 9084K(9920K), 0.0030249 secs] [Times: user=0.00 sys=0.00, real=0.00 secs] 
170.983: [CMS-concurrent-mark-start]
170.983: [GC (Allocation Failure) 170.983: [ParNew (promotion failed): 2751K->3046K(3072K), 0.0213274 secs]171.004: [CMS171.008: [CMS-concurrent-mark: 0.003/0.025 secs] [Times: user=0.16 sys=0.00, real=0.02 secs] 
 (concurrent mode failure): 6334K->6332K(6848K), 0.0198842 secs] 9084K->9084K(9920K), [Metaspace: 3748K->3748K(1056768K)], 0.0412703 secs] [Times: user=0.18 sys=0.00, real=0.04 secs] 
171.025: [GC (Allocation Failure) 171.025: [ParNew (promotion failed): 2751K->2997K(3072K), 0.0138992 secs]171.039: [CMS: 6334K->6332K(6848K), 0.0165322 secs] 9084K->9084K(9920K), [Metaspace: 3748K->3748K(1056768K)], 0.0304876 secs] [Times: user=0.11 sys=0.00, real=0.03 secs] 
171.056: [GC (CMS Initial Mark) [1 CMS-initial-mark: 6332K(6848K)] 9084K(9920K), 0.0030907 secs] [Times: user=0.01 sys=0.00, real=0.00 secs] 
171.059: [CMS-concurrent-mark-start]
171.060: [GC (Allocation Failure) 171.060: [ParNew (promotion failed): 2751K->2997K(3072K), 0.0153838 secs]171.075: [CMS171.078: [CMS-concurrent-mark: 0.004/0.019 secs] [Times: user=0.11 sys=0.00, real=0.02 secs] 
 (concurrent mode failure): 6334K->6332K(6848K), 0.0195975 secs] 9084K->9084K(9920K), [Metaspace: 3748K->3748K(1056768K)], 0.0350551 secs] [Times: user=0.13 sys=0.00, real=0.04 secs] 
171.095: [GC (Allocation Failure) 171.095: [ParNew (promotion failed): 2751K->2997K(3072K), 0.0161748 secs]171.112: [CMS: 6334K->6332K(6848K), 0.0166036 secs] 9084K->9084K(9920K), [Metaspace: 3748K->3748K(1056768K)], 0.0328405 secs] [Times: user=0.14 sys=0.01, real=0.03 secs] 
171.128: [GC (CMS Initial Mark) [1 CMS-initial-mark: 6332K(6848K)] 9084K(9920K), 0.0030549 secs] [Times: user=0.00 sys=0.00, real=0.01 secs] 
171.131: [CMS-concurrent-mark-start]
171.132: [GC (Allocation Failure) 171.132: [ParNew (promotion failed): 2751K->2997K(3072K), 0.0164978 secs]171.148: [CMS171.152: [CMS-concurrent-mark: 0.003/0.020 secs] [Times: user=0.13 sys=0.00, real=0.02 secs] 
 (concurrent mode failure): 6334K->6332K(6848K), 0.0198120 secs] 9084K->9084K(9920K), [Metaspace: 3748K->3748K(1056768K)], 0.0363654 secs] [Times: user=0.15 sys=0.00, real=0.03 secs] 
171.168: [GC (Allocation Failure) 171.168: [ParNew (promotion failed): 2751K->2997K(3072K), 0.0161265 secs]171.184: [CMS: 6334K->6332K(6848K), 0.0164829 secs] 9084K->9084K(9920K), [Metaspace: 3748K->3748K(1056768K)], 0.0326773 secs] [Times: user=0.13 sys=0.00, real=0.04 secs] 
171.201: [GC (CMS Initial Mark) [1 CMS-initial-mark: 6332K(6848K)] 9084K(9920K), 0.0030511 secs] [Times: user=0.00 sys=0.00, real=0.00 secs] 
171.204: [CMS-concurrent-mark-start]
171.205: [GC (Allocation Failure) 171.205: [ParNew (promotion failed): 2751K->2997K(3072K), 0.0235372 secs]171.228: [CMS171.231: [CMS-concurrent-mark: 0.003/0.027 secs] [Times: user=0.19 sys=0.00, real=0.03 secs] 
 (concurrent mode failure): 6334K->6332K(6848K), 0.0197371 secs] 9084K->9084K(9920K), [Metaspace: 3748K->3748K(1056768K)], 0.0433339 secs] [Times: user=0.21 sys=0.00, real=0.04 secs] 
171.248: [GC (Allocation Failure) 171.248: [ParNew (promotion failed): 2751K->3022K(3072K), 0.0153661 secs]171.264: [CMS: 6334K->6332K(6848K), 0.0164768 secs] 9084K->9084K(9920K), [Metaspace: 3748K->3748K(1056768K)], 0.0318977 secs] [Times: user=0.13 sys=0.00, real=0.04 secs] 
171.281: [GC (CMS Initial Mark) [1 CMS-initial-mark: 6332K(6848K)] 9084K(9920K), 0.0030699 secs] [Times: user=0.00 sys=0.00, real=0.00 secs] 
171.284: [CMS-concurrent-mark-start]
171.284: [GC (Allocation Failure) 171.284: [ParNew (promotion failed): 2751K->2997K(3072K), 0.0154172 secs]171.300: [CMS171.303: [CMS-concurrent-mark: 0.003/0.019 secs] [Times: user=0.13 sys=0.00, real=0.02 secs] 
 (concurrent mode failure): 6334K->6332K(6848K), 0.0201452 secs] 9084K->9084K(9920K), [Metaspace: 3748K->3748K(1056768K)], 0.0356330 secs] [Times: user=0.14 sys=0.00, real=0.03 secs] 
171.321: [GC (Allocation Failure) 171.321: [ParNew (promotion failed): 2751K->3022K(3072K), 0.0164670 secs]171.337: [CMS: 6334K->6332K(6848K), 0.0165616 secs] 9084K->9084K(9920K), [Metaspace: 3748K->3748K(1056768K)], 0.0330913 secs] [Times: user=0.14 sys=0.00, real=0.03 secs] 
171.354: [GC (CMS Initial Mark) [1 CMS-initial-mark: 6332K(6848K)] 9084K(9920K), 0.0030455 secs] [Times: user=0.01 sys=0.00, real=0.00 secs] 
171.357: [CMS-concurrent-mark-start]
171.358: [GC (Allocation Failure) 171.358: [ParNew (promotion failed): 2751K->3022K(3072K), 0.0166672 secs]171.374: [CMS171.377: [CMS-concurrent-mark: 0.003/0.020 secs] [Times: user=0.13 sys=0.00, real=0.02 secs] 
 (concurrent mode failure): 6334K->6332K(6848K), 0.0197228 secs] 9084K->9084K(9920K), [Metaspace: 3748K->3748K(1056768K)], 0.0364535 secs] [Times: user=0.15 sys=0.00, real=0.04 secs] 
171.394: [GC (Allocation Failure) 171.394: [ParNew (promotion failed): 2751K->2972K(3072K), 0.0223024 secs]171.417: [CMS: 6334K->6332K(6848K), 0.0163564 secs] 9084K->9084K(9920K), [Metaspace: 3748K->3748K(1056768K)], 0.0387172 secs] [Times: user=0.18 sys=0.00, real=0.04 secs] 
171.433: [GC (CMS Initial Mark) [1 CMS-initial-mark: 6332K(6848K)] 9084K(9920K), 0.0030357 secs] [Times: user=0.00 sys=0.00, real=0.00 secs] 
171.436: [CMS-concurrent-mark-start]
171.436: [GC (Allocation Failure) 171.436: [ParNew (promotion failed): 2751K->2997K(3072K), 0.0147329 secs]171.451: [CMS171.455: [CMS-concurrent-mark: 0.004/0.018 secs] [Times: user=0.12 sys=0.00, real=0.02 secs] 
 (concurrent mode failure): 6334K->6332K(6848K), 0.0198730 secs] 9084K->9084K(9920K), [Metaspace: 3748K->3748K(1056768K)], 0.0346628 secs] [Times: user=0.14 sys=0.00, real=0.04 secs] 
171.471: [GC (Allocation Failure) 171.471: [ParNew (promotion failed): 2751K->3022K(3072K), 0.0196188 secs]171.491: [CMS: 6334K->6332K(6848K), 0.0165496 secs] 9084K->9084K(9920K), [Metaspace: 3748K->3748K(1056768K)], 0.0362312 secs] [Times: user=0.15 sys=0.01, real=0.03 secs] 
171.508: [GC (CMS Initial Mark) [1 CMS-initial-mark: 6332K(6848K)] 9084K(9920K), 0.0031270 secs] [Times: user=0.00 sys=0.00, real=0.01 secs] 
171.511: [CMS-concurrent-mark-start]
171.511: [GC (Allocation Failure) 171.511: [ParNew (promotion failed): 2751K->2997K(3072K), 0.0136030 secs]171.525: [CMS171.528: [CMS-concurrent-mark: 0.003/0.017 secs] [Times: user=0.09 sys=0.00, real=0.01 secs] 
 (concurrent mode failure): 6334K->6332K(6848K), 0.0200278 secs] 9084K->9084K(9920K), [Metaspace: 3748K->3748K(1056768K)], 0.0336941 secs] [Times: user=0.11 sys=0.00, real=0.03 secs] 
171.546: [GC (Allocation Failure) 171.546: [ParNew (promotion failed): 2751K->2997K(3072K), 0.0173372 secs]171.563: [CMS: 6334K->6332K(6848K), 0.0165553 secs] 9084K->9084K(9920K), [Metaspace: 3748K->3748K(1056768K)], 0.0339517 secs] [Times: user=0.14 sys=0.00, real=0.03 secs] 
171.580: [GC (CMS Initial Mark) [1 CMS-initial-mark: 6332K(6848K)] 9084K(9920K), 0.0030823 secs] [Times: user=0.01 sys=0.00, real=0.00 secs] 
171.583: [CMS-concurrent-mark-start]
171.584: [GC (Allocation Failure) 171.584: [ParNew (promotion failed): 2751K->2997K(3072K), 0.0153507 secs]171.599: [CMS171.602: [CMS-concurrent-mark: 0.004/0.019 secs] [Times: user=0.12 sys=0.00, real=0.02 secs] 
 (concurrent mode failure): 6334K->6332K(6848K), 0.0195899 secs] 9084K->9084K(9920K), [Metaspace: 3748K->3748K(1056768K)], 0.0349997 secs] [Times: user=0.13 sys=0.00, real=0.03 secs] 
171.619: [GC (Allocation Failure) 171.619: [ParNew (promotion failed): 2751K->3022K(3072K), 0.0232040 secs]171.643: [CMS: 6334K->6332K(6848K), 0.0164482 secs] 9084K->9084K(9920K), [Metaspace: 3748K->3748K(1056768K)], 0.0397197 secs] [Times: user=0.19 sys=0.00, real=0.04 secs] 
171.659: [GC (CMS Initial Mark) [1 CMS-initial-mark: 6332K(6848K)] 9084K(9920K), 0.0030245 secs] [Times: user=0.01 sys=0.00, real=0.01 secs] 
171.662: [CMS-concurrent-mark-start]
171.663: [GC (Allocation Failure) 171.663: [ParNew (promotion failed): 2751K->2997K(3072K), 0.0258696 secs]171.688: [CMS171.692: [CMS-concurrent-mark: 0.003/0.029 secs] [Times: user=0.20 sys=0.00, real=0.03 secs] 
 (concurrent mode failure): 6334K->6332K(6848K), 0.0199403 secs] 9084K->9084K(9920K), [Metaspace: 3748K->3748K(1056768K)], 0.0458643 secs] [Times: user=0.22 sys=0.00, real=0.04 secs] 
171.709: [GC (Allocation Failure) 171.709: [ParNew (promotion failed): 2751K->2997K(3072K), 0.0146009 secs]171.723: [CMS: 6334K->6332K(6848K), 0.0164360 secs] 9084K->9084K(9920K), [Metaspace: 3748K->3748K(1056768K)], 0.0310978 secs] [Times: user=0.12 sys=0.00, real=0.03 secs] 
171.740: [GC (CMS Initial Mark) [1 CMS-initial-mark: 6332K(6848K)] 9084K(9920K), 0.0030570 secs] [Times: user=0.01 sys=0.00, real=0.00 secs] 
171.743: [CMS-concurrent-mark-start]
171.743: [GC (Allocation Failure) 171.743: [ParNew (promotion failed): 2751K->2997K(3072K), 0.0163497 secs]171.760: [CMS171.763: [CMS-concurrent-mark: 0.004/0.020 secs] [Times: user=0.13 sys=0.00, real=0.02 secs] 
 (concurrent mode failure): 6334K->6332K(6848K), 0.0198740 secs] 9084K->9084K(9920K), [Metaspace: 3748K->3748K(1056768K)], 0.0362797 secs] [Times: user=0.14 sys=0.00, real=0.03 secs] 
171.780: [GC (Allocation Failure) 171.780: [ParNew (promotion failed): 2751K->3022K(3072K), 0.0187441 secs]171.799: [CMS: 6334K->6332K(6848K), 0.0164157 secs] 9084K->9084K(9920K), [Metaspace: 3748K->3748K(1056768K)], 0.0352173 secs] [Times: user=0.15 sys=0.00, real=0.03 secs] 
171.816: [GC (CMS Initial Mark) [1 CMS-initial-mark: 6332K(6848K)] 9084K(9920K), 0.0030461 secs] [Times: user=0.00 sys=0.00, real=0.00 secs] 
171.819: [CMS-concurrent-mark-start]
171.819: [GC (Allocation Failure) 171.819: [ParNew (promotion failed): 2751K->2997K(3072K), 0.0235402 secs]171.843: [CMS171.846: [CMS-concurrent-mark: 0.003/0.027 secs] [Times: user=0.19 sys=0.00, real=0.03 secs] 
 (concurrent mode failure): 6334K->6332K(6848K), 0.0198031 secs] 9084K->9084K(9920K), [Metaspace: 3748K->3748K(1056768K)], 0.0434075 secs] [Times: user=0.21 sys=0.00, real=0.05 secs] 
171.863: [GC (Allocation Failure) 171.863: [ParNew (promotion failed): 2751K->2997K(3072K), 0.0175999 secs]171.881: [CMS: 6334K->6332K(6848K), 0.0165604 secs] 9084K->9084K(9920K), [Metaspace: 3748K->3748K(1056768K)], 0.0342201 secs] [Times: user=0.15 sys=0.01, real=0.03 secs] 
171.898: [GC (CMS Initial Mark) [1 CMS-initial-mark: 6332K(6848K)] 9084K(9920K), 0.0030380 secs] [Times: user=0.00 sys=0.00, real=0.01 secs] 
171.901: [CMS-concurrent-mark-start]
171.901: [GC (Allocation Failure) 171.901: [ParNew (promotion failed): 2751K->3022K(3072K), 0.0168820 secs]171.918: [CMS171.922: [CMS-concurrent-mark: 0.003/0.020 secs] [Times: user=0.14 sys=0.00, real=0.02 secs] 
 (concurrent mode failure): 6334K->6332K(6848K), 0.0196648 secs] 9084K->9084K(9920K), [Metaspace: 3748K->3748K(1056768K)], 0.0366148 secs] [Times: user=0.15 sys=0.00, real=0.03 secs] 
171.938: [GC (Allocation Failure) 171.938: [ParNew (promotion failed): 2751K->3046K(3072K), 0.0182761 secs]171.957: [CMS: 6334K->6332K(6848K), 0.0165030 secs] 9084K->9084K(9920K), [Metaspace: 3748K->3748K(1056768K)], 0.0348439 secs] [Times: user=0.16 sys=0.00, real=0.04 secs] 
171.973: [GC (CMS Initial Mark) [1 CMS-initial-mark: 6332K(6848K)] 9084K(9920K), 0.0030594 secs] [Times: user=0.00 sys=0.00, real=0.00 secs] 
171.977: [CMS-concurrent-mark-start]
171.977: [GC (Allocation Failure) 171.977: [ParNew (promotion failed): 2751K->2997K(3072K), 0.0166983 secs]171.993: [CMS171.997: [CMS-concurrent-mark: 0.003/0.020 secs] [Times: user=0.13 sys=0.00, real=0.02 secs] 
 (concurrent mode failure): 6334K->6332K(6848K), 0.0198623 secs] 9084K->9084K(9920K), [Metaspace: 3748K->3748K(1056768K)], 0.0366174 secs] [Times: user=0.15 sys=0.00, real=0.04 secs] 
172.014: [GC (Allocation Failure) 172.014: [ParNew (promotion failed): 2751K->2997K(3072K), 0.0164135 secs]172.030: [CMS: 6334K->6332K(6848K), 0.0165313 secs] 9084K->9084K(9920K), [Metaspace: 3748K->3748K(1056768K)], 0.0330090 secs] [Times: user=0.14 sys=0.00, real=0.03 secs] 
172.047: [GC (CMS Initial Mark) [1 CMS-initial-mark: 6332K(6848K)] 9084K(9920K), 0.0030441 secs] [Times: user=0.00 sys=0.00, real=0.01 secs] 
172.050: [CMS-concurrent-mark-start]
172.050: [GC (Allocation Failure) 172.050: [ParNew (promotion failed): 2751K->3046K(3072K), 0.0143190 secs]172.065: [CMS172.068: [CMS-concurrent-mark: 0.003/0.018 secs] [Times: user=0.11 sys=0.00, real=0.01 secs] 
 (concurrent mode failure): 6334K->6332K(6848K), 0.0199300 secs] 9084K->9084K(9920K), [Metaspace: 3748K->3748K(1056768K)], 0.0343131 secs] [Times: user=0.13 sys=0.00, real=0.03 secs] 
172.085: [GC (Allocation Failure) 172.085: [ParNew (promotion failed): 2751K->3022K(3072K), 0.0225582 secs]172.108: [CMS: 6334K->6332K(6848K), 0.0164926 secs] 9084K->9084K(9920K), [Metaspace: 3748K->3748K(1056768K)], 0.0391095 secs] [Times: user=0.18 sys=0.00, real=0.04 secs] 
172.125: [GC (CMS Initial Mark) [1 CMS-initial-mark: 6332K(6848K)] 9084K(9920K), 0.0030634 secs] [Times: user=0.00 sys=0.00, real=0.00 secs] 
172.128: [CMS-concurrent-mark-start]
172.128: [GC (Allocation Failure) 172.129: [ParNew (promotion failed): 2751K->2997K(3072K), 0.0141375 secs]172.143: [CMS172.146: [CMS-concurrent-mark: 0.003/0.018 secs] [Times: user=0.11 sys=0.00, real=0.02 secs] 
 (concurrent mode failure): 6334K->6332K(6848K), 0.0194305 secs] 9084K->9084K(9920K), [Metaspace: 3748K->3748K(1056768K)], 0.0336290 secs] [Times: user=0.12 sys=0.00, real=0.04 secs] 
172.163: [GC (Allocation Failure) 172.163: [ParNew (promotion failed): 2751K->2997K(3072K), 0.0217124 secs]172.184: [CMS: 6334K->6332K(6848K), 0.0165728 secs] 9084K->9084K(9920K), [Metaspace: 3748K->3748K(1056768K)], 0.0383400 secs] [Times: user=0.18 sys=0.00, real=0.04 secs] 
172.201: [GC (CMS Initial Mark) [1 CMS-initial-mark: 6332K(6848K)] 9084K(9920K), 0.0030266 secs] [Times: user=0.00 sys=0.00, real=0.00 secs] 
172.204: [CMS-concurrent-mark-start]
172.204: [GC (Allocation Failure) 172.204: [ParNew (promotion failed): 2751K->2997K(3072K), 0.0230191 secs]172.227: [CMS172.231: [CMS-concurrent-mark: 0.004/0.027 secs] [Times: user=0.18 sys=0.00, real=0.03 secs] 
 (concurrent mode failure): 6334K->6332K(6848K), 0.0199515 secs] 9084K->9084K(9920K), [Metaspace: 3748K->3748K(1056768K)], 0.0430369 secs] [Times: user=0.20 sys=0.00, real=0.04 secs] 
172.248: [GC (Allocation Failure) 172.248: [ParNew (promotion failed): 2751K->3022K(3072K), 0.0236126 secs]172.271: [CMS: 6334K->6332K(6848K), 0.0164103 secs] 9084K->9084K(9920K), [Metaspace: 3748K->3748K(1056768K)], 0.0400818 secs] [Times: user=0.19 sys=0.01, real=0.04 secs] 
172.288: [GC (CMS Initial Mark) [1 CMS-initial-mark: 6332K(6848K)] 9084K(9920K), 0.0030573 secs] [Times: user=0.00 sys=0.00, real=0.01 secs] 
172.291: [CMS-concurrent-mark-start]
172.291: [GC (Allocation Failure) 172.292: [ParNew (promotion failed): 2751K->3022K(3072K), 0.0166099 secs]172.308: [CMS172.311: [CMS-concurrent-mark: 0.003/0.020 secs] [Times: user=0.14 sys=0.00, real=0.02 secs] 
 (concurrent mode failure): 6334K->6332K(6848K), 0.0198320 secs] 9084K->9084K(9920K), [Metaspace: 3748K->3748K(1056768K)], 0.0364985 secs] [Times: user=0.15 sys=0.00, real=0.03 secs] 
172.328: [GC (Allocation Failure) 172.328: [ParNew (promotion failed): 2751K->2997K(3072K), 0.0157896 secs]172.344: [CMS: 6334K->6332K(6848K), 0.0164082 secs] 9084K->9084K(9920K), [Metaspace: 3748K->3748K(1056768K)], 0.0322607 secs] [Times: user=0.13 sys=0.00, real=0.04 secs] 
172.361: [GC (CMS Initial Mark) [1 CMS-initial-mark: 6332K(6848K)] 9084K(9920K), 0.0030184 secs] [Times: user=0.01 sys=0.00, real=0.00 secs] 
172.364: [CMS-concurrent-mark-start]
172.365: [GC (Allocation Failure) 172.365: [ParNew (promotion failed): 2751K->3022K(3072K), 0.0145438 secs]172.379: [CMS172.383: [CMS-concurrent-mark: 0.003/0.018 secs] [Times: user=0.11 sys=0.00, real=0.02 secs] 
 (concurrent mode failure): 6334K->6332K(6848K), 0.0198953 secs] 9084K->9084K(9920K), [Metaspace: 3748K->3748K(1056768K)], 0.0345025 secs] [Times: user=0.13 sys=0.00, real=0.03 secs] 
172.400: [GC (Allocation Failure) 172.400: [ParNew (promotion failed): 2751K->3022K(3072K), 0.0155490 secs]172.415: [CMS: 6334K->6332K(6848K), 0.0166704 secs] 9084K->9084K(9920K), [Metaspace: 3748K->3748K(1056768K)], 0.0322787 secs] [Times: user=0.13 sys=0.00, real=0.04 secs] 
172.432: [GC (CMS Initial Mark) [1 CMS-initial-mark: 6332K(6848K)] 9084K(9920K), 0.0030577 secs] [Times: user=0.00 sys=0.00, real=0.00 secs] 
172.436: [CMS-concurrent-mark-start]
172.436: [GC (Allocation Failure) 172.436: [ParNew (promotion failed): 2751K->2997K(3072K), 0.0167590 secs]172.453: [CMS172.456: [CMS-concurrent-mark: 0.003/0.020 secs] [Times: user=0.14 sys=0.00, real=0.02 secs] 
 (concurrent mode failure): 6334K->6332K(6848K), 0.0197053 secs] 9084K->9084K(9920K), [Metaspace: 3748K->3748K(1056768K)], 0.0365197 secs] [Times: user=0.15 sys=0.00, real=0.04 secs] 
172.473: [GC (Allocation Failure) 172.473: [ParNew (promotion failed): 2751K->2997K(3072K), 0.0153662 secs]172.488: [CMS: 6334K->6332K(6848K), 0.0164876 secs] 9084K->9084K(9920K), [Metaspace: 3748K->3748K(1056768K)], 0.0319115 secs] [Times: user=0.14 sys=0.00, real=0.03 secs] 
172.505: [GC (CMS Initial Mark) [1 CMS-initial-mark: 6332K(6848K)] 9084K(9920K), 0.0030483 secs] [Times: user=0.00 sys=0.00, real=0.00 secs] 
172.508: [CMS-concurrent-mark-start]
172.508: [GC (Allocation Failure) 172.508: [ParNew (promotion failed): 2751K->2997K(3072K), 0.0144211 secs]172.522: [CMS172.526: [CMS-concurrent-mark: 0.004/0.018 secs] [Times: user=0.10 sys=0.00, real=0.02 secs] 
 (concurrent mode failure): 6334K->6332K(6848K), 0.0200269 secs] 9084K->9084K(9920K), [Metaspace: 3748K->3748K(1056768K)], 0.0345138 secs] [Times: user=0.12 sys=0.00, real=0.04 secs] 
172.543: [GC (Allocation Failure) 172.543: [ParNew (promotion failed): 2751K->2997K(3072K), 0.0223208 secs]172.565: [CMS: 6334K->6332K(6848K), 0.0165568 secs] 9084K->9084K(9920K), [Metaspace: 3748K->3748K(1056768K)], 0.0389380 secs] [Times: user=0.18 sys=0.00, real=0.04 secs] 
172.582: [GC (CMS Initial Mark) [1 CMS-initial-mark: 6332K(6848K)] 9084K(9920K), 0.0030607 secs] [Times: user=0.00 sys=0.00, real=0.00 secs] 
172.585: [CMS-concurrent-mark-start]
172.585: [GC (Allocation Failure) 172.585: [ParNew (promotion failed): 2751K->2997K(3072K), 0.0207544 secs]172.606: [CMS172.610: [CMS-concurrent-mark: 0.003/0.024 secs] [Times: user=0.16 sys=0.01, real=0.02 secs] 
 (concurrent mode failure): 6334K->6332K(6848K), 0.0200487 secs] 9084K->9084K(9920K), [Metaspace: 3748K->3748K(1056768K)], 0.0408705 secs] [Times: user=0.18 sys=0.01, real=0.04 secs] 
172.627: [GC (Allocation Failure) 172.627: [ParNew (promotion failed): 2751K->2997K(3072K), 0.0140441 secs]172.641: [CMS: 6334K->6332K(6848K), 0.0165172 secs] 9084K->9084K(9920K), [Metaspace: 3748K->3748K(1056768K)], 0.0306277 secs] [Times: user=0.11 sys=0.00, real=0.03 secs] 
172.658: [GC (CMS Initial Mark) [1 CMS-initial-mark: 6332K(6848K)] 9084K(9920K), 0.0030815 secs] [Times: user=0.00 sys=0.00, real=0.01 secs] 
172.661: [CMS-concurrent-mark-start]
172.662: [GC (Allocation Failure) 172.662: [ParNew (promotion failed): 2751K->2997K(3072K), 0.0136135 secs]172.675: [CMS172.678: [CMS-concurrent-mark: 0.004/0.017 secs] [Times: user=0.11 sys=0.00, real=0.01 secs] 
 (concurrent mode failure): 6334K->6332K(6848K), 0.0196286 secs] 9084K->9084K(9920K), [Metaspace: 3748K->3748K(1056768K)], 0.0333032 secs] [Times: user=0.11 sys=0.00, real=0.03 secs] 
172.696: [GC (Allocation Failure) 172.696: [ParNew (promotion failed): 2751K->2972K(3072K), 0.0209038 secs]172.717: [CMS: 6334K->6332K(6848K), 0.0166079 secs] 9084K->9084K(9920K), [Metaspace: 3748K->3748K(1056768K)], 0.0375728 secs] [Times: user=0.18 sys=0.00, real=0.04 secs] 
172.733: [GC (CMS Initial Mark) [1 CMS-initial-mark: 6332K(6848K)] 9084K(9920K), 0.0030408 secs] [Times: user=0.00 sys=0.00, real=0.00 secs] 
172.737: [CMS-concurrent-mark-start]
172.737: [GC (Allocation Failure) 172.737: [ParNew (promotion failed): 2751K->2997K(3072K), 0.0226235 secs]172.759: [CMS172.763: [CMS-concurrent-mark: 0.003/0.026 secs] [Times: user=0.18 sys=0.00, real=0.03 secs] 
 (concurrent mode failure): 6334K->6332K(6848K), 0.0197963 secs] 9084K->9084K(9920K), [Metaspace: 3748K->3748K(1056768K)], 0.0424835 secs] [Times: user=0.20 sys=0.00, real=0.04 secs] 
172.779: [GC (Allocation Failure) 172.779: [ParNew (promotion failed): 2751K->3022K(3072K), 0.0153338 secs]172.795: [CMS: 6334K->6332K(6848K), 0.0166397 secs] 9084K->9084K(9920K), [Metaspace: 3748K->3748K(1056768K)], 0.0320404 secs] [Times: user=0.13 sys=0.00, real=0.04 secs] 
172.812: [GC (CMS Initial Mark) [1 CMS-initial-mark: 6332K(6848K)] 9084K(9920K), 0.0030412 secs] [Times: user=0.00 sys=0.00, real=0.00 secs] 
172.815: [CMS-concurrent-mark-start]
172.815: [GC (Allocation Failure) 172.815: [ParNew (promotion failed): 2751K->3022K(3072K), 0.0153732 secs]172.830: [CMS172.834: [CMS-concurrent-mark: 0.004/0.019 secs] [Times: user=0.13 sys=0.00, real=0.02 secs] 
 (concurrent mode failure): 6334K->6332K(6848K), 0.0199552 secs] 9084K->9084K(9920K), [Metaspace: 3748K->3748K(1056768K)], 0.0353970 secs] [Times: user=0.14 sys=0.00, real=0.04 secs] 
172.851: [GC (Allocation Failure) 172.851: [ParNew (promotion failed): 2751K->2997K(3072K), 0.0204949 secs]172.871: [CMS: 6334K->6332K(6848K), 0.0164286 secs] 9084K->9084K(9920K), [Metaspace: 3748K->3748K(1056768K)], 0.0369873 secs] [Times: user=0.17 sys=0.00, real=0.03 secs] 
172.889: [GC (CMS Initial Mark) [1 CMS-initial-mark: 6332K(6848K)] 9084K(9920K), 0.0030320 secs] [Times: user=0.01 sys=0.00, real=0.01 secs] 
172.892: [CMS-concurrent-mark-start]
172.892: [GC (Allocation Failure) 172.892: [ParNew (promotion failed): 2751K->3022K(3072K), 0.0150471 secs]172.907: [CMS172.910: [CMS-concurrent-mark: 0.003/0.019 secs] [Times: user=0.12 sys=0.00, real=0.02 secs] 
 (concurrent mode failure): 6334K->6332K(6848K), 0.0199428 secs] 9084K->9084K(9920K), [Metaspace: 3748K->3748K(1056768K)], 0.0350516 secs] [Times: user=0.13 sys=0.00, real=0.03 secs] 
172.928: [GC (Allocation Failure) 172.928: [ParNew (promotion failed): 2751K->3022K(3072K), 0.0186962 secs]172.946: [CMS: 6334K->6332K(6848K), 0.0165235 secs] 9084K->9084K(9920K), [Metaspace: 3748K->3748K(1056768K)], 0.0352885 secs] [Times: user=0.16 sys=0.00, real=0.04 secs] 
172.963: [GC (CMS Initial Mark) [1 CMS-initial-mark: 6332K(6848K)] 9084K(9920K), 0.0030303 secs] [Times: user=0.00 sys=0.00, real=0.00 secs] 
172.966: [CMS-concurrent-mark-start]
172.967: [GC (Allocation Failure) 172.967: [ParNew (promotion failed): 2751K->2997K(3072K), 0.0145673 secs]172.981: [CMS172.984: [CMS-concurrent-mark: 0.003/0.018 secs] [Times: user=0.12 sys=0.01, real=0.02 secs] 
 (concurrent mode failure): 6334K->6332K(6848K), 0.0197147 secs] 9084K->9084K(9920K), [Metaspace: 3748K->3748K(1056768K)], 0.0343492 secs] [Times: user=0.13 sys=0.01, real=0.04 secs] 
173.001: [GC (Allocation Failure) 173.001: [ParNew (promotion failed): 2751K->3022K(3072K), 0.0249757 secs]173.026: [CMS: 6334K->6332K(6848K), 0.0164287 secs] 9084K->9084K(9920K), [Metaspace: 3748K->3748K(1056768K)], 0.0414611 secs] [Times: user=0.20 sys=0.00, real=0.04 secs] 
173.043: [GC (CMS Initial Mark) [1 CMS-initial-mark: 6332K(6848K)] 9084K(9920K), 0.0030636 secs] [Times: user=0.00 sys=0.00, real=0.00 secs] 
173.046: [CMS-concurrent-mark-start]
173.046: [GC (Allocation Failure) 173.046: [ParNew (promotion failed): 2751K->3022K(3072K), 0.0141986 secs]173.060: [CMS173.064: [CMS-concurrent-mark: 0.003/0.018 secs] [Times: user=0.11 sys=0.00, real=0.02 secs] 
 (concurrent mode failure): 6334K->6332K(6848K), 0.0199532 secs] 9084K->9084K(9920K), [Metaspace: 3748K->3748K(1056768K)], 0.0342085 secs] [Times: user=0.13 sys=0.00, real=0.04 secs] 
173.081: [GC (Allocation Failure) 173.081: [ParNew (promotion failed): 2751K->3022K(3072K), 0.0165793 secs]173.097: [CMS: 6334K->6332K(6848K), 0.0168192 secs] 9084K->9084K(9920K), [Metaspace: 3748K->3748K(1056768K)], 0.0334683 secs] [Times: user=0.13 sys=0.00, real=0.03 secs] 
173.115: [GC (CMS Initial Mark) [1 CMS-initial-mark: 6332K(6848K)] 9084K(9920K), 0.0030706 secs] [Times: user=0.00 sys=0.00, real=0.00 secs] 
173.118: [CMS-concurrent-mark-start]
173.118: [GC (Allocation Failure) 173.118: [ParNew (promotion failed): 2751K->3022K(3072K), 0.0156625 secs]173.133: [CMS173.137: [CMS-concurrent-mark: 0.004/0.019 secs] [Times: user=0.12 sys=0.00, real=0.02 secs] 
 (concurrent mode failure): 6334K->6332K(6848K), 0.0203566 secs] 9084K->9084K(9920K), [Metaspace: 3748K->3748K(1056768K)], 0.0360810 secs] [Times: user=0.13 sys=0.00, real=0.04 secs] 
173.155: [GC (Allocation Failure) 173.155: [ParNew (promotion failed): 2751K->2997K(3072K), 0.0154211 secs]173.170: [CMS: 6335K->6332K(6848K), 0.0171511 secs] 9084K->9084K(9920K), [Metaspace: 3748K->3748K(1056768K)], 0.0327959 secs] [Times: user=0.11 sys=0.00, real=0.03 secs] 
173.188: [GC (CMS Initial Mark) [1 CMS-initial-mark: 6332K(6848K)] 9084K(9920K), 0.0030340 secs] [Times: user=0.00 sys=0.00, real=0.01 secs] 
173.191: [CMS-concurrent-mark-start]
173.191: [GC (Allocation Failure) 173.191: [ParNew (promotion failed): 2751K->2997K(3072K), 0.0186851 secs]173.210: [CMS173.213: [CMS-concurrent-mark: 0.003/0.022 secs] [Times: user=0.12 sys=0.00, real=0.02 secs] 
 (concurrent mode failure): 6335K->6332K(6848K), 0.0198066 secs] 9084K->9084K(9920K), [Metaspace: 3748K->3748K(1056768K)], 0.0385621 secs] [Times: user=0.14 sys=0.00, real=0.04 secs] 
173.231: [GC (Allocation Failure) 173.231: [ParNew (promotion failed): 2751K->3022K(3072K), 0.0157373 secs]173.246: [CMS: 6334K->6332K(6848K), 0.0169908 secs] 9084K->9084K(9920K), [Metaspace: 3748K->3748K(1056768K)], 0.0328007 secs] [Times: user=0.12 sys=0.00, real=0.03 secs] 
173.264: [GC (CMS Initial Mark) [1 CMS-initial-mark: 6332K(6848K)] 9084K(9920K), 0.0031040 secs] [Times: user=0.01 sys=0.00, real=0.00 secs] 
173.267: [CMS-concurrent-mark-start]
173.267: [GC (Allocation Failure) 173.267: [ParNew (promotion failed): 2751K->3022K(3072K), 0.0155445 secs]173.282: [CMS173.286: [CMS-concurrent-mark: 0.003/0.019 secs] [Times: user=0.12 sys=0.00, real=0.02 secs] 
 (concurrent mode failure): 6334K->6332K(6848K), 0.0200960 secs] 9084K->9084K(9920K), [Metaspace: 3748K->3748K(1056768K)], 0.0357181 secs] [Times: user=0.13 sys=0.00, real=0.04 secs] 
173.303: [GC (Allocation Failure) 173.303: [ParNew (promotion failed): 2751K->2997K(3072K), 0.0163238 secs]173.319: [CMS: 6334K->6332K(6848K), 0.0165786 secs] 9084K->9084K(9920K), [Metaspace: 3748K->3748K(1056768K)], 0.0329738 secs] [Times: user=0.14 sys=0.00, real=0.03 secs] 
173.336: [GC (CMS Initial Mark) [1 CMS-initial-mark: 6332K(6848K)] 9084K(9920K), 0.0030462 secs] [Times: user=0.00 sys=0.00, real=0.00 secs] 
173.339: [CMS-concurrent-mark-start]
173.340: [GC (Allocation Failure) 173.340: [ParNew (promotion failed): 2751K->3022K(3072K), 0.0227303 secs]173.362: [CMS173.366: [CMS-concurrent-mark: 0.004/0.026 secs] [Times: user=0.17 sys=0.00, real=0.03 secs] 
 (concurrent mode failure): 6334K->6332K(6848K), 0.0200942 secs] 9084K->9084K(9920K), [Metaspace: 3748K->3748K(1056768K)], 0.0428904 secs] [Times: user=0.19 sys=0.00, real=0.05 secs] 
173.383: [GC (Allocation Failure) 173.383: [ParNew (promotion failed): 2751K->3022K(3072K), 0.0173749 secs]173.400: [CMS: 6335K->6332K(6848K), 0.0167197 secs] 9084K->9084K(9920K), [Metaspace: 3748K->3748K(1056768K)], 0.0341580 secs] [Times: user=0.13 sys=0.00, real=0.03 secs] 
173.418: [GC (CMS Initial Mark) [1 CMS-initial-mark: 6332K(6848K)] 9084K(9920K), 0.0030721 secs] [Times: user=0.01 sys=0.00, real=0.01 secs] 
173.421: [CMS-concurrent-mark-start]
173.421: [GC (Allocation Failure) 173.421: [ParNew (promotion failed): 2751K->3022K(3072K), 0.0187735 secs]173.440: [CMS173.443: [CMS-concurrent-mark: 0.004/0.022 secs] [Times: user=0.14 sys=0.00, real=0.02 secs] 
 (concurrent mode failure): 6335K->6332K(6848K), 0.0202513 secs] 9084K->9084K(9920K), [Metaspace: 3748K->3748K(1056768K)], 0.0390956 secs] [Times: user=0.15 sys=0.00, real=0.04 secs] 
173.461: [GC (Allocation Failure) 173.461: [ParNew (promotion failed): 2751K->2997K(3072K), 0.0165235 secs]173.478: [CMS: 6335K->6332K(6848K), 0.0169872 secs] 9084K->9084K(9920K), [Metaspace: 3748K->3748K(1056768K)], 0.0335826 secs] [Times: user=0.14 sys=0.00, real=0.03 secs] 
173.495: [GC (CMS Initial Mark) [1 CMS-initial-mark: 6332K(6848K)] 9084K(9920K), 0.0032271 secs] [Times: user=0.00 sys=0.00, real=0.00 secs] 
173.498: [CMS-concurrent-mark-start]
173.499: [GC (Allocation Failure) 173.499: [ParNew (promotion failed): 2751K->2997K(3072K), 0.0216789 secs]173.520: [CMS173.524: [CMS-concurrent-mark: 0.004/0.025 secs] [Times: user=0.15 sys=0.01, real=0.03 secs] 
 (concurrent mode failure): 6334K->6332K(6848K), 0.0206229 secs] 9084K->9084K(9920K), [Metaspace: 3748K->3748K(1056768K)], 0.0423793 secs] [Times: user=0.17 sys=0.01, real=0.05 secs] 
173.541: [GC (Allocation Failure) 173.541: [ParNew (promotion failed): 2751K->3046K(3072K), 0.0173836 secs]173.559: [CMS: 6334K->6332K(6848K), 0.0167643 secs] 9084K->9084K(9920K), [Metaspace: 3748K->3748K(1056768K)], 0.0342317 secs] [Times: user=0.14 sys=0.00, real=0.03 secs] 
173.576: [GC (CMS Initial Mark) [1 CMS-initial-mark: 6332K(6848K)] 9084K(9920K), 0.0030966 secs] [Times: user=0.00 sys=0.00, real=0.00 secs] 
173.579: [CMS-concurrent-mark-start]
173.579: [GC (Allocation Failure) 173.579: [ParNew (promotion failed): 2751K->2997K(3072K), 0.0149589 secs]173.594: [CMS173.597: [CMS-concurrent-mark: 0.004/0.019 secs] [Times: user=0.11 sys=0.00, real=0.02 secs] 
 (concurrent mode failure): 6334K->6332K(6848K), 0.0201633 secs] 9084K->9084K(9920K), [Metaspace: 3748K->3748K(1056768K)], 0.0351985 secs] [Times: user=0.13 sys=0.00, real=0.04 secs] 
173.615: [GC (Allocation Failure) 173.615: [ParNew (promotion failed): 2751K->2997K(3072K), 0.0171378 secs]173.632: [CMS: 6335K->6332K(6848K), 0.0170176 secs] 9084K->9084K(9920K), [Metaspace: 3748K->3748K(1056768K)], 0.0342180 secs] [Times: user=0.14 sys=0.00, real=0.03 secs] 
173.649: [GC (CMS Initial Mark) [1 CMS-initial-mark: 6332K(6848K)] 9084K(9920K), 0.0032333 secs] [Times: user=0.00 sys=0.00, real=0.01 secs] 
173.653: [CMS-concurrent-mark-start]
173.653: [GC (Allocation Failure) 173.653: [ParNew (promotion failed): 2751K->2997K(3072K), 0.0181120 secs]173.671: [CMS173.674: [CMS-concurrent-mark: 0.004/0.022 secs] [Times: user=0.14 sys=0.00, real=0.02 secs] 
 (concurrent mode failure): 6335K->6332K(6848K), 0.0204335 secs] 9084K->9084K(9920K), [Metaspace: 3748K->3748K(1056768K)], 0.0386157 secs] [Times: user=0.15 sys=0.00, real=0.04 secs] 
173.692: [GC (Allocation Failure) 173.692: [ParNew (promotion failed): 2751K->3022K(3072K), 0.0185473 secs]173.711: [CMS: 6335K->6332K(6848K), 0.0168345 secs] 9085K->9084K(9920K), [Metaspace: 3748K->3748K(1056768K)], 0.0354600 secs] [Times: user=0.14 sys=0.00, real=0.03 secs] 
173.728: [GC (CMS Initial Mark) [1 CMS-initial-mark: 6333K(6848K)] 9085K(9920K), 0.0031028 secs] [Times: user=0.00 sys=0.00, real=0.01 secs] 
173.731: [CMS-concurrent-mark-start]
173.732: [GC (Allocation Failure) 173.732: [ParNew (promotion failed): 2751K->2997K(3072K), 0.0174164 secs]173.749: [CMS173.752: [CMS-concurrent-mark: 0.003/0.021 secs] [Times: user=0.13 sys=0.00, real=0.02 secs] 
 (concurrent mode failure): 6335K->6332K(6848K), 0.0196505 secs] 9085K->9084K(9920K), [Metaspace: 3748K->3748K(1056768K)], 0.0371428 secs] [Times: user=0.15 sys=0.01, real=0.03 secs] 
173.769: [GC (Allocation Failure) 173.769: [ParNew (promotion failed): 2751K->3022K(3072K), 0.0177500 secs]173.787: [CMS: 6334K->6332K(6848K), 0.0168755 secs] 9084K->9084K(9920K), [Metaspace: 3748K->3748K(1056768K)], 0.0346941 secs] [Times: user=0.15 sys=0.00, real=0.04 secs] 
173.804: [GC (CMS Initial Mark) [1 CMS-initial-mark: 6332K(6848K)] 9084K(9920K), 0.0030619 secs] [Times: user=0.00 sys=0.00, real=0.00 secs] 
173.807: [CMS-concurrent-mark-start]
173.807: [GC (Allocation Failure) 173.807: [ParNew (promotion failed): 2751K->2997K(3072K), 0.0225206 secs]173.830: [CMS173.833: [CMS-concurrent-mark: 0.003/0.026 secs] [Times: user=0.18 sys=0.00, real=0.03 secs] 
 (concurrent mode failure): 6334K->6332K(6848K), 0.0199330 secs] 9084K->9084K(9920K), [Metaspace: 3748K->3748K(1056768K)], 0.0425205 secs] [Times: user=0.19 sys=0.00, real=0.05 secs] 
173.850: [GC (Allocation Failure) 173.850: [ParNew (promotion failed): 2751K->3022K(3072K), 0.0184882 secs]173.869: [CMS: 6334K->6332K(6848K), 0.0164892 secs] 9084K->9084K(9920K), [Metaspace: 3748K->3748K(1056768K)], 0.0350360 secs] [Times: user=0.16 sys=0.00, real=0.03 secs] 
173.886: [GC (CMS Initial Mark) [1 CMS-initial-mark: 6332K(6848K)] 9084K(9920K), 0.0030420 secs] [Times: user=0.00 sys=0.00, real=0.00 secs] 
173.889: [CMS-concurrent-mark-start]
173.889: [GC (Allocation Failure) 173.889: [ParNew (promotion failed): 2751K->2972K(3072K), 0.0227344 secs]173.912: [CMS173.915: [CMS-concurrent-mark: 0.004/0.026 secs] [Times: user=0.18 sys=0.00, real=0.03 secs] 
 (concurrent mode failure): 6335K->6332K(6848K), 0.0199597 secs] 9084K->9084K(9920K), [Metaspace: 3748K->3748K(1056768K)], 0.0427648 secs] [Times: user=0.20 sys=0.00, real=0.05 secs] 
173.932: [GC (Allocation Failure) 173.932: [ParNew (promotion failed): 2751K->3022K(3072K), 0.0146847 secs]173.947: [CMS: 6335K->6332K(6848K), 0.0166524 secs] 9085K->9084K(9920K), [Metaspace: 3748K->3748K(1056768K)], 0.0314045 secs] [Times: user=0.11 sys=0.00, real=0.03 secs] 
173.964: [GC (CMS Initial Mark) [1 CMS-initial-mark: 6333K(6848K)] 9085K(9920K), 0.0030807 secs] [Times: user=0.01 sys=0.00, real=0.00 secs] 
173.967: [CMS-concurrent-mark-start]
173.967: [GC (Allocation Failure) 173.967: [ParNew (promotion failed): 2751K->2997K(3072K), 0.0175430 secs]173.985: [CMS173.989: [CMS-concurrent-mark: 0.003/0.021 secs] [Times: user=0.13 sys=0.00, real=0.02 secs] 
 (concurrent mode failure): 6335K->6332K(6848K), 0.0200537 secs] 9085K->9084K(9920K), [Metaspace: 3748K->3748K(1056768K)], 0.0376683 secs] [Times: user=0.14 sys=0.00, real=0.04 secs] 
174.006: [GC (Allocation Failure) 174.006: [ParNew (promotion failed): 2751K->3022K(3072K), 0.0162160 secs]174.022: [CMS: 6335K->6332K(6848K), 0.0168182 secs] 9085K->9084K(9920K), [Metaspace: 3748K->3748K(1056768K)], 0.0331092 secs] [Times: user=0.14 sys=0.00, real=0.03 secs] 
174.039: [GC (CMS Initial Mark) [1 CMS-initial-mark: 6332K(6848K)] 9084K(9920K), 0.0031190 secs] [Times: user=0.00 sys=0.00, real=0.01 secs] 
174.043: [CMS-concurrent-mark-start]
174.043: [GC (Allocation Failure) 174.043: [ParNew (promotion failed): 2751K->3022K(3072K), 0.0143798 secs]174.057: [CMS174.061: [CMS-concurrent-mark: 0.004/0.018 secs] [Times: user=0.11 sys=0.01, real=0.02 secs] 
 (concurrent mode failure): 6335K->6332K(6848K), 0.0199964 secs] 9084K->9084K(9920K), [Metaspace: 3748K->3748K(1056768K)], 0.0344458 secs] [Times: user=0.12 sys=0.01, real=0.03 secs] 
174.078: [GC (Allocation Failure) 174.078: [ParNew (promotion failed): 2751K->2997K(3072K), 0.0181333 secs]174.096: [CMS: 6334K->6332K(6848K), 0.0166817 secs] 9084K->9084K(9920K), [Metaspace: 3748K->3748K(1056768K)], 0.0348935 secs] [Times: user=0.15 sys=0.00, real=0.04 secs] 
174.113: [GC (CMS Initial Mark) [1 CMS-initial-mark: 6332K(6848K)] 9084K(9920K), 0.0030802 secs] [Times: user=0.00 sys=0.00, real=0.00 secs] 
174.116: [CMS-concurrent-mark-start]
174.116: [GC (Allocation Failure) 174.116: [ParNew (promotion failed): 2751K->2997K(3072K), 0.0223301 secs]174.138: [CMS174.142: [CMS-concurrent-mark: 0.004/0.026 secs] [Times: user=0.17 sys=0.00, real=0.03 secs] 
 (concurrent mode failure): 6335K->6332K(6848K), 0.0206691 secs] 9084K->9084K(9920K), [Metaspace: 3748K->3748K(1056768K)], 0.0430748 secs] [Times: user=0.19 sys=0.00, real=0.04 secs] 
174.160: [GC (Allocation Failure) 174.160: [ParNew (promotion failed): 2751K->3022K(3072K), 0.0157750 secs]174.175: [CMS: 6335K->6333K(6848K), 0.0166145 secs] 9085K->9085K(9920K), [Metaspace: 3748K->3748K(1056768K)], 0.0324598 secs] [Times: user=0.12 sys=0.00, real=0.04 secs] 
174.192: [GC (CMS Initial Mark) [1 CMS-initial-mark: 6333K(6848K)] 9085K(9920K), 0.0030965 secs] [Times: user=0.00 sys=0.00, real=0.00 secs] 
174.196: [CMS-concurrent-mark-start]
174.196: [GC (Allocation Failure) 174.196: [ParNew (promotion failed): 2751K->2997K(3072K), 0.0178759 secs]174.213: [CMS174.217: [CMS-concurrent-mark: 0.004/0.022 secs] [Times: user=0.13 sys=0.00, real=0.02 secs] 
 (concurrent mode failure): 6335K->6333K(6848K), 0.0203873 secs] 9085K->9085K(9920K), [Metaspace: 3748K->3748K(1056768K)], 0.0383266 secs] [Times: user=0.15 sys=0.00, real=0.04 secs] 
174.235: [GC (Allocation Failure) 174.235: [ParNew (promotion failed): 2751K->3022K(3072K), 0.0170589 secs]174.252: [CMS: 6335K->6333K(6848K), 0.0166752 secs] 9085K->9085K(9920K), [Metaspace: 3748K->3748K(1056768K)], 0.0338067 secs] [Times: user=0.14 sys=0.00, real=0.03 secs] 
174.269: [GC (CMS Initial Mark) [1 CMS-initial-mark: 6333K(6848K)] 9085K(9920K), 0.0031120 secs] [Times: user=0.00 sys=0.00, real=0.01 secs] 
174.272: [CMS-concurrent-mark-start]
174.273: [GC (Allocation Failure) 174.273: [ParNew (promotion failed): 2751K->2997K(3072K), 0.0187131 secs]174.291: [CMS174.294: [CMS-concurrent-mark: 0.004/0.022 secs] [Times: user=0.15 sys=0.00, real=0.02 secs] 
 (concurrent mode failure): 6335K->6332K(6848K), 0.0196018 secs] 9085K->9084K(9920K), [Metaspace: 3748K->3748K(1056768K)], 0.0383905 secs] [Times: user=0.15 sys=0.00, real=0.04 secs] 
174.312: [GC (Allocation Failure) 174.312: [ParNew (promotion failed): 2751K->2997K(3072K), 0.0209669 secs]174.333: [CMS: 6335K->6332K(6848K), 0.0166430 secs] 9084K->9084K(9920K), [Metaspace: 3748K->3748K(1056768K)], 0.0376872 secs] [Times: user=0.18 sys=0.01, real=0.03 secs] 
174.350: [GC (CMS Initial Mark) [1 CMS-initial-mark: 6332K(6848K)] 9084K(9920K), 0.0030348 secs] [Times: user=0.00 sys=0.00, real=0.01 secs] 
174.353: [CMS-concurrent-mark-start]
174.353: [GC (Allocation Failure) 174.353: [ParNew (promotion failed): 2751K->2997K(3072K), 0.0146227 secs]174.367: [CMS174.371: [CMS-concurrent-mark: 0.003/0.018 secs] [Times: user=0.12 sys=0.00, real=0.02 secs] 
 (concurrent mode failure): 6335K->6332K(6848K), 0.0200139 secs] 9084K->9084K(9920K), [Metaspace: 3748K->3748K(1056768K)], 0.0346922 secs] [Times: user=0.13 sys=0.00, real=0.03 secs] 
174.388: [GC (Allocation Failure) 174.388: [ParNew (promotion failed): 2751K->2997K(3072K), 0.0163582 secs]174.404: [CMS: 6335K->6332K(6848K), 0.0165232 secs] 9084K->9084K(9920K), [Metaspace: 3748K->3748K(1056768K)], 0.0329511 secs] [Times: user=0.14 sys=0.00, real=0.04 secs] 
174.421: [GC (CMS Initial Mark) [1 CMS-initial-mark: 6333K(6848K)] 9085K(9920K), 0.0030604 secs] [Times: user=0.00 sys=0.00, real=0.00 secs] 
174.424: [CMS-concurrent-mark-start]
174.424: [GC (Allocation Failure) 174.424: [ParNew (promotion failed): 2751K->2997K(3072K), 0.0151091 secs]174.439: [CMS174.443: [CMS-concurrent-mark: 0.003/0.019 secs] [Times: user=0.12 sys=0.00, real=0.02 secs] 
 (concurrent mode failure): 6335K->6333K(6848K), 0.0197811 secs] 9085K->9085K(9920K), [Metaspace: 3748K->3748K(1056768K)], 0.0349523 secs] [Times: user=0.14 sys=0.00, real=0.03 secs] 
174.460: [GC (Allocation Failure) 174.460: [ParNew (promotion failed): 2751K->2997K(3072K), 0.0219417 secs]174.482: [CMS: 6335K->6333K(6848K), 0.0167985 secs] 9085K->9085K(9920K), [Metaspace: 3748K->3748K(1056768K)], 0.0388021 secs] [Times: user=0.18 sys=0.00, real=0.04 secs] 
174.499: [GC (CMS Initial Mark) [1 CMS-initial-mark: 6333K(6848K)] 9085K(9920K), 0.0030430 secs] [Times: user=0.00 sys=0.00, real=0.01 secs] 
174.502: [CMS-concurrent-mark-start]
174.502: [GC (Allocation Failure) 174.502: [ParNew (promotion failed): 2751K->2997K(3072K), 0.0202503 secs]174.523: [CMS174.526: [CMS-concurrent-mark: 0.003/0.024 secs] [Times: user=0.14 sys=0.00, real=0.02 secs] 
 (concurrent mode failure): 6335K->6333K(6848K), 0.0205320 secs] 9085K->9085K(9920K), [Metaspace: 3748K->3748K(1056768K)], 0.0408603 secs] [Times: user=0.15 sys=0.00, real=0.04 secs] 
174.544: [GC (Allocation Failure) 174.544: [ParNew (promotion failed): 2751K->2997K(3072K), 0.0199238 secs]174.564: [CMS: 6335K->6332K(6848K), 0.0171473 secs] 9085K->9084K(9920K), [Metaspace: 3748K->3748K(1056768K)], 0.0371480 secs] [Times: user=0.15 sys=0.00, real=0.04 secs] 
174.582: [GC (CMS Initial Mark) [1 CMS-initial-mark: 6333K(6848K)] 9085K(9920K), 0.0030607 secs] [Times: user=0.00 sys=0.00, real=0.00 secs] 
174.585: [CMS-concurrent-mark-start]
174.585: [GC (Allocation Failure) 174.585: [ParNew (promotion failed): 2751K->2997K(3072K), 0.0184660 secs]174.604: [CMS174.607: [CMS-concurrent-mark: 0.004/0.022 secs] [Times: user=0.14 sys=0.00, real=0.02 secs] 
 (concurrent mode failure): 6335K->6332K(6848K), 0.0198632 secs] 9085K->9084K(9920K), [Metaspace: 3748K->3748K(1056768K)], 0.0384045 secs] [Times: user=0.16 sys=0.00, real=0.04 secs] 
174.624: [GC (Allocation Failure) 174.624: [ParNew (promotion failed): 2751K->3022K(3072K), 0.0150230 secs]174.639: [CMS: 6335K->6332K(6848K), 0.0164657 secs] 9084K->9084K(9920K), [Metaspace: 3748K->3748K(1056768K)], 0.0315562 secs] [Times: user=0.12 sys=0.01, real=0.03 secs] 
174.656: [GC (CMS Initial Mark) [1 CMS-initial-mark: 6333K(6848K)] 9085K(9920K), 0.0030338 secs] [Times: user=0.00 sys=0.00, real=0.00 secs] 
174.659: [CMS-concurrent-mark-start]
174.659: [GC (Allocation Failure) 174.659: [ParNew (promotion failed): 2751K->3022K(3072K), 0.0166940 secs]174.675: [CMS174.679: [CMS-concurrent-mark: 0.003/0.020 secs] [Times: user=0.13 sys=0.00, real=0.02 secs] 
 (concurrent mode failure): 6335K->6333K(6848K), 0.0199925 secs] 9085K->9085K(9920K), [Metaspace: 3748K->3748K(1056768K)], 0.0367452 secs] [Times: user=0.15 sys=0.00, real=0.04 secs] 
174.696: [GC (Allocation Failure) 174.696: [ParNew (promotion failed): 2751K->2997K(3072K), 0.0212784 secs]174.717: [CMS: 6335K->6333K(6848K), 0.0164889 secs] 9085K->9085K(9920K), [Metaspace: 3748K->3748K(1056768K)], 0.0378337 secs] [Times: user=0.17 sys=0.00, real=0.04 secs] 
174.734: [GC (CMS Initial Mark) [1 CMS-initial-mark: 6333K(6848K)] 9085K(9920K), 0.0030299 secs] [Times: user=0.00 sys=0.00, real=0.00 secs] 
174.737: [CMS-concurrent-mark-start]
174.737: [GC (Allocation Failure) 174.737: [ParNew (promotion failed): 2751K->3022K(3072K), 0.0144682 secs]174.752: [CMS174.755: [CMS-concurrent-mark: 0.004/0.018 secs] [Times: user=0.12 sys=0.00, real=0.02 secs] 
 (concurrent mode failure): 6335K->6333K(6848K), 0.0202558 secs] 9085K->9085K(9920K), [Metaspace: 3748K->3748K(1056768K)], 0.0347913 secs] [Times: user=0.13 sys=0.00, real=0.04 secs] 
174.773: [GC (Allocation Failure) 174.773: [ParNew (promotion failed): 2751K->2997K(3072K), 0.0182286 secs]174.791: [CMS: 6335K->6333K(6848K), 0.0165292 secs] 9085K->9085K(9920K), [Metaspace: 3748K->3748K(1056768K)], 0.0348238 secs] [Times: user=0.16 sys=0.00, real=0.03 secs] 
174.808: [GC (CMS Initial Mark) [1 CMS-initial-mark: 6333K(6848K)] 9085K(9920K), 0.0030568 secs] [Times: user=0.00 sys=0.00, real=0.01 secs] 
174.811: [CMS-concurrent-mark-start]
174.812: [GC (Allocation Failure) 174.812: [ParNew (promotion failed): 2751K->2997K(3072K), 0.0145018 secs]174.826: [CMS174.829: [CMS-concurrent-mark: 0.004/0.018 secs] [Times: user=0.11 sys=0.00, real=0.01 secs] 
 (concurrent mode failure): 6335K->6332K(6848K), 0.0199377 secs] 9085K->9084K(9920K), [Metaspace: 3748K->3748K(1056768K)], 0.0345084 secs] [Times: user=0.12 sys=0.00, real=0.03 secs] 
174.847: [GC (Allocation Failure) 174.847: [ParNew (promotion failed): 2751K->2997K(3072K), 0.0154224 secs]174.862: [CMS: 6335K->6332K(6848K), 0.0167218 secs] 9085K->9084K(9920K), [Metaspace: 3748K->3748K(1056768K)], 0.0322231 secs] [Times: user=0.12 sys=0.00, real=0.03 secs] 
174.879: [GC (CMS Initial Mark) [1 CMS-initial-mark: 6333K(6848K)] 9085K(9920K), 0.0030444 secs] [Times: user=0.01 sys=0.00, real=0.01 secs] 
174.882: [CMS-concurrent-mark-start]
174.883: [GC (Allocation Failure) 174.883: [ParNew (promotion failed): 2751K->3046K(3072K), 0.0232831 secs]174.906: [CMS174.909: [CMS-concurrent-mark: 0.003/0.027 secs] [Times: user=0.18 sys=0.00, real=0.02 secs] 
 (concurrent mode failure): 6335K->6333K(6848K), 0.0199124 secs] 9085K->9085K(9920K), [Metaspace: 3748K->3748K(1056768K)], 0.0432587 secs] [Times: user=0.20 sys=0.00, real=0.04 secs] 
174.926: [GC (Allocation Failure) 174.926: [ParNew (promotion failed): 2751K->3046K(3072K), 0.0164622 secs]174.942: [CMS: 6335K->6333K(6848K), 0.0166233 secs] 9085K->9085K(9920K), [Metaspace: 3748K->3748K(1056768K)], 0.0331579 secs] [Times: user=0.13 sys=0.00, real=0.03 secs] 
174.960: [GC (CMS Initial Mark) [1 CMS-initial-mark: 6333K(6848K)] 9085K(9920K), 0.0031230 secs] [Times: user=0.01 sys=0.00, real=0.01 secs] 
174.963: [CMS-concurrent-mark-start]
174.963: [GC (Allocation Failure) 174.963: [ParNew (promotion failed): 2751K->3022K(3072K), 0.0157603 secs]174.979: [CMS174.982: [CMS-concurrent-mark: 0.004/0.019 secs] [Times: user=0.12 sys=0.00, real=0.02 secs] 
 (concurrent mode failure): 6335K->6333K(6848K), 0.0199564 secs] 9085K->9085K(9920K), [Metaspace: 3748K->3748K(1056768K)], 0.0357787 secs] [Times: user=0.14 sys=0.00, real=0.03 secs] 
174.999: [GC (Allocation Failure) 174.999: [ParNew (promotion failed): 2751K->3022K(3072K), 0.0151936 secs]175.015: [CMS: 6335K->6333K(6848K), 0.0167030 secs] 9085K->9085K(9920K), [Metaspace: 3748K->3748K(1056768K)], 0.0319631 secs] [Times: user=0.12 sys=0.00, real=0.04 secs] 
175.032: [GC (CMS Initial Mark) [1 CMS-initial-mark: 6333K(6848K)] 9085K(9920K), 0.0030708 secs] [Times: user=0.01 sys=0.00, real=0.00 secs] 
175.035: [CMS-concurrent-mark-start]
175.035: [GC (Allocation Failure) 175.035: [ParNew (promotion failed): 2751K->2997K(3072K), 0.0142660 secs]175.050: [CMS175.053: [CMS-concurrent-mark: 0.003/0.018 secs] [Times: user=0.10 sys=0.00, real=0.02 secs] 
 (concurrent mode failure): 6335K->6333K(6848K), 0.0202098 secs] 9085K->9085K(9920K), [Metaspace: 3748K->3748K(1056768K)], 0.0345430 secs] [Times: user=0.12 sys=0.00, real=0.03 secs] 
175.071: [GC (Allocation Failure) 175.071: [ParNew (promotion failed): 2751K->2997K(3072K), 0.0153370 secs]175.086: [CMS: 6335K->6333K(6848K), 0.0168690 secs] 9085K->9085K(9920K), [Metaspace: 3748K->3748K(1056768K)], 0.0322744 secs] [Times: user=0.13 sys=0.00, real=0.03 secs] 
175.103: [GC (CMS Initial Mark) [1 CMS-initial-mark: 6333K(6848K)] 9085K(9920K), 0.0030767 secs] [Times: user=0.00 sys=0.00, real=0.00 secs] 
175.106: [CMS-concurrent-mark-start]
175.107: [GC (Allocation Failure) 175.107: [ParNew (promotion failed): 2751K->3022K(3072K), 0.0215936 secs]175.128: [CMS175.132: [CMS-concurrent-mark: 0.003/0.025 secs] [Times: user=0.16 sys=0.00, real=0.03 secs] 
 (concurrent mode failure): 6335K->6333K(6848K), 0.0196820 secs] 9085K->9085K(9920K), [Metaspace: 3748K->3748K(1056768K)], 0.0413411 secs] [Times: user=0.18 sys=0.00, real=0.04 secs] 
175.148: [GC (Allocation Failure) 175.148: [ParNew (promotion failed): 2751K->2997K(3072K), 0.0198626 secs]175.168: [CMS: 6335K->6333K(6848K), 0.0166159 secs] 9085K->9085K(9920K), [Metaspace: 3748K->3748K(1056768K)], 0.0365468 secs] [Times: user=0.16 sys=0.00, real=0.04 secs] 
175.185: [GC (CMS Initial Mark) [1 CMS-initial-mark: 6333K(6848K)] 9085K(9920K), 0.0031371 secs] [Times: user=0.00 sys=0.00, real=0.00 secs] 
175.188: [CMS-concurrent-mark-start]
175.188: [GC (Allocation Failure) 175.188: [ParNew (promotion failed): 2751K->2997K(3072K), 0.0165216 secs]175.205: [CMS175.208: [CMS-concurrent-mark: 0.003/0.020 secs] [Times: user=0.12 sys=0.00, real=0.02 secs] 
 (concurrent mode failure): 6335K->6333K(6848K), 0.0201251 secs] 9085K->9085K(9920K), [Metaspace: 3748K->3748K(1056768K)], 0.0367063 secs] [Times: user=0.14 sys=0.01, real=0.04 secs] 
175.226: [GC (Allocation Failure) 175.226: [ParNew (promotion failed): 2751K->2997K(3072K), 0.0184181 secs]175.244: [CMS: 6335K->6333K(6848K), 0.0168587 secs] 9085K->9085K(9920K), [Metaspace: 3748K->3748K(1056768K)], 0.0353415 secs] [Times: user=0.14 sys=0.00, real=0.04 secs] 
175.261: [GC (CMS Initial Mark) [1 CMS-initial-mark: 6333K(6848K)] 9085K(9920K), 0.0030943 secs] [Times: user=0.00 sys=0.00, real=0.00 secs] 
175.264: [CMS-concurrent-mark-start]
175.265: [GC (Allocation Failure) 175.265: [ParNew (promotion failed): 2751K->2972K(3072K), 0.0207879 secs]175.285: [CMS175.289: [CMS-concurrent-mark: 0.004/0.024 secs] [Times: user=0.15 sys=0.00, real=0.02 secs] 
 (concurrent mode failure): 6335K->6333K(6848K), 0.0207900 secs] 9085K->9085K(9920K), [Metaspace: 3748K->3748K(1056768K)], 0.0416556 secs] [Times: user=0.17 sys=0.00, real=0.04 secs] 
175.307: [GC (Allocation Failure) 175.307: [ParNew (promotion failed): 2751K->2997K(3072K), 0.0178927 secs]175.325: [CMS: 6335K->6333K(6848K), 0.0172122 secs] 9085K->9085K(9920K), [Metaspace: 3748K->3748K(1056768K)], 0.0351880 secs] [Times: user=0.13 sys=0.00, real=0.04 secs] 
175.343: [GC (CMS Initial Mark) [1 CMS-initial-mark: 6333K(6848K)] 9085K(9920K), 0.0031754 secs] [Times: user=0.00 sys=0.00, real=0.00 secs] 
175.346: [CMS-concurrent-mark-start]
175.346: [GC (Allocation Failure) 175.346: [ParNew (promotion failed): 2751K->2997K(3072K), 0.0220320 secs]175.368: [CMS175.372: [CMS-concurrent-mark: 0.004/0.026 secs] [Times: user=0.17 sys=0.00, real=0.03 secs] 
 (concurrent mode failure): 6335K->6333K(6848K), 0.0197993 secs] 9085K->9085K(9920K), [Metaspace: 3748K->3748K(1056768K)], 0.0419019 secs] [Times: user=0.18 sys=0.00, real=0.04 secs] 
175.389: [GC (Allocation Failure) 175.389: [ParNew (promotion failed): 2751K->3071K(3072K), 0.0217485 secs]175.411: [CMS: 6335K->6333K(6848K), 0.0166456 secs] 9085K->9085K(9920K), [Metaspace: 3748K->3748K(1056768K)], 0.0384589 secs] [Times: user=0.18 sys=0.00, real=0.04 secs] 
175.428: [GC (CMS Initial Mark) [1 CMS-initial-mark: 6333K(6848K)] 9085K(9920K), 0.0030498 secs] [Times: user=0.00 sys=0.00, real=0.01 secs] 
175.431: [CMS-concurrent-mark-start]
175.431: [GC (Allocation Failure) 175.431: [ParNew (promotion failed): 2751K->2967K(3072K), 0.0160092 secs]175.447: [CMS175.450: [CMS-concurrent-mark: 0.004/0.020 secs] [Times: user=0.13 sys=0.00, real=0.02 secs] 
 (concurrent mode failure): 6335K->6333K(6848K), 0.0200942 secs] 9085K->9085K(9920K), [Metaspace: 3748K->3748K(1056768K)], 0.0361701 secs] [Times: user=0.14 sys=0.00, real=0.03 secs] 
175.467: [GC (Allocation Failure) 175.467: [ParNew (promotion failed): 2751K->3012K(3072K), 0.0150912 secs]175.482: [CMS: 6335K->6333K(6848K), 0.0165294 secs] 9085K->9085K(9920K), [Metaspace: 3748K->3748K(1056768K)], 0.0316867 secs] [Times: user=0.13 sys=0.01, real=0.03 secs] 
175.499: [GC (CMS Initial Mark) [1 CMS-initial-mark: 6333K(6848K)] 9085K(9920K), 0.0030554 secs] [Times: user=0.01 sys=0.00, real=0.01 secs] 
175.502: [CMS-concurrent-mark-start]
175.503: [GC (Allocation Failure) 175.503: [ParNew (promotion failed): 2751K->3061K(3072K), 0.0154838 secs]175.518: [CMS175.522: [CMS-concurrent-mark: 0.004/0.019 secs] [Times: user=0.10 sys=0.00, real=0.02 secs] 
 (concurrent mode failure): 6335K->6333K(6848K), 0.0201893 secs] 9085K->9085K(9920K), [Metaspace: 3748K->3748K(1056768K)], 0.0357446 secs] [Times: user=0.12 sys=0.00, real=0.03 secs] 
175.539: [GC (Allocation Failure) 175.539: [ParNew (promotion failed): 2751K->3020K(3072K), 0.0216083 secs]175.560: [CMS: 6335K->6333K(6848K), 0.0167935 secs] 9085K->9085K(9920K), [Metaspace: 3748K->3748K(1056768K)], 0.0384786 secs] [Times: user=0.16 sys=0.00, real=0.04 secs] 
175.578: [GC (CMS Initial Mark) [1 CMS-initial-mark: 6333K(6848K)] 9085K(9920K), 0.0030856 secs] [Times: user=0.01 sys=0.00, real=0.01 secs] 
175.581: [CMS-concurrent-mark-start]
175.581: [GC (Allocation Failure) 175.581: [ParNew (promotion failed): 2751K->2997K(3072K), 0.0195148 secs]175.601: [CMS175.604: [CMS-concurrent-mark: 0.003/0.023 secs] [Times: user=0.15 sys=0.00, real=0.02 secs] 
 (concurrent mode failure): 6335K->6333K(6848K), 0.0203213 secs] 9085K->9085K(9920K), [Metaspace: 3748K->3748K(1056768K)], 0.0399101 secs] [Times: user=0.16 sys=0.00, real=0.04 secs] 
175.622: [GC (Allocation Failure) 175.622: [ParNew (promotion failed): 2751K->2997K(3072K), 0.0232565 secs]175.645: [CMS: 6335K->6333K(6848K), 0.0168208 secs] 9085K->9085K(9920K), [Metaspace: 3748K->3748K(1056768K)], 0.0401473 secs] [Times: user=0.19 sys=0.00, real=0.04 secs] 
175.663: [GC (CMS Initial Mark) [1 CMS-initial-mark: 6333K(6848K)] 9085K(9920K), 0.0030895 secs] [Times: user=0.00 sys=0.00, real=0.00 secs] 
175.666: [CMS-concurrent-mark-start]
175.666: [GC (Allocation Failure) 175.666: [ParNew (promotion failed): 2751K->2997K(3072K), 0.0178695 secs]175.684: [CMS175.687: [CMS-concurrent-mark: 0.004/0.021 secs] [Times: user=0.12 sys=0.00, real=0.02 secs] 
 (concurrent mode failure): 6335K->6333K(6848K), 0.0201478 secs] 9085K->9085K(9920K), [Metaspace: 3748K->3748K(1056768K)], 0.0380902 secs] [Times: user=0.14 sys=0.00, real=0.04 secs] 
175.704: [GC (Allocation Failure) 175.705: [ParNew (promotion failed): 2751K->2997K(3072K), 0.0223797 secs]175.727: [CMS: 6335K->6333K(6848K), 0.0166482 secs] 9085K->9085K(9920K), [Metaspace: 3748K->3748K(1056768K)], 0.0391141 secs] [Times: user=0.18 sys=0.00, real=0.04 secs] 
175.744: [GC (CMS Initial Mark) [1 CMS-initial-mark: 6333K(6848K)] 9085K(9920K), 0.0030931 secs] [Times: user=0.00 sys=0.01, real=0.00 secs] 
175.747: [CMS-concurrent-mark-start]
175.747: [GC (Allocation Failure) 175.747: [ParNew (promotion failed): 2751K->2997K(3072K), 0.0156654 secs]175.763: [CMS175.766: [CMS-concurrent-mark: 0.003/0.019 secs] [Times: user=0.12 sys=0.00, real=0.02 secs] 
 (concurrent mode failure): 6335K->6333K(6848K), 0.0201055 secs] 9085K->9085K(9920K), [Metaspace: 3748K->3748K(1056768K)], 0.0358393 secs] [Times: user=0.14 sys=0.00, real=0.04 secs] 
175.783: [GC (Allocation Failure) 175.783: [ParNew (promotion failed): 2751K->2997K(3072K), 0.0229805 secs]175.806: [CMS: 6335K->6333K(6848K), 0.0167595 secs] 9085K->9085K(9920K), [Metaspace: 3748K->3748K(1056768K)], 0.0398111 secs] [Times: user=0.18 sys=0.00, real=0.04 secs] 
175.824: [GC (CMS Initial Mark) [1 CMS-initial-mark: 6333K(6848K)] 9085K(9920K), 0.0031825 secs] [Times: user=0.00 sys=0.00, real=0.00 secs] 
175.827: [CMS-concurrent-mark-start]
175.827: [GC (Allocation Failure) 175.827: [ParNew (promotion failed): 2751K->2997K(3072K), 0.0221685 secs]175.849: [CMS175.853: [CMS-concurrent-mark: 0.004/0.026 secs] [Times: user=0.17 sys=0.00, real=0.03 secs] 
 (concurrent mode failure): 6335K->6333K(6848K), 0.0202770 secs] 9085K->9085K(9920K), [Metaspace: 3748K->3748K(1056768K)], 0.0425241 secs] [Times: user=0.19 sys=0.00, real=0.04 secs] 
175.870: [GC (Allocation Failure) 175.870: [ParNew (promotion failed): 2751K->2997K(3072K), 0.0175501 secs]175.888: [CMS: 6335K->6333K(6848K), 0.0167202 secs] 9085K->9085K(9920K), [Metaspace: 3748K->3748K(1056768K)], 0.0343361 secs] [Times: user=0.14 sys=0.00, real=0.03 secs] 
175.905: [GC (CMS Initial Mark) [1 CMS-initial-mark: 6333K(6848K)] 9085K(9920K), 0.0031003 secs] [Times: user=0.00 sys=0.00, real=0.00 secs] 
175.908: [CMS-concurrent-mark-start]
175.909: [GC (Allocation Failure) 175.909: [ParNew (promotion failed): 2751K->3022K(3072K), 0.0183508 secs]175.927: [CMS175.930: [CMS-concurrent-mark: 0.004/0.022 secs] [Times: user=0.15 sys=0.00, real=0.03 secs] 
 (concurrent mode failure): 6335K->6333K(6848K), 0.0201075 secs] 9085K->9085K(9920K), [Metaspace: 3748K->3748K(1056768K)], 0.0385292 secs] [Times: user=0.15 sys=0.00, real=0.04 secs] 
175.948: [GC (Allocation Failure) 175.948: [ParNew (promotion failed): 2751K->3022K(3072K), 0.0139968 secs]175.962: [CMS: 6335K->6333K(6848K), 0.0172409 secs] 9085K->9085K(9920K), [Metaspace: 3748K->3748K(1056768K)], 0.0313163 secs] [Times: user=0.11 sys=0.00, real=0.03 secs] 
175.979: [GC (CMS Initial Mark) [1 CMS-initial-mark: 6333K(6848K)] 9085K(9920K), 0.0031464 secs] [Times: user=0.00 sys=0.00, real=0.01 secs] 
175.983: [CMS-concurrent-mark-start]
175.983: [GC (Allocation Failure) 175.983: [ParNew (promotion failed): 2751K->3022K(3072K), 0.0171115 secs]176.000: [CMS176.004: [CMS-concurrent-mark: 0.004/0.021 secs] [Times: user=0.10 sys=0.01, real=0.02 secs] 
 (concurrent mode failure): 6335K->6333K(6848K), 0.0228180 secs] 9085K->9085K(9920K), [Metaspace: 3748K->3748K(1056768K)], 0.0400251 secs] [Times: user=0.12 sys=0.01, real=0.04 secs] 
176.023: [GC (Allocation Failure) 176.023: [ParNew (promotion failed): 2751K->3022K(3072K), 0.0185266 secs]176.042: [CMS: 6335K->6333K(6848K), 0.0170901 secs] 9085K->9085K(9920K), [Metaspace: 3748K->3748K(1056768K)], 0.0357062 secs] [Times: user=0.13 sys=0.00, real=0.03 secs] 
176.059: [GC (CMS Initial Mark) [1 CMS-initial-mark: 6333K(6848K)] 9085K(9920K), 0.0030762 secs] [Times: user=0.00 sys=0.00, real=0.01 secs] 
176.062: [CMS-concurrent-mark-start]
176.062: [GC (Allocation Failure) 176.062: [ParNew (promotion failed): 2751K->2972K(3072K), 0.0187079 secs]176.081: [CMS176.085: [CMS-concurrent-mark: 0.004/0.023 secs] [Times: user=0.13 sys=0.00, real=0.02 secs] 
 (concurrent mode failure): 6335K->6333K(6848K), 0.0209666 secs] 9085K->9085K(9920K), [Metaspace: 3748K->3748K(1056768K)], 0.0397805 secs] [Times: user=0.15 sys=0.00, real=0.04 secs] 
176.103: [GC (Allocation Failure) 176.103: [ParNew (promotion failed): 2751K->2997K(3072K), 0.0199504 secs]176.123: [CMS: 6335K->6333K(6848K), 0.0169079 secs] 9085K->9085K(9920K), [Metaspace: 3748K->3748K(1056768K)], 0.0369322 secs] [Times: user=0.15 sys=0.00, real=0.03 secs] 
176.140: [GC (CMS Initial Mark) [1 CMS-initial-mark: 6333K(6848K)] 9085K(9920K), 0.0030680 secs] [Times: user=0.01 sys=0.00, real=0.00 secs] 
176.143: [CMS-concurrent-mark-start]
176.144: [GC (Allocation Failure) 176.144: [ParNew (promotion failed): 2751K->3022K(3072K), 0.0148978 secs]176.158: [CMS176.162: [CMS-concurrent-mark: 0.004/0.019 secs] [Times: user=0.10 sys=0.00, real=0.02 secs] 
 (concurrent mode failure): 6335K->6333K(6848K), 0.0203901 secs] 9085K->9085K(9920K), [Metaspace: 3748K->3748K(1056768K)], 0.0353711 secs] [Times: user=0.12 sys=0.00, real=0.03 secs] 
176.180: [GC (Allocation Failure) 176.180: [ParNew (promotion failed): 2751K->3022K(3072K), 0.0157338 secs]176.195: [CMS: 6335K->6333K(6848K), 0.0167394 secs] 9085K->9085K(9920K), [Metaspace: 3748K->3748K(1056768K)], 0.0325528 secs] [Times: user=0.13 sys=0.00, real=0.04 secs] 
176.213: [GC (CMS Initial Mark) [1 CMS-initial-mark: 6333K(6848K)] 9085K(9920K), 0.0031053 secs] [Times: user=0.00 sys=0.01, real=0.00 secs] 
176.216: [CMS-concurrent-mark-start]
176.216: [GC (Allocation Failure) 176.216: [ParNew (promotion failed): 2751K->2997K(3072K), 0.0203379 secs]176.237: [CMS176.240: [CMS-concurrent-mark: 0.004/0.024 secs] [Times: user=0.15 sys=0.00, real=0.02 secs] 
 (concurrent mode failure): 6335K->6333K(6848K), 0.0200150 secs] 9085K->9085K(9920K), [Metaspace: 3748K->3748K(1056768K)], 0.0404259 secs] [Times: user=0.17 sys=0.00, real=0.04 secs] 
176.257: [GC (Allocation Failure) 176.257: [ParNew (promotion failed): 2751K->2997K(3072K), 0.0227079 secs]176.280: [CMS: 6335K->6333K(6848K), 0.0167117 secs] 9085K->9085K(9920K), [Metaspace: 3748K->3748K(1056768K)], 0.0394888 secs] [Times: user=0.18 sys=0.00, real=0.04 secs] 
176.297: [GC (CMS Initial Mark) [1 CMS-initial-mark: 6333K(6848K)] 9085K(9920K), 0.0030705 secs] [Times: user=0.00 sys=0.00, real=0.00 secs] 
176.300: [CMS-concurrent-mark-start]
176.300: [GC (Allocation Failure) 176.300: [ParNew (promotion failed): 2751K->2997K(3072K), 0.0146231 secs]176.314: [CMS176.318: [CMS-concurrent-mark: 0.004/0.018 secs] [Times: user=0.11 sys=0.00, real=0.02 secs] 
 (concurrent mode failure): 6335K->6333K(6848K), 0.0201220 secs] 9085K->9085K(9920K), [Metaspace: 3748K->3748K(1056768K)], 0.0348181 secs] [Times: user=0.12 sys=0.00, real=0.04 secs] 
176.335: [GC (Allocation Failure) 176.335: [ParNew (promotion failed): 2751K->3022K(3072K), 0.0144345 secs]176.350: [CMS: 6335K->6333K(6848K), 0.0166385 secs] 9085K->9085K(9920K), [Metaspace: 3748K->3748K(1056768K)], 0.0311493 secs] [Times: user=0.12 sys=0.00, real=0.03 secs] 
176.367: [GC (CMS Initial Mark) [1 CMS-initial-mark: 6333K(6848K)] 9085K(9920K), 0.0030632 secs] [Times: user=0.00 sys=0.00, real=0.00 secs] 
176.370: [CMS-concurrent-mark-start]
176.370: [GC (Allocation Failure) 176.370: [ParNew (promotion failed): 2751K->3022K(3072K), 0.0163988 secs]176.386: [CMS176.390: [CMS-concurrent-mark: 0.004/0.020 secs] [Times: user=0.12 sys=0.00, real=0.02 secs] 
 (concurrent mode failure): 6335K->6333K(6848K), 0.0203537 secs] 9085K->9085K(9920K), [Metaspace: 3748K->3748K(1056768K)], 0.0368190 secs] [Times: user=0.14 sys=0.00, real=0.04 secs] 
176.407: [GC (Allocation Failure) 176.407: [ParNew (promotion failed): 2751K->2997K(3072K), 0.0208849 secs]176.428: [CMS: 6335K->6333K(6848K), 0.0167217 secs] 9085K->9085K(9920K), [Metaspace: 3748K->3748K(1056768K)], 0.0376723 secs] [Times: user=0.15 sys=0.00, real=0.04 secs] 
176.445: [GC (CMS Initial Mark) [1 CMS-initial-mark: 6333K(6848K)] 9085K(9920K), 0.0030505 secs] [Times: user=0.01 sys=0.00, real=0.00 secs] 
176.449: [CMS-concurrent-mark-start]
176.449: [GC (Allocation Failure) 176.449: [ParNew (promotion failed): 2751K->3022K(3072K), 0.0193406 secs]176.468: [CMS176.472: [CMS-concurrent-mark: 0.004/0.023 secs] [Times: user=0.14 sys=0.01, real=0.03 secs] 
 (concurrent mode failure): 6335K->6333K(6848K), 0.0197181 secs] 9085K->9085K(9920K), [Metaspace: 3748K->3748K(1056768K)], 0.0391248 secs] [Times: user=0.16 sys=0.01, real=0.04 secs] 
176.489: [GC (Allocation Failure) 176.489: [ParNew (promotion failed): 2751K->3022K(3072K), 0.0187579 secs]176.508: [CMS: 6335K->6333K(6848K), 0.0169546 secs] 9085K->9085K(9920K), [Metaspace: 3748K->3748K(1056768K)], 0.0357893 secs] [Times: user=0.13 sys=0.00, real=0.04 secs] 
176.525: [GC (CMS Initial Mark) [1 CMS-initial-mark: 6333K(6848K)] 9085K(9920K), 0.0031284 secs] [Times: user=0.01 sys=0.00, real=0.00 secs] 
176.528: [CMS-concurrent-mark-start]
176.528: [GC (Allocation Failure) 176.528: [ParNew (promotion failed): 2751K->2997K(3072K), 0.0196310 secs]176.548: [CMS176.551: [CMS-concurrent-mark: 0.003/0.023 secs] [Times: user=0.14 sys=0.00, real=0.03 secs] 
 (concurrent mode failure): 6335K->6333K(6848K), 0.0203498 secs] 9085K->9085K(9920K), [Metaspace: 3748K->3748K(1056768K)], 0.0400560 secs] [Times: user=0.15 sys=0.00, real=0.04 secs] 
176.568: [GC (Allocation Failure) 176.568: [ParNew (promotion failed): 2751K->3022K(3072K), 0.0179097 secs]176.586: [CMS: 6335K->6333K(6848K), 0.0181695 secs] 9085K->9085K(9920K), [Metaspace: 3748K->3748K(1056768K)], 0.0361671 secs] [Times: user=0.13 sys=0.00, real=0.04 secs] 
176.608: [GC (CMS Initial Mark) [1 CMS-initial-mark: 6333K(6848K)] 9085K(9920K), 0.0031691 secs] [Times: user=0.00 sys=0.00, real=0.01 secs] 
176.611: [CMS-concurrent-mark-start]
176.612: [GC (Allocation Failure) 176.612: [ParNew (promotion failed): 2751K->2972K(3072K), 0.0207343 secs]176.632: [CMS176.636: [CMS-concurrent-mark: 0.004/0.024 secs] [Times: user=0.15 sys=0.00, real=0.02 secs] 
 (concurrent mode failure): 6335K->6333K(6848K), 0.0199892 secs] 9085K->9085K(9920K), [Metaspace: 3748K->3748K(1056768K)], 0.0408178 secs] [Times: user=0.16 sys=0.00, real=0.04 secs] 
176.653: [GC (Allocation Failure) 176.653: [ParNew (promotion failed): 2751K->2997K(3072K), 0.0179758 secs]176.671: [CMS: 6335K->6333K(6848K), 0.0169551 secs] 9085K->9085K(9920K), [Metaspace: 3748K->3748K(1056768K)], 0.0350038 secs] [Times: user=0.13 sys=0.00, real=0.03 secs] 
176.689: [GC (CMS Initial Mark) [1 CMS-initial-mark: 6333K(6848K)] 9085K(9920K), 0.0030880 secs] [Times: user=0.01 sys=0.00, real=0.01 secs] 
176.692: [CMS-concurrent-mark-start]
176.692: [GC (Allocation Failure) 176.692: [ParNew (promotion failed): 2751K->3022K(3072K), 0.0161408 secs]176.708: [CMS176.711: [CMS-concurrent-mark: 0.003/0.020 secs] [Times: user=0.12 sys=0.00, real=0.02 secs] 
 (concurrent mode failure): 6335K->6333K(6848K), 0.0201258 secs] 9085K->9085K(9920K), [Metaspace: 3748K->3748K(1056768K)], 0.0363357 secs] [Times: user=0.14 sys=0.00, real=0.03 secs] 
176.729: [GC (Allocation Failure) 176.729: [ParNew (promotion failed): 2751K->3022K(3072K), 0.0195305 secs]176.748: [CMS: 6335K->6333K(6848K), 0.0167237 secs] 9085K->9085K(9920K), [Metaspace: 3748K->3748K(1056768K)], 0.0363221 secs] [Times: user=0.16 sys=0.01, real=0.04 secs] 
176.766: [GC (CMS Initial Mark) [1 CMS-initial-mark: 6333K(6848K)] 9085K(9920K), 0.0030848 secs] [Times: user=0.00 sys=0.00, real=0.00 secs] 
176.769: [CMS-concurrent-mark-start]
176.769: [GC (Allocation Failure) 176.769: [ParNew (promotion failed): 2751K->2997K(3072K), 0.0247881 secs]176.794: [CMS176.797: [CMS-concurrent-mark: 0.003/0.028 secs] [Times: user=0.20 sys=0.00, real=0.03 secs] 
 (concurrent mode failure): 6335K->6333K(6848K), 0.0198358 secs] 9085K->9085K(9920K), [Metaspace: 3748K->3748K(1056768K)], 0.0446870 secs] [Times: user=0.20 sys=0.00, real=0.05 secs] 
176.814: [GC (Allocation Failure) 176.814: [ParNew (promotion failed): 2751K->2997K(3072K), 0.0167042 secs]176.831: [CMS: 6335K->6333K(6848K), 0.0164970 secs] 9085K->9085K(9920K), [Metaspace: 3748K->3748K(1056768K)], 0.0332654 secs] [Times: user=0.14 sys=0.00, real=0.03 secs] 
176.848: [GC (CMS Initial Mark) [1 CMS-initial-mark: 6333K(6848K)] 9085K(9920K), 0.0030699 secs] [Times: user=0.01 sys=0.00, real=0.01 secs] 
176.851: [CMS-concurrent-mark-start]
176.851: [GC (Allocation Failure) 176.851: [ParNew (promotion failed): 2751K->2997K(3072K), 0.0148757 secs]176.866: [CMS176.869: [CMS-concurrent-mark: 0.004/0.018 secs] [Times: user=0.12 sys=0.00, real=0.01 secs] 
 (concurrent mode failure): 6335K->6333K(6848K), 0.0200734 secs] 9085K->9085K(9920K), [Metaspace: 3748K->3748K(1056768K)], 0.0350190 secs] [Times: user=0.13 sys=0.00, real=0.03 secs] 
176.886: [GC (Allocation Failure) 176.886: [ParNew (promotion failed): 2751K->2972K(3072K), 0.0173172 secs]176.904: [CMS: 6335K->6333K(6848K), 0.0165189 secs] 9085K->9085K(9920K), [Metaspace: 3748K->3748K(1056768K)], 0.0339005 secs] [Times: user=0.15 sys=0.00, real=0.04 secs] 
176.921: [GC (CMS Initial Mark) [1 CMS-initial-mark: 6333K(6848K)] 9085K(9920K), 0.0030424 secs] [Times: user=0.00 sys=0.00, real=0.00 secs] 
176.924: [CMS-concurrent-mark-start]
176.924: [GC (Allocation Failure) 176.924: [ParNew (promotion failed): 2751K->3022K(3072K), 0.0141324 secs]176.938: [CMS176.941: [CMS-concurrent-mark: 0.003/0.018 secs] [Times: user=0.11 sys=0.00, real=0.02 secs] 
 (concurrent mode failure): 6335K->6333K(6848K), 0.0199261 secs] 9085K->9085K(9920K), [Metaspace: 3748K->3748K(1056768K)], 0.0341177 secs] [Times: user=0.13 sys=0.00, real=0.03 secs] 
176.959: [GC (Allocation Failure) 176.959: [ParNew (promotion failed): 2751K->2997K(3072K), 0.0163207 secs]176.975: [CMS: 6335K->6333K(6848K), 0.0164962 secs] 9085K->9085K(9920K), [Metaspace: 3748K->3748K(1056768K)], 0.0328879 secs] [Times: user=0.14 sys=0.00, real=0.04 secs] 
176.992: [GC (CMS Initial Mark) [1 CMS-initial-mark: 6333K(6848K)] 9085K(9920K), 0.0030731 secs] [Times: user=0.00 sys=0.00, real=0.00 secs] 
176.995: [CMS-concurrent-mark-start]
176.996: [GC (Allocation Failure) 176.996: [ParNew (promotion failed): 2751K->3022K(3072K), 0.0149424 secs]177.011: [CMS177.014: [CMS-concurrent-mark: 0.004/0.019 secs] [Times: user=0.12 sys=0.00, real=0.02 secs] 
 (concurrent mode failure): 6335K->6333K(6848K), 0.0195709 secs] 9085K->9085K(9920K), [Metaspace: 3748K->3748K(1056768K)], 0.0345744 secs] [Times: user=0.14 sys=0.00, real=0.04 secs] 
177.031: [GC (Allocation Failure) 177.031: [ParNew (promotion failed): 2751K->2997K(3072K), 0.0162345 secs]177.047: [CMS: 6335K->6333K(6848K), 0.0165880 secs] 9085K->9085K(9920K), [Metaspace: 3748K->3748K(1056768K)], 0.0328897 secs] [Times: user=0.14 sys=0.00, real=0.03 secs] 
177.064: [GC (CMS Initial Mark) [1 CMS-initial-mark: 6333K(6848K)] 9085K(9920K), 0.0030535 secs] [Times: user=0.00 sys=0.00, real=0.00 secs] 
177.067: [CMS-concurrent-mark-start]
177.067: [GC (Allocation Failure) 177.067: [ParNew (promotion failed): 2751K->3022K(3072K), 0.0165438 secs]177.083: [CMS177.087: [CMS-concurrent-mark: 0.003/0.020 secs] [Times: user=0.13 sys=0.00, real=0.02 secs] 
 (concurrent mode failure): 6335K->6333K(6848K), 0.0198611 secs] 9085K->9085K(9920K), [Metaspace: 3748K->3748K(1056768K)], 0.0364710 secs] [Times: user=0.15 sys=0.00, real=0.04 secs] 
177.104: [GC (Allocation Failure) 177.104: [ParNew (promotion failed): 2751K->3022K(3072K), 0.0165939 secs]177.120: [CMS: 6335K->6333K(6848K), 0.0164318 secs] 9085K->9085K(9920K), [Metaspace: 3748K->3748K(1056768K)], 0.0330813 secs] [Times: user=0.14 sys=0.01, real=0.03 secs] 
177.137: [GC (CMS Initial Mark) [1 CMS-initial-mark: 6333K(6848K)] 9085K(9920K), 0.0030997 secs] [Times: user=0.00 sys=0.00, real=0.01 secs] 
177.140: [CMS-concurrent-mark-start]
177.140: [GC (Allocation Failure) 177.141: [ParNew (promotion failed): 2751K->2997K(3072K), 0.0176329 secs]177.158: [CMS177.162: [CMS-concurrent-mark: 0.004/0.021 secs] [Times: user=0.14 sys=0.00, real=0.02 secs] 
 (concurrent mode failure): 6335K->6333K(6848K), 0.0198786 secs] 9085K->9085K(9920K), [Metaspace: 3748K->3748K(1056768K)], 0.0375812 secs] [Times: user=0.16 sys=0.00, real=0.03 secs] 
177.179: [GC (Allocation Failure) 177.179: [ParNew (promotion failed): 2751K->3022K(3072K), 0.0162401 secs]177.195: [CMS: 6335K->6333K(6848K), 0.0165318 secs] 9085K->9085K(9920K), [Metaspace: 3748K->3748K(1056768K)], 0.0328463 secs] [Times: user=0.14 sys=0.00, real=0.04 secs] 
177.212: [GC (CMS Initial Mark) [1 CMS-initial-mark: 6333K(6848K)] 9085K(9920K), 0.0030689 secs] [Times: user=0.00 sys=0.00, real=0.00 secs] 
177.215: [CMS-concurrent-mark-start]
177.215: [GC (Allocation Failure) 177.215: [ParNew (promotion failed): 2751K->3046K(3072K), 0.0144874 secs]177.230: [CMS177.233: [CMS-concurrent-mark: 0.003/0.018 secs] [Times: user=0.12 sys=0.00, real=0.02 secs] 
 (concurrent mode failure): 6335K->6333K(6848K), 0.0199896 secs] 9085K->9085K(9920K), [Metaspace: 3748K->3748K(1056768K)], 0.0345456 secs] [Times: user=0.13 sys=0.00, real=0.03 secs] 
177.251: [GC (Allocation Failure) 177.251: [ParNew (promotion failed): 2751K->2997K(3072K), 0.0217039 secs]177.272: [CMS: 6335K->6333K(6848K), 0.0165207 secs] 9085K->9085K(9920K), [Metaspace: 3748K->3748K(1056768K)], 0.0382905 secs] [Times: user=0.19 sys=0.00, real=0.03 secs] 
177.289: [GC (CMS Initial Mark) [1 CMS-initial-mark: 6333K(6848K)] 9085K(9920K), 0.0030470 secs] [Times: user=0.00 sys=0.00, real=0.01 secs] 
177.292: [CMS-concurrent-mark-start]
177.293: [GC (Allocation Failure) 177.293: [ParNew (promotion failed): 2751K->3022K(3072K), 0.0208294 secs]177.314: [CMS177.317: [CMS-concurrent-mark: 0.003/0.024 secs] [Times: user=0.16 sys=0.00, real=0.02 secs] 
 (concurrent mode failure): 6335K->6333K(6848K), 0.0196849 secs] 9085K->9085K(9920K), [Metaspace: 3748K->3748K(1056768K)], 0.0405766 secs] [Times: user=0.18 sys=0.00, real=0.04 secs] 
177.334: [GC (Allocation Failure) 177.334: [ParNew (promotion failed): 2751K->3022K(3072K), 0.0183718 secs]177.352: [CMS: 6335K->6333K(6848K), 0.0164115 secs] 9085K->9085K(9920K), [Metaspace: 3748K->3748K(1056768K)], 0.0348440 secs] [Times: user=0.15 sys=0.00, real=0.03 secs] 
177.369: [GC (CMS Initial Mark) [1 CMS-initial-mark: 6333K(6848K)] 9085K(9920K), 0.0030257 secs] [Times: user=0.01 sys=0.00, real=0.01 secs] 
177.372: [CMS-concurrent-mark-start]
177.372: [GC (Allocation Failure) 177.372: [ParNew (promotion failed): 2751K->2997K(3072K), 0.0146383 secs]177.387: [CMS177.390: [CMS-concurrent-mark: 0.004/0.018 secs] [Times: user=0.11 sys=0.00, real=0.02 secs] 
 (concurrent mode failure): 6335K->6333K(6848K), 0.0200657 secs] 9085K->9085K(9920K), [Metaspace: 3748K->3748K(1056768K)], 0.0347688 secs] [Times: user=0.13 sys=0.00, real=0.03 secs] 
177.407: [GC (Allocation Failure) 177.407: [ParNew (promotion failed): 2751K->2997K(3072K), 0.0148294 secs]177.422: [CMS: 6335K->6333K(6848K), 0.0165607 secs] 9085K->9085K(9920K), [Metaspace: 3748K->3748K(1056768K)], 0.0314601 secs] [Times: user=0.13 sys=0.00, real=0.03 secs] 
177.439: [GC (CMS Initial Mark) [1 CMS-initial-mark: 6333K(6848K)] 9085K(9920K), 0.0030563 secs] [Times: user=0.00 sys=0.00, real=0.01 secs] 
177.442: [CMS-concurrent-mark-start]
177.442: [GC (Allocation Failure) 177.442: [ParNew (promotion failed): 2751K->3022K(3072K), 0.0227187 secs]177.465: [CMS177.468: [CMS-concurrent-mark: 0.003/0.026 secs] [Times: user=0.18 sys=0.00, real=0.02 secs] 
 (concurrent mode failure): 6335K->6333K(6848K), 0.0200322 secs] 9085K->9085K(9920K), [Metaspace: 3748K->3748K(1056768K)], 0.0428079 secs] [Times: user=0.19 sys=0.00, real=0.04 secs] 
177.486: [GC (Allocation Failure) 177.486: [ParNew (promotion failed): 2751K->2997K(3072K), 0.0189062 secs]177.505: [CMS: 6335K->6333K(6848K), 0.0168870 secs] 9085K->9085K(9920K), [Metaspace: 3748K->3748K(1056768K)], 0.0358588 secs] [Times: user=0.14 sys=0.01, real=0.04 secs] 
177.522: [GC (CMS Initial Mark) [1 CMS-initial-mark: 6333K(6848K)] 9085K(9920K), 0.0030922 secs] [Times: user=0.00 sys=0.00, real=0.00 secs] 
177.526: [CMS-concurrent-mark-start]
177.526: [GC (Allocation Failure) 177.526: [ParNew (promotion failed): 2751K->3022K(3072K), 0.0133935 secs]177.540: [CMS177.543: [CMS-concurrent-mark: 0.004/0.017 secs] [Times: user=0.10 sys=0.00, real=0.02 secs] 
 (concurrent mode failure): 6335K->6333K(6848K), 0.0196487 secs] 9085K->9085K(9920K), [Metaspace: 3748K->3748K(1056768K)], 0.0331103 secs] [Times: user=0.11 sys=0.00, real=0.03 secs] 
177.560: [GC (Allocation Failure) 177.560: [ParNew (promotion failed): 2751K->3022K(3072K), 0.0189940 secs]177.579: [CMS: 6335K->6333K(6848K), 0.0166742 secs] 9085K->9085K(9920K), [Metaspace: 3748K->3748K(1056768K)], 0.0357330 secs] [Times: user=0.15 sys=0.00, real=0.04 secs] 
177.596: [GC (CMS Initial Mark) [1 CMS-initial-mark: 6333K(6848K)] 9085K(9920K), 0.0030767 secs] [Times: user=0.00 sys=0.00, real=0.00 secs] 
177.599: [CMS-concurrent-mark-start]
177.599: [GC (Allocation Failure) 177.599: [ParNew (promotion failed): 2751K->3022K(3072K), 0.0178754 secs]177.617: [CMS177.620: [CMS-concurrent-mark: 0.003/0.021 secs] [Times: user=0.15 sys=0.00, real=0.03 secs] 
 (concurrent mode failure): 6335K->6333K(6848K), 0.0200003 secs] 9085K->9085K(9920K), [Metaspace: 3748K->3748K(1056768K)], 0.0379312 secs] [Times: user=0.16 sys=0.00, real=0.04 secs] 
177.637: [GC (Allocation Failure) 177.637: [ParNew (promotion failed): 2751K->2997K(3072K), 0.0153186 secs]177.653: [CMS: 6335K->6333K(6848K), 0.0165046 secs] 9085K->9085K(9920K), [Metaspace: 3748K->3748K(1056768K)], 0.0318894 secs] [Times: user=0.13 sys=0.00, real=0.03 secs] 
177.670: [GC (CMS Initial Mark) [1 CMS-initial-mark: 6333K(6848K)] 9085K(9920K), 0.0030661 secs] [Times: user=0.01 sys=0.00, real=0.01 secs] 
177.673: [CMS-concurrent-mark-start]
177.673: [GC (Allocation Failure) 177.673: [ParNew (promotion failed): 2751K->2997K(3072K), 0.0180567 secs]177.691: [CMS177.694: [CMS-concurrent-mark: 0.003/0.022 secs] [Times: user=0.14 sys=0.00, real=0.02 secs] 
 (concurrent mode failure): 6335K->6333K(6848K), 0.0198312 secs] 9085K->9085K(9920K), [Metaspace: 3748K->3748K(1056768K)], 0.0379437 secs] [Times: user=0.16 sys=0.00, real=0.04 secs] 
177.711: [GC (Allocation Failure) 177.711: [ParNew (promotion failed): 2751K->3022K(3072K), 0.0218631 secs]177.733: [CMS: 6335K->6333K(6848K), 0.0164408 secs] 9085K->9085K(9920K), [Metaspace: 3748K->3748K(1056768K)], 0.0383603 secs] [Times: user=0.17 sys=0.00, real=0.03 secs] 
177.750: [GC (CMS Initial Mark) [1 CMS-initial-mark: 6333K(6848K)] 9085K(9920K), 0.0030762 secs] [Times: user=0.00 sys=0.00, real=0.00 secs] 
177.753: [CMS-concurrent-mark-start]
177.754: [GC (Allocation Failure) 177.754: [ParNew (promotion failed): 2751K->2997K(3072K), 0.0200760 secs]177.774: [CMS177.777: [CMS-concurrent-mark: 0.003/0.024 secs] [Times: user=0.16 sys=0.00, real=0.02 secs] 
 (concurrent mode failure): 6335K->6333K(6848K), 0.0199034 secs] 9085K->9085K(9920K), [Metaspace: 3748K->3748K(1056768K)], 0.0400344 secs] [Times: user=0.17 sys=0.00, real=0.04 secs] 
177.794: [GC (Allocation Failure) 177.794: [ParNew (promotion failed): 2751K->2997K(3072K), 0.0208174 secs]177.815: [CMS: 6335K->6333K(6848K), 0.0165669 secs] 9085K->9085K(9920K), [Metaspace: 3748K->3748K(1056768K)], 0.0374597 secs] [Times: user=0.18 sys=0.00, real=0.04 secs] 
177.832: [GC (CMS Initial Mark) [1 CMS-initial-mark: 6333K(6848K)] 9085K(9920K), 0.0030513 secs] [Times: user=0.00 sys=0.00, real=0.00 secs] 
177.835: [CMS-concurrent-mark-start]
177.836: [GC (Allocation Failure) 177.836: [ParNew (promotion failed): 2751K->2997K(3072K), 0.0145363 secs]177.850: [CMS177.854: [CMS-concurrent-mark: 0.003/0.018 secs] [Times: user=0.12 sys=0.00, real=0.02 secs] 
 (concurrent mode failure): 6335K->6333K(6848K), 0.0197654 secs] 9085K->9085K(9920K), [Metaspace: 3748K->3748K(1056768K)], 0.0343690 secs] [Times: user=0.13 sys=0.00, real=0.04 secs] 
177.870: [GC (Allocation Failure) 177.870: [ParNew (promotion failed): 2751K->3022K(3072K), 0.0167363 secs]177.887: [CMS: 6335K->6333K(6848K), 0.0164726 secs] 9085K->9085K(9920K), [Metaspace: 3748K->3748K(1056768K)], 0.0332711 secs] [Times: user=0.15 sys=0.01, real=0.03 secs] 
177.904: [GC (CMS Initial Mark) [1 CMS-initial-mark: 6333K(6848K)] 9085K(9920K), 0.0030659 secs] [Times: user=0.00 sys=0.00, real=0.00 secs] 
177.907: [CMS-concurrent-mark-start]
177.907: [GC (Allocation Failure) 177.907: [ParNew (promotion failed): 2751K->2997K(3072K), 0.0119893 secs]177.919: [CMS177.923: [CMS-concurrent-mark: 0.004/0.016 secs] [Times: user=0.06 sys=0.00, real=0.02 secs] 
 (concurrent mode failure): 6335K->6333K(6848K), 0.0201078 secs] 9085K->9085K(9920K), [Metaspace: 3748K->3748K(1056768K)], 0.0321632 secs] [Times: user=0.08 sys=0.00, real=0.03 secs] 
177.940: [GC (Allocation Failure) 177.940: [ParNew (promotion failed): 2751K->2997K(3072K), 0.0230522 secs]177.963: [CMS: 6335K->6333K(6848K), 0.0165260 secs] 9085K->9085K(9920K), [Metaspace: 3748K->3748K(1056768K)], 0.0396544 secs] [Times: user=0.19 sys=0.00, real=0.04 secs] 
177.980: [GC (CMS Initial Mark) [1 CMS-initial-mark: 6333K(6848K)] 9085K(9920K), 0.0030757 secs] [Times: user=0.01 sys=0.00, real=0.01 secs] 
177.983: [CMS-concurrent-mark-start]
177.983: [GC (Allocation Failure) 177.983: [ParNew (promotion failed): 2751K->2997K(3072K), 0.0226003 secs]178.006: [CMS178.009: [CMS-concurrent-mark: 0.003/0.026 secs] [Times: user=0.17 sys=0.00, real=0.02 secs] 
 (concurrent mode failure): 6335K->6333K(6848K), 0.0199575 secs] 9085K->9085K(9920K), [Metaspace: 3748K->3748K(1056768K)], 0.0426088 secs] [Times: user=0.19 sys=0.00, real=0.04 secs] 
178.026: [GC (Allocation Failure) 178.026: [ParNew (promotion failed): 2751K->2997K(3072K), 0.0165048 secs]178.043: [CMS: 6335K->6333K(6848K), 0.0165655 secs] 9085K->9085K(9920K), [Metaspace: 3748K->3748K(1056768K)], 0.0331300 secs] [Times: user=0.13 sys=0.00, real=0.03 secs] 
178.060: [GC (CMS Initial Mark) [1 CMS-initial-mark: 6333K(6848K)] 9085K(9920K), 0.0030689 secs] [Times: user=0.00 sys=0.00, real=0.01 secs] 
178.063: [CMS-concurrent-mark-start]
178.064: [GC (Allocation Failure) 178.064: [ParNew (promotion failed): 2751K->3022K(3072K), 0.0229544 secs]178.086: [CMS178.089: [CMS-concurrent-mark: 0.003/0.027 secs] [Times: user=0.19 sys=0.00, real=0.02 secs] 
 (concurrent mode failure): 6335K->6333K(6848K), 0.0195043 secs] 9085K->9085K(9920K), [Metaspace: 3748K->3748K(1056768K)], 0.0425250 secs] [Times: user=0.19 sys=0.00, real=0.04 secs] 
178.107: [GC (Allocation Failure) 178.107: [ParNew (promotion failed): 2751K->2997K(3072K), 0.0162715 secs]178.123: [CMS: 6335K->6333K(6848K), 0.0165234 secs] 9085K->9085K(9920K), [Metaspace: 3748K->3748K(1056768K)], 0.0328552 secs] [Times: user=0.14 sys=0.00, real=0.03 secs] 
178.140: [GC (CMS Initial Mark) [1 CMS-initial-mark: 6333K(6848K)] 9085K(9920K), 0.0030715 secs] [Times: user=0.00 sys=0.00, real=0.01 secs] 
178.143: [CMS-concurrent-mark-start]
178.143: [GC (Allocation Failure) 178.143: [ParNew (promotion failed): 2751K->2997K(3072K), 0.0184061 secs]178.161: [CMS178.165: [CMS-concurrent-mark: 0.003/0.022 secs] [Times: user=0.15 sys=0.00, real=0.02 secs] 
 (concurrent mode failure): 6335K->6333K(6848K), 0.0199813 secs] 9085K->9085K(9920K), [Metaspace: 3748K->3748K(1056768K)], 0.0384437 secs] [Times: user=0.17 sys=0.00, real=0.04 secs] 
178.181: [GC (Allocation Failure) 178.182: [ParNew (promotion failed): 2751K->3022K(3072K), 0.0212475 secs]178.203: [CMS: 6335K->6333K(6848K), 0.0164800 secs] 9085K->9085K(9920K), [Metaspace: 3748K->3748K(1056768K)], 0.0377967 secs] [Times: user=0.17 sys=0.00, real=0.03 secs] 
178.220: [GC (CMS Initial Mark) [1 CMS-initial-mark: 6333K(6848K)] 9085K(9920K), 0.0030820 secs] [Times: user=0.00 sys=0.00, real=0.01 secs] 
178.223: [CMS-concurrent-mark-start]
178.223: [GC (Allocation Failure) 178.223: [ParNew (promotion failed): 2751K->2997K(3072K), 0.0175149 secs]178.241: [CMS178.244: [CMS-concurrent-mark: 0.003/0.021 secs] [Times: user=0.14 sys=0.01, real=0.02 secs] 
 (concurrent mode failure): 6335K->6333K(6848K), 0.0199841 secs] 9085K->9085K(9920K), [Metaspace: 3748K->3748K(1056768K)], 0.0375531 secs] [Times: user=0.16 sys=0.01, real=0.04 secs] 
178.261: [GC (Allocation Failure) 178.261: [ParNew (promotion failed): 2751K->2972K(3072K), 0.0214220 secs]178.282: [CMS: 6335K->6333K(6848K), 0.0164974 secs] 9085K->9085K(9920K), [Metaspace: 3748K->3748K(1056768K)], 0.0379865 secs] [Times: user=0.17 sys=0.00, real=0.03 secs] 
178.300: [GC (CMS Initial Mark) [1 CMS-initial-mark: 6333K(6848K)] 9085K(9920K), 0.0030731 secs] [Times: user=0.01 sys=0.00, real=0.01 secs] 
178.303: [CMS-concurrent-mark-start]
178.303: [GC (Allocation Failure) 178.303: [ParNew (promotion failed): 2751K->3022K(3072K), 0.0161800 secs]178.319: [CMS178.323: [CMS-concurrent-mark: 0.003/0.020 secs] [Times: user=0.13 sys=0.00, real=0.02 secs] 
 (concurrent mode failure): 6335K->6333K(6848K), 0.0198827 secs] 9085K->9085K(9920K), [Metaspace: 3748K->3748K(1056768K)], 0.0361165 secs] [Times: user=0.14 sys=0.00, real=0.03 secs] 
178.340: [GC (Allocation Failure) 178.340: [ParNew (promotion failed): 2751K->2997K(3072K), 0.0148789 secs]178.355: [CMS: 6335K->6333K(6848K), 0.0167813 secs] 9085K->9085K(9920K), [Metaspace: 3748K->3748K(1056768K)], 0.0317337 secs] [Times: user=0.13 sys=0.00, real=0.04 secs] 
178.372: [GC (CMS Initial Mark) [1 CMS-initial-mark: 6333K(6848K)] 9085K(9920K), 0.0030723 secs] [Times: user=0.01 sys=0.00, real=0.00 secs] 
178.375: [CMS-concurrent-mark-start]
178.375: [GC (Allocation Failure) 178.375: [ParNew (promotion failed): 2751K->3046K(3072K), 0.0157251 secs]178.391: [CMS178.394: [CMS-concurrent-mark: 0.004/0.019 secs] [Times: user=0.12 sys=0.00, real=0.02 secs] 
 (concurrent mode failure): 6335K->6333K(6848K), 0.0198502 secs] 9085K->9085K(9920K), [Metaspace: 3748K->3748K(1056768K)], 0.0356490 secs] [Times: user=0.14 sys=0.00, real=0.04 secs] 
178.411: [GC (Allocation Failure) 178.411: [ParNew (promotion failed): 2751K->3022K(3072K), 0.0228200 secs]178.434: [CMS: 6335K->6333K(6848K), 0.0165124 secs] 9085K->9085K(9920K), [Metaspace: 3748K->3748K(1056768K)], 0.0393934 secs] [Times: user=0.19 sys=0.00, real=0.04 secs] 
178.451: [GC (CMS Initial Mark) [1 CMS-initial-mark: 6333K(6848K)] 9085K(9920K), 0.0030454 secs] [Times: user=0.00 sys=0.00, real=0.00 secs] 
178.454: [CMS-concurrent-mark-start]
178.454: [GC (Allocation Failure) 178.454: [ParNew (promotion failed): 2751K->2997K(3072K), 0.0181880 secs]178.472: [CMS178.476: [CMS-concurrent-mark: 0.003/0.022 secs] [Times: user=0.14 sys=0.00, real=0.02 secs] 
 (concurrent mode failure): 6335K->6333K(6848K), 0.0197872 secs] 9085K->9085K(9920K), [Metaspace: 3748K->3748K(1056768K)], 0.0380328 secs] [Times: user=0.16 sys=0.00, real=0.04 secs] 
178.492: [GC (Allocation Failure) 178.492: [ParNew (promotion failed): 2751K->2997K(3072K), 0.0203398 secs]178.513: [CMS: 6335K->6333K(6848K), 0.0165557 secs] 9085K->9085K(9920K), [Metaspace: 3748K->3748K(1056768K)], 0.0369577 secs] [Times: user=0.15 sys=0.00, real=0.03 secs] 
178.530: [GC (CMS Initial Mark) [1 CMS-initial-mark: 6333K(6848K)] 9085K(9920K), 0.0030750 secs] [Times: user=0.01 sys=0.00, real=0.01 secs] 
178.533: [CMS-concurrent-mark-start]
178.533: [GC (Allocation Failure) 178.533: [ParNew (promotion failed): 2751K->2997K(3072K), 0.0166691 secs]178.550: [CMS178.553: [CMS-concurrent-mark: 0.003/0.020 secs] [Times: user=0.13 sys=0.00, real=0.02 secs] 
 (concurrent mode failure): 6335K->6333K(6848K), 0.0200861 secs] 9085K->9085K(9920K), [Metaspace: 3748K->3748K(1056768K)], 0.0368134 secs] [Times: user=0.15 sys=0.00, real=0.03 secs] 
178.571: [GC (Allocation Failure) 178.571: [ParNew (promotion failed): 2751K->2997K(3072K), 0.0221518 secs]178.593: [CMS: 6335K->6333K(6848K), 0.0165188 secs] 9085K->9085K(9920K), [Metaspace: 3748K->3748K(1056768K)], 0.0387357 secs] [Times: user=0.18 sys=0.00, real=0.03 secs] 
178.610: [GC (CMS Initial Mark) [1 CMS-initial-mark: 6333K(6848K)] 9085K(9920K), 0.0030625 secs] [Times: user=0.01 sys=0.00, real=0.01 secs] 
178.613: [CMS-concurrent-mark-start]
178.613: [GC (Allocation Failure) 178.613: [ParNew (promotion failed): 2751K->2997K(3072K), 0.0154330 secs]178.629: [CMS178.632: [CMS-concurrent-mark: 0.003/0.019 secs] [Times: user=0.12 sys=0.00, real=0.02 secs] 
 (concurrent mode failure): 6335K->6333K(6848K), 0.0194706 secs] 9085K->9085K(9920K), [Metaspace: 3748K->3748K(1056768K)], 0.0349630 secs] [Times: user=0.13 sys=0.00, real=0.03 secs] 
178.649: [GC (Allocation Failure) 178.649: [ParNew (promotion failed): 2751K->3022K(3072K), 0.0151267 secs]178.664: [CMS: 6335K->6333K(6848K), 0.0165550 secs] 9085K->9085K(9920K), [Metaspace: 3748K->3748K(1056768K)], 0.0317355 secs] [Times: user=0.13 sys=0.00, real=0.04 secs] 
178.681: [GC (CMS Initial Mark) [1 CMS-initial-mark: 6333K(6848K)] 9085K(9920K), 0.0030288 secs] [Times: user=0.01 sys=0.00, real=0.00 secs] 
178.684: [CMS-concurrent-mark-start]
178.684: [GC (Allocation Failure) 178.684: [ParNew (promotion failed): 2751K->3022K(3072K), 0.0215234 secs]178.706: [CMS178.709: [CMS-concurrent-mark: 0.004/0.025 secs] [Times: user=0.17 sys=0.00, real=0.02 secs] 
 (concurrent mode failure): 6335K->6333K(6848K), 0.0201617 secs] 9085K->9085K(9920K), [Metaspace: 3748K->3748K(1056768K)], 0.0417438 secs] [Times: user=0.18 sys=0.00, real=0.04 secs] 
178.726: [GC (Allocation Failure) 178.726: [ParNew (promotion failed): 2751K->3022K(3072K), 0.0145894 secs]178.741: [CMS: 6335K->6333K(6848K), 0.0166036 secs] 9085K->9085K(9920K), [Metaspace: 3748K->3748K(1056768K)], 0.0312614 secs] [Times: user=0.12 sys=0.00, real=0.03 secs] 
178.758: [GC (CMS Initial Mark) [1 CMS-initial-mark: 6333K(6848K)] 9085K(9920K), 0.0030702 secs] [Times: user=0.00 sys=0.00, real=0.01 secs] 
178.761: [CMS-concurrent-mark-start]
178.761: [GC (Allocation Failure) 178.761: [ParNew (promotion failed): 2751K->2997K(3072K), 0.0152453 secs]178.776: [CMS178.780: [CMS-concurrent-mark: 0.003/0.019 secs] [Times: user=0.13 sys=0.00, real=0.01 secs] 
 (concurrent mode failure): 6335K->6333K(6848K), 0.0198372 secs] 9085K->9085K(9920K), [Metaspace: 3748K->3748K(1056768K)], 0.0351523 secs] [Times: user=0.14 sys=0.00, real=0.03 secs] 
178.797: [GC (Allocation Failure) 178.797: [ParNew (promotion failed): 2751K->3022K(3072K), 0.0184078 secs]178.815: [CMS: 6335K->6333K(6848K), 0.0166049 secs] 9085K->9085K(9920K), [Metaspace: 3748K->3748K(1056768K)], 0.0350760 secs] [Times: user=0.16 sys=0.00, real=0.04 secs] 
178.832: [GC (CMS Initial Mark) [1 CMS-initial-mark: 6333K(6848K)] 9085K(9920K), 0.0030656 secs] [Times: user=0.00 sys=0.00, real=0.00 secs] 
178.836: [CMS-concurrent-mark-start]
178.836: [GC (Allocation Failure) 178.836: [ParNew (promotion failed): 2751K->2997K(3072K), 0.0163975 secs]178.852: [CMS178.855: [CMS-concurrent-mark: 0.003/0.020 secs] [Times: user=0.13 sys=0.00, real=0.02 secs] 
 (concurrent mode failure): 6335K->6333K(6848K), 0.0198994 secs] 9085K->9085K(9920K), [Metaspace: 3748K->3748K(1056768K)], 0.0363568 secs] [Times: user=0.15 sys=0.00, real=0.04 secs] 
178.873: [GC (Allocation Failure) 178.873: [ParNew (promotion failed): 2751K->2997K(3072K), 0.0222150 secs]178.895: [CMS: 6335K->6333K(6848K), 0.0165126 secs] 9085K->9085K(9920K), [Metaspace: 3748K->3748K(1056768K)], 0.0387910 secs] [Times: user=0.19 sys=0.00, real=0.04 secs] 
178.912: [GC (CMS Initial Mark) [1 CMS-initial-mark: 6333K(6848K)] 9085K(9920K), 0.0030985 secs] [Times: user=0.00 sys=0.00, real=0.00 secs] 
178.915: [CMS-concurrent-mark-start]
178.915: [GC (Allocation Failure) 178.915: [ParNew (promotion failed): 2751K->2997K(3072K), 0.0207765 secs]178.936: [CMS178.939: [CMS-concurrent-mark: 0.003/0.024 secs] [Times: user=0.16 sys=0.00, real=0.02 secs] 
 (concurrent mode failure): 6335K->6333K(6848K), 0.0196785 secs] 9085K->9085K(9920K), [Metaspace: 3748K->3748K(1056768K)], 0.0405186 secs] [Times: user=0.18 sys=0.00, real=0.04 secs] 
178.956: [GC (Allocation Failure) 178.956: [ParNew (promotion failed): 2751K->3022K(3072K), 0.0149675 secs]178.971: [CMS: 6335K->6333K(6848K), 0.0164998 secs] 9085K->9085K(9920K), [Metaspace: 3748K->3748K(1056768K)], 0.0315284 secs] [Times: user=0.13 sys=0.00, real=0.03 secs] 
178.988: [GC (CMS Initial Mark) [1 CMS-initial-mark: 6333K(6848K)] 9085K(9920K), 0.0030670 secs] [Times: user=0.00 sys=0.00, real=0.01 secs] 
178.991: [CMS-concurrent-mark-start]
178.991: [GC (Allocation Failure) 178.991: [ParNew (promotion failed): 2751K->3022K(3072K), 0.0148551 secs]179.006: [CMS179.009: [CMS-concurrent-mark: 0.003/0.018 secs] [Times: user=0.12 sys=0.00, real=0.01 secs] 
 (concurrent mode failure): 6335K->6333K(6848K), 0.0199187 secs] 9085K->9085K(9920K), [Metaspace: 3748K->3748K(1056768K)], 0.0348358 secs] [Times: user=0.14 sys=0.00, real=0.03 secs] 
179.026: [GC (Allocation Failure) 179.026: [ParNew (promotion failed): 2751K->2997K(3072K), 0.0209823 secs]179.047: [CMS: 6335K->6333K(6848K), 0.0165453 secs] 9085K->9085K(9920K), [Metaspace: 3748K->3748K(1056768K)], 0.0375885 secs] [Times: user=0.16 sys=0.01, real=0.04 secs] 
179.064: [GC (CMS Initial Mark) [1 CMS-initial-mark: 6333K(6848K)] 9085K(9920K), 0.0030460 secs] [Times: user=0.00 sys=0.00, real=0.00 secs] 
179.067: [CMS-concurrent-mark-start]
179.067: [GC (Allocation Failure) 179.067: [ParNew (promotion failed): 2751K->2997K(3072K), 0.0153047 secs]179.083: [CMS179.086: [CMS-concurrent-mark: 0.003/0.019 secs] [Times: user=0.12 sys=0.00, real=0.02 secs] 
 (concurrent mode failure): 6335K->6333K(6848K), 0.0200733 secs] 9085K->9085K(9920K), [Metaspace: 3748K->3748K(1056768K)], 0.0354342 secs] [Times: user=0.14 sys=0.00, real=0.04 secs] 
179.104: [GC (Allocation Failure) 179.104: [ParNew (promotion failed): 2751K->3022K(3072K), 0.0165180 secs]179.120: [CMS: 6335K->6333K(6848K), 0.0165368 secs] 9085K->9085K(9920K), [Metaspace: 3748K->3748K(1056768K)], 0.0331181 secs] [Times: user=0.14 sys=0.00, real=0.03 secs] 
179.137: [GC (CMS Initial Mark) [1 CMS-initial-mark: 6333K(6848K)] 9085K(9920K), 0.0030584 secs] [Times: user=0.00 sys=0.00, real=0.01 secs] 
179.140: [CMS-concurrent-mark-start]
179.141: [GC (Allocation Failure) 179.141: [ParNew (promotion failed): 2751K->3022K(3072K), 0.0169712 secs]179.158: [CMS179.161: [CMS-concurrent-mark: 0.004/0.021 secs] [Times: user=0.14 sys=0.00, real=0.02 secs] 
 (concurrent mode failure): 6335K->6333K(6848K), 0.0195517 secs] 9085K->9085K(9920K), [Metaspace: 3748K->3748K(1056768K)], 0.0365933 secs] [Times: user=0.15 sys=0.00, real=0.03 secs] 
179.178: [GC (Allocation Failure) 179.178: [ParNew (promotion failed): 2751K->2997K(3072K), 0.0186541 secs]179.197: [CMS: 6335K->6333K(6848K), 0.0165064 secs] 9085K->9085K(9920K), [Metaspace: 3748K->3748K(1056768K)], 0.0352222 secs] [Times: user=0.15 sys=0.00, real=0.04 secs] 
179.214: [GC (CMS Initial Mark) [1 CMS-initial-mark: 6333K(6848K)] 9085K(9920K), 0.0030501 secs] [Times: user=0.01 sys=0.00, real=0.00 secs] 
179.217: [CMS-concurrent-mark-start]
179.217: [GC (Allocation Failure) 179.217: [ParNew (promotion failed): 2751K->2997K(3072K), 0.0153993 secs]179.232: [CMS179.236: [CMS-concurrent-mark: 0.003/0.019 secs] [Times: user=0.12 sys=0.00, real=0.02 secs] 
 (concurrent mode failure): 6335K->6333K(6848K), 0.0199306 secs] 9085K->9085K(9920K), [Metaspace: 3748K->3748K(1056768K)], 0.0354085 secs] [Times: user=0.13 sys=0.00, real=0.04 secs] 
179.252: [GC (Allocation Failure) 179.252: [ParNew (promotion failed): 2751K->2997K(3072K), 0.0173751 secs]179.270: [CMS: 6335K->6333K(6848K), 0.0165340 secs] 9085K->9085K(9920K), [Metaspace: 3748K->3748K(1056768K)], 0.0339729 secs] [Times: user=0.15 sys=0.00, real=0.03 secs] 
179.287: [GC (CMS Initial Mark) [1 CMS-initial-mark: 6333K(6848K)] 9085K(9920K), 0.0030700 secs] [Times: user=0.01 sys=0.00, real=0.00 secs] 
179.290: [CMS-concurrent-mark-start]
179.290: [GC (Allocation Failure) 179.290: [ParNew (promotion failed): 2751K->3022K(3072K), 0.0166480 secs]179.307: [CMS179.310: [CMS-concurrent-mark: 0.004/0.020 secs] [Times: user=0.13 sys=0.00, real=0.03 secs] 
 (concurrent mode failure): 6335K->6333K(6848K), 0.0200140 secs] 9085K->9085K(9920K), [Metaspace: 3748K->3748K(1056768K)], 0.0367223 secs] [Times: user=0.14 sys=0.00, real=0.03 secs] 
179.327: [GC (Allocation Failure) 179.327: [ParNew (promotion failed): 2751K->2997K(3072K), 0.0147762 secs]179.342: [CMS: 6335K->6333K(6848K), 0.0164565 secs] 9085K->9085K(9920K), [Metaspace: 3748K->3748K(1056768K)], 0.0312950 secs] [Times: user=0.13 sys=0.00, real=0.03 secs] 
179.359: [GC (CMS Initial Mark) [1 CMS-initial-mark: 6333K(6848K)] 9085K(9920K), 0.0030436 secs] [Times: user=0.00 sys=0.00, real=0.01 secs] 
179.362: [CMS-concurrent-mark-start]
179.362: [GC (Allocation Failure) 179.362: [ParNew (promotion failed): 2751K->3071K(3072K), 0.0175922 secs]179.380: [CMS179.383: [CMS-concurrent-mark: 0.004/0.021 secs] [Times: user=0.14 sys=0.00, real=0.02 secs] 
 (concurrent mode failure): 6335K->6333K(6848K), 0.0199952 secs] 9085K->9085K(9920K), [Metaspace: 3748K->3748K(1056768K)], 0.0376497 secs] [Times: user=0.16 sys=0.00, real=0.04 secs] 
179.401: [GC (Allocation Failure) 179.401: [ParNew (promotion failed): 2751K->2997K(3072K), 0.0167411 secs]179.418: [CMS: 6335K->6333K(6848K), 0.0166445 secs] 9085K->9085K(9920K), [Metaspace: 3748K->3748K(1056768K)], 0.0334504 secs] [Times: user=0.14 sys=0.00, real=0.03 secs] 
179.435: [GC (CMS Initial Mark) [1 CMS-initial-mark: 6333K(6848K)] 9085K(9920K), 0.0030642 secs] [Times: user=0.00 sys=0.00, real=0.00 secs] 
179.438: [CMS-concurrent-mark-start]
179.438: [GC (Allocation Failure) 179.438: [ParNew (promotion failed): 2751K->2997K(3072K), 0.0174508 secs]179.456: [CMS179.459: [CMS-concurrent-mark: 0.004/0.021 secs] [Times: user=0.13 sys=0.00, real=0.02 secs] 
 (concurrent mode failure): 6335K->6333K(6848K), 0.0200311 secs] 9085K->9085K(9920K), [Metaspace: 3748K->3748K(1056768K)], 0.0375447 secs] [Times: user=0.15 sys=0.00, real=0.04 secs] 
179.476: [GC (Allocation Failure) 179.476: [ParNew (promotion failed): 2751K->2997K(3072K), 0.0173082 secs]179.493: [CMS: 6335K->6333K(6848K), 0.0167208 secs] 9085K->9085K(9920K), [Metaspace: 3748K->3748K(1056768K)], 0.0340965 secs] [Times: user=0.14 sys=0.00, real=0.04 secs] 
179.510: [GC (CMS Initial Mark) [1 CMS-initial-mark: 6333K(6848K)] 9085K(9920K), 0.0032681 secs] [Times: user=0.00 sys=0.00, real=0.00 secs] 
179.514: [CMS-concurrent-mark-start]
179.514: [GC (Allocation Failure) 179.514: [ParNew (promotion failed): 2751K->3022K(3072K), 0.0170551 secs]179.531: [CMS179.534: [CMS-concurrent-mark: 0.004/0.021 secs] [Times: user=0.11 sys=0.00, real=0.02 secs] 
 (concurrent mode failure): 6335K->6333K(6848K), 0.0200964 secs] 9085K->9085K(9920K), [Metaspace: 3748K->3748K(1056768K)], 0.0372173 secs] [Times: user=0.12 sys=0.00, real=0.04 secs] 
179.552: [GC (Allocation Failure) 179.552: [ParNew (promotion failed): 2751K->2997K(3072K), 0.0139583 secs]179.566: [CMS: 6335K->6333K(6848K), 0.0166293 secs] 9085K->9085K(9920K), [Metaspace: 3748K->3748K(1056768K)], 0.0306605 secs] [Times: user=0.11 sys=0.00, real=0.03 secs] 
179.583: [GC (CMS Initial Mark) [1 CMS-initial-mark: 6333K(6848K)] 9085K(9920K), 0.0030738 secs] [Times: user=0.01 sys=0.00, real=0.00 secs] 
179.586: [CMS-concurrent-mark-start]
179.586: [GC (Allocation Failure) 179.586: [ParNew (promotion failed): 2751K->2997K(3072K), 0.0153087 secs]179.601: [CMS179.605: [CMS-concurrent-mark: 0.003/0.019 secs] [Times: user=0.12 sys=0.00, real=0.02 secs] 
 (concurrent mode failure): 6335K->6333K(6848K), 0.0199144 secs] 9085K->9085K(9920K), [Metaspace: 3748K->3748K(1056768K)], 0.0352841 secs] [Times: user=0.13 sys=0.00, real=0.04 secs] 
179.622: [GC (Allocation Failure) 179.622: [ParNew (promotion failed): 2751K->2997K(3072K), 0.0151780 secs]179.637: [CMS: 6335K->6333K(6848K), 0.0164996 secs] 9085K->9085K(9920K), [Metaspace: 3748K->3748K(1056768K)], 0.0317451 secs] [Times: user=0.12 sys=0.00, real=0.03 secs] 
179.654: [GC (CMS Initial Mark) [1 CMS-initial-mark: 6333K(6848K)] 9085K(9920K), 0.0030735 secs] [Times: user=0.01 sys=0.00, real=0.00 secs] 
179.657: [CMS-concurrent-mark-start]
179.658: [GC (Allocation Failure) 179.658: [ParNew (promotion failed): 2751K->3022K(3072K), 0.0165366 secs]179.674: [CMS179.677: [CMS-concurrent-mark: 0.004/0.020 secs] [Times: user=0.13 sys=0.00, real=0.02 secs] 
 (concurrent mode failure): 6335K->6333K(6848K), 0.0195410 secs] 9085K->9085K(9920K), [Metaspace: 3748K->3748K(1056768K)], 0.0361386 secs] [Times: user=0.15 sys=0.00, real=0.04 secs] 
179.694: [GC (Allocation Failure) 179.694: [ParNew (promotion failed): 2751K->2997K(3072K), 0.0143411 secs]179.709: [CMS: 6335K->6333K(6848K), 0.0165378 secs] 9085K->9085K(9920K), [Metaspace: 3748K->3748K(1056768K)], 0.0309367 secs] [Times: user=0.12 sys=0.00, real=0.03 secs] 
179.726: [GC (CMS Initial Mark) [1 CMS-initial-mark: 6333K(6848K)] 9085K(9920K), 0.0030594 secs] [Times: user=0.00 sys=0.00, real=0.00 secs] 
179.729: [CMS-concurrent-mark-start]
179.729: [GC (Allocation Failure) 179.729: [ParNew (promotion failed): 2751K->2997K(3072K), 0.0221609 secs]179.751: [CMS179.754: [CMS-concurrent-mark: 0.003/0.026 secs] [Times: user=0.17 sys=0.00, real=0.03 secs] 
 (concurrent mode failure): 6335K->6333K(6848K), 0.0198364 secs] 9085K->9085K(9920K), [Metaspace: 3748K->3748K(1056768K)], 0.0420549 secs] [Times: user=0.19 sys=0.00, real=0.05 secs] 
179.771: [GC (Allocation Failure) 179.771: [ParNew (promotion failed): 2751K->3022K(3072K), 0.0177127 secs]179.789: [CMS: 6335K->6333K(6848K), 0.0164630 secs] 9085K->9085K(9920K), [Metaspace: 3748K->3748K(1056768K)], 0.0342467 secs] [Times: user=0.15 sys=0.01, real=0.03 secs] 
179.806: [GC (CMS Initial Mark) [1 CMS-initial-mark: 6333K(6848K)] 9085K(9920K), 0.0030449 secs] [Times: user=0.00 sys=0.00, real=0.00 secs] 
179.809: [CMS-concurrent-mark-start]
179.809: [GC (Allocation Failure) 179.809: [ParNew (promotion failed): 2751K->2997K(3072K), 0.0173021 secs]179.826: [CMS179.830: [CMS-concurrent-mark: 0.004/0.021 secs] [Times: user=0.14 sys=0.00, real=0.02 secs] 
 (concurrent mode failure): 6335K->6333K(6848K), 0.0198919 secs] 9085K->9085K(9920K), [Metaspace: 3748K->3748K(1056768K)], 0.0374263 secs] [Times: user=0.16 sys=0.00, real=0.04 secs] 
179.847: [GC (Allocation Failure) 179.847: [ParNew (promotion failed): 2751K->2972K(3072K), 0.0214017 secs]179.869: [CMS: 6335K->6333K(6848K), 0.0165471 secs] 9085K->9085K(9920K), [Metaspace: 3748K->3748K(1056768K)], 0.0380108 secs] [Times: user=0.17 sys=0.00, real=0.04 secs] 
179.886: [GC (CMS Initial Mark) [1 CMS-initial-mark: 6333K(6848K)] 9085K(9920K), 0.0030404 secs] [Times: user=0.01 sys=0.00, real=0.00 secs] 
179.889: [CMS-concurrent-mark-start]
179.889: [GC (Allocation Failure) 179.889: [ParNew (promotion failed): 2751K->2997K(3072K), 0.0227515 secs]179.912: [CMS179.915: [CMS-concurrent-mark: 0.003/0.026 secs] [Times: user=0.18 sys=0.00, real=0.03 secs] 
 (concurrent mode failure): 6335K->6333K(6848K), 0.0200078 secs] 9085K->9085K(9920K), [Metaspace: 3748K->3748K(1056768K)], 0.0428189 secs] [Times: user=0.19 sys=0.00, real=0.05 secs] 
179.933: [GC (Allocation Failure) 179.933: [ParNew (promotion failed): 2751K->3046K(3072K), 0.0167271 secs]179.949: [CMS: 6335K->6333K(6848K), 0.0166805 secs] 9085K->9085K(9920K), [Metaspace: 3748K->3748K(1056768K)], 0.0334734 secs] [Times: user=0.15 sys=0.00, real=0.03 secs] 
179.967: [GC (CMS Initial Mark) [1 CMS-initial-mark: 6333K(6848K)] 9085K(9920K), 0.0030379 secs] [Times: user=0.00 sys=0.00, real=0.00 secs] 
179.970: [CMS-concurrent-mark-start]
179.970: [GC (Allocation Failure) 179.970: [ParNew (promotion failed): 2751K->2997K(3072K), 0.0223084 secs]179.992: [CMS179.995: [CMS-concurrent-mark: 0.003/0.026 secs] [Times: user=0.18 sys=0.00, real=0.03 secs] 
 (concurrent mode failure): 6335K->6333K(6848K), 0.0198337 secs] 9085K->9085K(9920K), [Metaspace: 3748K->3748K(1056768K)], 0.0422089 secs] [Times: user=0.19 sys=0.00, real=0.04 secs] 
180.012: [GC (Allocation Failure) 180.013: [ParNew (promotion failed): 2751K->3022K(3072K), 0.0150762 secs]180.028: [CMS: 6335K->6333K(6848K), 0.0165312 secs] 9085K->9085K(9920K), [Metaspace: 3748K->3748K(1056768K)], 0.0316733 secs] [Times: user=0.13 sys=0.00, real=0.03 secs] 
180.044: [GC (CMS Initial Mark) [1 CMS-initial-mark: 6333K(6848K)] 9085K(9920K), 0.0030592 secs] [Times: user=0.00 sys=0.00, real=0.00 secs] 
180.047: [CMS-concurrent-mark-start]
180.048: [GC (Allocation Failure) 180.048: [ParNew (promotion failed): 2751K->3022K(3072K), 0.0159549 secs]180.063: [CMS180.067: [CMS-concurrent-mark: 0.004/0.020 secs] [Times: user=0.12 sys=0.00, real=0.02 secs] 
 (concurrent mode failure): 6335K->6333K(6848K), 0.0199552 secs] 9085K->9085K(9920K), [Metaspace: 3748K->3748K(1056768K)], 0.0359669 secs] [Times: user=0.14 sys=0.00, real=0.04 secs] 
180.084: [GC (Allocation Failure) 180.084: [ParNew (promotion failed): 2751K->2997K(3072K), 0.0186433 secs]180.103: [CMS: 6335K->6333K(6848K), 0.0164957 secs] 9085K->9085K(9920K), [Metaspace: 3748K->3748K(1056768K)], 0.0352013 secs] [Times: user=0.16 sys=0.00, real=0.03 secs] 
180.120: [GC (CMS Initial Mark) [1 CMS-initial-mark: 6333K(6848K)] 9085K(9920K), 0.0030950 secs] [Times: user=0.00 sys=0.00, real=0.01 secs] 
180.123: [CMS-concurrent-mark-start]
180.123: [GC (Allocation Failure) 180.123: [ParNew (promotion failed): 2751K->2997K(3072K), 0.0142941 secs]180.137: [CMS180.140: [CMS-concurrent-mark: 0.003/0.018 secs] [Times: user=0.11 sys=0.00, real=0.02 secs] 
 (concurrent mode failure): 6335K->6333K(6848K), 0.0199197 secs] 9085K->9085K(9920K), [Metaspace: 3748K->3748K(1056768K)], 0.0342786 secs] [Times: user=0.13 sys=0.00, real=0.03 secs] 
180.158: [GC (Allocation Failure) 180.158: [ParNew (promotion failed): 2751K->2997K(3072K), 0.0161272 secs]180.174: [CMS: 6335K->6333K(6848K), 0.0164510 secs] 9085K->9085K(9920K), [Metaspace: 3748K->3748K(1056768K)], 0.0326333 secs] [Times: user=0.14 sys=0.00, real=0.04 secs] 
180.191: [GC (CMS Initial Mark) [1 CMS-initial-mark: 6333K(6848K)] 9085K(9920K), 0.0030686 secs] [Times: user=0.00 sys=0.00, real=0.00 secs] 
180.194: [CMS-concurrent-mark-start]
180.195: [GC (Allocation Failure) 180.195: [ParNew (promotion failed): 2751K->3022K(3072K), 0.0257963 secs]180.220: [CMS180.223: [CMS-concurrent-mark: 0.003/0.029 secs] [Times: user=0.21 sys=0.00, real=0.03 secs] 
 (concurrent mode failure): 6335K->6333K(6848K), 0.0194114 secs] 9085K->9085K(9920K), [Metaspace: 3748K->3748K(1056768K)], 0.0452796 secs] [Times: user=0.22 sys=0.00, real=0.04 secs] 
180.240: [GC (Allocation Failure) 180.240: [ParNew (promotion failed): 2751K->3022K(3072K), 0.0261980 secs]180.267: [CMS: 6335K->6333K(6848K), 0.0165303 secs] 9085K->9085K(9920K), [Metaspace: 3748K->3748K(1056768K)], 0.0427990 secs] [Times: user=0.21 sys=0.00, real=0.04 secs] 
180.283: [GC (CMS Initial Mark) [1 CMS-initial-mark: 6333K(6848K)] 9085K(9920K), 0.0030660 secs] [Times: user=0.00 sys=0.00, real=0.00 secs] 
180.287: [CMS-concurrent-mark-start]
180.287: [GC (Allocation Failure) 180.287: [ParNew (promotion failed): 2751K->2997K(3072K), 0.0183436 secs]180.305: [CMS180.308: [CMS-concurrent-mark: 0.003/0.022 secs] [Times: user=0.15 sys=0.00, real=0.02 secs] 
 (concurrent mode failure): 6335K->6333K(6848K), 0.0199655 secs] 9085K->9085K(9920K), [Metaspace: 3748K->3748K(1056768K)], 0.0383670 secs] [Times: user=0.17 sys=0.00, real=0.04 secs] 
180.325: [GC (Allocation Failure) 180.325: [ParNew (promotion failed): 2751K->3022K(3072K), 0.0184730 secs]180.344: [CMS: 6335K->6333K(6848K), 0.0164888 secs] 9085K->9085K(9920K), [Metaspace: 3748K->3748K(1056768K)], 0.0350258 secs] [Times: user=0.15 sys=0.00, real=0.04 secs] 
180.361: [GC (CMS Initial Mark) [1 CMS-initial-mark: 6333K(6848K)] 9085K(9920K), 0.0030518 secs] [Times: user=0.00 sys=0.00, real=0.00 secs] 
180.364: [CMS-concurrent-mark-start]
180.364: [GC (Allocation Failure) 180.364: [ParNew (promotion failed): 2751K->2997K(3072K), 0.0228106 secs]180.387: [CMS180.390: [CMS-concurrent-mark: 0.003/0.026 secs] [Times: user=0.18 sys=0.00, real=0.03 secs] 
 (concurrent mode failure): 6335K->6333K(6848K), 0.0198059 secs] 9085K->9085K(9920K), [Metaspace: 3748K->3748K(1056768K)], 0.0426813 secs] [Times: user=0.20 sys=0.00, real=0.04 secs] 
180.407: [GC (Allocation Failure) 180.407: [ParNew (promotion failed): 2751K->3022K(3072K), 0.0244141 secs]180.431: [CMS: 6335K->6333K(6848K), 0.0164505 secs] 9085K->9085K(9920K), [Metaspace: 3748K->3748K(1056768K)], 0.0409260 secs] [Times: user=0.20 sys=0.00, real=0.04 secs] 
180.449: [GC (CMS Initial Mark) [1 CMS-initial-mark: 6333K(6848K)] 9085K(9920K), 0.0030561 secs] [Times: user=0.00 sys=0.00, real=0.01 secs] 
180.452: [CMS-concurrent-mark-start]
180.452: [GC (Allocation Failure) 180.452: [ParNew (promotion failed): 2751K->2997K(3072K), 0.0239287 secs]180.476: [CMS180.479: [CMS-concurrent-mark: 0.003/0.027 secs] [Times: user=0.19 sys=0.00, real=0.02 secs] 
 (concurrent mode failure): 6335K->6333K(6848K), 0.0199769 secs] 9085K->9085K(9920K), [Metaspace: 3748K->3748K(1056768K)], 0.0439620 secs] [Times: user=0.20 sys=0.00, real=0.04 secs] 
180.497: [GC (Allocation Failure) 180.497: [ParNew (promotion failed): 2751K->2997K(3072K), 0.0173478 secs]180.514: [CMS: 6335K->6333K(6848K), 0.0168105 secs] 9085K->9085K(9920K), [Metaspace: 3748K->3748K(1056768K)], 0.0342222 secs] [Times: user=0.13 sys=0.00, real=0.04 secs] 
180.531: [GC (CMS Initial Mark) [1 CMS-initial-mark: 6333K(6848K)] 9085K(9920K), 0.0030438 secs] [Times: user=0.01 sys=0.00, real=0.00 secs] 
180.534: [CMS-concurrent-mark-start]
180.535: [GC (Allocation Failure) 180.535: [ParNew (promotion failed): 2751K->2997K(3072K), 0.0145423 secs]180.549: [CMS180.553: [CMS-concurrent-mark: 0.003/0.018 secs] [Times: user=0.11 sys=0.01, real=0.02 secs] 
 (concurrent mode failure): 6335K->6333K(6848K), 0.0197798 secs] 9085K->9085K(9920K), [Metaspace: 3748K->3748K(1056768K)], 0.0343864 secs] [Times: user=0.13 sys=0.01, real=0.03 secs] 
180.570: [GC (Allocation Failure) 180.570: [ParNew (promotion failed): 2751K->3022K(3072K), 0.0176290 secs]180.587: [CMS: 6335K->6333K(6848K), 0.0164685 secs] 9085K->9085K(9920K), [Metaspace: 3748K->3748K(1056768K)], 0.0341559 secs] [Times: user=0.14 sys=0.00, real=0.04 secs] 
180.604: [GC (CMS Initial Mark) [1 CMS-initial-mark: 6333K(6848K)] 9085K(9920K), 0.0030566 secs] [Times: user=0.01 sys=0.00, real=0.00 secs] 
180.607: [CMS-concurrent-mark-start]
180.607: [GC (Allocation Failure) 180.607: [ParNew (promotion failed): 2751K->3022K(3072K), 0.0165174 secs]180.624: [CMS180.627: [CMS-concurrent-mark: 0.003/0.020 secs] [Times: user=0.13 sys=0.00, real=0.02 secs] 
 (concurrent mode failure): 6335K->6333K(6848K), 0.0198702 secs] 9085K->9085K(9920K), [Metaspace: 3748K->3748K(1056768K)], 0.0364453 secs] [Times: user=0.14 sys=0.00, real=0.04 secs] 
180.644: [GC (Allocation Failure) 180.644: [ParNew (promotion failed): 2751K->3022K(3072K), 0.0182937 secs]180.662: [CMS: 6335K->6333K(6848K), 0.0165453 secs] 9085K->9085K(9920K), [Metaspace: 3748K->3748K(1056768K)], 0.0349023 secs] [Times: user=0.16 sys=0.00, real=0.03 secs] 
180.679: [GC (CMS Initial Mark) [1 CMS-initial-mark: 6333K(6848K)] 9085K(9920K), 0.0030665 secs] [Times: user=0.00 sys=0.00, real=0.01 secs] 
180.682: [CMS-concurrent-mark-start]
180.682: [GC (Allocation Failure) 180.682: [ParNew (promotion failed): 2751K->2997K(3072K), 0.0224630 secs]180.705: [CMS180.708: [CMS-concurrent-mark: 0.004/0.026 secs] [Times: user=0.18 sys=0.00, real=0.02 secs] 
 (concurrent mode failure): 6335K->6333K(6848K), 0.0200016 secs] 9085K->9085K(9920K), [Metaspace: 3748K->3748K(1056768K)], 0.0425231 secs] [Times: user=0.20 sys=0.00, real=0.04 secs] 
180.726: [GC (Allocation Failure) 180.726: [ParNew (promotion failed): 2751K->2997K(3072K), 0.0185182 secs]180.744: [CMS: 6335K->6333K(6848K), 0.0166695 secs] 9085K->9085K(9920K), [Metaspace: 3748K->3748K(1056768K)], 0.0352474 secs] [Times: user=0.15 sys=0.00, real=0.04 secs] 
180.761: [GC (CMS Initial Mark) [1 CMS-initial-mark: 6333K(6848K)] 9085K(9920K), 0.0030225 secs] [Times: user=0.01 sys=0.00, real=0.00 secs] 
180.764: [CMS-concurrent-mark-start]
180.765: [GC (Allocation Failure) 180.765: [ParNew (promotion failed): 2751K->3022K(3072K), 0.0148900 secs]180.780: [CMS180.783: [CMS-concurrent-mark: 0.003/0.019 secs] [Times: user=0.12 sys=0.00, real=0.02 secs] 
 (concurrent mode failure): 6335K->6333K(6848K), 0.0195563 secs] 9085K->9085K(9920K), [Metaspace: 3748K->3748K(1056768K)], 0.0345184 secs] [Times: user=0.13 sys=0.00, real=0.03 secs] 
180.800: [GC (Allocation Failure) 180.800: [ParNew (promotion failed): 2751K->2997K(3072K), 0.0183551 secs]180.818: [CMS: 6335K->6333K(6848K), 0.0165859 secs] 9085K->9085K(9920K), [Metaspace: 3748K->3748K(1056768K)], 0.0350025 secs] [Times: user=0.16 sys=0.00, real=0.03 secs] 
180.835: [GC (CMS Initial Mark) [1 CMS-initial-mark: 6333K(6848K)] 9085K(9920K), 0.0030478 secs] [Times: user=0.00 sys=0.00, real=0.00 secs] 
180.838: [CMS-concurrent-mark-start]
180.838: [GC (Allocation Failure) 180.838: [ParNew (promotion failed): 2751K->2997K(3072K), 0.0147530 secs]180.853: [CMS180.857: [CMS-concurrent-mark: 0.003/0.018 secs] [Times: user=0.12 sys=0.00, real=0.02 secs] 
 (concurrent mode failure): 6335K->6333K(6848K), 0.0200349 secs] 9085K->9085K(9920K), [Metaspace: 3748K->3748K(1056768K)], 0.0348513 secs] [Times: user=0.13 sys=0.00, real=0.04 secs] 
180.874: [GC (Allocation Failure) 180.874: [ParNew (promotion failed): 2751K->2997K(3072K), 0.0204977 secs]180.894: [CMS: 6335K->6333K(6848K), 0.0164796 secs] 9085K->9085K(9920K), [Metaspace: 3748K->3748K(1056768K)], 0.0370365 secs] [Times: user=0.18 sys=0.00, real=0.04 secs] 
180.911: [GC (CMS Initial Mark) [1 CMS-initial-mark: 6333K(6848K)] 9085K(9920K), 0.0030508 secs] [Times: user=0.00 sys=0.00, real=0.00 secs] 
180.914: [CMS-concurrent-mark-start]
180.914: [GC (Allocation Failure) 180.914: [ParNew (promotion failed): 2751K->3022K(3072K), 0.0160326 secs]180.930: [CMS180.934: [CMS-concurrent-mark: 0.004/0.020 secs] [Times: user=0.12 sys=0.01, real=0.02 secs] 
 (concurrent mode failure): 6335K->6333K(6848K), 0.0198304 secs] 9085K->9085K(9920K), [Metaspace: 3748K->3748K(1056768K)], 0.0359202 secs] [Times: user=0.14 sys=0.01, real=0.04 secs] 
180.951: [GC (Allocation Failure) 180.951: [ParNew (promotion failed): 2751K->2997K(3072K), 0.0150583 secs]180.966: [CMS: 6335K->6333K(6848K), 0.0164556 secs] 9085K->9085K(9920K), [Metaspace: 3748K->3748K(1056768K)], 0.0315674 secs] [Times: user=0.13 sys=0.00, real=0.03 secs] 
180.983: [GC (CMS Initial Mark) [1 CMS-initial-mark: 6333K(6848K)] 9085K(9920K), 0.0030595 secs] [Times: user=0.00 sys=0.00, real=0.00 secs] 
180.986: [CMS-concurrent-mark-start]
180.986: [GC (Allocation Failure) 180.986: [ParNew (promotion failed): 2751K->2997K(3072K), 0.0158743 secs]181.002: [CMS181.005: [CMS-concurrent-mark: 0.003/0.019 secs] [Times: user=0.13 sys=0.00, real=0.02 secs] 
 (concurrent mode failure): 6335K->6333K(6848K), 0.0199836 secs] 9085K->9085K(9920K), [Metaspace: 3748K->3748K(1056768K)], 0.0359158 secs] [Times: user=0.14 sys=0.00, real=0.04 secs] 
181.023: [GC (Allocation Failure) 181.023: [ParNew (promotion failed): 2751K->3022K(3072K), 0.0226529 secs]181.045: [CMS: 6335K->6333K(6848K), 0.0171022 secs] 9085K->9085K(9920K), [Metaspace: 3748K->3748K(1056768K)], 0.0398262 secs] [Times: user=0.17 sys=0.00, real=0.04 secs] 
181.063: [GC (CMS Initial Mark) [1 CMS-initial-mark: 6333K(6848K)] 9085K(9920K), 0.0031335 secs] [Times: user=0.00 sys=0.00, real=0.00 secs] 
181.066: [CMS-concurrent-mark-start]
181.066: [GC (Allocation Failure) 181.066: [ParNew (promotion failed): 2751K->2997K(3072K), 0.0186655 secs]181.085: [CMS181.088: [CMS-concurrent-mark: 0.004/0.022 secs] [Times: user=0.14 sys=0.00, real=0.02 secs] 
 (concurrent mode failure): 6335K->6333K(6848K), 0.0199930 secs] 9085K->9085K(9920K), [Metaspace: 3748K->3748K(1056768K)], 0.0387233 secs] [Times: user=0.15 sys=0.00, real=0.04 secs] 
181.105: [GC (Allocation Failure) 181.105: [ParNew (promotion failed): 2751K->3022K(3072K), 0.0190864 secs]181.125: [CMS: 6335K->6333K(6848K), 0.0166566 secs] 9085K->9085K(9920K), [Metaspace: 3748K->3748K(1056768K)], 0.0358091 secs] [Times: user=0.16 sys=0.00, real=0.04 secs] 
181.141: [GC (CMS Initial Mark) [1 CMS-initial-mark: 6333K(6848K)] 9085K(9920K), 0.0030894 secs] [Times: user=0.00 sys=0.00, real=0.00 secs] 
181.145: [CMS-concurrent-mark-start]
181.145: [GC (Allocation Failure) 181.145: [ParNew (promotion failed): 2751K->2972K(3072K), 0.0212604 secs]181.166: [CMS181.169: [CMS-concurrent-mark: 0.003/0.025 secs] [Times: user=0.15 sys=0.00, real=0.02 secs] 
 (concurrent mode failure): 6335K->6333K(6848K), 0.0201010 secs] 9085K->9085K(9920K), [Metaspace: 3748K->3748K(1056768K)], 0.0414206 secs] [Times: user=0.17 sys=0.00, real=0.04 secs] 
181.187: [GC (Allocation Failure) 181.187: [ParNew (promotion failed): 2751K->3022K(3072K), 0.0185750 secs]181.205: [CMS: 6335K->6333K(6848K), 0.0167732 secs] 9085K->9085K(9920K), [Metaspace: 3748K->3748K(1056768K)], 0.0354307 secs] [Times: user=0.15 sys=0.01, real=0.04 secs] 
181.222: [GC (CMS Initial Mark) [1 CMS-initial-mark: 6333K(6848K)] 9085K(9920K), 0.0030832 secs] [Times: user=0.00 sys=0.00, real=0.00 secs] 
181.226: [CMS-concurrent-mark-start]
181.226: [GC (Allocation Failure) 181.226: [ParNew (promotion failed): 2751K->2997K(3072K), 0.0203693 secs]181.246: [CMS181.250: [CMS-concurrent-mark: 0.004/0.024 secs] [Times: user=0.15 sys=0.00, real=0.02 secs] 
 (concurrent mode failure): 6335K->6333K(6848K), 0.0201265 secs] 9085K->9085K(9920K), [Metaspace: 3748K->3748K(1056768K)], 0.0405633 secs] [Times: user=0.16 sys=0.00, real=0.04 secs] 
181.267: [GC (Allocation Failure) 181.267: [ParNew (promotion failed): 2751K->3022K(3072K), 0.0242046 secs]181.291: [CMS: 6335K->6333K(6848K), 0.0165587 secs] 9085K->9085K(9920K), [Metaspace: 3748K->3748K(1056768K)], 0.0408364 secs] [Times: user=0.20 sys=0.00, real=0.04 secs] 
181.308: [GC (CMS Initial Mark) [1 CMS-initial-mark: 6333K(6848K)] 9085K(9920K), 0.0030566 secs] [Times: user=0.00 sys=0.00, real=0.01 secs] 
181.311: [CMS-concurrent-mark-start]
181.312: [GC (Allocation Failure) 181.312: [ParNew (promotion failed): 2751K->2997K(3072K), 0.0213015 secs]181.333: [CMS181.336: [CMS-concurrent-mark: 0.004/0.025 secs] [Times: user=0.16 sys=0.00, real=0.02 secs] 
 (concurrent mode failure): 6335K->6333K(6848K), 0.0198221 secs] 9085K->9085K(9920K), [Metaspace: 3748K->3748K(1056768K)], 0.0411923 secs] [Times: user=0.18 sys=0.00, real=0.04 secs] 
181.354: [GC (Allocation Failure) 181.354: [ParNew (promotion failed): 2751K->3022K(3072K), 0.0202184 secs]181.374: [CMS: 6335K->6333K(6848K), 0.0169012 secs] 9085K->9085K(9920K), [Metaspace: 3748K->3748K(1056768K)], 0.0371913 secs] [Times: user=0.16 sys=0.00, real=0.04 secs] 
181.391: [GC (CMS Initial Mark) [1 CMS-initial-mark: 6333K(6848K)] 9085K(9920K), 0.0030903 secs] [Times: user=0.00 sys=0.00, real=0.00 secs] 
181.394: [CMS-concurrent-mark-start]
181.394: [GC (Allocation Failure) 181.394: [ParNew (promotion failed): 2751K->3046K(3072K), 0.0155380 secs]181.410: [CMS181.413: [CMS-concurrent-mark: 0.003/0.019 secs] [Times: user=0.12 sys=0.00, real=0.02 secs] 
 (concurrent mode failure): 6335K->6333K(6848K), 0.0200782 secs] 9085K->9085K(9920K), [Metaspace: 3748K->3748K(1056768K)], 0.0356917 secs] [Times: user=0.14 sys=0.00, real=0.04 secs] 
181.430: [GC (Allocation Failure) 181.430: [ParNew (promotion failed): 2751K->2997K(3072K), 0.0174137 secs]181.448: [CMS: 6335K->6333K(6848K), 0.0165625 secs] 9085K->9085K(9920K), [Metaspace: 3748K->3748K(1056768K)], 0.0340416 secs] [Times: user=0.14 sys=0.01, real=0.03 secs] 
181.465: [GC (CMS Initial Mark) [1 CMS-initial-mark: 6333K(6848K)] 9085K(9920K), 0.0030968 secs] [Times: user=0.00 sys=0.00, real=0.00 secs] 
181.468: [CMS-concurrent-mark-start]
181.468: [GC (Allocation Failure) 181.468: [ParNew (promotion failed): 2751K->2997K(3072K), 0.0146124 secs]181.483: [CMS181.486: [CMS-concurrent-mark: 0.004/0.018 secs] [Times: user=0.12 sys=0.00, real=0.02 secs] 
 (concurrent mode failure): 6335K->6333K(6848K), 0.0203622 secs] 9085K->9085K(9920K), [Metaspace: 3748K->3748K(1056768K)], 0.0350434 secs] [Times: user=0.14 sys=0.00, real=0.04 secs] 
181.504: [GC (Allocation Failure) 181.504: [ParNew (promotion failed): 2751K->3022K(3072K), 0.0103672 secs]181.514: [CMS: 6335K->6333K(6848K), 0.0188820 secs] 9085K->9085K(9920K), [Metaspace: 3748K->3748K(1056768K)], 0.0293323 secs] [Times: user=0.07 sys=0.00, real=0.03 secs] 
181.534: [GC (CMS Initial Mark) [1 CMS-initial-mark: 6333K(6848K)] 9085K(9920K), 0.0033796 secs] [Times: user=0.00 sys=0.00, real=0.00 secs] 
181.537: [CMS-concurrent-mark-start]
181.537: [GC (Allocation Failure) 181.537: [ParNew (promotion failed): 2751K->2972K(3072K), 0.0192688 secs]181.556: [CMS181.560: [CMS-concurrent-mark: 0.004/0.023 secs] [Times: user=0.12 sys=0.00, real=0.03 secs] 
 (concurrent mode failure): 6335K->6333K(6848K), 0.0218607 secs] 9085K->9085K(9920K), [Metaspace: 3748K->3748K(1056768K)], 0.0412284 secs] [Times: user=0.13 sys=0.00, real=0.04 secs] 
181.579: [GC (Allocation Failure) 181.579: [ParNew (promotion failed): 2751K->3022K(3072K), 0.0227172 secs]181.602: [CMS: 6335K->6333K(6848K), 0.0169308 secs] 9085K->9085K(9920K), [Metaspace: 3748K->3748K(1056768K)], 0.0397271 secs] [Times: user=0.18 sys=0.00, real=0.04 secs] 
181.619: [GC (CMS Initial Mark) [1 CMS-initial-mark: 6333K(6848K)] 9085K(9920K), 0.0030930 secs] [Times: user=0.00 sys=0.00, real=0.01 secs] 
181.622: [CMS-concurrent-mark-start]
181.623: [GC (Allocation Failure) 181.623: [ParNew (promotion failed): 2751K->3022K(3072K), 0.0158548 secs]181.639: [CMS181.642: [CMS-concurrent-mark: 0.004/0.020 secs] [Times: user=0.12 sys=0.00, real=0.02 secs] 
 (concurrent mode failure): 6335K->6333K(6848K), 0.0206065 secs] 9085K->9085K(9920K), [Metaspace: 3748K->3748K(1056768K)], 0.0365485 secs] [Times: user=0.13 sys=0.00, real=0.03 secs] 
181.660: [GC (Allocation Failure) 181.660: [ParNew (promotion failed): 2751K->3022K(3072K), 0.0147980 secs]181.675: [CMS: 6335K->6333K(6848K), 0.0168097 secs] 9085K->9085K(9920K), [Metaspace: 3748K->3748K(1056768K)], 0.0316812 secs] [Times: user=0.12 sys=0.01, real=0.04 secs] 
181.692: [GC (CMS Initial Mark) [1 CMS-initial-mark: 6333K(6848K)] 9085K(9920K), 0.0031010 secs] [Times: user=0.00 sys=0.00, real=0.00 secs] 
181.695: [CMS-concurrent-mark-start]
181.695: [GC (Allocation Failure) 181.695: [ParNew (promotion failed): 2751K->3022K(3072K), 0.0206616 secs]181.716: [CMS181.719: [CMS-concurrent-mark: 0.003/0.024 secs] [Times: user=0.16 sys=0.00, real=0.02 secs] 
 (concurrent mode failure): 6335K->6333K(6848K), 0.0201583 secs] 9085K->9085K(9920K), [Metaspace: 3748K->3748K(1056768K)], 0.0408979 secs] [Times: user=0.18 sys=0.00, real=0.04 secs] 
181.736: [GC (Allocation Failure) 181.736: [ParNew (promotion failed): 2751K->3046K(3072K), 0.0216478 secs]181.758: [CMS: 6335K->6333K(6848K), 0.0166759 secs] 9085K->9085K(9920K), [Metaspace: 3748K->3748K(1056768K)], 0.0383937 secs] [Times: user=0.17 sys=0.00, real=0.04 secs] 
181.775: [GC (CMS Initial Mark) [1 CMS-initial-mark: 6333K(6848K)] 9085K(9920K), 0.0030847 secs] [Times: user=0.00 sys=0.00, real=0.00 secs] 
181.778: [CMS-concurrent-mark-start]
181.778: [GC (Allocation Failure) 181.778: [ParNew (promotion failed): 2751K->2997K(3072K), 0.0202735 secs]181.799: [CMS181.802: [CMS-concurrent-mark: 0.004/0.024 secs] [Times: user=0.15 sys=0.00, real=0.03 secs] 
 (concurrent mode failure): 6335K->6333K(6848K), 0.0202442 secs] 9085K->9085K(9920K), [Metaspace: 3748K->3748K(1056768K)], 0.0406070 secs] [Times: user=0.17 sys=0.00, real=0.04 secs] 
181.820: [GC (Allocation Failure) 181.820: [ParNew (promotion failed): 2751K->2997K(3072K), 0.0169467 secs]181.837: [CMS: 6335K->6333K(6848K), 0.0168705 secs] 9085K->9085K(9920K), [Metaspace: 3748K->3748K(1056768K)], 0.0338875 secs] [Times: user=0.13 sys=0.00, real=0.04 secs] 
181.854: [GC (CMS Initial Mark) [1 CMS-initial-mark: 6333K(6848K)] 9085K(9920K), 0.0030902 secs] [Times: user=0.01 sys=0.00, real=0.00 secs] 
181.857: [CMS-concurrent-mark-start]
181.858: [GC (Allocation Failure) 181.858: [ParNew (promotion failed): 2751K->2997K(3072K), 0.0165841 secs]181.874: [CMS181.877: [CMS-concurrent-mark: 0.004/0.020 secs] [Times: user=0.12 sys=0.00, real=0.02 secs] 
 (concurrent mode failure): 6335K->6333K(6848K), 0.0197656 secs] 9085K->9085K(9920K), [Metaspace: 3748K->3748K(1056768K)], 0.0364180 secs] [Times: user=0.13 sys=0.00, real=0.04 secs] 
181.895: [GC (Allocation Failure) 181.895: [ParNew (promotion failed): 2751K->2997K(3072K), 0.0152109 secs]181.910: [CMS: 6335K->6333K(6848K), 0.0167673 secs] 9085K->9085K(9920K), [Metaspace: 3748K->3748K(1056768K)], 0.0320405 secs] [Times: user=0.12 sys=0.00, real=0.03 secs] 
181.927: [GC (CMS Initial Mark) [1 CMS-initial-mark: 6333K(6848K)] 9085K(9920K), 0.0030998 secs] [Times: user=0.00 sys=0.00, real=0.01 secs] 
181.930: [CMS-concurrent-mark-start]
181.930: [GC (Allocation Failure) 181.930: [ParNew (promotion failed): 2751K->3022K(3072K), 0.0147140 secs]181.945: [CMS181.948: [CMS-concurrent-mark: 0.003/0.018 secs] [Times: user=0.11 sys=0.00, real=0.01 secs] 
 (concurrent mode failure): 6335K->6333K(6848K), 0.0200859 secs] 9085K->9085K(9920K), [Metaspace: 3748K->3748K(1056768K)], 0.0348640 secs] [Times: user=0.12 sys=0.00, real=0.03 secs] 
181.965: [GC (Allocation Failure) 181.965: [ParNew (promotion failed): 2751K->2997K(3072K), 0.0176163 secs]181.983: [CMS: 6335K->6333K(6848K), 0.0166806 secs] 9085K->9085K(9920K), [Metaspace: 3748K->3748K(1056768K)], 0.0343912 secs] [Times: user=0.14 sys=0.00, real=0.03 secs] 
182.000: [GC (CMS Initial Mark) [1 CMS-initial-mark: 6333K(6848K)] 9085K(9920K), 0.0031651 secs] [Times: user=0.00 sys=0.00, real=0.00 secs] 
182.003: [CMS-concurrent-mark-start]
182.003: [GC (Allocation Failure) 182.003: [ParNew (promotion failed): 2751K->2997K(3072K), 0.0202099 secs]182.024: [CMS182.027: [CMS-concurrent-mark: 0.004/0.024 secs] [Times: user=0.14 sys=0.00, real=0.02 secs] 
 (concurrent mode failure): 6335K->6333K(6848K), 0.0205348 secs] 9085K->9085K(9920K), [Metaspace: 3748K->3748K(1056768K)], 0.0408264 secs] [Times: user=0.15 sys=0.00, real=0.04 secs] 
182.045: [GC (Allocation Failure) 182.045: [ParNew (promotion failed): 2751K->3022K(3072K), 0.0160321 secs]182.061: [CMS: 6335K->6333K(6848K), 0.0169628 secs] 9085K->9085K(9920K), [Metaspace: 3748K->3748K(1056768K)], 0.0330647 secs] [Times: user=0.13 sys=0.00, real=0.03 secs] 
182.079: [GC (CMS Initial Mark) [1 CMS-initial-mark: 6333K(6848K)] 9085K(9920K), 0.0031168 secs] [Times: user=0.01 sys=0.00, real=0.01 secs] 
182.082: [CMS-concurrent-mark-start]
182.082: [GC (Allocation Failure) 182.082: [ParNew (promotion failed): 2751K->3022K(3072K), 0.0167973 secs]182.099: [CMS182.102: [CMS-concurrent-mark: 0.003/0.020 secs] [Times: user=0.12 sys=0.00, real=0.02 secs] 
 (concurrent mode failure): 6335K->6333K(6848K), 0.0201722 secs] 9085K->9085K(9920K), [Metaspace: 3748K->3748K(1056768K)], 0.0370585 secs] [Times: user=0.14 sys=0.00, real=0.03 secs] 
182.120: [GC (Allocation Failure) 182.120: [ParNew (promotion failed): 2751K->2997K(3072K), 0.0216984 secs]182.141: [CMS: 6335K->6333K(6848K), 0.0169474 secs] 9085K->9085K(9920K), [Metaspace: 3748K->3748K(1056768K)], 0.0387352 secs] [Times: user=0.17 sys=0.00, real=0.04 secs] 
182.159: [GC (CMS Initial Mark) [1 CMS-initial-mark: 6333K(6848K)] 9085K(9920K), 0.0031221 secs] [Times: user=0.00 sys=0.00, real=0.01 secs] 
182.162: [CMS-concurrent-mark-start]
182.162: [GC (Allocation Failure) 182.162: [ParNew (promotion failed): 2751K->3022K(3072K), 0.0221229 secs]182.185: [CMS182.188: [CMS-concurrent-mark: 0.004/0.026 secs] [Times: user=0.17 sys=0.01, real=0.02 secs] 
 (concurrent mode failure): 6335K->6333K(6848K), 0.0200665 secs] 9085K->9085K(9920K), [Metaspace: 3748K->3748K(1056768K)], 0.0422617 secs] [Times: user=0.18 sys=0.01, real=0.04 secs] 
182.205: [GC (Allocation Failure) 182.205: [ParNew (promotion failed): 2751K->3046K(3072K), 0.0146848 secs]182.220: [CMS: 6335K->6333K(6848K), 0.0166959 secs] 9085K->9085K(9920K), [Metaspace: 3748K->3748K(1056768K)], 0.0314524 secs] [Times: user=0.12 sys=0.00, real=0.03 secs] 
182.237: [GC (CMS Initial Mark) [1 CMS-initial-mark: 6333K(6848K)] 9085K(9920K), 0.0030731 secs] [Times: user=0.00 sys=0.00, real=0.00 secs] 
182.240: [CMS-concurrent-mark-start]
182.240: [GC (Allocation Failure) 182.240: [ParNew (promotion failed): 2751K->2997K(3072K), 0.0214072 secs]182.261: [CMS182.265: [CMS-concurrent-mark: 0.003/0.025 secs] [Times: user=0.16 sys=0.00, real=0.03 secs] 
 (concurrent mode failure): 6335K->6333K(6848K), 0.0201623 secs] 9085K->9085K(9920K), [Metaspace: 3748K->3748K(1056768K)], 0.0416342 secs] [Times: user=0.17 sys=0.00, real=0.05 secs] 
182.282: [GC (Allocation Failure) 182.282: [ParNew (promotion failed): 2751K->3022K(3072K), 0.0201309 secs]182.302: [CMS: 6335K->6333K(6848K), 0.0167989 secs] 9085K->9085K(9920K), [Metaspace: 3748K->3748K(1056768K)], 0.0370071 secs] [Times: user=0.16 sys=0.00, real=0.03 secs] 
182.319: [GC (CMS Initial Mark) [1 CMS-initial-mark: 6333K(6848K)] 9085K(9920K), 0.0030819 secs] [Times: user=0.01 sys=0.00, real=0.01 secs] 
182.322: [CMS-concurrent-mark-start]
182.322: [GC (Allocation Failure) 182.323: [ParNew (promotion failed): 2751K->2997K(3072K), 0.0152723 secs]182.338: [CMS182.341: [CMS-concurrent-mark: 0.003/0.019 secs] [Times: user=0.10 sys=0.00, real=0.02 secs] 
 (concurrent mode failure): 6335K->6333K(6848K), 0.0202002 secs] 9085K->9085K(9920K), [Metaspace: 3748K->3748K(1056768K)], 0.0355619 secs] [Times: user=0.12 sys=0.00, real=0.03 secs] 
182.359: [GC (Allocation Failure) 182.359: [ParNew (promotion failed): 2751K->2997K(3072K), 0.0174562 secs]182.376: [CMS: 6335K->6333K(6848K), 0.0166156 secs] 9085K->9085K(9920K), [Metaspace: 3748K->3748K(1056768K)], 0.0341315 secs] [Times: user=0.14 sys=0.00, real=0.04 secs] 
182.393: [GC (CMS Initial Mark) [1 CMS-initial-mark: 6333K(6848K)] 9085K(9920K), 0.0030704 secs] [Times: user=0.00 sys=0.00, real=0.00 secs] 
182.396: [CMS-concurrent-mark-start]
182.397: [GC (Allocation Failure) 182.397: [ParNew (promotion failed): 2751K->3071K(3072K), 0.0149511 secs]182.412: [CMS182.415: [CMS-concurrent-mark: 0.004/0.019 secs] [Times: user=0.11 sys=0.01, real=0.02 secs] 
 (concurrent mode failure): 6335K->6333K(6848K), 0.0198099 secs] 9085K->9085K(9920K), [Metaspace: 3748K->3748K(1056768K)], 0.0348321 secs] [Times: user=0.13 sys=0.01, real=0.04 secs] 
182.433: [GC (Allocation Failure) 182.433: [ParNew (promotion failed): 2751K->2997K(3072K), 0.0218152 secs]182.454: [CMS: 6335K->6333K(6848K), 0.0168526 secs] 9085K->9085K(9920K), [Metaspace: 3748K->3748K(1056768K)], 0.0387452 secs] [Times: user=0.17 sys=0.00, real=0.04 secs] 
182.472: [GC (CMS Initial Mark) [1 CMS-initial-mark: 6333K(6848K)] 9085K(9920K), 0.0031117 secs] [Times: user=0.00 sys=0.00, real=0.00 secs] 
182.475: [CMS-concurrent-mark-start]
182.475: [GC (Allocation Failure) 182.475: [ParNew (promotion failed): 2751K->2997K(3072K), 0.0203147 secs]182.495: [CMS182.499: [CMS-concurrent-mark: 0.004/0.024 secs] [Times: user=0.15 sys=0.00, real=0.02 secs] 
